# Monitor started: 2026-05-23T18:39:46.120263
# Port: /dev/ttyACM1, Baud: 921600, Timeout: 35.000s after WCAN_TEST_START

# UART boot config: wcan v=1 role=idle transport=MULTICAST test_duration_ms=30000 host_wait_time_ms=5000
[2026-05-23 18:39:46.121] ESP-ROM:esp32c3-api1-20210207
[2026-05-23 18:39:46.122] Build:Feb  7 2021
[2026-05-23 18:39:46.126] rst:0x15 (USB_UART_CHIP_RESET),boot:0xd (SPI_FAST_FLASH_BOOT)
[2026-05-23 18:39:46.127] Saved PC:0x40384eba
[2026-05-23 18:39:46.129] SPIWP:0xee
[2026-05-23 18:39:46.130] mode:DIO, clock div:1
[2026-05-23 18:39:46.133] load:0x3fcd5820,len:0x1574
[2026-05-23 18:39:46.133] load:0x403cc710,len:0xc30
[2026-05-23 18:39:46.134] load:0x403ce710,len:0x2fa0
[2026-05-23 18:39:46.135] entry 0x403cc71a
[2026-05-23 18:39:46.141] I (24) boot: ESP-IDF v5.4.1 2nd stage bootloader
[2026-05-23 18:39:46.145] I (24) boot: compile time May 19 2026 23:41:33
[2026-05-23 18:39:46.148] I (25) boot: chip revision: v0.4
[2026-05-23 18:39:46.153] I (25) boot: efuse block revision: v1.3
[2026-05-23 18:39:46.155] I (25) boot.esp32c3: SPI Speed      : 80MHz
[2026-05-23 18:39:46.156] I (25) boot.esp32c3: SPI Mode       : DIO
[2026-05-23 18:39:46.157] I (26) boot.esp32c3: SPI Flash Size : 2MB
[2026-05-23 18:39:46.160] I (26) boot: Enabling RNG early entropy source...
[2026-05-23 18:39:46.161] I (27) boot: Partition Table:
[2026-05-23 18:39:46.170] I (27) boot: ## Label            Usage          Type ST Offset   Length
[2026-05-23 18:39:46.178] I (28) boot:  0 nvs              WiFi data        01 02 00009000 00006000
[2026-05-23 18:39:46.185] I (29) boot:  1 phy_init         RF data          01 01 0000f000 00001000
[2026-05-23 18:39:46.189] I (29) boot:  2 factory          factory app      00 00 00010000 00100000
[2026-05-23 18:39:46.191] I (30) boot: End of partition table
[2026-05-23 18:39:46.196] I (31) esp_image: segment 0: paddr=00010020 vaddr=3c0a0020 size=19850h (104528) map
[2026-05-23 18:39:46.203] I (48) esp_image: segment 1: paddr=00029878 vaddr=3fc95000 size=02da0h ( 11680) load
[2026-05-23 18:39:46.208] I (51) esp_image: segment 2: paddr=0002c620 vaddr=40380000 size=039f8h ( 14840) load
[2026-05-23 18:39:46.211] I (54) esp_image: segment 3: paddr=00030020 vaddr=42000020 size=990b4h (626868) map
[2026-05-23 18:39:46.214] I (154) esp_image: segment 4: paddr=000c90dc vaddr=403839f8 size=114f8h ( 70904) load
[2026-05-23 18:39:46.217] I (168) esp_image: segment 5: paddr=000da5dc vaddr=50000200 size=0001ch (    28) load
[2026-05-23 18:39:46.220] I (174) boot: Loaded app from partition at offset 0x10000
[2026-05-23 18:39:46.223] I (175) boot: Disabling RNG early entropy source...
[2026-05-23 18:39:46.225] I (176) cpu_start: Unicore app
[2026-05-23 18:39:46.227] I (185) cpu_start: Pro cpu start user code
[2026-05-23 18:39:46.228] I (185) cpu_start: cpu freq: 160000000 Hz
[2026-05-23 18:39:46.230] I (185) app_init: Application information:
[2026-05-23 18:39:46.232] I (185) app_init: Project name:     sensor_acquirer
[2026-05-23 18:39:46.236] I (185) app_init: App version:      v1.0-171-gbbe0783
[2026-05-23 18:39:46.238] I (186) app_init: Compile time:     May 23 2026 14:30:40
[2026-05-23 18:39:46.238] I (186) app_init: ELF file SHA256:  0e7d705e7...
[2026-05-23 18:39:46.239] I (187) app_init: ESP-IDF:          v5.4.1
[2026-05-23 18:39:46.240] I (187) efuse_init: Min chip rev:     v0.3
[2026-05-23 18:39:46.243] I (188) efuse_init: Max chip rev:     v1.99
[2026-05-23 18:39:46.244] I (188) efuse_init: Chip rev:         v0.4
[2026-05-23 18:39:46.245] I (189) heap_init: Initializing. RAM available for dynamic allocation:
[2026-05-23 18:39:46.249] I (190) heap_init: At 3FC9C130 len 00023ED0 (143 KiB): RAM
[2026-05-23 18:39:46.257] I (190) heap_init: At 3FCC0000 len 0001C710 (113 KiB): Retention RAM
[2026-05-23 18:39:46.260] I (191) heap_init: At 3FCDC710 len 00002950 (10 KiB): Retention RAM
[2026-05-23 18:39:46.263] I (192) heap_init: At 5000021C len 00001DCC (7 KiB): RTCRAM
[2026-05-23 18:39:46.267] I (193) spi_flash: detected chip: generic
[2026-05-23 18:39:46.270] I (193) spi_flash: flash io: dio
[2026-05-23 18:39:46.275] W (194) spi_flash: Detected size(4096k) larger than the size in the binary image header(2048k). Using the size in the binary image header.
[2026-05-23 18:39:46.279] I (195) sleep_gpio: Configure to isolate all GPIO pins in sleep state
[2026-05-23 18:39:46.284] I (196) sleep_gpio: Enable automatic switching of GPIO sleep configuration
[2026-05-23 18:39:46.284] I (197) main_task: Started on CPU0
[2026-05-23 18:39:46.286] I (197) main_task: Calling app_main()
[2026-05-23 18:39:46.286] WCAN_CFG_WAIT v=1
# UART boot config sent: wcan v=1 role=idle transport=MULTICAST test_duration_ms=30000 host_wait_time_ms=5000
[2026-05-23 18:39:46.287] WCAN_CFG_WAIT v=1
[2026-05-23 18:39:47.978] WCAN_CFG_ACK
[2026-05-23 18:39:47.978] WCAN_CFG_ACK
[2026-05-23 18:39:47.978] WCAN_TEST_READY role=idle
# Waiting for phased test start
# UART test start sent: WCAN_TEST_START at 2026-05-23T18:39:48.797298
[2026-05-23 18:39:49.098] WCAN_TEST_END role=idle

# Monitor stopped: 2026-05-23T18:39:49.098569
