# Monitor started: 2026-05-23T18:31:48.768776
# Port: /dev/ttyACM1, Baud: 921600, Timeout: 35.000s after WCAN_TEST_START

# UART boot config: wcan v=1 role=sensor transport=BROADCAST test_duration_ms=30000 host_wait_time_ms=5000 base=0xe0 count=1 hz=750 linger=100
[2026-05-23 18:31:48.778] ESP-ROM:esp32c3-api1-20210207
[2026-05-23 18:31:48.785] Build:Feb  7 2021
[2026-05-23 18:31:48.810] rst:0x15 (USB_UART_CHIP_RESET),boot:0xd (SPI_FAST_FLASH_BOOT)
[2026-05-23 18:31:48.824] Saved PC:0x40384eba
[2026-05-23 18:31:48.826] SPIWP:0xee
[2026-05-23 18:31:48.833] mode:DIO, clock div:1
[2026-05-23 18:31:48.834] load:0x3fcd5820,len:0x1574
[2026-05-23 18:31:48.836] load:0x403cc710,len:0xc30
[2026-05-23 18:31:48.842] load:0x403ce710,len:0x2fa0
[2026-05-23 18:31:48.844] entry 0x403cc71a
[2026-05-23 18:31:48.848] I (24) boot: ESP-IDF v5.4.1 2nd stage bootloader
[2026-05-23 18:31:48.850] I (24) boot: compile time May 20 2026 00:05:32
[2026-05-23 18:31:48.854] I (25) boot: chip revision: v0.4
[2026-05-23 18:31:48.859] I (25) boot: efuse block revision: v1.3
[2026-05-23 18:31:48.871] I (25) boot.esp32c3: SPI Speed      : 80MHz
[2026-05-23 18:31:48.876] I (25) boot.esp32c3: SPI Mode       : DIO
[2026-05-23 18:31:48.878] I (26) boot.esp32c3: SPI Flash Size : 2MB
[2026-05-23 18:31:48.880] I (26) boot: Enabling RNG early entropy source...
[2026-05-23 18:31:48.885] I (27) boot: Partition Table:
[2026-05-23 18:31:48.897] I (27) boot: ## Label            Usage          Type ST Offset   Length
[2026-05-23 18:31:48.899] I (28) boot:  0 nvs              WiFi data        01 02 00009000 00006000
[2026-05-23 18:31:48.904] I (29) boot:  1 phy_init         RF data          01 01 0000f000 00001000
[2026-05-23 18:31:48.908] I (29) boot:  2 factory          factory app      00 00 00010000 00100000
[2026-05-23 18:31:48.910] I (30) boot: End of partition table
[2026-05-23 18:31:48.914] I (31) esp_image: segment 0: paddr=00010020 vaddr=3c0a0020 size=1977ch (104316) map
[2026-05-23 18:31:48.923] I (48) esp_image: segment 1: paddr=000297a4 vaddr=3fc95200 size=02da0h ( 11680) load
[2026-05-23 18:31:48.925] I (51) esp_image: segment 2: paddr=0002c54c vaddr=40380000 size=03acch ( 15052) load
[2026-05-23 18:31:48.930] I (54) esp_image: segment 3: paddr=00030020 vaddr=42000020 size=9942ch (627756) map
[2026-05-23 18:31:48.938] I (154) esp_image: segment 4: paddr=000c9454 vaddr=40383acc size=11614h ( 71188) load
[2026-05-23 18:31:48.941] I (168) esp_image: segment 5: paddr=000daa70 vaddr=50000200 size=0001ch (    28) load
[2026-05-23 18:31:48.942] I (175) boot: Loaded app from partition at offset 0x10000
[2026-05-23 18:31:48.943] I (175) boot: Disabling RNG early entropy source...
[2026-05-23 18:31:48.944] I (176) cpu_start: Unicore app
[2026-05-23 18:31:48.944] I (185) cpu_start: Pro cpu start user code
[2026-05-23 18:31:48.947] I (185) cpu_start: cpu freq: 160000000 Hz
[2026-05-23 18:31:48.949] I (185) app_init: Application information:
[2026-05-23 18:31:48.950] I (185) app_init: Project name:     sensor_acquirer
[2026-05-23 18:31:48.953] I (185) app_init: App version:      v1.0-171-gbbe0783
[2026-05-23 18:31:48.956] I (186) app_init: Compile time:     May 23 2026 14:30:31
[2026-05-23 18:31:48.959] I (187) app_init: ELF file SHA256:  493679023...
[2026-05-23 18:31:48.961] I (187) app_init: ESP-IDF:          v5.4.1
[2026-05-23 18:31:48.962] I (188) efuse_init: Min chip rev:     v0.3
[2026-05-23 18:31:48.963] I (188) efuse_init: Max chip rev:     v1.99
[2026-05-23 18:31:48.964] I (189) efuse_init: Chip rev:         v0.4
[2026-05-23 18:31:48.965] I (189) heap_init: Initializing. RAM available for dynamic allocation:
[2026-05-23 18:31:48.966] I (190) heap_init: At 3FC9C340 len 00023CC0 (143 KiB): RAM
[2026-05-23 18:31:48.966] I (190) heap_init: At 3FCC0000 len 0001C710 (113 KiB): Retention RAM
[2026-05-23 18:31:48.967] I (191) heap_init: At 3FCDC710 len 00002950 (10 KiB): Retention RAM
[2026-05-23 18:31:48.967] I (192) heap_init: At 5000021C len 00001DCC (7 KiB): RTCRAM
[2026-05-23 18:31:48.967] I (194) spi_flash: detected chip: generic
[2026-05-23 18:31:48.967] I (194) spi_flash: flash io: dio
[2026-05-23 18:31:48.968] W (194) spi_flash: Detected size(4096k) larger than the size in the binary image header(2048k). Using the size in the binary image header.
[2026-05-23 18:31:48.968] I (196) sleep_gpio: Configure to isolate all GPIO pins in sleep state
[2026-05-23 18:31:48.969] I (196) sleep_gpio: Enable automatic switching of GPIO sleep configuration
[2026-05-23 18:31:48.969] I (197) main_task: Started on CPU0
[2026-05-23 18:31:48.969] I (197) main_task: Calling app_main()
[2026-05-23 18:31:48.969] WCAN_CFG_WAIT v=1
# UART boot config sent: wcan v=1 role=sensor transport=BROADCAST test_duration_ms=30000 host_wait_time_ms=5000 base=0xe0 count=1 hz=750 linger=100
[2026-05-23 18:31:48.970] WCAN_CFG_WAIT v=1
[2026-05-23 18:31:51.428] WCAN_CFG_ACK
[2026-05-23 18:31:51.429] WCAN_CFG_ACK
[2026-05-23 18:31:51.437] I (2862) pp: pp rom version: 9387209
[2026-05-23 18:31:51.442] I (2863) net80211: net80211 rom version: 9387209
[2026-05-23 18:31:51.446] I (2864) wifi:wifi driver task: 3fca7720, prio:23, stack:6656, core=0
[2026-05-23 18:31:51.447] I (2868) wifi:wifi firmware version: 79fa3f41ba
[2026-05-23 18:31:51.449] I (2868) wifi:wifi certification version: v7.0
[2026-05-23 18:31:51.450] I (2868) wifi:config NVS flash: enabled
[2026-05-23 18:31:51.450] I (2868) wifi:config nano formatting: disabled
[2026-05-23 18:31:51.450] I (2869) wifi:Init data frame dynamic rx buffer num: 32
[2026-05-23 18:31:51.451] I (2869) wifi:Init static rx mgmt buffer num: 5
[2026-05-23 18:31:51.451] I (2870) wifi:Init management short buffer num: 32
[2026-05-23 18:31:51.452] I (2870) wifi:Init dynamic tx buffer num: 32
[2026-05-23 18:31:51.452] I (2871) wifi:Init static tx FG buffer num: 2
[2026-05-23 18:31:51.452] I (2871) wifi:Init static rx buffer size: 1600
[2026-05-23 18:31:51.453] I (2872) wifi:Init static rx buffer num: 10
[2026-05-23 18:31:51.453] I (2872) wifi:Init dynamic rx buffer num: 32
[2026-05-23 18:31:51.453] I (2873) wifi_init: rx ba win: 6
[2026-05-23 18:31:51.454] I (2874) wifi_init: accept mbox: 6
[2026-05-23 18:31:51.454] I (2874) wifi_init: tcpip mbox: 32
[2026-05-23 18:31:51.454] I (2874) wifi_init: udp mbox: 6
[2026-05-23 18:31:51.454] I (2874) wifi_init: tcp mbox: 6
[2026-05-23 18:31:51.455] I (2875) wifi_init: tcp tx win: 5760
[2026-05-23 18:31:51.455] I (2875) wifi_init: tcp rx win: 5760
[2026-05-23 18:31:51.455] I (2876) wifi_init: tcp mss: 1440
[2026-05-23 18:31:51.455] I (2876) wifi_init: WiFi IRAM OP enabled
[2026-05-23 18:31:51.456] I (2876) wifi_init: WiFi RX IRAM OP enabled
[2026-05-23 18:31:51.456] I (2877) phy_init: phy_version 1200,2b7123f9,Feb 18 2025,15:22:21
[2026-05-23 18:31:51.482] I (2912) wifi:mode : sta (74:4d:bd:e1:d5:b8)
[2026-05-23 18:31:51.482] I (2913) wifi:enable tsf
[2026-05-23 18:31:51.485] I (2915) ESPNOW: espnow [version: 2.0] init
[2026-05-23 18:31:51.486] WCAN_TEST_READY role=sensor
# Waiting for phased test start
# UART test start sent: WCAN_TEST_START at 2026-05-23T18:31:51.497342
[2026-05-23 18:31:52.365] P(FAIL):3599:e0:1:76:151:76
[2026-05-23 18:31:53.202] P(FAIL):4435:e0:9:684:759:76
[2026-05-23 18:31:57.414] P(FAIL):8647:e0:51:3876:3951:76
[2026-05-23 18:31:58.123] P(FAIL):9356:e0:58:4408:4483:76
[2026-05-23 18:32:03.894] P(FAIL):15127:e0:115:8740:8815:76
[2026-05-23 18:32:09.659] P(FAIL):20892:e0:172:13072:13147:76
[2026-05-23 18:32:11.106] P(FAIL):22339:e0:186:14136:14211:76
[2026-05-23 18:32:15.508] P(FAIL):26741:e0:229:17404:17479:76
[2026-05-23 18:32:18.276] P(FAIL):29509:e0:257:19532:19607:76
[2026-05-23 18:32:18.796] P(FAIL):30029:e0:262:19912:19987:76
[2026-05-23 18:32:21.843] P(FAIL):33073:e0:292:22192:22267:76
[2026-05-23 18:32:22.639] P(FAIL):33873:e0:293:22268:22343:76
[2026-05-23 18:32:22.809] WCAN_BATCH id=0xe0 count=297 avg_hz=9.87 avg_points=75.77 min_points=9 max_points=76 avg_interval_ms=101.31 min_interval_ms=101.25 max_interval_ms=101.34 avg_dispatch_ms=3.71 max_dispatch_ms=8.11 dispatched_count=328 avg_queue_wait_ms=32.84 max_queue_wait_ms=299.10
[2026-05-23 18:32:22.809] WCAN_SENSOR_END generated=22504 avg_hz=750.19
[2026-05-23 18:32:22.812] WCAN_MEASURES elapsed_ms=29999 heap_start_free=126780 heap_end_free=141568 heap_start_min_free=126720 heap_end_min_free=126116 heap_start_largest=98304 heap_end_largest=98304 airtime_us_total=1212532 packets_sent_total=328 sensor_send_failures_total=0
[2026-05-23 18:32:22.813] WCAN_TEST_END role=sensor

# Monitor stopped: 2026-05-23T18:32:22.813116
