# Monitor started: 2026-05-23T18:18:16.094458
# Port: /dev/ttyACM1, Baud: 921600, Timeout: 35.000s after WCAN_TEST_START

# UART boot config: wcan v=1 role=sensor transport=BROADCAST test_duration_ms=30000 host_wait_time_ms=5000 base=0xe0 count=1 hz=1000 linger=100
[2026-05-23 18:18:16.097] ESP-ROM:esp32c3-api1-20210207
[2026-05-23 18:18:16.102] Build:Feb  7 2021
[2026-05-23 18:18:16.130] rst:0x15 (USB_UART_CHIP_RESET),boot:0xd (SPI_FAST_FLASH_BOOT)
[2026-05-23 18:18:16.138] Saved PC:0x40384eba
[2026-05-23 18:18:16.143] SPIWP:0xee
[2026-05-23 18:18:16.149] mode:DIO, clock div:1
[2026-05-23 18:18:16.155] load:0x3fcd5820,len:0x1574
[2026-05-23 18:18:16.162] load:0x403cc710,len:0xc30
[2026-05-23 18:18:16.164] load:0x403ce710,len:0x2fa0
[2026-05-23 18:18:16.166] entry 0x403cc71a
[2026-05-23 18:18:16.169] I (24) boot: ESP-IDF v5.4.1 2nd stage bootloader
[2026-05-23 18:18:16.175] I (24) boot: compile time May 20 2026 00:05:32
[2026-05-23 18:18:16.176] I (25) boot: chip revision: v0.4
[2026-05-23 18:18:16.180] I (25) boot: efuse block revision: v1.3
[2026-05-23 18:18:16.188] I (25) boot.esp32c3: SPI Speed      : 80MHz
[2026-05-23 18:18:16.197] I (25) boot.esp32c3: SPI Mode       : DIO
[2026-05-23 18:18:16.200] I (26) boot.esp32c3: SPI Flash Size : 2MB
[2026-05-23 18:18:16.202] I (26) boot: Enabling RNG early entropy source...
[2026-05-23 18:18:16.203] I (27) boot: Partition Table:
[2026-05-23 18:18:16.205] I (27) boot: ## Label            Usage          Type ST Offset   Length
[2026-05-23 18:18:16.207] I (28) boot:  0 nvs              WiFi data        01 02 00009000 00006000
[2026-05-23 18:18:16.208] I (29) boot:  1 phy_init         RF data          01 01 0000f000 00001000
[2026-05-23 18:18:16.212] I (29) boot:  2 factory          factory app      00 00 00010000 00100000
[2026-05-23 18:18:16.213] I (30) boot: End of partition table
[2026-05-23 18:18:16.216] I (31) esp_image: segment 0: paddr=00010020 vaddr=3c0a0020 size=1977ch (104316) map
[2026-05-23 18:18:16.219] I (48) esp_image: segment 1: paddr=000297a4 vaddr=3fc95200 size=02da0h ( 11680) load
[2026-05-23 18:18:16.230] I (51) esp_image: segment 2: paddr=0002c54c vaddr=40380000 size=03acch ( 15052) load
[2026-05-23 18:18:16.234] I (54) esp_image: segment 3: paddr=00030020 vaddr=42000020 size=9942ch (627756) map
[2026-05-23 18:18:16.236] I (154) esp_image: segment 4: paddr=000c9454 vaddr=40383acc size=11614h ( 71188) load
[2026-05-23 18:18:16.238] I (168) esp_image: segment 5: paddr=000daa70 vaddr=50000200 size=0001ch (    28) load
[2026-05-23 18:18:16.242] I (175) boot: Loaded app from partition at offset 0x10000
[2026-05-23 18:18:16.243] I (175) boot: Disabling RNG early entropy source...
[2026-05-23 18:18:16.244] I (176) cpu_start: Unicore app
[2026-05-23 18:18:16.250] I (185) cpu_start: Pro cpu start user code
[2026-05-23 18:18:16.251] I (185) cpu_start: cpu freq: 160000000 Hz
[2026-05-23 18:18:16.252] I (185) app_init: Application information:
[2026-05-23 18:18:16.254] I (185) app_init: Project name:     sensor_acquirer
[2026-05-23 18:18:16.256] I (185) app_init: App version:      v1.0-171-gbbe0783
[2026-05-23 18:18:16.258] I (186) app_init: Compile time:     May 23 2026 14:30:31
[2026-05-23 18:18:16.259] I (187) app_init: ELF file SHA256:  493679023...
[2026-05-23 18:18:16.264] I (187) app_init: ESP-IDF:          v5.4.1
[2026-05-23 18:18:16.267] I (188) efuse_init: Min chip rev:     v0.3
[2026-05-23 18:18:16.271] I (188) efuse_init: Max chip rev:     v1.99
[2026-05-23 18:18:16.273] I (189) efuse_init: Chip rev:         v0.4
[2026-05-23 18:18:16.275] I (189) heap_init: Initializing. RAM available for dynamic allocation:
[2026-05-23 18:18:16.281] I (190) heap_init: At 3FC9C340 len 00023CC0 (143 KiB): RAM
[2026-05-23 18:18:16.292] I (190) heap_init: At 3FCC0000 len 0001C710 (113 KiB): Retention RAM
[2026-05-23 18:18:16.295] I (191) heap_init: At 3FCDC710 len 00002950 (10 KiB): Retention RAM
[2026-05-23 18:18:16.297] I (192) heap_init: At 5000021C len 00001DCC (7 KiB): RTCRAM
[2026-05-23 18:18:16.299] I (194) spi_flash: detected chip: generic
[2026-05-23 18:18:16.300] I (194) spi_flash: flash io: dio
[2026-05-23 18:18:16.304] W (194) spi_flash: Detected size(4096k) larger than the size in the binary image header(2048k). Using the size in the binary image header.
[2026-05-23 18:18:16.312] I (196) sleep_gpio: Configure to isolate all GPIO pins in sleep state
[2026-05-23 18:18:16.319] I (196) sleep_gpio: Enable automatic switching of GPIO sleep configuration
[2026-05-23 18:18:16.324] I (197) main_task: Started on CPU0
[2026-05-23 18:18:16.334] I (197) main_task: Calling app_main()
[2026-05-23 18:18:16.335] WCAN_CFG_WAIT v=1
# UART boot config sent: wcan v=1 role=sensor transport=BROADCAST test_duration_ms=30000 host_wait_time_ms=5000 base=0xe0 count=1 hz=1000 linger=100
[2026-05-23 18:18:16.336] WCAN_CFG_WAIT v=1
[2026-05-23 18:18:18.813] WCAN_CFG_ACK
[2026-05-23 18:18:18.814] WCAN_CFG_ACK
[2026-05-23 18:18:18.817] I (2922) pp: pp rom version: 9387209
[2026-05-23 18:18:18.819] I (2922) net80211: net80211 rom version: 9387209
[2026-05-23 18:18:18.821] I (2924) wifi:wifi driver task: 3fca7720, prio:23, stack:6656, core=0
[2026-05-23 18:18:18.824] I (2928) wifi:wifi firmware version: 79fa3f41ba
[2026-05-23 18:18:18.825] I (2928) wifi:wifi certification version: v7.0
[2026-05-23 18:18:18.826] I (2928) wifi:config NVS flash: enabled
[2026-05-23 18:18:18.827] I (2928) wifi:config nano formatting: disabled
[2026-05-23 18:18:18.828] I (2929) wifi:Init data frame dynamic rx buffer num: 32
[2026-05-23 18:18:18.830] I (2929) wifi:Init static rx mgmt buffer num: 5
[2026-05-23 18:18:18.831] I (2930) wifi:Init management short buffer num: 32
[2026-05-23 18:18:18.833] I (2930) wifi:Init dynamic tx buffer num: 32
[2026-05-23 18:18:18.834] I (2931) wifi:Init static tx FG buffer num: 2
[2026-05-23 18:18:18.835] I (2932) wifi:Init static rx buffer size: 1600
[2026-05-23 18:18:18.836] I (2932) wifi:Init static rx buffer num: 10
[2026-05-23 18:18:18.838] I (2932) wifi:Init dynamic rx buffer num: 32
[2026-05-23 18:18:18.839] I (2934) wifi_init: rx ba win: 6
[2026-05-23 18:18:18.840] I (2934) wifi_init: accept mbox: 6
[2026-05-23 18:18:18.841] I (2934) wifi_init: tcpip mbox: 32
[2026-05-23 18:18:18.842] I (2934) wifi_init: udp mbox: 6
[2026-05-23 18:18:18.843] I (2934) wifi_init: tcp mbox: 6
[2026-05-23 18:18:18.844] I (2935) wifi_init: tcp tx win: 5760
[2026-05-23 18:18:18.845] I (2935) wifi_init: tcp rx win: 5760
[2026-05-23 18:18:18.846] I (2936) wifi_init: tcp mss: 1440
[2026-05-23 18:18:18.847] I (2936) wifi_init: WiFi IRAM OP enabled
[2026-05-23 18:18:18.848] I (2936) wifi_init: WiFi RX IRAM OP enabled
[2026-05-23 18:18:18.850] I (2937) phy_init: phy_version 1200,2b7123f9,Feb 18 2025,15:22:21
[2026-05-23 18:18:18.870] I (2974) wifi:mode : sta (74:4d:bd:e1:d5:b8)
[2026-05-23 18:18:18.871] I (2975) wifi:enable tsf
[2026-05-23 18:18:18.876] I (2978) ESPNOW: espnow [version: 2.0] init
[2026-05-23 18:18:18.881] WCAN_TEST_READY role=sensor
# Waiting for phased test start
# UART test start sent: WCAN_TEST_START at 2026-05-23T18:18:18.893804
[2026-05-23 18:18:49.180] P(FAIL):33087:e0:293:29593:29693:101
[2026-05-23 18:18:49.905] P(FAIL):33811:e0:294:29694:29794:101
[2026-05-23 18:18:50.199] WCAN_BATCH id=0xe0 count=298 avg_hz=9.90 avg_points=100.67 min_points=2 max_points=101 avg_interval_ms=101.00 min_interval_ms=100.90 max_interval_ms=101.10 avg_dispatch_ms=4.72 max_dispatch_ms=11.42 dispatched_count=298 avg_queue_wait_ms=2.41 max_queue_wait_ms=235.74
[2026-05-23 18:18:50.200] WCAN_SENSOR_END generated=29998 avg_hz=1000.00
[2026-05-23 18:18:50.204] WCAN_MEASURES elapsed_ms=29999 heap_start_free=126780 heap_end_free=141568 heap_start_min_free=124628 heap_end_min_free=123952 heap_start_largest=98304 heap_end_largest=98304 airtime_us_total=1404104 packets_sent_total=298 sensor_send_failures_total=0
[2026-05-23 18:18:50.205] WCAN_TEST_END role=sensor

# Monitor stopped: 2026-05-23T18:18:50.205489
