# Monitor started: 2026-05-23T15:07:17.232887
# Port: /dev/ttyACM1, Baud: 921600, Timeout: 35.000s after WCAN_TEST_START

# UART boot config: wcan v=1 role=sensor transport=BROADCAST test_duration_ms=30000 host_wait_time_ms=5000 base=0xe0 count=1 hz=200 linger=100
[2026-05-23 15:07:17.238] ESP-ROM:esp32c3-api1-20210207
[2026-05-23 15:07:17.243] Build:Feb  7 2021
[2026-05-23 15:07:17.262] rst:0x15 (USB_UART_CHIP_RESET),boot:0xd (SPI_FAST_FLASH_BOOT)
[2026-05-23 15:07:17.267] Saved PC:0x40384eba
[2026-05-23 15:07:17.275] SPIWP:0xee
[2026-05-23 15:07:17.282] mode:DIO, clock div:1
[2026-05-23 15:07:17.288] load:0x3fcd5820,len:0x1574
[2026-05-23 15:07:17.291] load:0x403cc710,len:0xc30
[2026-05-23 15:07:17.303] load:0x403ce710,len:0x2fa0
[2026-05-23 15:07:17.311] entry 0x403cc71a
[2026-05-23 15:07:17.328] I (24) boot: ESP-IDF v5.4.1 2nd stage bootloader
[2026-05-23 15:07:17.332] I (24) boot: compile time May 20 2026 00:05:32
[2026-05-23 15:07:17.337] I (25) boot: chip revision: v0.4
[2026-05-23 15:07:17.339] I (25) boot: efuse block revision: v1.3
[2026-05-23 15:07:17.340] I (25) boot.esp32c3: SPI Speed      : 80MHz
[2026-05-23 15:07:17.345] I (25) boot.esp32c3: SPI Mode       : DIO
[2026-05-23 15:07:17.346] I (26) boot.esp32c3: SPI Flash Size : 2MB
[2026-05-23 15:07:17.350] I (26) boot: Enabling RNG early entropy source...
[2026-05-23 15:07:17.351] I (27) boot: Partition Table:
[2026-05-23 15:07:17.357] I (27) boot: ## Label            Usage          Type ST Offset   Length
[2026-05-23 15:07:17.361] I (28) boot:  0 nvs              WiFi data        01 02 00009000 00006000
[2026-05-23 15:07:17.366] I (29) boot:  1 phy_init         RF data          01 01 0000f000 00001000
[2026-05-23 15:07:17.369] I (29) boot:  2 factory          factory app      00 00 00010000 00100000
[2026-05-23 15:07:17.370] I (30) boot: End of partition table
[2026-05-23 15:07:17.375] I (31) esp_image: segment 0: paddr=00010020 vaddr=3c0a0020 size=1977ch (104316) map
[2026-05-23 15:07:17.376] I (48) esp_image: segment 1: paddr=000297a4 vaddr=3fc95200 size=02da0h ( 11680) load
[2026-05-23 15:07:17.379] I (51) esp_image: segment 2: paddr=0002c54c vaddr=40380000 size=03acch ( 15052) load
[2026-05-23 15:07:17.381] I (54) esp_image: segment 3: paddr=00030020 vaddr=42000020 size=9942ch (627756) map
[2026-05-23 15:07:17.385] I (154) esp_image: segment 4: paddr=000c9454 vaddr=40383acc size=11614h ( 71188) load
[2026-05-23 15:07:17.390] I (168) esp_image: segment 5: paddr=000daa70 vaddr=50000200 size=0001ch (    28) load
[2026-05-23 15:07:17.391] I (175) boot: Loaded app from partition at offset 0x10000
[2026-05-23 15:07:17.400] I (175) boot: Disabling RNG early entropy source...
[2026-05-23 15:07:17.401] I (176) cpu_start: Unicore app
[2026-05-23 15:07:17.404] I (185) cpu_start: Pro cpu start user code
[2026-05-23 15:07:17.409] I (185) cpu_start: cpu freq: 160000000 Hz
[2026-05-23 15:07:17.412] I (185) app_init: Application information:
[2026-05-23 15:07:17.416] I (185) app_init: Project name:     sensor_acquirer
[2026-05-23 15:07:17.418] I (185) app_init: App version:      v1.0-171-gbbe0783
[2026-05-23 15:07:17.419] I (186) app_init: Compile time:     May 23 2026 14:30:31
[2026-05-23 15:07:17.420] I (187) app_init: ELF file SHA256:  493679023...
[2026-05-23 15:07:17.420] I (187) app_init: ESP-IDF:          v5.4.1
[2026-05-23 15:07:17.421] I (188) efuse_init: Min chip rev:     v0.3
[2026-05-23 15:07:17.422] I (188) efuse_init: Max chip rev:     v1.99
[2026-05-23 15:07:17.423] I (189) efuse_init: Chip rev:         v0.4
[2026-05-23 15:07:17.424] I (189) heap_init: Initializing. RAM available for dynamic allocation:
[2026-05-23 15:07:17.425] I (190) heap_init: At 3FC9C340 len 00023CC0 (143 KiB): RAM
[2026-05-23 15:07:17.426] I (191) heap_init: At 3FCC0000 len 0001C710 (113 KiB): Retention RAM
[2026-05-23 15:07:17.427] I (191) heap_init: At 3FCDC710 len 00002950 (10 KiB): Retention RAM
[2026-05-23 15:07:17.428] I (192) heap_init: At 5000021C len 00001DCC (7 KiB): RTCRAM
[2026-05-23 15:07:17.428] I (194) spi_flash: detected chip: generic
[2026-05-23 15:07:17.429] I (194) spi_flash: flash io: dio
[2026-05-23 15:07:17.431] W (194) spi_flash: Detected size(4096k) larger than the size in the binary image header(2048k). Using the size in the binary image header.
[2026-05-23 15:07:17.433] I (196) sleep_gpio: Configure to isolate all GPIO pins in sleep state
[2026-05-23 15:07:17.434] I (196) sleep_gpio: Enable automatic switching of GPIO sleep configuration
[2026-05-23 15:07:17.434] I (197) main_task: Started on CPU0
[2026-05-23 15:07:17.435] I (197) main_task: Calling app_main()
[2026-05-23 15:07:17.435] WCAN_CFG_WAIT v=1
# UART boot config sent: wcan v=1 role=sensor transport=BROADCAST test_duration_ms=30000 host_wait_time_ms=5000 base=0xe0 count=1 hz=200 linger=100
[2026-05-23 15:07:17.435] WCAN_CFG_WAIT v=1
[2026-05-23 15:07:19.891] WCAN_CFG_ACK
[2026-05-23 15:07:19.892] WCAN_CFG_ACK
[2026-05-23 15:07:19.900] I (2862) pp: pp rom version: 9387209
[2026-05-23 15:07:19.907] I (2863) net80211: net80211 rom version: 9387209
[2026-05-23 15:07:19.916] I (2864) wifi:wifi driver task: 3fca7720, prio:23, stack:6656, core=0
[2026-05-23 15:07:19.922] I (2868) wifi:wifi firmware version: 79fa3f41ba
[2026-05-23 15:07:19.926] I (2868) wifi:wifi certification version: v7.0
[2026-05-23 15:07:19.928] I (2868) wifi:config NVS flash: enabled
[2026-05-23 15:07:19.931] I (2868) wifi:config nano formatting: disabled
[2026-05-23 15:07:19.934] I (2869) wifi:Init data frame dynamic rx buffer num: 32
[2026-05-23 15:07:19.936] I (2869) wifi:Init static rx mgmt buffer num: 5
[2026-05-23 15:07:19.938] I (2870) wifi:Init management short buffer num: 32
[2026-05-23 15:07:19.940] I (2870) wifi:Init dynamic tx buffer num: 32
[2026-05-23 15:07:19.942] I (2871) wifi:Init static tx FG buffer num: 2
[2026-05-23 15:07:19.943] I (2871) wifi:Init static rx buffer size: 1600
[2026-05-23 15:07:19.945] I (2872) wifi:Init static rx buffer num: 10
[2026-05-23 15:07:19.946] I (2872) wifi:Init dynamic rx buffer num: 32
[2026-05-23 15:07:19.947] I (2873) wifi_init: rx ba win: 6
[2026-05-23 15:07:19.948] I (2874) wifi_init: accept mbox: 6
[2026-05-23 15:07:19.949] I (2874) wifi_init: tcpip mbox: 32
[2026-05-23 15:07:19.950] I (2874) wifi_init: udp mbox: 6
[2026-05-23 15:07:19.952] I (2874) wifi_init: tcp mbox: 6
[2026-05-23 15:07:19.953] I (2875) wifi_init: tcp tx win: 5760
[2026-05-23 15:07:19.954] I (2875) wifi_init: tcp rx win: 5760
[2026-05-23 15:07:19.955] I (2876) wifi_init: tcp mss: 1440
[2026-05-23 15:07:19.956] I (2876) wifi_init: WiFi IRAM OP enabled
[2026-05-23 15:07:19.958] I (2876) wifi_init: WiFi RX IRAM OP enabled
[2026-05-23 15:07:19.960] I (2877) phy_init: phy_version 1200,2b7123f9,Feb 18 2025,15:22:21
[2026-05-23 15:07:19.961] I (2912) wifi:mode : sta (74:4d:bd:e1:d5:b8)
[2026-05-23 15:07:19.962] I (2912) wifi:enable tsf
[2026-05-23 15:07:19.963] I (2915) ESPNOW: espnow [version: 2.0] init
[2026-05-23 15:07:19.963] WCAN_TEST_READY role=sensor
# Waiting for phased test start
# UART test start sent: WCAN_TEST_START at 2026-05-23T15:07:19.974789
[2026-05-23 15:07:20.775] P(FAIL):3545:e0:0:0:20:21
[2026-05-23 15:07:21.098] P(FAIL):3868:e0:4:84:104:21
[2026-05-23 15:07:21.467] P(FAIL):4236:e0:7:147:167:21
[2026-05-23 15:07:21.908] P(FAIL):4678:e0:11:231:251:21
[2026-05-23 15:07:22.376] P(FAIL):5146:e0:15:315:335:21
[2026-05-23 15:07:22.851] P(FAIL):5621:e0:20:420:440:21
[2026-05-23 15:07:23.278] P(FAIL):6048:e0:24:504:524:21
[2026-05-23 15:07:23.749] P(FAIL):6519:e0:28:588:608:21
[2026-05-23 15:07:24.159] P(FAIL):6929:e0:31:651:671:21
[2026-05-23 15:07:24.402] P(FAIL):7172:e0:32:672:692:21
[2026-05-23 15:07:24.941] P(FAIL):7711:e0:40:840:860:21
[2026-05-23 15:07:25.391] P(FAIL):8161:e0:44:924:944:21
[2026-05-23 15:07:25.776] P(FAIL):8546:e0:48:1008:1028:21
[2026-05-23 15:07:26.193] P(FAIL):8963:e0:52:1092:1112:21
[2026-05-23 15:07:26.661] P(FAIL):9431:e0:56:1176:1196:21
[2026-05-23 15:07:26.976] P(FAIL):9745:e0:60:1260:1280:21
[2026-05-23 15:07:27.333] P(FAIL):10103:e0:63:1323:1343:21
[2026-05-23 15:07:27.759] P(FAIL):10529:e0:67:1407:1427:21
[2026-05-23 15:07:28.180] P(FAIL):10949:e0:71:1491:1511:21
[2026-05-23 15:07:28.719] P(FAIL):11489:e0:76:1596:1616:21
[2026-05-23 15:07:29.101] P(FAIL):11870:e0:80:1680:1700:21
[2026-05-23 15:07:29.560] P(FAIL):12330:e0:84:1764:1784:21
[2026-05-23 15:07:29.928] P(FAIL):12697:e0:88:1848:1868:21
[2026-05-23 15:07:30.430] P(FAIL):13199:e0:92:1932:1952:21
[2026-05-23 15:07:30.789] P(FAIL):13559:e0:96:2016:2036:21
[2026-05-23 15:07:31.296] P(FAIL):14065:e0:100:2100:2120:21
[2026-05-23 15:07:31.701] P(FAIL):14471:e0:102:2142:2162:21
[2026-05-23 15:07:32.116] P(FAIL):14886:e0:109:2289:2309:21
[2026-05-23 15:07:32.552] P(FAIL):15321:e0:112:2352:2372:21
[2026-05-23 15:07:32.921] P(FAIL):15690:e0:115:2415:2435:21
[2026-05-23 15:07:33.297] P(FAIL):16067:e0:120:2520:2540:21
[2026-05-23 15:07:33.735] P(FAIL):16505:e0:124:2604:2624:21
[2026-05-23 15:07:34.242] P(FAIL):17011:e0:129:2709:2729:21
[2026-05-23 15:07:34.668] P(FAIL):17437:e0:133:2793:2813:21
[2026-05-23 15:07:35.136] P(FAIL):17906:e0:137:2877:2897:21
[2026-05-23 15:07:35.566] P(FAIL):18335:e0:141:2961:2981:21
[2026-05-23 15:07:35.927] P(FAIL):18696:e0:145:3045:3065:21
[2026-05-23 15:07:36.276] P(FAIL):19046:e0:149:3129:3149:21
[2026-05-23 15:07:36.662] P(FAIL):19432:e0:152:3192:3212:21
[2026-05-23 15:07:37.082] P(FAIL):19852:e0:156:3276:3296:21
[2026-05-23 15:07:37.428] P(FAIL):20198:e0:158:3318:3338:21
[2026-05-23 15:07:37.769] P(FAIL):20539:e0:161:3381:3401:21
[2026-05-23 15:07:38.108] P(FAIL):20877:e0:166:3486:3506:21
[2026-05-23 15:07:38.540] P(FAIL):21309:e0:170:3570:3590:21
[2026-05-23 15:07:39.322] P(FAIL):22091:e0:177:3717:3737:21
[2026-05-23 15:07:39.728] P(FAIL):22497:e0:181:3801:3821:21
[2026-05-23 15:07:40.202] P(FAIL):22972:e0:185:3885:3905:21
[2026-05-23 15:07:40.559] P(FAIL):23328:e0:189:3969:3989:21
[2026-05-23 15:07:40.838] P(FAIL):23607:e0:190:3990:4010:21
[2026-05-23 15:07:41.213] P(FAIL):23982:e0:195:4095:4115:21
[2026-05-23 15:07:41.577] P(FAIL):24346:e0:199:4179:4199:21
[2026-05-23 15:07:41.975] P(FAIL):24744:e0:202:4242:4262:21
[2026-05-23 15:07:42.287] P(FAIL):25056:e0:206:4326:4346:21
[2026-05-23 15:07:42.606] P(FAIL):25375:e0:209:4389:4409:21
[2026-05-23 15:07:42.956] P(FAIL):25725:e0:212:4452:4472:21
[2026-05-23 15:07:43.378] P(FAIL):26147:e0:216:4536:4556:21
[2026-05-23 15:07:43.802] P(FAIL):26572:e0:220:4620:4640:21
[2026-05-23 15:07:44.393] P(FAIL):27162:e0:225:4725:4745:21
[2026-05-23 15:07:44.791] P(FAIL):27560:e0:229:4809:4829:21
[2026-05-23 15:07:45.134] P(FAIL):27903:e0:233:4893:4913:21
[2026-05-23 15:07:45.579] P(FAIL):28348:e0:236:4956:4976:21
[2026-05-23 15:07:45.925] P(FAIL):28694:e0:238:4998:5018:21
[2026-05-23 15:07:46.353] P(FAIL):29122:e0:244:5124:5144:21
[2026-05-23 15:07:46.767] P(FAIL):29536:e0:249:5229:5249:21
[2026-05-23 15:07:47.135] P(FAIL):29904:e0:252:5292:5312:21
[2026-05-23 15:07:47.489] P(FAIL):30258:e0:255:5355:5375:21
[2026-05-23 15:07:47.865] P(FAIL):30635:e0:256:5376:5396:21
[2026-05-23 15:07:48.278] P(FAIL):31047:e0:262:5502:5522:21
[2026-05-23 15:07:48.615] P(FAIL):31384:e0:266:5586:5606:21
[2026-05-23 15:07:49.025] P(FAIL):31794:e0:270:5670:5690:21
[2026-05-23 15:07:49.464] P(FAIL):32233:e0:274:5754:5774:21
[2026-05-23 15:07:49.831] P(FAIL):32600:e0:276:5796:5816:21
[2026-05-23 15:07:50.285] P(FAIL):33054:e0:282:5922:5942:21
[2026-05-23 15:07:51.084] P(FAIL):33854:e0:283:5943:5963:21
[2026-05-23 15:07:51.291] WCAN_BATCH id=0xe0 count=286 avg_hz=9.52 avg_points=20.98 min_points=14 max_points=21 avg_interval_ms=105.00 min_interval_ms=104.86 max_interval_ms=105.16 avg_dispatch_ms=2.07 max_dispatch_ms=5.12 dispatched_count=510 avg_queue_wait_ms=157.80 max_queue_wait_ms=601.79
[2026-05-23 15:07:51.291] WCAN_SENSOR_END generated=5998 avg_hz=199.97
[2026-05-23 15:07:51.295] WCAN_MEASURES elapsed_ms=29999 heap_start_free=126780 heap_end_free=141412 heap_start_min_free=126680 heap_end_min_free=126340 heap_start_largest=98304 heap_end_largest=98304 airtime_us_total=1051484 packets_sent_total=510 sensor_send_failures_total=0
[2026-05-23 15:07:51.295] WCAN_TEST_END role=sensor

# Monitor stopped: 2026-05-23T15:07:51.295687
