# Monitor started: 2026-05-23T16:48:24.667310
# Port: /dev/ttyACM0, Baud: 921600, Timeout: 35.000s after WCAN_TEST_START

# UART boot config: wcan v=1 role=sensor transport=BROADCAST test_duration_ms=30000 host_wait_time_ms=5000 base=0xd0 count=1 hz=10 linger=0
[2026-05-23 16:48:24.668] ESP-ROM:esp32c3-api1-20210207
[2026-05-23 16:48:24.676] Build:Feb  7 2021
[2026-05-23 16:48:24.698] rst:0x15 (USB_UART_CHIP_RESET),boot:0xd (SPI_FAST_FLASH_BOOT)
[2026-05-23 16:48:24.705] Saved PC:0x40384eba
[2026-05-23 16:48:24.708] SPIWP:0xee
[2026-05-23 16:48:24.712] mode:DIO, clock div:1
[2026-05-23 16:48:24.720] load:0x3fcd5820,len:0x1574
[2026-05-23 16:48:24.727] load:0x403cc710,len:0xc30
[2026-05-23 16:48:24.733] load:0x403ce710,len:0x2fa0
[2026-05-23 16:48:24.735] entry 0x403cc71a
[2026-05-23 16:48:24.739] I (24) boot: ESP-IDF v5.4.1 2nd stage bootloader
[2026-05-23 16:48:24.742] I (24) boot: compile time May 20 2026 00:05:32
[2026-05-23 16:48:24.745] I (25) boot: chip revision: v0.4
[2026-05-23 16:48:24.748] I (25) boot: efuse block revision: v1.3
[2026-05-23 16:48:24.756] I (25) boot.esp32c3: SPI Speed      : 80MHz
[2026-05-23 16:48:24.759] I (25) boot.esp32c3: SPI Mode       : DIO
[2026-05-23 16:48:24.763] I (26) boot.esp32c3: SPI Flash Size : 2MB
[2026-05-23 16:48:24.765] I (26) boot: Enabling RNG early entropy source...
[2026-05-23 16:48:24.766] I (27) boot: Partition Table:
[2026-05-23 16:48:24.773] I (27) boot: ## Label            Usage          Type ST Offset   Length
[2026-05-23 16:48:24.775] I (28) boot:  0 nvs              WiFi data        01 02 00009000 00006000
[2026-05-23 16:48:24.777] I (29) boot:  1 phy_init         RF data          01 01 0000f000 00001000
[2026-05-23 16:48:24.780] I (29) boot:  2 factory          factory app      00 00 00010000 00100000
[2026-05-23 16:48:24.781] I (30) boot: End of partition table
[2026-05-23 16:48:24.788] I (31) esp_image: segment 0: paddr=00010020 vaddr=3c0a0020 size=1977ch (104316) map
[2026-05-23 16:48:24.796] I (48) esp_image: segment 1: paddr=000297a4 vaddr=3fc95200 size=02da0h ( 11680) load
[2026-05-23 16:48:24.802] I (51) esp_image: segment 2: paddr=0002c54c vaddr=40380000 size=03acch ( 15052) load
[2026-05-23 16:48:24.815] I (54) esp_image: segment 3: paddr=00030020 vaddr=42000020 size=9942ch (627756) map
[2026-05-23 16:48:24.822] I (154) esp_image: segment 4: paddr=000c9454 vaddr=40383acc size=11614h ( 71188) load
[2026-05-23 16:48:24.827] I (168) esp_image: segment 5: paddr=000daa70 vaddr=50000200 size=0001ch (    28) load
[2026-05-23 16:48:24.832] I (175) boot: Loaded app from partition at offset 0x10000
[2026-05-23 16:48:24.834] I (175) boot: Disabling RNG early entropy source...
[2026-05-23 16:48:24.836] I (176) cpu_start: Unicore app
[2026-05-23 16:48:24.839] I (185) cpu_start: Pro cpu start user code
[2026-05-23 16:48:24.843] I (185) cpu_start: cpu freq: 160000000 Hz
[2026-05-23 16:48:24.844] I (185) app_init: Application information:
[2026-05-23 16:48:24.846] I (185) app_init: Project name:     sensor_acquirer
[2026-05-23 16:48:24.853] I (185) app_init: App version:      v1.0-171-gbbe0783
[2026-05-23 16:48:24.855] I (186) app_init: Compile time:     May 23 2026 14:30:31
[2026-05-23 16:48:24.860] I (187) app_init: ELF file SHA256:  493679023...
[2026-05-23 16:48:24.861] I (187) app_init: ESP-IDF:          v5.4.1
[2026-05-23 16:48:24.863] I (188) efuse_init: Min chip rev:     v0.3
[2026-05-23 16:48:24.864] I (188) efuse_init: Max chip rev:     v1.99
[2026-05-23 16:48:24.865] I (189) efuse_init: Chip rev:         v0.4
[2026-05-23 16:48:24.869] I (189) heap_init: Initializing. RAM available for dynamic allocation:
[2026-05-23 16:48:24.871] I (190) heap_init: At 3FC9C340 len 00023CC0 (143 KiB): RAM
[2026-05-23 16:48:24.872] I (191) heap_init: At 3FCC0000 len 0001C710 (113 KiB): Retention RAM
[2026-05-23 16:48:24.874] I (191) heap_init: At 3FCDC710 len 00002950 (10 KiB): Retention RAM
[2026-05-23 16:48:24.875] I (192) heap_init: At 5000021C len 00001DCC (7 KiB): RTCRAM
[2026-05-23 16:48:24.876] I (194) spi_flash: detected chip: generic
[2026-05-23 16:48:24.876] I (194) spi_flash: flash io: dio
[2026-05-23 16:48:24.879] W (194) spi_flash: Detected size(4096k) larger than the size in the binary image header(2048k). Using the size in the binary image header.
[2026-05-23 16:48:24.880] I (196) sleep_gpio: Configure to isolate all GPIO pins in sleep state
[2026-05-23 16:48:24.881] I (196) sleep_gpio: Enable automatic switching of GPIO sleep configuration
[2026-05-23 16:48:24.881] I (197) main_task: Started on CPU0
[2026-05-23 16:48:24.881] I (197) main_task: Calling app_main()
[2026-05-23 16:48:24.881] WCAN_CFG_WAIT v=1
# UART boot config sent: wcan v=1 role=sensor transport=BROADCAST test_duration_ms=30000 host_wait_time_ms=5000 base=0xd0 count=1 hz=10 linger=0
[2026-05-23 16:48:24.882] WCAN_CFG_WAIT v=1
[2026-05-23 16:48:27.265] WCAN_CFG_ACK
[2026-05-23 16:48:27.265] WCAN_CFG_ACK
[2026-05-23 16:48:27.270] I (2802) pp: pp rom version: 9387209
[2026-05-23 16:48:27.270] I (2803) net80211: net80211 rom version: 9387209
[2026-05-23 16:48:27.272] I (2804) wifi:wifi driver task: 3fca77a4, prio:23, stack:6656, core=0
[2026-05-23 16:48:27.276] I (2808) wifi:wifi firmware version: 79fa3f41ba
[2026-05-23 16:48:27.277] I (2808) wifi:wifi certification version: v7.0
[2026-05-23 16:48:27.277] I (2808) wifi:config NVS flash: enabled
[2026-05-23 16:48:27.278] I (2808) wifi:config nano formatting: disabled
[2026-05-23 16:48:27.279] I (2809) wifi:Init data frame dynamic rx buffer num: 32
[2026-05-23 16:48:27.280] I (2809) wifi:Init static rx mgmt buffer num: 5
[2026-05-23 16:48:27.280] I (2810) wifi:Init management short buffer num: 32
[2026-05-23 16:48:27.281] I (2810) wifi:Init dynamic tx buffer num: 32
[2026-05-23 16:48:27.282] I (2811) wifi:Init static tx FG buffer num: 2
[2026-05-23 16:48:27.283] I (2811) wifi:Init static rx buffer size: 1600
[2026-05-23 16:48:27.283] I (2812) wifi:Init static rx buffer num: 10
[2026-05-23 16:48:27.284] I (2812) wifi:Init dynamic rx buffer num: 32
[2026-05-23 16:48:27.285] I (2813) wifi_init: rx ba win: 6
[2026-05-23 16:48:27.285] I (2814) wifi_init: accept mbox: 6
[2026-05-23 16:48:27.286] I (2814) wifi_init: tcpip mbox: 32
[2026-05-23 16:48:27.287] I (2814) wifi_init: udp mbox: 6
[2026-05-23 16:48:27.287] I (2814) wifi_init: tcp mbox: 6
[2026-05-23 16:48:27.288] I (2815) wifi_init: tcp tx win: 5760
[2026-05-23 16:48:27.289] I (2815) wifi_init: tcp rx win: 5760
[2026-05-23 16:48:27.289] I (2816) wifi_init: tcp mss: 1440
[2026-05-23 16:48:27.290] I (2816) wifi_init: WiFi IRAM OP enabled
[2026-05-23 16:48:27.291] I (2816) wifi_init: WiFi RX IRAM OP enabled
[2026-05-23 16:48:27.292] I (2817) phy_init: phy_version 1200,2b7123f9,Feb 18 2025,15:22:21
[2026-05-23 16:48:27.322] I (2854) wifi:mode : sta (54:32:04:8c:0b:8c)
[2026-05-23 16:48:27.323] I (2854) wifi:enable tsf
[2026-05-23 16:48:27.326] I (2857) ESPNOW: espnow [version: 2.0] init
[2026-05-23 16:48:27.327] WCAN_TEST_READY role=sensor
# Waiting for phased test start
# UART test start sent: WCAN_TEST_START at 2026-05-23T16:48:27.339534
[2026-05-23 16:48:28.509] P(FAIL):3844:d0:5:5:5:1
[2026-05-23 16:48:29.167] P(FAIL):4502:d0:10:10:10:1
[2026-05-23 16:48:29.689] P(FAIL):5025:d0:15:15:15:1
[2026-05-23 16:48:30.211] P(FAIL):5546:d0:21:21:21:1
[2026-05-23 16:48:31.093] P(FAIL):6428:d0:29:29:29:1
[2026-05-23 16:48:31.643] P(FAIL):6978:d0:35:35:35:1
[2026-05-23 16:48:32.604] P(FAIL):7939:d0:45:45:45:1
[2026-05-23 16:48:33.034] P(FAIL):8370:d0:49:49:49:1
[2026-05-23 16:48:33.440] P(FAIL):8775:d0:51:51:51:1
[2026-05-23 16:48:33.811] P(FAIL):9146:d0:53:53:53:1
[2026-05-23 16:48:34.382] P(FAIL):9717:d0:63:63:63:1
[2026-05-23 16:48:34.859] P(FAIL):10194:d0:67:67:67:1
[2026-05-23 16:48:35.764] P(FAIL):11099:d0:77:77:77:1
[2026-05-23 16:48:36.909] P(FAIL):12244:d0:88:88:88:1
[2026-05-23 16:48:37.558] P(FAIL):12894:d0:95:95:95:1
[2026-05-23 16:48:40.235] P(FAIL):15570:d0:121:121:121:1
[2026-05-23 16:48:40.609] P(FAIL):15944:d0:124:124:124:1
[2026-05-23 16:48:45.104] P(FAIL):20439:d0:171:171:171:1
[2026-05-23 16:48:45.616] P(FAIL):20951:d0:175:175:175:1
[2026-05-23 16:48:47.954] P(FAIL):23289:d0:199:199:199:1
[2026-05-23 16:48:48.310] P(FAIL):23645:d0:202:202:202:1
[2026-05-23 16:48:50.344] P(FAIL):25679:d0:223:223:223:1
[2026-05-23 16:48:51.384] P(FAIL):26719:d0:233:233:233:1
[2026-05-23 16:48:54.811] P(FAIL):30146:d0:267:267:267:1
[2026-05-23 16:48:57.027] P(FAIL):32362:d0:290:290:290:1
[2026-05-23 16:48:57.695] P(FAIL):33030:d0:296:296:296:1
[2026-05-23 16:48:58.495] P(FAIL):33830:d0:297:297:297:1
[2026-05-23 16:48:58.652] WCAN_BATCH id=0xd0 count=299 avg_hz=10.00 avg_points=1.00 min_points=1 max_points=1 avg_interval_ms=100.00 min_interval_ms=99.92 max_interval_ms=100.08 avg_dispatch_ms=2.33 max_dispatch_ms=57.91 dispatched_count=384 avg_queue_wait_ms=84.27 max_queue_wait_ms=681.71
[2026-05-23 16:48:58.653] WCAN_SENSOR_END generated=298 avg_hz=9.97
[2026-05-23 16:48:58.657] WCAN_MEASURES elapsed_ms=29999 heap_start_free=126648 heap_end_free=141436 heap_start_min_free=126628 heap_end_min_free=126368 heap_start_largest=98304 heap_end_largest=98304 airtime_us_total=889401 packets_sent_total=384 sensor_send_failures_total=0
[2026-05-23 16:48:58.658] WCAN_TEST_END role=sensor

# Monitor stopped: 2026-05-23T16:48:58.658657
