# Monitor started: 2026-05-13T00:45:15.102601
# Port: /dev/ttyACM0, Baud: 921600, Duration: 30s

# UART boot config: wcan v=1 role=idle transport=BROADCAST
[2026-05-13 00:45:15.102] ESP-ROM:esp32c3-api1-20210207
[2026-05-13 00:45:15.103] Build:Feb  7 2021
[2026-05-13 00:45:15.104] rst:0x15 (USB_UART_CHIP_RESET),boot:0xd (SPI_FAST_FLASH_BOOT)
[2026-05-13 00:45:15.104] Saved PC:0x40384eae
[2026-05-13 00:45:15.105] SPIWP:0xee
[2026-05-13 00:45:15.107] mode:DIO, clock div:1
[2026-05-13 00:45:15.108] load:0x3fcd5820,len:0x1574
[2026-05-13 00:45:15.110] load:0x403cc710,len:0xc30
[2026-05-13 00:45:15.111] load:0x403ce710,len:0x2fa0
[2026-05-13 00:45:15.113] entry 0x403cc71a
[2026-05-13 00:45:15.122] I (24) boot: ESP-IDF v5.4.1 2nd stage bootloader
[2026-05-13 00:45:15.122] I (24) boot: compile time May 12 2026 19:48:29
[2026-05-13 00:45:15.124] I (25) boot: chip revision: v0.4
[2026-05-13 00:45:15.125] I (25) boot: efuse block revision: v1.3
[2026-05-13 00:45:15.126] I (25) boot.esp32c3: SPI Speed      : 80MHz
[2026-05-13 00:45:15.127] I (25) boot.esp32c3: SPI Mode       : DIO
[2026-05-13 00:45:15.128] I (26) boot.esp32c3: SPI Flash Size : 2MB
[2026-05-13 00:45:15.129] I (26) boot: Enabling RNG early entropy source...
[2026-05-13 00:45:15.129] I (27) boot: Partition Table:
[2026-05-13 00:45:15.132] I (27) boot: ## Label            Usage          Type ST Offset   Length
[2026-05-13 00:45:15.133] I (28) boot:  0 nvs              WiFi data        01 02 00009000 00006000
[2026-05-13 00:45:15.135] I (29) boot:  1 phy_init         RF data          01 01 0000f000 00001000
[2026-05-13 00:45:15.136] I (29) boot:  2 factory          factory app      00 00 00010000 00100000
[2026-05-13 00:45:15.137] I (30) boot: End of partition table
[2026-05-13 00:45:15.138] I (31) esp_image: segment 0: paddr=00010020 vaddr=3c0a0020 size=19ea0h (106144) map
[2026-05-13 00:45:15.139] I (49) esp_image: segment 1: paddr=00029ec8 vaddr=3fc95800 size=02db0h ( 11696) load
[2026-05-13 00:45:15.141] I (51) esp_image: segment 2: paddr=0002cc80 vaddr=40380000 size=03398h ( 13208) load
[2026-05-13 00:45:15.144] I (54) esp_image: segment 3: paddr=00030020 vaddr=42000020 size=93210h (602640) map
[2026-05-13 00:45:15.146] I (150) esp_image: segment 4: paddr=000c3238 vaddr=40383398 size=12310h ( 74512) load
[2026-05-13 00:45:15.147] I (164) esp_image: segment 5: paddr=000d5550 vaddr=50000200 size=0001ch (    28) load
[2026-05-13 00:45:15.148] I (171) boot: Loaded app from partition at offset 0x10000
[2026-05-13 00:45:15.149] I (171) boot: Disabling RNG early entropy source...
[2026-05-13 00:45:15.150] I (173) cpu_start: Unicore app
[2026-05-13 00:45:15.151] I (181) cpu_start: Pro cpu start user code
[2026-05-13 00:45:15.151] I (181) cpu_start: cpu freq: 160000000 Hz
[2026-05-13 00:45:15.152] I (182) app_init: Application information:
[2026-05-13 00:45:15.153] I (182) app_init: Project name:     sensor_acquirer
[2026-05-13 00:45:15.154] I (182) app_init: App version:      v1.0-60-gb67991a-dirty
[2026-05-13 00:45:15.155] I (183) app_init: Compile time:     May 12 2026 19:48:20
[2026-05-13 00:45:15.157] I (183) app_init: ELF file SHA256:  fd27e32a6...
[2026-05-13 00:45:15.157] I (184) app_init: ESP-IDF:          v5.4.1
[2026-05-13 00:45:15.159] I (184) efuse_init: Min chip rev:     v0.3
[2026-05-13 00:45:15.161] I (185) efuse_init: Max chip rev:     v1.99
[2026-05-13 00:45:15.162] I (185) efuse_init: Chip rev:         v0.4
[2026-05-13 00:45:15.164] I (186) heap_init: Initializing. RAM available for dynamic allocation:
[2026-05-13 00:45:15.166] I (187) heap_init: At 3FC9D210 len 00022DF0 (139 KiB): RAM
[2026-05-13 00:45:15.168] I (187) heap_init: At 3FCC0000 len 0001C710 (113 KiB): Retention RAM
[2026-05-13 00:45:15.169] I (188) heap_init: At 3FCDC710 len 00002950 (10 KiB): Retention RAM
[2026-05-13 00:45:15.171] I (189) heap_init: At 5000021C len 00001DCC (7 KiB): RTCRAM
[2026-05-13 00:45:15.172] I (190) spi_flash: detected chip: generic
[2026-05-13 00:45:15.173] I (190) spi_flash: flash io: dio
[2026-05-13 00:45:15.176] W (190) spi_flash: Detected size(4096k) larger than the size in the binary image header(2048k). Using the size in the binary image header.
[2026-05-13 00:45:15.178] I (192) sleep_gpio: Configure to isolate all GPIO pins in sleep state
[2026-05-13 00:45:15.180] I (193) sleep_gpio: Enable automatic switching of GPIO sleep configuration
[2026-05-13 00:45:15.180] I (194) main_task: Started on CPU0
[2026-05-13 00:45:15.181] I (194) main_task: Calling app_main()
[2026-05-13 00:45:15.182] I (194) BOOT_TS: us=5200
[2026-05-13 00:45:15.183] I (195) BOOT_CONFIG: waiting for UART config
[2026-05-13 00:45:15.183] WCAN_CFG_WAIT v=1
# UART boot config sent: wcan v=1 role=idle transport=BROADCAST
[2026-05-13 00:45:15.184] WCAN_CFG_WAIT v=1
[2026-05-13 00:45:15.959] I (1056) BOOT_CONFIG: accepted role=idle transport=BROADCAST
[2026-05-13 00:45:15.959] WCAN_CFG_ACK
# Waiting for coordinated capture start
[2026-05-13 00:45:15.962] WCAN_CFG_ACK
[2026-05-13 00:45:15.967] I (1056) MAIN: IDLE mode - stopping before NVS/Wi-Fi initialization
[2026-05-13 00:45:15.969] I (1056) main_task: Returned from app_main()

# Monitor stopped: 2026-05-13T00:45:45.999527
