# Monitor started: 2026-05-23T18:08:14.053695
# Port: /dev/ttyACM1, Baud: 921600, Timeout: 35.000s after WCAN_TEST_START

# UART boot config: wcan v=1 role=sensor transport=BROADCAST test_duration_ms=30000 host_wait_time_ms=5000 base=0xe0 count=1 hz=200 linger=100
[2026-05-23 18:08:14.060] ESP-ROM:esp32c3-api1-20210207
[2026-05-23 18:08:14.066] Build:Feb  7 2021
[2026-05-23 18:08:14.084] rst:0x15 (USB_UART_CHIP_RESET),boot:0xd (SPI_FAST_FLASH_BOOT)
[2026-05-23 18:08:14.094] Saved PC:0x40384eba
[2026-05-23 18:08:14.098] SPIWP:0xee
[2026-05-23 18:08:14.104] mode:DIO, clock div:1
[2026-05-23 18:08:14.113] load:0x3fcd5820,len:0x1574
[2026-05-23 18:08:14.118] load:0x403cc710,len:0xc30
[2026-05-23 18:08:14.122] load:0x403ce710,len:0x2fa0
[2026-05-23 18:08:14.122] entry 0x403cc71a
[2026-05-23 18:08:14.127] I (24) boot: ESP-IDF v5.4.1 2nd stage bootloader
[2026-05-23 18:08:14.131] I (24) boot: compile time May 20 2026 00:05:32
[2026-05-23 18:08:14.132] I (25) boot: chip revision: v0.4
[2026-05-23 18:08:14.135] I (25) boot: efuse block revision: v1.3
[2026-05-23 18:08:14.139] I (25) boot.esp32c3: SPI Speed      : 80MHz
[2026-05-23 18:08:14.146] I (25) boot.esp32c3: SPI Mode       : DIO
[2026-05-23 18:08:14.147] I (26) boot.esp32c3: SPI Flash Size : 2MB
[2026-05-23 18:08:14.150] I (26) boot: Enabling RNG early entropy source...
[2026-05-23 18:08:14.150] I (27) boot: Partition Table:
[2026-05-23 18:08:14.162] I (27) boot: ## Label            Usage          Type ST Offset   Length
[2026-05-23 18:08:14.164] I (28) boot:  0 nvs              WiFi data        01 02 00009000 00006000
[2026-05-23 18:08:14.169] I (29) boot:  1 phy_init         RF data          01 01 0000f000 00001000
[2026-05-23 18:08:14.180] I (29) boot:  2 factory          factory app      00 00 00010000 00100000
[2026-05-23 18:08:14.180] I (30) boot: End of partition table
[2026-05-23 18:08:14.182] I (31) esp_image: segment 0: paddr=00010020 vaddr=3c0a0020 size=1977ch (104316) map
[2026-05-23 18:08:14.187] I (48) esp_image: segment 1: paddr=000297a4 vaddr=3fc95200 size=02da0h ( 11680) load
[2026-05-23 18:08:14.190] I (51) esp_image: segment 2: paddr=0002c54c vaddr=40380000 size=03acch ( 15052) load
[2026-05-23 18:08:14.194] I (54) esp_image: segment 3: paddr=00030020 vaddr=42000020 size=9942ch (627756) map
[2026-05-23 18:08:14.198] I (154) esp_image: segment 4: paddr=000c9454 vaddr=40383acc size=11614h ( 71188) load
[2026-05-23 18:08:14.200] I (168) esp_image: segment 5: paddr=000daa70 vaddr=50000200 size=0001ch (    28) load
[2026-05-23 18:08:14.202] I (175) boot: Loaded app from partition at offset 0x10000
[2026-05-23 18:08:14.203] I (175) boot: Disabling RNG early entropy source...
[2026-05-23 18:08:14.204] I (176) cpu_start: Unicore app
[2026-05-23 18:08:14.205] I (185) cpu_start: Pro cpu start user code
[2026-05-23 18:08:14.206] I (185) cpu_start: cpu freq: 160000000 Hz
[2026-05-23 18:08:14.208] I (185) app_init: Application information:
[2026-05-23 18:08:14.208] I (185) app_init: Project name:     sensor_acquirer
[2026-05-23 18:08:14.210] I (185) app_init: App version:      v1.0-171-gbbe0783
[2026-05-23 18:08:14.213] I (186) app_init: Compile time:     May 23 2026 14:30:31
[2026-05-23 18:08:14.214] I (187) app_init: ELF file SHA256:  493679023...
[2026-05-23 18:08:14.217] I (187) app_init: ESP-IDF:          v5.4.1
[2026-05-23 18:08:14.219] I (188) efuse_init: Min chip rev:     v0.3
[2026-05-23 18:08:14.222] I (188) efuse_init: Max chip rev:     v1.99
[2026-05-23 18:08:14.225] I (189) efuse_init: Chip rev:         v0.4
[2026-05-23 18:08:14.228] I (189) heap_init: Initializing. RAM available for dynamic allocation:
[2026-05-23 18:08:14.230] I (190) heap_init: At 3FC9C340 len 00023CC0 (143 KiB): RAM
[2026-05-23 18:08:14.234] I (191) heap_init: At 3FCC0000 len 0001C710 (113 KiB): Retention RAM
[2026-05-23 18:08:14.241] I (191) heap_init: At 3FCDC710 len 00002950 (10 KiB): Retention RAM
[2026-05-23 18:08:14.245] I (192) heap_init: At 5000021C len 00001DCC (7 KiB): RTCRAM
[2026-05-23 18:08:14.247] I (194) spi_flash: detected chip: generic
[2026-05-23 18:08:14.250] I (194) spi_flash: flash io: dio
[2026-05-23 18:08:14.257] W (194) spi_flash: Detected size(4096k) larger than the size in the binary image header(2048k). Using the size in the binary image header.
[2026-05-23 18:08:14.260] I (196) sleep_gpio: Configure to isolate all GPIO pins in sleep state
[2026-05-23 18:08:14.263] I (196) sleep_gpio: Enable automatic switching of GPIO sleep configuration
[2026-05-23 18:08:14.263] I (197) main_task: Started on CPU0
[2026-05-23 18:08:14.264] I (197) main_task: Calling app_main()
[2026-05-23 18:08:14.265] WCAN_CFG_WAIT v=1
# UART boot config sent: wcan v=1 role=sensor transport=BROADCAST test_duration_ms=30000 host_wait_time_ms=5000 base=0xe0 count=1 hz=200 linger=100
[2026-05-23 18:08:14.266] WCAN_CFG_WAIT v=1
[2026-05-23 18:08:16.712] WCAN_CFG_ACK
[2026-05-23 18:08:16.712] WCAN_CFG_ACK
[2026-05-23 18:08:16.717] I (2862) pp: pp rom version: 9387209
[2026-05-23 18:08:16.719] I (2863) net80211: net80211 rom version: 9387209
[2026-05-23 18:08:16.726] I (2864) wifi:wifi driver task: 3fca7720, prio:23, stack:6656, core=0
[2026-05-23 18:08:16.731] I (2868) wifi:wifi firmware version: 79fa3f41ba
[2026-05-23 18:08:16.735] I (2868) wifi:wifi certification version: v7.0
[2026-05-23 18:08:16.739] I (2868) wifi:config NVS flash: enabled
[2026-05-23 18:08:16.743] I (2868) wifi:config nano formatting: disabled
[2026-05-23 18:08:16.747] I (2869) wifi:Init data frame dynamic rx buffer num: 32
[2026-05-23 18:08:16.750] I (2869) wifi:Init static rx mgmt buffer num: 5
[2026-05-23 18:08:16.756] I (2870) wifi:Init management short buffer num: 32
[2026-05-23 18:08:16.759] I (2870) wifi:Init dynamic tx buffer num: 32
[2026-05-23 18:08:16.763] I (2871) wifi:Init static tx FG buffer num: 2
[2026-05-23 18:08:16.767] I (2871) wifi:Init static rx buffer size: 1600
[2026-05-23 18:08:16.769] I (2872) wifi:Init static rx buffer num: 10
[2026-05-23 18:08:16.772] I (2872) wifi:Init dynamic rx buffer num: 32
[2026-05-23 18:08:16.774] I (2873) wifi_init: rx ba win: 6
[2026-05-23 18:08:16.775] I (2874) wifi_init: accept mbox: 6
[2026-05-23 18:08:16.776] I (2874) wifi_init: tcpip mbox: 32
[2026-05-23 18:08:16.777] I (2874) wifi_init: udp mbox: 6
[2026-05-23 18:08:16.778] I (2874) wifi_init: tcp mbox: 6
[2026-05-23 18:08:16.780] I (2875) wifi_init: tcp tx win: 5760
[2026-05-23 18:08:16.781] I (2875) wifi_init: tcp rx win: 5760
[2026-05-23 18:08:16.782] I (2876) wifi_init: tcp mss: 1440
[2026-05-23 18:08:16.783] I (2876) wifi_init: WiFi IRAM OP enabled
[2026-05-23 18:08:16.784] I (2876) wifi_init: WiFi RX IRAM OP enabled
[2026-05-23 18:08:16.786] I (2877) phy_init: phy_version 1200,2b7123f9,Feb 18 2025,15:22:21
[2026-05-23 18:08:16.787] I (2913) wifi:mode : sta (74:4d:bd:e1:d5:b8)
[2026-05-23 18:08:16.788] I (2913) wifi:enable tsf
[2026-05-23 18:08:16.789] I (2916) ESPNOW: espnow [version: 2.0] init
[2026-05-23 18:08:16.789] WCAN_TEST_READY role=sensor
# Waiting for phased test start
# UART test start sent: WCAN_TEST_START at 2026-05-23T18:08:16.802295
[2026-05-23 18:08:20.130] P(FAIL):6079:e0:24:504:524:21
[2026-05-23 18:08:20.939] P(FAIL):6888:e0:32:672:692:21
[2026-05-23 18:08:21.268] P(FAIL):7217:e0:34:714:734:21
[2026-05-23 18:08:21.684] P(FAIL):7633:e0:37:777:797:21
[2026-05-23 18:08:22.068] P(FAIL):8017:e0:41:861:881:21
[2026-05-23 18:08:22.823] P(FAIL):8772:e0:50:1050:1070:21
[2026-05-23 18:08:23.248] P(FAIL):9197:e0:54:1134:1154:21
[2026-05-23 18:08:24.206] P(FAIL):10155:e0:63:1323:1343:21
[2026-05-23 18:08:25.206] P(FAIL):11155:e0:73:1533:1553:21
[2026-05-23 18:08:29.123] P(FAIL):15072:e0:110:2310:2330:21
[2026-05-23 18:08:33.369] P(FAIL):19318:e0:150:3150:3170:21
[2026-05-23 18:08:36.062] P(FAIL):22010:e0:177:3717:3737:21
[2026-05-23 18:08:36.460] P(FAIL):22409:e0:180:3780:3800:21
[2026-05-23 18:08:37.629] P(FAIL):23577:e0:192:4032:4052:21
[2026-05-23 18:08:38.082] P(FAIL):24030:e0:195:4095:4115:21
[2026-05-23 18:08:39.683] P(FAIL):25632:e0:211:4431:4451:21
[2026-05-23 18:08:45.794] P(FAIL):31742:e0:269:5649:5669:21
[2026-05-23 18:08:46.654] P(FAIL):32602:e0:277:5817:5837:21
[2026-05-23 18:08:47.153] P(FAIL):33101:e0:282:5922:5942:21
[2026-05-23 18:08:47.953] P(FAIL):33901:e0:283:5943:5963:21
[2026-05-23 18:08:48.118] WCAN_BATCH id=0xe0 count=286 avg_hz=9.52 avg_points=20.98 min_points=14 max_points=21 avg_interval_ms=105.00 min_interval_ms=104.84 max_interval_ms=105.15 avg_dispatch_ms=2.09 max_dispatch_ms=8.17 dispatched_count=340 avg_queue_wait_ms=64.41 max_queue_wait_ms=487.24
[2026-05-23 18:08:48.121] WCAN_SENSOR_END generated=5998 avg_hz=199.97
[2026-05-23 18:08:48.132] WCAN_MEASURES elapsed_ms=29999 heap_start_free=126780 heap_end_free=141412 heap_start_min_free=126680 heap_end_min_free=126340 heap_start_largest=98304 heap_end_largest=98304 airtime_us_total=706826 packets_sent_total=340 sensor_send_failures_total=0
[2026-05-23 18:08:48.133] WCAN_TEST_END role=sensor

# Monitor stopped: 2026-05-23T18:08:48.133242
