# Monitor started: 2026-05-23T18:08:14.052773
# Port: /dev/ttyACM0, Baud: 921600, Timeout: 35.000s after WCAN_TEST_START

# UART boot config: wcan v=1 role=sensor transport=BROADCAST test_duration_ms=30000 host_wait_time_ms=5000 base=0xd0 count=1 hz=200 linger=100
[2026-05-23 18:08:14.059] ESP-ROM:esp32c3-api1-20210207
[2026-05-23 18:08:14.069] Build:Feb  7 2021
[2026-05-23 18:08:14.086] rst:0x15 (USB_UART_CHIP_RESET),boot:0xd (SPI_FAST_FLASH_BOOT)
[2026-05-23 18:08:14.092] Saved PC:0x40384eba
[2026-05-23 18:08:14.097] SPIWP:0xee
[2026-05-23 18:08:14.101] mode:DIO, clock div:1
[2026-05-23 18:08:14.113] load:0x3fcd5820,len:0x1574
[2026-05-23 18:08:14.117] load:0x403cc710,len:0xc30
[2026-05-23 18:08:14.119] load:0x403ce710,len:0x2fa0
[2026-05-23 18:08:14.120] entry 0x403cc71a
[2026-05-23 18:08:14.125] I (24) boot: ESP-IDF v5.4.1 2nd stage bootloader
[2026-05-23 18:08:14.126] I (24) boot: compile time May 20 2026 00:05:32
[2026-05-23 18:08:14.132] I (25) boot: chip revision: v0.4
[2026-05-23 18:08:14.134] I (25) boot: efuse block revision: v1.3
[2026-05-23 18:08:14.135] I (25) boot.esp32c3: SPI Speed      : 80MHz
[2026-05-23 18:08:14.136] I (25) boot.esp32c3: SPI Mode       : DIO
[2026-05-23 18:08:14.137] I (26) boot.esp32c3: SPI Flash Size : 2MB
[2026-05-23 18:08:14.145] I (26) boot: Enabling RNG early entropy source...
[2026-05-23 18:08:14.149] I (27) boot: Partition Table:
[2026-05-23 18:08:14.152] I (27) boot: ## Label            Usage          Type ST Offset   Length
[2026-05-23 18:08:14.156] I (28) boot:  0 nvs              WiFi data        01 02 00009000 00006000
[2026-05-23 18:08:14.166] I (29) boot:  1 phy_init         RF data          01 01 0000f000 00001000
[2026-05-23 18:08:14.171] I (29) boot:  2 factory          factory app      00 00 00010000 00100000
[2026-05-23 18:08:14.172] I (30) boot: End of partition table
[2026-05-23 18:08:14.175] I (31) esp_image: segment 0: paddr=00010020 vaddr=3c0a0020 size=1977ch (104316) map
[2026-05-23 18:08:14.178] I (48) esp_image: segment 1: paddr=000297a4 vaddr=3fc95200 size=02da0h ( 11680) load
[2026-05-23 18:08:14.182] I (51) esp_image: segment 2: paddr=0002c54c vaddr=40380000 size=03acch ( 15052) load
[2026-05-23 18:08:14.184] I (54) esp_image: segment 3: paddr=00030020 vaddr=42000020 size=9942ch (627756) map
[2026-05-23 18:08:14.191] I (154) esp_image: segment 4: paddr=000c9454 vaddr=40383acc size=11614h ( 71188) load
[2026-05-23 18:08:14.196] I (168) esp_image: segment 5: paddr=000daa70 vaddr=50000200 size=0001ch (    28) load
[2026-05-23 18:08:14.200] I (175) boot: Loaded app from partition at offset 0x10000
[2026-05-23 18:08:14.206] I (175) boot: Disabling RNG early entropy source...
[2026-05-23 18:08:14.212] I (176) cpu_start: Unicore app
[2026-05-23 18:08:14.217] I (185) cpu_start: Pro cpu start user code
[2026-05-23 18:08:14.217] I (185) cpu_start: cpu freq: 160000000 Hz
[2026-05-23 18:08:14.221] I (185) app_init: Application information:
[2026-05-23 18:08:14.224] I (185) app_init: Project name:     sensor_acquirer
[2026-05-23 18:08:14.226] I (185) app_init: App version:      v1.0-171-gbbe0783
[2026-05-23 18:08:14.228] I (186) app_init: Compile time:     May 23 2026 14:30:31
[2026-05-23 18:08:14.232] I (187) app_init: ELF file SHA256:  493679023...
[2026-05-23 18:08:14.233] I (187) app_init: ESP-IDF:          v5.4.1
[2026-05-23 18:08:14.238] I (188) efuse_init: Min chip rev:     v0.3
[2026-05-23 18:08:14.240] I (188) efuse_init: Max chip rev:     v1.99
[2026-05-23 18:08:14.243] I (189) efuse_init: Chip rev:         v0.4
[2026-05-23 18:08:14.249] I (189) heap_init: Initializing. RAM available for dynamic allocation:
[2026-05-23 18:08:14.254] I (190) heap_init: At 3FC9C340 len 00023CC0 (143 KiB): RAM
[2026-05-23 18:08:14.260] I (191) heap_init: At 3FCC0000 len 0001C710 (113 KiB): Retention RAM
[2026-05-23 18:08:14.265] I (191) heap_init: At 3FCDC710 len 00002950 (10 KiB): Retention RAM
[2026-05-23 18:08:14.268] I (192) heap_init: At 5000021C len 00001DCC (7 KiB): RTCRAM
[2026-05-23 18:08:14.269] I (194) spi_flash: detected chip: generic
[2026-05-23 18:08:14.270] I (194) spi_flash: flash io: dio
[2026-05-23 18:08:14.271] W (194) spi_flash: Detected size(4096k) larger than the size in the binary image header(2048k). Using the size in the binary image header.
[2026-05-23 18:08:14.272] I (196) sleep_gpio: Configure to isolate all GPIO pins in sleep state
[2026-05-23 18:08:14.272] I (196) sleep_gpio: Enable automatic switching of GPIO sleep configuration
[2026-05-23 18:08:14.272] I (197) main_task: Started on CPU0
[2026-05-23 18:08:14.273] I (197) main_task: Calling app_main()
[2026-05-23 18:08:14.273] WCAN_CFG_WAIT v=1
# UART boot config sent: wcan v=1 role=sensor transport=BROADCAST test_duration_ms=30000 host_wait_time_ms=5000 base=0xd0 count=1 hz=200 linger=100
[2026-05-23 18:08:14.273] WCAN_CFG_WAIT v=1
[2026-05-23 18:08:16.713] WCAN_CFG_ACK
[2026-05-23 18:08:16.714] WCAN_CFG_ACK
[2026-05-23 18:08:16.721] I (2864) pp: pp rom version: 9387209
[2026-05-23 18:08:16.725] I (2865) net80211: net80211 rom version: 9387209
[2026-05-23 18:08:16.730] I (2866) wifi:wifi driver task: 3fca77a4, prio:23, stack:6656, core=0
[2026-05-23 18:08:16.734] I (2870) wifi:wifi firmware version: 79fa3f41ba
[2026-05-23 18:08:16.738] I (2870) wifi:wifi certification version: v7.0
[2026-05-23 18:08:16.743] I (2870) wifi:config NVS flash: enabled
[2026-05-23 18:08:16.748] I (2870) wifi:config nano formatting: disabled
[2026-05-23 18:08:16.753] I (2871) wifi:Init data frame dynamic rx buffer num: 32
[2026-05-23 18:08:16.757] I (2871) wifi:Init static rx mgmt buffer num: 5
[2026-05-23 18:08:16.762] I (2872) wifi:Init management short buffer num: 32
[2026-05-23 18:08:16.766] I (2872) wifi:Init dynamic tx buffer num: 32
[2026-05-23 18:08:16.768] I (2873) wifi:Init static tx FG buffer num: 2
[2026-05-23 18:08:16.772] I (2873) wifi:Init static rx buffer size: 1600
[2026-05-23 18:08:16.774] I (2874) wifi:Init static rx buffer num: 10
[2026-05-23 18:08:16.776] I (2874) wifi:Init dynamic rx buffer num: 32
[2026-05-23 18:08:16.777] I (2876) wifi_init: rx ba win: 6
[2026-05-23 18:08:16.779] I (2876) wifi_init: accept mbox: 6
[2026-05-23 18:08:16.780] I (2876) wifi_init: tcpip mbox: 32
[2026-05-23 18:08:16.781] I (2876) wifi_init: udp mbox: 6
[2026-05-23 18:08:16.782] I (2876) wifi_init: tcp mbox: 6
[2026-05-23 18:08:16.783] I (2877) wifi_init: tcp tx win: 5760
[2026-05-23 18:08:16.785] I (2877) wifi_init: tcp rx win: 5760
[2026-05-23 18:08:16.785] I (2878) wifi_init: tcp mss: 1440
[2026-05-23 18:08:16.787] I (2878) wifi_init: WiFi IRAM OP enabled
[2026-05-23 18:08:16.788] I (2878) wifi_init: WiFi RX IRAM OP enabled
[2026-05-23 18:08:16.790] I (2879) phy_init: phy_version 1200,2b7123f9,Feb 18 2025,15:22:21
[2026-05-23 18:08:16.790] I (2915) wifi:mode : sta (54:32:04:8c:0b:8c)
[2026-05-23 18:08:16.790] I (2915) wifi:enable tsf
[2026-05-23 18:08:16.790] I (2918) ESPNOW: espnow [version: 2.0] init
[2026-05-23 18:08:16.791] WCAN_TEST_READY role=sensor
# Waiting for phased test start
# UART test start sent: WCAN_TEST_START at 2026-05-23T18:08:16.802335
[2026-05-23 18:08:17.603] P(FAIL):3552:d0:0:0:20:21
[2026-05-23 18:08:17.927] P(FAIL):3876:d0:4:84:104:21
[2026-05-23 18:08:18.296] P(FAIL):4246:d0:7:147:167:21
[2026-05-23 18:08:18.734] P(FAIL):4683:d0:11:231:251:21
[2026-05-23 18:08:19.208] P(FAIL):5157:d0:15:315:335:21
[2026-05-23 18:08:19.679] P(FAIL):5629:d0:20:420:440:21
[2026-05-23 18:08:20.559] P(FAIL):6508:d0:28:588:608:21
[2026-05-23 18:08:20.941] P(FAIL):6890:d0:32:672:692:21
[2026-05-23 18:08:21.274] P(FAIL):7223:d0:33:693:713:21
[2026-05-23 18:08:21.580] P(FAIL):7529:d0:34:714:734:21
[2026-05-23 18:08:22.025] P(FAIL):7974:d0:38:798:818:21
[2026-05-23 18:08:22.349] P(FAIL):8298:d0:46:966:986:21
[2026-05-23 18:08:22.714] P(FAIL):8664:d0:48:1008:1028:21
[2026-05-23 18:08:23.812] P(FAIL):9761:d0:59:1239:1259:21
[2026-05-23 18:08:24.150] P(FAIL):10099:d0:63:1323:1343:21
[2026-05-23 18:08:24.499] P(FAIL):10448:d0:65:1365:1385:21
[2026-05-23 18:08:25.563] P(FAIL):11512:d0:77:1617:1637:21
[2026-05-23 18:08:25.931] P(FAIL):11880:d0:80:1680:1700:21
[2026-05-23 18:08:26.348] P(FAIL):12297:d0:84:1764:1784:21
[2026-05-23 18:08:26.858] P(FAIL):12807:d0:88:1848:1868:21
[2026-05-23 18:08:27.166] P(FAIL):13115:d0:92:1932:1952:21
[2026-05-23 18:08:27.905] P(FAIL):13854:d0:98:2058:2078:21
[2026-05-23 18:08:28.313] P(FAIL):14262:d0:102:2142:2162:21
[2026-05-23 18:08:28.705] P(FAIL):14655:d0:106:2226:2246:21
[2026-05-23 18:08:29.471] P(FAIL):15420:d0:114:2394:2414:21
[2026-05-23 18:08:29.903] P(FAIL):15852:d0:117:2457:2477:21
[2026-05-23 18:08:30.275] P(FAIL):16224:d0:120:2520:2540:21
[2026-05-23 18:08:30.654] P(FAIL):16603:d0:125:2625:2645:21
[2026-05-23 18:08:30.963] P(FAIL):16912:d0:128:2688:2708:21
[2026-05-23 18:08:31.365] P(FAIL):17313:d0:129:2709:2729:21
[2026-05-23 18:08:31.644] P(FAIL):17593:d0:135:2835:2855:21
[2026-05-23 18:08:32.096] P(FAIL):18045:d0:138:2898:2918:21
[2026-05-23 18:08:32.551] P(FAIL):18500:d0:142:2982:3002:21
[2026-05-23 18:08:32.937] P(FAIL):18886:d0:144:3024:3044:21
[2026-05-23 18:08:33.289] P(FAIL):19238:d0:150:3150:3170:21
[2026-05-23 18:08:33.548] P(FAIL):19497:d0:151:3171:3191:21
[2026-05-23 18:08:33.960] P(FAIL):19910:d0:156:3276:3296:21
[2026-05-23 18:08:34.356] P(FAIL):20305:d0:160:3360:3380:21
[2026-05-23 18:08:34.765] P(FAIL):20714:d0:164:3444:3464:21
[2026-05-23 18:08:35.186] P(FAIL):21135:d0:168:3528:3548:21
[2026-05-23 18:08:35.589] P(FAIL):21539:d0:172:3612:3632:21
[2026-05-23 18:08:36.882] P(FAIL):22832:d0:184:3864:3884:21
[2026-05-23 18:08:37.296] P(FAIL):23245:d0:188:3948:3968:21
[2026-05-23 18:08:38.543] P(FAIL):24492:d0:200:4200:4220:21
[2026-05-23 18:08:39.008] P(FAIL):24957:d0:204:4284:4304:21
[2026-05-23 18:08:39.361] P(FAIL):25310:d0:208:4368:4388:21
[2026-05-23 18:08:39.703] P(FAIL):25651:d0:210:4410:4430:21
[2026-05-23 18:08:40.150] P(FAIL):26099:d0:215:4515:4535:21
[2026-05-23 18:08:40.572] P(FAIL):26521:d0:220:4620:4640:21
[2026-05-23 18:08:40.938] P(FAIL):26887:d0:223:4683:4703:21
[2026-05-23 18:08:41.369] P(FAIL):27318:d0:227:4767:4787:21
[2026-05-23 18:08:41.787] P(FAIL):27736:d0:230:4830:4850:21
[2026-05-23 18:08:42.276] P(FAIL):28225:d0:235:4935:4955:21
[2026-05-23 18:08:42.724] P(FAIL):28673:d0:239:5019:5039:21
[2026-05-23 18:08:43.092] P(FAIL):29041:d0:240:5040:5060:21
[2026-05-23 18:08:43.460] P(FAIL):29409:d0:247:5187:5207:21
[2026-05-23 18:08:43.927] P(FAIL):29876:d0:251:5271:5291:21
[2026-05-23 18:08:44.464] P(FAIL):30413:d0:256:5376:5396:21
[2026-05-23 18:08:44.930] P(FAIL):30879:d0:261:5481:5501:21
[2026-05-23 18:08:45.431] P(FAIL):31380:d0:266:5586:5606:21
[2026-05-23 18:08:46.252] P(FAIL):32201:d0:273:5733:5753:21
[2026-05-23 18:08:47.144] P(FAIL):33093:d0:281:5901:5921:21
[2026-05-23 18:08:47.944] P(FAIL):33893:d0:282:5922:5942:21
[2026-05-23 18:08:48.119] WCAN_BATCH id=0xd0 count=286 avg_hz=9.52 avg_points=20.98 min_points=14 max_points=21 avg_interval_ms=105.00 min_interval_ms=104.90 max_interval_ms=105.09 avg_dispatch_ms=2.23 max_dispatch_ms=8.06 dispatched_count=475 avg_queue_wait_ms=164.94 max_queue_wait_ms=770.76
[2026-05-23 18:08:48.122] WCAN_SENSOR_END generated=5998 avg_hz=199.97
[2026-05-23 18:08:48.133] WCAN_MEASURES elapsed_ms=29999 heap_start_free=126648 heap_end_free=141436 heap_start_min_free=126548 heap_end_min_free=126208 heap_start_largest=98304 heap_end_largest=98304 airtime_us_total=1053082 packets_sent_total=475 sensor_send_failures_total=0
[2026-05-23 18:08:48.133] WCAN_TEST_END role=sensor

# Monitor stopped: 2026-05-23T18:08:48.133534
