# Monitor started: 2026-05-23T16:51:15.342961
# Port: /dev/ttyACM1, Baud: 921600, Timeout: 35.000s after WCAN_TEST_START

# UART boot config: wcan v=1 role=sensor transport=BROADCAST test_duration_ms=30000 host_wait_time_ms=5000 base=0xe0 count=1 hz=10 linger=0
[2026-05-23 16:51:15.347] ESP-ROM:esp32c3-api1-20210207
[2026-05-23 16:51:15.355] Build:Feb  7 2021
[2026-05-23 16:51:15.373] rst:0x15 (USB_UART_CHIP_RESET),boot:0xd (SPI_FAST_FLASH_BOOT)
[2026-05-23 16:51:15.380] Saved PC:0x40384eba
[2026-05-23 16:51:15.383] SPIWP:0xee
[2026-05-23 16:51:15.392] mode:DIO, clock div:1
[2026-05-23 16:51:15.396] load:0x3fcd5820,len:0x1574
[2026-05-23 16:51:15.402] load:0x403cc710,len:0xc30
[2026-05-23 16:51:15.404] load:0x403ce710,len:0x2fa0
[2026-05-23 16:51:15.404] entry 0x403cc71a
[2026-05-23 16:51:15.407] I (24) boot: ESP-IDF v5.4.1 2nd stage bootloader
[2026-05-23 16:51:15.412] I (24) boot: compile time May 20 2026 00:05:32
[2026-05-23 16:51:15.417] I (25) boot: chip revision: v0.4
[2026-05-23 16:51:15.420] I (25) boot: efuse block revision: v1.3
[2026-05-23 16:51:15.422] I (25) boot.esp32c3: SPI Speed      : 80MHz
[2026-05-23 16:51:15.423] I (25) boot.esp32c3: SPI Mode       : DIO
[2026-05-23 16:51:15.425] I (26) boot.esp32c3: SPI Flash Size : 2MB
[2026-05-23 16:51:15.426] I (26) boot: Enabling RNG early entropy source...
[2026-05-23 16:51:15.437] I (27) boot: Partition Table:
[2026-05-23 16:51:15.444] I (27) boot: ## Label            Usage          Type ST Offset   Length
[2026-05-23 16:51:15.447] I (28) boot:  0 nvs              WiFi data        01 02 00009000 00006000
[2026-05-23 16:51:15.451] I (29) boot:  1 phy_init         RF data          01 01 0000f000 00001000
[2026-05-23 16:51:15.454] I (29) boot:  2 factory          factory app      00 00 00010000 00100000
[2026-05-23 16:51:15.456] I (30) boot: End of partition table
[2026-05-23 16:51:15.462] I (31) esp_image: segment 0: paddr=00010020 vaddr=3c0a0020 size=1977ch (104316) map
[2026-05-23 16:51:15.467] I (48) esp_image: segment 1: paddr=000297a4 vaddr=3fc95200 size=02da0h ( 11680) load
[2026-05-23 16:51:15.471] I (51) esp_image: segment 2: paddr=0002c54c vaddr=40380000 size=03acch ( 15052) load
[2026-05-23 16:51:15.476] I (54) esp_image: segment 3: paddr=00030020 vaddr=42000020 size=9942ch (627756) map
[2026-05-23 16:51:15.481] I (154) esp_image: segment 4: paddr=000c9454 vaddr=40383acc size=11614h ( 71188) load
[2026-05-23 16:51:15.492] I (168) esp_image: segment 5: paddr=000daa70 vaddr=50000200 size=0001ch (    28) load
[2026-05-23 16:51:15.495] I (175) boot: Loaded app from partition at offset 0x10000
[2026-05-23 16:51:15.501] I (175) boot: Disabling RNG early entropy source...
[2026-05-23 16:51:15.503] I (176) cpu_start: Unicore app
[2026-05-23 16:51:15.507] I (185) cpu_start: Pro cpu start user code
[2026-05-23 16:51:15.509] I (185) cpu_start: cpu freq: 160000000 Hz
[2026-05-23 16:51:15.510] I (185) app_init: Application information:
[2026-05-23 16:51:15.513] I (185) app_init: Project name:     sensor_acquirer
[2026-05-23 16:51:15.514] I (185) app_init: App version:      v1.0-171-gbbe0783
[2026-05-23 16:51:15.519] I (186) app_init: Compile time:     May 23 2026 14:30:31
[2026-05-23 16:51:15.522] I (187) app_init: ELF file SHA256:  493679023...
[2026-05-23 16:51:15.523] I (187) app_init: ESP-IDF:          v5.4.1
[2026-05-23 16:51:15.526] I (188) efuse_init: Min chip rev:     v0.3
[2026-05-23 16:51:15.529] I (188) efuse_init: Max chip rev:     v1.99
[2026-05-23 16:51:15.533] I (189) efuse_init: Chip rev:         v0.4
[2026-05-23 16:51:15.538] I (189) heap_init: Initializing. RAM available for dynamic allocation:
[2026-05-23 16:51:15.540] I (190) heap_init: At 3FC9C340 len 00023CC0 (143 KiB): RAM
[2026-05-23 16:51:15.545] I (191) heap_init: At 3FCC0000 len 0001C710 (113 KiB): Retention RAM
[2026-05-23 16:51:15.546] I (191) heap_init: At 3FCDC710 len 00002950 (10 KiB): Retention RAM
[2026-05-23 16:51:15.548] I (192) heap_init: At 5000021C len 00001DCC (7 KiB): RTCRAM
[2026-05-23 16:51:15.548] I (194) spi_flash: detected chip: generic
[2026-05-23 16:51:15.549] I (194) spi_flash: flash io: dio
[2026-05-23 16:51:15.551] W (194) spi_flash: Detected size(4096k) larger than the size in the binary image header(2048k). Using the size in the binary image header.
[2026-05-23 16:51:15.553] I (196) sleep_gpio: Configure to isolate all GPIO pins in sleep state
[2026-05-23 16:51:15.554] I (196) sleep_gpio: Enable automatic switching of GPIO sleep configuration
[2026-05-23 16:51:15.555] I (197) main_task: Started on CPU0
[2026-05-23 16:51:15.556] I (197) main_task: Calling app_main()
[2026-05-23 16:51:15.556] WCAN_CFG_WAIT v=1
# UART boot config sent: wcan v=1 role=sensor transport=BROADCAST test_duration_ms=30000 host_wait_time_ms=5000 base=0xe0 count=1 hz=10 linger=0
[2026-05-23 16:51:15.557] WCAN_CFG_WAIT v=1
[2026-05-23 16:51:17.941] WCAN_CFG_ACK
[2026-05-23 16:51:17.942] WCAN_CFG_ACK
[2026-05-23 16:51:17.947] I (2802) pp: pp rom version: 9387209
[2026-05-23 16:51:17.951] I (2803) net80211: net80211 rom version: 9387209
[2026-05-23 16:51:17.957] I (2804) wifi:wifi driver task: 3fca7720, prio:23, stack:6656, core=0
[2026-05-23 16:51:17.961] I (2808) wifi:wifi firmware version: 79fa3f41ba
[2026-05-23 16:51:17.966] I (2808) wifi:wifi certification version: v7.0
[2026-05-23 16:51:17.970] I (2808) wifi:config NVS flash: enabled
[2026-05-23 16:51:17.973] I (2808) wifi:config nano formatting: disabled
[2026-05-23 16:51:17.978] I (2809) wifi:Init data frame dynamic rx buffer num: 32
[2026-05-23 16:51:17.980] I (2809) wifi:Init static rx mgmt buffer num: 5
[2026-05-23 16:51:17.983] I (2810) wifi:Init management short buffer num: 32
[2026-05-23 16:51:17.985] I (2810) wifi:Init dynamic tx buffer num: 32
[2026-05-23 16:51:17.986] I (2811) wifi:Init static tx FG buffer num: 2
[2026-05-23 16:51:17.988] I (2811) wifi:Init static rx buffer size: 1600
[2026-05-23 16:51:17.990] I (2812) wifi:Init static rx buffer num: 10
[2026-05-23 16:51:17.991] I (2812) wifi:Init dynamic rx buffer num: 32
[2026-05-23 16:51:17.992] I (2813) wifi_init: rx ba win: 6
[2026-05-23 16:51:17.994] I (2814) wifi_init: accept mbox: 6
[2026-05-23 16:51:17.995] I (2814) wifi_init: tcpip mbox: 32
[2026-05-23 16:51:17.996] I (2814) wifi_init: udp mbox: 6
[2026-05-23 16:51:17.997] I (2814) wifi_init: tcp mbox: 6
[2026-05-23 16:51:17.997] I (2815) wifi_init: tcp tx win: 5760
[2026-05-23 16:51:17.998] I (2815) wifi_init: tcp rx win: 5760
[2026-05-23 16:51:17.999] I (2816) wifi_init: tcp mss: 1440
[2026-05-23 16:51:18.000] I (2816) wifi_init: WiFi IRAM OP enabled
[2026-05-23 16:51:18.001] I (2816) wifi_init: WiFi RX IRAM OP enabled
[2026-05-23 16:51:18.002] I (2817) phy_init: phy_version 1200,2b7123f9,Feb 18 2025,15:22:21
[2026-05-23 16:51:18.003] I (2858) wifi:mode : sta (74:4d:bd:e1:d5:b8)
[2026-05-23 16:51:18.004] I (2858) wifi:enable tsf
[2026-05-23 16:51:18.005] I (2861) ESPNOW: espnow [version: 2.0] init
[2026-05-23 16:51:18.006] WCAN_TEST_READY role=sensor
# Waiting for phased test start
# UART test start sent: WCAN_TEST_START at 2026-05-23T16:51:18.017370
[2026-05-23 16:51:18.818] P(FAIL):3478:e0:0:0:0:1
[2026-05-23 16:51:19.144] P(FAIL):3803:e0:2:2:2:1
[2026-05-23 16:51:20.425] P(FAIL):5085:e0:16:16:16:1
[2026-05-23 16:51:20.848] P(FAIL):5507:e0:17:17:17:1
[2026-05-23 16:51:21.312] P(FAIL):5972:e0:25:25:25:1
[2026-05-23 16:51:21.760] P(FAIL):6419:e0:27:27:27:1
[2026-05-23 16:51:22.194] P(FAIL):6853:e0:34:34:34:1
[2026-05-23 16:51:22.763] P(FAIL):7422:e0:40:40:40:1
[2026-05-23 16:51:23.317] P(FAIL):7976:e0:45:45:45:1
[2026-05-23 16:51:23.731] P(FAIL):8390:e0:47:47:47:1
[2026-05-23 16:51:24.215] P(FAIL):8874:e0:54:54:54:1
[2026-05-23 16:51:24.620] P(FAIL):9279:e0:58:58:58:1
[2026-05-23 16:51:24.969] P(FAIL):9628:e0:59:59:59:1
[2026-05-23 16:51:26.058] P(FAIL):10717:e0:72:72:72:1
[2026-05-23 16:51:26.514] P(FAIL):11173:e0:73:73:73:1
[2026-05-23 16:51:27.059] Radio hardware timeout (150ms) to ff:ff:ff:ff:ff:ff
[2026-05-23 16:51:27.060] P(FAIL):11718:e0:74:74:74:1
[2026-05-23 16:51:27.327] S(FAIL):11986:e0:0:84:86:3
[2026-05-23 16:51:27.827] S(FAIL):12486:e0:0:89:89:1
[2026-05-23 16:51:27.933] P(FAIL):12592:e0:80:80:80:1
[2026-05-23 16:51:28.530] P(FAIL):13189:e0:86:90:90:1
[2026-05-23 16:51:28.827] S(FAIL):13486:e0:0:94:95:2
[2026-05-23 16:51:28.952] P(FAIL):13612:e0:88:92:92:1
[2026-05-23 16:51:29.298] P(FAIL):13957:e0:91:97:97:1
[2026-05-23 16:51:29.627] S(FAIL):14286:e0:0:104:105:2
[2026-05-23 16:51:29.705] P(FAIL):14364:e0:94:100:100:1
[2026-05-23 16:51:30.428] P(FAIL):15088:e0:107:116:116:1
[2026-05-23 16:51:30.919] P(FAIL):15578:e0:112:121:121:1
[2026-05-23 16:51:31.256] P(FAIL):15915:e0:114:123:123:1
[2026-05-23 16:51:32.102] P(FAIL):16762:e0:124:133:133:1
[2026-05-23 16:51:32.468] P(FAIL):17127:e0:127:136:136:1
[2026-05-23 16:51:32.851] P(FAIL):17510:e0:131:140:140:1
[2026-05-23 16:51:33.746] P(FAIL):18406:e0:141:150:150:1
[2026-05-23 16:51:34.163] P(FAIL):18822:e0:145:154:154:1
[2026-05-23 16:51:34.522] P(FAIL):19181:e0:146:155:155:1
[2026-05-23 16:51:34.903] P(FAIL):19562:e0:147:156:156:1
[2026-05-23 16:51:35.300] P(FAIL):19960:e0:154:163:163:1
[2026-05-23 16:51:35.680] P(FAIL):20339:e0:161:170:170:1
[2026-05-23 16:51:36.042] P(FAIL):20702:e0:162:171:171:1
[2026-05-23 16:51:36.447] P(FAIL):21106:e0:168:177:177:1
[2026-05-23 16:51:36.849] P(FAIL):21509:e0:172:181:181:1
[2026-05-23 16:51:37.147] P(FAIL):21806:e0:174:183:183:1
[2026-05-23 16:51:37.458] P(FAIL):22117:e0:177:186:186:1
[2026-05-23 16:51:38.252] P(FAIL):22911:e0:186:195:195:1
[2026-05-23 16:51:38.949] P(FAIL):23608:e0:193:202:202:1
[2026-05-23 16:51:39.693] P(FAIL):24352:e0:200:209:209:1
[2026-05-23 16:51:43.610] P(FAIL):28269:e0:240:249:249:1
[2026-05-23 16:51:44.140] P(FAIL):28799:e0:245:254:254:1
[2026-05-23 16:51:45.313] P(FAIL):29972:e0:256:265:265:1
[2026-05-23 16:51:45.679] P(FAIL):30338:e0:259:268:268:1
[2026-05-23 16:51:47.028] P(FAIL):31687:e0:274:283:283:1
[2026-05-23 16:51:47.812] P(FAIL):32471:e0:281:290:290:1
[2026-05-23 16:51:48.158] P(FAIL):32817:e0:284:293:293:1
[2026-05-23 16:51:48.749] P(FAIL):33408:e0:285:294:294:1
[2026-05-23 16:51:49.344] WCAN_BATCH id=0xe0 count=290 avg_hz=9.70 avg_points=1.00 min_points=1 max_points=1 avg_interval_ms=103.11 min_interval_ms=99.84 max_interval_ms=400.03 avg_dispatch_ms=3.74 max_dispatch_ms=80.82 dispatched_count=437 avg_queue_wait_ms=264.41 max_queue_wait_ms=1420.79
[2026-05-23 16:51:49.347] WCAN_SENSOR_END generated=298 avg_hz=9.97
[2026-05-23 16:51:49.349] S(FAIL):33988:e0:0:112:112:1
[2026-05-23 16:51:49.360] WCAN_MEASURES elapsed_ms=29999 heap_start_free=126780 heap_end_free=141568 heap_start_min_free=126760 heap_end_min_free=126324 heap_start_largest=98304 heap_end_largest=98304 airtime_us_total=1632088 packets_sent_total=437 sensor_send_failures_total=9
[2026-05-23 16:51:49.360] WCAN_TEST_END role=sensor

# Monitor stopped: 2026-05-23T16:51:49.360630
