# Monitor started: 2026-05-23T16:51:15.344004
# Port: /dev/ttyACM0, Baud: 921600, Timeout: 35.000s after WCAN_TEST_START

# UART boot config: wcan v=1 role=sensor transport=BROADCAST test_duration_ms=30000 host_wait_time_ms=5000 base=0xd0 count=1 hz=10 linger=0
[2026-05-23 16:51:15.356] ESP-ROM:esp32c3-api1-20210207
[2026-05-23 16:51:15.364] Build:Feb  7 2021
[2026-05-23 16:51:15.387] rst:0x15 (USB_UART_CHIP_RESET),boot:0xd (SPI_FAST_FLASH_BOOT)
[2026-05-23 16:51:15.394] Saved PC:0x40384eba
[2026-05-23 16:51:15.397] SPIWP:0xee
[2026-05-23 16:51:15.403] mode:DIO, clock div:1
[2026-05-23 16:51:15.406] load:0x3fcd5820,len:0x1574
[2026-05-23 16:51:15.408] load:0x403cc710,len:0xc30
[2026-05-23 16:51:15.410] load:0x403ce710,len:0x2fa0
[2026-05-23 16:51:15.411] entry 0x403cc71a
[2026-05-23 16:51:15.413] I (24) boot: ESP-IDF v5.4.1 2nd stage bootloader
[2026-05-23 16:51:15.415] I (24) boot: compile time May 20 2026 00:05:32
[2026-05-23 16:51:15.419] I (25) boot: chip revision: v0.4
[2026-05-23 16:51:15.423] I (25) boot: efuse block revision: v1.3
[2026-05-23 16:51:15.426] I (25) boot.esp32c3: SPI Speed      : 80MHz
[2026-05-23 16:51:15.428] I (25) boot.esp32c3: SPI Mode       : DIO
[2026-05-23 16:51:15.437] I (26) boot.esp32c3: SPI Flash Size : 2MB
[2026-05-23 16:51:15.439] I (26) boot: Enabling RNG early entropy source...
[2026-05-23 16:51:15.440] I (27) boot: Partition Table:
[2026-05-23 16:51:15.449] I (27) boot: ## Label            Usage          Type ST Offset   Length
[2026-05-23 16:51:15.451] I (28) boot:  0 nvs              WiFi data        01 02 00009000 00006000
[2026-05-23 16:51:15.458] I (29) boot:  1 phy_init         RF data          01 01 0000f000 00001000
[2026-05-23 16:51:15.466] I (29) boot:  2 factory          factory app      00 00 00010000 00100000
[2026-05-23 16:51:15.469] I (30) boot: End of partition table
[2026-05-23 16:51:15.473] I (31) esp_image: segment 0: paddr=00010020 vaddr=3c0a0020 size=1977ch (104316) map
[2026-05-23 16:51:15.484] I (48) esp_image: segment 1: paddr=000297a4 vaddr=3fc95200 size=02da0h ( 11680) load
[2026-05-23 16:51:15.487] I (51) esp_image: segment 2: paddr=0002c54c vaddr=40380000 size=03acch ( 15052) load
[2026-05-23 16:51:15.493] I (54) esp_image: segment 3: paddr=00030020 vaddr=42000020 size=9942ch (627756) map
[2026-05-23 16:51:15.497] I (154) esp_image: segment 4: paddr=000c9454 vaddr=40383acc size=11614h ( 71188) load
[2026-05-23 16:51:15.500] I (168) esp_image: segment 5: paddr=000daa70 vaddr=50000200 size=0001ch (    28) load
[2026-05-23 16:51:15.504] I (175) boot: Loaded app from partition at offset 0x10000
[2026-05-23 16:51:15.506] I (175) boot: Disabling RNG early entropy source...
[2026-05-23 16:51:15.508] I (176) cpu_start: Unicore app
[2026-05-23 16:51:15.511] I (185) cpu_start: Pro cpu start user code
[2026-05-23 16:51:15.513] I (185) cpu_start: cpu freq: 160000000 Hz
[2026-05-23 16:51:15.516] I (185) app_init: Application information:
[2026-05-23 16:51:15.519] I (185) app_init: Project name:     sensor_acquirer
[2026-05-23 16:51:15.523] I (185) app_init: App version:      v1.0-171-gbbe0783
[2026-05-23 16:51:15.529] I (186) app_init: Compile time:     May 23 2026 14:30:31
[2026-05-23 16:51:15.531] I (187) app_init: ELF file SHA256:  493679023...
[2026-05-23 16:51:15.533] I (187) app_init: ESP-IDF:          v5.4.1
[2026-05-23 16:51:15.536] I (188) efuse_init: Min chip rev:     v0.3
[2026-05-23 16:51:15.539] I (188) efuse_init: Max chip rev:     v1.99
[2026-05-23 16:51:15.542] I (189) efuse_init: Chip rev:         v0.4
[2026-05-23 16:51:15.544] I (189) heap_init: Initializing. RAM available for dynamic allocation:
[2026-05-23 16:51:15.545] I (190) heap_init: At 3FC9C340 len 00023CC0 (143 KiB): RAM
[2026-05-23 16:51:15.547] I (191) heap_init: At 3FCC0000 len 0001C710 (113 KiB): Retention RAM
[2026-05-23 16:51:15.548] I (191) heap_init: At 3FCDC710 len 00002950 (10 KiB): Retention RAM
[2026-05-23 16:51:15.549] I (192) heap_init: At 5000021C len 00001DCC (7 KiB): RTCRAM
[2026-05-23 16:51:15.550] I (194) spi_flash: detected chip: generic
[2026-05-23 16:51:15.551] I (194) spi_flash: flash io: dio
[2026-05-23 16:51:15.553] W (194) spi_flash: Detected size(4096k) larger than the size in the binary image header(2048k). Using the size in the binary image header.
[2026-05-23 16:51:15.555] I (196) sleep_gpio: Configure to isolate all GPIO pins in sleep state
[2026-05-23 16:51:15.556] I (196) sleep_gpio: Enable automatic switching of GPIO sleep configuration
[2026-05-23 16:51:15.556] I (197) main_task: Started on CPU0
[2026-05-23 16:51:15.556] I (197) main_task: Calling app_main()
[2026-05-23 16:51:15.557] WCAN_CFG_WAIT v=1
# UART boot config sent: wcan v=1 role=sensor transport=BROADCAST test_duration_ms=30000 host_wait_time_ms=5000 base=0xd0 count=1 hz=10 linger=0
[2026-05-23 16:51:15.557] WCAN_CFG_WAIT v=1
[2026-05-23 16:51:17.943] WCAN_CFG_ACK
[2026-05-23 16:51:17.943] WCAN_CFG_ACK
[2026-05-23 16:51:17.950] I (2802) pp: pp rom version: 9387209
[2026-05-23 16:51:17.954] I (2803) net80211: net80211 rom version: 9387209
[2026-05-23 16:51:17.961] I (2804) wifi:wifi driver task: 3fca77a4, prio:23, stack:6656, core=0
[2026-05-23 16:51:17.967] I (2808) wifi:wifi firmware version: 79fa3f41ba
[2026-05-23 16:51:17.972] I (2808) wifi:wifi certification version: v7.0
[2026-05-23 16:51:17.976] I (2808) wifi:config NVS flash: enabled
[2026-05-23 16:51:17.979] I (2808) wifi:config nano formatting: disabled
[2026-05-23 16:51:17.981] I (2809) wifi:Init data frame dynamic rx buffer num: 32
[2026-05-23 16:51:17.984] I (2809) wifi:Init static rx mgmt buffer num: 5
[2026-05-23 16:51:17.986] I (2810) wifi:Init management short buffer num: 32
[2026-05-23 16:51:17.987] I (2810) wifi:Init dynamic tx buffer num: 32
[2026-05-23 16:51:17.989] I (2811) wifi:Init static tx FG buffer num: 2
[2026-05-23 16:51:17.990] I (2811) wifi:Init static rx buffer size: 1600
[2026-05-23 16:51:17.991] I (2812) wifi:Init static rx buffer num: 10
[2026-05-23 16:51:17.993] I (2812) wifi:Init dynamic rx buffer num: 32
[2026-05-23 16:51:17.994] I (2813) wifi_init: rx ba win: 6
[2026-05-23 16:51:17.995] I (2814) wifi_init: accept mbox: 6
[2026-05-23 16:51:17.996] I (2814) wifi_init: tcpip mbox: 32
[2026-05-23 16:51:17.997] I (2814) wifi_init: udp mbox: 6
[2026-05-23 16:51:17.998] I (2814) wifi_init: tcp mbox: 6
[2026-05-23 16:51:17.999] I (2815) wifi_init: tcp tx win: 5760
[2026-05-23 16:51:17.999] I (2815) wifi_init: tcp rx win: 5760
[2026-05-23 16:51:18.000] I (2816) wifi_init: tcp mss: 1440
[2026-05-23 16:51:18.001] I (2816) wifi_init: WiFi IRAM OP enabled
[2026-05-23 16:51:18.002] I (2816) wifi_init: WiFi RX IRAM OP enabled
[2026-05-23 16:51:18.004] I (2817) phy_init: phy_version 1200,2b7123f9,Feb 18 2025,15:22:21
[2026-05-23 16:51:18.004] I (2854) wifi:mode : sta (54:32:04:8c:0b:8c)
[2026-05-23 16:51:18.004] I (2855) wifi:enable tsf
[2026-05-23 16:51:18.005] I (2858) ESPNOW: espnow [version: 2.0] init
[2026-05-23 16:51:18.005] WCAN_TEST_READY role=sensor
# Waiting for phased test start
# UART test start sent: WCAN_TEST_START at 2026-05-23T16:51:18.017085
[2026-05-23 16:51:18.872] P(FAIL):3531:d0:1:1:1:1
[2026-05-23 16:51:19.787] P(FAIL):4445:d0:10:10:10:1
[2026-05-23 16:51:20.527] P(FAIL):5186:d0:17:17:17:1
[2026-05-23 16:51:20.894] P(FAIL):5553:d0:19:19:19:1
[2026-05-23 16:51:21.360] P(FAIL):6019:d0:26:26:26:1
[2026-05-23 16:51:23.651] P(FAIL):8309:d0:49:49:49:1
[2026-05-23 16:51:24.237] P(FAIL):8895:d0:54:54:54:1
[2026-05-23 16:51:24.541] P(FAIL):9199:d0:56:56:56:1
[2026-05-23 16:51:25.180] P(FAIL):9838:d0:64:64:64:1
[2026-05-23 16:51:26.086] P(FAIL):10744:d0:72:72:72:1
[2026-05-23 16:51:27.046] Radio hardware timeout (150ms) to ff:ff:ff:ff:ff:ff
[2026-05-23 16:51:27.383] P(FAIL):12042:d0:76:76:76:1
[2026-05-23 16:51:27.825] S(FAIL):12483:d0:0:86:89:4
[2026-05-23 16:51:27.855] P(FAIL):12514:d0:80:80:80:1
[2026-05-23 16:51:28.128] S(FAIL):12783:d0:0:94:94:1
[2026-05-23 16:51:28.205] P(FAIL):12864:d0:82:82:82:1
[2026-05-23 16:51:28.325] S(FAIL):12983:d0:0:97:97:1
[2026-05-23 16:51:28.575] P(FAIL):13233:d0:83:83:83:1
[2026-05-23 16:51:28.725] S(FAIL):13383:d0:0:99:101:3
[2026-05-23 16:51:28.910] P(FAIL):13569:d0:84:84:84:1
[2026-05-23 16:51:29.125] S(FAIL):13783:d0:0:103:104:2
[2026-05-23 16:51:29.248] P(FAIL):13906:d0:86:90:90:1
[2026-05-23 16:51:29.597] P(FAIL):14255:d0:91:96:96:1
[2026-05-23 16:51:29.931] P(FAIL):14589:d0:98:111:111:1
[2026-05-23 16:51:30.963] P(FAIL):15621:d0:109:122:122:1
[2026-05-23 16:51:31.359] P(FAIL):16017:d0:110:123:123:1
[2026-05-23 16:51:31.876] P(FAIL):16534:d0:117:130:130:1
[2026-05-23 16:51:32.486] P(FAIL):17144:d0:124:137:137:1
[2026-05-23 16:51:32.995] P(FAIL):17653:d0:127:140:140:1
[2026-05-23 16:51:33.355] P(FAIL):18012:d0:133:146:146:1
[2026-05-23 16:51:33.696] P(FAIL):18355:d0:134:147:147:1
[2026-05-23 16:51:38.270] P(FAIL):22928:d0:182:195:195:1
[2026-05-23 16:51:38.993] P(FAIL):23651:d0:189:202:202:1
[2026-05-23 16:51:39.616] P(FAIL):24274:d0:196:209:209:1
[2026-05-23 16:51:40.739] P(FAIL):25398:d0:207:220:220:1
[2026-05-23 16:51:41.082] P(FAIL):25739:d0:209:222:222:1
[2026-05-23 16:51:41.489] P(FAIL):26147:d0:211:224:224:1
[2026-05-23 16:51:43.683] P(FAIL):28342:d0:236:249:249:1
[2026-05-23 16:51:44.153] P(FAIL):28811:d0:241:254:254:1
[2026-05-23 16:51:47.096] P(FAIL):31754:d0:270:283:283:1
[2026-05-23 16:51:48.151] P(FAIL):32809:d0:281:294:294:1
[2026-05-23 16:51:48.625] P(FAIL):33283:d0:282:295:295:1
[2026-05-23 16:51:49.337] WCAN_BATCH id=0xd0 count=286 avg_hz=9.56 avg_points=1.00 min_points=1 max_points=1 avg_interval_ms=104.56 min_interval_ms=99.92 max_interval_ms=500.01 avg_dispatch_ms=4.09 max_dispatch_ms=148.26 dispatched_count=402 avg_queue_wait_ms=251.52 max_queue_wait_ms=1986.20
[2026-05-23 16:51:49.340] WCAN_SENSOR_END generated=298 avg_hz=9.97
[2026-05-23 16:51:49.342] S(FAIL):33985:d0:0:107:108:2
[2026-05-23 16:51:49.357] WCAN_MEASURES elapsed_ms=29999 heap_start_free=126648 heap_end_free=141436 heap_start_min_free=126628 heap_end_min_free=126172 heap_start_largest=98304 heap_end_largest=98304 airtime_us_total=1641673 packets_sent_total=402 sensor_send_failures_total=13
[2026-05-23 16:51:49.359] WCAN_TEST_END role=sensor

# Monitor stopped: 2026-05-23T16:51:49.359102
