# Monitor started: 2026-05-23T18:32:31.516534
# Port: /dev/ttyACM0, Baud: 921600, Timeout: 35.000s after WCAN_TEST_START

# UART boot config: wcan v=1 role=sensor transport=BROADCAST test_duration_ms=30000 host_wait_time_ms=5000 base=0xd0 count=1 hz=750 linger=100
[2026-05-23 18:32:31.517] ESP-ROM:esp32c3-api1-20210207
[2026-05-23 18:32:31.517] Build:Feb  7 2021
[2026-05-23 18:32:31.540] rst:0x15 (USB_UART_CHIP_RESET),boot:0xd (SPI_FAST_FLASH_BOOT)
[2026-05-23 18:32:31.547] Saved PC:0x40384eba
[2026-05-23 18:32:31.553] SPIWP:0xee
[2026-05-23 18:32:31.565] mode:DIO, clock div:1
[2026-05-23 18:32:31.572] load:0x3fcd5820,len:0x1574
[2026-05-23 18:32:31.575] load:0x403cc710,len:0xc30
[2026-05-23 18:32:31.585] load:0x403ce710,len:0x2fa0
[2026-05-23 18:32:31.587] entry 0x403cc71a
[2026-05-23 18:32:31.588] I (24) boot: ESP-IDF v5.4.1 2nd stage bootloader
[2026-05-23 18:32:31.591] I (24) boot: compile time May 20 2026 00:05:32
[2026-05-23 18:32:31.592] I (25) boot: chip revision: v0.4
[2026-05-23 18:32:31.594] I (25) boot: efuse block revision: v1.3
[2026-05-23 18:32:31.597] I (25) boot.esp32c3: SPI Speed      : 80MHz
[2026-05-23 18:32:31.599] I (25) boot.esp32c3: SPI Mode       : DIO
[2026-05-23 18:32:31.601] I (26) boot.esp32c3: SPI Flash Size : 2MB
[2026-05-23 18:32:31.613] I (26) boot: Enabling RNG early entropy source...
[2026-05-23 18:32:31.627] I (27) boot: Partition Table:
[2026-05-23 18:32:31.640] I (27) boot: ## Label            Usage          Type ST Offset   Length
[2026-05-23 18:32:31.650] I (28) boot:  0 nvs              WiFi data        01 02 00009000 00006000
[2026-05-23 18:32:31.652] I (29) boot:  1 phy_init         RF data          01 01 0000f000 00001000
[2026-05-23 18:32:31.656] I (29) boot:  2 factory          factory app      00 00 00010000 00100000
[2026-05-23 18:32:31.660] I (30) boot: End of partition table
[2026-05-23 18:32:31.661] I (31) esp_image: segment 0: paddr=00010020 vaddr=3c0a0020 size=1977ch (104316) map
[2026-05-23 18:32:31.663] I (48) esp_image: segment 1: paddr=000297a4 vaddr=3fc95200 size=02da0h ( 11680) load
[2026-05-23 18:32:31.665] I (51) esp_image: segment 2: paddr=0002c54c vaddr=40380000 size=03acch ( 15052) load
[2026-05-23 18:32:31.667] I (54) esp_image: segment 3: paddr=00030020 vaddr=42000020 size=9942ch (627756) map
[2026-05-23 18:32:31.670] I (154) esp_image: segment 4: paddr=000c9454 vaddr=40383acc size=11614h ( 71188) load
[2026-05-23 18:32:31.672] I (168) esp_image: segment 5: paddr=000daa70 vaddr=50000200 size=0001ch (    28) load
[2026-05-23 18:32:31.673] I (175) boot: Loaded app from partition at offset 0x10000
[2026-05-23 18:32:31.675] I (175) boot: Disabling RNG early entropy source...
[2026-05-23 18:32:31.675] I (176) cpu_start: Unicore app
[2026-05-23 18:32:31.677] I (185) cpu_start: Pro cpu start user code
[2026-05-23 18:32:31.678] I (185) cpu_start: cpu freq: 160000000 Hz
[2026-05-23 18:32:31.680] I (185) app_init: Application information:
[2026-05-23 18:32:31.682] I (185) app_init: Project name:     sensor_acquirer
[2026-05-23 18:32:31.684] I (185) app_init: App version:      v1.0-171-gbbe0783
[2026-05-23 18:32:31.685] I (186) app_init: Compile time:     May 23 2026 14:30:31
[2026-05-23 18:32:31.686] I (187) app_init: ELF file SHA256:  493679023...
[2026-05-23 18:32:31.687] I (187) app_init: ESP-IDF:          v5.4.1
[2026-05-23 18:32:31.690] I (188) efuse_init: Min chip rev:     v0.3
[2026-05-23 18:32:31.693] I (188) efuse_init: Max chip rev:     v1.99
[2026-05-23 18:32:31.698] I (189) efuse_init: Chip rev:         v0.4
[2026-05-23 18:32:31.703] I (189) heap_init: Initializing. RAM available for dynamic allocation:
[2026-05-23 18:32:31.704] I (190) heap_init: At 3FC9C340 len 00023CC0 (143 KiB): RAM
[2026-05-23 18:32:31.708] I (190) heap_init: At 3FCC0000 len 0001C710 (113 KiB): Retention RAM
[2026-05-23 18:32:31.711] I (191) heap_init: At 3FCDC710 len 00002950 (10 KiB): Retention RAM
[2026-05-23 18:32:31.712] I (192) heap_init: At 5000021C len 00001DCC (7 KiB): RTCRAM
[2026-05-23 18:32:31.713] I (194) spi_flash: detected chip: generic
[2026-05-23 18:32:31.714] I (194) spi_flash: flash io: dio
[2026-05-23 18:32:31.716] W (194) spi_flash: Detected size(4096k) larger than the size in the binary image header(2048k). Using the size in the binary image header.
[2026-05-23 18:32:31.717] I (195) sleep_gpio: Configure to isolate all GPIO pins in sleep state
[2026-05-23 18:32:31.718] I (196) sleep_gpio: Enable automatic switching of GPIO sleep configuration
[2026-05-23 18:32:31.719] I (197) main_task: Started on CPU0
[2026-05-23 18:32:31.720] I (197) main_task: Calling app_main()
[2026-05-23 18:32:31.720] WCAN_CFG_WAIT v=1
# UART boot config sent: wcan v=1 role=sensor transport=BROADCAST test_duration_ms=30000 host_wait_time_ms=5000 base=0xd0 count=1 hz=750 linger=100
[2026-05-23 18:32:31.721] WCAN_CFG_WAIT v=1
[2026-05-23 18:32:34.174] WCAN_CFG_ACK
[2026-05-23 18:32:34.175] WCAN_CFG_ACK
[2026-05-23 18:32:34.179] I (2862) pp: pp rom version: 9387209
[2026-05-23 18:32:34.180] I (2863) net80211: net80211 rom version: 9387209
[2026-05-23 18:32:34.181] I (2864) wifi:wifi driver task: 3fca77a4, prio:23, stack:6656, core=0
[2026-05-23 18:32:34.185] I (2868) wifi:wifi firmware version: 79fa3f41ba
[2026-05-23 18:32:34.185] I (2868) wifi:wifi certification version: v7.0
[2026-05-23 18:32:34.186] I (2868) wifi:config NVS flash: enabled
[2026-05-23 18:32:34.186] I (2868) wifi:config nano formatting: disabled
[2026-05-23 18:32:34.187] I (2869) wifi:Init data frame dynamic rx buffer num: 32
[2026-05-23 18:32:34.188] I (2869) wifi:Init static rx mgmt buffer num: 5
[2026-05-23 18:32:34.189] I (2870) wifi:Init management short buffer num: 32
[2026-05-23 18:32:34.191] I (2870) wifi:Init dynamic tx buffer num: 32
[2026-05-23 18:32:34.192] I (2871) wifi:Init static tx FG buffer num: 2
[2026-05-23 18:32:34.193] I (2871) wifi:Init static rx buffer size: 1600
[2026-05-23 18:32:34.193] I (2872) wifi:Init static rx buffer num: 10
[2026-05-23 18:32:34.194] I (2872) wifi:Init dynamic rx buffer num: 32
[2026-05-23 18:32:34.195] I (2873) wifi_init: rx ba win: 6
[2026-05-23 18:32:34.196] I (2874) wifi_init: accept mbox: 6
[2026-05-23 18:32:34.196] I (2874) wifi_init: tcpip mbox: 32
[2026-05-23 18:32:34.197] I (2874) wifi_init: udp mbox: 6
[2026-05-23 18:32:34.198] I (2874) wifi_init: tcp mbox: 6
[2026-05-23 18:32:34.199] I (2875) wifi_init: tcp tx win: 5760
[2026-05-23 18:32:34.200] I (2875) wifi_init: tcp rx win: 5760
[2026-05-23 18:32:34.200] I (2876) wifi_init: tcp mss: 1440
[2026-05-23 18:32:34.201] I (2876) wifi_init: WiFi IRAM OP enabled
[2026-05-23 18:32:34.202] I (2876) wifi_init: WiFi RX IRAM OP enabled
[2026-05-23 18:32:34.203] I (2877) phy_init: phy_version 1200,2b7123f9,Feb 18 2025,15:22:21
[2026-05-23 18:32:34.231] I (2913) wifi:mode : sta (54:32:04:8c:0b:8c)
[2026-05-23 18:32:34.231] I (2913) wifi:enable tsf
[2026-05-23 18:32:34.234] I (2916) ESPNOW: espnow [version: 2.0] init
[2026-05-23 18:32:34.235] WCAN_TEST_READY role=sensor
# Waiting for phased test start
# UART test start sent: WCAN_TEST_START at 2026-05-23T18:32:34.246445
[2026-05-23 18:32:35.058] P(FAIL):3544:d0:0:0:75:76
[2026-05-23 18:32:35.379] P(FAIL):3865:d0:1:76:151:76
[2026-05-23 18:32:50.007] P(FAIL):18492:d0:149:11324:11399:76
[2026-05-23 18:32:50.411] P(FAIL):18897:d0:150:11400:11475:76
[2026-05-23 18:32:50.817] P(FAIL):19302:d0:151:11476:11551:76
[2026-05-23 18:32:51.229] P(FAIL):19714:d0:152:11552:11627:76
[2026-05-23 18:32:51.680] P(FAIL):20165:d0:160:12160:12235:76
[2026-05-23 18:33:03.814] P(FAIL):32299:d0:282:21628:21703:76
[2026-05-23 18:33:04.165] P(FAIL):32651:d0:284:21780:21855:76
[2026-05-23 18:33:04.574] P(FAIL):33060:d0:285:21856:21931:76
[2026-05-23 18:33:05.374] P(FAIL):33860:d0:286:21932:22007:76
[2026-05-23 18:33:05.572] WCAN_BATCH id=0xd0 count=294 avg_hz=9.78 avg_points=75.88 min_points=41 max_points=76 avg_interval_ms=102.20 min_interval_ms=101.25 max_interval_ms=362.61 avg_dispatch_ms=3.80 max_dispatch_ms=7.75 dispatched_count=316 avg_queue_wait_ms=79.08 max_queue_wait_ms=1071.87
[2026-05-23 18:33:05.575] WCAN_SENSOR_END generated=22504 avg_hz=750.19
[2026-05-23 18:33:05.576] S(FAIL):34044:d0:0:12312:12507:196
[2026-05-23 18:33:05.592] WCAN_MEASURES elapsed_ms=29999 heap_start_free=126648 heap_end_free=141280 heap_start_min_free=124496 heap_end_min_free=123932 heap_start_largest=98304 heap_end_largest=98304 airtime_us_total=1196441 packets_sent_total=316 sensor_send_failures_total=196
[2026-05-23 18:33:05.593] WCAN_TEST_END role=sensor

# Monitor stopped: 2026-05-23T18:33:05.593376
