# Monitor started: 2026-05-23T18:32:31.517754
# Port: /dev/ttyACM1, Baud: 921600, Timeout: 35.000s after WCAN_TEST_START

# UART boot config: wcan v=1 role=sensor transport=BROADCAST test_duration_ms=30000 host_wait_time_ms=5000 base=0xe0 count=1 hz=100 linger=100
[2026-05-23 18:32:31.520] ESP-ROM:esp32c3-api1-20210207
[2026-05-23 18:32:31.524] Build:Feb  7 2021
[2026-05-23 18:32:31.552] rst:0x15 (USB_UART_CHIP_RESET),boot:0xd (SPI_FAST_FLASH_BOOT)
[2026-05-23 18:32:31.562] Saved PC:0x40384eba
[2026-05-23 18:32:31.566] SPIWP:0xee
[2026-05-23 18:32:31.572] mode:DIO, clock div:1
[2026-05-23 18:32:31.580] load:0x3fcd5820,len:0x1574
[2026-05-23 18:32:31.586] load:0x403cc710,len:0xc30
[2026-05-23 18:32:31.593] load:0x403ce710,len:0x2fa0
[2026-05-23 18:32:31.595] entry 0x403cc71a
[2026-05-23 18:32:31.597] I (24) boot: ESP-IDF v5.4.1 2nd stage bootloader
[2026-05-23 18:32:31.603] I (24) boot: compile time May 20 2026 00:05:32
[2026-05-23 18:32:31.604] I (25) boot: chip revision: v0.4
[2026-05-23 18:32:31.610] I (25) boot: efuse block revision: v1.3
[2026-05-23 18:32:31.611] I (25) boot.esp32c3: SPI Speed      : 80MHz
[2026-05-23 18:32:31.612] I (25) boot.esp32c3: SPI Mode       : DIO
[2026-05-23 18:32:31.615] I (26) boot.esp32c3: SPI Flash Size : 2MB
[2026-05-23 18:32:31.617] I (26) boot: Enabling RNG early entropy source...
[2026-05-23 18:32:31.619] I (27) boot: Partition Table:
[2026-05-23 18:32:31.620] I (27) boot: ## Label            Usage          Type ST Offset   Length
[2026-05-23 18:32:31.623] I (28) boot:  0 nvs              WiFi data        01 02 00009000 00006000
[2026-05-23 18:32:31.630] I (29) boot:  1 phy_init         RF data          01 01 0000f000 00001000
[2026-05-23 18:32:31.632] I (29) boot:  2 factory          factory app      00 00 00010000 00100000
[2026-05-23 18:32:31.634] I (30) boot: End of partition table
[2026-05-23 18:32:31.640] I (31) esp_image: segment 0: paddr=00010020 vaddr=3c0a0020 size=1977ch (104316) map
[2026-05-23 18:32:31.644] I (48) esp_image: segment 1: paddr=000297a4 vaddr=3fc95200 size=02da0h ( 11680) load
[2026-05-23 18:32:31.653] I (51) esp_image: segment 2: paddr=0002c54c vaddr=40380000 size=03acch ( 15052) load
[2026-05-23 18:32:31.656] I (54) esp_image: segment 3: paddr=00030020 vaddr=42000020 size=9942ch (627756) map
[2026-05-23 18:32:31.658] I (154) esp_image: segment 4: paddr=000c9454 vaddr=40383acc size=11614h ( 71188) load
[2026-05-23 18:32:31.677] I (168) esp_image: segment 5: paddr=000daa70 vaddr=50000200 size=0001ch (    28) load
[2026-05-23 18:32:31.683] I (175) boot: Loaded app from partition at offset 0x10000
[2026-05-23 18:32:31.688] I (175) boot: Disabling RNG early entropy source...
[2026-05-23 18:32:31.689] I (176) cpu_start: Unicore app
[2026-05-23 18:32:31.690] I (185) cpu_start: Pro cpu start user code
[2026-05-23 18:32:31.691] I (185) cpu_start: cpu freq: 160000000 Hz
[2026-05-23 18:32:31.693] I (185) app_init: Application information:
[2026-05-23 18:32:31.697] I (185) app_init: Project name:     sensor_acquirer
[2026-05-23 18:32:31.699] I (185) app_init: App version:      v1.0-171-gbbe0783
[2026-05-23 18:32:31.701] I (186) app_init: Compile time:     May 23 2026 14:30:31
[2026-05-23 18:32:31.703] I (186) app_init: ELF file SHA256:  493679023...
[2026-05-23 18:32:31.708] I (187) app_init: ESP-IDF:          v5.4.1
[2026-05-23 18:32:31.711] I (188) efuse_init: Min chip rev:     v0.3
[2026-05-23 18:32:31.712] I (188) efuse_init: Max chip rev:     v1.99
[2026-05-23 18:32:31.712] I (188) efuse_init: Chip rev:         v0.4
[2026-05-23 18:32:31.714] I (189) heap_init: Initializing. RAM available for dynamic allocation:
[2026-05-23 18:32:31.714] I (190) heap_init: At 3FC9C340 len 00023CC0 (143 KiB): RAM
[2026-05-23 18:32:31.716] I (190) heap_init: At 3FCC0000 len 0001C710 (113 KiB): Retention RAM
[2026-05-23 18:32:31.717] I (191) heap_init: At 3FCDC710 len 00002950 (10 KiB): Retention RAM
[2026-05-23 18:32:31.718] I (192) heap_init: At 5000021C len 00001DCC (7 KiB): RTCRAM
[2026-05-23 18:32:31.719] I (193) spi_flash: detected chip: generic
[2026-05-23 18:32:31.719] I (194) spi_flash: flash io: dio
[2026-05-23 18:32:31.721] W (194) spi_flash: Detected size(4096k) larger than the size in the binary image header(2048k). Using the size in the binary image header.
[2026-05-23 18:32:31.721] I (195) sleep_gpio: Configure to isolate all GPIO pins in sleep state
[2026-05-23 18:32:31.722] I (196) sleep_gpio: Enable automatic switching of GPIO sleep configuration
[2026-05-23 18:32:31.722] I (197) main_task: Started on CPU0
[2026-05-23 18:32:31.722] I (197) main_task: Calling app_main()
[2026-05-23 18:32:31.722] WCAN_CFG_WAIT v=1
# UART boot config sent: wcan v=1 role=sensor transport=BROADCAST test_duration_ms=30000 host_wait_time_ms=5000 base=0xe0 count=1 hz=100 linger=100
[2026-05-23 18:32:31.723] WCAN_CFG_WAIT v=1
[2026-05-23 18:32:34.176] WCAN_CFG_ACK
[2026-05-23 18:32:34.176] WCAN_CFG_ACK
[2026-05-23 18:32:34.180] I (2862) pp: pp rom version: 9387209
[2026-05-23 18:32:34.181] I (2863) net80211: net80211 rom version: 9387209
[2026-05-23 18:32:34.182] I (2864) wifi:wifi driver task: 3fca7720, prio:23, stack:6656, core=0
[2026-05-23 18:32:34.187] I (2868) wifi:wifi firmware version: 79fa3f41ba
[2026-05-23 18:32:34.188] I (2868) wifi:wifi certification version: v7.0
[2026-05-23 18:32:34.188] I (2868) wifi:config NVS flash: enabled
[2026-05-23 18:32:34.189] I (2868) wifi:config nano formatting: disabled
[2026-05-23 18:32:34.191] I (2869) wifi:Init data frame dynamic rx buffer num: 32
[2026-05-23 18:32:34.193] I (2869) wifi:Init static rx mgmt buffer num: 5
[2026-05-23 18:32:34.193] I (2870) wifi:Init management short buffer num: 32
[2026-05-23 18:32:34.194] I (2870) wifi:Init dynamic tx buffer num: 32
[2026-05-23 18:32:34.195] I (2871) wifi:Init static tx FG buffer num: 2
[2026-05-23 18:32:34.196] I (2871) wifi:Init static rx buffer size: 1600
[2026-05-23 18:32:34.198] I (2872) wifi:Init static rx buffer num: 10
[2026-05-23 18:32:34.199] I (2872) wifi:Init dynamic rx buffer num: 32
[2026-05-23 18:32:34.200] I (2874) wifi_init: rx ba win: 6
[2026-05-23 18:32:34.201] I (2874) wifi_init: accept mbox: 6
[2026-05-23 18:32:34.201] I (2874) wifi_init: tcpip mbox: 32
[2026-05-23 18:32:34.202] I (2874) wifi_init: udp mbox: 6
[2026-05-23 18:32:34.202] I (2874) wifi_init: tcp mbox: 6
[2026-05-23 18:32:34.203] I (2875) wifi_init: tcp tx win: 5760
[2026-05-23 18:32:34.203] I (2875) wifi_init: tcp rx win: 5760
[2026-05-23 18:32:34.204] I (2876) wifi_init: tcp mss: 1440
[2026-05-23 18:32:34.204] I (2876) wifi_init: WiFi IRAM OP enabled
[2026-05-23 18:32:34.204] I (2876) wifi_init: WiFi RX IRAM OP enabled
[2026-05-23 18:32:34.204] I (2877) phy_init: phy_version 1200,2b7123f9,Feb 18 2025,15:22:21
[2026-05-23 18:32:34.231] I (2912) wifi:mode : sta (74:4d:bd:e1:d5:b8)
[2026-05-23 18:32:34.231] I (2912) wifi:enable tsf
[2026-05-23 18:32:34.233] I (2915) ESPNOW: espnow [version: 2.0] init
[2026-05-23 18:32:34.235] WCAN_TEST_READY role=sensor
# Waiting for phased test start
# UART test start sent: WCAN_TEST_START at 2026-05-23T18:32:34.246392
[2026-05-23 18:32:36.132] P(FAIL):4616:e0:10:110:120:11
[2026-05-23 18:32:37.606] P(FAIL):6091:e0:23:253:263:11
[2026-05-23 18:32:39.913] P(FAIL):8397:e0:44:484:494:11
[2026-05-23 18:32:41.093] P(FAIL):9578:e0:55:605:615:11
[2026-05-23 18:32:42.319] P(FAIL):10804:e0:66:726:736:11
[2026-05-23 18:32:43.905] P(FAIL):12390:e0:81:891:901:11
[2026-05-23 18:32:45.973] P(FAIL):14457:e0:100:1100:1110:11
[2026-05-23 18:32:46.417] P(FAIL):14902:e0:104:1144:1154:11
[2026-05-23 18:32:47.236] P(FAIL):15720:e0:111:1221:1231:11
[2026-05-23 18:32:47.744] P(FAIL):16228:e0:116:1276:1286:11
[2026-05-23 18:32:50.015] P(FAIL):18499:e0:136:1496:1506:11
[2026-05-23 18:32:52.126] P(FAIL):20611:e0:156:1716:1726:11
[2026-05-23 18:32:52.450] P(FAIL):20934:e0:157:1727:1737:11
[2026-05-23 18:32:53.523] P(FAIL):22008:e0:169:1859:1869:11
[2026-05-23 18:32:54.925] P(FAIL):23410:e0:181:1991:2001:11
[2026-05-23 18:32:57.154] P(FAIL):25638:e0:201:2211:2221:11
[2026-05-23 18:32:58.244] P(FAIL):26728:e0:212:2332:2342:11
[2026-05-23 18:33:01.307] P(FAIL):29792:e0:239:2629:2639:11
[2026-05-23 18:33:03.291] P(FAIL):31775:e0:257:2827:2837:11
[2026-05-23 18:33:04.156] P(FAIL):32641:e0:265:2915:2925:11
[2026-05-23 18:33:04.576] P(FAIL):33061:e0:269:2959:2969:11
[2026-05-23 18:33:05.376] P(FAIL):33861:e0:270:2970:2980:11
[2026-05-23 18:33:05.573] WCAN_BATCH id=0xe0 count=273 avg_hz=9.09 avg_points=10.99 min_points=7 max_points=11 avg_interval_ms=110.00 min_interval_ms=109.91 max_interval_ms=110.11 avg_dispatch_ms=1.70 max_dispatch_ms=8.26 dispatched_count=335 avg_queue_wait_ms=60.07 max_queue_wait_ms=430.76
[2026-05-23 18:33:05.580] WCAN_SENSOR_END generated=2998 avg_hz=99.97
[2026-05-23 18:33:05.591] WCAN_MEASURES elapsed_ms=29999 heap_start_free=126780 heap_end_free=141568 heap_start_min_free=124628 heap_end_min_free=124328 heap_start_largest=98304 heap_end_largest=98304 airtime_us_total=567737 packets_sent_total=335 sensor_send_failures_total=0
[2026-05-23 18:33:05.594] WCAN_TEST_END role=sensor

# Monitor stopped: 2026-05-23T18:33:05.594832
