# Monitor started: 2026-05-23T16:49:50.041838
# Port: /dev/ttyACM0, Baud: 921600, Timeout: 35.000s after WCAN_TEST_START

# UART boot config: wcan v=1 role=sensor transport=BROADCAST test_duration_ms=30000 host_wait_time_ms=5000 base=0xd0 count=1 hz=10 linger=0
[2026-05-23 16:49:50.042] ESP-ROM:esp32c3-api1-20210207
[2026-05-23 16:49:50.043] Build:Feb  7 2021
[2026-05-23 16:49:50.045] rst:0x15 (USB_UART_CHIP_RESET),boot:0xd (SPI_FAST_FLASH_BOOT)
[2026-05-23 16:49:50.047] Saved PC:0x40384eba
[2026-05-23 16:49:50.049] SPIWP:0xee
[2026-05-23 16:49:50.050] mode:DIO, clock div:1
[2026-05-23 16:49:50.053] load:0x3fcd5820,len:0x1574
[2026-05-23 16:49:50.056] load:0x403cc710,len:0xc30
[2026-05-23 16:49:50.060] load:0x403ce710,len:0x2fa0
[2026-05-23 16:49:50.063] entry 0x403cc71a
[2026-05-23 16:49:50.066] I (24) boot: ESP-IDF v5.4.1 2nd stage bootloader
[2026-05-23 16:49:50.075] I (24) boot: compile time May 20 2026 00:05:32
[2026-05-23 16:49:50.080] I (25) boot: chip revision: v0.4
[2026-05-23 16:49:50.084] I (25) boot: efuse block revision: v1.3
[2026-05-23 16:49:50.090] I (25) boot.esp32c3: SPI Speed      : 80MHz
[2026-05-23 16:49:50.093] I (25) boot.esp32c3: SPI Mode       : DIO
[2026-05-23 16:49:50.098] I (26) boot.esp32c3: SPI Flash Size : 2MB
[2026-05-23 16:49:50.101] I (26) boot: Enabling RNG early entropy source...
[2026-05-23 16:49:50.102] I (27) boot: Partition Table:
[2026-05-23 16:49:50.106] I (27) boot: ## Label            Usage          Type ST Offset   Length
[2026-05-23 16:49:50.109] I (28) boot:  0 nvs              WiFi data        01 02 00009000 00006000
[2026-05-23 16:49:50.115] I (29) boot:  1 phy_init         RF data          01 01 0000f000 00001000
[2026-05-23 16:49:50.120] I (29) boot:  2 factory          factory app      00 00 00010000 00100000
[2026-05-23 16:49:50.122] I (30) boot: End of partition table
[2026-05-23 16:49:50.132] I (31) esp_image: segment 0: paddr=00010020 vaddr=3c0a0020 size=1977ch (104316) map
[2026-05-23 16:49:50.141] I (48) esp_image: segment 1: paddr=000297a4 vaddr=3fc95200 size=02da0h ( 11680) load
[2026-05-23 16:49:50.149] I (51) esp_image: segment 2: paddr=0002c54c vaddr=40380000 size=03acch ( 15052) load
[2026-05-23 16:49:50.158] I (54) esp_image: segment 3: paddr=00030020 vaddr=42000020 size=9942ch (627756) map
[2026-05-23 16:49:50.165] I (154) esp_image: segment 4: paddr=000c9454 vaddr=40383acc size=11614h ( 71188) load
[2026-05-23 16:49:50.169] I (168) esp_image: segment 5: paddr=000daa70 vaddr=50000200 size=0001ch (    28) load
[2026-05-23 16:49:50.172] I (175) boot: Loaded app from partition at offset 0x10000
[2026-05-23 16:49:50.175] I (175) boot: Disabling RNG early entropy source...
[2026-05-23 16:49:50.178] I (176) cpu_start: Unicore app
[2026-05-23 16:49:50.183] I (185) cpu_start: Pro cpu start user code
[2026-05-23 16:49:50.186] I (185) cpu_start: cpu freq: 160000000 Hz
[2026-05-23 16:49:50.190] I (185) app_init: Application information:
[2026-05-23 16:49:50.196] I (185) app_init: Project name:     sensor_acquirer
[2026-05-23 16:49:50.199] I (185) app_init: App version:      v1.0-171-gbbe0783
[2026-05-23 16:49:50.202] I (186) app_init: Compile time:     May 23 2026 14:30:31
[2026-05-23 16:49:50.206] I (186) app_init: ELF file SHA256:  493679023...
[2026-05-23 16:49:50.210] I (187) app_init: ESP-IDF:          v5.4.1
[2026-05-23 16:49:50.211] I (188) efuse_init: Min chip rev:     v0.3
[2026-05-23 16:49:50.212] I (188) efuse_init: Max chip rev:     v1.99
[2026-05-23 16:49:50.213] I (188) efuse_init: Chip rev:         v0.4
[2026-05-23 16:49:50.214] I (189) heap_init: Initializing. RAM available for dynamic allocation:
[2026-05-23 16:49:50.215] I (190) heap_init: At 3FC9C340 len 00023CC0 (143 KiB): RAM
[2026-05-23 16:49:50.217] I (190) heap_init: At 3FCC0000 len 0001C710 (113 KiB): Retention RAM
[2026-05-23 16:49:50.218] I (191) heap_init: At 3FCDC710 len 00002950 (10 KiB): Retention RAM
[2026-05-23 16:49:50.219] I (192) heap_init: At 5000021C len 00001DCC (7 KiB): RTCRAM
[2026-05-23 16:49:50.220] I (193) spi_flash: detected chip: generic
[2026-05-23 16:49:50.220] I (194) spi_flash: flash io: dio
[2026-05-23 16:49:50.221] W (194) spi_flash: Detected size(4096k) larger than the size in the binary image header(2048k). Using the size in the binary image header.
[2026-05-23 16:49:50.222] I (195) sleep_gpio: Configure to isolate all GPIO pins in sleep state
[2026-05-23 16:49:50.222] I (196) sleep_gpio: Enable automatic switching of GPIO sleep configuration
[2026-05-23 16:49:50.222] I (197) main_task: Started on CPU0
[2026-05-23 16:49:50.223] I (197) main_task: Calling app_main()
[2026-05-23 16:49:50.223] WCAN_CFG_WAIT v=1
# UART boot config sent: wcan v=1 role=sensor transport=BROADCAST test_duration_ms=30000 host_wait_time_ms=5000 base=0xd0 count=1 hz=10 linger=0
[2026-05-23 16:49:50.223] WCAN_CFG_WAIT v=1
[2026-05-23 16:49:52.603] WCAN_CFG_ACK
[2026-05-23 16:49:52.603] WCAN_CFG_ACK
[2026-05-23 16:49:52.608] I (2765) pp: pp rom version: 9387209
[2026-05-23 16:49:52.608] I (2766) net80211: net80211 rom version: 9387209
[2026-05-23 16:49:52.610] I (2767) wifi:wifi driver task: 3fca77a4, prio:23, stack:6656, core=0
[2026-05-23 16:49:52.615] I (2771) wifi:wifi firmware version: 79fa3f41ba
[2026-05-23 16:49:52.616] I (2771) wifi:wifi certification version: v7.0
[2026-05-23 16:49:52.617] I (2771) wifi:config NVS flash: enabled
[2026-05-23 16:49:52.618] I (2771) wifi:config nano formatting: disabled
[2026-05-23 16:49:52.619] I (2772) wifi:Init data frame dynamic rx buffer num: 32
[2026-05-23 16:49:52.620] I (2772) wifi:Init static rx mgmt buffer num: 5
[2026-05-23 16:49:52.621] I (2773) wifi:Init management short buffer num: 32
[2026-05-23 16:49:52.622] I (2773) wifi:Init dynamic tx buffer num: 32
[2026-05-23 16:49:52.623] I (2774) wifi:Init static tx FG buffer num: 2
[2026-05-23 16:49:52.624] I (2774) wifi:Init static rx buffer size: 1600
[2026-05-23 16:49:52.625] I (2775) wifi:Init static rx buffer num: 10
[2026-05-23 16:49:52.626] I (2775) wifi:Init dynamic rx buffer num: 32
[2026-05-23 16:49:52.627] I (2776) wifi_init: rx ba win: 6
[2026-05-23 16:49:52.627] I (2777) wifi_init: accept mbox: 6
[2026-05-23 16:49:52.628] I (2777) wifi_init: tcpip mbox: 32
[2026-05-23 16:49:52.629] I (2777) wifi_init: udp mbox: 6
[2026-05-23 16:49:52.629] I (2777) wifi_init: tcp mbox: 6
[2026-05-23 16:49:52.630] I (2778) wifi_init: tcp tx win: 5760
[2026-05-23 16:49:52.631] I (2778) wifi_init: tcp rx win: 5760
[2026-05-23 16:49:52.632] I (2779) wifi_init: tcp mss: 1440
[2026-05-23 16:49:52.632] I (2779) wifi_init: WiFi IRAM OP enabled
[2026-05-23 16:49:52.632] I (2779) wifi_init: WiFi RX IRAM OP enabled
[2026-05-23 16:49:52.633] I (2780) phy_init: phy_version 1200,2b7123f9,Feb 18 2025,15:22:21
[2026-05-23 16:49:52.657] I (2814) wifi:mode : sta (54:32:04:8c:0b:8c)
[2026-05-23 16:49:52.658] I (2815) wifi:enable tsf
[2026-05-23 16:49:52.661] I (2818) ESPNOW: espnow [version: 2.0] init
[2026-05-23 16:49:52.661] WCAN_TEST_READY role=sensor
# Waiting for phased test start
# UART test start sent: WCAN_TEST_START at 2026-05-23T16:49:52.673421
[2026-05-23 16:49:53.530] P(FAIL):3491:d0:1:1:1:1
[2026-05-23 16:49:55.801] P(FAIL):5762:d0:23:23:23:1
[2026-05-23 16:49:59.374] P(FAIL):9335:d0:59:59:59:1
[2026-05-23 16:50:00.116] P(FAIL):10077:d0:67:67:67:1
[2026-05-23 16:50:00.724] P(FAIL):10685:d0:73:73:73:1
[2026-05-23 16:50:02.122] P(FAIL):12083:d0:86:86:86:1
[2026-05-23 16:50:02.834] P(FAIL):12795:d0:94:94:94:1
[2026-05-23 16:50:04.236] P(FAIL):14197:d0:108:108:108:1
[2026-05-23 16:50:05.299] P(FAIL):15260:d0:118:118:118:1
[2026-05-23 16:50:06.366] P(FAIL):16327:d0:129:129:129:1
[2026-05-23 16:50:08.362] P(FAIL):18323:d0:150:150:150:1
[2026-05-23 16:50:09.340] P(FAIL):19301:d0:159:159:159:1
[2026-05-23 16:50:09.796] P(FAIL):19757:d0:164:164:164:1
[2026-05-23 16:50:12.764] P(FAIL):22725:d0:193:193:193:1
[2026-05-23 16:50:13.739] P(FAIL):23700:d0:204:204:204:1
[2026-05-23 16:50:17.927] P(FAIL):27888:d0:245:245:245:1
[2026-05-23 16:50:20.560] P(FAIL):30521:d0:271:271:271:1
[2026-05-23 16:50:22.145] P(FAIL):32106:d0:287:287:287:1
[2026-05-23 16:50:22.963] P(FAIL):32924:d0:296:296:296:1
[2026-05-23 16:50:23.655] P(FAIL):33616:d0:297:297:297:1
[2026-05-23 16:50:23.989] WCAN_BATCH id=0xd0 count=299 avg_hz=10.00 avg_points=1.00 min_points=1 max_points=1 avg_interval_ms=100.00 min_interval_ms=99.94 max_interval_ms=100.06 avg_dispatch_ms=2.01 max_dispatch_ms=38.51 dispatched_count=381 avg_queue_wait_ms=58.67 max_queue_wait_ms=341.23
[2026-05-23 16:50:23.989] WCAN_SENSOR_END generated=298 avg_hz=9.97
[2026-05-23 16:50:23.991] WCAN_MEASURES elapsed_ms=29999 heap_start_free=126648 heap_end_free=141280 heap_start_min_free=126628 heap_end_min_free=126356 heap_start_largest=98304 heap_end_largest=98304 airtime_us_total=761788 packets_sent_total=381 sensor_send_failures_total=0
[2026-05-23 16:50:23.992] WCAN_TEST_END role=sensor

# Monitor stopped: 2026-05-23T16:50:23.992089
