# Monitor started: 2026-05-23T18:02:32.120629
# Port: /dev/ttyACM0, Baud: 921600, Timeout: 35.000s after WCAN_TEST_START

# UART boot config: wcan v=1 role=sensor transport=BROADCAST test_duration_ms=30000 host_wait_time_ms=5000 base=0xd0 count=1 hz=200 linger=100
[2026-05-23 18:02:32.121] ESP-ROM:esp32c3-api1-20210207
[2026-05-23 18:02:32.122] Build:Feb  7 2021
[2026-05-23 18:02:32.123] rst:0x15 (USB_UART_CHIP_RESET),boot:0xd (SPI_FAST_FLASH_BOOT)
[2026-05-23 18:02:32.124] Saved PC:0x40384eba
[2026-05-23 18:02:32.124] SPIWP:0xee
[2026-05-23 18:02:32.125] mode:DIO, clock div:1
[2026-05-23 18:02:32.128] load:0x3fcd5820,len:0x1574
[2026-05-23 18:02:32.130] load:0x403cc710,len:0xc30
[2026-05-23 18:02:32.132] load:0x403ce710,len:0x2fa0
[2026-05-23 18:02:32.133] entry 0x403cc71a
[2026-05-23 18:02:32.137] I (24) boot: ESP-IDF v5.4.1 2nd stage bootloader
[2026-05-23 18:02:32.144] I (24) boot: compile time May 20 2026 00:05:32
[2026-05-23 18:02:32.146] I (25) boot: chip revision: v0.4
[2026-05-23 18:02:32.148] I (25) boot: efuse block revision: v1.3
[2026-05-23 18:02:32.152] I (25) boot.esp32c3: SPI Speed      : 80MHz
[2026-05-23 18:02:32.154] I (25) boot.esp32c3: SPI Mode       : DIO
[2026-05-23 18:02:32.156] I (26) boot.esp32c3: SPI Flash Size : 2MB
[2026-05-23 18:02:32.160] I (26) boot: Enabling RNG early entropy source...
[2026-05-23 18:02:32.162] I (27) boot: Partition Table:
[2026-05-23 18:02:32.173] I (27) boot: ## Label            Usage          Type ST Offset   Length
[2026-05-23 18:02:32.177] I (28) boot:  0 nvs              WiFi data        01 02 00009000 00006000
[2026-05-23 18:02:32.181] I (29) boot:  1 phy_init         RF data          01 01 0000f000 00001000
[2026-05-23 18:02:32.183] I (29) boot:  2 factory          factory app      00 00 00010000 00100000
[2026-05-23 18:02:32.185] I (30) boot: End of partition table
[2026-05-23 18:02:32.193] I (31) esp_image: segment 0: paddr=00010020 vaddr=3c0a0020 size=1977ch (104316) map
[2026-05-23 18:02:32.198] I (48) esp_image: segment 1: paddr=000297a4 vaddr=3fc95200 size=02da0h ( 11680) load
[2026-05-23 18:02:32.202] I (51) esp_image: segment 2: paddr=0002c54c vaddr=40380000 size=03acch ( 15052) load
[2026-05-23 18:02:32.207] I (54) esp_image: segment 3: paddr=00030020 vaddr=42000020 size=9942ch (627756) map
[2026-05-23 18:02:32.216] I (154) esp_image: segment 4: paddr=000c9454 vaddr=40383acc size=11614h ( 71188) load
[2026-05-23 18:02:32.222] I (168) esp_image: segment 5: paddr=000daa70 vaddr=50000200 size=0001ch (    28) load
[2026-05-23 18:02:32.226] I (175) boot: Loaded app from partition at offset 0x10000
[2026-05-23 18:02:32.232] I (175) boot: Disabling RNG early entropy source...
[2026-05-23 18:02:32.236] I (176) cpu_start: Unicore app
[2026-05-23 18:02:32.237] I (185) cpu_start: Pro cpu start user code
[2026-05-23 18:02:32.241] I (185) cpu_start: cpu freq: 160000000 Hz
[2026-05-23 18:02:32.242] I (185) app_init: Application information:
[2026-05-23 18:02:32.245] I (185) app_init: Project name:     sensor_acquirer
[2026-05-23 18:02:32.248] I (185) app_init: App version:      v1.0-171-gbbe0783
[2026-05-23 18:02:32.257] I (186) app_init: Compile time:     May 23 2026 14:30:31
[2026-05-23 18:02:32.258] I (186) app_init: ELF file SHA256:  493679023...
[2026-05-23 18:02:32.258] I (187) app_init: ESP-IDF:          v5.4.1
[2026-05-23 18:02:32.259] I (187) efuse_init: Min chip rev:     v0.3
[2026-05-23 18:02:32.260] I (188) efuse_init: Max chip rev:     v1.99
[2026-05-23 18:02:32.261] I (188) efuse_init: Chip rev:         v0.4
[2026-05-23 18:02:32.262] I (189) heap_init: Initializing. RAM available for dynamic allocation:
[2026-05-23 18:02:32.264] I (190) heap_init: At 3FC9C340 len 00023CC0 (143 KiB): RAM
[2026-05-23 18:02:32.265] I (190) heap_init: At 3FCC0000 len 0001C710 (113 KiB): Retention RAM
[2026-05-23 18:02:32.267] I (191) heap_init: At 3FCDC710 len 00002950 (10 KiB): Retention RAM
[2026-05-23 18:02:32.268] I (192) heap_init: At 5000021C len 00001DCC (7 KiB): RTCRAM
[2026-05-23 18:02:32.269] I (193) spi_flash: detected chip: generic
[2026-05-23 18:02:32.269] I (194) spi_flash: flash io: dio
[2026-05-23 18:02:32.272] W (194) spi_flash: Detected size(4096k) larger than the size in the binary image header(2048k). Using the size in the binary image header.
[2026-05-23 18:02:32.273] I (195) sleep_gpio: Configure to isolate all GPIO pins in sleep state
[2026-05-23 18:02:32.275] I (196) sleep_gpio: Enable automatic switching of GPIO sleep configuration
[2026-05-23 18:02:32.275] I (197) main_task: Started on CPU0
[2026-05-23 18:02:32.276] I (197) main_task: Calling app_main()
[2026-05-23 18:02:32.277] WCAN_CFG_WAIT v=1
# UART boot config sent: wcan v=1 role=sensor transport=BROADCAST test_duration_ms=30000 host_wait_time_ms=5000 base=0xd0 count=1 hz=200 linger=100
[2026-05-23 18:02:32.278] WCAN_CFG_WAIT v=1
[2026-05-23 18:02:34.717] WCAN_CFG_ACK
[2026-05-23 18:02:34.718] WCAN_CFG_ACK
[2026-05-23 18:02:34.722] I (2800) pp: pp rom version: 9387209
[2026-05-23 18:02:34.723] I (2801) net80211: net80211 rom version: 9387209
[2026-05-23 18:02:34.725] I (2802) wifi:wifi driver task: 3fca77a4, prio:23, stack:6656, core=0
[2026-05-23 18:02:34.728] I (2806) wifi:wifi firmware version: 79fa3f41ba
[2026-05-23 18:02:34.729] I (2806) wifi:wifi certification version: v7.0
[2026-05-23 18:02:34.730] I (2806) wifi:config NVS flash: enabled
[2026-05-23 18:02:34.731] I (2806) wifi:config nano formatting: disabled
[2026-05-23 18:02:34.732] I (2807) wifi:Init data frame dynamic rx buffer num: 32
[2026-05-23 18:02:34.733] I (2807) wifi:Init static rx mgmt buffer num: 5
[2026-05-23 18:02:34.734] I (2808) wifi:Init management short buffer num: 32
[2026-05-23 18:02:34.735] I (2808) wifi:Init dynamic tx buffer num: 32
[2026-05-23 18:02:34.736] I (2809) wifi:Init static tx FG buffer num: 2
[2026-05-23 18:02:34.737] I (2809) wifi:Init static rx buffer size: 1600
[2026-05-23 18:02:34.738] I (2810) wifi:Init static rx buffer num: 10
[2026-05-23 18:02:34.739] I (2810) wifi:Init dynamic rx buffer num: 32
[2026-05-23 18:02:34.740] I (2811) wifi_init: rx ba win: 6
[2026-05-23 18:02:34.741] I (2812) wifi_init: accept mbox: 6
[2026-05-23 18:02:34.742] I (2812) wifi_init: tcpip mbox: 32
[2026-05-23 18:02:34.743] I (2812) wifi_init: udp mbox: 6
[2026-05-23 18:02:34.743] I (2812) wifi_init: tcp mbox: 6
[2026-05-23 18:02:34.744] I (2813) wifi_init: tcp tx win: 5760
[2026-05-23 18:02:34.745] I (2813) wifi_init: tcp rx win: 5760
[2026-05-23 18:02:34.746] I (2814) wifi_init: tcp mss: 1440
[2026-05-23 18:02:34.747] I (2814) wifi_init: WiFi IRAM OP enabled
[2026-05-23 18:02:34.748] I (2814) wifi_init: WiFi RX IRAM OP enabled
[2026-05-23 18:02:34.749] I (2815) phy_init: phy_version 1200,2b7123f9,Feb 18 2025,15:22:21
[2026-05-23 18:02:34.772] I (2850) wifi:mode : sta (54:32:04:8c:0b:8c)
[2026-05-23 18:02:34.773] I (2851) wifi:enable tsf
[2026-05-23 18:02:34.776] I (2853) ESPNOW: espnow [version: 2.0] init
[2026-05-23 18:02:34.776] WCAN_TEST_READY role=sensor
# Waiting for phased test start
# UART test start sent: WCAN_TEST_START at 2026-05-23T18:02:34.789014
[2026-05-23 18:03:05.133] P(FAIL):33014:d0:282:5922:5942:21
[2026-05-23 18:03:05.933] P(FAIL):33814:d0:283:5943:5963:21
[2026-05-23 18:03:06.102] WCAN_BATCH id=0xd0 count=286 avg_hz=9.52 avg_points=20.98 min_points=14 max_points=21 avg_interval_ms=105.00 min_interval_ms=104.86 max_interval_ms=105.13 avg_dispatch_ms=2.02 max_dispatch_ms=4.93 dispatched_count=286 avg_queue_wait_ms=1.82 max_queue_wait_ms=249.74
[2026-05-23 18:03:06.103] WCAN_SENSOR_END generated=5998 avg_hz=199.97
[2026-05-23 18:03:06.107] WCAN_MEASURES elapsed_ms=29999 heap_start_free=126648 heap_end_free=141280 heap_start_min_free=126548 heap_end_min_free=126308 heap_start_largest=98304 heap_end_largest=98304 airtime_us_total=575100 packets_sent_total=286 sensor_send_failures_total=0
[2026-05-23 18:03:06.107] WCAN_TEST_END role=sensor

# Monitor stopped: 2026-05-23T18:03:06.107789
