# Monitor started: 2026-05-23T18:23:15.843631
# Port: /dev/ttyACM1, Baud: 921600, Timeout: 35.000s after WCAN_TEST_START

# UART boot config: wcan v=1 role=sensor transport=BROADCAST test_duration_ms=30000 host_wait_time_ms=5000 base=0xe0 count=1 hz=1000 linger=100
[2026-05-23 18:23:15.853] ESP-ROM:esp32c3-api1-20210207
[2026-05-23 18:23:15.862] Build:Feb  7 2021
[2026-05-23 18:23:15.879] rst:0x15 (USB_UART_CHIP_RESET),boot:0xd (SPI_FAST_FLASH_BOOT)
[2026-05-23 18:23:15.885] Saved PC:0x40384eba
[2026-05-23 18:23:15.889] SPIWP:0xee
[2026-05-23 18:23:15.896] mode:DIO, clock div:1
[2026-05-23 18:23:15.899] load:0x3fcd5820,len:0x1574
[2026-05-23 18:23:15.905] load:0x403cc710,len:0xc30
[2026-05-23 18:23:15.911] load:0x403ce710,len:0x2fa0
[2026-05-23 18:23:15.912] entry 0x403cc71a
[2026-05-23 18:23:15.916] I (24) boot: ESP-IDF v5.4.1 2nd stage bootloader
[2026-05-23 18:23:15.918] I (24) boot: compile time May 20 2026 00:05:32
[2026-05-23 18:23:15.918] I (25) boot: chip revision: v0.4
[2026-05-23 18:23:15.920] I (25) boot: efuse block revision: v1.3
[2026-05-23 18:23:15.921] I (25) boot.esp32c3: SPI Speed      : 80MHz
[2026-05-23 18:23:15.923] I (25) boot.esp32c3: SPI Mode       : DIO
[2026-05-23 18:23:15.924] I (26) boot.esp32c3: SPI Flash Size : 2MB
[2026-05-23 18:23:15.925] I (26) boot: Enabling RNG early entropy source...
[2026-05-23 18:23:15.929] I (27) boot: Partition Table:
[2026-05-23 18:23:15.932] I (27) boot: ## Label            Usage          Type ST Offset   Length
[2026-05-23 18:23:15.934] I (28) boot:  0 nvs              WiFi data        01 02 00009000 00006000
[2026-05-23 18:23:15.953] I (29) boot:  1 phy_init         RF data          01 01 0000f000 00001000
[2026-05-23 18:23:15.955] I (29) boot:  2 factory          factory app      00 00 00010000 00100000
[2026-05-23 18:23:15.956] I (30) boot: End of partition table
[2026-05-23 18:23:15.961] I (31) esp_image: segment 0: paddr=00010020 vaddr=3c0a0020 size=1977ch (104316) map
[2026-05-23 18:23:15.967] I (48) esp_image: segment 1: paddr=000297a4 vaddr=3fc95200 size=02da0h ( 11680) load
[2026-05-23 18:23:15.971] I (51) esp_image: segment 2: paddr=0002c54c vaddr=40380000 size=03acch ( 15052) load
[2026-05-23 18:23:15.976] I (54) esp_image: segment 3: paddr=00030020 vaddr=42000020 size=9942ch (627756) map
[2026-05-23 18:23:15.978] I (154) esp_image: segment 4: paddr=000c9454 vaddr=40383acc size=11614h ( 71188) load
[2026-05-23 18:23:15.981] I (168) esp_image: segment 5: paddr=000daa70 vaddr=50000200 size=0001ch (    28) load
[2026-05-23 18:23:15.984] I (175) boot: Loaded app from partition at offset 0x10000
[2026-05-23 18:23:15.986] I (175) boot: Disabling RNG early entropy source...
[2026-05-23 18:23:15.988] I (176) cpu_start: Unicore app
[2026-05-23 18:23:15.989] I (185) cpu_start: Pro cpu start user code
[2026-05-23 18:23:15.998] I (185) cpu_start: cpu freq: 160000000 Hz
[2026-05-23 18:23:15.999] I (185) app_init: Application information:
[2026-05-23 18:23:16.004] I (185) app_init: Project name:     sensor_acquirer
[2026-05-23 18:23:16.011] I (185) app_init: App version:      v1.0-171-gbbe0783
[2026-05-23 18:23:16.014] I (186) app_init: Compile time:     May 23 2026 14:30:31
[2026-05-23 18:23:16.018] I (187) app_init: ELF file SHA256:  493679023...
[2026-05-23 18:23:16.021] I (187) app_init: ESP-IDF:          v5.4.1
[2026-05-23 18:23:16.023] I (188) efuse_init: Min chip rev:     v0.3
[2026-05-23 18:23:16.026] I (188) efuse_init: Max chip rev:     v1.99
[2026-05-23 18:23:16.035] I (189) efuse_init: Chip rev:         v0.4
[2026-05-23 18:23:16.038] I (189) heap_init: Initializing. RAM available for dynamic allocation:
[2026-05-23 18:23:16.039] I (190) heap_init: At 3FC9C340 len 00023CC0 (143 KiB): RAM
[2026-05-23 18:23:16.040] I (190) heap_init: At 3FCC0000 len 0001C710 (113 KiB): Retention RAM
[2026-05-23 18:23:16.041] I (191) heap_init: At 3FCDC710 len 00002950 (10 KiB): Retention RAM
[2026-05-23 18:23:16.042] I (192) heap_init: At 5000021C len 00001DCC (7 KiB): RTCRAM
[2026-05-23 18:23:16.043] I (194) spi_flash: detected chip: generic
[2026-05-23 18:23:16.044] I (194) spi_flash: flash io: dio
[2026-05-23 18:23:16.046] W (194) spi_flash: Detected size(4096k) larger than the size in the binary image header(2048k). Using the size in the binary image header.
[2026-05-23 18:23:16.047] I (196) sleep_gpio: Configure to isolate all GPIO pins in sleep state
[2026-05-23 18:23:16.048] I (196) sleep_gpio: Enable automatic switching of GPIO sleep configuration
[2026-05-23 18:23:16.049] I (197) main_task: Started on CPU0
[2026-05-23 18:23:16.050] I (197) main_task: Calling app_main()
[2026-05-23 18:23:16.050] WCAN_CFG_WAIT v=1
# UART boot config sent: wcan v=1 role=sensor transport=BROADCAST test_duration_ms=30000 host_wait_time_ms=5000 base=0xe0 count=1 hz=1000 linger=100
[2026-05-23 18:23:16.051] WCAN_CFG_WAIT v=1
[2026-05-23 18:23:18.523] WCAN_CFG_ACK
[2026-05-23 18:23:18.524] WCAN_CFG_ACK
[2026-05-23 18:23:18.529] I (2882) pp: pp rom version: 9387209
[2026-05-23 18:23:18.533] I (2883) net80211: net80211 rom version: 9387209
[2026-05-23 18:23:18.539] I (2884) wifi:wifi driver task: 3fca7720, prio:23, stack:6656, core=0
[2026-05-23 18:23:18.543] I (2888) wifi:wifi firmware version: 79fa3f41ba
[2026-05-23 18:23:18.549] I (2888) wifi:wifi certification version: v7.0
[2026-05-23 18:23:18.554] I (2888) wifi:config NVS flash: enabled
[2026-05-23 18:23:18.557] I (2888) wifi:config nano formatting: disabled
[2026-05-23 18:23:18.560] I (2889) wifi:Init data frame dynamic rx buffer num: 32
[2026-05-23 18:23:18.562] I (2889) wifi:Init static rx mgmt buffer num: 5
[2026-05-23 18:23:18.564] I (2890) wifi:Init management short buffer num: 32
[2026-05-23 18:23:18.565] I (2890) wifi:Init dynamic tx buffer num: 32
[2026-05-23 18:23:18.567] I (2891) wifi:Init static tx FG buffer num: 2
[2026-05-23 18:23:18.569] I (2891) wifi:Init static rx buffer size: 1600
[2026-05-23 18:23:18.570] I (2892) wifi:Init static rx buffer num: 10
[2026-05-23 18:23:18.573] I (2892) wifi:Init dynamic rx buffer num: 32
[2026-05-23 18:23:18.573] I (2893) wifi_init: rx ba win: 6
[2026-05-23 18:23:18.574] I (2894) wifi_init: accept mbox: 6
[2026-05-23 18:23:18.575] I (2894) wifi_init: tcpip mbox: 32
[2026-05-23 18:23:18.576] I (2894) wifi_init: udp mbox: 6
[2026-05-23 18:23:18.577] I (2894) wifi_init: tcp mbox: 6
[2026-05-23 18:23:18.578] I (2895) wifi_init: tcp tx win: 5760
[2026-05-23 18:23:18.579] I (2895) wifi_init: tcp rx win: 5760
[2026-05-23 18:23:18.580] I (2896) wifi_init: tcp mss: 1440
[2026-05-23 18:23:18.581] I (2896) wifi_init: WiFi IRAM OP enabled
[2026-05-23 18:23:18.582] I (2896) wifi_init: WiFi RX IRAM OP enabled
[2026-05-23 18:23:18.583] I (2897) phy_init: phy_version 1200,2b7123f9,Feb 18 2025,15:22:21
[2026-05-23 18:23:18.585] I (2931) wifi:mode : sta (74:4d:bd:e1:d5:b8)
[2026-05-23 18:23:18.585] I (2932) wifi:enable tsf
[2026-05-23 18:23:18.585] I (2935) ESPNOW: espnow [version: 2.0] init
[2026-05-23 18:23:18.585] WCAN_TEST_READY role=sensor
# Waiting for phased test start
# UART test start sent: WCAN_TEST_START at 2026-05-23T18:23:18.596747
[2026-05-23 18:23:19.413] P(FAIL):3572:e0:0:0:100:101
[2026-05-23 18:23:19.736] P(FAIL):3895:e0:1:101:201:101
[2026-05-23 18:23:20.274] P(FAIL):4433:e0:9:909:1009:101
[2026-05-23 18:23:21.159] P(FAIL):5318:e0:17:1717:1817:101
[2026-05-23 18:23:22.073] P(FAIL):6232:e0:27:2727:2827:101
[2026-05-23 18:23:22.679] P(FAIL):6838:e0:32:3232:3332:101
[2026-05-23 18:23:23.088] P(FAIL):7248:e0:37:3737:3837:101
[2026-05-23 18:23:23.613] P(FAIL):7773:e0:42:4242:4342:101
[2026-05-23 18:23:24.047] P(FAIL):8206:e0:46:4646:4746:101
[2026-05-23 18:23:24.465] P(FAIL):8624:e0:48:4848:4948:101
[2026-05-23 18:23:24.813] P(FAIL):8972:e0:49:4949:5049:101
[2026-05-23 18:23:25.798] P(FAIL):9958:e0:63:6363:6463:101
[2026-05-23 18:23:26.261] P(FAIL):10420:e0:68:6868:6968:101
[2026-05-23 18:23:26.669] P(FAIL):10828:e0:71:7171:7271:101
[2026-05-23 18:23:27.096] P(FAIL):11255:e0:77:7777:7877:101
[2026-05-23 18:23:27.966] P(FAIL):12125:e0:85:8585:8685:101
[2026-05-23 18:23:28.938] P(FAIL):13097:e0:94:9494:9594:101
[2026-05-23 18:23:30.134] P(FAIL):14293:e0:106:10706:10806:101
[2026-05-23 18:23:31.572] P(FAIL):15731:e0:121:12221:12321:101
[2026-05-23 18:23:32.626] P(FAIL):16785:e0:131:13231:13331:101
[2026-05-23 18:23:32.920] P(FAIL):17079:e0:134:13534:13634:101
[2026-05-23 18:23:33.398] P(FAIL):17557:e0:139:14039:14139:101
[2026-05-23 18:23:33.802] P(FAIL):17961:e0:143:14443:14543:101
[2026-05-23 18:23:34.289] P(FAIL):18448:e0:148:14948:15048:101
[2026-05-23 18:23:34.744] P(FAIL):18903:e0:152:15352:15452:101
[2026-05-23 18:23:35.167] P(FAIL):19324:e0:156:15756:15856:101
[2026-05-23 18:23:35.563] P(FAIL):19722:e0:157:15857:15957:101
[2026-05-23 18:23:35.912] P(FAIL):20071:e0:159:16059:16159:101
[2026-05-23 18:23:36.360] P(FAIL):20520:e0:168:16968:17068:101
[2026-05-23 18:23:37.016] P(FAIL):21175:e0:175:17675:17775:101
[2026-05-23 18:23:37.415] P(FAIL):21574:e0:179:18079:18179:101
[2026-05-23 18:23:37.922] P(FAIL):22081:e0:184:18584:18684:101
[2026-05-23 18:23:38.346] P(FAIL):22505:e0:188:18988:19088:101
[2026-05-23 18:23:39.451] P(FAIL):23610:e0:199:20099:20199:101
[2026-05-23 18:23:39.878] P(FAIL):24037:e0:203:20503:20603:101
[2026-05-23 18:23:40.815] P(FAIL):24974:e0:212:21412:21512:101
[2026-05-23 18:23:41.579] P(FAIL):25738:e0:220:22220:22320:101
[2026-05-23 18:23:42.147] P(FAIL):26306:e0:226:22826:22926:101
[2026-05-23 18:23:43.213] P(FAIL):27372:e0:236:23836:23936:101
[2026-05-23 18:23:43.580] P(FAIL):27739:e0:240:24240:24340:101
[2026-05-23 18:23:44.704] P(FAIL):28863:e0:250:25250:25350:101
[2026-05-23 18:23:45.275] P(FAIL):29434:e0:257:25957:26057:101
[2026-05-23 18:23:45.866] P(FAIL):30025:e0:262:26462:26562:101
[2026-05-23 18:23:46.246] P(FAIL):30405:e0:264:26664:26764:101
[2026-05-23 18:23:46.718] P(FAIL):30877:e0:271:27371:27471:101
[2026-05-23 18:23:47.657] P(FAIL):31816:e0:280:28280:28380:101
[2026-05-23 18:23:48.376] P(FAIL):32535:e0:287:28987:29087:101
[2026-05-23 18:23:49.150] P(FAIL):33309:e0:293:29593:29693:101
[2026-05-23 18:23:49.924] WCAN_BATCH id=0xe0 count=298 avg_hz=9.90 avg_points=100.67 min_points=2 max_points=101 avg_interval_ms=101.00 min_interval_ms=100.85 max_interval_ms=101.14 avg_dispatch_ms=5.86 max_dispatch_ms=14.38 dispatched_count=476 avg_queue_wait_ms=153.58 max_queue_wait_ms=761.77
[2026-05-23 18:23:49.927] WCAN_SENSOR_END generated=29998 avg_hz=1000.00
[2026-05-23 18:23:49.938] WCAN_MEASURES elapsed_ms=29999 heap_start_free=126780 heap_end_free=141568 heap_start_min_free=124628 heap_end_min_free=123952 heap_start_largest=98304 heap_end_largest=98304 airtime_us_total=2784581 packets_sent_total=476 sensor_send_failures_total=0
[2026-05-23 18:23:49.938] WCAN_TEST_END role=sensor

# Monitor stopped: 2026-05-23T18:23:49.938673
