# Monitor started: 2026-05-23T18:23:15.843418
# Port: /dev/ttyACM0, Baud: 921600, Timeout: 35.000s after WCAN_TEST_START

# UART boot config: wcan v=1 role=sensor transport=BROADCAST test_duration_ms=30000 host_wait_time_ms=5000 base=0xd0 count=1 hz=1000 linger=100
[2026-05-23 18:23:15.853] ESP-ROM:esp32c3-api1-20210207
[2026-05-23 18:23:15.859] Build:Feb  7 2021
[2026-05-23 18:23:15.879] rst:0x15 (USB_UART_CHIP_RESET),boot:0xd (SPI_FAST_FLASH_BOOT)
[2026-05-23 18:23:15.885] Saved PC:0x40384eba
[2026-05-23 18:23:15.889] SPIWP:0xee
[2026-05-23 18:23:15.900] mode:DIO, clock div:1
[2026-05-23 18:23:15.911] load:0x3fcd5820,len:0x1574
[2026-05-23 18:23:15.914] load:0x403cc710,len:0xc30
[2026-05-23 18:23:15.918] load:0x403ce710,len:0x2fa0
[2026-05-23 18:23:15.920] entry 0x403cc71a
[2026-05-23 18:23:15.927] I (24) boot: ESP-IDF v5.4.1 2nd stage bootloader
[2026-05-23 18:23:15.947] I (24) boot: compile time May 20 2026 00:05:32
[2026-05-23 18:23:15.948] I (25) boot: chip revision: v0.4
[2026-05-23 18:23:15.949] I (25) boot: efuse block revision: v1.3
[2026-05-23 18:23:15.950] I (25) boot.esp32c3: SPI Speed      : 80MHz
[2026-05-23 18:23:15.952] I (25) boot.esp32c3: SPI Mode       : DIO
[2026-05-23 18:23:15.954] I (26) boot.esp32c3: SPI Flash Size : 2MB
[2026-05-23 18:23:15.955] I (26) boot: Enabling RNG early entropy source...
[2026-05-23 18:23:15.957] I (27) boot: Partition Table:
[2026-05-23 18:23:15.960] I (27) boot: ## Label            Usage          Type ST Offset   Length
[2026-05-23 18:23:15.962] I (28) boot:  0 nvs              WiFi data        01 02 00009000 00006000
[2026-05-23 18:23:15.966] I (29) boot:  1 phy_init         RF data          01 01 0000f000 00001000
[2026-05-23 18:23:15.970] I (29) boot:  2 factory          factory app      00 00 00010000 00100000
[2026-05-23 18:23:15.970] I (30) boot: End of partition table
[2026-05-23 18:23:15.974] I (31) esp_image: segment 0: paddr=00010020 vaddr=3c0a0020 size=1977ch (104316) map
[2026-05-23 18:23:15.982] I (48) esp_image: segment 1: paddr=000297a4 vaddr=3fc95200 size=02da0h ( 11680) load
[2026-05-23 18:23:15.987] I (51) esp_image: segment 2: paddr=0002c54c vaddr=40380000 size=03acch ( 15052) load
[2026-05-23 18:23:15.995] I (54) esp_image: segment 3: paddr=00030020 vaddr=42000020 size=9942ch (627756) map
[2026-05-23 18:23:16.003] I (154) esp_image: segment 4: paddr=000c9454 vaddr=40383acc size=11614h ( 71188) load
[2026-05-23 18:23:16.012] I (168) esp_image: segment 5: paddr=000daa70 vaddr=50000200 size=0001ch (    28) load
[2026-05-23 18:23:16.015] I (175) boot: Loaded app from partition at offset 0x10000
[2026-05-23 18:23:16.018] I (175) boot: Disabling RNG early entropy source...
[2026-05-23 18:23:16.019] I (176) cpu_start: Unicore app
[2026-05-23 18:23:16.022] I (185) cpu_start: Pro cpu start user code
[2026-05-23 18:23:16.025] I (185) cpu_start: cpu freq: 160000000 Hz
[2026-05-23 18:23:16.026] I (185) app_init: Application information:
[2026-05-23 18:23:16.027] I (185) app_init: Project name:     sensor_acquirer
[2026-05-23 18:23:16.029] I (185) app_init: App version:      v1.0-171-gbbe0783
[2026-05-23 18:23:16.036] I (186) app_init: Compile time:     May 23 2026 14:30:31
[2026-05-23 18:23:16.037] I (187) app_init: ELF file SHA256:  493679023...
[2026-05-23 18:23:16.038] I (187) app_init: ESP-IDF:          v5.4.1
[2026-05-23 18:23:16.039] I (188) efuse_init: Min chip rev:     v0.3
[2026-05-23 18:23:16.040] I (188) efuse_init: Max chip rev:     v1.99
[2026-05-23 18:23:16.040] I (189) efuse_init: Chip rev:         v0.4
[2026-05-23 18:23:16.042] I (189) heap_init: Initializing. RAM available for dynamic allocation:
[2026-05-23 18:23:16.043] I (190) heap_init: At 3FC9C340 len 00023CC0 (143 KiB): RAM
[2026-05-23 18:23:16.044] I (191) heap_init: At 3FCC0000 len 0001C710 (113 KiB): Retention RAM
[2026-05-23 18:23:16.045] I (191) heap_init: At 3FCDC710 len 00002950 (10 KiB): Retention RAM
[2026-05-23 18:23:16.046] I (192) heap_init: At 5000021C len 00001DCC (7 KiB): RTCRAM
[2026-05-23 18:23:16.047] I (194) spi_flash: detected chip: generic
[2026-05-23 18:23:16.047] I (194) spi_flash: flash io: dio
[2026-05-23 18:23:16.049] W (194) spi_flash: Detected size(4096k) larger than the size in the binary image header(2048k). Using the size in the binary image header.
[2026-05-23 18:23:16.051] I (196) sleep_gpio: Configure to isolate all GPIO pins in sleep state
[2026-05-23 18:23:16.051] I (196) sleep_gpio: Enable automatic switching of GPIO sleep configuration
[2026-05-23 18:23:16.052] I (197) main_task: Started on CPU0
[2026-05-23 18:23:16.052] I (197) main_task: Calling app_main()
[2026-05-23 18:23:16.052] WCAN_CFG_WAIT v=1
# UART boot config sent: wcan v=1 role=sensor transport=BROADCAST test_duration_ms=30000 host_wait_time_ms=5000 base=0xd0 count=1 hz=1000 linger=100
[2026-05-23 18:23:16.052] WCAN_CFG_WAIT v=1
[2026-05-23 18:23:18.523] WCAN_CFG_ACK
[2026-05-23 18:23:18.524] WCAN_CFG_ACK
[2026-05-23 18:23:18.529] I (2882) pp: pp rom version: 9387209
[2026-05-23 18:23:18.534] I (2883) net80211: net80211 rom version: 9387209
[2026-05-23 18:23:18.541] I (2884) wifi:wifi driver task: 3fca77a4, prio:23, stack:6656, core=0
[2026-05-23 18:23:18.545] I (2888) wifi:wifi firmware version: 79fa3f41ba
[2026-05-23 18:23:18.549] I (2888) wifi:wifi certification version: v7.0
[2026-05-23 18:23:18.553] I (2888) wifi:config NVS flash: enabled
[2026-05-23 18:23:18.558] I (2888) wifi:config nano formatting: disabled
[2026-05-23 18:23:18.561] I (2889) wifi:Init data frame dynamic rx buffer num: 32
[2026-05-23 18:23:18.563] I (2889) wifi:Init static rx mgmt buffer num: 5
[2026-05-23 18:23:18.565] I (2890) wifi:Init management short buffer num: 32
[2026-05-23 18:23:18.566] I (2890) wifi:Init dynamic tx buffer num: 32
[2026-05-23 18:23:18.568] I (2891) wifi:Init static tx FG buffer num: 2
[2026-05-23 18:23:18.570] I (2891) wifi:Init static rx buffer size: 1600
[2026-05-23 18:23:18.571] I (2892) wifi:Init static rx buffer num: 10
[2026-05-23 18:23:18.572] I (2892) wifi:Init dynamic rx buffer num: 32
[2026-05-23 18:23:18.573] I (2893) wifi_init: rx ba win: 6
[2026-05-23 18:23:18.573] I (2894) wifi_init: accept mbox: 6
[2026-05-23 18:23:18.574] I (2894) wifi_init: tcpip mbox: 32
[2026-05-23 18:23:18.575] I (2894) wifi_init: udp mbox: 6
[2026-05-23 18:23:18.576] I (2894) wifi_init: tcp mbox: 6
[2026-05-23 18:23:18.577] I (2895) wifi_init: tcp tx win: 5760
[2026-05-23 18:23:18.578] I (2895) wifi_init: tcp rx win: 5760
[2026-05-23 18:23:18.578] I (2896) wifi_init: tcp mss: 1440
[2026-05-23 18:23:18.579] I (2896) wifi_init: WiFi IRAM OP enabled
[2026-05-23 18:23:18.580] I (2896) wifi_init: WiFi RX IRAM OP enabled
[2026-05-23 18:23:18.582] I (2897) phy_init: phy_version 1200,2b7123f9,Feb 18 2025,15:22:21
[2026-05-23 18:23:18.583] I (2931) wifi:mode : sta (54:32:04:8c:0b:8c)
[2026-05-23 18:23:18.583] I (2932) wifi:enable tsf
[2026-05-23 18:23:18.584] I (2935) ESPNOW: espnow [version: 2.0] init
[2026-05-23 18:23:18.584] WCAN_TEST_READY role=sensor
# Waiting for phased test start
# UART test start sent: WCAN_TEST_START at 2026-05-23T18:23:18.596176
[2026-05-23 18:23:24.477] P(FAIL):8636:d0:50:5050:5150:101
[2026-05-23 18:23:25.646] P(FAIL):9805:d0:62:6262:6362:101
[2026-05-23 18:23:29.447] P(FAIL):13606:d0:100:10100:10200:101
[2026-05-23 18:23:30.615] P(FAIL):14774:d0:111:11211:11311:101
[2026-05-23 18:23:31.042] P(FAIL):15200:d0:115:11615:11715:101
[2026-05-23 18:23:35.152] P(FAIL):19310:d0:156:15756:15856:101
[2026-05-23 18:23:38.380] P(FAIL):22539:d0:189:19089:19189:101
[2026-05-23 18:23:38.863] P(FAIL):23022:d0:193:19493:19593:101
[2026-05-23 18:23:46.235] P(FAIL):30394:d0:266:26866:26966:101
[2026-05-23 18:23:47.865] P(FAIL):32024:d0:282:28482:28582:101
[2026-05-23 18:23:48.992] P(FAIL):33151:d0:293:29593:29693:101
[2026-05-23 18:23:49.792] P(FAIL):33951:d0:294:29694:29794:101
[2026-05-23 18:23:49.918] WCAN_BATCH id=0xd0 count=298 avg_hz=9.90 avg_points=100.67 min_points=2 max_points=101 avg_interval_ms=101.00 min_interval_ms=100.90 max_interval_ms=101.11 avg_dispatch_ms=4.83 max_dispatch_ms=17.34 dispatched_count=329 avg_queue_wait_ms=38.57 max_queue_wait_ms=369.74
[2026-05-23 18:23:49.922] WCAN_SENSOR_END generated=29998 avg_hz=1000.00
[2026-05-23 18:23:49.936] WCAN_MEASURES elapsed_ms=29999 heap_start_free=126648 heap_end_free=141436 heap_start_min_free=124496 heap_end_min_free=123820 heap_start_largest=98304 heap_end_largest=98304 airtime_us_total=1587191 packets_sent_total=329 sensor_send_failures_total=0
[2026-05-23 18:23:49.937] WCAN_TEST_END role=sensor

# Monitor stopped: 2026-05-23T18:23:49.937802
