# Monitor started: 2026-05-23T21:03:14.180514
# Port: /dev/ttyACM0, Baud: 921600, Timeout: 35.000s after WCAN_TEST_START

# UART boot config: wcan v=1 role=sensor transport=MULTICAST test_duration_ms=30000 host_wait_time_ms=5000 base=0xd0 count=1 hz=100 linger=0
[2026-05-23 21:03:14.187] ESP-ROM:esp32c3-api1-20210207
[2026-05-23 21:03:14.194] Build:Feb  7 2021
[2026-05-23 21:03:14.218] rst:0x15 (USB_UART_CHIP_RESET),boot:0xd (SPI_FAST_FLASH_BOOT)
[2026-05-23 21:03:14.224] Saved PC:0x40384eba
[2026-05-23 21:03:14.231] SPIWP:0xee
[2026-05-23 21:03:14.237] mode:DIO, clock div:1
[2026-05-23 21:03:14.249] load:0x3fcd5820,len:0x1574
[2026-05-23 21:03:14.254] load:0x403cc710,len:0xc30
[2026-05-23 21:03:14.255] load:0x403ce710,len:0x2fa0
[2026-05-23 21:03:14.256] entry 0x403cc71a
[2026-05-23 21:03:14.269] I (24) boot: ESP-IDF v5.4.1 2nd stage bootloader
[2026-05-23 21:03:14.272] I (24) boot: compile time May 19 2026 23:41:33
[2026-05-23 21:03:14.276] I (25) boot: chip revision: v0.4
[2026-05-23 21:03:14.278] I (25) boot: efuse block revision: v1.3
[2026-05-23 21:03:14.282] I (25) boot.esp32c3: SPI Speed      : 80MHz
[2026-05-23 21:03:14.286] I (25) boot.esp32c3: SPI Mode       : DIO
[2026-05-23 21:03:14.288] I (26) boot.esp32c3: SPI Flash Size : 2MB
[2026-05-23 21:03:14.289] I (26) boot: Enabling RNG early entropy source...
[2026-05-23 21:03:14.291] I (27) boot: Partition Table:
[2026-05-23 21:03:14.292] I (27) boot: ## Label            Usage          Type ST Offset   Length
[2026-05-23 21:03:14.294] I (28) boot:  0 nvs              WiFi data        01 02 00009000 00006000
[2026-05-23 21:03:14.297] I (29) boot:  1 phy_init         RF data          01 01 0000f000 00001000
[2026-05-23 21:03:14.300] I (29) boot:  2 factory          factory app      00 00 00010000 00100000
[2026-05-23 21:03:14.302] I (30) boot: End of partition table
[2026-05-23 21:03:14.305] I (31) esp_image: segment 0: paddr=00010020 vaddr=3c0a0020 size=19850h (104528) map
[2026-05-23 21:03:14.307] I (48) esp_image: segment 1: paddr=00029878 vaddr=3fc95000 size=02da0h ( 11680) load
[2026-05-23 21:03:14.310] I (51) esp_image: segment 2: paddr=0002c620 vaddr=40380000 size=039f8h ( 14840) load
[2026-05-23 21:03:14.312] I (54) esp_image: segment 3: paddr=00030020 vaddr=42000020 size=990b4h (626868) map
[2026-05-23 21:03:14.314] I (154) esp_image: segment 4: paddr=000c90dc vaddr=403839f8 size=114f8h ( 70904) load
[2026-05-23 21:03:14.317] I (168) esp_image: segment 5: paddr=000da5dc vaddr=50000200 size=0001ch (    28) load
[2026-05-23 21:03:14.319] I (174) boot: Loaded app from partition at offset 0x10000
[2026-05-23 21:03:14.320] I (175) boot: Disabling RNG early entropy source...
[2026-05-23 21:03:14.324] I (176) cpu_start: Unicore app
[2026-05-23 21:03:14.327] I (185) cpu_start: Pro cpu start user code
[2026-05-23 21:03:14.328] I (185) cpu_start: cpu freq: 160000000 Hz
[2026-05-23 21:03:14.328] I (185) app_init: Application information:
[2026-05-23 21:03:14.329] I (185) app_init: Project name:     sensor_acquirer
[2026-05-23 21:03:14.332] I (185) app_init: App version:      v1.0-171-gbbe0783
[2026-05-23 21:03:14.336] I (186) app_init: Compile time:     May 23 2026 14:30:40
[2026-05-23 21:03:14.342] I (186) app_init: ELF file SHA256:  0e7d705e7...
[2026-05-23 21:03:14.345] I (187) app_init: ESP-IDF:          v5.4.1
[2026-05-23 21:03:14.347] I (187) efuse_init: Min chip rev:     v0.3
[2026-05-23 21:03:14.351] I (188) efuse_init: Max chip rev:     v1.99
[2026-05-23 21:03:14.353] I (188) efuse_init: Chip rev:         v0.4
[2026-05-23 21:03:14.355] I (189) heap_init: Initializing. RAM available for dynamic allocation:
[2026-05-23 21:03:14.358] I (190) heap_init: At 3FC9C130 len 00023ED0 (143 KiB): RAM
[2026-05-23 21:03:14.362] I (190) heap_init: At 3FCC0000 len 0001C710 (113 KiB): Retention RAM
[2026-05-23 21:03:14.364] I (191) heap_init: At 3FCDC710 len 00002950 (10 KiB): Retention RAM
[2026-05-23 21:03:14.364] I (192) heap_init: At 5000021C len 00001DCC (7 KiB): RTCRAM
[2026-05-23 21:03:14.365] I (193) spi_flash: detected chip: generic
[2026-05-23 21:03:14.366] I (193) spi_flash: flash io: dio
[2026-05-23 21:03:14.368] W (194) spi_flash: Detected size(4096k) larger than the size in the binary image header(2048k). Using the size in the binary image header.
[2026-05-23 21:03:14.368] I (195) sleep_gpio: Configure to isolate all GPIO pins in sleep state
[2026-05-23 21:03:14.369] I (196) sleep_gpio: Enable automatic switching of GPIO sleep configuration
[2026-05-23 21:03:14.370] I (197) main_task: Started on CPU0
[2026-05-23 21:03:14.371] I (197) main_task: Calling app_main()
[2026-05-23 21:03:14.371] WCAN_CFG_WAIT v=1
# UART boot config sent: wcan v=1 role=sensor transport=MULTICAST test_duration_ms=30000 host_wait_time_ms=5000 base=0xd0 count=1 hz=100 linger=0
[2026-05-23 21:03:14.372] WCAN_CFG_WAIT v=1
[2026-05-23 21:03:16.771] WCAN_CFG_ACK
[2026-05-23 21:03:16.772] WCAN_CFG_ACK
[2026-05-23 21:03:16.776] I (2795) pp: pp rom version: 9387209
[2026-05-23 21:03:16.778] I (2796) net80211: net80211 rom version: 9387209
[2026-05-23 21:03:16.779] I (2797) wifi:wifi driver task: 3fca7594, prio:23, stack:6656, core=0
[2026-05-23 21:03:16.783] I (2801) wifi:wifi firmware version: 79fa3f41ba
[2026-05-23 21:03:16.784] I (2801) wifi:wifi certification version: v7.0
[2026-05-23 21:03:16.786] I (2801) wifi:config NVS flash: enabled
[2026-05-23 21:03:16.787] I (2801) wifi:config nano formatting: disabled
[2026-05-23 21:03:16.788] I (2802) wifi:Init data frame dynamic rx buffer num: 32
[2026-05-23 21:03:16.789] I (2802) wifi:Init static rx mgmt buffer num: 5
[2026-05-23 21:03:16.790] I (2803) wifi:Init management short buffer num: 32
[2026-05-23 21:03:16.791] I (2803) wifi:Init dynamic tx buffer num: 32
[2026-05-23 21:03:16.792] I (2804) wifi:Init static tx FG buffer num: 2
[2026-05-23 21:03:16.793] I (2805) wifi:Init static rx buffer size: 1600
[2026-05-23 21:03:16.794] I (2805) wifi:Init static rx buffer num: 10
[2026-05-23 21:03:16.795] I (2805) wifi:Init dynamic rx buffer num: 32
[2026-05-23 21:03:16.796] I (2807) wifi_init: rx ba win: 6
[2026-05-23 21:03:16.797] I (2807) wifi_init: accept mbox: 6
[2026-05-23 21:03:16.799] I (2807) wifi_init: tcpip mbox: 32
[2026-05-23 21:03:16.800] I (2807) wifi_init: udp mbox: 6
[2026-05-23 21:03:16.801] I (2807) wifi_init: tcp mbox: 6
[2026-05-23 21:03:16.803] I (2808) wifi_init: tcp tx win: 5760
[2026-05-23 21:03:16.806] I (2808) wifi_init: tcp rx win: 5760
[2026-05-23 21:03:16.809] I (2809) wifi_init: tcp mss: 1440
[2026-05-23 21:03:16.812] I (2809) wifi_init: WiFi IRAM OP enabled
[2026-05-23 21:03:16.815] I (2809) wifi_init: WiFi RX IRAM OP enabled
[2026-05-23 21:03:16.818] I (2810) phy_init: phy_version 1200,2b7123f9,Feb 18 2025,15:22:21
[2026-05-23 21:03:16.825] I (2843) wifi:mode : sta (54:32:04:8c:0b:8c)
[2026-05-23 21:03:16.826] I (2844) wifi:enable tsf
[2026-05-23 21:03:16.828] I (2847) ESPNOW: espnow [version: 2.0] init
[2026-05-23 21:03:16.828] WCAN_TEST_READY role=sensor
# Waiting for phased test start
# UART test start sent: WCAN_TEST_START at 2026-05-23T21:03:16.866979
[2026-05-23 21:03:47.183] WCAN_BATCH id=0xd0 count=2999 avg_hz=100.00 avg_points=1.00 min_points=1 max_points=1 avg_interval_ms=10.00 min_interval_ms=9.94 max_interval_ms=10.06 avg_dispatch_ms=2.53 max_dispatch_ms=15.43 dispatched_count=2999 avg_queue_wait_ms=0.10 max_queue_wait_ms=0.27
[2026-05-23 21:03:47.183] WCAN_SENSOR_END generated=2998 avg_hz=99.97
[2026-05-23 21:03:47.188] WCAN_MEASURES elapsed_ms=29999 heap_start_free=97564 heap_end_free=113688 heap_start_min_free=97564 heap_end_min_free=96280 heap_start_largest=77824 heap_end_largest=77824 airtime_us_total=7541494 packets_sent_total=2999 sensor_send_failures_total=0
[2026-05-23 21:03:47.189] WCAN_TEST_END role=sensor

# Monitor stopped: 2026-05-23T21:03:47.189083
