# Monitor started: 2026-05-23T15:06:34.462430
# Port: /dev/ttyACM0, Baud: 921600, Timeout: 35.000s after WCAN_TEST_START

# UART boot config: wcan v=1 role=sensor transport=BROADCAST test_duration_ms=30000 host_wait_time_ms=5000 base=0xd0 count=1 hz=200 linger=100
[2026-05-23 15:06:34.473] ESP-ROM:esp32c3-api1-20210207
[2026-05-23 15:06:34.479] Build:Feb  7 2021
[2026-05-23 15:06:34.505] rst:0x15 (USB_UART_CHIP_RESET),boot:0xd (SPI_FAST_FLASH_BOOT)
[2026-05-23 15:06:34.512] Saved PC:0x40384eba
[2026-05-23 15:06:34.517] SPIWP:0xee
[2026-05-23 15:06:34.528] mode:DIO, clock div:1
[2026-05-23 15:06:34.543] load:0x3fcd5820,len:0x1574
[2026-05-23 15:06:34.546] load:0x403cc710,len:0xc30
[2026-05-23 15:06:34.549] load:0x403ce710,len:0x2fa0
[2026-05-23 15:06:34.550] entry 0x403cc71a
[2026-05-23 15:06:34.556] I (24) boot: ESP-IDF v5.4.1 2nd stage bootloader
[2026-05-23 15:06:34.560] I (24) boot: compile time May 20 2026 00:05:32
[2026-05-23 15:06:34.562] I (25) boot: chip revision: v0.4
[2026-05-23 15:06:34.569] I (25) boot: efuse block revision: v1.3
[2026-05-23 15:06:34.572] I (25) boot.esp32c3: SPI Speed      : 80MHz
[2026-05-23 15:06:34.576] I (25) boot.esp32c3: SPI Mode       : DIO
[2026-05-23 15:06:34.578] I (26) boot.esp32c3: SPI Flash Size : 2MB
[2026-05-23 15:06:34.581] I (26) boot: Enabling RNG early entropy source...
[2026-05-23 15:06:34.582] I (27) boot: Partition Table:
[2026-05-23 15:06:34.589] I (27) boot: ## Label            Usage          Type ST Offset   Length
[2026-05-23 15:06:34.593] I (28) boot:  0 nvs              WiFi data        01 02 00009000 00006000
[2026-05-23 15:06:34.597] I (29) boot:  1 phy_init         RF data          01 01 0000f000 00001000
[2026-05-23 15:06:34.603] I (29) boot:  2 factory          factory app      00 00 00010000 00100000
[2026-05-23 15:06:34.608] I (30) boot: End of partition table
[2026-05-23 15:06:34.609] I (31) esp_image: segment 0: paddr=00010020 vaddr=3c0a0020 size=1977ch (104316) map
[2026-05-23 15:06:34.615] I (48) esp_image: segment 1: paddr=000297a4 vaddr=3fc95200 size=02da0h ( 11680) load
[2026-05-23 15:06:34.626] I (51) esp_image: segment 2: paddr=0002c54c vaddr=40380000 size=03acch ( 15052) load
[2026-05-23 15:06:34.629] I (54) esp_image: segment 3: paddr=00030020 vaddr=42000020 size=9942ch (627756) map
[2026-05-23 15:06:34.634] I (154) esp_image: segment 4: paddr=000c9454 vaddr=40383acc size=11614h ( 71188) load
[2026-05-23 15:06:34.640] I (168) esp_image: segment 5: paddr=000daa70 vaddr=50000200 size=0001ch (    28) load
[2026-05-23 15:06:34.641] I (175) boot: Loaded app from partition at offset 0x10000
[2026-05-23 15:06:34.643] I (175) boot: Disabling RNG early entropy source...
[2026-05-23 15:06:34.644] I (176) cpu_start: Unicore app
[2026-05-23 15:06:34.648] I (185) cpu_start: Pro cpu start user code
[2026-05-23 15:06:34.649] I (185) cpu_start: cpu freq: 160000000 Hz
[2026-05-23 15:06:34.650] I (185) app_init: Application information:
[2026-05-23 15:06:34.651] I (185) app_init: Project name:     sensor_acquirer
[2026-05-23 15:06:34.652] I (185) app_init: App version:      v1.0-171-gbbe0783
[2026-05-23 15:06:34.653] I (186) app_init: Compile time:     May 23 2026 14:30:31
[2026-05-23 15:06:34.654] I (187) app_init: ELF file SHA256:  493679023...
[2026-05-23 15:06:34.654] I (187) app_init: ESP-IDF:          v5.4.1
[2026-05-23 15:06:34.655] I (188) efuse_init: Min chip rev:     v0.3
[2026-05-23 15:06:34.656] I (188) efuse_init: Max chip rev:     v1.99
[2026-05-23 15:06:34.657] I (189) efuse_init: Chip rev:         v0.4
[2026-05-23 15:06:34.658] I (189) heap_init: Initializing. RAM available for dynamic allocation:
[2026-05-23 15:06:34.659] I (190) heap_init: At 3FC9C340 len 00023CC0 (143 KiB): RAM
[2026-05-23 15:06:34.660] I (190) heap_init: At 3FCC0000 len 0001C710 (113 KiB): Retention RAM
[2026-05-23 15:06:34.661] I (191) heap_init: At 3FCDC710 len 00002950 (10 KiB): Retention RAM
[2026-05-23 15:06:34.663] I (192) heap_init: At 5000021C len 00001DCC (7 KiB): RTCRAM
[2026-05-23 15:06:34.663] I (194) spi_flash: detected chip: generic
[2026-05-23 15:06:34.664] I (194) spi_flash: flash io: dio
[2026-05-23 15:06:34.666] W (194) spi_flash: Detected size(4096k) larger than the size in the binary image header(2048k). Using the size in the binary image header.
[2026-05-23 15:06:34.667] I (196) sleep_gpio: Configure to isolate all GPIO pins in sleep state
[2026-05-23 15:06:34.668] I (196) sleep_gpio: Enable automatic switching of GPIO sleep configuration
[2026-05-23 15:06:34.668] I (197) main_task: Started on CPU0
[2026-05-23 15:06:34.668] I (197) main_task: Calling app_main()
[2026-05-23 15:06:34.668] WCAN_CFG_WAIT v=1
# UART boot config sent: wcan v=1 role=sensor transport=BROADCAST test_duration_ms=30000 host_wait_time_ms=5000 base=0xd0 count=1 hz=200 linger=100
[2026-05-23 15:06:34.669] WCAN_CFG_WAIT v=1
[2026-05-23 15:06:37.120] WCAN_CFG_ACK
[2026-05-23 15:06:37.121] WCAN_CFG_ACK
[2026-05-23 15:06:37.128] I (2862) pp: pp rom version: 9387209
[2026-05-23 15:06:37.133] I (2863) net80211: net80211 rom version: 9387209
[2026-05-23 15:06:37.139] I (2864) wifi:wifi driver task: 3fca77a4, prio:23, stack:6656, core=0
[2026-05-23 15:06:37.144] I (2868) wifi:wifi firmware version: 79fa3f41ba
[2026-05-23 15:06:37.149] I (2868) wifi:wifi certification version: v7.0
[2026-05-23 15:06:37.152] I (2868) wifi:config NVS flash: enabled
[2026-05-23 15:06:37.154] I (2868) wifi:config nano formatting: disabled
[2026-05-23 15:06:37.158] I (2869) wifi:Init data frame dynamic rx buffer num: 32
[2026-05-23 15:06:37.160] I (2869) wifi:Init static rx mgmt buffer num: 5
[2026-05-23 15:06:37.161] I (2870) wifi:Init management short buffer num: 32
[2026-05-23 15:06:37.163] I (2870) wifi:Init dynamic tx buffer num: 32
[2026-05-23 15:06:37.164] I (2871) wifi:Init static tx FG buffer num: 2
[2026-05-23 15:06:37.166] I (2871) wifi:Init static rx buffer size: 1600
[2026-05-23 15:06:37.167] I (2872) wifi:Init static rx buffer num: 10
[2026-05-23 15:06:37.168] I (2872) wifi:Init dynamic rx buffer num: 32
[2026-05-23 15:06:37.169] I (2873) wifi_init: rx ba win: 6
[2026-05-23 15:06:37.170] I (2874) wifi_init: accept mbox: 6
[2026-05-23 15:06:37.170] I (2874) wifi_init: tcpip mbox: 32
[2026-05-23 15:06:37.171] I (2874) wifi_init: udp mbox: 6
[2026-05-23 15:06:37.172] I (2874) wifi_init: tcp mbox: 6
[2026-05-23 15:06:37.172] I (2875) wifi_init: tcp tx win: 5760
[2026-05-23 15:06:37.173] I (2875) wifi_init: tcp rx win: 5760
[2026-05-23 15:06:37.174] I (2876) wifi_init: tcp mss: 1440
[2026-05-23 15:06:37.175] I (2876) wifi_init: WiFi IRAM OP enabled
[2026-05-23 15:06:37.176] I (2876) wifi_init: WiFi RX IRAM OP enabled
[2026-05-23 15:06:37.176] I (2877) phy_init: phy_version 1200,2b7123f9,Feb 18 2025,15:22:21
[2026-05-23 15:06:37.176] I (2911) wifi:mode : sta (54:32:04:8c:0b:8c)
[2026-05-23 15:06:37.177] I (2911) wifi:enable tsf
[2026-05-23 15:06:37.177] I (2914) ESPNOW: espnow [version: 2.0] init
[2026-05-23 15:06:37.178] WCAN_TEST_READY role=sensor
# Waiting for phased test start
# UART test start sent: WCAN_TEST_START at 2026-05-23T15:06:37.191119
[2026-05-23 15:06:37.999] P(FAIL):3540:d0:0:0:20:21
[2026-05-23 15:06:38.324] P(FAIL):3864:d0:4:84:104:21
[2026-05-23 15:06:38.690] P(FAIL):4231:d0:7:147:167:21
[2026-05-23 15:06:39.129] P(FAIL):4669:d0:11:231:251:21
[2026-05-23 15:06:39.601] P(FAIL):5142:d0:15:315:335:21
[2026-05-23 15:06:39.964] P(FAIL):5504:d0:16:336:356:21
[2026-05-23 15:06:40.388] P(FAIL):5928:d0:23:483:503:21
[2026-05-23 15:06:40.856] P(FAIL):6396:d0:27:567:587:21
[2026-05-23 15:06:41.226] P(FAIL):6766:d0:29:609:629:21
[2026-05-23 15:06:41.605] P(FAIL):7145:d0:35:735:755:21
[2026-05-23 15:06:42.022] P(FAIL):7563:d0:39:819:839:21
[2026-05-23 15:06:42.402] P(FAIL):7942:d0:40:840:860:21
[2026-05-23 15:06:42.770] P(FAIL):8311:d0:46:966:986:21
[2026-05-23 15:06:43.177] P(FAIL):8717:d0:50:1050:1070:21
[2026-05-23 15:06:43.526] P(FAIL):9066:d0:51:1071:1091:21
[2026-05-23 15:06:44.033] P(FAIL):9573:d0:57:1197:1217:21
[2026-05-23 15:06:44.456] P(FAIL):9996:d0:62:1302:1322:21
[2026-05-23 15:06:44.829] P(FAIL):10369:d0:66:1386:1406:21
[2026-05-23 15:06:45.150] P(FAIL):10690:d0:69:1449:1469:21
[2026-05-23 15:06:45.464] P(FAIL):11005:d0:72:1512:1532:21
[2026-05-23 15:06:45.840] P(FAIL):11379:d0:75:1575:1595:21
[2026-05-23 15:06:46.220] P(FAIL):11760:d0:79:1659:1679:21
[2026-05-23 15:06:46.574] P(FAIL):12114:d0:81:1701:1721:21
[2026-05-23 15:06:46.880] P(FAIL):12420:d0:86:1806:1826:21
[2026-05-23 15:06:47.401] P(FAIL):12941:d0:89:1869:1889:21
[2026-05-23 15:06:47.843] P(FAIL):13383:d0:94:1974:1994:21
[2026-05-23 15:06:48.395] P(FAIL):13935:d0:99:2079:2099:21
[2026-05-23 15:06:48.857] P(FAIL):14397:d0:103:2163:2183:21
[2026-05-23 15:06:49.240] P(FAIL):14780:d0:108:2268:2288:21
[2026-05-23 15:06:49.678] P(FAIL):15218:d0:111:2331:2351:21
[2026-05-23 15:06:50.042] P(FAIL):15582:d0:113:2373:2393:21
[2026-05-23 15:06:50.375] P(FAIL):15915:d0:114:2394:2414:21
[2026-05-23 15:06:50.750] P(FAIL):16290:d0:122:2562:2582:21
[2026-05-23 15:06:51.172] P(FAIL):16712:d0:126:2646:2666:21
[2026-05-23 15:06:51.503] P(FAIL):17043:d0:130:2730:2750:21
[2026-05-23 15:06:51.930] P(FAIL):17470:d0:133:2793:2813:21
[2026-05-23 15:06:52.902] P(FAIL):18443:d0:142:2982:3002:21
[2026-05-23 15:06:53.260] P(FAIL):18800:d0:146:3066:3086:21
[2026-05-23 15:06:53.663] P(FAIL):19203:d0:150:3150:3170:21
[2026-05-23 15:06:54.042] P(FAIL):19582:d0:152:3192:3212:21
[2026-05-23 15:06:54.459] P(FAIL):19999:d0:157:3297:3317:21
[2026-05-23 15:06:54.859] P(FAIL):20400:d0:161:3381:3401:21
[2026-05-23 15:06:55.279] P(FAIL):20819:d0:165:3465:3485:21
[2026-05-23 15:06:55.660] P(FAIL):21200:d0:169:3549:3569:21
[2026-05-23 15:06:56.006] P(FAIL):21546:d0:172:3612:3632:21
[2026-05-23 15:06:56.644] P(FAIL):22185:d0:178:3738:3758:21
[2026-05-23 15:06:57.046] P(FAIL):22586:d0:182:3822:3842:21
[2026-05-23 15:06:57.474] P(FAIL):23014:d0:186:3906:3926:21
[2026-05-23 15:06:57.891] P(FAIL):23431:d0:190:3990:4010:21
[2026-05-23 15:06:58.355] P(FAIL):23895:d0:194:4074:4094:21
[2026-05-23 15:06:58.830] P(FAIL):24370:d0:199:4179:4199:21
[2026-05-23 15:06:59.276] P(FAIL):24816:d0:203:4263:4283:21
[2026-05-23 15:06:59.643] P(FAIL):25183:d0:207:4347:4367:21
[2026-05-23 15:06:59.919] P(FAIL):25459:d0:210:4410:4430:21
[2026-05-23 15:07:00.283] P(FAIL):25823:d0:213:4473:4493:21
[2026-05-23 15:07:00.659] P(FAIL):26199:d0:214:4494:4514:21
[2026-05-23 15:07:01.107] P(FAIL):26647:d0:220:4620:4640:21
[2026-05-23 15:07:01.486] P(FAIL):27026:d0:224:4704:4724:21
[2026-05-23 15:07:01.976] P(FAIL):27516:d0:228:4788:4808:21
[2026-05-23 15:07:02.509] P(FAIL):28049:d0:233:4893:4913:21
[2026-05-23 15:07:02.941] P(FAIL):28481:d0:238:4998:5018:21
[2026-05-23 15:07:03.355] P(FAIL):28896:d0:242:5082:5102:21
[2026-05-23 15:07:03.807] P(FAIL):29347:d0:246:5166:5186:21
[2026-05-23 15:07:04.201] P(FAIL):29741:d0:250:5250:5270:21
[2026-05-23 15:07:04.555] P(FAIL):30095:d0:254:5334:5354:21
[2026-05-23 15:07:04.908] P(FAIL):30449:d0:257:5397:5417:21
[2026-05-23 15:07:05.375] P(FAIL):30915:d0:261:5481:5501:21
[2026-05-23 15:07:05.784] P(FAIL):31324:d0:265:5565:5585:21
[2026-05-23 15:07:06.213] P(FAIL):31753:d0:269:5649:5669:21
[2026-05-23 15:07:06.621] P(FAIL):32161:d0:273:5733:5753:21
[2026-05-23 15:07:07.453] P(FAIL):32993:d0:281:5901:5921:21
[2026-05-23 15:07:08.145] P(FAIL):33686:d0:282:5922:5942:21
[2026-05-23 15:07:08.517] WCAN_BATCH id=0xd0 count=286 avg_hz=9.52 avg_points=20.98 min_points=14 max_points=21 avg_interval_ms=105.00 min_interval_ms=104.95 max_interval_ms=105.05 avg_dispatch_ms=2.25 max_dispatch_ms=12.14 dispatched_count=498 avg_queue_wait_ms=165.54 max_queue_wait_ms=696.77
[2026-05-23 15:07:08.521] WCAN_SENSOR_END generated=5998 avg_hz=199.97
[2026-05-23 15:07:08.532] WCAN_MEASURES elapsed_ms=29999 heap_start_free=126648 heap_end_free=141436 heap_start_min_free=126548 heap_end_min_free=126208 heap_start_largest=98304 heap_end_largest=98304 airtime_us_total=1118405 packets_sent_total=498 sensor_send_failures_total=0
[2026-05-23 15:07:08.532] WCAN_TEST_END role=sensor

# Monitor stopped: 2026-05-23T15:07:08.532989
