# Monitor started: 2026-05-23T17:56:07.814407
# Port: /dev/ttyACM1, Baud: 921600, Timeout: 35.000s after WCAN_TEST_START

# UART boot config: wcan v=1 role=sensor transport=BROADCAST test_duration_ms=30000 host_wait_time_ms=5000 base=0xe0 count=1 hz=100 linger=100
[2026-05-23 17:56:07.828] ESP-ROM:esp32c3-api1-20210207
[2026-05-23 17:56:07.837] Build:Feb  7 2021
[2026-05-23 17:56:07.851] rst:0x15 (USB_UART_CHIP_RESET),boot:0xd (SPI_FAST_FLASH_BOOT)
[2026-05-23 17:56:07.854] Saved PC:0x40384eba
[2026-05-23 17:56:07.857] SPIWP:0xee
[2026-05-23 17:56:07.863] mode:DIO, clock div:1
[2026-05-23 17:56:07.869] load:0x3fcd5820,len:0x1574
[2026-05-23 17:56:07.870] load:0x403cc710,len:0xc30
[2026-05-23 17:56:07.873] load:0x403ce710,len:0x2fa0
[2026-05-23 17:56:07.877] entry 0x403cc71a
[2026-05-23 17:56:07.881] I (24) boot: ESP-IDF v5.4.1 2nd stage bootloader
[2026-05-23 17:56:07.885] I (24) boot: compile time May 20 2026 00:05:32
[2026-05-23 17:56:07.886] I (25) boot: chip revision: v0.4
[2026-05-23 17:56:07.892] I (25) boot: efuse block revision: v1.3
[2026-05-23 17:56:07.896] I (25) boot.esp32c3: SPI Speed      : 80MHz
[2026-05-23 17:56:07.899] I (25) boot.esp32c3: SPI Mode       : DIO
[2026-05-23 17:56:07.902] I (26) boot.esp32c3: SPI Flash Size : 2MB
[2026-05-23 17:56:07.909] I (26) boot: Enabling RNG early entropy source...
[2026-05-23 17:56:07.912] I (27) boot: Partition Table:
[2026-05-23 17:56:07.919] I (27) boot: ## Label            Usage          Type ST Offset   Length
[2026-05-23 17:56:07.921] I (28) boot:  0 nvs              WiFi data        01 02 00009000 00006000
[2026-05-23 17:56:07.937] I (29) boot:  1 phy_init         RF data          01 01 0000f000 00001000
[2026-05-23 17:56:07.945] I (29) boot:  2 factory          factory app      00 00 00010000 00100000
[2026-05-23 17:56:07.947] I (30) boot: End of partition table
[2026-05-23 17:56:07.949] I (31) esp_image: segment 0: paddr=00010020 vaddr=3c0a0020 size=1977ch (104316) map
[2026-05-23 17:56:07.954] I (48) esp_image: segment 1: paddr=000297a4 vaddr=3fc95200 size=02da0h ( 11680) load
[2026-05-23 17:56:07.956] I (51) esp_image: segment 2: paddr=0002c54c vaddr=40380000 size=03acch ( 15052) load
[2026-05-23 17:56:07.961] I (54) esp_image: segment 3: paddr=00030020 vaddr=42000020 size=9942ch (627756) map
[2026-05-23 17:56:07.971] I (154) esp_image: segment 4: paddr=000c9454 vaddr=40383acc size=11614h ( 71188) load
[2026-05-23 17:56:07.975] I (168) esp_image: segment 5: paddr=000daa70 vaddr=50000200 size=0001ch (    28) load
[2026-05-23 17:56:07.981] I (175) boot: Loaded app from partition at offset 0x10000
[2026-05-23 17:56:07.983] I (175) boot: Disabling RNG early entropy source...
[2026-05-23 17:56:07.987] I (176) cpu_start: Unicore app
[2026-05-23 17:56:07.990] I (185) cpu_start: Pro cpu start user code
[2026-05-23 17:56:07.995] I (185) cpu_start: cpu freq: 160000000 Hz
[2026-05-23 17:56:07.997] I (185) app_init: Application information:
[2026-05-23 17:56:08.000] I (185) app_init: Project name:     sensor_acquirer
[2026-05-23 17:56:08.004] I (185) app_init: App version:      v1.0-171-gbbe0783
[2026-05-23 17:56:08.006] I (186) app_init: Compile time:     May 23 2026 14:30:31
[2026-05-23 17:56:08.007] I (187) app_init: ELF file SHA256:  493679023...
[2026-05-23 17:56:08.008] I (187) app_init: ESP-IDF:          v5.4.1
[2026-05-23 17:56:08.009] I (188) efuse_init: Min chip rev:     v0.3
[2026-05-23 17:56:08.010] I (188) efuse_init: Max chip rev:     v1.99
[2026-05-23 17:56:08.010] I (189) efuse_init: Chip rev:         v0.4
[2026-05-23 17:56:08.012] I (189) heap_init: Initializing. RAM available for dynamic allocation:
[2026-05-23 17:56:08.013] I (190) heap_init: At 3FC9C340 len 00023CC0 (143 KiB): RAM
[2026-05-23 17:56:08.014] I (190) heap_init: At 3FCC0000 len 0001C710 (113 KiB): Retention RAM
[2026-05-23 17:56:08.015] I (191) heap_init: At 3FCDC710 len 00002950 (10 KiB): Retention RAM
[2026-05-23 17:56:08.016] I (192) heap_init: At 5000021C len 00001DCC (7 KiB): RTCRAM
[2026-05-23 17:56:08.017] I (194) spi_flash: detected chip: generic
[2026-05-23 17:56:08.018] I (194) spi_flash: flash io: dio
[2026-05-23 17:56:08.020] W (194) spi_flash: Detected size(4096k) larger than the size in the binary image header(2048k). Using the size in the binary image header.
[2026-05-23 17:56:08.021] I (196) sleep_gpio: Configure to isolate all GPIO pins in sleep state
[2026-05-23 17:56:08.022] I (196) sleep_gpio: Enable automatic switching of GPIO sleep configuration
[2026-05-23 17:56:08.022] I (197) main_task: Started on CPU0
[2026-05-23 17:56:08.023] I (197) main_task: Calling app_main()
[2026-05-23 17:56:08.023] WCAN_CFG_WAIT v=1
# UART boot config sent: wcan v=1 role=sensor transport=BROADCAST test_duration_ms=30000 host_wait_time_ms=5000 base=0xe0 count=1 hz=100 linger=100
[2026-05-23 17:56:08.023] WCAN_CFG_WAIT v=1
[2026-05-23 17:56:10.473] WCAN_CFG_ACK
[2026-05-23 17:56:10.473] WCAN_CFG_ACK
[2026-05-23 17:56:10.481] I (2862) pp: pp rom version: 9387209
[2026-05-23 17:56:10.485] I (2863) net80211: net80211 rom version: 9387209
[2026-05-23 17:56:10.492] I (2864) wifi:wifi driver task: 3fca7720, prio:23, stack:6656, core=0
[2026-05-23 17:56:10.499] I (2868) wifi:wifi firmware version: 79fa3f41ba
[2026-05-23 17:56:10.504] I (2868) wifi:wifi certification version: v7.0
[2026-05-23 17:56:10.506] I (2868) wifi:config NVS flash: enabled
[2026-05-23 17:56:10.509] I (2868) wifi:config nano formatting: disabled
[2026-05-23 17:56:10.511] I (2869) wifi:Init data frame dynamic rx buffer num: 32
[2026-05-23 17:56:10.513] I (2869) wifi:Init static rx mgmt buffer num: 5
[2026-05-23 17:56:10.515] I (2870) wifi:Init management short buffer num: 32
[2026-05-23 17:56:10.516] I (2870) wifi:Init dynamic tx buffer num: 32
[2026-05-23 17:56:10.518] I (2871) wifi:Init static tx FG buffer num: 2
[2026-05-23 17:56:10.519] I (2872) wifi:Init static rx buffer size: 1600
[2026-05-23 17:56:10.521] I (2872) wifi:Init static rx buffer num: 10
[2026-05-23 17:56:10.522] I (2872) wifi:Init dynamic rx buffer num: 32
[2026-05-23 17:56:10.523] I (2874) wifi_init: rx ba win: 6
[2026-05-23 17:56:10.524] I (2874) wifi_init: accept mbox: 6
[2026-05-23 17:56:10.524] I (2874) wifi_init: tcpip mbox: 32
[2026-05-23 17:56:10.525] I (2874) wifi_init: udp mbox: 6
[2026-05-23 17:56:10.526] I (2874) wifi_init: tcp mbox: 6
[2026-05-23 17:56:10.527] I (2875) wifi_init: tcp tx win: 5760
[2026-05-23 17:56:10.527] I (2875) wifi_init: tcp rx win: 5760
[2026-05-23 17:56:10.528] I (2876) wifi_init: tcp mss: 1440
[2026-05-23 17:56:10.529] I (2876) wifi_init: WiFi IRAM OP enabled
[2026-05-23 17:56:10.530] I (2876) wifi_init: WiFi RX IRAM OP enabled
[2026-05-23 17:56:10.530] I (2877) phy_init: phy_version 1200,2b7123f9,Feb 18 2025,15:22:21
[2026-05-23 17:56:10.538] I (2923) wifi:mode : sta (74:4d:bd:e1:d5:b8)
[2026-05-23 17:56:10.538] I (2923) wifi:enable tsf
[2026-05-23 17:56:10.541] I (2926) ESPNOW: espnow [version: 2.0] init
[2026-05-23 17:56:10.543] WCAN_TEST_READY role=sensor
# Waiting for phased test start
# UART test start sent: WCAN_TEST_START at 2026-05-23T17:56:10.554419
[2026-05-23 17:56:40.884] P(FAIL):33072:e0:269:2959:2969:11
[2026-05-23 17:56:41.684] P(FAIL):33872:e0:270:2970:2980:11
[2026-05-23 17:56:41.879] WCAN_BATCH id=0xe0 count=273 avg_hz=9.09 avg_points=10.99 min_points=7 max_points=11 avg_interval_ms=110.00 min_interval_ms=109.96 max_interval_ms=110.02 avg_dispatch_ms=1.75 max_dispatch_ms=8.47 dispatched_count=273 avg_queue_wait_ms=1.84 max_queue_wait_ms=239.74
[2026-05-23 17:56:41.883] WCAN_SENSOR_END generated=2998 avg_hz=99.97
[2026-05-23 17:56:41.899] WCAN_MEASURES elapsed_ms=29999 heap_start_free=126780 heap_end_free=141568 heap_start_min_free=126720 heap_end_min_free=126420 heap_start_largest=98304 heap_end_largest=98304 airtime_us_total=474798 packets_sent_total=273 sensor_send_failures_total=0
[2026-05-23 17:56:41.900] WCAN_TEST_END role=sensor

# Monitor stopped: 2026-05-23T17:56:41.900713
