# Monitor started: 2026-05-23T16:43:25.848059
# Port: /dev/ttyACM1, Baud: 921600, Timeout: 35.000s after WCAN_TEST_START

# UART boot config: wcan v=1 role=sensor transport=BROADCAST test_duration_ms=30000 host_wait_time_ms=5000 base=0xe0 count=1 hz=10 linger=0
[2026-05-23 16:43:25.852] ESP-ROM:esp32c3-api1-20210207
[2026-05-23 16:43:25.860] Build:Feb  7 2021
[2026-05-23 16:43:25.872] rst:0x15 (USB_UART_CHIP_RESET),boot:0xd (SPI_FAST_FLASH_BOOT)
[2026-05-23 16:43:25.876] Saved PC:0x40384eba
[2026-05-23 16:43:25.879] SPIWP:0xee
[2026-05-23 16:43:25.885] mode:DIO, clock div:1
[2026-05-23 16:43:25.899] load:0x3fcd5820,len:0x1574
[2026-05-23 16:43:25.902] load:0x403cc710,len:0xc30
[2026-05-23 16:43:25.904] load:0x403ce710,len:0x2fa0
[2026-05-23 16:43:25.910] entry 0x403cc71a
[2026-05-23 16:43:25.914] I (24) boot: ESP-IDF v5.4.1 2nd stage bootloader
[2026-05-23 16:43:25.916] I (24) boot: compile time May 20 2026 00:05:32
[2026-05-23 16:43:25.918] I (25) boot: chip revision: v0.4
[2026-05-23 16:43:25.923] I (25) boot: efuse block revision: v1.3
[2026-05-23 16:43:25.924] I (25) boot.esp32c3: SPI Speed      : 80MHz
[2026-05-23 16:43:25.926] I (25) boot.esp32c3: SPI Mode       : DIO
[2026-05-23 16:43:25.928] I (26) boot.esp32c3: SPI Flash Size : 2MB
[2026-05-23 16:43:25.929] I (26) boot: Enabling RNG early entropy source...
[2026-05-23 16:43:25.930] I (27) boot: Partition Table:
[2026-05-23 16:43:25.937] I (27) boot: ## Label            Usage          Type ST Offset   Length
[2026-05-23 16:43:25.940] I (28) boot:  0 nvs              WiFi data        01 02 00009000 00006000
[2026-05-23 16:43:25.945] I (29) boot:  1 phy_init         RF data          01 01 0000f000 00001000
[2026-05-23 16:43:25.950] I (29) boot:  2 factory          factory app      00 00 00010000 00100000
[2026-05-23 16:43:25.952] I (30) boot: End of partition table
[2026-05-23 16:43:25.959] I (31) esp_image: segment 0: paddr=00010020 vaddr=3c0a0020 size=1977ch (104316) map
[2026-05-23 16:43:25.966] I (48) esp_image: segment 1: paddr=000297a4 vaddr=3fc95200 size=02da0h ( 11680) load
[2026-05-23 16:43:25.970] I (51) esp_image: segment 2: paddr=0002c54c vaddr=40380000 size=03acch ( 15052) load
[2026-05-23 16:43:25.972] I (54) esp_image: segment 3: paddr=00030020 vaddr=42000020 size=9942ch (627756) map
[2026-05-23 16:43:25.975] I (154) esp_image: segment 4: paddr=000c9454 vaddr=40383acc size=11614h ( 71188) load
[2026-05-23 16:43:25.977] I (168) esp_image: segment 5: paddr=000daa70 vaddr=50000200 size=0001ch (    28) load
[2026-05-23 16:43:25.980] I (175) boot: Loaded app from partition at offset 0x10000
[2026-05-23 16:43:25.982] I (175) boot: Disabling RNG early entropy source...
[2026-05-23 16:43:25.982] I (176) cpu_start: Unicore app
[2026-05-23 16:43:25.985] I (185) cpu_start: Pro cpu start user code
[2026-05-23 16:43:25.987] I (185) cpu_start: cpu freq: 160000000 Hz
[2026-05-23 16:43:25.988] I (185) app_init: Application information:
[2026-05-23 16:43:25.991] I (185) app_init: Project name:     sensor_acquirer
[2026-05-23 16:43:25.992] I (185) app_init: App version:      v1.0-171-gbbe0783
[2026-05-23 16:43:25.995] I (186) app_init: Compile time:     May 23 2026 14:30:31
[2026-05-23 16:43:26.002] I (187) app_init: ELF file SHA256:  493679023...
[2026-05-23 16:43:26.004] I (187) app_init: ESP-IDF:          v5.4.1
[2026-05-23 16:43:26.007] I (188) efuse_init: Min chip rev:     v0.3
[2026-05-23 16:43:26.010] I (188) efuse_init: Max chip rev:     v1.99
[2026-05-23 16:43:26.012] I (189) efuse_init: Chip rev:         v0.4
[2026-05-23 16:43:26.019] I (189) heap_init: Initializing. RAM available for dynamic allocation:
[2026-05-23 16:43:26.023] I (190) heap_init: At 3FC9C340 len 00023CC0 (143 KiB): RAM
[2026-05-23 16:43:26.034] I (191) heap_init: At 3FCC0000 len 0001C710 (113 KiB): Retention RAM
[2026-05-23 16:43:26.039] I (191) heap_init: At 3FCDC710 len 00002950 (10 KiB): Retention RAM
[2026-05-23 16:43:26.041] I (192) heap_init: At 5000021C len 00001DCC (7 KiB): RTCRAM
[2026-05-23 16:43:26.043] I (194) spi_flash: detected chip: generic
[2026-05-23 16:43:26.043] I (194) spi_flash: flash io: dio
[2026-05-23 16:43:26.046] W (194) spi_flash: Detected size(4096k) larger than the size in the binary image header(2048k). Using the size in the binary image header.
[2026-05-23 16:43:26.047] I (196) sleep_gpio: Configure to isolate all GPIO pins in sleep state
[2026-05-23 16:43:26.048] I (196) sleep_gpio: Enable automatic switching of GPIO sleep configuration
[2026-05-23 16:43:26.049] I (197) main_task: Started on CPU0
[2026-05-23 16:43:26.050] I (197) main_task: Calling app_main()
[2026-05-23 16:43:26.050] WCAN_CFG_WAIT v=1
# UART boot config sent: wcan v=1 role=sensor transport=BROADCAST test_duration_ms=30000 host_wait_time_ms=5000 base=0xe0 count=1 hz=10 linger=0
[2026-05-23 16:43:26.051] WCAN_CFG_WAIT v=1
[2026-05-23 16:43:28.446] WCAN_CFG_ACK
[2026-05-23 16:43:28.447] WCAN_CFG_ACK
[2026-05-23 16:43:28.451] I (2802) pp: pp rom version: 9387209
[2026-05-23 16:43:28.452] I (2803) net80211: net80211 rom version: 9387209
[2026-05-23 16:43:28.454] I (2804) wifi:wifi driver task: 3fca7720, prio:23, stack:6656, core=0
[2026-05-23 16:43:28.457] I (2808) wifi:wifi firmware version: 79fa3f41ba
[2026-05-23 16:43:28.459] I (2808) wifi:wifi certification version: v7.0
[2026-05-23 16:43:28.460] I (2808) wifi:config NVS flash: enabled
[2026-05-23 16:43:28.461] I (2808) wifi:config nano formatting: disabled
[2026-05-23 16:43:28.462] I (2809) wifi:Init data frame dynamic rx buffer num: 32
[2026-05-23 16:43:28.463] I (2809) wifi:Init static rx mgmt buffer num: 5
[2026-05-23 16:43:28.465] I (2810) wifi:Init management short buffer num: 32
[2026-05-23 16:43:28.466] I (2810) wifi:Init dynamic tx buffer num: 32
[2026-05-23 16:43:28.467] I (2811) wifi:Init static tx FG buffer num: 2
[2026-05-23 16:43:28.468] I (2811) wifi:Init static rx buffer size: 1600
[2026-05-23 16:43:28.469] I (2812) wifi:Init static rx buffer num: 10
[2026-05-23 16:43:28.470] I (2812) wifi:Init dynamic rx buffer num: 32
[2026-05-23 16:43:28.471] I (2813) wifi_init: rx ba win: 6
[2026-05-23 16:43:28.472] I (2814) wifi_init: accept mbox: 6
[2026-05-23 16:43:28.473] I (2814) wifi_init: tcpip mbox: 32
[2026-05-23 16:43:28.473] I (2814) wifi_init: udp mbox: 6
[2026-05-23 16:43:28.474] I (2814) wifi_init: tcp mbox: 6
[2026-05-23 16:43:28.475] I (2815) wifi_init: tcp tx win: 5760
[2026-05-23 16:43:28.476] I (2815) wifi_init: tcp rx win: 5760
[2026-05-23 16:43:28.477] I (2816) wifi_init: tcp mss: 1440
[2026-05-23 16:43:28.478] I (2816) wifi_init: WiFi IRAM OP enabled
[2026-05-23 16:43:28.479] I (2816) wifi_init: WiFi RX IRAM OP enabled
[2026-05-23 16:43:28.481] I (2817) phy_init: phy_version 1200,2b7123f9,Feb 18 2025,15:22:21
[2026-05-23 16:43:28.500] I (2851) wifi:mode : sta (74:4d:bd:e1:d5:b8)
[2026-05-23 16:43:28.501] I (2852) wifi:enable tsf
[2026-05-23 16:43:28.504] I (2855) ESPNOW: espnow [version: 2.0] init
[2026-05-23 16:43:28.505] WCAN_TEST_READY role=sensor
# Waiting for phased test start
# UART test start sent: WCAN_TEST_START at 2026-05-23T16:43:28.516505
[2026-05-23 16:43:30.025] P(FAIL):4180:e0:8:8:8:1
[2026-05-23 16:43:46.424] P(FAIL):20578:e0:171:171:171:1
[2026-05-23 16:43:47.021] P(FAIL):21175:e0:177:177:177:1
[2026-05-23 16:43:47.792] P(FAIL):21946:e0:185:185:185:1
[2026-05-23 16:43:48.387] P(FAIL):22541:e0:191:191:191:1
[2026-05-23 16:43:49.570] P(FAIL):23724:e0:203:203:203:1
[2026-05-23 16:43:50.152] P(FAIL):24306:e0:209:209:209:1
[2026-05-23 16:43:50.984] P(FAIL):25138:e0:217:217:217:1
[2026-05-23 16:43:56.912] P(FAIL):31066:e0:277:277:277:1
[2026-05-23 16:43:58.730] P(FAIL):32884:e0:294:294:294:1
[2026-05-23 16:43:59.308] P(FAIL):33462:e0:295:295:295:1
[2026-05-23 16:43:59.830] WCAN_BATCH id=0xe0 count=299 avg_hz=10.00 avg_points=1.00 min_points=1 max_points=1 avg_interval_ms=100.00 min_interval_ms=99.97 max_interval_ms=100.04 avg_dispatch_ms=1.90 max_dispatch_ms=16.83 dispatched_count=331 avg_queue_wait_ms=32.26 max_queue_wait_ms=362.76
[2026-05-23 16:43:59.831] WCAN_SENSOR_END generated=298 avg_hz=9.97
[2026-05-23 16:43:59.836] WCAN_MEASURES elapsed_ms=29999 heap_start_free=126780 heap_end_free=141568 heap_start_min_free=126760 heap_end_min_free=126500 heap_start_largest=98304 heap_end_largest=98304 airtime_us_total=625434 packets_sent_total=331 sensor_send_failures_total=0
[2026-05-23 16:43:59.837] WCAN_TEST_END role=sensor

# Monitor stopped: 2026-05-23T16:43:59.837313
