# Monitor started: 2026-05-23T22:25:22.711347
# Port: /dev/ttyACM1, Baud: 921600, Timeout: 35.000s after WCAN_TEST_START

# UART boot config: wcan v=1 role=sensor transport=MULTICAST test_duration_ms=30000 host_wait_time_ms=5000 base=0xe0 count=1 hz=750 linger=100
[2026-05-23 22:25:22.722] ESP-ROM:esp32c3-api1-20210207
[2026-05-23 22:25:22.726] Build:Feb  7 2021
[2026-05-23 22:25:22.739] rst:0x15 (USB_UART_CHIP_RESET),boot:0xd (SPI_FAST_FLASH_BOOT)
[2026-05-23 22:25:22.740] Saved PC:0x40384eba
[2026-05-23 22:25:22.741] SPIWP:0xee
[2026-05-23 22:25:22.744] mode:DIO, clock div:1
[2026-05-23 22:25:22.747] load:0x3fcd5820,len:0x1574
[2026-05-23 22:25:22.749] load:0x403cc710,len:0xc30
[2026-05-23 22:25:22.752] load:0x403ce710,len:0x2fa0
[2026-05-23 22:25:22.755] entry 0x403cc71a
[2026-05-23 22:25:22.762] I (24) boot: ESP-IDF v5.4.1 2nd stage bootloader
[2026-05-23 22:25:22.763] I (24) boot: compile time May 19 2026 23:41:33
[2026-05-23 22:25:22.765] I (24) boot: chip revision: v0.4
[2026-05-23 22:25:22.768] I (25) boot: efuse block revision: v1.3
[2026-05-23 22:25:22.770] I (25) boot.esp32c3: SPI Speed      : 80MHz
[2026-05-23 22:25:22.773] I (25) boot.esp32c3: SPI Mode       : DIO
[2026-05-23 22:25:22.777] I (26) boot.esp32c3: SPI Flash Size : 2MB
[2026-05-23 22:25:22.779] I (26) boot: Enabling RNG early entropy source...
[2026-05-23 22:25:22.781] I (27) boot: Partition Table:
[2026-05-23 22:25:22.786] I (27) boot: ## Label            Usage          Type ST Offset   Length
[2026-05-23 22:25:22.790] I (28) boot:  0 nvs              WiFi data        01 02 00009000 00006000
[2026-05-23 22:25:22.792] I (29) boot:  1 phy_init         RF data          01 01 0000f000 00001000
[2026-05-23 22:25:22.803] I (29) boot:  2 factory          factory app      00 00 00010000 00100000
[2026-05-23 22:25:22.805] I (30) boot: End of partition table
[2026-05-23 22:25:22.809] I (31) esp_image: segment 0: paddr=00010020 vaddr=3c0a0020 size=19850h (104528) map
[2026-05-23 22:25:22.814] I (48) esp_image: segment 1: paddr=00029878 vaddr=3fc95000 size=02da0h ( 11680) load
[2026-05-23 22:25:22.816] I (51) esp_image: segment 2: paddr=0002c620 vaddr=40380000 size=039f8h ( 14840) load
[2026-05-23 22:25:22.819] I (54) esp_image: segment 3: paddr=00030020 vaddr=42000020 size=990b4h (626868) map
[2026-05-23 22:25:22.823] I (154) esp_image: segment 4: paddr=000c90dc vaddr=403839f8 size=114f8h ( 70904) load
[2026-05-23 22:25:22.829] I (168) esp_image: segment 5: paddr=000da5dc vaddr=50000200 size=0001ch (    28) load
[2026-05-23 22:25:22.831] I (174) boot: Loaded app from partition at offset 0x10000
[2026-05-23 22:25:22.835] I (175) boot: Disabling RNG early entropy source...
[2026-05-23 22:25:22.839] I (176) cpu_start: Unicore app
[2026-05-23 22:25:22.842] I (185) cpu_start: Pro cpu start user code
[2026-05-23 22:25:22.843] I (185) cpu_start: cpu freq: 160000000 Hz
[2026-05-23 22:25:22.848] I (185) app_init: Application information:
[2026-05-23 22:25:22.854] I (185) app_init: Project name:     sensor_acquirer
[2026-05-23 22:25:22.856] I (185) app_init: App version:      v1.0-171-gbbe0783
[2026-05-23 22:25:22.863] I (186) app_init: Compile time:     May 23 2026 14:30:40
[2026-05-23 22:25:22.868] I (186) app_init: ELF file SHA256:  0e7d705e7...
[2026-05-23 22:25:22.872] I (187) app_init: ESP-IDF:          v5.4.1
[2026-05-23 22:25:22.875] I (187) efuse_init: Min chip rev:     v0.3
[2026-05-23 22:25:22.878] I (188) efuse_init: Max chip rev:     v1.99
[2026-05-23 22:25:22.881] I (188) efuse_init: Chip rev:         v0.4
[2026-05-23 22:25:22.886] I (189) heap_init: Initializing. RAM available for dynamic allocation:
[2026-05-23 22:25:22.888] I (190) heap_init: At 3FC9C130 len 00023ED0 (143 KiB): RAM
[2026-05-23 22:25:22.889] I (190) heap_init: At 3FCC0000 len 0001C710 (113 KiB): Retention RAM
[2026-05-23 22:25:22.890] I (191) heap_init: At 3FCDC710 len 00002950 (10 KiB): Retention RAM
[2026-05-23 22:25:22.897] I (192) heap_init: At 5000021C len 00001DCC (7 KiB): RTCRAM
[2026-05-23 22:25:22.898] I (193) spi_flash: detected chip: generic
[2026-05-23 22:25:22.898] I (193) spi_flash: flash io: dio
[2026-05-23 22:25:22.904] W (194) spi_flash: Detected size(4096k) larger than the size in the binary image header(2048k). Using the size in the binary image header.
[2026-05-23 22:25:22.906] I (195) sleep_gpio: Configure to isolate all GPIO pins in sleep state
[2026-05-23 22:25:22.907] I (196) sleep_gpio: Enable automatic switching of GPIO sleep configuration
[2026-05-23 22:25:22.908] I (197) main_task: Started on CPU0
[2026-05-23 22:25:22.908] I (197) main_task: Calling app_main()
[2026-05-23 22:25:22.908] WCAN_CFG_WAIT v=1
# UART boot config sent: wcan v=1 role=sensor transport=MULTICAST test_duration_ms=30000 host_wait_time_ms=5000 base=0xe0 count=1 hz=750 linger=100
[2026-05-23 22:25:22.909] WCAN_CFG_WAIT v=1
[2026-05-23 22:25:25.351] WCAN_CFG_ACK
[2026-05-23 22:25:25.353] WCAN_CFG_ACK
[2026-05-23 22:25:25.355] I (2841) pp: pp rom version: 9387209
[2026-05-23 22:25:25.359] I (2842) net80211: net80211 rom version: 9387209
[2026-05-23 22:25:25.365] I (2843) wifi:wifi driver task: 3fca7510, prio:23, stack:6656, core=0
[2026-05-23 22:25:25.370] I (2847) wifi:wifi firmware version: 79fa3f41ba
[2026-05-23 22:25:25.375] I (2847) wifi:wifi certification version: v7.0
[2026-05-23 22:25:25.377] I (2847) wifi:config NVS flash: enabled
[2026-05-23 22:25:25.380] I (2847) wifi:config nano formatting: disabled
[2026-05-23 22:25:25.382] I (2848) wifi:Init data frame dynamic rx buffer num: 32
[2026-05-23 22:25:25.384] I (2848) wifi:Init static rx mgmt buffer num: 5
[2026-05-23 22:25:25.386] I (2849) wifi:Init management short buffer num: 32
[2026-05-23 22:25:25.388] I (2849) wifi:Init dynamic tx buffer num: 32
[2026-05-23 22:25:25.389] I (2850) wifi:Init static tx FG buffer num: 2
[2026-05-23 22:25:25.391] I (2850) wifi:Init static rx buffer size: 1600
[2026-05-23 22:25:25.392] I (2851) wifi:Init static rx buffer num: 10
[2026-05-23 22:25:25.393] I (2851) wifi:Init dynamic rx buffer num: 32
[2026-05-23 22:25:25.394] I (2852) wifi_init: rx ba win: 6
[2026-05-23 22:25:25.394] I (2853) wifi_init: accept mbox: 6
[2026-05-23 22:25:25.395] I (2853) wifi_init: tcpip mbox: 32
[2026-05-23 22:25:25.396] I (2853) wifi_init: udp mbox: 6
[2026-05-23 22:25:25.396] I (2853) wifi_init: tcp mbox: 6
[2026-05-23 22:25:25.397] I (2854) wifi_init: tcp tx win: 5760
[2026-05-23 22:25:25.398] I (2854) wifi_init: tcp rx win: 5760
[2026-05-23 22:25:25.398] I (2855) wifi_init: tcp mss: 1440
[2026-05-23 22:25:25.399] I (2855) wifi_init: WiFi IRAM OP enabled
[2026-05-23 22:25:25.400] I (2855) wifi_init: WiFi RX IRAM OP enabled
[2026-05-23 22:25:25.401] I (2856) phy_init: phy_version 1200,2b7123f9,Feb 18 2025,15:22:21
[2026-05-23 22:25:25.404] I (2892) wifi:mode : sta (74:4d:bd:e1:d5:b8)
[2026-05-23 22:25:25.404] I (2892) wifi:enable tsf
[2026-05-23 22:25:25.407] I (2895) ESPNOW: espnow [version: 2.0] init
[2026-05-23 22:25:25.408] WCAN_TEST_READY role=sensor
# Waiting for phased test start
# UART test start sent: WCAN_TEST_START at 2026-05-23T22:25:25.419250
[2026-05-23 22:25:55.764] WCAN_BATCH id=0xe0 count=296 avg_hz=9.87 avg_points=76.00 min_points=76 max_points=76 avg_interval_ms=101.31 min_interval_ms=101.25 max_interval_ms=101.33 avg_dispatch_ms=3.97 max_dispatch_ms=6.79 dispatched_count=296 avg_queue_wait_ms=0.11 max_queue_wait_ms=0.25
[2026-05-23 22:25:55.767] WCAN_SENSOR_END generated=22504 avg_hz=750.19
[2026-05-23 22:25:55.770] WCAN_MEASURES elapsed_ms=29999 heap_start_free=97696 heap_end_free=109268 heap_start_min_free=97680 heap_end_min_free=97068 heap_start_largest=77824 heap_end_largest=77824 airtime_us_total=1170046 packets_sent_total=296 sensor_send_failures_total=0
[2026-05-23 22:25:55.771] WCAN_TEST_END role=sensor

# Monitor stopped: 2026-05-23T22:25:55.771222
