# Monitor started: 2026-05-23T18:31:05.973152
# Port: /dev/ttyACM0, Baud: 921600, Timeout: 35.000s after WCAN_TEST_START

# UART boot config: wcan v=1 role=sensor transport=BROADCAST test_duration_ms=30000 host_wait_time_ms=5000 base=0xd0 count=1 hz=1000 linger=100
[2026-05-23 18:31:05.986] ESP-ROM:esp32c3-api1-20210207
[2026-05-23 18:31:05.991] Build:Feb  7 2021
[2026-05-23 18:31:06.017] rst:0x15 (USB_UART_CHIP_RESET),boot:0xd (SPI_FAST_FLASH_BOOT)
[2026-05-23 18:31:06.026] Saved PC:0x40384eba
[2026-05-23 18:31:06.030] SPIWP:0xee
[2026-05-23 18:31:06.035] mode:DIO, clock div:1
[2026-05-23 18:31:06.036] load:0x3fcd5820,len:0x1574
[2026-05-23 18:31:06.043] load:0x403cc710,len:0xc30
[2026-05-23 18:31:06.047] load:0x403ce710,len:0x2fa0
[2026-05-23 18:31:06.048] entry 0x403cc71a
[2026-05-23 18:31:06.058] I (24) boot: ESP-IDF v5.4.1 2nd stage bootloader
[2026-05-23 18:31:06.068] I (24) boot: compile time May 20 2026 00:05:32
[2026-05-23 18:31:06.071] I (25) boot: chip revision: v0.4
[2026-05-23 18:31:06.074] I (25) boot: efuse block revision: v1.3
[2026-05-23 18:31:06.076] I (25) boot.esp32c3: SPI Speed      : 80MHz
[2026-05-23 18:31:06.078] I (25) boot.esp32c3: SPI Mode       : DIO
[2026-05-23 18:31:06.083] I (26) boot.esp32c3: SPI Flash Size : 2MB
[2026-05-23 18:31:06.089] I (26) boot: Enabling RNG early entropy source...
[2026-05-23 18:31:06.094] I (27) boot: Partition Table:
[2026-05-23 18:31:06.105] I (27) boot: ## Label            Usage          Type ST Offset   Length
[2026-05-23 18:31:06.107] I (28) boot:  0 nvs              WiFi data        01 02 00009000 00006000
[2026-05-23 18:31:06.109] I (29) boot:  1 phy_init         RF data          01 01 0000f000 00001000
[2026-05-23 18:31:06.114] I (29) boot:  2 factory          factory app      00 00 00010000 00100000
[2026-05-23 18:31:06.115] I (30) boot: End of partition table
[2026-05-23 18:31:06.121] I (31) esp_image: segment 0: paddr=00010020 vaddr=3c0a0020 size=1977ch (104316) map
[2026-05-23 18:31:06.129] I (48) esp_image: segment 1: paddr=000297a4 vaddr=3fc95200 size=02da0h ( 11680) load
[2026-05-23 18:31:06.133] I (51) esp_image: segment 2: paddr=0002c54c vaddr=40380000 size=03acch ( 15052) load
[2026-05-23 18:31:06.135] I (54) esp_image: segment 3: paddr=00030020 vaddr=42000020 size=9942ch (627756) map
[2026-05-23 18:31:06.137] I (154) esp_image: segment 4: paddr=000c9454 vaddr=40383acc size=11614h ( 71188) load
[2026-05-23 18:31:06.139] I (168) esp_image: segment 5: paddr=000daa70 vaddr=50000200 size=0001ch (    28) load
[2026-05-23 18:31:06.140] I (175) boot: Loaded app from partition at offset 0x10000
[2026-05-23 18:31:06.141] I (175) boot: Disabling RNG early entropy source...
[2026-05-23 18:31:06.143] I (176) cpu_start: Unicore app
[2026-05-23 18:31:06.144] I (185) cpu_start: Pro cpu start user code
[2026-05-23 18:31:06.146] I (185) cpu_start: cpu freq: 160000000 Hz
[2026-05-23 18:31:06.150] I (185) app_init: Application information:
[2026-05-23 18:31:06.151] I (185) app_init: Project name:     sensor_acquirer
[2026-05-23 18:31:06.152] I (185) app_init: App version:      v1.0-171-gbbe0783
[2026-05-23 18:31:06.154] I (186) app_init: Compile time:     May 23 2026 14:30:31
[2026-05-23 18:31:06.158] I (187) app_init: ELF file SHA256:  493679023...
[2026-05-23 18:31:06.162] I (187) app_init: ESP-IDF:          v5.4.1
[2026-05-23 18:31:06.164] I (188) efuse_init: Min chip rev:     v0.3
[2026-05-23 18:31:06.164] I (188) efuse_init: Max chip rev:     v1.99
[2026-05-23 18:31:06.165] I (189) efuse_init: Chip rev:         v0.4
[2026-05-23 18:31:06.167] I (189) heap_init: Initializing. RAM available for dynamic allocation:
[2026-05-23 18:31:06.168] I (190) heap_init: At 3FC9C340 len 00023CC0 (143 KiB): RAM
[2026-05-23 18:31:06.169] I (190) heap_init: At 3FCC0000 len 0001C710 (113 KiB): Retention RAM
[2026-05-23 18:31:06.171] I (191) heap_init: At 3FCDC710 len 00002950 (10 KiB): Retention RAM
[2026-05-23 18:31:06.172] I (192) heap_init: At 5000021C len 00001DCC (7 KiB): RTCRAM
[2026-05-23 18:31:06.173] I (194) spi_flash: detected chip: generic
[2026-05-23 18:31:06.173] I (194) spi_flash: flash io: dio
[2026-05-23 18:31:06.175] W (194) spi_flash: Detected size(4096k) larger than the size in the binary image header(2048k). Using the size in the binary image header.
[2026-05-23 18:31:06.177] I (196) sleep_gpio: Configure to isolate all GPIO pins in sleep state
[2026-05-23 18:31:06.178] I (196) sleep_gpio: Enable automatic switching of GPIO sleep configuration
[2026-05-23 18:31:06.178] I (197) main_task: Started on CPU0
[2026-05-23 18:31:06.179] I (197) main_task: Calling app_main()
[2026-05-23 18:31:06.179] WCAN_CFG_WAIT v=1
# UART boot config sent: wcan v=1 role=sensor transport=BROADCAST test_duration_ms=30000 host_wait_time_ms=5000 base=0xd0 count=1 hz=1000 linger=100
[2026-05-23 18:31:06.180] WCAN_CFG_WAIT v=1
[2026-05-23 18:31:08.652] WCAN_CFG_ACK
[2026-05-23 18:31:08.654] WCAN_CFG_ACK
[2026-05-23 18:31:08.658] I (2882) pp: pp rom version: 9387209
[2026-05-23 18:31:08.663] I (2883) net80211: net80211 rom version: 9387209
[2026-05-23 18:31:08.670] I (2884) wifi:wifi driver task: 3fca77a4, prio:23, stack:6656, core=0
[2026-05-23 18:31:08.673] I (2888) wifi:wifi firmware version: 79fa3f41ba
[2026-05-23 18:31:08.676] I (2888) wifi:wifi certification version: v7.0
[2026-05-23 18:31:08.677] I (2888) wifi:config NVS flash: enabled
[2026-05-23 18:31:08.679] I (2888) wifi:config nano formatting: disabled
[2026-05-23 18:31:08.681] I (2889) wifi:Init data frame dynamic rx buffer num: 32
[2026-05-23 18:31:08.683] I (2889) wifi:Init static rx mgmt buffer num: 5
[2026-05-23 18:31:08.683] I (2890) wifi:Init management short buffer num: 32
[2026-05-23 18:31:08.683] I (2890) wifi:Init dynamic tx buffer num: 32
[2026-05-23 18:31:08.684] I (2891) wifi:Init static tx FG buffer num: 2
[2026-05-23 18:31:08.684] I (2892) wifi:Init static rx buffer size: 1600
[2026-05-23 18:31:08.685] I (2892) wifi:Init static rx buffer num: 10
[2026-05-23 18:31:08.685] I (2892) wifi:Init dynamic rx buffer num: 32
[2026-05-23 18:31:08.685] I (2894) wifi_init: rx ba win: 6
[2026-05-23 18:31:08.685] I (2894) wifi_init: accept mbox: 6
[2026-05-23 18:31:08.686] I (2894) wifi_init: tcpip mbox: 32
[2026-05-23 18:31:08.686] I (2894) wifi_init: udp mbox: 6
[2026-05-23 18:31:08.686] I (2894) wifi_init: tcp mbox: 6
[2026-05-23 18:31:08.686] I (2895) wifi_init: tcp tx win: 5760
[2026-05-23 18:31:08.687] I (2895) wifi_init: tcp rx win: 5760
[2026-05-23 18:31:08.687] I (2896) wifi_init: tcp mss: 1440
[2026-05-23 18:31:08.687] I (2896) wifi_init: WiFi IRAM OP enabled
[2026-05-23 18:31:08.688] I (2896) wifi_init: WiFi RX IRAM OP enabled
[2026-05-23 18:31:08.688] I (2897) phy_init: phy_version 1200,2b7123f9,Feb 18 2025,15:22:21
[2026-05-23 18:31:08.706] I (2932) wifi:mode : sta (54:32:04:8c:0b:8c)
[2026-05-23 18:31:08.706] I (2932) wifi:enable tsf
[2026-05-23 18:31:08.709] I (2935) ESPNOW: espnow [version: 2.0] init
[2026-05-23 18:31:08.710] WCAN_TEST_READY role=sensor
# Waiting for phased test start
# UART test start sent: WCAN_TEST_START at 2026-05-23T18:31:08.721769
[2026-05-23 18:31:09.535] P(FAIL):3565:d0:0:0:100:101
[2026-05-23 18:31:09.861] P(FAIL):3890:d0:1:101:201:101
[2026-05-23 18:31:10.316] P(FAIL):4345:d0:8:808:908:101
[2026-05-23 18:31:15.690] P(FAIL):9719:d0:61:6161:6261:101
[2026-05-23 18:31:16.241] P(FAIL):10270:d0:67:6767:6867:101
[2026-05-23 18:31:20.563] P(FAIL):14592:d0:110:11110:11210:101
[2026-05-23 18:31:20.900] P(FAIL):14929:d0:113:11413:11513:101
[2026-05-23 18:31:21.240] P(FAIL):15269:d0:115:11615:11715:101
[2026-05-23 18:31:21.578] P(FAIL):15608:d0:120:12120:12220:101
[2026-05-23 18:31:22.216] P(FAIL):16245:d0:127:12827:12927:101
[2026-05-23 18:31:26.772] P(FAIL):20801:d0:171:17271:17371:101
[2026-05-23 18:31:31.726] P(FAIL):25756:d0:220:22220:22320:101
[2026-05-23 18:31:39.110] P(FAIL):33139:d0:293:29593:29693:101
[2026-05-23 18:31:39.910] P(FAIL):33939:d0:294:29694:29794:101
[2026-05-23 18:31:40.033] WCAN_BATCH id=0xd0 count=298 avg_hz=9.90 avg_points=100.67 min_points=2 max_points=101 avg_interval_ms=101.00 min_interval_ms=100.93 max_interval_ms=101.09 avg_dispatch_ms=4.49 max_dispatch_ms=11.42 dispatched_count=336 avg_queue_wait_ms=47.22 max_queue_wait_ms=567.78
[2026-05-23 18:31:40.033] WCAN_SENSOR_END generated=29998 avg_hz=1000.00
[2026-05-23 18:31:40.038] WCAN_MEASURES elapsed_ms=29999 heap_start_free=126648 heap_end_free=141280 heap_start_min_free=126324 heap_end_min_free=125648 heap_start_largest=98304 heap_end_largest=98304 airtime_us_total=1506431 packets_sent_total=336 sensor_send_failures_total=0
[2026-05-23 18:31:40.038] WCAN_TEST_END role=sensor

# Monitor stopped: 2026-05-23T18:31:40.038771
