# Monitor started: 2026-05-23T18:31:05.973323
# Port: /dev/ttyACM1, Baud: 921600, Timeout: 35.000s after WCAN_TEST_START

# UART boot config: wcan v=1 role=sensor transport=BROADCAST test_duration_ms=30000 host_wait_time_ms=5000 base=0xe0 count=1 hz=100 linger=100
[2026-05-23 18:31:05.982] ESP-ROM:esp32c3-api1-20210207
[2026-05-23 18:31:05.992] Build:Feb  7 2021
[2026-05-23 18:31:06.012] rst:0x15 (USB_UART_CHIP_RESET),boot:0xd (SPI_FAST_FLASH_BOOT)
[2026-05-23 18:31:06.018] Saved PC:0x40384eba
[2026-05-23 18:31:06.022] SPIWP:0xee
[2026-05-23 18:31:06.030] mode:DIO, clock div:1
[2026-05-23 18:31:06.036] load:0x3fcd5820,len:0x1574
[2026-05-23 18:31:06.042] load:0x403cc710,len:0xc30
[2026-05-23 18:31:06.046] load:0x403ce710,len:0x2fa0
[2026-05-23 18:31:06.050] entry 0x403cc71a
[2026-05-23 18:31:06.053] I (24) boot: ESP-IDF v5.4.1 2nd stage bootloader
[2026-05-23 18:31:06.055] I (24) boot: compile time May 20 2026 00:05:32
[2026-05-23 18:31:06.057] I (24) boot: chip revision: v0.4
[2026-05-23 18:31:06.058] I (25) boot: efuse block revision: v1.3
[2026-05-23 18:31:06.060] I (25) boot.esp32c3: SPI Speed      : 80MHz
[2026-05-23 18:31:06.064] I (25) boot.esp32c3: SPI Mode       : DIO
[2026-05-23 18:31:06.067] I (26) boot.esp32c3: SPI Flash Size : 2MB
[2026-05-23 18:31:06.068] I (26) boot: Enabling RNG early entropy source...
[2026-05-23 18:31:06.072] I (27) boot: Partition Table:
[2026-05-23 18:31:06.075] I (27) boot: ## Label            Usage          Type ST Offset   Length
[2026-05-23 18:31:06.083] I (28) boot:  0 nvs              WiFi data        01 02 00009000 00006000
[2026-05-23 18:31:06.089] I (29) boot:  1 phy_init         RF data          01 01 0000f000 00001000
[2026-05-23 18:31:06.093] I (29) boot:  2 factory          factory app      00 00 00010000 00100000
[2026-05-23 18:31:06.095] I (30) boot: End of partition table
[2026-05-23 18:31:06.101] I (31) esp_image: segment 0: paddr=00010020 vaddr=3c0a0020 size=1977ch (104316) map
[2026-05-23 18:31:06.110] I (48) esp_image: segment 1: paddr=000297a4 vaddr=3fc95200 size=02da0h ( 11680) load
[2026-05-23 18:31:06.116] I (51) esp_image: segment 2: paddr=0002c54c vaddr=40380000 size=03acch ( 15052) load
[2026-05-23 18:31:06.121] I (54) esp_image: segment 3: paddr=00030020 vaddr=42000020 size=9942ch (627756) map
[2026-05-23 18:31:06.123] I (154) esp_image: segment 4: paddr=000c9454 vaddr=40383acc size=11614h ( 71188) load
[2026-05-23 18:31:06.126] I (168) esp_image: segment 5: paddr=000daa70 vaddr=50000200 size=0001ch (    28) load
[2026-05-23 18:31:06.138] I (175) boot: Loaded app from partition at offset 0x10000
[2026-05-23 18:31:06.149] I (175) boot: Disabling RNG early entropy source...
[2026-05-23 18:31:06.152] I (176) cpu_start: Unicore app
[2026-05-23 18:31:06.154] I (185) cpu_start: Pro cpu start user code
[2026-05-23 18:31:06.158] I (185) cpu_start: cpu freq: 160000000 Hz
[2026-05-23 18:31:06.162] I (185) app_init: Application information:
[2026-05-23 18:31:06.163] I (185) app_init: Project name:     sensor_acquirer
[2026-05-23 18:31:06.164] I (185) app_init: App version:      v1.0-171-gbbe0783
[2026-05-23 18:31:06.165] I (186) app_init: Compile time:     May 23 2026 14:30:31
[2026-05-23 18:31:06.166] I (186) app_init: ELF file SHA256:  493679023...
[2026-05-23 18:31:06.167] I (187) app_init: ESP-IDF:          v5.4.1
[2026-05-23 18:31:06.168] I (188) efuse_init: Min chip rev:     v0.3
[2026-05-23 18:31:06.169] I (188) efuse_init: Max chip rev:     v1.99
[2026-05-23 18:31:06.170] I (188) efuse_init: Chip rev:         v0.4
[2026-05-23 18:31:06.171] I (189) heap_init: Initializing. RAM available for dynamic allocation:
[2026-05-23 18:31:06.172] I (190) heap_init: At 3FC9C340 len 00023CC0 (143 KiB): RAM
[2026-05-23 18:31:06.173] I (190) heap_init: At 3FCC0000 len 0001C710 (113 KiB): Retention RAM
[2026-05-23 18:31:06.174] I (191) heap_init: At 3FCDC710 len 00002950 (10 KiB): Retention RAM
[2026-05-23 18:31:06.175] I (192) heap_init: At 5000021C len 00001DCC (7 KiB): RTCRAM
[2026-05-23 18:31:06.176] I (193) spi_flash: detected chip: generic
[2026-05-23 18:31:06.177] I (194) spi_flash: flash io: dio
[2026-05-23 18:31:06.179] W (194) spi_flash: Detected size(4096k) larger than the size in the binary image header(2048k). Using the size in the binary image header.
[2026-05-23 18:31:06.180] I (195) sleep_gpio: Configure to isolate all GPIO pins in sleep state
[2026-05-23 18:31:06.181] I (196) sleep_gpio: Enable automatic switching of GPIO sleep configuration
[2026-05-23 18:31:06.181] I (197) main_task: Started on CPU0
[2026-05-23 18:31:06.181] I (197) main_task: Calling app_main()
[2026-05-23 18:31:06.181] WCAN_CFG_WAIT v=1
# UART boot config sent: wcan v=1 role=sensor transport=BROADCAST test_duration_ms=30000 host_wait_time_ms=5000 base=0xe0 count=1 hz=100 linger=100
[2026-05-23 18:31:06.182] WCAN_CFG_WAIT v=1
[2026-05-23 18:31:08.632] WCAN_CFG_ACK
[2026-05-23 18:31:08.632] WCAN_CFG_ACK
[2026-05-23 18:31:08.636] I (2862) pp: pp rom version: 9387209
[2026-05-23 18:31:08.637] I (2863) net80211: net80211 rom version: 9387209
[2026-05-23 18:31:08.639] I (2864) wifi:wifi driver task: 3fca7720, prio:23, stack:6656, core=0
[2026-05-23 18:31:08.642] I (2868) wifi:wifi firmware version: 79fa3f41ba
[2026-05-23 18:31:08.643] I (2868) wifi:wifi certification version: v7.0
[2026-05-23 18:31:08.644] I (2868) wifi:config NVS flash: enabled
[2026-05-23 18:31:08.645] I (2868) wifi:config nano formatting: disabled
[2026-05-23 18:31:08.647] I (2869) wifi:Init data frame dynamic rx buffer num: 32
[2026-05-23 18:31:08.648] I (2869) wifi:Init static rx mgmt buffer num: 5
[2026-05-23 18:31:08.649] I (2870) wifi:Init management short buffer num: 32
[2026-05-23 18:31:08.650] I (2870) wifi:Init dynamic tx buffer num: 32
[2026-05-23 18:31:08.653] I (2871) wifi:Init static tx FG buffer num: 2
[2026-05-23 18:31:08.654] I (2871) wifi:Init static rx buffer size: 1600
[2026-05-23 18:31:08.655] I (2872) wifi:Init static rx buffer num: 10
[2026-05-23 18:31:08.658] I (2872) wifi:Init dynamic rx buffer num: 32
[2026-05-23 18:31:08.661] I (2873) wifi_init: rx ba win: 6
[2026-05-23 18:31:08.664] I (2874) wifi_init: accept mbox: 6
[2026-05-23 18:31:08.667] I (2874) wifi_init: tcpip mbox: 32
[2026-05-23 18:31:08.670] I (2874) wifi_init: udp mbox: 6
[2026-05-23 18:31:08.672] I (2874) wifi_init: tcp mbox: 6
[2026-05-23 18:31:08.674] I (2875) wifi_init: tcp tx win: 5760
[2026-05-23 18:31:08.675] I (2875) wifi_init: tcp rx win: 5760
[2026-05-23 18:31:08.677] I (2876) wifi_init: tcp mss: 1440
[2026-05-23 18:31:08.679] I (2876) wifi_init: WiFi IRAM OP enabled
[2026-05-23 18:31:08.681] I (2876) wifi_init: WiFi RX IRAM OP enabled
[2026-05-23 18:31:08.683] I (2877) phy_init: phy_version 1200,2b7123f9,Feb 18 2025,15:22:21
[2026-05-23 18:31:08.694] I (2920) wifi:mode : sta (74:4d:bd:e1:d5:b8)
[2026-05-23 18:31:08.694] I (2920) wifi:enable tsf
[2026-05-23 18:31:08.697] I (2923) ESPNOW: espnow [version: 2.0] init
[2026-05-23 18:31:08.698] WCAN_TEST_READY role=sensor
# Waiting for phased test start
# UART test start sent: WCAN_TEST_START at 2026-05-23T18:31:08.721155
[2026-05-23 18:31:09.523] P(FAIL):3552:e0:0:0:10:11
[2026-05-23 18:31:10.793] P(FAIL):4822:e0:12:132:142:11
[2026-05-23 18:31:12.024] P(FAIL):6053:e0:23:253:263:11
[2026-05-23 18:31:13.309] P(FAIL):7338:e0:34:374:384:11
[2026-05-23 18:31:14.417] P(FAIL):8446:e0:45:495:505:11
[2026-05-23 18:31:15.893] P(FAIL):9922:e0:58:638:648:11
[2026-05-23 18:31:17.145] P(FAIL):11174:e0:70:770:780:11
[2026-05-23 18:31:18.229] P(FAIL):12258:e0:79:869:879:11
[2026-05-23 18:31:19.412] P(FAIL):13441:e0:90:990:1000:11
[2026-05-23 18:31:20.886] P(FAIL):14914:e0:104:1144:1154:11
[2026-05-23 18:31:21.262] P(FAIL):15291:e0:107:1177:1187:11
[2026-05-23 18:31:21.595] P(FAIL):15622:e0:108:1188:1198:11
[2026-05-23 18:31:21.940] P(FAIL):15969:e0:109:1199:1209:11
[2026-05-23 18:31:22.272] P(FAIL):16301:e0:115:1265:1275:11
[2026-05-23 18:31:23.164] P(FAIL):17193:e0:124:1364:1374:11
[2026-05-23 18:31:23.589] P(FAIL):17618:e0:128:1408:1418:11
[2026-05-23 18:31:24.383] P(FAIL):18412:e0:135:1485:1495:11
[2026-05-23 18:31:24.762] P(FAIL):18791:e0:136:1496:1506:11
[2026-05-23 18:31:25.554] P(FAIL):19583:e0:146:1606:1616:11
[2026-05-23 18:31:27.400] P(FAIL):21429:e0:163:1793:1803:11
[2026-05-23 18:31:28.701] P(FAIL):22730:e0:175:1925:1935:11
[2026-05-23 18:31:29.313] P(FAIL):23342:e0:180:1980:1990:11
[2026-05-23 18:31:30.476] P(FAIL):24505:e0:191:2101:2111:11
[2026-05-23 18:31:31.277] P(FAIL):25306:e0:198:2178:2188:11
[2026-05-23 18:31:32.551] P(FAIL):26580:e0:210:2310:2320:11
[2026-05-23 18:31:34.233] P(FAIL):28262:e0:225:2475:2485:11
[2026-05-23 18:31:35.128] P(FAIL):29157:e0:233:2563:2573:11
[2026-05-23 18:31:36.658] P(FAIL):30687:e0:247:2717:2727:11
[2026-05-23 18:31:38.951] P(FAIL):32980:e0:268:2948:2958:11
[2026-05-23 18:31:39.630] P(FAIL):33659:e0:269:2959:2969:11
[2026-05-23 18:31:40.026] WCAN_BATCH id=0xe0 count=273 avg_hz=9.09 avg_points=10.99 min_points=7 max_points=11 avg_interval_ms=110.00 min_interval_ms=109.92 max_interval_ms=110.07 avg_dispatch_ms=1.67 max_dispatch_ms=6.34 dispatched_count=357 avg_queue_wait_ms=99.28 max_queue_wait_ms=709.28
[2026-05-23 18:31:40.027] WCAN_SENSOR_END generated=2998 avg_hz=99.97
[2026-05-23 18:31:40.029] WCAN_MEASURES elapsed_ms=29999 heap_start_free=126780 heap_end_free=141568 heap_start_min_free=126456 heap_end_min_free=124328 heap_start_largest=98304 heap_end_largest=98304 airtime_us_total=593521 packets_sent_total=357 sensor_send_failures_total=0
[2026-05-23 18:31:40.029] WCAN_TEST_END role=sensor

# Monitor stopped: 2026-05-23T18:31:40.029351
