# Monitor started: 2026-05-23T17:58:58.694443
# Port: /dev/ttyACM1, Baud: 921600, Timeout: 35.000s after WCAN_TEST_START

# UART boot config: wcan v=1 role=sensor transport=BROADCAST test_duration_ms=30000 host_wait_time_ms=5000 base=0xe0 count=1 hz=100 linger=100
[2026-05-23 17:58:58.696] ESP-ROM:esp32c3-api1-20210207
[2026-05-23 17:58:58.697] Build:Feb  7 2021
[2026-05-23 17:58:58.700] rst:0x15 (USB_UART_CHIP_RESET),boot:0xd (SPI_FAST_FLASH_BOOT)
[2026-05-23 17:58:58.702] Saved PC:0x40384eba
[2026-05-23 17:58:58.703] SPIWP:0xee
[2026-05-23 17:58:58.706] mode:DIO, clock div:1
[2026-05-23 17:58:58.708] load:0x3fcd5820,len:0x1574
[2026-05-23 17:58:58.710] load:0x403cc710,len:0xc30
[2026-05-23 17:58:58.713] load:0x403ce710,len:0x2fa0
[2026-05-23 17:58:58.716] entry 0x403cc71a
[2026-05-23 17:58:58.720] I (24) boot: ESP-IDF v5.4.1 2nd stage bootloader
[2026-05-23 17:58:58.724] I (24) boot: compile time May 20 2026 00:05:32
[2026-05-23 17:58:58.728] I (25) boot: chip revision: v0.4
[2026-05-23 17:58:58.737] I (25) boot: efuse block revision: v1.3
[2026-05-23 17:58:58.747] I (25) boot.esp32c3: SPI Speed      : 80MHz
[2026-05-23 17:58:58.753] I (25) boot.esp32c3: SPI Mode       : DIO
[2026-05-23 17:58:58.761] I (26) boot.esp32c3: SPI Flash Size : 2MB
[2026-05-23 17:58:58.765] I (26) boot: Enabling RNG early entropy source...
[2026-05-23 17:58:58.768] I (27) boot: Partition Table:
[2026-05-23 17:58:58.772] I (27) boot: ## Label            Usage          Type ST Offset   Length
[2026-05-23 17:58:58.780] I (28) boot:  0 nvs              WiFi data        01 02 00009000 00006000
[2026-05-23 17:58:58.785] I (29) boot:  1 phy_init         RF data          01 01 0000f000 00001000
[2026-05-23 17:58:58.787] I (29) boot:  2 factory          factory app      00 00 00010000 00100000
[2026-05-23 17:58:58.789] I (30) boot: End of partition table
[2026-05-23 17:58:58.798] I (31) esp_image: segment 0: paddr=00010020 vaddr=3c0a0020 size=1977ch (104316) map
[2026-05-23 17:58:58.804] I (48) esp_image: segment 1: paddr=000297a4 vaddr=3fc95200 size=02da0h ( 11680) load
[2026-05-23 17:58:58.809] I (51) esp_image: segment 2: paddr=0002c54c vaddr=40380000 size=03acch ( 15052) load
[2026-05-23 17:58:58.815] I (54) esp_image: segment 3: paddr=00030020 vaddr=42000020 size=9942ch (627756) map
[2026-05-23 17:58:58.821] I (154) esp_image: segment 4: paddr=000c9454 vaddr=40383acc size=11614h ( 71188) load
[2026-05-23 17:58:58.823] I (168) esp_image: segment 5: paddr=000daa70 vaddr=50000200 size=0001ch (    28) load
[2026-05-23 17:58:58.829] I (175) boot: Loaded app from partition at offset 0x10000
[2026-05-23 17:58:58.834] I (175) boot: Disabling RNG early entropy source...
[2026-05-23 17:58:58.840] I (176) cpu_start: Unicore app
[2026-05-23 17:58:58.842] I (185) cpu_start: Pro cpu start user code
[2026-05-23 17:58:58.843] I (185) cpu_start: cpu freq: 160000000 Hz
[2026-05-23 17:58:58.844] I (185) app_init: Application information:
[2026-05-23 17:58:58.845] I (185) app_init: Project name:     sensor_acquirer
[2026-05-23 17:58:58.846] I (185) app_init: App version:      v1.0-171-gbbe0783
[2026-05-23 17:58:58.848] I (186) app_init: Compile time:     May 23 2026 14:30:31
[2026-05-23 17:58:58.851] I (187) app_init: ELF file SHA256:  493679023...
[2026-05-23 17:58:58.852] I (187) app_init: ESP-IDF:          v5.4.1
[2026-05-23 17:58:58.852] I (188) efuse_init: Min chip rev:     v0.3
[2026-05-23 17:58:58.854] I (188) efuse_init: Max chip rev:     v1.99
[2026-05-23 17:58:58.856] I (189) efuse_init: Chip rev:         v0.4
[2026-05-23 17:58:58.861] I (189) heap_init: Initializing. RAM available for dynamic allocation:
[2026-05-23 17:58:58.863] I (190) heap_init: At 3FC9C340 len 00023CC0 (143 KiB): RAM
[2026-05-23 17:58:58.864] I (190) heap_init: At 3FCC0000 len 0001C710 (113 KiB): Retention RAM
[2026-05-23 17:58:58.865] I (191) heap_init: At 3FCDC710 len 00002950 (10 KiB): Retention RAM
[2026-05-23 17:58:58.866] I (192) heap_init: At 5000021C len 00001DCC (7 KiB): RTCRAM
[2026-05-23 17:58:58.867] I (194) spi_flash: detected chip: generic
[2026-05-23 17:58:58.868] I (194) spi_flash: flash io: dio
[2026-05-23 17:58:58.870] W (194) spi_flash: Detected size(4096k) larger than the size in the binary image header(2048k). Using the size in the binary image header.
[2026-05-23 17:58:58.871] I (196) sleep_gpio: Configure to isolate all GPIO pins in sleep state
[2026-05-23 17:58:58.871] I (196) sleep_gpio: Enable automatic switching of GPIO sleep configuration
[2026-05-23 17:58:58.872] I (197) main_task: Started on CPU0
[2026-05-23 17:58:58.872] I (197) main_task: Calling app_main()
[2026-05-23 17:58:58.872] WCAN_CFG_WAIT v=1
# UART boot config sent: wcan v=1 role=sensor transport=BROADCAST test_duration_ms=30000 host_wait_time_ms=5000 base=0xe0 count=1 hz=100 linger=100
[2026-05-23 17:58:58.872] WCAN_CFG_WAIT v=1
[2026-05-23 17:59:01.313] WCAN_CFG_ACK
[2026-05-23 17:59:01.313] WCAN_CFG_ACK
[2026-05-23 17:59:01.317] I (2822) pp: pp rom version: 9387209
[2026-05-23 17:59:01.318] I (2823) net80211: net80211 rom version: 9387209
[2026-05-23 17:59:01.319] I (2824) wifi:wifi driver task: 3fca7720, prio:23, stack:6656, core=0
[2026-05-23 17:59:01.324] I (2828) wifi:wifi firmware version: 79fa3f41ba
[2026-05-23 17:59:01.325] I (2828) wifi:wifi certification version: v7.0
[2026-05-23 17:59:01.326] I (2828) wifi:config NVS flash: enabled
[2026-05-23 17:59:01.327] I (2828) wifi:config nano formatting: disabled
[2026-05-23 17:59:01.328] I (2829) wifi:Init data frame dynamic rx buffer num: 32
[2026-05-23 17:59:01.329] I (2829) wifi:Init static rx mgmt buffer num: 5
[2026-05-23 17:59:01.330] I (2830) wifi:Init management short buffer num: 32
[2026-05-23 17:59:01.331] I (2830) wifi:Init dynamic tx buffer num: 32
[2026-05-23 17:59:01.331] I (2831) wifi:Init static tx FG buffer num: 2
[2026-05-23 17:59:01.332] I (2831) wifi:Init static rx buffer size: 1600
[2026-05-23 17:59:01.333] I (2832) wifi:Init static rx buffer num: 10
[2026-05-23 17:59:01.334] I (2832) wifi:Init dynamic rx buffer num: 32
[2026-05-23 17:59:01.335] I (2833) wifi_init: rx ba win: 6
[2026-05-23 17:59:01.335] I (2834) wifi_init: accept mbox: 6
[2026-05-23 17:59:01.336] I (2834) wifi_init: tcpip mbox: 32
[2026-05-23 17:59:01.337] I (2834) wifi_init: udp mbox: 6
[2026-05-23 17:59:01.337] I (2834) wifi_init: tcp mbox: 6
[2026-05-23 17:59:01.338] I (2835) wifi_init: tcp tx win: 5760
[2026-05-23 17:59:01.339] I (2835) wifi_init: tcp rx win: 5760
[2026-05-23 17:59:01.340] I (2836) wifi_init: tcp mss: 1440
[2026-05-23 17:59:01.340] I (2836) wifi_init: WiFi IRAM OP enabled
[2026-05-23 17:59:01.340] I (2836) wifi_init: WiFi RX IRAM OP enabled
[2026-05-23 17:59:01.341] I (2837) phy_init: phy_version 1200,2b7123f9,Feb 18 2025,15:22:21
[2026-05-23 17:59:01.371] I (2875) wifi:mode : sta (74:4d:bd:e1:d5:b8)
[2026-05-23 17:59:01.371] I (2875) wifi:enable tsf
[2026-05-23 17:59:01.374] I (2878) ESPNOW: espnow [version: 2.0] init
[2026-05-23 17:59:01.375] WCAN_TEST_READY role=sensor
# Waiting for phased test start
# UART test start sent: WCAN_TEST_START at 2026-05-23T17:59:01.386610
[2026-05-23 17:59:02.672] P(FAIL):3980:e0:5:55:65:11
[2026-05-23 17:59:03.172] P(FAIL):4479:e0:9:99:109:11
[2026-05-23 17:59:03.590] P(FAIL):4898:e0:13:143:153:11
[2026-05-23 17:59:04.312] P(FAIL):5620:e0:19:209:219:11
[2026-05-23 17:59:05.108] P(FAIL):6416:e0:27:297:307:11
[2026-05-23 17:59:05.624] P(FAIL):6932:e0:31:341:351:11
[2026-05-23 17:59:06.024] P(FAIL):7331:e0:35:385:395:11
[2026-05-23 17:59:06.363] P(FAIL):7671:e0:39:429:439:11
[2026-05-23 17:59:07.250] P(FAIL):8558:e0:46:506:516:11
[2026-05-23 17:59:07.715] P(FAIL):9023:e0:50:550:560:11
[2026-05-23 17:59:08.126] P(FAIL):9434:e0:54:594:604:11
[2026-05-23 17:59:08.648] P(FAIL):9956:e0:59:649:659:11
[2026-05-23 17:59:08.997] P(FAIL):10301:e0:61:671:681:11
[2026-05-23 17:59:09.409] P(FAIL):10717:e0:66:726:736:11
[2026-05-23 17:59:09.843] P(FAIL):11151:e0:70:770:780:11
[2026-05-23 17:59:10.288] P(FAIL):11596:e0:74:814:824:11
[2026-05-23 17:59:10.732] P(FAIL):12040:e0:78:858:868:11
[2026-05-23 17:59:11.075] P(FAIL):12383:e0:81:891:901:11
[2026-05-23 17:59:11.438] P(FAIL):12746:e0:83:913:923:11
[2026-05-23 17:59:11.832] P(FAIL):13140:e0:88:968:978:11
[2026-05-23 17:59:12.248] P(FAIL):13555:e0:90:990:1000:11
[2026-05-23 17:59:12.556] P(FAIL):13864:e0:94:1034:1044:11
[2026-05-23 17:59:12.969] P(FAIL):14277:e0:98:1078:1088:11
[2026-05-23 17:59:13.857] P(FAIL):15164:e0:106:1166:1176:11
[2026-05-23 17:59:14.308] P(FAIL):15616:e0:110:1210:1220:11
[2026-05-23 17:59:14.661] P(FAIL):15968:e0:114:1254:1264:11
[2026-05-23 17:59:15.413] P(FAIL):16720:e0:120:1320:1330:11
[2026-05-23 17:59:15.831] P(FAIL):17138:e0:124:1364:1374:11
[2026-05-23 17:59:16.206] P(FAIL):17513:e0:128:1408:1418:11
[2026-05-23 17:59:16.774] P(FAIL):18081:e0:133:1463:1473:11
[2026-05-23 17:59:17.204] P(FAIL):18512:e0:137:1507:1517:11
[2026-05-23 17:59:17.475] P(FAIL):18783:e0:139:1529:1539:11
[2026-05-23 17:59:18.357] P(FAIL):19665:e0:147:1617:1627:11
[2026-05-23 17:59:18.801] P(FAIL):20109:e0:151:1661:1671:11
[2026-05-23 17:59:19.292] P(FAIL):20600:e0:156:1716:1726:11
[2026-05-23 17:59:19.830] P(FAIL):21138:e0:161:1771:1781:11
[2026-05-23 17:59:20.608] P(FAIL):21916:e0:168:1848:1858:11
[2026-05-23 17:59:20.939] P(FAIL):22246:e0:171:1881:1891:11
[2026-05-23 17:59:21.367] P(FAIL):22675:e0:175:1925:1935:11
[2026-05-23 17:59:21.686] P(FAIL):22993:e0:178:1958:1968:11
[2026-05-23 17:59:22.327] P(FAIL):23635:e0:184:2024:2034:11
[2026-05-23 17:59:22.704] P(FAIL):24012:e0:187:2057:2067:11
[2026-05-23 17:59:23.056] P(FAIL):24364:e0:189:2079:2089:11
[2026-05-23 17:59:23.402] P(FAIL):24709:e0:191:2101:2111:11
[2026-05-23 17:59:23.976] P(FAIL):25284:e0:198:2178:2188:11
[2026-05-23 17:59:24.348] P(FAIL):25656:e0:202:2222:2232:11
[2026-05-23 17:59:24.735] P(FAIL):26043:e0:205:2255:2265:11
[2026-05-23 17:59:25.034] P(FAIL):26342:e0:207:2277:2287:11
[2026-05-23 17:59:25.367] P(FAIL):26675:e0:210:2310:2320:11
[2026-05-23 17:59:25.861] P(FAIL):27169:e0:215:2365:2375:11
[2026-05-23 17:59:26.179] P(FAIL):27487:e0:219:2409:2419:11
[2026-05-23 17:59:26.530] P(FAIL):27837:e0:222:2442:2452:11
[2026-05-23 17:59:26.927] P(FAIL):28235:e0:225:2475:2485:11
[2026-05-23 17:59:27.335] P(FAIL):28642:e0:229:2519:2529:11
[2026-05-23 17:59:27.907] P(FAIL):29215:e0:234:2574:2584:11
[2026-05-23 17:59:28.417] P(FAIL):29725:e0:238:2618:2628:11
[2026-05-23 17:59:28.843] P(FAIL):30151:e0:242:2662:2672:11
[2026-05-23 17:59:29.157] P(FAIL):30465:e0:246:2706:2716:11
[2026-05-23 17:59:29.891] P(FAIL):31198:e0:252:2772:2782:11
[2026-05-23 17:59:30.319] P(FAIL):31626:e0:256:2816:2826:11
[2026-05-23 17:59:30.831] P(FAIL):32138:e0:261:2871:2881:11
[2026-05-23 17:59:31.640] P(FAIL):32947:e0:268:2948:2958:11
[2026-05-23 17:59:32.307] P(FAIL):33614:e0:269:2959:2969:11
[2026-05-23 17:59:32.703] WCAN_BATCH id=0xe0 count=273 avg_hz=9.09 avg_points=10.99 min_points=7 max_points=11 avg_interval_ms=110.00 min_interval_ms=109.88 max_interval_ms=110.10 avg_dispatch_ms=1.81 max_dispatch_ms=11.04 dispatched_count=457 avg_queue_wait_ms=141.63 max_queue_wait_ms=511.76
[2026-05-23 17:59:32.704] WCAN_SENSOR_END generated=2998 avg_hz=99.97
[2026-05-23 17:59:32.711] WCAN_MEASURES elapsed_ms=29999 heap_start_free=126780 heap_end_free=141568 heap_start_min_free=126720 heap_end_min_free=126420 heap_start_largest=98304 heap_end_largest=98304 airtime_us_total=823064 packets_sent_total=457 sensor_send_failures_total=0
[2026-05-23 17:59:32.712] WCAN_TEST_END role=sensor

# Monitor stopped: 2026-05-23T17:59:32.712408
