# Monitor started: 2026-05-23T17:58:58.693211
# Port: /dev/ttyACM0, Baud: 921600, Timeout: 35.000s after WCAN_TEST_START

# UART boot config: wcan v=1 role=sensor transport=BROADCAST test_duration_ms=30000 host_wait_time_ms=5000 base=0xd0 count=1 hz=100 linger=100
[2026-05-23 17:58:58.693] ESP-ROM:esp32c3-api1-20210207
[2026-05-23 17:58:58.693] Build:Feb  7 2021
[2026-05-23 17:58:58.694] rst:0x15 (USB_UART_CHIP_RESET),boot:0xd (SPI_FAST_FLASH_BOOT)
[2026-05-23 17:58:58.695] Saved PC:0x40384eba
[2026-05-23 17:58:58.696] SPIWP:0xee
[2026-05-23 17:58:58.697] mode:DIO, clock div:1
[2026-05-23 17:58:58.699] load:0x3fcd5820,len:0x1574
[2026-05-23 17:58:58.700] load:0x403cc710,len:0xc30
[2026-05-23 17:58:58.704] load:0x403ce710,len:0x2fa0
[2026-05-23 17:58:58.711] entry 0x403cc71a
[2026-05-23 17:58:58.718] I (24) boot: ESP-IDF v5.4.1 2nd stage bootloader
[2026-05-23 17:58:58.725] I (24) boot: compile time May 20 2026 00:05:32
[2026-05-23 17:58:58.728] I (25) boot: chip revision: v0.4
[2026-05-23 17:58:58.732] I (25) boot: efuse block revision: v1.3
[2026-05-23 17:58:58.743] I (25) boot.esp32c3: SPI Speed      : 80MHz
[2026-05-23 17:58:58.748] I (25) boot.esp32c3: SPI Mode       : DIO
[2026-05-23 17:58:58.752] I (26) boot.esp32c3: SPI Flash Size : 2MB
[2026-05-23 17:58:58.759] I (26) boot: Enabling RNG early entropy source...
[2026-05-23 17:58:58.760] I (27) boot: Partition Table:
[2026-05-23 17:58:58.765] I (27) boot: ## Label            Usage          Type ST Offset   Length
[2026-05-23 17:58:58.767] I (28) boot:  0 nvs              WiFi data        01 02 00009000 00006000
[2026-05-23 17:58:58.772] I (29) boot:  1 phy_init         RF data          01 01 0000f000 00001000
[2026-05-23 17:58:58.775] I (29) boot:  2 factory          factory app      00 00 00010000 00100000
[2026-05-23 17:58:58.781] I (30) boot: End of partition table
[2026-05-23 17:58:58.788] I (31) esp_image: segment 0: paddr=00010020 vaddr=3c0a0020 size=1977ch (104316) map
[2026-05-23 17:58:58.798] I (48) esp_image: segment 1: paddr=000297a4 vaddr=3fc95200 size=02da0h ( 11680) load
[2026-05-23 17:58:58.803] I (51) esp_image: segment 2: paddr=0002c54c vaddr=40380000 size=03acch ( 15052) load
[2026-05-23 17:58:58.810] I (54) esp_image: segment 3: paddr=00030020 vaddr=42000020 size=9942ch (627756) map
[2026-05-23 17:58:58.815] I (154) esp_image: segment 4: paddr=000c9454 vaddr=40383acc size=11614h ( 71188) load
[2026-05-23 17:58:58.818] I (168) esp_image: segment 5: paddr=000daa70 vaddr=50000200 size=0001ch (    28) load
[2026-05-23 17:58:58.821] I (175) boot: Loaded app from partition at offset 0x10000
[2026-05-23 17:58:58.825] I (175) boot: Disabling RNG early entropy source...
[2026-05-23 17:58:58.829] I (176) cpu_start: Unicore app
[2026-05-23 17:58:58.830] I (185) cpu_start: Pro cpu start user code
[2026-05-23 17:58:58.834] I (185) cpu_start: cpu freq: 160000000 Hz
[2026-05-23 17:58:58.837] I (185) app_init: Application information:
[2026-05-23 17:58:58.843] I (185) app_init: Project name:     sensor_acquirer
[2026-05-23 17:58:58.847] I (185) app_init: App version:      v1.0-171-gbbe0783
[2026-05-23 17:58:58.848] I (186) app_init: Compile time:     May 23 2026 14:30:31
[2026-05-23 17:58:58.849] I (186) app_init: ELF file SHA256:  493679023...
[2026-05-23 17:58:58.850] I (187) app_init: ESP-IDF:          v5.4.1
[2026-05-23 17:58:58.851] I (188) efuse_init: Min chip rev:     v0.3
[2026-05-23 17:58:58.854] I (188) efuse_init: Max chip rev:     v1.99
[2026-05-23 17:58:58.855] I (188) efuse_init: Chip rev:         v0.4
[2026-05-23 17:58:58.857] I (189) heap_init: Initializing. RAM available for dynamic allocation:
[2026-05-23 17:58:58.858] I (190) heap_init: At 3FC9C340 len 00023CC0 (143 KiB): RAM
[2026-05-23 17:58:58.859] I (190) heap_init: At 3FCC0000 len 0001C710 (113 KiB): Retention RAM
[2026-05-23 17:58:58.861] I (191) heap_init: At 3FCDC710 len 00002950 (10 KiB): Retention RAM
[2026-05-23 17:58:58.862] I (192) heap_init: At 5000021C len 00001DCC (7 KiB): RTCRAM
[2026-05-23 17:58:58.863] I (193) spi_flash: detected chip: generic
[2026-05-23 17:58:58.864] I (194) spi_flash: flash io: dio
[2026-05-23 17:58:58.866] W (194) spi_flash: Detected size(4096k) larger than the size in the binary image header(2048k). Using the size in the binary image header.
[2026-05-23 17:58:58.868] I (195) sleep_gpio: Configure to isolate all GPIO pins in sleep state
[2026-05-23 17:58:58.869] I (196) sleep_gpio: Enable automatic switching of GPIO sleep configuration
[2026-05-23 17:58:58.869] I (197) main_task: Started on CPU0
[2026-05-23 17:58:58.870] I (197) main_task: Calling app_main()
[2026-05-23 17:58:58.870] WCAN_CFG_WAIT v=1
# UART boot config sent: wcan v=1 role=sensor transport=BROADCAST test_duration_ms=30000 host_wait_time_ms=5000 base=0xd0 count=1 hz=100 linger=100
[2026-05-23 17:58:58.871] WCAN_CFG_WAIT v=1
[2026-05-23 17:59:01.311] WCAN_CFG_ACK
[2026-05-23 17:59:01.311] WCAN_CFG_ACK
[2026-05-23 17:59:01.316] I (2822) pp: pp rom version: 9387209
[2026-05-23 17:59:01.316] I (2823) net80211: net80211 rom version: 9387209
[2026-05-23 17:59:01.318] I (2824) wifi:wifi driver task: 3fca77a4, prio:23, stack:6656, core=0
[2026-05-23 17:59:01.322] I (2828) wifi:wifi firmware version: 79fa3f41ba
[2026-05-23 17:59:01.322] I (2828) wifi:wifi certification version: v7.0
[2026-05-23 17:59:01.322] I (2828) wifi:config NVS flash: enabled
[2026-05-23 17:59:01.323] I (2828) wifi:config nano formatting: disabled
[2026-05-23 17:59:01.324] I (2829) wifi:Init data frame dynamic rx buffer num: 32
[2026-05-23 17:59:01.326] I (2829) wifi:Init static rx mgmt buffer num: 5
[2026-05-23 17:59:01.327] I (2830) wifi:Init management short buffer num: 32
[2026-05-23 17:59:01.328] I (2830) wifi:Init dynamic tx buffer num: 32
[2026-05-23 17:59:01.329] I (2831) wifi:Init static tx FG buffer num: 2
[2026-05-23 17:59:01.330] I (2831) wifi:Init static rx buffer size: 1600
[2026-05-23 17:59:01.331] I (2832) wifi:Init static rx buffer num: 10
[2026-05-23 17:59:01.332] I (2832) wifi:Init dynamic rx buffer num: 32
[2026-05-23 17:59:01.333] I (2834) wifi_init: rx ba win: 6
[2026-05-23 17:59:01.333] I (2834) wifi_init: accept mbox: 6
[2026-05-23 17:59:01.334] I (2834) wifi_init: tcpip mbox: 32
[2026-05-23 17:59:01.335] I (2834) wifi_init: udp mbox: 6
[2026-05-23 17:59:01.335] I (2834) wifi_init: tcp mbox: 6
[2026-05-23 17:59:01.336] I (2835) wifi_init: tcp tx win: 5760
[2026-05-23 17:59:01.337] I (2835) wifi_init: tcp rx win: 5760
[2026-05-23 17:59:01.337] I (2836) wifi_init: tcp mss: 1440
[2026-05-23 17:59:01.338] I (2836) wifi_init: WiFi IRAM OP enabled
[2026-05-23 17:59:01.339] I (2836) wifi_init: WiFi RX IRAM OP enabled
[2026-05-23 17:59:01.340] I (2837) phy_init: phy_version 1200,2b7123f9,Feb 18 2025,15:22:21
[2026-05-23 17:59:01.371] I (2876) wifi:mode : sta (54:32:04:8c:0b:8c)
[2026-05-23 17:59:01.371] I (2877) wifi:enable tsf
[2026-05-23 17:59:01.374] I (2880) ESPNOW: espnow [version: 2.0] init
[2026-05-23 17:59:01.375] WCAN_TEST_READY role=sensor
# Waiting for phased test start
# UART test start sent: WCAN_TEST_START at 2026-05-23T17:59:01.386742
[2026-05-23 17:59:02.199] P(FAIL):3508:d0:0:0:10:11
[2026-05-23 17:59:04.756] P(FAIL):6065:d0:23:253:263:11
[2026-05-23 17:59:06.835] P(FAIL):8144:d0:42:462:472:11
[2026-05-23 17:59:13.389] P(FAIL):14698:d0:102:1122:1132:11
[2026-05-23 17:59:14.989] P(FAIL):16298:d0:117:1287:1297:11
[2026-05-23 17:59:17.546] P(FAIL):18855:d0:140:1540:1550:11
[2026-05-23 17:59:17.944] P(FAIL):19253:d0:143:1573:1583:11
[2026-05-23 17:59:20.257] P(FAIL):21566:d0:165:1815:1825:11
[2026-05-23 17:59:21.032] P(FAIL):22341:d0:171:1881:1891:11
[2026-05-23 17:59:22.032] P(FAIL):23341:d0:181:1991:2001:11
[2026-05-23 17:59:23.041] P(FAIL):24350:d0:190:2090:2100:11
[2026-05-23 17:59:24.736] P(FAIL):26045:d0:205:2255:2265:11
[2026-05-23 17:59:25.120] P(FAIL):26429:d0:206:2266:2276:11
[2026-05-23 17:59:28.789] P(FAIL):30098:d0:242:2662:2672:11
[2026-05-23 17:59:29.506] P(FAIL):30814:d0:249:2739:2749:11
[2026-05-23 17:59:31.204] P(FAIL):32513:d0:264:2904:2914:11
[2026-05-23 17:59:31.728] P(FAIL):33037:d0:269:2959:2969:11
[2026-05-23 17:59:32.528] P(FAIL):33837:d0:270:2970:2980:11
[2026-05-23 17:59:32.702] WCAN_BATCH id=0xd0 count=273 avg_hz=9.09 avg_points=10.99 min_points=7 max_points=11 avg_interval_ms=110.00 min_interval_ms=109.88 max_interval_ms=110.10 avg_dispatch_ms=1.79 max_dispatch_ms=7.06 dispatched_count=326 avg_queue_wait_ms=57.13 max_queue_wait_ms=563.75
[2026-05-23 17:59:32.703] WCAN_SENSOR_END generated=2998 avg_hz=99.97
[2026-05-23 17:59:32.710] WCAN_MEASURES elapsed_ms=29999 heap_start_free=126648 heap_end_free=141436 heap_start_min_free=126588 heap_end_min_free=126288 heap_start_largest=98304 heap_end_largest=98304 airtime_us_total=578867 packets_sent_total=326 sensor_send_failures_total=0
[2026-05-23 17:59:32.711] WCAN_TEST_END role=sensor

# Monitor stopped: 2026-05-23T17:59:32.711175
