# Monitor started: 2026-04-22T17:52:34.226819
# Port: COM24, Baud: 115200, Duration: 30s

[2026-04-22 17:52:34.228] size=1�ets Jul 29 2019 12:21:46
[2026-04-22 17:52:34.229] 
[2026-04-22 17:52:34.234] rst:0x1 (POWERON_RESET),boot:0x13 (SPI_FAST_FLASH_BOOT)
[2026-04-22 17:52:34.237] configsip: 0, SPIWP:0xee
[2026-04-22 17:52:34.244] clk_drv:0x00,q_drv:0x00,d_drv:0x00,cs0_drv:0x00,hd_drv:0x00,wp_drv:0x00
[2026-04-22 17:52:34.246] mode:DIO, clock div:2
[2026-04-22 17:52:34.249] load:0x3fff0030,len:6276
[2026-04-22 17:52:34.250] load:0x40078000,len:15748
[2026-04-22 17:52:34.252] load:0x40080400,len:4
[2026-04-22 17:52:34.254] ho 8 tail 4 room 4
[2026-04-22 17:52:34.256] load:0x40080404,len:3860
[2026-04-22 17:52:34.259] entry 0x4008063c
[2026-04-22 17:52:34.263] I (31) boot: ESP-IDF v5.4.1 2nd stage bootloader
[2026-04-22 17:52:34.268] I (31) boot: compile time Apr 22 2026 16:40:53
[2026-04-22 17:52:34.270] I (31) boot: Multicore bootloader
[2026-04-22 17:52:34.274] I (32) boot: chip revision: v3.1
[2026-04-22 17:52:34.276] I (35) boot.esp32: SPI Speed      : 40MHz
[2026-04-22 17:52:34.280] I (39) boot.esp32: SPI Mode       : DIO
[2026-04-22 17:52:34.284] I (43) boot.esp32: SPI Flash Size : 2MB
[2026-04-22 17:52:34.289] I (46) boot: Enabling RNG early entropy source...
[2026-04-22 17:52:34.291] I (51) boot: Partition Table:
[2026-04-22 17:52:34.298] I (53) boot: ## Label            Usage          Type ST Offset   Length
[2026-04-22 17:52:34.304] I (60) boot:  0 nvs              WiFi data        01 02 00009000 00006000
[2026-04-22 17:52:34.312] I (66) boot:  1 phy_init         RF data          01 01 0000f000 00001000
[2026-04-22 17:52:34.318] I (73) boot:  2 factory          factory app      00 00 00010000 00100000
[2026-04-22 17:52:34.322] I (79) boot: End of partition table
[2026-04-22 17:52:34.330] I (82) esp_image: segment 0: paddr=00010020 vaddr=3f400020 size=18654h ( 99924) map
[2026-04-22 17:52:34.337] I (124) esp_image: segment 1: paddr=0002867c vaddr=3ff80000 size=0001ch (    28) load
[2026-04-22 17:52:34.346] I (124) esp_image: segment 2: paddr=000286a0 vaddr=3ffb0000 size=03ea8h ( 16040) load
[2026-04-22 17:52:34.353] I (134) esp_image: segment 3: paddr=0002c550 vaddr=40080000 size=03ac8h ( 15048) load
[2026-04-22 17:52:34.361] I (141) esp_image: segment 4: paddr=00030020 vaddr=400d0020 size=7ff84h (524164) map
[2026-04-22 17:52:34.369] I (322) esp_image: segment 5: paddr=000affac vaddr=40083ac8 size=14260h ( 82528) load
[2026-04-22 17:52:34.375] I (366) boot: Loaded app from partition at offset 0x10000
[2026-04-22 17:52:34.379] I (366) boot: Disabling RNG early entropy source...
[2026-04-22 17:52:34.382] I (376) cpu_start: Multicore app
[2026-04-22 17:52:34.386] I (385) cpu_start: Pro cpu start user code
[2026-04-22 17:52:34.390] I (385) cpu_start: cpu freq: 160000000 Hz
[2026-04-22 17:52:34.393] I (385) app_init: Application information:
[2026-04-22 17:52:34.398] I (385) app_init: Project name:     sensor_acquirer
[2026-04-22 17:52:34.402] I (389) app_init: App version:      e468f2b-dirty
[2026-04-22 17:52:34.407] I (394) app_init: Compile time:     Apr 22 2026 16:39:58
[2026-04-22 17:52:34.412] I (399) app_init: ELF file SHA256:  91b0c478b...
[2026-04-22 17:52:34.416] I (403) app_init: ESP-IDF:          v5.4.1
[2026-04-22 17:52:34.420] I (407) efuse_init: Min chip rev:     v0.0
[2026-04-22 17:52:34.425] I (411) efuse_init: Max chip rev:     v3.99
[2026-04-22 17:52:34.429] I (415) efuse_init: Chip rev:         v3.1
[2026-04-22 17:52:34.433] I (419) heap_init: Initializing. RAM available for dynamic allocation:
[2026-04-22 17:52:34.438] I (425) heap_init: At 3FFAE6E0 len 00001920 (6 KiB): DRAM
[2026-04-22 17:52:34.445] I (430) heap_init: At 3FFB82B8 len 00027D48 (159 KiB): DRAM
[2026-04-22 17:52:34.450] I (435) heap_init: At 3FFE0440 len 00003AE0 (14 KiB): D/IRAM
[2026-04-22 17:52:34.455] I (441) heap_init: At 3FFE4350 len 0001BCB0 (111 KiB): D/IRAM
[2026-04-22 17:52:34.459] I (446) heap_init: At 40097D28 len 000082D8 (32 KiB): IRAM
[2026-04-22 17:52:34.464] I (453) spi_flash: detected chip: generic
[2026-04-22 17:52:34.466] I (455) spi_flash: flash io: dio
[2026-04-22 17:52:34.478] W (458) spi_flash: Detected size(4096k) larger than the size in the binary image header(2048k). Using the size in the binary image header.
[2026-04-22 17:52:34.482] I (471) main_task: Started on CPU0
[2026-04-22 17:52:34.483] I (481) main_task: Calling app_main()
[2026-04-22 17:52:34.487] I (491) MAIN: MAC: 28:05:a5:31:c9:78
[2026-04-22 17:52:34.491] I (501) wifi:wifi driver task: 3ffc067c, prio:23, stack:6656, core=0
[2026-04-22 17:52:34.495] I (501) wifi:wifi firmware version: 79fa3f41ba
[2026-04-22 17:52:34.499] I (501) wifi:wifi certification version: v7.0
[2026-04-22 17:52:34.502] I (501) wifi:config NVS flash: enabled
[2026-04-22 17:52:34.506] I (501) wifi:config nano formatting: disabled
[2026-04-22 17:52:34.511] I (511) wifi:Init data frame dynamic rx buffer num: 32
[2026-04-22 17:52:34.516] I (511) wifi:Init static rx mgmt buffer num: 5
[2026-04-22 17:52:34.519] I (521) wifi:Init management short buffer num: 32
[2026-04-22 17:52:34.524] I (521) wifi:Init dynamic tx buffer num: 32
[2026-04-22 17:52:34.533] I (521) wifi:Init static rx buffer size: 1600
[2026-04-22 17:52:34.534] I (531) wifi:Init static rx buffer num: 10
[2026-04-22 17:52:34.535] I (531) wifi:Init dynamic rx buffer num: 32
[2026-04-22 17:52:34.540] I (541) wifi_init: rx ba win: 6
[2026-04-22 17:52:34.545] I (541) wifi_init: accept mbox: 6
[2026-04-22 17:52:34.549] I (541) wifi_init: tcpip mbox: 32
[2026-04-22 17:52:34.553] I (551) wifi_init: udp mbox: 6
[2026-04-22 17:52:34.557] I (551) wifi_init: tcp mbox: 6
[2026-04-22 17:52:34.563] I (551) wifi_init: tcp tx win: 5760
[2026-04-22 17:52:34.569] I (551) wifi_init: tcp rx win: 5760
[2026-04-22 17:52:34.573] I (561) wifi_init: tcp mss: 1440
[2026-04-22 17:52:34.578] I (561) wifi_init: WiFi IRAM OP enabled
[2026-04-22 17:52:34.584] I (561) wifi_init: WiFi RX IRAM OP enabled
[2026-04-22 17:52:34.594] I (571) phy_init: phy_version 4860,6b7a6e5,Feb  6 2025,14:47:07
[2026-04-22 17:52:34.601] I (661) wifi:mode : softAP (28:05:a5:31:c9:79)
[2026-04-22 17:52:34.606] I (661) wifi:Total power save buffer number: 16
[2026-04-22 17:52:34.612] I (661) wifi:Init max length of beacon: 752/752
[2026-04-22 17:52:34.618] I (661) wifi:Init max length of beacon: 752/752
[2026-04-22 17:52:34.621] I (671) MAIN: WiFi initialized
[2026-04-22 17:52:34.627] I (671) MAIN: SENSOR mode — CAN ID: 0xc978
[2026-04-22 17:52:34.632] I (671) ESPNOW: espnow [version: 2.0] init
[2026-04-22 17:52:34.637] I (681) SEND: Send processing task started
[2026-04-22 17:52:34.643] I (681) RECV: Receive processing task started
[2026-04-22 17:52:34.647] I (681) WCAN: WCAN initialized
[2026-04-22 17:52:34.653] I (691) ReadDataTask: ReadDataTask started with CAN ID 0xc978
[2026-04-22 17:52:34.657] I (691) ReadDataTask: Sent counter=0
[2026-04-22 17:52:34.661] I (701) main_task: Returned from app_main()
[2026-04-22 17:52:35.433] I (1701) ReadDataTask: Sent counter=1
[2026-04-22 17:52:36.433] I (2701) ReadDataTask: Sent counter=2
[2026-04-22 17:52:37.433] I (3701) ReadDataTask: Sent counter=3
[2026-04-22 17:52:38.433] I (4701) ReadDataTask: Sent counter=4
[2026-04-22 17:52:39.433] I (5701) ReadDataTask: Sent counter=5
[2026-04-22 17:52:40.433] I (6701) ReadDataTask: Sent counter=6
[2026-04-22 17:52:40.636] W (6901) RESEND: Timeout reached, resending 0000c978... Attempt: 1 of 3
[2026-04-22 17:52:40.836] W (7101) RESEND: Timeout reached, resending 0000c978... Attempt: 2 of 3
[2026-04-22 17:52:41.434] I (7701) ReadDataTask: Sent counter=7
[2026-04-22 17:52:41.636] W (7901) RESEND: Timeout reached, resending 0000c978... Attempt: 1 of 3
[2026-04-22 17:52:42.434] I (8701) ReadDataTask: Sent counter=8
[2026-04-22 17:52:42.636] W (8901) RESEND: Timeout reached, resending 0000c978... Attempt: 1 of 3
[2026-04-22 17:52:43.433] I (9701) ReadDataTask: Sent counter=9
[2026-04-22 17:52:44.434] I (10701) ReadDataTask: Sent counter=10
[2026-04-22 17:52:45.434] I (11701) ReadDataTask: Sent counter=11
[2026-04-22 17:52:46.434] I (12701) ReadDataTask: Sent counter=12
[2026-04-22 17:52:46.636] W (12901) RESEND: Timeout reached, resending 0000c978... Attempt: 1 of 3
[2026-04-22 17:52:47.434] I (13701) ReadDataTask: Sent counter=13
[2026-04-22 17:52:47.637] W (13901) RESEND: Timeout reached, resending 0000c978... Attempt: 1 of 3
[2026-04-22 17:52:47.836] W (14101) RESEND: Timeout reached, resending 0000c978... Attempt: 2 of 3
[2026-04-22 17:52:48.434] I (14701) ReadDataTask: Sent counter=14
[2026-04-22 17:52:49.434] I (15701) ReadDataTask: Sent counter=15
[2026-04-22 17:52:49.637] W (15901) RESEND: Timeout reached, resending 0000c978... Attempt: 1 of 3
[2026-04-22 17:52:50.435] I (16701) ReadDataTask: Sent counter=16
[2026-04-22 17:52:50.637] W (16901) RESEND: Timeout reached, resending 0000c978... Attempt: 1 of 3
[2026-04-22 17:52:51.434] I (17701) ReadDataTask: Sent counter=17
[2026-04-22 17:52:52.433] I (18701) ReadDataTask: Sent counter=18
[2026-04-22 17:52:53.434] I (19701) ReadDataTask: Sent counter=19
[2026-04-22 17:52:53.637] W (19901) RESEND: Timeout reached, resending 0000c978... Attempt: 1 of 3
[2026-04-22 17:52:54.435] I (20701) ReadDataTask: Sent counter=20
[2026-04-22 17:52:55.434] I (21701) ReadDataTask: Sent counter=21
[2026-04-22 17:52:56.434] I (22701) ReadDataTask: Sent counter=22
[2026-04-22 17:52:57.434] I (23701) ReadDataTask: Sent counter=23
[2026-04-22 17:52:58.434] I (24701) ReadDataTask: Sent counter=24
[2026-04-22 17:52:59.434] I (25701) ReadDataTask: Sent counter=25
[2026-04-22 17:53:00.435] I (26701) ReadDataTask: Sent counter=26
[2026-04-22 17:53:01.434] I (27701) ReadDataTask: Sent counter=27
[2026-04-22 17:53:02.434] I (28701) ReadDataTask: Sent counter=28
[2026-04-22 17:53:03.435] I (29701) ReadDataTask: Sent counter=29
[2026-04-22 17:53:04.435] I (30701) ReadDataTask: Sent counter=30

# Monitor stopped: 2026-04-22T17:53:04.435230
