# Monitor started: 2026-05-23T18:11:04.891178
# Port: /dev/ttyACM0, Baud: 921600, Timeout: 35.000s after WCAN_TEST_START

# UART boot config: wcan v=1 role=sensor transport=BROADCAST test_duration_ms=30000 host_wait_time_ms=5000 base=0xd0 count=1 hz=750 linger=100
[2026-05-23 18:11:04.901] ESP-ROM:esp32c3-api1-20210207
[2026-05-23 18:11:04.909] Build:Feb  7 2021
[2026-05-23 18:11:04.931] rst:0x15 (USB_UART_CHIP_RESET),boot:0xd (SPI_FAST_FLASH_BOOT)
[2026-05-23 18:11:04.936] Saved PC:0x40384eba
[2026-05-23 18:11:04.939] SPIWP:0xee
[2026-05-23 18:11:04.942] mode:DIO, clock div:1
[2026-05-23 18:11:04.944] load:0x3fcd5820,len:0x1574
[2026-05-23 18:11:04.946] load:0x403cc710,len:0xc30
[2026-05-23 18:11:04.948] load:0x403ce710,len:0x2fa0
[2026-05-23 18:11:04.950] entry 0x403cc71a
[2026-05-23 18:11:04.955] I (24) boot: ESP-IDF v5.4.1 2nd stage bootloader
[2026-05-23 18:11:04.958] I (24) boot: compile time May 20 2026 00:05:32
[2026-05-23 18:11:04.961] I (25) boot: chip revision: v0.4
[2026-05-23 18:11:04.964] I (25) boot: efuse block revision: v1.3
[2026-05-23 18:11:04.969] I (25) boot.esp32c3: SPI Speed      : 80MHz
[2026-05-23 18:11:04.972] I (25) boot.esp32c3: SPI Mode       : DIO
[2026-05-23 18:11:04.974] I (26) boot.esp32c3: SPI Flash Size : 2MB
[2026-05-23 18:11:04.979] I (26) boot: Enabling RNG early entropy source...
[2026-05-23 18:11:04.983] I (27) boot: Partition Table:
[2026-05-23 18:11:04.988] I (27) boot: ## Label            Usage          Type ST Offset   Length
[2026-05-23 18:11:04.993] I (28) boot:  0 nvs              WiFi data        01 02 00009000 00006000
[2026-05-23 18:11:05.001] I (29) boot:  1 phy_init         RF data          01 01 0000f000 00001000
[2026-05-23 18:11:05.004] I (29) boot:  2 factory          factory app      00 00 00010000 00100000
[2026-05-23 18:11:05.008] I (30) boot: End of partition table
[2026-05-23 18:11:05.014] I (31) esp_image: segment 0: paddr=00010020 vaddr=3c0a0020 size=1977ch (104316) map
[2026-05-23 18:11:05.020] I (48) esp_image: segment 1: paddr=000297a4 vaddr=3fc95200 size=02da0h ( 11680) load
[2026-05-23 18:11:05.025] I (51) esp_image: segment 2: paddr=0002c54c vaddr=40380000 size=03acch ( 15052) load
[2026-05-23 18:11:05.031] I (54) esp_image: segment 3: paddr=00030020 vaddr=42000020 size=9942ch (627756) map
[2026-05-23 18:11:05.033] I (154) esp_image: segment 4: paddr=000c9454 vaddr=40383acc size=11614h ( 71188) load
[2026-05-23 18:11:05.038] I (168) esp_image: segment 5: paddr=000daa70 vaddr=50000200 size=0001ch (    28) load
[2026-05-23 18:11:05.040] I (175) boot: Loaded app from partition at offset 0x10000
[2026-05-23 18:11:05.047] I (175) boot: Disabling RNG early entropy source...
[2026-05-23 18:11:05.049] I (176) cpu_start: Unicore app
[2026-05-23 18:11:05.050] I (185) cpu_start: Pro cpu start user code
[2026-05-23 18:11:05.052] I (185) cpu_start: cpu freq: 160000000 Hz
[2026-05-23 18:11:05.056] I (185) app_init: Application information:
[2026-05-23 18:11:05.057] I (185) app_init: Project name:     sensor_acquirer
[2026-05-23 18:11:05.060] I (185) app_init: App version:      v1.0-171-gbbe0783
[2026-05-23 18:11:05.061] I (186) app_init: Compile time:     May 23 2026 14:30:31
[2026-05-23 18:11:05.067] I (187) app_init: ELF file SHA256:  493679023...
[2026-05-23 18:11:05.069] I (187) app_init: ESP-IDF:          v5.4.1
[2026-05-23 18:11:05.071] I (188) efuse_init: Min chip rev:     v0.3
[2026-05-23 18:11:05.073] I (188) efuse_init: Max chip rev:     v1.99
[2026-05-23 18:11:05.078] I (189) efuse_init: Chip rev:         v0.4
[2026-05-23 18:11:05.081] I (189) heap_init: Initializing. RAM available for dynamic allocation:
[2026-05-23 18:11:05.084] I (190) heap_init: At 3FC9C340 len 00023CC0 (143 KiB): RAM
[2026-05-23 18:11:05.085] I (190) heap_init: At 3FCC0000 len 0001C710 (113 KiB): Retention RAM
[2026-05-23 18:11:05.086] I (191) heap_init: At 3FCDC710 len 00002950 (10 KiB): Retention RAM
[2026-05-23 18:11:05.087] I (192) heap_init: At 5000021C len 00001DCC (7 KiB): RTCRAM
[2026-05-23 18:11:05.088] I (194) spi_flash: detected chip: generic
[2026-05-23 18:11:05.089] I (194) spi_flash: flash io: dio
[2026-05-23 18:11:05.091] W (194) spi_flash: Detected size(4096k) larger than the size in the binary image header(2048k). Using the size in the binary image header.
[2026-05-23 18:11:05.092] I (196) sleep_gpio: Configure to isolate all GPIO pins in sleep state
[2026-05-23 18:11:05.093] I (196) sleep_gpio: Enable automatic switching of GPIO sleep configuration
[2026-05-23 18:11:05.094] I (197) main_task: Started on CPU0
[2026-05-23 18:11:05.095] I (197) main_task: Calling app_main()
[2026-05-23 18:11:05.095] WCAN_CFG_WAIT v=1
# UART boot config sent: wcan v=1 role=sensor transport=BROADCAST test_duration_ms=30000 host_wait_time_ms=5000 base=0xd0 count=1 hz=750 linger=100
[2026-05-23 18:11:05.096] WCAN_CFG_WAIT v=1
[2026-05-23 18:11:07.549] WCAN_CFG_ACK
[2026-05-23 18:11:07.550] WCAN_CFG_ACK
[2026-05-23 18:11:07.554] I (2862) pp: pp rom version: 9387209
[2026-05-23 18:11:07.556] I (2863) net80211: net80211 rom version: 9387209
[2026-05-23 18:11:07.557] I (2864) wifi:wifi driver task: 3fca77a4, prio:23, stack:6656, core=0
[2026-05-23 18:11:07.560] I (2868) wifi:wifi firmware version: 79fa3f41ba
[2026-05-23 18:11:07.561] I (2868) wifi:wifi certification version: v7.0
[2026-05-23 18:11:07.562] I (2868) wifi:config NVS flash: enabled
[2026-05-23 18:11:07.564] I (2868) wifi:config nano formatting: disabled
[2026-05-23 18:11:07.565] I (2869) wifi:Init data frame dynamic rx buffer num: 32
[2026-05-23 18:11:07.566] I (2869) wifi:Init static rx mgmt buffer num: 5
[2026-05-23 18:11:07.567] I (2870) wifi:Init management short buffer num: 32
[2026-05-23 18:11:07.568] I (2870) wifi:Init dynamic tx buffer num: 32
[2026-05-23 18:11:07.569] I (2871) wifi:Init static tx FG buffer num: 2
[2026-05-23 18:11:07.570] I (2871) wifi:Init static rx buffer size: 1600
[2026-05-23 18:11:07.571] I (2872) wifi:Init static rx buffer num: 10
[2026-05-23 18:11:07.572] I (2872) wifi:Init dynamic rx buffer num: 32
[2026-05-23 18:11:07.573] I (2873) wifi_init: rx ba win: 6
[2026-05-23 18:11:07.574] I (2874) wifi_init: accept mbox: 6
[2026-05-23 18:11:07.575] I (2874) wifi_init: tcpip mbox: 32
[2026-05-23 18:11:07.576] I (2874) wifi_init: udp mbox: 6
[2026-05-23 18:11:07.576] I (2874) wifi_init: tcp mbox: 6
[2026-05-23 18:11:07.577] I (2875) wifi_init: tcp tx win: 5760
[2026-05-23 18:11:07.578] I (2875) wifi_init: tcp rx win: 5760
[2026-05-23 18:11:07.579] I (2876) wifi_init: tcp mss: 1440
[2026-05-23 18:11:07.580] I (2876) wifi_init: WiFi IRAM OP enabled
[2026-05-23 18:11:07.580] I (2876) wifi_init: WiFi RX IRAM OP enabled
[2026-05-23 18:11:07.581] I (2877) phy_init: phy_version 1200,2b7123f9,Feb 18 2025,15:22:21
[2026-05-23 18:11:07.603] I (2911) wifi:mode : sta (54:32:04:8c:0b:8c)
[2026-05-23 18:11:07.604] I (2912) wifi:enable tsf
[2026-05-23 18:11:07.607] I (2915) ESPNOW: espnow [version: 2.0] init
[2026-05-23 18:11:07.608] WCAN_TEST_READY role=sensor
# Waiting for phased test start
# UART test start sent: WCAN_TEST_START at 2026-05-23T18:11:07.619712
[2026-05-23 18:11:37.918] P(FAIL):33029:d0:292:22192:22267:76
[2026-05-23 18:11:38.594] P(FAIL):33705:d0:293:22268:22343:76
[2026-05-23 18:11:38.935] WCAN_BATCH id=0xd0 count=297 avg_hz=9.87 avg_points=75.77 min_points=9 max_points=76 avg_interval_ms=101.31 min_interval_ms=101.23 max_interval_ms=101.37 avg_dispatch_ms=3.94 max_dispatch_ms=10.41 dispatched_count=300 avg_queue_wait_ms=2.88 max_queue_wait_ms=240.47
[2026-05-23 18:11:38.936] WCAN_SENSOR_END generated=22504 avg_hz=750.19
[2026-05-23 18:11:38.942] WCAN_MEASURES elapsed_ms=29999 heap_start_free=126648 heap_end_free=141280 heap_start_min_free=126648 heap_end_min_free=125760 heap_start_largest=98304 heap_end_largest=98304 airtime_us_total=1179922 packets_sent_total=300 sensor_send_failures_total=0
[2026-05-23 18:11:38.943] WCAN_TEST_END role=sensor

# Monitor stopped: 2026-05-23T18:11:38.943165
