# Monitor started: 2026-05-23T19:36:01.553816
# Port: /dev/ttyACM1, Baud: 921600, Timeout: 35.000s after WCAN_TEST_START

# UART boot config: wcan v=1 role=sensor transport=MULTICAST test_duration_ms=30000 host_wait_time_ms=5000 base=0xe0 count=1 hz=1000 linger=100
[2026-05-23 19:36:01.560] ESP-ROM:esp32c3-api1-20210207
[2026-05-23 19:36:01.565] Build:Feb  7 2021
[2026-05-23 19:36:01.582] rst:0x15 (USB_UART_CHIP_RESET),boot:0xd (SPI_FAST_FLASH_BOOT)
[2026-05-23 19:36:01.590] Saved PC:0x40384eba
[2026-05-23 19:36:01.594] SPIWP:0xee
[2026-05-23 19:36:01.601] mode:DIO, clock div:1
[2026-05-23 19:36:01.606] load:0x3fcd5820,len:0x1574
[2026-05-23 19:36:01.610] load:0x403cc710,len:0xc30
[2026-05-23 19:36:01.612] load:0x403ce710,len:0x2fa0
[2026-05-23 19:36:01.613] entry 0x403cc71a
[2026-05-23 19:36:01.631] I (24) boot: ESP-IDF v5.4.1 2nd stage bootloader
[2026-05-23 19:36:01.637] I (24) boot: compile time May 19 2026 23:41:33
[2026-05-23 19:36:01.638] I (25) boot: chip revision: v0.4
[2026-05-23 19:36:01.641] I (25) boot: efuse block revision: v1.3
[2026-05-23 19:36:01.644] I (25) boot.esp32c3: SPI Speed      : 80MHz
[2026-05-23 19:36:01.645] I (25) boot.esp32c3: SPI Mode       : DIO
[2026-05-23 19:36:01.646] I (26) boot.esp32c3: SPI Flash Size : 2MB
[2026-05-23 19:36:01.648] I (26) boot: Enabling RNG early entropy source...
[2026-05-23 19:36:01.648] I (27) boot: Partition Table:
[2026-05-23 19:36:01.649] I (27) boot: ## Label            Usage          Type ST Offset   Length
[2026-05-23 19:36:01.651] I (28) boot:  0 nvs              WiFi data        01 02 00009000 00006000
[2026-05-23 19:36:01.653] I (29) boot:  1 phy_init         RF data          01 01 0000f000 00001000
[2026-05-23 19:36:01.655] I (29) boot:  2 factory          factory app      00 00 00010000 00100000
[2026-05-23 19:36:01.659] I (30) boot: End of partition table
[2026-05-23 19:36:01.666] I (31) esp_image: segment 0: paddr=00010020 vaddr=3c0a0020 size=19850h (104528) map
[2026-05-23 19:36:01.674] I (48) esp_image: segment 1: paddr=00029878 vaddr=3fc95000 size=02da0h ( 11680) load
[2026-05-23 19:36:01.680] I (51) esp_image: segment 2: paddr=0002c620 vaddr=40380000 size=039f8h ( 14840) load
[2026-05-23 19:36:01.682] I (54) esp_image: segment 3: paddr=00030020 vaddr=42000020 size=990b4h (626868) map
[2026-05-23 19:36:01.687] I (154) esp_image: segment 4: paddr=000c90dc vaddr=403839f8 size=114f8h ( 70904) load
[2026-05-23 19:36:01.689] I (168) esp_image: segment 5: paddr=000da5dc vaddr=50000200 size=0001ch (    28) load
[2026-05-23 19:36:01.692] I (174) boot: Loaded app from partition at offset 0x10000
[2026-05-23 19:36:01.693] I (175) boot: Disabling RNG early entropy source...
[2026-05-23 19:36:01.694] I (176) cpu_start: Unicore app
[2026-05-23 19:36:01.696] I (185) cpu_start: Pro cpu start user code
[2026-05-23 19:36:01.700] I (185) cpu_start: cpu freq: 160000000 Hz
[2026-05-23 19:36:01.702] I (185) app_init: Application information:
[2026-05-23 19:36:01.704] I (185) app_init: Project name:     sensor_acquirer
[2026-05-23 19:36:01.708] I (185) app_init: App version:      v1.0-171-gbbe0783
[2026-05-23 19:36:01.710] I (186) app_init: Compile time:     May 23 2026 14:30:40
[2026-05-23 19:36:01.712] I (186) app_init: ELF file SHA256:  0e7d705e7...
[2026-05-23 19:36:01.713] I (187) app_init: ESP-IDF:          v5.4.1
[2026-05-23 19:36:01.716] I (187) efuse_init: Min chip rev:     v0.3
[2026-05-23 19:36:01.721] I (188) efuse_init: Max chip rev:     v1.99
[2026-05-23 19:36:01.726] I (188) efuse_init: Chip rev:         v0.4
[2026-05-23 19:36:01.728] I (189) heap_init: Initializing. RAM available for dynamic allocation:
[2026-05-23 19:36:01.730] I (190) heap_init: At 3FC9C130 len 00023ED0 (143 KiB): RAM
[2026-05-23 19:36:01.732] I (190) heap_init: At 3FCC0000 len 0001C710 (113 KiB): Retention RAM
[2026-05-23 19:36:01.734] I (191) heap_init: At 3FCDC710 len 00002950 (10 KiB): Retention RAM
[2026-05-23 19:36:01.736] I (192) heap_init: At 5000021C len 00001DCC (7 KiB): RTCRAM
[2026-05-23 19:36:01.739] I (193) spi_flash: detected chip: generic
[2026-05-23 19:36:01.742] I (193) spi_flash: flash io: dio
[2026-05-23 19:36:01.757] W (194) spi_flash: Detected size(4096k) larger than the size in the binary image header(2048k). Using the size in the binary image header.
[2026-05-23 19:36:01.758] I (195) sleep_gpio: Configure to isolate all GPIO pins in sleep state
[2026-05-23 19:36:01.759] I (196) sleep_gpio: Enable automatic switching of GPIO sleep configuration
[2026-05-23 19:36:01.759] I (197) main_task: Started on CPU0
[2026-05-23 19:36:01.759] I (197) main_task: Calling app_main()
[2026-05-23 19:36:01.759] WCAN_CFG_WAIT v=1
# UART boot config sent: wcan v=1 role=sensor transport=MULTICAST test_duration_ms=30000 host_wait_time_ms=5000 base=0xe0 count=1 hz=1000 linger=100
[2026-05-23 19:36:01.760] WCAN_CFG_WAIT v=1
[2026-05-23 19:36:04.233] WCAN_CFG_ACK
[2026-05-23 19:36:04.235] WCAN_CFG_ACK
[2026-05-23 19:36:04.240] I (2882) pp: pp rom version: 9387209
[2026-05-23 19:36:04.244] I (2883) net80211: net80211 rom version: 9387209
[2026-05-23 19:36:04.251] I (2884) wifi:wifi driver task: 3fca7510, prio:23, stack:6656, core=0
[2026-05-23 19:36:04.257] I (2888) wifi:wifi firmware version: 79fa3f41ba
[2026-05-23 19:36:04.263] I (2888) wifi:wifi certification version: v7.0
[2026-05-23 19:36:04.266] I (2888) wifi:config NVS flash: enabled
[2026-05-23 19:36:04.269] I (2888) wifi:config nano formatting: disabled
[2026-05-23 19:36:04.272] I (2889) wifi:Init data frame dynamic rx buffer num: 32
[2026-05-23 19:36:04.274] I (2889) wifi:Init static rx mgmt buffer num: 5
[2026-05-23 19:36:04.275] I (2890) wifi:Init management short buffer num: 32
[2026-05-23 19:36:04.277] I (2890) wifi:Init dynamic tx buffer num: 32
[2026-05-23 19:36:04.278] I (2891) wifi:Init static tx FG buffer num: 2
[2026-05-23 19:36:04.280] I (2891) wifi:Init static rx buffer size: 1600
[2026-05-23 19:36:04.281] I (2892) wifi:Init static rx buffer num: 10
[2026-05-23 19:36:04.282] I (2892) wifi:Init dynamic rx buffer num: 32
[2026-05-23 19:36:04.283] I (2893) wifi_init: rx ba win: 6
[2026-05-23 19:36:04.284] I (2894) wifi_init: accept mbox: 6
[2026-05-23 19:36:04.285] I (2894) wifi_init: tcpip mbox: 32
[2026-05-23 19:36:04.286] I (2894) wifi_init: udp mbox: 6
[2026-05-23 19:36:04.286] I (2894) wifi_init: tcp mbox: 6
[2026-05-23 19:36:04.287] I (2895) wifi_init: tcp tx win: 5760
[2026-05-23 19:36:04.288] I (2895) wifi_init: tcp rx win: 5760
[2026-05-23 19:36:04.289] I (2896) wifi_init: tcp mss: 1440
[2026-05-23 19:36:04.289] I (2896) wifi_init: WiFi IRAM OP enabled
[2026-05-23 19:36:04.290] I (2896) wifi_init: WiFi RX IRAM OP enabled
[2026-05-23 19:36:04.291] I (2897) phy_init: phy_version 1200,2b7123f9,Feb 18 2025,15:22:21
[2026-05-23 19:36:04.292] I (2932) wifi:mode : sta (74:4d:bd:e1:d5:b8)
[2026-05-23 19:36:04.292] I (2933) wifi:enable tsf
[2026-05-23 19:36:04.292] I (2936) ESPNOW: espnow [version: 2.0] init
[2026-05-23 19:36:04.293] WCAN_TEST_READY role=sensor
# Waiting for phased test start
# UART test start sent: WCAN_TEST_START at 2026-05-23T19:36:04.304223
[2026-05-23 19:36:34.640] WCAN_BATCH id=0xe0 count=297 avg_hz=9.90 avg_points=101.00 min_points=101 max_points=101 avg_interval_ms=101.00 min_interval_ms=100.94 max_interval_ms=101.02 avg_dispatch_ms=8.62 max_dispatch_ms=16.60 dispatched_count=297 avg_queue_wait_ms=0.12 max_queue_wait_ms=0.25
[2026-05-23 19:36:34.641] WCAN_SENSOR_END generated=29998 avg_hz=1000.00
[2026-05-23 19:36:34.645] WCAN_MEASURES elapsed_ms=29999 heap_start_free=97696 heap_end_free=109420 heap_start_min_free=97680 heap_end_min_free=96956 heap_start_largest=77824 heap_end_largest=77824 airtime_us_total=2555024 packets_sent_total=297 sensor_send_failures_total=0
[2026-05-23 19:36:34.645] WCAN_TEST_END role=sensor

# Monitor stopped: 2026-05-23T19:36:34.645398
