# Monitor started: 2026-05-23T16:44:08.519060
# Port: /dev/ttyACM1, Baud: 921600, Timeout: 35.000s after WCAN_TEST_START

# UART boot config: wcan v=1 role=sensor transport=BROADCAST test_duration_ms=30000 host_wait_time_ms=5000 base=0xe0 count=1 hz=10 linger=0
[2026-05-23 16:44:08.519] ESP-ROM:esp32c3-api1-20210207
[2026-05-23 16:44:08.524] Build:Feb  7 2021
[2026-05-23 16:44:08.549] rst:0x15 (USB_UART_CHIP_RESET),boot:0xd (SPI_FAST_FLASH_BOOT)
[2026-05-23 16:44:08.555] Saved PC:0x40384eba
[2026-05-23 16:44:08.558] SPIWP:0xee
[2026-05-23 16:44:08.561] mode:DIO, clock div:1
[2026-05-23 16:44:08.568] load:0x3fcd5820,len:0x1574
[2026-05-23 16:44:08.571] load:0x403cc710,len:0xc30
[2026-05-23 16:44:08.573] load:0x403ce710,len:0x2fa0
[2026-05-23 16:44:08.576] entry 0x403cc71a
[2026-05-23 16:44:08.596] I (24) boot: ESP-IDF v5.4.1 2nd stage bootloader
[2026-05-23 16:44:08.603] I (24) boot: compile time May 20 2026 00:05:32
[2026-05-23 16:44:08.605] I (24) boot: chip revision: v0.4
[2026-05-23 16:44:08.608] I (25) boot: efuse block revision: v1.3
[2026-05-23 16:44:08.611] I (25) boot.esp32c3: SPI Speed      : 80MHz
[2026-05-23 16:44:08.614] I (25) boot.esp32c3: SPI Mode       : DIO
[2026-05-23 16:44:08.617] I (26) boot.esp32c3: SPI Flash Size : 2MB
[2026-05-23 16:44:08.622] I (26) boot: Enabling RNG early entropy source...
[2026-05-23 16:44:08.623] I (27) boot: Partition Table:
[2026-05-23 16:44:08.626] I (27) boot: ## Label            Usage          Type ST Offset   Length
[2026-05-23 16:44:08.634] I (28) boot:  0 nvs              WiFi data        01 02 00009000 00006000
[2026-05-23 16:44:08.640] I (29) boot:  1 phy_init         RF data          01 01 0000f000 00001000
[2026-05-23 16:44:08.645] I (29) boot:  2 factory          factory app      00 00 00010000 00100000
[2026-05-23 16:44:08.646] I (30) boot: End of partition table
[2026-05-23 16:44:08.649] I (31) esp_image: segment 0: paddr=00010020 vaddr=3c0a0020 size=1977ch (104316) map
[2026-05-23 16:44:08.653] I (48) esp_image: segment 1: paddr=000297a4 vaddr=3fc95200 size=02da0h ( 11680) load
[2026-05-23 16:44:08.658] I (51) esp_image: segment 2: paddr=0002c54c vaddr=40380000 size=03acch ( 15052) load
[2026-05-23 16:44:08.661] I (54) esp_image: segment 3: paddr=00030020 vaddr=42000020 size=9942ch (627756) map
[2026-05-23 16:44:08.666] I (154) esp_image: segment 4: paddr=000c9454 vaddr=40383acc size=11614h ( 71188) load
[2026-05-23 16:44:08.669] I (168) esp_image: segment 5: paddr=000daa70 vaddr=50000200 size=0001ch (    28) load
[2026-05-23 16:44:08.670] I (175) boot: Loaded app from partition at offset 0x10000
[2026-05-23 16:44:08.676] I (175) boot: Disabling RNG early entropy source...
[2026-05-23 16:44:08.679] I (176) cpu_start: Unicore app
[2026-05-23 16:44:08.684] I (185) cpu_start: Pro cpu start user code
[2026-05-23 16:44:08.694] I (185) cpu_start: cpu freq: 160000000 Hz
[2026-05-23 16:44:08.698] I (185) app_init: Application information:
[2026-05-23 16:44:08.699] I (185) app_init: Project name:     sensor_acquirer
[2026-05-23 16:44:08.701] I (185) app_init: App version:      v1.0-171-gbbe0783
[2026-05-23 16:44:08.703] I (186) app_init: Compile time:     May 23 2026 14:30:31
[2026-05-23 16:44:08.705] I (187) app_init: ELF file SHA256:  493679023...
[2026-05-23 16:44:08.707] I (187) app_init: ESP-IDF:          v5.4.1
[2026-05-23 16:44:08.708] I (188) efuse_init: Min chip rev:     v0.3
[2026-05-23 16:44:08.709] I (188) efuse_init: Max chip rev:     v1.99
[2026-05-23 16:44:08.711] I (189) efuse_init: Chip rev:         v0.4
[2026-05-23 16:44:08.713] I (189) heap_init: Initializing. RAM available for dynamic allocation:
[2026-05-23 16:44:08.714] I (190) heap_init: At 3FC9C340 len 00023CC0 (143 KiB): RAM
[2026-05-23 16:44:08.715] I (190) heap_init: At 3FCC0000 len 0001C710 (113 KiB): Retention RAM
[2026-05-23 16:44:08.717] I (191) heap_init: At 3FCDC710 len 00002950 (10 KiB): Retention RAM
[2026-05-23 16:44:08.718] I (192) heap_init: At 5000021C len 00001DCC (7 KiB): RTCRAM
[2026-05-23 16:44:08.718] I (194) spi_flash: detected chip: generic
[2026-05-23 16:44:08.719] I (194) spi_flash: flash io: dio
[2026-05-23 16:44:08.721] W (194) spi_flash: Detected size(4096k) larger than the size in the binary image header(2048k). Using the size in the binary image header.
[2026-05-23 16:44:08.723] I (195) sleep_gpio: Configure to isolate all GPIO pins in sleep state
[2026-05-23 16:44:08.724] I (196) sleep_gpio: Enable automatic switching of GPIO sleep configuration
[2026-05-23 16:44:08.725] I (197) main_task: Started on CPU0
[2026-05-23 16:44:08.725] I (197) main_task: Calling app_main()
[2026-05-23 16:44:08.726] WCAN_CFG_WAIT v=1
# UART boot config sent: wcan v=1 role=sensor transport=BROADCAST test_duration_ms=30000 host_wait_time_ms=5000 base=0xe0 count=1 hz=10 linger=0
[2026-05-23 16:44:08.727] WCAN_CFG_WAIT v=1
[2026-05-23 16:44:11.117] WCAN_CFG_ACK
[2026-05-23 16:44:11.117] WCAN_CFG_ACK
[2026-05-23 16:44:11.121] I (2802) pp: pp rom version: 9387209
[2026-05-23 16:44:11.122] I (2803) net80211: net80211 rom version: 9387209
[2026-05-23 16:44:11.124] I (2804) wifi:wifi driver task: 3fca7720, prio:23, stack:6656, core=0
[2026-05-23 16:44:11.127] I (2808) wifi:wifi firmware version: 79fa3f41ba
[2026-05-23 16:44:11.128] I (2808) wifi:wifi certification version: v7.0
[2026-05-23 16:44:11.128] I (2808) wifi:config NVS flash: enabled
[2026-05-23 16:44:11.128] I (2808) wifi:config nano formatting: disabled
[2026-05-23 16:44:11.129] I (2809) wifi:Init data frame dynamic rx buffer num: 32
[2026-05-23 16:44:11.130] I (2809) wifi:Init static rx mgmt buffer num: 5
[2026-05-23 16:44:11.131] I (2810) wifi:Init management short buffer num: 32
[2026-05-23 16:44:11.132] I (2810) wifi:Init dynamic tx buffer num: 32
[2026-05-23 16:44:11.133] I (2811) wifi:Init static tx FG buffer num: 2
[2026-05-23 16:44:11.134] I (2811) wifi:Init static rx buffer size: 1600
[2026-05-23 16:44:11.136] I (2812) wifi:Init static rx buffer num: 10
[2026-05-23 16:44:11.137] I (2812) wifi:Init dynamic rx buffer num: 32
[2026-05-23 16:44:11.138] I (2813) wifi_init: rx ba win: 6
[2026-05-23 16:44:11.139] I (2814) wifi_init: accept mbox: 6
[2026-05-23 16:44:11.139] I (2814) wifi_init: tcpip mbox: 32
[2026-05-23 16:44:11.140] I (2814) wifi_init: udp mbox: 6
[2026-05-23 16:44:11.141] I (2814) wifi_init: tcp mbox: 6
[2026-05-23 16:44:11.142] I (2815) wifi_init: tcp tx win: 5760
[2026-05-23 16:44:11.143] I (2815) wifi_init: tcp rx win: 5760
[2026-05-23 16:44:11.144] I (2816) wifi_init: tcp mss: 1440
[2026-05-23 16:44:11.145] I (2816) wifi_init: WiFi IRAM OP enabled
[2026-05-23 16:44:11.146] I (2816) wifi_init: WiFi RX IRAM OP enabled
[2026-05-23 16:44:11.148] I (2817) phy_init: phy_version 1200,2b7123f9,Feb 18 2025,15:22:21
[2026-05-23 16:44:11.172] I (2852) wifi:mode : sta (74:4d:bd:e1:d5:b8)
[2026-05-23 16:44:11.173] I (2852) wifi:enable tsf
[2026-05-23 16:44:11.175] I (2855) ESPNOW: espnow [version: 2.0] init
[2026-05-23 16:44:11.176] WCAN_TEST_READY role=sensor
# Waiting for phased test start
# UART test start sent: WCAN_TEST_START at 2026-05-23T16:44:11.187687
[2026-05-23 16:44:12.306] P(FAIL):3790:e0:4:4:4:1
[2026-05-23 16:44:15.340] P(FAIL):6823:e0:34:34:34:1
[2026-05-23 16:44:16.211] P(FAIL):7694:e0:42:42:42:1
[2026-05-23 16:44:16.970] P(FAIL):8453:e0:51:51:51:1
[2026-05-23 16:44:18.586] P(FAIL):10070:e0:66:66:66:1
[2026-05-23 16:44:22.087] P(FAIL):13570:e0:102:102:102:1
[2026-05-23 16:44:27.590] P(FAIL):19073:e0:156:156:156:1
[2026-05-23 16:44:28.007] P(FAIL):19490:e0:159:159:159:1
[2026-05-23 16:44:31.930] P(FAIL):23413:e0:200:200:200:1
[2026-05-23 16:44:33.068] P(FAIL):24551:e0:211:211:211:1
[2026-05-23 16:44:41.562] P(FAIL):33045:e0:296:296:296:1
[2026-05-23 16:44:42.362] P(FAIL):33845:e0:297:297:297:1
[2026-05-23 16:44:42.501] WCAN_BATCH id=0xe0 count=299 avg_hz=10.00 avg_points=1.00 min_points=1 max_points=1 avg_interval_ms=100.00 min_interval_ms=99.97 max_interval_ms=100.04 avg_dispatch_ms=1.19 max_dispatch_ms=7.04 dispatched_count=330 avg_queue_wait_ms=35.02 max_queue_wait_ms=410.19
[2026-05-23 16:44:42.502] WCAN_SENSOR_END generated=298 avg_hz=9.97
[2026-05-23 16:44:42.507] WCAN_MEASURES elapsed_ms=29999 heap_start_free=126780 heap_end_free=141412 heap_start_min_free=126780 heap_end_min_free=126500 heap_start_largest=98304 heap_end_largest=98304 airtime_us_total=390261 packets_sent_total=330 sensor_send_failures_total=0
[2026-05-23 16:44:42.507] WCAN_TEST_END role=sensor

# Monitor stopped: 2026-05-23T16:44:42.507747
