# Monitor started: 2026-05-23T16:44:08.520438
# Port: /dev/ttyACM0, Baud: 921600, Timeout: 35.000s after WCAN_TEST_START

# UART boot config: wcan v=1 role=sensor transport=BROADCAST test_duration_ms=30000 host_wait_time_ms=5000 base=0xd0 count=1 hz=10 linger=0
[2026-05-23 16:44:08.531] ESP-ROM:esp32c3-api1-20210207
[2026-05-23 16:44:08.540] Build:Feb  7 2021
[2026-05-23 16:44:08.557] rst:0x15 (USB_UART_CHIP_RESET),boot:0xd (SPI_FAST_FLASH_BOOT)
[2026-05-23 16:44:08.562] Saved PC:0x40384eba
[2026-05-23 16:44:08.566] SPIWP:0xee
[2026-05-23 16:44:08.571] mode:DIO, clock div:1
[2026-05-23 16:44:08.577] load:0x3fcd5820,len:0x1574
[2026-05-23 16:44:08.579] load:0x403cc710,len:0xc30
[2026-05-23 16:44:08.579] load:0x403ce710,len:0x2fa0
[2026-05-23 16:44:08.580] entry 0x403cc71a
[2026-05-23 16:44:08.595] I (24) boot: ESP-IDF v5.4.1 2nd stage bootloader
[2026-05-23 16:44:08.598] I (24) boot: compile time May 20 2026 00:05:32
[2026-05-23 16:44:08.600] I (25) boot: chip revision: v0.4
[2026-05-23 16:44:08.602] I (25) boot: efuse block revision: v1.3
[2026-05-23 16:44:08.605] I (25) boot.esp32c3: SPI Speed      : 80MHz
[2026-05-23 16:44:08.607] I (25) boot.esp32c3: SPI Mode       : DIO
[2026-05-23 16:44:08.612] I (26) boot.esp32c3: SPI Flash Size : 2MB
[2026-05-23 16:44:08.617] I (26) boot: Enabling RNG early entropy source...
[2026-05-23 16:44:08.620] I (27) boot: Partition Table:
[2026-05-23 16:44:08.626] I (27) boot: ## Label            Usage          Type ST Offset   Length
[2026-05-23 16:44:08.634] I (28) boot:  0 nvs              WiFi data        01 02 00009000 00006000
[2026-05-23 16:44:08.637] I (29) boot:  1 phy_init         RF data          01 01 0000f000 00001000
[2026-05-23 16:44:08.642] I (29) boot:  2 factory          factory app      00 00 00010000 00100000
[2026-05-23 16:44:08.643] I (30) boot: End of partition table
[2026-05-23 16:44:08.647] I (31) esp_image: segment 0: paddr=00010020 vaddr=3c0a0020 size=1977ch (104316) map
[2026-05-23 16:44:08.649] I (48) esp_image: segment 1: paddr=000297a4 vaddr=3fc95200 size=02da0h ( 11680) load
[2026-05-23 16:44:08.660] I (51) esp_image: segment 2: paddr=0002c54c vaddr=40380000 size=03acch ( 15052) load
[2026-05-23 16:44:08.663] I (54) esp_image: segment 3: paddr=00030020 vaddr=42000020 size=9942ch (627756) map
[2026-05-23 16:44:08.669] I (154) esp_image: segment 4: paddr=000c9454 vaddr=40383acc size=11614h ( 71188) load
[2026-05-23 16:44:08.672] I (168) esp_image: segment 5: paddr=000daa70 vaddr=50000200 size=0001ch (    28) load
[2026-05-23 16:44:08.675] I (175) boot: Loaded app from partition at offset 0x10000
[2026-05-23 16:44:08.679] I (175) boot: Disabling RNG early entropy source...
[2026-05-23 16:44:08.680] I (176) cpu_start: Unicore app
[2026-05-23 16:44:08.682] I (185) cpu_start: Pro cpu start user code
[2026-05-23 16:44:08.692] I (185) cpu_start: cpu freq: 160000000 Hz
[2026-05-23 16:44:08.697] I (185) app_init: Application information:
[2026-05-23 16:44:08.699] I (185) app_init: Project name:     sensor_acquirer
[2026-05-23 16:44:08.702] I (185) app_init: App version:      v1.0-171-gbbe0783
[2026-05-23 16:44:08.704] I (186) app_init: Compile time:     May 23 2026 14:30:31
[2026-05-23 16:44:08.705] I (187) app_init: ELF file SHA256:  493679023...
[2026-05-23 16:44:08.707] I (187) app_init: ESP-IDF:          v5.4.1
[2026-05-23 16:44:08.708] I (188) efuse_init: Min chip rev:     v0.3
[2026-05-23 16:44:08.710] I (188) efuse_init: Max chip rev:     v1.99
[2026-05-23 16:44:08.712] I (189) efuse_init: Chip rev:         v0.4
[2026-05-23 16:44:08.714] I (189) heap_init: Initializing. RAM available for dynamic allocation:
[2026-05-23 16:44:08.715] I (190) heap_init: At 3FC9C340 len 00023CC0 (143 KiB): RAM
[2026-05-23 16:44:08.716] I (190) heap_init: At 3FCC0000 len 0001C710 (113 KiB): Retention RAM
[2026-05-23 16:44:08.718] I (191) heap_init: At 3FCDC710 len 00002950 (10 KiB): Retention RAM
[2026-05-23 16:44:08.719] I (192) heap_init: At 5000021C len 00001DCC (7 KiB): RTCRAM
[2026-05-23 16:44:08.720] I (194) spi_flash: detected chip: generic
[2026-05-23 16:44:08.721] I (194) spi_flash: flash io: dio
[2026-05-23 16:44:08.723] W (194) spi_flash: Detected size(4096k) larger than the size in the binary image header(2048k). Using the size in the binary image header.
[2026-05-23 16:44:08.724] I (196) sleep_gpio: Configure to isolate all GPIO pins in sleep state
[2026-05-23 16:44:08.726] I (196) sleep_gpio: Enable automatic switching of GPIO sleep configuration
[2026-05-23 16:44:08.726] I (197) main_task: Started on CPU0
[2026-05-23 16:44:08.727] I (197) main_task: Calling app_main()
[2026-05-23 16:44:08.727] WCAN_CFG_WAIT v=1
# UART boot config sent: wcan v=1 role=sensor transport=BROADCAST test_duration_ms=30000 host_wait_time_ms=5000 base=0xd0 count=1 hz=10 linger=0
[2026-05-23 16:44:08.727] WCAN_CFG_WAIT v=1
[2026-05-23 16:44:11.118] WCAN_CFG_ACK
[2026-05-23 16:44:11.118] WCAN_CFG_ACK
[2026-05-23 16:44:11.123] I (2802) pp: pp rom version: 9387209
[2026-05-23 16:44:11.124] I (2803) net80211: net80211 rom version: 9387209
[2026-05-23 16:44:11.125] I (2804) wifi:wifi driver task: 3fca77a4, prio:23, stack:6656, core=0
[2026-05-23 16:44:11.129] I (2808) wifi:wifi firmware version: 79fa3f41ba
[2026-05-23 16:44:11.130] I (2808) wifi:wifi certification version: v7.0
[2026-05-23 16:44:11.131] I (2808) wifi:config NVS flash: enabled
[2026-05-23 16:44:11.132] I (2808) wifi:config nano formatting: disabled
[2026-05-23 16:44:11.134] I (2809) wifi:Init data frame dynamic rx buffer num: 32
[2026-05-23 16:44:11.135] I (2809) wifi:Init static rx mgmt buffer num: 5
[2026-05-23 16:44:11.136] I (2810) wifi:Init management short buffer num: 32
[2026-05-23 16:44:11.137] I (2810) wifi:Init dynamic tx buffer num: 32
[2026-05-23 16:44:11.138] I (2811) wifi:Init static tx FG buffer num: 2
[2026-05-23 16:44:11.139] I (2811) wifi:Init static rx buffer size: 1600
[2026-05-23 16:44:11.140] I (2812) wifi:Init static rx buffer num: 10
[2026-05-23 16:44:11.142] I (2812) wifi:Init dynamic rx buffer num: 32
[2026-05-23 16:44:11.143] I (2813) wifi_init: rx ba win: 6
[2026-05-23 16:44:11.143] I (2814) wifi_init: accept mbox: 6
[2026-05-23 16:44:11.144] I (2814) wifi_init: tcpip mbox: 32
[2026-05-23 16:44:11.145] I (2814) wifi_init: udp mbox: 6
[2026-05-23 16:44:11.146] I (2814) wifi_init: tcp mbox: 6
[2026-05-23 16:44:11.147] I (2815) wifi_init: tcp tx win: 5760
[2026-05-23 16:44:11.148] I (2815) wifi_init: tcp rx win: 5760
[2026-05-23 16:44:11.148] I (2816) wifi_init: tcp mss: 1440
[2026-05-23 16:44:11.148] I (2816) wifi_init: WiFi IRAM OP enabled
[2026-05-23 16:44:11.149] I (2816) wifi_init: WiFi RX IRAM OP enabled
[2026-05-23 16:44:11.149] I (2817) phy_init: phy_version 1200,2b7123f9,Feb 18 2025,15:22:21
[2026-05-23 16:44:11.173] I (2851) wifi:mode : sta (54:32:04:8c:0b:8c)
[2026-05-23 16:44:11.173] I (2852) wifi:enable tsf
[2026-05-23 16:44:11.175] I (2854) ESPNOW: espnow [version: 2.0] init
[2026-05-23 16:44:11.177] WCAN_TEST_READY role=sensor
# Waiting for phased test start
# UART test start sent: WCAN_TEST_START at 2026-05-23T16:44:11.188177
[2026-05-23 16:44:11.989] P(FAIL):3471:d0:0:0:0:1
[2026-05-23 16:44:12.294] P(FAIL):3776:d0:4:4:4:1
[2026-05-23 16:44:12.758] P(FAIL):4240:d0:8:8:8:1
[2026-05-23 16:44:13.187] P(FAIL):4669:d0:12:12:12:1
[2026-05-23 16:44:13.612] P(FAIL):5094:d0:16:16:16:1
[2026-05-23 16:44:14.061] P(FAIL):5543:d0:21:21:21:1
[2026-05-23 16:44:14.532] P(FAIL):6015:d0:25:25:25:1
[2026-05-23 16:44:14.993] P(FAIL):6475:d0:30:30:30:1
[2026-05-23 16:44:15.718] P(FAIL):7200:d0:38:38:38:1
[2026-05-23 16:44:16.649] P(FAIL):8131:d0:47:47:47:1
[2026-05-23 16:44:17.381] P(FAIL):8863:d0:54:54:54:1
[2026-05-23 16:44:17.741] P(FAIL):9223:d0:58:58:58:1
[2026-05-23 16:44:18.143] P(FAIL):9626:d0:62:62:62:1
[2026-05-23 16:44:18.934] P(FAIL):10416:d0:70:70:70:1
[2026-05-23 16:44:19.325] P(FAIL):10807:d0:74:74:74:1
[2026-05-23 16:44:19.695] P(FAIL):11177:d0:78:78:78:1
[2026-05-23 16:44:20.047] P(FAIL):11529:d0:80:80:80:1
[2026-05-23 16:44:20.552] P(FAIL):12034:d0:86:86:86:1
[2026-05-23 16:44:20.943] P(FAIL):12425:d0:90:90:90:1
[2026-05-23 16:44:21.369] P(FAIL):12851:d0:94:94:94:1
[2026-05-23 16:44:21.792] P(FAIL):13275:d0:98:98:98:1
[2026-05-23 16:44:22.140] P(FAIL):13622:d0:101:101:101:1
[2026-05-23 16:44:22.572] P(FAIL):14054:d0:106:106:106:1
[2026-05-23 16:44:23.007] P(FAIL):14489:d0:110:110:110:1
[2026-05-23 16:44:23.428] P(FAIL):14910:d0:115:115:115:1
[2026-05-23 16:44:23.977] P(FAIL):15459:d0:120:120:120:1
[2026-05-23 16:44:24.356] P(FAIL):15838:d0:124:124:124:1
[2026-05-23 16:44:24.812] P(FAIL):16294:d0:129:129:129:1
[2026-05-23 16:44:25.230] P(FAIL):16712:d0:133:133:133:1
[2026-05-23 16:44:25.633] P(FAIL):17115:d0:137:137:137:1
[2026-05-23 16:44:25.944] P(FAIL):17426:d0:141:141:141:1
[2026-05-23 16:44:26.356] P(FAIL):17838:d0:144:144:144:1
[2026-05-23 16:44:26.797] P(FAIL):18279:d0:148:148:148:1
[2026-05-23 16:44:27.182] P(FAIL):18664:d0:149:149:149:1
[2026-05-23 16:44:27.525] P(FAIL):19007:d0:155:155:155:1
[2026-05-23 16:44:28.450] P(FAIL):19932:d0:165:165:165:1
[2026-05-23 16:44:28.897] P(FAIL):20379:d0:169:169:169:1
[2026-05-23 16:44:29.220] P(FAIL):20702:d0:170:170:170:1
[2026-05-23 16:44:29.576] P(FAIL):21058:d0:177:177:177:1
[2026-05-23 16:44:29.907] P(FAIL):21389:d0:180:180:180:1
[2026-05-23 16:44:30.322] P(FAIL):21804:d0:184:184:184:1
[2026-05-23 16:44:30.750] P(FAIL):22232:d0:188:188:188:1
[2026-05-23 16:44:31.138] P(FAIL):22620:d0:192:192:192:1
[2026-05-23 16:44:31.592] P(FAIL):23074:d0:196:196:196:1
[2026-05-23 16:44:31.937] P(FAIL):23419:d0:199:199:199:1
[2026-05-23 16:44:32.357] P(FAIL):23839:d0:204:204:204:1
[2026-05-23 16:44:32.692] P(FAIL):24174:d0:208:208:208:1
[2026-05-23 16:44:33.025] P(FAIL):24507:d0:211:211:211:1
[2026-05-23 16:44:33.503] P(FAIL):24985:d0:215:215:215:1
[2026-05-23 16:44:33.879] P(FAIL):25361:d0:220:220:220:1
[2026-05-23 16:44:34.199] P(FAIL):25681:d0:223:223:223:1
[2026-05-23 16:44:34.638] P(FAIL):26120:d0:227:227:227:1
[2026-05-23 16:44:35.058] P(FAIL):26540:d0:231:231:231:1
[2026-05-23 16:44:35.457] P(FAIL):26939:d0:235:235:235:1
[2026-05-23 16:44:35.929] P(FAIL):27411:d0:239:239:239:1
[2026-05-23 16:44:36.409] P(FAIL):27891:d0:244:244:244:1
[2026-05-23 16:44:36.812] P(FAIL):28294:d0:249:249:249:1
[2026-05-23 16:44:37.258] P(FAIL):28740:d0:253:253:253:1
[2026-05-23 16:44:37.648] P(FAIL):29130:d0:257:257:257:1
[2026-05-23 16:44:38.037] P(FAIL):29519:d0:261:261:261:1
[2026-05-23 16:44:38.382] P(FAIL):29864:d0:265:265:265:1
[2026-05-23 16:44:38.720] P(FAIL):30202:d0:268:268:268:1
[2026-05-23 16:44:39.172] P(FAIL):30654:d0:272:272:272:1
[2026-05-23 16:44:39.537] P(FAIL):31019:d0:276:276:276:1
[2026-05-23 16:44:39.984] P(FAIL):31466:d0:280:280:280:1
[2026-05-23 16:44:40.354] P(FAIL):31836:d0:284:284:284:1
[2026-05-23 16:44:40.753] P(FAIL):32235:d0:288:288:288:1
[2026-05-23 16:44:41.160] P(FAIL):32642:d0:292:292:292:1
[2026-05-23 16:44:41.534] P(FAIL):33016:d0:296:296:296:1
[2026-05-23 16:44:42.334] P(FAIL):33816:d0:297:297:297:1
[2026-05-23 16:44:42.501] WCAN_BATCH id=0xd0 count=299 avg_hz=10.00 avg_points=1.00 min_points=1 max_points=1 avg_interval_ms=100.00 min_interval_ms=99.88 max_interval_ms=100.13 avg_dispatch_ms=1.24 max_dispatch_ms=6.03 dispatched_count=506 avg_queue_wait_ms=147.49 max_queue_wait_ms=585.24
[2026-05-23 16:44:42.502] WCAN_SENSOR_END generated=298 avg_hz=9.97
[2026-05-23 16:44:42.507] WCAN_MEASURES elapsed_ms=29999 heap_start_free=126648 heap_end_free=141280 heap_start_min_free=126648 heap_end_min_free=126368 heap_start_largest=98304 heap_end_largest=98304 airtime_us_total=623421 packets_sent_total=506 sensor_send_failures_total=0
[2026-05-23 16:44:42.507] WCAN_TEST_END role=sensor

# Monitor stopped: 2026-05-23T16:44:42.507842
