# Monitor started: 2026-05-14T14:02:58.662358
# Port: /dev/ttyACM0, Baud: 921600, Duration: 30s

# UART boot config: wcan v=1 role=idle transport=MULTICAST
[2026-05-14 14:02:58.663] ESP-ROM:esp32c3-api1-20210207
[2026-05-14 14:02:58.663] Build:Feb  7 2021
[2026-05-14 14:02:58.665] rst:0x15 (USB_UART_CHIP_RESET),boot:0xd (SPI_FAST_FLASH_BOOT)
[2026-05-14 14:02:58.665] Saved PC:0x40384eae
[2026-05-14 14:02:58.665] SPIWP:0xee
[2026-05-14 14:02:58.666] mode:DIO, clock div:1
[2026-05-14 14:02:58.667] load:0x3fcd5820,len:0x1574
[2026-05-14 14:02:58.668] load:0x403cc710,len:0xc30
[2026-05-14 14:02:58.668] load:0x403ce710,len:0x2fa0
[2026-05-14 14:02:58.668] entry 0x403cc71a
[2026-05-14 14:02:58.669] I (24) boot: ESP-IDF v5.4.1 2nd stage bootloader
[2026-05-14 14:02:58.670] I (24) boot: compile time May 14 2026 13:41:10
[2026-05-14 14:02:58.670] I (25) boot: chip revision: v0.4
[2026-05-14 14:02:58.670] I (25) boot: efuse block revision: v1.3
[2026-05-14 14:02:58.671] I (25) boot.esp32c3: SPI Speed      : 80MHz
[2026-05-14 14:02:58.671] I (25) boot.esp32c3: SPI Mode       : DIO
[2026-05-14 14:02:58.672] I (26) boot.esp32c3: SPI Flash Size : 2MB
[2026-05-14 14:02:58.672] I (26) boot: Enabling RNG early entropy source...
[2026-05-14 14:02:58.672] I (27) boot: Partition Table:
[2026-05-14 14:02:58.673] I (27) boot: ## Label            Usage          Type ST Offset   Length
[2026-05-14 14:02:58.673] I (28) boot:  0 nvs              WiFi data        01 02 00009000 00006000
[2026-05-14 14:02:58.674] I (29) boot:  1 phy_init         RF data          01 01 0000f000 00001000
[2026-05-14 14:02:58.675] I (29) boot:  2 factory          factory app      00 00 00010000 00100000
[2026-05-14 14:02:58.675] I (30) boot: End of partition table
[2026-05-14 14:02:58.676] I (31) esp_image: segment 0: paddr=00010020 vaddr=3c0a0020 size=1a290h (107152) map
[2026-05-14 14:02:58.676] I (49) esp_image: segment 1: paddr=0002a2b8 vaddr=3fc95400 size=02db0h ( 11696) load
[2026-05-14 14:02:58.677] I (51) esp_image: segment 2: paddr=0002d070 vaddr=40380000 size=02fa8h ( 12200) load
[2026-05-14 14:02:58.677] I (54) esp_image: segment 3: paddr=00030020 vaddr=42000020 size=94b54h (609108) map
[2026-05-14 14:02:58.678] I (151) esp_image: segment 4: paddr=000c4b7c vaddr=40382fa8 size=12404h ( 74756) load
[2026-05-14 14:02:58.679] I (165) esp_image: segment 5: paddr=000d6f88 vaddr=50000200 size=0001ch (    28) load
[2026-05-14 14:02:58.679] I (172) boot: Loaded app from partition at offset 0x10000
[2026-05-14 14:02:58.680] I (173) boot: Disabling RNG early entropy source...
[2026-05-14 14:02:58.680] I (174) cpu_start: Unicore app
[2026-05-14 14:02:58.680] I (182) cpu_start: Pro cpu start user code
[2026-05-14 14:02:58.680] I (182) cpu_start: cpu freq: 160000000 Hz
[2026-05-14 14:02:58.681] I (183) app_init: Application information:
[2026-05-14 14:02:58.681] I (183) app_init: Project name:     sensor_acquirer
[2026-05-14 14:02:58.682] I (183) app_init: App version:      v1.0-62-g249db07-dirty
[2026-05-14 14:02:58.682] I (184) app_init: Compile time:     May 14 2026 13:41:02
[2026-05-14 14:02:58.683] I (184) app_init: ELF file SHA256:  79702dda8...
[2026-05-14 14:02:58.683] I (185) app_init: ESP-IDF:          v5.4.1
[2026-05-14 14:02:58.683] I (185) efuse_init: Min chip rev:     v0.3
[2026-05-14 14:02:58.684] I (186) efuse_init: Max chip rev:     v1.99
[2026-05-14 14:02:58.684] I (186) efuse_init: Chip rev:         v0.4
[2026-05-14 14:02:58.685] I (187) heap_init: Initializing. RAM available for dynamic allocation:
[2026-05-14 14:02:58.685] I (188) heap_init: At 3FC9CFB0 len 00023050 (140 KiB): RAM
[2026-05-14 14:02:58.685] I (188) heap_init: At 3FCC0000 len 0001C710 (113 KiB): Retention RAM
[2026-05-14 14:02:58.686] I (189) heap_init: At 3FCDC710 len 00002950 (10 KiB): Retention RAM
[2026-05-14 14:02:58.686] I (190) heap_init: At 5000021C len 00001DCC (7 KiB): RTCRAM
[2026-05-14 14:02:58.687] I (191) spi_flash: detected chip: generic
[2026-05-14 14:02:58.687] I (191) spi_flash: flash io: dio
[2026-05-14 14:02:58.688] W (191) spi_flash: Detected size(4096k) larger than the size in the binary image header(2048k). Using the size in the binary image header.
[2026-05-14 14:02:58.689] I (193) sleep_gpio: Configure to isolate all GPIO pins in sleep state
[2026-05-14 14:02:58.689] I (194) sleep_gpio: Enable automatic switching of GPIO sleep configuration
[2026-05-14 14:02:58.689] I (195) main_task: Started on CPU0
[2026-05-14 14:02:58.690] I (195) main_task: Calling app_main()
[2026-05-14 14:02:58.690] I (195) BOOT_TS: us=5197
[2026-05-14 14:02:58.690] I (196) BOOT_CONFIG: waiting for UART config
[2026-05-14 14:02:58.690] WCAN_CFG_WAIT v=1
# UART boot config sent: wcan v=1 role=idle transport=MULTICAST
[2026-05-14 14:02:58.690] WCAN_CFG_WAIT v=1
[2026-05-14 14:02:59.451] I (988) BOOT_CONFIG: accepted role=idle transport=MULTICAST
[2026-05-14 14:02:59.452] WCAN_CFG_ACK
# Waiting for coordinated capture start
[2026-05-14 14:02:59.460] WCAN_CFG_ACK
[2026-05-14 14:02:59.483] I (988) MAIN: IDLE mode - stopping before NVS/Wi-Fi initialization
[2026-05-14 14:02:59.491] I (988) main_task: Returned from app_main()

# Monitor stopped: 2026-05-14T14:03:29.531455
