# Monitor started: 2026-05-23T14:45:16.454777
# Port: /dev/ttyACM1, Baud: 921600, Timeout: 35.000s after WCAN_TEST_START

# UART boot config: wcan v=1 role=sensor transport=BROADCAST test_duration_ms=30000 host_wait_time_ms=5000 base=0xe0 count=1 hz=100 linger=100
[2026-05-23 14:45:16.455] ESP-ROM:esp32c3-api1-20210207
[2026-05-23 14:45:16.455] Build:Feb  7 2021
[2026-05-23 14:45:16.472] rst:0x15 (USB_UART_CHIP_RESET),boot:0xd (SPI_FAST_FLASH_BOOT)
[2026-05-23 14:45:16.477] Saved PC:0x40384eba
[2026-05-23 14:45:16.480] SPIWP:0xee
[2026-05-23 14:45:16.481] mode:DIO, clock div:1
[2026-05-23 14:45:16.488] load:0x3fcd5820,len:0x1574
[2026-05-23 14:45:16.491] load:0x403cc710,len:0xc30
[2026-05-23 14:45:16.495] load:0x403ce710,len:0x2fa0
[2026-05-23 14:45:16.497] entry 0x403cc71a
[2026-05-23 14:45:16.498] I (24) boot: ESP-IDF v5.4.1 2nd stage bootloader
[2026-05-23 14:45:16.500] I (24) boot: compile time May 20 2026 00:05:32
[2026-05-23 14:45:16.501] I (25) boot: chip revision: v0.4
[2026-05-23 14:45:16.509] I (25) boot: efuse block revision: v1.3
[2026-05-23 14:45:16.510] I (25) boot.esp32c3: SPI Speed      : 80MHz
[2026-05-23 14:45:16.511] I (25) boot.esp32c3: SPI Mode       : DIO
[2026-05-23 14:45:16.513] I (26) boot.esp32c3: SPI Flash Size : 2MB
[2026-05-23 14:45:16.514] I (26) boot: Enabling RNG early entropy source...
[2026-05-23 14:45:16.515] I (27) boot: Partition Table:
[2026-05-23 14:45:16.517] I (27) boot: ## Label            Usage          Type ST Offset   Length
[2026-05-23 14:45:16.524] I (28) boot:  0 nvs              WiFi data        01 02 00009000 00006000
[2026-05-23 14:45:16.535] I (29) boot:  1 phy_init         RF data          01 01 0000f000 00001000
[2026-05-23 14:45:16.539] I (29) boot:  2 factory          factory app      00 00 00010000 00100000
[2026-05-23 14:45:16.540] I (30) boot: End of partition table
[2026-05-23 14:45:16.544] I (31) esp_image: segment 0: paddr=00010020 vaddr=3c0a0020 size=1977ch (104316) map
[2026-05-23 14:45:16.545] I (48) esp_image: segment 1: paddr=000297a4 vaddr=3fc95200 size=02da0h ( 11680) load
[2026-05-23 14:45:16.548] I (51) esp_image: segment 2: paddr=0002c54c vaddr=40380000 size=03acch ( 15052) load
[2026-05-23 14:45:16.550] I (54) esp_image: segment 3: paddr=00030020 vaddr=42000020 size=9942ch (627756) map
[2026-05-23 14:45:16.556] I (154) esp_image: segment 4: paddr=000c9454 vaddr=40383acc size=11614h ( 71188) load
[2026-05-23 14:45:16.563] I (168) esp_image: segment 5: paddr=000daa70 vaddr=50000200 size=0001ch (    28) load
[2026-05-23 14:45:16.570] I (175) boot: Loaded app from partition at offset 0x10000
[2026-05-23 14:45:16.575] I (175) boot: Disabling RNG early entropy source...
[2026-05-23 14:45:16.578] I (176) cpu_start: Unicore app
[2026-05-23 14:45:16.580] I (185) cpu_start: Pro cpu start user code
[2026-05-23 14:45:16.582] I (185) cpu_start: cpu freq: 160000000 Hz
[2026-05-23 14:45:16.585] I (185) app_init: Application information:
[2026-05-23 14:45:16.588] I (185) app_init: Project name:     sensor_acquirer
[2026-05-23 14:45:16.593] I (185) app_init: App version:      v1.0-171-gbbe0783
[2026-05-23 14:45:16.595] I (186) app_init: Compile time:     May 23 2026 14:30:31
[2026-05-23 14:45:16.599] I (187) app_init: ELF file SHA256:  493679023...
[2026-05-23 14:45:16.601] I (187) app_init: ESP-IDF:          v5.4.1
[2026-05-23 14:45:16.603] I (188) efuse_init: Min chip rev:     v0.3
[2026-05-23 14:45:16.607] I (188) efuse_init: Max chip rev:     v1.99
[2026-05-23 14:45:16.608] I (189) efuse_init: Chip rev:         v0.4
[2026-05-23 14:45:16.610] I (189) heap_init: Initializing. RAM available for dynamic allocation:
[2026-05-23 14:45:16.612] I (190) heap_init: At 3FC9C340 len 00023CC0 (143 KiB): RAM
[2026-05-23 14:45:16.616] I (191) heap_init: At 3FCC0000 len 0001C710 (113 KiB): Retention RAM
[2026-05-23 14:45:16.620] I (191) heap_init: At 3FCDC710 len 00002950 (10 KiB): Retention RAM
[2026-05-23 14:45:16.622] I (192) heap_init: At 5000021C len 00001DCC (7 KiB): RTCRAM
[2026-05-23 14:45:16.623] I (194) spi_flash: detected chip: generic
[2026-05-23 14:45:16.624] I (194) spi_flash: flash io: dio
[2026-05-23 14:45:16.626] W (194) spi_flash: Detected size(4096k) larger than the size in the binary image header(2048k). Using the size in the binary image header.
[2026-05-23 14:45:16.627] I (196) sleep_gpio: Configure to isolate all GPIO pins in sleep state
[2026-05-23 14:45:16.629] I (196) sleep_gpio: Enable automatic switching of GPIO sleep configuration
[2026-05-23 14:45:16.629] I (197) main_task: Started on CPU0
[2026-05-23 14:45:16.630] I (197) main_task: Calling app_main()
[2026-05-23 14:45:16.630] WCAN_CFG_WAIT v=1
# UART boot config sent: wcan v=1 role=sensor transport=BROADCAST test_duration_ms=30000 host_wait_time_ms=5000 base=0xe0 count=1 hz=100 linger=100
[2026-05-23 14:45:16.631] WCAN_CFG_WAIT v=1
[2026-05-23 14:45:19.073] WCAN_CFG_ACK
[2026-05-23 14:45:19.073] WCAN_CFG_ACK
[2026-05-23 14:45:19.077] I (2822) pp: pp rom version: 9387209
[2026-05-23 14:45:19.078] I (2823) net80211: net80211 rom version: 9387209
[2026-05-23 14:45:19.079] I (2824) wifi:wifi driver task: 3fca7720, prio:23, stack:6656, core=0
[2026-05-23 14:45:19.083] I (2828) wifi:wifi firmware version: 79fa3f41ba
[2026-05-23 14:45:19.084] I (2828) wifi:wifi certification version: v7.0
[2026-05-23 14:45:19.084] I (2828) wifi:config NVS flash: enabled
[2026-05-23 14:45:19.084] I (2828) wifi:config nano formatting: disabled
[2026-05-23 14:45:19.085] I (2829) wifi:Init data frame dynamic rx buffer num: 32
[2026-05-23 14:45:19.085] I (2829) wifi:Init static rx mgmt buffer num: 5
[2026-05-23 14:45:19.085] I (2830) wifi:Init management short buffer num: 32
[2026-05-23 14:45:19.086] I (2830) wifi:Init dynamic tx buffer num: 32
[2026-05-23 14:45:19.086] I (2831) wifi:Init static tx FG buffer num: 2
[2026-05-23 14:45:19.087] I (2831) wifi:Init static rx buffer size: 1600
[2026-05-23 14:45:19.087] I (2832) wifi:Init static rx buffer num: 10
[2026-05-23 14:45:19.088] I (2832) wifi:Init dynamic rx buffer num: 32
[2026-05-23 14:45:19.089] I (2833) wifi_init: rx ba win: 6
[2026-05-23 14:45:19.089] I (2834) wifi_init: accept mbox: 6
[2026-05-23 14:45:19.089] I (2834) wifi_init: tcpip mbox: 32
[2026-05-23 14:45:19.089] I (2834) wifi_init: udp mbox: 6
[2026-05-23 14:45:19.090] I (2834) wifi_init: tcp mbox: 6
[2026-05-23 14:45:19.090] I (2835) wifi_init: tcp tx win: 5760
[2026-05-23 14:45:19.090] I (2835) wifi_init: tcp rx win: 5760
[2026-05-23 14:45:19.091] I (2836) wifi_init: tcp mss: 1440
[2026-05-23 14:45:19.091] I (2836) wifi_init: WiFi IRAM OP enabled
[2026-05-23 14:45:19.092] I (2836) wifi_init: WiFi RX IRAM OP enabled
[2026-05-23 14:45:19.093] I (2837) phy_init: phy_version 1200,2b7123f9,Feb 18 2025,15:22:21
[2026-05-23 14:45:19.142] I (2886) wifi:mode : sta (74:4d:bd:e1:d5:b8)
[2026-05-23 14:45:19.142] I (2887) wifi:enable tsf
[2026-05-23 14:45:19.145] I (2890) ESPNOW: espnow [version: 2.0] init
[2026-05-23 14:45:19.146] WCAN_TEST_READY role=sensor
# Waiting for phased test start
# UART test start sent: WCAN_TEST_START at 2026-05-23T14:45:19.158373
[2026-05-23 14:45:49.488] P(FAIL):33035:e0:269:2959:2969:11
[2026-05-23 14:45:50.288] P(FAIL):33835:e0:270:2970:2980:11
[2026-05-23 14:45:50.471] WCAN_BATCH id=0xe0 count=273 avg_hz=9.09 avg_points=10.99 min_points=7 max_points=11 avg_interval_ms=110.00 min_interval_ms=109.88 max_interval_ms=110.13 avg_dispatch_ms=3.78 max_dispatch_ms=20.33 dispatched_count=273 avg_queue_wait_ms=1.84 max_queue_wait_ms=239.74
[2026-05-23 14:45:50.472] WCAN_SENSOR_END generated=2998 avg_hz=99.97
[2026-05-23 14:45:50.477] WCAN_MEASURES elapsed_ms=29999 heap_start_free=126780 heap_end_free=141568 heap_start_min_free=126780 heap_end_min_free=126480 heap_start_largest=98304 heap_end_largest=98304 airtime_us_total=1029783 packets_sent_total=273 sensor_send_failures_total=0
[2026-05-23 14:45:50.477] WCAN_TEST_END role=sensor

# Monitor stopped: 2026-05-23T14:45:50.477719
