# Monitor started: 2026-05-23T20:08:58.226779
# Port: /dev/ttyACM0, Baud: 921600, Timeout: 35.000s after WCAN_TEST_START

# UART boot config: wcan v=1 role=sensor transport=MULTICAST test_duration_ms=30000 host_wait_time_ms=5000 base=0xd0 count=3 hz=200 linger=100
[2026-05-23 20:08:58.227] ESP-ROM:esp32c3-api1-20210207
[2026-05-23 20:08:58.228] Build:Feb  7 2021
[2026-05-23 20:08:58.248] rst:0x15 (USB_UART_CHIP_RESET),boot:0xd (SPI_FAST_FLASH_BOOT)
[2026-05-23 20:08:58.257] Saved PC:0x40384eba
[2026-05-23 20:08:58.264] SPIWP:0xee
[2026-05-23 20:08:58.265] mode:DIO, clock div:1
[2026-05-23 20:08:58.267] load:0x3fcd5820,len:0x1574
[2026-05-23 20:08:58.268] load:0x403cc710,len:0xc30
[2026-05-23 20:08:58.269] load:0x403ce710,len:0x2fa0
[2026-05-23 20:08:58.270] entry 0x403cc71a
[2026-05-23 20:08:58.272] I (24) boot: ESP-IDF v5.4.1 2nd stage bootloader
[2026-05-23 20:08:58.273] I (24) boot: compile time May 19 2026 23:41:33
[2026-05-23 20:08:58.274] I (24) boot: chip revision: v0.4
[2026-05-23 20:08:58.275] I (25) boot: efuse block revision: v1.3
[2026-05-23 20:08:58.279] I (25) boot.esp32c3: SPI Speed      : 80MHz
[2026-05-23 20:08:58.280] I (25) boot.esp32c3: SPI Mode       : DIO
[2026-05-23 20:08:58.281] I (26) boot.esp32c3: SPI Flash Size : 2MB
[2026-05-23 20:08:58.284] I (26) boot: Enabling RNG early entropy source...
[2026-05-23 20:08:58.286] I (27) boot: Partition Table:
[2026-05-23 20:08:58.289] I (27) boot: ## Label            Usage          Type ST Offset   Length
[2026-05-23 20:08:58.295] I (28) boot:  0 nvs              WiFi data        01 02 00009000 00006000
[2026-05-23 20:08:58.297] I (29) boot:  1 phy_init         RF data          01 01 0000f000 00001000
[2026-05-23 20:08:58.299] I (29) boot:  2 factory          factory app      00 00 00010000 00100000
[2026-05-23 20:08:58.300] I (30) boot: End of partition table
[2026-05-23 20:08:58.301] I (31) esp_image: segment 0: paddr=00010020 vaddr=3c0a0020 size=19850h (104528) map
[2026-05-23 20:08:58.313] I (48) esp_image: segment 1: paddr=00029878 vaddr=3fc95000 size=02da0h ( 11680) load
[2026-05-23 20:08:58.320] I (51) esp_image: segment 2: paddr=0002c620 vaddr=40380000 size=039f8h ( 14840) load
[2026-05-23 20:08:58.322] I (54) esp_image: segment 3: paddr=00030020 vaddr=42000020 size=990b4h (626868) map
[2026-05-23 20:08:58.331] I (154) esp_image: segment 4: paddr=000c90dc vaddr=403839f8 size=114f8h ( 70904) load
[2026-05-23 20:08:58.336] I (168) esp_image: segment 5: paddr=000da5dc vaddr=50000200 size=0001ch (    28) load
[2026-05-23 20:08:58.338] I (174) boot: Loaded app from partition at offset 0x10000
[2026-05-23 20:08:58.339] I (175) boot: Disabling RNG early entropy source...
[2026-05-23 20:08:58.342] I (176) cpu_start: Unicore app
[2026-05-23 20:08:58.345] I (185) cpu_start: Pro cpu start user code
[2026-05-23 20:08:58.347] I (185) cpu_start: cpu freq: 160000000 Hz
[2026-05-23 20:08:58.349] I (185) app_init: Application information:
[2026-05-23 20:08:58.351] I (185) app_init: Project name:     sensor_acquirer
[2026-05-23 20:08:58.363] I (185) app_init: App version:      v1.0-171-gbbe0783
[2026-05-23 20:08:58.366] I (186) app_init: Compile time:     May 23 2026 14:30:40
[2026-05-23 20:08:58.367] I (186) app_init: ELF file SHA256:  0e7d705e7...
[2026-05-23 20:08:58.369] I (187) app_init: ESP-IDF:          v5.4.1
[2026-05-23 20:08:58.374] I (187) efuse_init: Min chip rev:     v0.3
[2026-05-23 20:08:58.377] I (188) efuse_init: Max chip rev:     v1.99
[2026-05-23 20:08:58.381] I (188) efuse_init: Chip rev:         v0.4
[2026-05-23 20:08:58.391] I (189) heap_init: Initializing. RAM available for dynamic allocation:
[2026-05-23 20:08:58.400] I (190) heap_init: At 3FC9C130 len 00023ED0 (143 KiB): RAM
[2026-05-23 20:08:58.403] I (190) heap_init: At 3FCC0000 len 0001C710 (113 KiB): Retention RAM
[2026-05-23 20:08:58.406] I (191) heap_init: At 3FCDC710 len 00002950 (10 KiB): Retention RAM
[2026-05-23 20:08:58.407] I (192) heap_init: At 5000021C len 00001DCC (7 KiB): RTCRAM
[2026-05-23 20:08:58.408] I (193) spi_flash: detected chip: generic
[2026-05-23 20:08:58.409] I (193) spi_flash: flash io: dio
[2026-05-23 20:08:58.411] W (194) spi_flash: Detected size(4096k) larger than the size in the binary image header(2048k). Using the size in the binary image header.
[2026-05-23 20:08:58.412] I (195) sleep_gpio: Configure to isolate all GPIO pins in sleep state
[2026-05-23 20:08:58.413] I (196) sleep_gpio: Enable automatic switching of GPIO sleep configuration
[2026-05-23 20:08:58.413] I (197) main_task: Started on CPU0
[2026-05-23 20:08:58.413] I (197) main_task: Calling app_main()
[2026-05-23 20:08:58.413] WCAN_CFG_WAIT v=1
# UART boot config sent: wcan v=1 role=sensor transport=MULTICAST test_duration_ms=30000 host_wait_time_ms=5000 base=0xd0 count=3 hz=200 linger=100
[2026-05-23 20:08:58.414] WCAN_CFG_WAIT v=1
[2026-05-23 20:09:00.854] WCAN_CFG_ACK
[2026-05-23 20:09:00.854] WCAN_CFG_ACK
[2026-05-23 20:09:00.859] I (2831) pp: pp rom version: 9387209
[2026-05-23 20:09:00.860] I (2832) net80211: net80211 rom version: 9387209
[2026-05-23 20:09:00.862] I (2833) wifi:wifi driver task: 3fca7594, prio:23, stack:6656, core=0
[2026-05-23 20:09:00.865] I (2837) wifi:wifi firmware version: 79fa3f41ba
[2026-05-23 20:09:00.866] I (2837) wifi:wifi certification version: v7.0
[2026-05-23 20:09:00.867] I (2837) wifi:config NVS flash: enabled
[2026-05-23 20:09:00.868] I (2837) wifi:config nano formatting: disabled
[2026-05-23 20:09:00.869] I (2838) wifi:Init data frame dynamic rx buffer num: 32
[2026-05-23 20:09:00.871] I (2838) wifi:Init static rx mgmt buffer num: 5
[2026-05-23 20:09:00.872] I (2839) wifi:Init management short buffer num: 32
[2026-05-23 20:09:00.873] I (2839) wifi:Init dynamic tx buffer num: 32
[2026-05-23 20:09:00.874] I (2840) wifi:Init static tx FG buffer num: 2
[2026-05-23 20:09:00.875] I (2840) wifi:Init static rx buffer size: 1600
[2026-05-23 20:09:00.876] I (2841) wifi:Init static rx buffer num: 10
[2026-05-23 20:09:00.877] I (2841) wifi:Init dynamic rx buffer num: 32
[2026-05-23 20:09:00.878] I (2842) wifi_init: rx ba win: 6
[2026-05-23 20:09:00.879] I (2843) wifi_init: accept mbox: 6
[2026-05-23 20:09:00.879] I (2843) wifi_init: tcpip mbox: 32
[2026-05-23 20:09:00.880] I (2843) wifi_init: udp mbox: 6
[2026-05-23 20:09:00.881] I (2843) wifi_init: tcp mbox: 6
[2026-05-23 20:09:00.882] I (2844) wifi_init: tcp tx win: 5760
[2026-05-23 20:09:00.883] I (2844) wifi_init: tcp rx win: 5760
[2026-05-23 20:09:00.884] I (2845) wifi_init: tcp mss: 1440
[2026-05-23 20:09:00.885] I (2845) wifi_init: WiFi IRAM OP enabled
[2026-05-23 20:09:00.886] I (2845) wifi_init: WiFi RX IRAM OP enabled
[2026-05-23 20:09:00.887] I (2846) phy_init: phy_version 1200,2b7123f9,Feb 18 2025,15:22:21
[2026-05-23 20:09:00.908] I (2880) wifi:mode : sta (54:32:04:8c:0b:8c)
[2026-05-23 20:09:00.908] I (2880) wifi:enable tsf
[2026-05-23 20:09:00.911] I (2884) ESPNOW: espnow [version: 2.0] init
[2026-05-23 20:09:00.912] WCAN_TEST_READY role=sensor
# Waiting for phased test start
# UART test start sent: WCAN_TEST_START at 2026-05-23T20:09:00.924055
[2026-05-23 20:09:31.254] WCAN_BATCH id=0xd0 count=285 avg_hz=9.52 avg_points=21.00 min_points=21 max_points=21 avg_interval_ms=105.00 min_interval_ms=104.85 max_interval_ms=105.16 avg_dispatch_ms=2.50 max_dispatch_ms=26.37 dispatched_count=285 avg_queue_wait_ms=0.14 max_queue_wait_ms=0.28
[2026-05-23 20:09:31.257] WCAN_BATCH id=0xd1 count=285 avg_hz=9.52 avg_points=21.00 min_points=21 max_points=21 avg_interval_ms=105.00 min_interval_ms=104.84 max_interval_ms=105.17 avg_dispatch_ms=1.69 max_dispatch_ms=4.57 dispatched_count=285 avg_queue_wait_ms=2.69 max_queue_wait_ms=26.57
[2026-05-23 20:09:31.260] WCAN_BATCH id=0xd2 count=285 avg_hz=9.52 avg_points=21.00 min_points=21 max_points=21 avg_interval_ms=105.00 min_interval_ms=104.84 max_interval_ms=105.17 avg_dispatch_ms=1.96 max_dispatch_ms=17.27 dispatched_count=285 avg_queue_wait_ms=4.44 max_queue_wait_ms=28.20
[2026-05-23 20:09:31.260] WCAN_SENSOR_END generated=5998 avg_hz=199.97
[2026-05-23 20:09:31.263] WCAN_MEASURES elapsed_ms=29999 heap_start_free=66296 heap_end_free=77888 heap_start_min_free=66296 heap_end_min_free=65084 heap_start_largest=47104 heap_end_largest=47104 airtime_us_total=1741145 packets_sent_total=855 sensor_send_failures_total=0
[2026-05-23 20:09:31.263] WCAN_TEST_END role=sensor

# Monitor stopped: 2026-05-23T20:09:31.263994
