# Monitor started: 2026-05-23T20:39:36.628339
# Port: /dev/ttyACM1, Baud: 921600, Timeout: 35.000s after WCAN_TEST_START

# UART boot config: wcan v=1 role=sensor transport=MULTICAST test_duration_ms=30000 host_wait_time_ms=5000 base=0xe0 count=3 hz=1000 linger=100
[2026-05-23 20:39:36.629] ESP-ROM:esp32c3-api1-20210207
[2026-05-23 20:39:36.629] Build:Feb  7 2021
[2026-05-23 20:39:36.650] rst:0x15 (USB_UART_CHIP_RESET),boot:0xd (SPI_FAST_FLASH_BOOT)
[2026-05-23 20:39:36.651] Saved PC:0x40384eba
[2026-05-23 20:39:36.652] SPIWP:0xee
[2026-05-23 20:39:36.655] mode:DIO, clock div:1
[2026-05-23 20:39:36.656] load:0x3fcd5820,len:0x1574
[2026-05-23 20:39:36.662] load:0x403cc710,len:0xc30
[2026-05-23 20:39:36.664] load:0x403ce710,len:0x2fa0
[2026-05-23 20:39:36.664] entry 0x403cc71a
[2026-05-23 20:39:36.667] I (24) boot: ESP-IDF v5.4.1 2nd stage bootloader
[2026-05-23 20:39:36.671] I (24) boot: compile time May 19 2026 23:41:33
[2026-05-23 20:39:36.680] I (25) boot: chip revision: v0.4
[2026-05-23 20:39:36.689] I (25) boot: efuse block revision: v1.3
[2026-05-23 20:39:36.704] I (25) boot.esp32c3: SPI Speed      : 80MHz
[2026-05-23 20:39:36.707] I (25) boot.esp32c3: SPI Mode       : DIO
[2026-05-23 20:39:36.710] I (26) boot.esp32c3: SPI Flash Size : 2MB
[2026-05-23 20:39:36.717] I (26) boot: Enabling RNG early entropy source...
[2026-05-23 20:39:36.720] I (27) boot: Partition Table:
[2026-05-23 20:39:36.737] I (27) boot: ## Label            Usage          Type ST Offset   Length
[2026-05-23 20:39:36.748] I (28) boot:  0 nvs              WiFi data        01 02 00009000 00006000
[2026-05-23 20:39:36.751] I (29) boot:  1 phy_init         RF data          01 01 0000f000 00001000
[2026-05-23 20:39:36.754] I (29) boot:  2 factory          factory app      00 00 00010000 00100000
[2026-05-23 20:39:36.756] I (30) boot: End of partition table
[2026-05-23 20:39:36.760] I (31) esp_image: segment 0: paddr=00010020 vaddr=3c0a0020 size=19850h (104528) map
[2026-05-23 20:39:36.771] I (48) esp_image: segment 1: paddr=00029878 vaddr=3fc95000 size=02da0h ( 11680) load
[2026-05-23 20:39:36.772] I (51) esp_image: segment 2: paddr=0002c620 vaddr=40380000 size=039f8h ( 14840) load
[2026-05-23 20:39:36.773] I (54) esp_image: segment 3: paddr=00030020 vaddr=42000020 size=990b4h (626868) map
[2026-05-23 20:39:36.775] I (154) esp_image: segment 4: paddr=000c90dc vaddr=403839f8 size=114f8h ( 70904) load
[2026-05-23 20:39:36.776] I (168) esp_image: segment 5: paddr=000da5dc vaddr=50000200 size=0001ch (    28) load
[2026-05-23 20:39:36.777] I (175) boot: Loaded app from partition at offset 0x10000
[2026-05-23 20:39:36.778] I (175) boot: Disabling RNG early entropy source...
[2026-05-23 20:39:36.779] I (176) cpu_start: Unicore app
[2026-05-23 20:39:36.780] I (185) cpu_start: Pro cpu start user code
[2026-05-23 20:39:36.780] I (185) cpu_start: cpu freq: 160000000 Hz
[2026-05-23 20:39:36.781] I (185) app_init: Application information:
[2026-05-23 20:39:36.782] I (185) app_init: Project name:     sensor_acquirer
[2026-05-23 20:39:36.783] I (185) app_init: App version:      v1.0-171-gbbe0783
[2026-05-23 20:39:36.784] I (186) app_init: Compile time:     May 23 2026 14:30:40
[2026-05-23 20:39:36.785] I (187) app_init: ELF file SHA256:  0e7d705e7...
[2026-05-23 20:39:36.786] I (187) app_init: ESP-IDF:          v5.4.1
[2026-05-23 20:39:36.786] I (188) efuse_init: Min chip rev:     v0.3
[2026-05-23 20:39:36.787] I (188) efuse_init: Max chip rev:     v1.99
[2026-05-23 20:39:36.788] I (189) efuse_init: Chip rev:         v0.4
[2026-05-23 20:39:36.789] I (189) heap_init: Initializing. RAM available for dynamic allocation:
[2026-05-23 20:39:36.790] I (190) heap_init: At 3FC9C130 len 00023ED0 (143 KiB): RAM
[2026-05-23 20:39:36.791] I (190) heap_init: At 3FCC0000 len 0001C710 (113 KiB): Retention RAM
[2026-05-23 20:39:36.792] I (191) heap_init: At 3FCDC710 len 00002950 (10 KiB): Retention RAM
[2026-05-23 20:39:36.792] I (192) heap_init: At 5000021C len 00001DCC (7 KiB): RTCRAM
[2026-05-23 20:39:36.792] I (194) spi_flash: detected chip: generic
[2026-05-23 20:39:36.793] I (194) spi_flash: flash io: dio
[2026-05-23 20:39:36.793] W (194) spi_flash: Detected size(4096k) larger than the size in the binary image header(2048k). Using the size in the binary image header.
[2026-05-23 20:39:36.794] I (196) sleep_gpio: Configure to isolate all GPIO pins in sleep state
[2026-05-23 20:39:36.794] I (196) sleep_gpio: Enable automatic switching of GPIO sleep configuration
[2026-05-23 20:39:36.794] I (197) main_task: Started on CPU0
[2026-05-23 20:39:36.794] I (197) main_task: Calling app_main()
[2026-05-23 20:39:36.795] WCAN_CFG_WAIT v=1
# UART boot config sent: wcan v=1 role=sensor transport=MULTICAST test_duration_ms=30000 host_wait_time_ms=5000 base=0xe0 count=3 hz=1000 linger=100
[2026-05-23 20:39:36.795] WCAN_CFG_WAIT v=1
[2026-05-23 20:39:39.267] WCAN_CFG_ACK
[2026-05-23 20:39:39.267] WCAN_CFG_ACK
[2026-05-23 20:39:39.271] I (2842) pp: pp rom version: 9387209
[2026-05-23 20:39:39.275] I (2843) net80211: net80211 rom version: 9387209
[2026-05-23 20:39:39.285] I (2844) wifi:wifi driver task: 3fca7510, prio:23, stack:6656, core=0
[2026-05-23 20:39:39.289] I (2848) wifi:wifi firmware version: 79fa3f41ba
[2026-05-23 20:39:39.292] I (2848) wifi:wifi certification version: v7.0
[2026-05-23 20:39:39.295] I (2848) wifi:config NVS flash: enabled
[2026-05-23 20:39:39.298] I (2848) wifi:config nano formatting: disabled
[2026-05-23 20:39:39.303] I (2849) wifi:Init data frame dynamic rx buffer num: 32
[2026-05-23 20:39:39.306] I (2849) wifi:Init static rx mgmt buffer num: 5
[2026-05-23 20:39:39.309] I (2850) wifi:Init management short buffer num: 32
[2026-05-23 20:39:39.311] I (2850) wifi:Init dynamic tx buffer num: 32
[2026-05-23 20:39:39.313] I (2851) wifi:Init static tx FG buffer num: 2
[2026-05-23 20:39:39.314] I (2851) wifi:Init static rx buffer size: 1600
[2026-05-23 20:39:39.316] I (2852) wifi:Init static rx buffer num: 10
[2026-05-23 20:39:39.317] I (2852) wifi:Init dynamic rx buffer num: 32
[2026-05-23 20:39:39.318] I (2853) wifi_init: rx ba win: 6
[2026-05-23 20:39:39.319] I (2854) wifi_init: accept mbox: 6
[2026-05-23 20:39:39.320] I (2854) wifi_init: tcpip mbox: 32
[2026-05-23 20:39:39.321] I (2854) wifi_init: udp mbox: 6
[2026-05-23 20:39:39.322] I (2854) wifi_init: tcp mbox: 6
[2026-05-23 20:39:39.322] I (2855) wifi_init: tcp tx win: 5760
[2026-05-23 20:39:39.323] I (2855) wifi_init: tcp rx win: 5760
[2026-05-23 20:39:39.324] I (2856) wifi_init: tcp mss: 1440
[2026-05-23 20:39:39.325] I (2856) wifi_init: WiFi IRAM OP enabled
[2026-05-23 20:39:39.326] I (2856) wifi_init: WiFi RX IRAM OP enabled
[2026-05-23 20:39:39.327] I (2857) phy_init: phy_version 1200,2b7123f9,Feb 18 2025,15:22:21
[2026-05-23 20:39:39.328] I (2893) wifi:mode : sta (74:4d:bd:e1:d5:b8)
[2026-05-23 20:39:39.329] I (2894) wifi:enable tsf
[2026-05-23 20:39:39.330] I (2897) ESPNOW: espnow [version: 2.0] init
[2026-05-23 20:39:39.330] WCAN_TEST_READY role=sensor
# Waiting for phased test start
# UART test start sent: WCAN_TEST_START at 2026-05-23T20:39:39.342034
[2026-05-23 20:40:09.693] WCAN_BATCH id=0xe0 count=297 avg_hz=9.90 avg_points=101.00 min_points=101 max_points=101 avg_interval_ms=101.00 min_interval_ms=100.94 max_interval_ms=101.02 avg_dispatch_ms=10.07 max_dispatch_ms=33.50 dispatched_count=297 avg_queue_wait_ms=0.13 max_queue_wait_ms=0.27
[2026-05-23 20:40:09.705] WCAN_BATCH id=0xe1 count=297 avg_hz=9.90 avg_points=101.00 min_points=101 max_points=101 avg_interval_ms=101.00 min_interval_ms=100.92 max_interval_ms=101.04 avg_dispatch_ms=10.07 max_dispatch_ms=29.47 dispatched_count=297 avg_queue_wait_ms=10.26 max_queue_wait_ms=33.68
[2026-05-23 20:40:09.709] WCAN_BATCH id=0xe2 count=297 avg_hz=9.90 avg_points=101.00 min_points=101 max_points=101 avg_interval_ms=101.00 min_interval_ms=100.92 max_interval_ms=101.04 avg_dispatch_ms=9.48 max_dispatch_ms=24.92 dispatched_count=297 avg_queue_wait_ms=20.41 max_queue_wait_ms=42.68
[2026-05-23 20:40:09.709] WCAN_SENSOR_END generated=29998 avg_hz=1000.00
[2026-05-23 20:40:09.711] WCAN_MEASURES elapsed_ms=29999 heap_start_free=66428 heap_end_free=82648 heap_start_min_free=66412 heap_end_min_free=65740 heap_start_largest=47104 heap_end_largest=47104 airtime_us_total=8786371 packets_sent_total=891 sensor_send_failures_total=0
[2026-05-23 20:40:09.711] WCAN_TEST_END role=sensor

# Monitor stopped: 2026-05-23T20:40:09.711576
