# Monitor started: 2026-05-23T20:36:49.024294
# Port: /dev/ttyACM1, Baud: 921600, Timeout: 35.000s after WCAN_TEST_START

# UART boot config: wcan v=1 role=sensor transport=MULTICAST test_duration_ms=30000 host_wait_time_ms=5000 base=0xe0 count=3 hz=1000 linger=100
[2026-05-23 20:36:49.033] ESP-ROM:esp32c3-api1-20210207
[2026-05-23 20:36:49.039] Build:Feb  7 2021
[2026-05-23 20:36:49.056] rst:0x15 (USB_UART_CHIP_RESET),boot:0xd (SPI_FAST_FLASH_BOOT)
[2026-05-23 20:36:49.062] Saved PC:0x420170ca
[2026-05-23 20:36:49.067] SPIWP:0xee
[2026-05-23 20:36:49.076] mode:DIO, clock div:1
[2026-05-23 20:36:49.081] load:0x3fcd5820,len:0x1574
[2026-05-23 20:36:49.089] load:0x403cc710,len:0xc30
[2026-05-23 20:36:49.091] load:0x403ce710,len:0x2fa0
[2026-05-23 20:36:49.093] entry 0x403cc71a
[2026-05-23 20:36:49.097] I (24) boot: ESP-IDF v5.4.1 2nd stage bootloader
[2026-05-23 20:36:49.099] I (24) boot: compile time May 19 2026 23:41:33
[2026-05-23 20:36:49.100] I (25) boot: chip revision: v0.4
[2026-05-23 20:36:49.103] I (25) boot: efuse block revision: v1.3
[2026-05-23 20:36:49.104] I (25) boot.esp32c3: SPI Speed      : 80MHz
[2026-05-23 20:36:49.106] I (25) boot.esp32c3: SPI Mode       : DIO
[2026-05-23 20:36:49.108] I (26) boot.esp32c3: SPI Flash Size : 2MB
[2026-05-23 20:36:49.112] I (26) boot: Enabling RNG early entropy source...
[2026-05-23 20:36:49.113] I (27) boot: Partition Table:
[2026-05-23 20:36:49.115] I (27) boot: ## Label            Usage          Type ST Offset   Length
[2026-05-23 20:36:49.118] I (28) boot:  0 nvs              WiFi data        01 02 00009000 00006000
[2026-05-23 20:36:49.120] I (29) boot:  1 phy_init         RF data          01 01 0000f000 00001000
[2026-05-23 20:36:49.128] I (29) boot:  2 factory          factory app      00 00 00010000 00100000
[2026-05-23 20:36:49.133] I (30) boot: End of partition table
[2026-05-23 20:36:49.135] I (31) esp_image: segment 0: paddr=00010020 vaddr=3c0a0020 size=19850h (104528) map
[2026-05-23 20:36:49.143] I (48) esp_image: segment 1: paddr=00029878 vaddr=3fc95000 size=02da0h ( 11680) load
[2026-05-23 20:36:49.147] I (51) esp_image: segment 2: paddr=0002c620 vaddr=40380000 size=039f8h ( 14840) load
[2026-05-23 20:36:49.153] I (54) esp_image: segment 3: paddr=00030020 vaddr=42000020 size=990b4h (626868) map
[2026-05-23 20:36:49.163] I (154) esp_image: segment 4: paddr=000c90dc vaddr=403839f8 size=114f8h ( 70904) load
[2026-05-23 20:36:49.167] I (168) esp_image: segment 5: paddr=000da5dc vaddr=50000200 size=0001ch (    28) load
[2026-05-23 20:36:49.169] I (174) boot: Loaded app from partition at offset 0x10000
[2026-05-23 20:36:49.174] I (175) boot: Disabling RNG early entropy source...
[2026-05-23 20:36:49.175] I (176) cpu_start: Unicore app
[2026-05-23 20:36:49.176] I (185) cpu_start: Pro cpu start user code
[2026-05-23 20:36:49.177] I (185) cpu_start: cpu freq: 160000000 Hz
[2026-05-23 20:36:49.178] I (185) app_init: Application information:
[2026-05-23 20:36:49.179] I (185) app_init: Project name:     sensor_acquirer
[2026-05-23 20:36:49.183] I (185) app_init: App version:      v1.0-171-gbbe0783
[2026-05-23 20:36:49.184] I (186) app_init: Compile time:     May 23 2026 14:30:40
[2026-05-23 20:36:49.186] I (187) app_init: ELF file SHA256:  0e7d705e7...
[2026-05-23 20:36:49.187] I (187) app_init: ESP-IDF:          v5.4.1
[2026-05-23 20:36:49.188] I (188) efuse_init: Min chip rev:     v0.3
[2026-05-23 20:36:49.190] I (188) efuse_init: Max chip rev:     v1.99
[2026-05-23 20:36:49.191] I (189) efuse_init: Chip rev:         v0.4
[2026-05-23 20:36:49.193] I (189) heap_init: Initializing. RAM available for dynamic allocation:
[2026-05-23 20:36:49.195] I (190) heap_init: At 3FC9C130 len 00023ED0 (143 KiB): RAM
[2026-05-23 20:36:49.198] I (190) heap_init: At 3FCC0000 len 0001C710 (113 KiB): Retention RAM
[2026-05-23 20:36:49.201] I (191) heap_init: At 3FCDC710 len 00002950 (10 KiB): Retention RAM
[2026-05-23 20:36:49.204] I (192) heap_init: At 5000021C len 00001DCC (7 KiB): RTCRAM
[2026-05-23 20:36:49.205] I (194) spi_flash: detected chip: generic
[2026-05-23 20:36:49.206] I (194) spi_flash: flash io: dio
[2026-05-23 20:36:49.210] W (194) spi_flash: Detected size(4096k) larger than the size in the binary image header(2048k). Using the size in the binary image header.
[2026-05-23 20:36:49.211] I (195) sleep_gpio: Configure to isolate all GPIO pins in sleep state
[2026-05-23 20:36:49.213] I (196) sleep_gpio: Enable automatic switching of GPIO sleep configuration
[2026-05-23 20:36:49.214] I (197) main_task: Started on CPU0
[2026-05-23 20:36:49.215] I (197) main_task: Calling app_main()
[2026-05-23 20:36:49.215] WCAN_CFG_WAIT v=1
# UART boot config sent: wcan v=1 role=sensor transport=MULTICAST test_duration_ms=30000 host_wait_time_ms=5000 base=0xe0 count=3 hz=1000 linger=100
[2026-05-23 20:36:49.216] WCAN_CFG_WAIT v=1
[2026-05-23 20:36:51.675] WCAN_CFG_ACK
[2026-05-23 20:36:51.676] WCAN_CFG_ACK
[2026-05-23 20:36:51.681] I (2855) pp: pp rom version: 9387209
[2026-05-23 20:36:51.682] I (2856) net80211: net80211 rom version: 9387209
[2026-05-23 20:36:51.683] I (2857) wifi:wifi driver task: 3fca7510, prio:23, stack:6656, core=0
[2026-05-23 20:36:51.687] I (2861) wifi:wifi firmware version: 79fa3f41ba
[2026-05-23 20:36:51.688] I (2861) wifi:wifi certification version: v7.0
[2026-05-23 20:36:51.688] I (2861) wifi:config NVS flash: enabled
[2026-05-23 20:36:51.689] I (2861) wifi:config nano formatting: disabled
[2026-05-23 20:36:51.690] I (2862) wifi:Init data frame dynamic rx buffer num: 32
[2026-05-23 20:36:51.691] I (2862) wifi:Init static rx mgmt buffer num: 5
[2026-05-23 20:36:51.692] I (2863) wifi:Init management short buffer num: 32
[2026-05-23 20:36:51.693] I (2863) wifi:Init dynamic tx buffer num: 32
[2026-05-23 20:36:51.694] I (2864) wifi:Init static tx FG buffer num: 2
[2026-05-23 20:36:51.695] I (2864) wifi:Init static rx buffer size: 1600
[2026-05-23 20:36:51.696] I (2865) wifi:Init static rx buffer num: 10
[2026-05-23 20:36:51.697] I (2865) wifi:Init dynamic rx buffer num: 32
[2026-05-23 20:36:51.698] I (2866) wifi_init: rx ba win: 6
[2026-05-23 20:36:51.699] I (2867) wifi_init: accept mbox: 6
[2026-05-23 20:36:51.699] I (2867) wifi_init: tcpip mbox: 32
[2026-05-23 20:36:51.700] I (2867) wifi_init: udp mbox: 6
[2026-05-23 20:36:51.700] I (2867) wifi_init: tcp mbox: 6
[2026-05-23 20:36:51.701] I (2868) wifi_init: tcp tx win: 5760
[2026-05-23 20:36:51.704] I (2868) wifi_init: tcp rx win: 5760
[2026-05-23 20:36:51.705] I (2869) wifi_init: tcp mss: 1440
[2026-05-23 20:36:51.706] I (2869) wifi_init: WiFi IRAM OP enabled
[2026-05-23 20:36:51.708] I (2869) wifi_init: WiFi RX IRAM OP enabled
[2026-05-23 20:36:51.713] I (2870) phy_init: phy_version 1200,2b7123f9,Feb 18 2025,15:22:21
[2026-05-23 20:36:51.731] I (2906) wifi:mode : sta (74:4d:bd:e1:d5:b8)
[2026-05-23 20:36:51.731] I (2906) wifi:enable tsf
[2026-05-23 20:36:51.735] I (2909) ESPNOW: espnow [version: 2.0] init
[2026-05-23 20:36:51.735] WCAN_TEST_READY role=sensor
# Waiting for phased test start
# UART test start sent: WCAN_TEST_START at 2026-05-23T20:36:51.772410
[2026-05-23 20:37:22.098] WCAN_BATCH id=0xe0 count=297 avg_hz=9.90 avg_points=101.00 min_points=101 max_points=101 avg_interval_ms=101.00 min_interval_ms=100.94 max_interval_ms=101.06 avg_dispatch_ms=4.77 max_dispatch_ms=7.56 dispatched_count=297 avg_queue_wait_ms=0.13 max_queue_wait_ms=0.56
[2026-05-23 20:37:22.102] WCAN_BATCH id=0xe1 count=297 avg_hz=9.90 avg_points=101.00 min_points=101 max_points=101 avg_interval_ms=101.00 min_interval_ms=100.92 max_interval_ms=101.06 avg_dispatch_ms=10.33 max_dispatch_ms=25.51 dispatched_count=297 avg_queue_wait_ms=4.96 max_queue_wait_ms=7.79
[2026-05-23 20:37:22.107] WCAN_BATCH id=0xe2 count=297 avg_hz=9.90 avg_points=101.00 min_points=101 max_points=101 avg_interval_ms=101.00 min_interval_ms=100.92 max_interval_ms=101.06 avg_dispatch_ms=9.66 max_dispatch_ms=25.28 dispatched_count=297 avg_queue_wait_ms=15.37 max_queue_wait_ms=30.42
[2026-05-23 20:37:22.108] WCAN_SENSOR_END generated=29998 avg_hz=1000.00
[2026-05-23 20:37:22.117] WCAN_MEASURES elapsed_ms=29999 heap_start_free=66428 heap_end_free=82648 heap_start_min_free=66412 heap_end_min_free=65596 heap_start_largest=47104 heap_end_largest=47104 airtime_us_total=7341315 packets_sent_total=891 sensor_send_failures_total=0
[2026-05-23 20:37:22.119] WCAN_TEST_END role=sensor

# Monitor stopped: 2026-05-23T20:37:22.119648
