# Monitor started: 2026-05-23T15:03:00.727402
# Port: /dev/ttyACM0, Baud: 921600, Timeout: 35.000s after WCAN_TEST_START

# UART boot config: wcan v=1 role=sensor transport=BROADCAST test_duration_ms=30000 host_wait_time_ms=5000 base=0xd0 count=1 hz=200 linger=100
[2026-05-23 15:03:00.735] ESP-ROM:esp32c3-api1-20210207
[2026-05-23 15:03:00.742] Build:Feb  7 2021
[2026-05-23 15:03:00.770] rst:0x15 (USB_UART_CHIP_RESET),boot:0xd (SPI_FAST_FLASH_BOOT)
[2026-05-23 15:03:00.773] Saved PC:0x40384eba
[2026-05-23 15:03:00.777] SPIWP:0xee
[2026-05-23 15:03:00.783] mode:DIO, clock div:1
[2026-05-23 15:03:00.790] load:0x3fcd5820,len:0x1574
[2026-05-23 15:03:00.795] load:0x403cc710,len:0xc30
[2026-05-23 15:03:00.803] load:0x403ce710,len:0x2fa0
[2026-05-23 15:03:00.805] entry 0x403cc71a
[2026-05-23 15:03:00.808] I (24) boot: ESP-IDF v5.4.1 2nd stage bootloader
[2026-05-23 15:03:00.809] I (24) boot: compile time May 20 2026 00:05:32
[2026-05-23 15:03:00.811] I (25) boot: chip revision: v0.4
[2026-05-23 15:03:00.813] I (25) boot: efuse block revision: v1.3
[2026-05-23 15:03:00.814] I (25) boot.esp32c3: SPI Speed      : 80MHz
[2026-05-23 15:03:00.816] I (25) boot.esp32c3: SPI Mode       : DIO
[2026-05-23 15:03:00.819] I (26) boot.esp32c3: SPI Flash Size : 2MB
[2026-05-23 15:03:00.833] I (26) boot: Enabling RNG early entropy source...
[2026-05-23 15:03:00.834] I (27) boot: Partition Table:
[2026-05-23 15:03:00.841] I (27) boot: ## Label            Usage          Type ST Offset   Length
[2026-05-23 15:03:00.843] I (28) boot:  0 nvs              WiFi data        01 02 00009000 00006000
[2026-05-23 15:03:00.846] I (29) boot:  1 phy_init         RF data          01 01 0000f000 00001000
[2026-05-23 15:03:00.856] I (29) boot:  2 factory          factory app      00 00 00010000 00100000
[2026-05-23 15:03:00.859] I (30) boot: End of partition table
[2026-05-23 15:03:00.864] I (31) esp_image: segment 0: paddr=00010020 vaddr=3c0a0020 size=1977ch (104316) map
[2026-05-23 15:03:00.866] I (48) esp_image: segment 1: paddr=000297a4 vaddr=3fc95200 size=02da0h ( 11680) load
[2026-05-23 15:03:00.869] I (51) esp_image: segment 2: paddr=0002c54c vaddr=40380000 size=03acch ( 15052) load
[2026-05-23 15:03:00.874] I (54) esp_image: segment 3: paddr=00030020 vaddr=42000020 size=9942ch (627756) map
[2026-05-23 15:03:00.880] I (154) esp_image: segment 4: paddr=000c9454 vaddr=40383acc size=11614h ( 71188) load
[2026-05-23 15:03:00.882] I (168) esp_image: segment 5: paddr=000daa70 vaddr=50000200 size=0001ch (    28) load
[2026-05-23 15:03:00.886] I (175) boot: Loaded app from partition at offset 0x10000
[2026-05-23 15:03:00.890] I (175) boot: Disabling RNG early entropy source...
[2026-05-23 15:03:00.890] I (176) cpu_start: Unicore app
[2026-05-23 15:03:00.892] I (185) cpu_start: Pro cpu start user code
[2026-05-23 15:03:00.895] I (185) cpu_start: cpu freq: 160000000 Hz
[2026-05-23 15:03:00.896] I (185) app_init: Application information:
[2026-05-23 15:03:00.900] I (185) app_init: Project name:     sensor_acquirer
[2026-05-23 15:03:00.901] I (185) app_init: App version:      v1.0-171-gbbe0783
[2026-05-23 15:03:00.905] I (186) app_init: Compile time:     May 23 2026 14:30:31
[2026-05-23 15:03:00.910] I (187) app_init: ELF file SHA256:  493679023...
[2026-05-23 15:03:00.912] I (187) app_init: ESP-IDF:          v5.4.1
[2026-05-23 15:03:00.913] I (188) efuse_init: Min chip rev:     v0.3
[2026-05-23 15:03:00.915] I (188) efuse_init: Max chip rev:     v1.99
[2026-05-23 15:03:00.915] I (189) efuse_init: Chip rev:         v0.4
[2026-05-23 15:03:00.919] I (189) heap_init: Initializing. RAM available for dynamic allocation:
[2026-05-23 15:03:00.921] I (190) heap_init: At 3FC9C340 len 00023CC0 (143 KiB): RAM
[2026-05-23 15:03:00.925] I (190) heap_init: At 3FCC0000 len 0001C710 (113 KiB): Retention RAM
[2026-05-23 15:03:00.926] I (191) heap_init: At 3FCDC710 len 00002950 (10 KiB): Retention RAM
[2026-05-23 15:03:00.927] I (192) heap_init: At 5000021C len 00001DCC (7 KiB): RTCRAM
[2026-05-23 15:03:00.928] I (194) spi_flash: detected chip: generic
[2026-05-23 15:03:00.929] I (194) spi_flash: flash io: dio
[2026-05-23 15:03:00.931] W (194) spi_flash: Detected size(4096k) larger than the size in the binary image header(2048k). Using the size in the binary image header.
[2026-05-23 15:03:00.932] I (196) sleep_gpio: Configure to isolate all GPIO pins in sleep state
[2026-05-23 15:03:00.933] I (196) sleep_gpio: Enable automatic switching of GPIO sleep configuration
[2026-05-23 15:03:00.934] I (197) main_task: Started on CPU0
[2026-05-23 15:03:00.935] I (197) main_task: Calling app_main()
[2026-05-23 15:03:00.935] WCAN_CFG_WAIT v=1
# UART boot config sent: wcan v=1 role=sensor transport=BROADCAST test_duration_ms=30000 host_wait_time_ms=5000 base=0xd0 count=1 hz=200 linger=100
[2026-05-23 15:03:00.936] WCAN_CFG_WAIT v=1
[2026-05-23 15:03:03.386] WCAN_CFG_ACK
[2026-05-23 15:03:03.386] WCAN_CFG_ACK
[2026-05-23 15:03:03.393] I (2862) pp: pp rom version: 9387209
[2026-05-23 15:03:03.398] I (2863) net80211: net80211 rom version: 9387209
[2026-05-23 15:03:03.404] I (2864) wifi:wifi driver task: 3fca77a4, prio:23, stack:6656, core=0
[2026-05-23 15:03:03.409] I (2868) wifi:wifi firmware version: 79fa3f41ba
[2026-05-23 15:03:03.413] I (2868) wifi:wifi certification version: v7.0
[2026-05-23 15:03:03.416] I (2868) wifi:config NVS flash: enabled
[2026-05-23 15:03:03.420] I (2868) wifi:config nano formatting: disabled
[2026-05-23 15:03:03.427] I (2869) wifi:Init data frame dynamic rx buffer num: 32
[2026-05-23 15:03:03.431] I (2869) wifi:Init static rx mgmt buffer num: 5
[2026-05-23 15:03:03.435] I (2870) wifi:Init management short buffer num: 32
[2026-05-23 15:03:03.438] I (2870) wifi:Init dynamic tx buffer num: 32
[2026-05-23 15:03:03.441] I (2871) wifi:Init static tx FG buffer num: 2
[2026-05-23 15:03:03.443] I (2871) wifi:Init static rx buffer size: 1600
[2026-05-23 15:03:03.445] I (2872) wifi:Init static rx buffer num: 10
[2026-05-23 15:03:03.447] I (2872) wifi:Init dynamic rx buffer num: 32
[2026-05-23 15:03:03.448] I (2874) wifi_init: rx ba win: 6
[2026-05-23 15:03:03.449] I (2874) wifi_init: accept mbox: 6
[2026-05-23 15:03:03.451] I (2874) wifi_init: tcpip mbox: 32
[2026-05-23 15:03:03.452] I (2874) wifi_init: udp mbox: 6
[2026-05-23 15:03:03.453] I (2874) wifi_init: tcp mbox: 6
[2026-05-23 15:03:03.454] I (2875) wifi_init: tcp tx win: 5760
[2026-05-23 15:03:03.455] I (2875) wifi_init: tcp rx win: 5760
[2026-05-23 15:03:03.456] I (2876) wifi_init: tcp mss: 1440
[2026-05-23 15:03:03.457] I (2876) wifi_init: WiFi IRAM OP enabled
[2026-05-23 15:03:03.458] I (2876) wifi_init: WiFi RX IRAM OP enabled
[2026-05-23 15:03:03.459] I (2877) phy_init: phy_version 1200,2b7123f9,Feb 18 2025,15:22:21
[2026-05-23 15:03:03.460] I (2913) wifi:mode : sta (54:32:04:8c:0b:8c)
[2026-05-23 15:03:03.461] I (2914) wifi:enable tsf
[2026-05-23 15:03:03.462] I (2916) ESPNOW: espnow [version: 2.0] init
[2026-05-23 15:03:03.463] WCAN_TEST_READY role=sensor
# Waiting for phased test start
# UART test start sent: WCAN_TEST_START at 2026-05-23T15:03:03.474567
[2026-05-23 15:03:04.273] P(FAIL):3549:d0:0:0:20:21
[2026-05-23 15:03:04.598] P(FAIL):3873:d0:4:84:104:21
[2026-05-23 15:03:04.966] P(FAIL):4241:d0:7:147:167:21
[2026-05-23 15:03:05.403] P(FAIL):4679:d0:11:231:251:21
[2026-05-23 15:03:05.877] P(FAIL):5152:d0:15:315:335:21
[2026-05-23 15:03:06.351] P(FAIL):5627:d0:20:420:440:21
[2026-05-23 15:03:07.017] P(FAIL):6292:d0:26:546:566:21
[2026-05-23 15:03:07.816] P(FAIL):7091:d0:34:714:734:21
[2026-05-23 15:03:08.245] P(FAIL):7520:d0:38:798:818:21
[2026-05-23 15:03:08.674] P(FAIL):7949:d0:42:882:902:21
[2026-05-23 15:03:09.121] P(FAIL):8396:d0:46:966:986:21
[2026-05-23 15:03:09.872] P(FAIL):9147:d0:54:1134:1154:21
[2026-05-23 15:03:10.300] P(FAIL):9575:d0:58:1218:1238:21
[2026-05-23 15:03:10.796] P(FAIL):10071:d0:62:1302:1322:21
[2026-05-23 15:03:11.254] P(FAIL):10529:d0:67:1407:1427:21
[2026-05-23 15:03:11.680] P(FAIL):10955:d0:71:1491:1511:21
[2026-05-23 15:03:12.100] P(FAIL):11375:d0:75:1575:1595:21
[2026-05-23 15:03:12.676] P(FAIL):11952:d0:80:1680:1700:21
[2026-05-23 15:03:13.029] P(FAIL):12304:d0:84:1764:1784:21
[2026-05-23 15:03:13.499] P(FAIL):12774:d0:88:1848:1868:21
[2026-05-23 15:03:13.785] P(FAIL):13060:d0:92:1932:1952:21
[2026-05-23 15:03:14.300] P(FAIL):13576:d0:95:1995:2015:21
[2026-05-23 15:03:14.748] P(FAIL):14023:d0:100:2100:2120:21
[2026-05-23 15:03:15.199] P(FAIL):14474:d0:104:2184:2204:21
[2026-05-23 15:03:15.618] P(FAIL):14893:d0:108:2268:2288:21
[2026-05-23 15:03:15.954] P(FAIL):15229:d0:110:2310:2330:21
[2026-05-23 15:03:16.254] P(FAIL):15529:d0:112:2352:2372:21
[2026-05-23 15:03:16.727] P(FAIL):16002:d0:119:2499:2519:21
[2026-05-23 15:03:17.060] P(FAIL):16335:d0:123:2583:2603:21
[2026-05-23 15:03:17.458] P(FAIL):16734:d0:126:2646:2666:21
[2026-05-23 15:03:17.909] P(FAIL):17184:d0:130:2730:2750:21
[2026-05-23 15:03:18.203] P(FAIL):17478:d0:134:2814:2834:21
[2026-05-23 15:03:18.622] P(FAIL):17897:d0:137:2877:2897:21
[2026-05-23 15:03:19.069] P(FAIL):18344:d0:141:2961:2981:21
[2026-05-23 15:03:19.492] P(FAIL):18767:d0:145:3045:3065:21
[2026-05-23 15:03:19.866] P(FAIL):19141:d0:149:3129:3149:21
[2026-05-23 15:03:20.359] P(FAIL):19633:d0:154:3234:3254:21
[2026-05-23 15:03:21.054] P(FAIL):20329:d0:161:3381:3401:21
[2026-05-23 15:03:21.440] P(FAIL):20715:d0:164:3444:3464:21
[2026-05-23 15:03:21.815] P(FAIL):21090:d0:168:3528:3548:21
[2026-05-23 15:03:22.140] P(FAIL):21415:d0:171:3591:3611:21
[2026-05-23 15:03:22.503] P(FAIL):21778:d0:174:3654:3674:21
[2026-05-23 15:03:22.909] P(FAIL):22184:d0:178:3738:3758:21
[2026-05-23 15:03:23.539] P(FAIL):22814:d0:184:3864:3884:21
[2026-05-23 15:03:23.960] P(FAIL):23235:d0:188:3948:3968:21
[2026-05-23 15:03:24.362] P(FAIL):23637:d0:192:4032:4052:21
[2026-05-23 15:03:24.744] P(FAIL):24019:d0:196:4116:4136:21
[2026-05-23 15:03:25.162] P(FAIL):24437:d0:199:4179:4199:21
[2026-05-23 15:03:25.951] P(FAIL):25226:d0:207:4347:4367:21
[2026-05-23 15:03:26.442] P(FAIL):25717:d0:211:4431:4451:21
[2026-05-23 15:03:26.739] P(FAIL):26014:d0:215:4515:4535:21
[2026-05-23 15:03:27.073] P(FAIL):26348:d0:218:4578:4598:21
[2026-05-23 15:03:27.622] P(FAIL):26897:d0:223:4683:4703:21
[2026-05-23 15:03:28.100] P(FAIL):27375:d0:227:4767:4787:21
[2026-05-23 15:03:28.526] P(FAIL):27801:d0:231:4851:4871:21
[2026-05-23 15:03:28.975] P(FAIL):28250:d0:235:4935:4955:21
[2026-05-23 15:03:29.343] P(FAIL):28618:d0:236:4956:4976:21
[2026-05-23 15:03:29.713] P(FAIL):28988:d0:243:5103:5123:21
[2026-05-23 15:03:30.178] P(FAIL):29453:d0:247:5187:5207:21
[2026-05-23 15:03:30.588] P(FAIL):29863:d0:251:5271:5291:21
[2026-05-23 15:03:30.996] P(FAIL):30271:d0:255:5355:5375:21
[2026-05-23 15:03:31.363] P(FAIL):30638:d0:259:5439:5459:21
[2026-05-23 15:03:31.715] P(FAIL):30990:d0:262:5502:5522:21
[2026-05-23 15:03:32.188] P(FAIL):31463:d0:266:5586:5606:21
[2026-05-23 15:03:32.571] P(FAIL):31846:d0:270:5670:5690:21
[2026-05-23 15:03:33.039] P(FAIL):32314:d0:274:5754:5774:21
[2026-05-23 15:03:33.513] P(FAIL):32788:d0:279:5859:5879:21
[2026-05-23 15:03:33.841] P(FAIL):33116:d0:280:5880:5900:21
[2026-05-23 15:03:34.641] P(FAIL):33916:d0:281:5901:5921:21
[2026-05-23 15:03:34.797] WCAN_BATCH id=0xd0 count=286 avg_hz=9.52 avg_points=20.98 min_points=14 max_points=21 avg_interval_ms=105.00 min_interval_ms=104.96 max_interval_ms=105.06 avg_dispatch_ms=2.20 max_dispatch_ms=10.23 dispatched_count=491 avg_queue_wait_ms=145.41 max_queue_wait_ms=578.24
[2026-05-23 15:03:34.800] WCAN_SENSOR_END generated=5998 avg_hz=199.97
[2026-05-23 15:03:34.809] WCAN_MEASURES elapsed_ms=29999 heap_start_free=126648 heap_end_free=141436 heap_start_min_free=126648 heap_end_min_free=126208 heap_start_largest=98304 heap_end_largest=98304 airtime_us_total=1075299 packets_sent_total=491 sensor_send_failures_total=0
[2026-05-23 15:03:34.810] WCAN_TEST_END role=sensor

# Monitor stopped: 2026-05-23T15:03:34.810121
