# Monitor started: 2026-05-23T22:00:18.494654
# Port: /dev/ttyACM1, Baud: 921600, Timeout: 35.000s after WCAN_TEST_START

# UART boot config: wcan v=1 role=sensor transport=MULTICAST test_duration_ms=30000 host_wait_time_ms=5000 base=0xe0 count=1 hz=200 linger=100
[2026-05-23 22:00:18.495] ESP-ROM:esp32c3-api1-20210207
[2026-05-23 22:00:18.495] Build:Feb  7 2021
[2026-05-23 22:00:18.504] rst:0x15 (USB_UART_CHIP_RESET),boot:0xd (SPI_FAST_FLASH_BOOT)
[2026-05-23 22:00:18.511] Saved PC:0x40384eba
[2026-05-23 22:00:18.520] SPIWP:0xee
[2026-05-23 22:00:18.529] mode:DIO, clock div:1
[2026-05-23 22:00:18.535] load:0x3fcd5820,len:0x1574
[2026-05-23 22:00:18.551] load:0x403cc710,len:0xc30
[2026-05-23 22:00:18.563] load:0x403ce710,len:0x2fa0
[2026-05-23 22:00:18.563] entry 0x403cc71a
[2026-05-23 22:00:18.567] I (24) boot: ESP-IDF v5.4.1 2nd stage bootloader
[2026-05-23 22:00:18.569] I (24) boot: compile time May 19 2026 23:41:33
[2026-05-23 22:00:18.573] I (25) boot: chip revision: v0.4
[2026-05-23 22:00:18.580] I (25) boot: efuse block revision: v1.3
[2026-05-23 22:00:18.583] I (25) boot.esp32c3: SPI Speed      : 80MHz
[2026-05-23 22:00:18.584] I (25) boot.esp32c3: SPI Mode       : DIO
[2026-05-23 22:00:18.586] I (26) boot.esp32c3: SPI Flash Size : 2MB
[2026-05-23 22:00:18.590] I (26) boot: Enabling RNG early entropy source...
[2026-05-23 22:00:18.591] I (27) boot: Partition Table:
[2026-05-23 22:00:18.593] I (27) boot: ## Label            Usage          Type ST Offset   Length
[2026-05-23 22:00:18.596] I (28) boot:  0 nvs              WiFi data        01 02 00009000 00006000
[2026-05-23 22:00:18.599] I (29) boot:  1 phy_init         RF data          01 01 0000f000 00001000
[2026-05-23 22:00:18.603] I (29) boot:  2 factory          factory app      00 00 00010000 00100000
[2026-05-23 22:00:18.604] I (30) boot: End of partition table
[2026-05-23 22:00:18.613] I (31) esp_image: segment 0: paddr=00010020 vaddr=3c0a0020 size=19850h (104528) map
[2026-05-23 22:00:18.615] I (48) esp_image: segment 1: paddr=00029878 vaddr=3fc95000 size=02da0h ( 11680) load
[2026-05-23 22:00:18.617] I (51) esp_image: segment 2: paddr=0002c620 vaddr=40380000 size=039f8h ( 14840) load
[2026-05-23 22:00:18.620] I (54) esp_image: segment 3: paddr=00030020 vaddr=42000020 size=990b4h (626868) map
[2026-05-23 22:00:18.626] I (154) esp_image: segment 4: paddr=000c90dc vaddr=403839f8 size=114f8h ( 70904) load
[2026-05-23 22:00:18.634] I (168) esp_image: segment 5: paddr=000da5dc vaddr=50000200 size=0001ch (    28) load
[2026-05-23 22:00:18.646] I (175) boot: Loaded app from partition at offset 0x10000
[2026-05-23 22:00:18.649] I (175) boot: Disabling RNG early entropy source...
[2026-05-23 22:00:18.650] I (176) cpu_start: Unicore app
[2026-05-23 22:00:18.651] I (185) cpu_start: Pro cpu start user code
[2026-05-23 22:00:18.656] I (185) cpu_start: cpu freq: 160000000 Hz
[2026-05-23 22:00:18.657] I (185) app_init: Application information:
[2026-05-23 22:00:18.658] I (185) app_init: Project name:     sensor_acquirer
[2026-05-23 22:00:18.659] I (185) app_init: App version:      v1.0-171-gbbe0783
[2026-05-23 22:00:18.661] I (186) app_init: Compile time:     May 23 2026 14:30:40
[2026-05-23 22:00:18.662] I (186) app_init: ELF file SHA256:  0e7d705e7...
[2026-05-23 22:00:18.663] I (187) app_init: ESP-IDF:          v5.4.1
[2026-05-23 22:00:18.664] I (188) efuse_init: Min chip rev:     v0.3
[2026-05-23 22:00:18.665] I (188) efuse_init: Max chip rev:     v1.99
[2026-05-23 22:00:18.666] I (188) efuse_init: Chip rev:         v0.4
[2026-05-23 22:00:18.667] I (189) heap_init: Initializing. RAM available for dynamic allocation:
[2026-05-23 22:00:18.668] I (190) heap_init: At 3FC9C130 len 00023ED0 (143 KiB): RAM
[2026-05-23 22:00:18.670] I (190) heap_init: At 3FCC0000 len 0001C710 (113 KiB): Retention RAM
[2026-05-23 22:00:18.671] I (191) heap_init: At 3FCDC710 len 00002950 (10 KiB): Retention RAM
[2026-05-23 22:00:18.672] I (192) heap_init: At 5000021C len 00001DCC (7 KiB): RTCRAM
[2026-05-23 22:00:18.673] I (193) spi_flash: detected chip: generic
[2026-05-23 22:00:18.675] I (194) spi_flash: flash io: dio
[2026-05-23 22:00:18.679] W (194) spi_flash: Detected size(4096k) larger than the size in the binary image header(2048k). Using the size in the binary image header.
[2026-05-23 22:00:18.680] I (195) sleep_gpio: Configure to isolate all GPIO pins in sleep state
[2026-05-23 22:00:18.682] I (196) sleep_gpio: Enable automatic switching of GPIO sleep configuration
[2026-05-23 22:00:18.682] I (197) main_task: Started on CPU0
[2026-05-23 22:00:18.683] I (197) main_task: Calling app_main()
[2026-05-23 22:00:18.684] WCAN_CFG_WAIT v=1
# UART boot config sent: wcan v=1 role=sensor transport=MULTICAST test_duration_ms=30000 host_wait_time_ms=5000 base=0xe0 count=1 hz=200 linger=100
[2026-05-23 22:00:18.685] WCAN_CFG_WAIT v=1
[2026-05-23 22:00:21.124] WCAN_CFG_ACK
[2026-05-23 22:00:21.124] WCAN_CFG_ACK
[2026-05-23 22:00:21.129] I (2833) pp: pp rom version: 9387209
[2026-05-23 22:00:21.130] I (2833) net80211: net80211 rom version: 9387209
[2026-05-23 22:00:21.132] I (2835) wifi:wifi driver task: 3fca7510, prio:23, stack:6656, core=0
[2026-05-23 22:00:21.135] I (2839) wifi:wifi firmware version: 79fa3f41ba
[2026-05-23 22:00:21.137] I (2839) wifi:wifi certification version: v7.0
[2026-05-23 22:00:21.138] I (2839) wifi:config NVS flash: enabled
[2026-05-23 22:00:21.139] I (2839) wifi:config nano formatting: disabled
[2026-05-23 22:00:21.141] I (2840) wifi:Init data frame dynamic rx buffer num: 32
[2026-05-23 22:00:21.142] I (2840) wifi:Init static rx mgmt buffer num: 5
[2026-05-23 22:00:21.143] I (2841) wifi:Init management short buffer num: 32
[2026-05-23 22:00:21.145] I (2841) wifi:Init dynamic tx buffer num: 32
[2026-05-23 22:00:21.146] I (2842) wifi:Init static tx FG buffer num: 2
[2026-05-23 22:00:21.147] I (2842) wifi:Init static rx buffer size: 1600
[2026-05-23 22:00:21.148] I (2843) wifi:Init static rx buffer num: 10
[2026-05-23 22:00:21.149] I (2843) wifi:Init dynamic rx buffer num: 32
[2026-05-23 22:00:21.150] I (2844) wifi_init: rx ba win: 6
[2026-05-23 22:00:21.151] I (2845) wifi_init: accept mbox: 6
[2026-05-23 22:00:21.151] I (2845) wifi_init: tcpip mbox: 32
[2026-05-23 22:00:21.152] I (2845) wifi_init: udp mbox: 6
[2026-05-23 22:00:21.153] I (2845) wifi_init: tcp mbox: 6
[2026-05-23 22:00:21.154] I (2846) wifi_init: tcp tx win: 5760
[2026-05-23 22:00:21.155] I (2846) wifi_init: tcp rx win: 5760
[2026-05-23 22:00:21.155] I (2847) wifi_init: tcp mss: 1440
[2026-05-23 22:00:21.156] I (2847) wifi_init: WiFi IRAM OP enabled
[2026-05-23 22:00:21.157] I (2847) wifi_init: WiFi RX IRAM OP enabled
[2026-05-23 22:00:21.159] I (2848) phy_init: phy_version 1200,2b7123f9,Feb 18 2025,15:22:21
[2026-05-23 22:00:21.179] I (2883) wifi:mode : sta (74:4d:bd:e1:d5:b8)
[2026-05-23 22:00:21.180] I (2884) wifi:enable tsf
[2026-05-23 22:00:21.183] I (2887) ESPNOW: espnow [version: 2.0] init
[2026-05-23 22:00:21.183] WCAN_TEST_READY role=sensor
# Waiting for phased test start
# UART test start sent: WCAN_TEST_START at 2026-05-23T22:00:21.195756
[2026-05-23 22:00:51.528] WCAN_BATCH id=0xe0 count=285 avg_hz=9.52 avg_points=21.00 min_points=21 max_points=21 avg_interval_ms=105.00 min_interval_ms=104.94 max_interval_ms=105.04 avg_dispatch_ms=1.79 max_dispatch_ms=4.79 dispatched_count=285 avg_queue_wait_ms=0.09 max_queue_wait_ms=0.17
[2026-05-23 22:00:51.529] WCAN_SENSOR_END generated=5998 avg_hz=199.97
[2026-05-23 22:00:51.533] WCAN_MEASURES elapsed_ms=29999 heap_start_free=97696 heap_end_free=109268 heap_start_min_free=97696 heap_end_min_free=97292 heap_start_largest=77824 heap_end_largest=77824 airtime_us_total=507417 packets_sent_total=285 sensor_send_failures_total=0
[2026-05-23 22:00:51.534] WCAN_TEST_END role=sensor

# Monitor stopped: 2026-05-23T22:00:51.534238
