# Monitor started: 2026-05-23T15:26:26.018330
# Port: /dev/ttyACM0, Baud: 921600, Timeout: 35.000s after WCAN_TEST_START

# UART boot config: wcan v=1 role=sensor transport=BROADCAST test_duration_ms=30000 host_wait_time_ms=5000 base=0xd0 count=1 hz=1000 linger=100
[2026-05-23 15:26:26.019] ESP-ROM:esp32c3-api1-20210207
[2026-05-23 15:26:26.019] Build:Feb  7 2021
[2026-05-23 15:26:26.033] rst:0x15 (USB_UART_CHIP_RESET),boot:0xd (SPI_FAST_FLASH_BOOT)
[2026-05-23 15:26:26.039] Saved PC:0x40384eba
[2026-05-23 15:26:26.042] SPIWP:0xee
[2026-05-23 15:26:26.056] mode:DIO, clock div:1
[2026-05-23 15:26:26.065] load:0x3fcd5820,len:0x1574
[2026-05-23 15:26:26.072] load:0x403cc710,len:0xc30
[2026-05-23 15:26:26.079] load:0x403ce710,len:0x2fa0
[2026-05-23 15:26:26.082] entry 0x403cc71a
[2026-05-23 15:26:26.089] I (24) boot: ESP-IDF v5.4.1 2nd stage bootloader
[2026-05-23 15:26:26.092] I (24) boot: compile time May 20 2026 00:05:32
[2026-05-23 15:26:26.094] I (25) boot: chip revision: v0.4
[2026-05-23 15:26:26.095] I (25) boot: efuse block revision: v1.3
[2026-05-23 15:26:26.098] I (25) boot.esp32c3: SPI Speed      : 80MHz
[2026-05-23 15:26:26.107] I (25) boot.esp32c3: SPI Mode       : DIO
[2026-05-23 15:26:26.108] I (26) boot.esp32c3: SPI Flash Size : 2MB
[2026-05-23 15:26:26.111] I (26) boot: Enabling RNG early entropy source...
[2026-05-23 15:26:26.112] I (27) boot: Partition Table:
[2026-05-23 15:26:26.116] I (27) boot: ## Label            Usage          Type ST Offset   Length
[2026-05-23 15:26:26.118] I (28) boot:  0 nvs              WiFi data        01 02 00009000 00006000
[2026-05-23 15:26:26.123] I (29) boot:  1 phy_init         RF data          01 01 0000f000 00001000
[2026-05-23 15:26:26.140] I (29) boot:  2 factory          factory app      00 00 00010000 00100000
[2026-05-23 15:26:26.159] I (30) boot: End of partition table
[2026-05-23 15:26:26.161] I (31) esp_image: segment 0: paddr=00010020 vaddr=3c0a0020 size=1977ch (104316) map
[2026-05-23 15:26:26.165] I (48) esp_image: segment 1: paddr=000297a4 vaddr=3fc95200 size=02da0h ( 11680) load
[2026-05-23 15:26:26.170] I (51) esp_image: segment 2: paddr=0002c54c vaddr=40380000 size=03acch ( 15052) load
[2026-05-23 15:26:26.172] I (54) esp_image: segment 3: paddr=00030020 vaddr=42000020 size=9942ch (627756) map
[2026-05-23 15:26:26.175] I (154) esp_image: segment 4: paddr=000c9454 vaddr=40383acc size=11614h ( 71188) load
[2026-05-23 15:26:26.179] I (168) esp_image: segment 5: paddr=000daa70 vaddr=50000200 size=0001ch (    28) load
[2026-05-23 15:26:26.182] I (175) boot: Loaded app from partition at offset 0x10000
[2026-05-23 15:26:26.188] I (175) boot: Disabling RNG early entropy source...
[2026-05-23 15:26:26.189] I (176) cpu_start: Unicore app
[2026-05-23 15:26:26.192] I (185) cpu_start: Pro cpu start user code
[2026-05-23 15:26:26.193] I (185) cpu_start: cpu freq: 160000000 Hz
[2026-05-23 15:26:26.194] I (185) app_init: Application information:
[2026-05-23 15:26:26.201] I (185) app_init: Project name:     sensor_acquirer
[2026-05-23 15:26:26.202] I (185) app_init: App version:      v1.0-171-gbbe0783
[2026-05-23 15:26:26.206] I (186) app_init: Compile time:     May 23 2026 14:30:31
[2026-05-23 15:26:26.207] I (187) app_init: ELF file SHA256:  493679023...
[2026-05-23 15:26:26.211] I (187) app_init: ESP-IDF:          v5.4.1
[2026-05-23 15:26:26.211] I (188) efuse_init: Min chip rev:     v0.3
[2026-05-23 15:26:26.215] I (188) efuse_init: Max chip rev:     v1.99
[2026-05-23 15:26:26.217] I (189) efuse_init: Chip rev:         v0.4
[2026-05-23 15:26:26.221] I (189) heap_init: Initializing. RAM available for dynamic allocation:
[2026-05-23 15:26:26.223] I (190) heap_init: At 3FC9C340 len 00023CC0 (143 KiB): RAM
[2026-05-23 15:26:26.225] I (191) heap_init: At 3FCC0000 len 0001C710 (113 KiB): Retention RAM
[2026-05-23 15:26:26.229] I (191) heap_init: At 3FCDC710 len 00002950 (10 KiB): Retention RAM
[2026-05-23 15:26:26.230] I (192) heap_init: At 5000021C len 00001DCC (7 KiB): RTCRAM
[2026-05-23 15:26:26.231] I (194) spi_flash: detected chip: generic
[2026-05-23 15:26:26.232] I (194) spi_flash: flash io: dio
[2026-05-23 15:26:26.233] W (194) spi_flash: Detected size(4096k) larger than the size in the binary image header(2048k). Using the size in the binary image header.
[2026-05-23 15:26:26.234] I (196) sleep_gpio: Configure to isolate all GPIO pins in sleep state
[2026-05-23 15:26:26.234] I (196) sleep_gpio: Enable automatic switching of GPIO sleep configuration
[2026-05-23 15:26:26.234] I (197) main_task: Started on CPU0
[2026-05-23 15:26:26.235] I (197) main_task: Calling app_main()
[2026-05-23 15:26:26.235] WCAN_CFG_WAIT v=1
# UART boot config sent: wcan v=1 role=sensor transport=BROADCAST test_duration_ms=30000 host_wait_time_ms=5000 base=0xd0 count=1 hz=1000 linger=100
[2026-05-23 15:26:26.235] WCAN_CFG_WAIT v=1
[2026-05-23 15:26:28.697] WCAN_CFG_ACK
[2026-05-23 15:26:28.697] WCAN_CFG_ACK
[2026-05-23 15:26:28.702] I (2882) pp: pp rom version: 9387209
[2026-05-23 15:26:28.703] I (2883) net80211: net80211 rom version: 9387209
[2026-05-23 15:26:28.704] I (2884) wifi:wifi driver task: 3fca77a4, prio:23, stack:6656, core=0
[2026-05-23 15:26:28.708] I (2888) wifi:wifi firmware version: 79fa3f41ba
[2026-05-23 15:26:28.709] I (2888) wifi:wifi certification version: v7.0
[2026-05-23 15:26:28.710] I (2888) wifi:config NVS flash: enabled
[2026-05-23 15:26:28.711] I (2888) wifi:config nano formatting: disabled
[2026-05-23 15:26:28.713] I (2889) wifi:Init data frame dynamic rx buffer num: 32
[2026-05-23 15:26:28.714] I (2889) wifi:Init static rx mgmt buffer num: 5
[2026-05-23 15:26:28.715] I (2890) wifi:Init management short buffer num: 32
[2026-05-23 15:26:28.716] I (2890) wifi:Init dynamic tx buffer num: 32
[2026-05-23 15:26:28.717] I (2891) wifi:Init static tx FG buffer num: 2
[2026-05-23 15:26:28.718] I (2891) wifi:Init static rx buffer size: 1600
[2026-05-23 15:26:28.719] I (2892) wifi:Init static rx buffer num: 10
[2026-05-23 15:26:28.721] I (2892) wifi:Init dynamic rx buffer num: 32
[2026-05-23 15:26:28.722] I (2893) wifi_init: rx ba win: 6
[2026-05-23 15:26:28.723] I (2894) wifi_init: accept mbox: 6
[2026-05-23 15:26:28.724] I (2894) wifi_init: tcpip mbox: 32
[2026-05-23 15:26:28.725] I (2894) wifi_init: udp mbox: 6
[2026-05-23 15:26:28.725] I (2894) wifi_init: tcp mbox: 6
[2026-05-23 15:26:28.726] I (2895) wifi_init: tcp tx win: 5760
[2026-05-23 15:26:28.727] I (2895) wifi_init: tcp rx win: 5760
[2026-05-23 15:26:28.728] I (2896) wifi_init: tcp mss: 1440
[2026-05-23 15:26:28.729] I (2896) wifi_init: WiFi IRAM OP enabled
[2026-05-23 15:26:28.730] I (2896) wifi_init: WiFi RX IRAM OP enabled
[2026-05-23 15:26:28.732] I (2897) phy_init: phy_version 1200,2b7123f9,Feb 18 2025,15:22:21
[2026-05-23 15:26:28.754] I (2934) wifi:mode : sta (54:32:04:8c:0b:8c)
[2026-05-23 15:26:28.755] I (2935) wifi:enable tsf
[2026-05-23 15:26:28.758] I (2938) ESPNOW: espnow [version: 2.0] init
[2026-05-23 15:26:28.758] WCAN_TEST_READY role=sensor
# Waiting for phased test start
# UART test start sent: WCAN_TEST_START at 2026-05-23T15:26:28.770384
[2026-05-23 15:26:29.583] P(FAIL):3567:d0:0:0:100:101
[2026-05-23 15:26:29.907] P(FAIL):3891:d0:1:101:201:101
[2026-05-23 15:26:30.367] P(FAIL):4350:d0:8:808:908:101
[2026-05-23 15:26:30.861] P(FAIL):4845:d0:13:1313:1413:101
[2026-05-23 15:26:31.271] P(FAIL):5255:d0:17:1717:1817:101
[2026-05-23 15:26:31.676] P(FAIL):5660:d0:21:2121:2221:101
[2026-05-23 15:26:32.153] P(FAIL):6137:d0:25:2525:2625:101
[2026-05-23 15:26:32.618] P(FAIL):6601:d0:30:3030:3130:101
[2026-05-23 15:26:32.969] P(FAIL):6953:d0:35:3535:3635:101
[2026-05-23 15:26:33.390] P(FAIL):7374:d0:38:3838:3938:101
[2026-05-23 15:26:33.797] P(FAIL):7781:d0:42:4242:4342:101
[2026-05-23 15:26:34.163] P(FAIL):8147:d0:46:4646:4746:101
[2026-05-23 15:26:34.585] P(FAIL):8569:d0:50:5050:5150:101
[2026-05-23 15:26:34.991] P(FAIL):8975:d0:54:5454:5554:101
[2026-05-23 15:26:35.456] P(FAIL):9440:d0:58:5858:5958:101
[2026-05-23 15:26:35.923] P(FAIL):9907:d0:63:6363:6463:101
[2026-05-23 15:26:36.317] P(FAIL):10301:d0:67:6767:6867:101
[2026-05-23 15:26:36.693] P(FAIL):10677:d0:71:7171:7271:101
[2026-05-23 15:26:37.065] P(FAIL):11049:d0:75:7575:7675:101
[2026-05-23 15:26:37.488] P(FAIL):11472:d0:79:7979:8079:101
[2026-05-23 15:26:37.893] P(FAIL):11877:d0:83:8383:8483:101
[2026-05-23 15:26:38.386] P(FAIL):12370:d0:87:8787:8887:101
[2026-05-23 15:26:38.821] P(FAIL):12805:d0:92:9292:9392:101
[2026-05-23 15:26:39.226] P(FAIL):13210:d0:96:9696:9796:101
[2026-05-23 15:26:39.637] P(FAIL):13621:d0:100:10100:10200:101
[2026-05-23 15:26:40.091] P(FAIL):14075:d0:104:10504:10604:101
[2026-05-23 15:26:40.575] P(FAIL):14559:d0:109:11009:11109:101
[2026-05-23 15:26:40.899] P(FAIL):14882:d0:112:11312:11412:101
[2026-05-23 15:26:41.380] P(FAIL):15364:d0:117:11817:11917:101
[2026-05-23 15:26:41.747] P(FAIL):15731:d0:121:12221:12321:101
[2026-05-23 15:26:42.156] P(FAIL):16140:d0:125:12625:12725:101
[2026-05-23 15:26:42.620] P(FAIL):16604:d0:129:13029:13129:101
[2026-05-23 15:26:42.974] P(FAIL):16958:d0:134:13534:13634:101
[2026-05-23 15:26:43.381] P(FAIL):17365:d0:137:13837:13937:101
[2026-05-23 15:26:43.942] P(FAIL):17926:d0:142:14342:14442:101
[2026-05-23 15:26:44.420] P(FAIL):18404:d0:147:14847:14947:101
[2026-05-23 15:26:44.765] P(FAIL):18749:d0:149:15049:15149:101
[2026-05-23 15:26:45.211] P(FAIL):19195:d0:155:15655:15755:101
[2026-05-23 15:26:45.553] P(FAIL):19537:d0:159:16059:16159:101
[2026-05-23 15:26:45.994] P(FAIL):19978:d0:163:16463:16563:101
[2026-05-23 15:26:46.353] P(FAIL):20337:d0:167:16867:16967:101
[2026-05-23 15:26:46.758] P(FAIL):20742:d0:171:17271:17371:101
[2026-05-23 15:26:47.173] P(FAIL):21157:d0:175:17675:17775:101
[2026-05-23 15:26:47.615] P(FAIL):21599:d0:179:18079:18179:101
[2026-05-23 15:26:47.995] P(FAIL):21979:d0:183:18483:18583:101
[2026-05-23 15:26:48.518] P(FAIL):22502:d0:188:18988:19088:101
[2026-05-23 15:26:48.904] P(FAIL):22888:d0:192:19392:19492:101
[2026-05-23 15:26:49.265] P(FAIL):23248:d0:196:19796:19896:101
[2026-05-23 15:26:49.677] P(FAIL):23661:d0:199:20099:20199:101
[2026-05-23 15:26:49.987] P(FAIL):23971:d0:200:20200:20300:101
[2026-05-23 15:26:50.653] P(FAIL):24637:d0:209:21109:21209:101
[2026-05-23 15:26:51.122] P(FAIL):25105:d0:214:21614:21714:101
[2026-05-23 15:26:51.511] P(FAIL):25494:d0:218:22018:22118:101
[2026-05-23 15:26:51.955] P(FAIL):25938:d0:222:22422:22522:101
[2026-05-23 15:26:52.377] P(FAIL):26361:d0:226:22826:22926:101
[2026-05-23 15:26:52.781] P(FAIL):26765:d0:230:23230:23330:101
[2026-05-23 15:26:53.259] P(FAIL):27242:d0:234:23634:23734:101
[2026-05-23 15:26:53.738] P(FAIL):27722:d0:239:24139:24239:101
[2026-05-23 15:26:54.151] P(FAIL):28134:d0:244:24644:24744:101
[2026-05-23 15:26:54.602] P(FAIL):28585:d0:248:25048:25148:101
[2026-05-23 15:26:54.994] P(FAIL):28978:d0:252:25452:25552:101
[2026-05-23 15:26:55.388] P(FAIL):29371:d0:256:25856:25956:101
[2026-05-23 15:26:55.950] P(FAIL):29933:d0:262:26462:26562:101
[2026-05-23 15:26:56.390] P(FAIL):30373:d0:266:26866:26966:101
[2026-05-23 15:26:56.825] P(FAIL):30808:d0:270:27270:27370:101
[2026-05-23 15:26:57.261] P(FAIL):31244:d0:274:27674:27774:101
[2026-05-23 15:26:57.667] P(FAIL):31651:d0:279:28179:28279:101
[2026-05-23 15:26:58.050] P(FAIL):32033:d0:283:28583:28683:101
[2026-05-23 15:26:58.418] P(FAIL):32402:d0:286:28886:28986:101
[2026-05-23 15:26:58.817] P(FAIL):32801:d0:290:29290:29390:101
[2026-05-23 15:26:59.300] P(FAIL):33283:d0:291:29391:29491:101
[2026-05-23 15:27:00.080] WCAN_BATCH id=0xd0 count=298 avg_hz=9.90 avg_points=100.67 min_points=2 max_points=101 avg_interval_ms=101.00 min_interval_ms=100.86 max_interval_ms=101.12 avg_dispatch_ms=4.56 max_dispatch_ms=10.04 dispatched_count=505 avg_queue_wait_ms=154.01 max_queue_wait_ms=566.78
[2026-05-23 15:27:00.081] WCAN_SENSOR_END generated=29998 avg_hz=1000.00
[2026-05-23 15:27:00.084] WCAN_MEASURES elapsed_ms=29999 heap_start_free=126648 heap_end_free=141436 heap_start_min_free=124496 heap_end_min_free=123820 heap_start_largest=98304 heap_end_largest=98304 airtime_us_total=2296151 packets_sent_total=505 sensor_send_failures_total=0
[2026-05-23 15:27:00.084] WCAN_TEST_END role=sensor

# Monitor stopped: 2026-05-23T15:27:00.084700
