# Monitor started: 2026-05-23T19:10:18.133891
# Port: /dev/ttyACM1, Baud: 921600, Timeout: 35.000s after WCAN_TEST_START

# UART boot config: wcan v=1 role=sensor transport=MULTICAST test_duration_ms=30000 host_wait_time_ms=5000 base=0xe0 count=1 hz=200 linger=100
[2026-05-23 19:10:18.134] ESP-ROM:esp32c3-api1-20210207
[2026-05-23 19:10:18.135] Build:Feb  7 2021
[2026-05-23 19:10:18.143] rst:0x15 (USB_UART_CHIP_RESET),boot:0xd (SPI_FAST_FLASH_BOOT)
[2026-05-23 19:10:18.146] Saved PC:0x40384eba
[2026-05-23 19:10:18.147] SPIWP:0xee
[2026-05-23 19:10:18.150] mode:DIO, clock div:1
[2026-05-23 19:10:18.153] load:0x3fcd5820,len:0x1574
[2026-05-23 19:10:18.154] load:0x403cc710,len:0xc30
[2026-05-23 19:10:18.155] load:0x403ce710,len:0x2fa0
[2026-05-23 19:10:18.158] entry 0x403cc71a
[2026-05-23 19:10:18.162] I (24) boot: ESP-IDF v5.4.1 2nd stage bootloader
[2026-05-23 19:10:18.167] I (24) boot: compile time May 19 2026 23:41:33
[2026-05-23 19:10:18.171] I (25) boot: chip revision: v0.4
[2026-05-23 19:10:18.173] I (25) boot: efuse block revision: v1.3
[2026-05-23 19:10:18.177] I (25) boot.esp32c3: SPI Speed      : 80MHz
[2026-05-23 19:10:18.181] I (25) boot.esp32c3: SPI Mode       : DIO
[2026-05-23 19:10:18.183] I (26) boot.esp32c3: SPI Flash Size : 2MB
[2026-05-23 19:10:18.189] I (26) boot: Enabling RNG early entropy source...
[2026-05-23 19:10:18.192] I (27) boot: Partition Table:
[2026-05-23 19:10:18.195] I (27) boot: ## Label            Usage          Type ST Offset   Length
[2026-05-23 19:10:18.197] I (28) boot:  0 nvs              WiFi data        01 02 00009000 00006000
[2026-05-23 19:10:18.200] I (29) boot:  1 phy_init         RF data          01 01 0000f000 00001000
[2026-05-23 19:10:18.207] I (29) boot:  2 factory          factory app      00 00 00010000 00100000
[2026-05-23 19:10:18.210] I (30) boot: End of partition table
[2026-05-23 19:10:18.214] I (31) esp_image: segment 0: paddr=00010020 vaddr=3c0a0020 size=19850h (104528) map
[2026-05-23 19:10:18.221] I (48) esp_image: segment 1: paddr=00029878 vaddr=3fc95000 size=02da0h ( 11680) load
[2026-05-23 19:10:18.226] I (51) esp_image: segment 2: paddr=0002c620 vaddr=40380000 size=039f8h ( 14840) load
[2026-05-23 19:10:18.228] I (54) esp_image: segment 3: paddr=00030020 vaddr=42000020 size=990b4h (626868) map
[2026-05-23 19:10:18.231] I (154) esp_image: segment 4: paddr=000c90dc vaddr=403839f8 size=114f8h ( 70904) load
[2026-05-23 19:10:18.237] I (168) esp_image: segment 5: paddr=000da5dc vaddr=50000200 size=0001ch (    28) load
[2026-05-23 19:10:18.243] I (174) boot: Loaded app from partition at offset 0x10000
[2026-05-23 19:10:18.249] I (175) boot: Disabling RNG early entropy source...
[2026-05-23 19:10:18.253] I (176) cpu_start: Unicore app
[2026-05-23 19:10:18.255] I (185) cpu_start: Pro cpu start user code
[2026-05-23 19:10:18.257] I (185) cpu_start: cpu freq: 160000000 Hz
[2026-05-23 19:10:18.259] I (185) app_init: Application information:
[2026-05-23 19:10:18.265] I (185) app_init: Project name:     sensor_acquirer
[2026-05-23 19:10:18.271] I (185) app_init: App version:      v1.0-171-gbbe0783
[2026-05-23 19:10:18.274] I (186) app_init: Compile time:     May 23 2026 14:30:40
[2026-05-23 19:10:18.277] I (186) app_init: ELF file SHA256:  0e7d705e7...
[2026-05-23 19:10:18.278] I (187) app_init: ESP-IDF:          v5.4.1
[2026-05-23 19:10:18.282] I (187) efuse_init: Min chip rev:     v0.3
[2026-05-23 19:10:18.284] I (188) efuse_init: Max chip rev:     v1.99
[2026-05-23 19:10:18.285] I (188) efuse_init: Chip rev:         v0.4
[2026-05-23 19:10:18.287] I (189) heap_init: Initializing. RAM available for dynamic allocation:
[2026-05-23 19:10:18.288] I (190) heap_init: At 3FC9C130 len 00023ED0 (143 KiB): RAM
[2026-05-23 19:10:18.290] I (190) heap_init: At 3FCC0000 len 0001C710 (113 KiB): Retention RAM
[2026-05-23 19:10:18.291] I (191) heap_init: At 3FCDC710 len 00002950 (10 KiB): Retention RAM
[2026-05-23 19:10:18.292] I (192) heap_init: At 5000021C len 00001DCC (7 KiB): RTCRAM
[2026-05-23 19:10:18.293] I (193) spi_flash: detected chip: generic
[2026-05-23 19:10:18.294] I (194) spi_flash: flash io: dio
[2026-05-23 19:10:18.297] W (194) spi_flash: Detected size(4096k) larger than the size in the binary image header(2048k). Using the size in the binary image header.
[2026-05-23 19:10:18.299] I (195) sleep_gpio: Configure to isolate all GPIO pins in sleep state
[2026-05-23 19:10:18.301] I (196) sleep_gpio: Enable automatic switching of GPIO sleep configuration
[2026-05-23 19:10:18.302] I (197) main_task: Started on CPU0
[2026-05-23 19:10:18.303] I (197) main_task: Calling app_main()
[2026-05-23 19:10:18.304] WCAN_CFG_WAIT v=1
# UART boot config sent: wcan v=1 role=sensor transport=MULTICAST test_duration_ms=30000 host_wait_time_ms=5000 base=0xe0 count=1 hz=200 linger=100
[2026-05-23 19:10:18.305] WCAN_CFG_WAIT v=1
[2026-05-23 19:10:20.752] WCAN_CFG_ACK
[2026-05-23 19:10:20.752] WCAN_CFG_ACK
[2026-05-23 19:10:20.758] I (2822) pp: pp rom version: 9387209
[2026-05-23 19:10:20.759] I (2823) net80211: net80211 rom version: 9387209
[2026-05-23 19:10:20.760] I (2824) wifi:wifi driver task: 3fca7510, prio:23, stack:6656, core=0
[2026-05-23 19:10:20.763] I (2828) wifi:wifi firmware version: 79fa3f41ba
[2026-05-23 19:10:20.764] I (2828) wifi:wifi certification version: v7.0
[2026-05-23 19:10:20.765] I (2828) wifi:config NVS flash: enabled
[2026-05-23 19:10:20.766] I (2828) wifi:config nano formatting: disabled
[2026-05-23 19:10:20.767] I (2829) wifi:Init data frame dynamic rx buffer num: 32
[2026-05-23 19:10:20.768] I (2829) wifi:Init static rx mgmt buffer num: 5
[2026-05-23 19:10:20.770] I (2830) wifi:Init management short buffer num: 32
[2026-05-23 19:10:20.771] I (2830) wifi:Init dynamic tx buffer num: 32
[2026-05-23 19:10:20.773] I (2831) wifi:Init static tx FG buffer num: 2
[2026-05-23 19:10:20.774] I (2831) wifi:Init static rx buffer size: 1600
[2026-05-23 19:10:20.775] I (2832) wifi:Init static rx buffer num: 10
[2026-05-23 19:10:20.777] I (2832) wifi:Init dynamic rx buffer num: 32
[2026-05-23 19:10:20.778] I (2833) wifi_init: rx ba win: 6
[2026-05-23 19:10:20.779] I (2834) wifi_init: accept mbox: 6
[2026-05-23 19:10:20.780] I (2834) wifi_init: tcpip mbox: 32
[2026-05-23 19:10:20.781] I (2834) wifi_init: udp mbox: 6
[2026-05-23 19:10:20.782] I (2834) wifi_init: tcp mbox: 6
[2026-05-23 19:10:20.783] I (2835) wifi_init: tcp tx win: 5760
[2026-05-23 19:10:20.785] I (2835) wifi_init: tcp rx win: 5760
[2026-05-23 19:10:20.786] I (2836) wifi_init: tcp mss: 1440
[2026-05-23 19:10:20.787] I (2836) wifi_init: WiFi IRAM OP enabled
[2026-05-23 19:10:20.787] I (2836) wifi_init: WiFi RX IRAM OP enabled
[2026-05-23 19:10:20.787] I (2837) phy_init: phy_version 1200,2b7123f9,Feb 18 2025,15:22:21
[2026-05-23 19:10:20.807] I (2872) wifi:mode : sta (74:4d:bd:e1:d5:b8)
[2026-05-23 19:10:20.808] I (2872) wifi:enable tsf
[2026-05-23 19:10:20.811] I (2875) ESPNOW: espnow [version: 2.0] init
[2026-05-23 19:10:20.812] WCAN_TEST_READY role=sensor
# Waiting for phased test start
# UART test start sent: WCAN_TEST_START at 2026-05-23T19:10:20.823117
[2026-05-23 19:10:51.172] WCAN_BATCH id=0xe0 count=285 avg_hz=9.52 avg_points=21.00 min_points=21 max_points=21 avg_interval_ms=105.00 min_interval_ms=104.97 max_interval_ms=105.03 avg_dispatch_ms=2.29 max_dispatch_ms=7.66 dispatched_count=285 avg_queue_wait_ms=0.12 max_queue_wait_ms=0.26
[2026-05-23 19:10:51.174] WCAN_SENSOR_END generated=5998 avg_hz=199.97
[2026-05-23 19:10:51.179] WCAN_MEASURES elapsed_ms=29999 heap_start_free=97696 heap_end_free=109380 heap_start_min_free=97696 heap_end_min_free=96976 heap_start_largest=77824 heap_end_largest=77824 airtime_us_total=648785 packets_sent_total=285 sensor_send_failures_total=0
[2026-05-23 19:10:51.179] WCAN_TEST_END role=sensor

# Monitor stopped: 2026-05-23T19:10:51.179842
