# Monitor started: 2026-05-23T18:33:14.286970
# Port: /dev/ttyACM0, Baud: 921600, Timeout: 35.000s after WCAN_TEST_START

# UART boot config: wcan v=1 role=sensor transport=BROADCAST test_duration_ms=30000 host_wait_time_ms=5000 base=0xd0 count=1 hz=100 linger=100
[2026-05-23 18:33:14.287] ESP-ROM:esp32c3-api1-20210207
[2026-05-23 18:33:14.288] Build:Feb  7 2021
[2026-05-23 18:33:14.303] rst:0x15 (USB_UART_CHIP_RESET),boot:0xd (SPI_FAST_FLASH_BOOT)
[2026-05-23 18:33:14.315] Saved PC:0x40384eba
[2026-05-23 18:33:14.319] SPIWP:0xee
[2026-05-23 18:33:14.331] mode:DIO, clock div:1
[2026-05-23 18:33:14.344] load:0x3fcd5820,len:0x1574
[2026-05-23 18:33:14.346] load:0x403cc710,len:0xc30
[2026-05-23 18:33:14.348] load:0x403ce710,len:0x2fa0
[2026-05-23 18:33:14.350] entry 0x403cc71a
[2026-05-23 18:33:14.356] I (24) boot: ESP-IDF v5.4.1 2nd stage bootloader
[2026-05-23 18:33:14.358] I (24) boot: compile time May 20 2026 00:05:32
[2026-05-23 18:33:14.361] I (24) boot: chip revision: v0.4
[2026-05-23 18:33:14.366] I (25) boot: efuse block revision: v1.3
[2026-05-23 18:33:14.368] I (25) boot.esp32c3: SPI Speed      : 80MHz
[2026-05-23 18:33:14.370] I (25) boot.esp32c3: SPI Mode       : DIO
[2026-05-23 18:33:14.371] I (26) boot.esp32c3: SPI Flash Size : 2MB
[2026-05-23 18:33:14.376] I (26) boot: Enabling RNG early entropy source...
[2026-05-23 18:33:14.381] I (27) boot: Partition Table:
[2026-05-23 18:33:14.385] I (27) boot: ## Label            Usage          Type ST Offset   Length
[2026-05-23 18:33:14.394] I (28) boot:  0 nvs              WiFi data        01 02 00009000 00006000
[2026-05-23 18:33:14.396] I (29) boot:  1 phy_init         RF data          01 01 0000f000 00001000
[2026-05-23 18:33:14.398] I (29) boot:  2 factory          factory app      00 00 00010000 00100000
[2026-05-23 18:33:14.399] I (30) boot: End of partition table
[2026-05-23 18:33:14.401] I (31) esp_image: segment 0: paddr=00010020 vaddr=3c0a0020 size=1977ch (104316) map
[2026-05-23 18:33:14.405] I (48) esp_image: segment 1: paddr=000297a4 vaddr=3fc95200 size=02da0h ( 11680) load
[2026-05-23 18:33:14.410] I (51) esp_image: segment 2: paddr=0002c54c vaddr=40380000 size=03acch ( 15052) load
[2026-05-23 18:33:14.413] I (54) esp_image: segment 3: paddr=00030020 vaddr=42000020 size=9942ch (627756) map
[2026-05-23 18:33:14.418] I (154) esp_image: segment 4: paddr=000c9454 vaddr=40383acc size=11614h ( 71188) load
[2026-05-23 18:33:14.424] I (168) esp_image: segment 5: paddr=000daa70 vaddr=50000200 size=0001ch (    28) load
[2026-05-23 18:33:14.428] I (175) boot: Loaded app from partition at offset 0x10000
[2026-05-23 18:33:14.430] I (175) boot: Disabling RNG early entropy source...
[2026-05-23 18:33:14.432] I (176) cpu_start: Unicore app
[2026-05-23 18:33:14.434] I (185) cpu_start: Pro cpu start user code
[2026-05-23 18:33:14.437] I (185) cpu_start: cpu freq: 160000000 Hz
[2026-05-23 18:33:14.448] I (185) app_init: Application information:
[2026-05-23 18:33:14.456] I (185) app_init: Project name:     sensor_acquirer
[2026-05-23 18:33:14.459] I (185) app_init: App version:      v1.0-171-gbbe0783
[2026-05-23 18:33:14.463] I (186) app_init: Compile time:     May 23 2026 14:30:31
[2026-05-23 18:33:14.464] I (187) app_init: ELF file SHA256:  493679023...
[2026-05-23 18:33:14.466] I (187) app_init: ESP-IDF:          v5.4.1
[2026-05-23 18:33:14.469] I (188) efuse_init: Min chip rev:     v0.3
[2026-05-23 18:33:14.472] I (188) efuse_init: Max chip rev:     v1.99
[2026-05-23 18:33:14.479] I (189) efuse_init: Chip rev:         v0.4
[2026-05-23 18:33:14.485] I (189) heap_init: Initializing. RAM available for dynamic allocation:
[2026-05-23 18:33:14.489] I (190) heap_init: At 3FC9C340 len 00023CC0 (143 KiB): RAM
[2026-05-23 18:33:14.492] I (190) heap_init: At 3FCC0000 len 0001C710 (113 KiB): Retention RAM
[2026-05-23 18:33:14.498] I (191) heap_init: At 3FCDC710 len 00002950 (10 KiB): Retention RAM
[2026-05-23 18:33:14.499] I (192) heap_init: At 5000021C len 00001DCC (7 KiB): RTCRAM
[2026-05-23 18:33:14.502] I (194) spi_flash: detected chip: generic
[2026-05-23 18:33:14.502] I (194) spi_flash: flash io: dio
[2026-05-23 18:33:14.504] W (194) spi_flash: Detected size(4096k) larger than the size in the binary image header(2048k). Using the size in the binary image header.
[2026-05-23 18:33:14.504] I (195) sleep_gpio: Configure to isolate all GPIO pins in sleep state
[2026-05-23 18:33:14.504] I (196) sleep_gpio: Enable automatic switching of GPIO sleep configuration
[2026-05-23 18:33:14.504] I (197) main_task: Started on CPU0
[2026-05-23 18:33:14.505] I (197) main_task: Calling app_main()
[2026-05-23 18:33:14.505] WCAN_CFG_WAIT v=1
# UART boot config sent: wcan v=1 role=sensor transport=BROADCAST test_duration_ms=30000 host_wait_time_ms=5000 base=0xd0 count=1 hz=100 linger=100
[2026-05-23 18:33:14.505] WCAN_CFG_WAIT v=1
[2026-05-23 18:33:16.945] WCAN_CFG_ACK
[2026-05-23 18:33:16.945] WCAN_CFG_ACK
[2026-05-23 18:33:16.950] I (2862) pp: pp rom version: 9387209
[2026-05-23 18:33:16.950] I (2863) net80211: net80211 rom version: 9387209
[2026-05-23 18:33:16.952] I (2864) wifi:wifi driver task: 3fca77a4, prio:23, stack:6656, core=0
[2026-05-23 18:33:16.955] I (2868) wifi:wifi firmware version: 79fa3f41ba
[2026-05-23 18:33:16.956] I (2868) wifi:wifi certification version: v7.0
[2026-05-23 18:33:16.956] I (2868) wifi:config NVS flash: enabled
[2026-05-23 18:33:16.956] I (2868) wifi:config nano formatting: disabled
[2026-05-23 18:33:16.957] I (2869) wifi:Init data frame dynamic rx buffer num: 32
[2026-05-23 18:33:16.958] I (2869) wifi:Init static rx mgmt buffer num: 5
[2026-05-23 18:33:16.958] I (2870) wifi:Init management short buffer num: 32
[2026-05-23 18:33:16.959] I (2870) wifi:Init dynamic tx buffer num: 32
[2026-05-23 18:33:16.960] I (2871) wifi:Init static tx FG buffer num: 2
[2026-05-23 18:33:16.961] I (2871) wifi:Init static rx buffer size: 1600
[2026-05-23 18:33:16.962] I (2872) wifi:Init static rx buffer num: 10
[2026-05-23 18:33:16.963] I (2872) wifi:Init dynamic rx buffer num: 32
[2026-05-23 18:33:16.964] I (2873) wifi_init: rx ba win: 6
[2026-05-23 18:33:16.964] I (2874) wifi_init: accept mbox: 6
[2026-05-23 18:33:16.965] I (2874) wifi_init: tcpip mbox: 32
[2026-05-23 18:33:16.965] I (2874) wifi_init: udp mbox: 6
[2026-05-23 18:33:16.966] I (2874) wifi_init: tcp mbox: 6
[2026-05-23 18:33:16.967] I (2875) wifi_init: tcp tx win: 5760
[2026-05-23 18:33:16.967] I (2875) wifi_init: tcp rx win: 5760
[2026-05-23 18:33:16.968] I (2876) wifi_init: tcp mss: 1440
[2026-05-23 18:33:16.969] I (2876) wifi_init: WiFi IRAM OP enabled
[2026-05-23 18:33:16.970] I (2876) wifi_init: WiFi RX IRAM OP enabled
[2026-05-23 18:33:16.971] I (2877) phy_init: phy_version 1200,2b7123f9,Feb 18 2025,15:22:21
[2026-05-23 18:33:16.999] I (2911) wifi:mode : sta (54:32:04:8c:0b:8c)
[2026-05-23 18:33:16.999] I (2912) wifi:enable tsf
[2026-05-23 18:33:17.002] I (2915) ESPNOW: espnow [version: 2.0] init
[2026-05-23 18:33:17.004] WCAN_TEST_READY role=sensor
# Waiting for phased test start
# UART test start sent: WCAN_TEST_START at 2026-05-23T18:33:17.016555
[2026-05-23 18:33:17.831] P(FAIL):3546:d0:0:0:10:11
[2026-05-23 18:33:18.144] P(FAIL):3859:d0:1:11:21:11
[2026-05-23 18:33:18.878] P(FAIL):4594:d0:10:110:120:11
[2026-05-23 18:33:19.486] P(FAIL):5201:d0:15:165:175:11
[2026-05-23 18:33:20.131] P(FAIL):5846:d0:21:231:241:11
[2026-05-23 18:33:20.478] P(FAIL):6193:d0:22:242:252:11
[2026-05-23 18:33:21.568] P(FAIL):7283:d0:34:374:384:11
[2026-05-23 18:33:21.933] P(FAIL):7648:d0:35:385:395:11
[2026-05-23 18:33:22.614] P(FAIL):8329:d0:44:484:494:11
[2026-05-23 18:33:23.821] P(FAIL):9537:d0:55:605:615:11
[2026-05-23 18:33:25.426] P(FAIL):11141:d0:69:759:769:11
[2026-05-23 18:33:25.791] P(FAIL):11507:d0:71:781:791:11
[2026-05-23 18:33:26.150] P(FAIL):11865:d0:76:836:846:11
[2026-05-23 18:33:26.478] P(FAIL):12194:d0:77:847:857:11
[2026-05-23 18:33:26.876] P(FAIL):12591:d0:83:913:923:11
[2026-05-23 18:33:27.619] P(FAIL):13334:d0:89:979:989:11
[2026-05-23 18:33:28.814] P(FAIL):14529:d0:100:1100:1110:11
[2026-05-23 18:33:29.120] P(FAIL):14835:d0:104:1144:1154:11
[2026-05-23 18:33:29.514] P(FAIL):15229:d0:106:1166:1176:11
[2026-05-23 18:33:30.027] P(FAIL):15742:d0:111:1221:1231:11
[2026-05-23 18:33:30.435] P(FAIL):16150:d0:114:1254:1264:11
[2026-05-23 18:33:33.075] P(FAIL):18790:d0:139:1529:1539:11
[2026-05-23 18:33:33.414] P(FAIL):19129:d0:141:1551:1561:11
[2026-05-23 18:33:35.035] P(FAIL):20751:d0:157:1727:1737:11
[2026-05-23 18:33:38.591] P(FAIL):24306:d0:190:2090:2100:11
[2026-05-23 18:33:39.914] P(FAIL):25629:d0:201:2211:2221:11
[2026-05-23 18:33:40.607] P(FAIL):26322:d0:208:2288:2298:11
[2026-05-23 18:33:41.054] P(FAIL):26769:d0:212:2332:2342:11
[2026-05-23 18:33:41.414] P(FAIL):27129:d0:214:2354:2364:11
[2026-05-23 18:33:41.752] P(FAIL):27467:d0:217:2387:2397:11
[2026-05-23 18:33:42.955] P(FAIL):28670:d0:229:2519:2529:11
[2026-05-23 18:33:44.590] P(FAIL):30306:d0:244:2684:2694:11
[2026-05-23 18:33:44.966] P(FAIL):30681:d0:246:2706:2716:11
[2026-05-23 18:33:46.086] P(FAIL):31801:d0:257:2827:2837:11
[2026-05-23 18:33:46.420] P(FAIL):32135:d0:259:2849:2859:11
[2026-05-23 18:33:47.337] P(FAIL):33052:d0:269:2959:2969:11
[2026-05-23 18:33:48.137] P(FAIL):33852:d0:270:2970:2980:11
[2026-05-23 18:33:48.326] WCAN_BATCH id=0xd0 count=273 avg_hz=9.09 avg_points=10.99 min_points=7 max_points=11 avg_interval_ms=110.00 min_interval_ms=109.91 max_interval_ms=110.09 avg_dispatch_ms=1.73 max_dispatch_ms=7.94 dispatched_count=381 avg_queue_wait_ms=119.88 max_queue_wait_ms=573.75
[2026-05-23 18:33:48.326] WCAN_SENSOR_END generated=2998 avg_hz=99.97
[2026-05-23 18:33:48.331] WCAN_MEASURES elapsed_ms=29999 heap_start_free=126648 heap_end_free=141436 heap_start_min_free=124496 heap_end_min_free=124196 heap_start_largest=98304 heap_end_largest=98304 airtime_us_total=656244 packets_sent_total=381 sensor_send_failures_total=0
[2026-05-23 18:33:48.331] WCAN_TEST_END role=sensor

# Monitor stopped: 2026-05-23T18:33:48.331601
