# Monitor started: 2026-05-23T18:33:14.288713
# Port: /dev/ttyACM1, Baud: 921600, Timeout: 35.000s after WCAN_TEST_START

# UART boot config: wcan v=1 role=sensor transport=BROADCAST test_duration_ms=30000 host_wait_time_ms=5000 base=0xe0 count=1 hz=200 linger=100
[2026-05-23 18:33:14.296] ESP-ROM:esp32c3-api1-20210207
[2026-05-23 18:33:14.304] Build:Feb  7 2021
[2026-05-23 18:33:14.313] rst:0x15 (USB_UART_CHIP_RESET),boot:0xd (SPI_FAST_FLASH_BOOT)
[2026-05-23 18:33:14.324] Saved PC:0x40384eba
[2026-05-23 18:33:14.327] SPIWP:0xee
[2026-05-23 18:33:14.333] mode:DIO, clock div:1
[2026-05-23 18:33:14.343] load:0x3fcd5820,len:0x1574
[2026-05-23 18:33:14.351] load:0x403cc710,len:0xc30
[2026-05-23 18:33:14.358] load:0x403ce710,len:0x2fa0
[2026-05-23 18:33:14.361] entry 0x403cc71a
[2026-05-23 18:33:14.363] I (24) boot: ESP-IDF v5.4.1 2nd stage bootloader
[2026-05-23 18:33:14.365] I (24) boot: compile time May 20 2026 00:05:32
[2026-05-23 18:33:14.370] I (25) boot: chip revision: v0.4
[2026-05-23 18:33:14.373] I (25) boot: efuse block revision: v1.3
[2026-05-23 18:33:14.373] I (25) boot.esp32c3: SPI Speed      : 80MHz
[2026-05-23 18:33:14.374] I (25) boot.esp32c3: SPI Mode       : DIO
[2026-05-23 18:33:14.376] I (26) boot.esp32c3: SPI Flash Size : 2MB
[2026-05-23 18:33:14.378] I (26) boot: Enabling RNG early entropy source...
[2026-05-23 18:33:14.379] I (27) boot: Partition Table:
[2026-05-23 18:33:14.384] I (27) boot: ## Label            Usage          Type ST Offset   Length
[2026-05-23 18:33:14.385] I (28) boot:  0 nvs              WiFi data        01 02 00009000 00006000
[2026-05-23 18:33:14.394] I (29) boot:  1 phy_init         RF data          01 01 0000f000 00001000
[2026-05-23 18:33:14.402] I (29) boot:  2 factory          factory app      00 00 00010000 00100000
[2026-05-23 18:33:14.405] I (30) boot: End of partition table
[2026-05-23 18:33:14.407] I (31) esp_image: segment 0: paddr=00010020 vaddr=3c0a0020 size=1977ch (104316) map
[2026-05-23 18:33:14.413] I (48) esp_image: segment 1: paddr=000297a4 vaddr=3fc95200 size=02da0h ( 11680) load
[2026-05-23 18:33:14.418] I (51) esp_image: segment 2: paddr=0002c54c vaddr=40380000 size=03acch ( 15052) load
[2026-05-23 18:33:14.424] I (54) esp_image: segment 3: paddr=00030020 vaddr=42000020 size=9942ch (627756) map
[2026-05-23 18:33:14.426] I (154) esp_image: segment 4: paddr=000c9454 vaddr=40383acc size=11614h ( 71188) load
[2026-05-23 18:33:14.430] I (168) esp_image: segment 5: paddr=000daa70 vaddr=50000200 size=0001ch (    28) load
[2026-05-23 18:33:14.432] I (175) boot: Loaded app from partition at offset 0x10000
[2026-05-23 18:33:14.433] I (175) boot: Disabling RNG early entropy source...
[2026-05-23 18:33:14.436] I (176) cpu_start: Unicore app
[2026-05-23 18:33:14.442] I (185) cpu_start: Pro cpu start user code
[2026-05-23 18:33:14.444] I (185) cpu_start: cpu freq: 160000000 Hz
[2026-05-23 18:33:14.445] I (185) app_init: Application information:
[2026-05-23 18:33:14.446] I (185) app_init: Project name:     sensor_acquirer
[2026-05-23 18:33:14.448] I (185) app_init: App version:      v1.0-171-gbbe0783
[2026-05-23 18:33:14.450] I (186) app_init: Compile time:     May 23 2026 14:30:31
[2026-05-23 18:33:14.452] I (187) app_init: ELF file SHA256:  493679023...
[2026-05-23 18:33:14.453] I (187) app_init: ESP-IDF:          v5.4.1
[2026-05-23 18:33:14.455] I (188) efuse_init: Min chip rev:     v0.3
[2026-05-23 18:33:14.457] I (188) efuse_init: Max chip rev:     v1.99
[2026-05-23 18:33:14.461] I (189) efuse_init: Chip rev:         v0.4
[2026-05-23 18:33:14.463] I (189) heap_init: Initializing. RAM available for dynamic allocation:
[2026-05-23 18:33:14.467] I (190) heap_init: At 3FC9C340 len 00023CC0 (143 KiB): RAM
[2026-05-23 18:33:14.470] I (191) heap_init: At 3FCC0000 len 0001C710 (113 KiB): Retention RAM
[2026-05-23 18:33:14.479] I (191) heap_init: At 3FCDC710 len 00002950 (10 KiB): Retention RAM
[2026-05-23 18:33:14.482] I (192) heap_init: At 5000021C len 00001DCC (7 KiB): RTCRAM
[2026-05-23 18:33:14.484] I (194) spi_flash: detected chip: generic
[2026-05-23 18:33:14.486] I (194) spi_flash: flash io: dio
[2026-05-23 18:33:14.493] W (194) spi_flash: Detected size(4096k) larger than the size in the binary image header(2048k). Using the size in the binary image header.
[2026-05-23 18:33:14.497] I (196) sleep_gpio: Configure to isolate all GPIO pins in sleep state
[2026-05-23 18:33:14.500] I (196) sleep_gpio: Enable automatic switching of GPIO sleep configuration
[2026-05-23 18:33:14.501] I (197) main_task: Started on CPU0
[2026-05-23 18:33:14.502] I (197) main_task: Calling app_main()
[2026-05-23 18:33:14.502] WCAN_CFG_WAIT v=1
# UART boot config sent: wcan v=1 role=sensor transport=BROADCAST test_duration_ms=30000 host_wait_time_ms=5000 base=0xe0 count=1 hz=200 linger=100
[2026-05-23 18:33:14.503] WCAN_CFG_WAIT v=1
[2026-05-23 18:33:16.947] WCAN_CFG_ACK
[2026-05-23 18:33:16.947] WCAN_CFG_ACK
[2026-05-23 18:33:16.952] I (2862) pp: pp rom version: 9387209
[2026-05-23 18:33:16.952] I (2863) net80211: net80211 rom version: 9387209
[2026-05-23 18:33:16.953] I (2864) wifi:wifi driver task: 3fca7720, prio:23, stack:6656, core=0
[2026-05-23 18:33:16.958] I (2868) wifi:wifi firmware version: 79fa3f41ba
[2026-05-23 18:33:16.959] I (2868) wifi:wifi certification version: v7.0
[2026-05-23 18:33:16.960] I (2868) wifi:config NVS flash: enabled
[2026-05-23 18:33:16.961] I (2868) wifi:config nano formatting: disabled
[2026-05-23 18:33:16.962] I (2869) wifi:Init data frame dynamic rx buffer num: 32
[2026-05-23 18:33:16.963] I (2869) wifi:Init static rx mgmt buffer num: 5
[2026-05-23 18:33:16.964] I (2870) wifi:Init management short buffer num: 32
[2026-05-23 18:33:16.965] I (2870) wifi:Init dynamic tx buffer num: 32
[2026-05-23 18:33:16.966] I (2871) wifi:Init static tx FG buffer num: 2
[2026-05-23 18:33:16.967] I (2871) wifi:Init static rx buffer size: 1600
[2026-05-23 18:33:16.968] I (2872) wifi:Init static rx buffer num: 10
[2026-05-23 18:33:16.968] I (2872) wifi:Init dynamic rx buffer num: 32
[2026-05-23 18:33:16.969] I (2873) wifi_init: rx ba win: 6
[2026-05-23 18:33:16.970] I (2874) wifi_init: accept mbox: 6
[2026-05-23 18:33:16.970] I (2874) wifi_init: tcpip mbox: 32
[2026-05-23 18:33:16.971] I (2874) wifi_init: udp mbox: 6
[2026-05-23 18:33:16.971] I (2874) wifi_init: tcp mbox: 6
[2026-05-23 18:33:16.971] I (2875) wifi_init: tcp tx win: 5760
[2026-05-23 18:33:16.972] I (2875) wifi_init: tcp rx win: 5760
[2026-05-23 18:33:16.972] I (2876) wifi_init: tcp mss: 1440
[2026-05-23 18:33:16.972] I (2876) wifi_init: WiFi IRAM OP enabled
[2026-05-23 18:33:16.972] I (2876) wifi_init: WiFi RX IRAM OP enabled
[2026-05-23 18:33:16.972] I (2877) phy_init: phy_version 1200,2b7123f9,Feb 18 2025,15:22:21
[2026-05-23 18:33:17.001] I (2911) wifi:mode : sta (74:4d:bd:e1:d5:b8)
[2026-05-23 18:33:17.001] I (2912) wifi:enable tsf
[2026-05-23 18:33:17.004] I (2915) ESPNOW: espnow [version: 2.0] init
[2026-05-23 18:33:17.005] WCAN_TEST_READY role=sensor
# Waiting for phased test start
# UART test start sent: WCAN_TEST_START at 2026-05-23T18:33:17.017034
[2026-05-23 18:33:20.573] P(FAIL):6286:e0:26:546:566:21
[2026-05-23 18:33:22.359] P(FAIL):8072:e0:43:903:923:21
[2026-05-23 18:33:26.914] P(FAIL):12627:e0:87:1827:1847:21
[2026-05-23 18:33:27.269] P(FAIL):12982:e0:89:1869:1889:21
[2026-05-23 18:33:29.113] P(FAIL):14826:e0:108:2268:2288:21
[2026-05-23 18:33:29.468] P(FAIL):15181:e0:111:2331:2351:21
[2026-05-23 18:33:30.890] P(FAIL):16603:e0:125:2625:2645:21
[2026-05-23 18:33:32.010] P(FAIL):17723:e0:136:2856:2876:21
[2026-05-23 18:33:32.420] P(FAIL):18133:e0:138:2898:2918:21
[2026-05-23 18:33:32.807] P(FAIL):18521:e0:139:2919:2939:21
[2026-05-23 18:33:33.225] P(FAIL):18938:e0:144:3024:3044:21
[2026-05-23 18:33:33.631] P(FAIL):19344:e0:146:3066:3086:21
[2026-05-23 18:33:33.984] P(FAIL):19697:e0:152:3192:3212:21
[2026-05-23 18:33:34.289] P(FAIL):20002:e0:154:3234:3254:21
[2026-05-23 18:33:34.702] P(FAIL):20415:e0:156:3276:3296:21
[2026-05-23 18:33:35.063] P(FAIL):20776:e0:158:3318:3338:21
[2026-05-23 18:33:35.346] P(FAIL):21059:e0:162:3402:3422:21
[2026-05-23 18:33:35.701] P(FAIL):21414:e0:168:3547:3567:21
[2026-05-23 18:33:36.044] P(FAIL):21757:e0:170:3589:3609:21
[2026-05-23 18:33:37.180] P(FAIL):22893:e0:184:3883:3903:21
[2026-05-23 18:33:37.593] P(FAIL):23307:e0:185:3904:3924:21
[2026-05-23 18:33:38.053] P(FAIL):23767:e0:192:4051:4071:21
[2026-05-23 18:33:41.130] P(FAIL):26843:e0:222:4681:4701:21
[2026-05-23 18:33:41.416] P(FAIL):27129:e0:224:4723:4743:21
[2026-05-23 18:33:41.773] P(FAIL):27479:e0:225:4744:4764:21
[2026-05-23 18:33:42.087] P(FAIL):27800:e0:226:4765:4785:21
[2026-05-23 18:33:43.372] P(FAIL):29085:e0:243:5122:5142:21
[2026-05-23 18:33:43.818] P(FAIL):29531:e0:247:5206:5226:21
[2026-05-23 18:33:44.324] P(FAIL):30037:e0:252:5311:5331:21
[2026-05-23 18:33:45.230] P(FAIL):30944:e0:261:5500:5520:21
[2026-05-23 18:33:46.495] P(FAIL):32208:e0:272:5731:5751:21
[2026-05-23 18:33:46.821] P(FAIL):32534:e0:275:5794:5814:21
[2026-05-23 18:33:47.345] P(FAIL):33058:e0:281:5920:5940:21
[2026-05-23 18:33:48.144] P(FAIL):33858:e0:282:5941:5961:21
[2026-05-23 18:33:48.330] WCAN_BATCH id=0xe0 count=285 avg_hz=9.49 avg_points=20.98 min_points=16 max_points=21 avg_interval_ms=105.33 min_interval_ms=104.88 max_interval_ms=200.05 avg_dispatch_ms=2.08 max_dispatch_ms=10.68 dispatched_count=381 avg_queue_wait_ms=175.72 max_queue_wait_ms=936.19
[2026-05-23 18:33:48.331] WCAN_SENSOR_END generated=5998 avg_hz=199.97
[2026-05-23 18:33:48.331] S(FAIL):34042:e0:0:3528:3546:19
[2026-05-23 18:33:48.333] WCAN_MEASURES elapsed_ms=29999 heap_start_free=126780 heap_end_free=141568 heap_start_min_free=124628 heap_end_min_free=124288 heap_start_largest=98304 heap_end_largest=98304 airtime_us_total=787577 packets_sent_total=381 sensor_send_failures_total=19
[2026-05-23 18:33:48.333] WCAN_TEST_END role=sensor

# Monitor stopped: 2026-05-23T18:33:48.333299
