# Monitor started: 2026-05-13T05:09:26.464328
# Port: /dev/ttyACM1, Baud: 921600, Duration: 30s

# UART boot config: wcan v=1 role=idle transport=UNICAST
[2026-05-13 05:09:26.464] ESP-ROM:esp32c3-api1-20210207
[2026-05-13 05:09:26.464] Build:Feb  7 2021
[2026-05-13 05:09:26.465] rst:0x15 (USB_UART_CHIP_RESET),boot:0xd (SPI_FAST_FLASH_BOOT)
[2026-05-13 05:09:26.465] Saved PC:0x40384eae
[2026-05-13 05:09:26.465] SPIWP:0xee
[2026-05-13 05:09:26.465] mode:DIO, clock div:1
[2026-05-13 05:09:26.465] load:0x3fcd5820,len:0x1574
[2026-05-13 05:09:26.465] load:0x403cc710,len:0xc30
[2026-05-13 05:09:26.465] load:0x403ce710,len:0x2fa0
[2026-05-13 05:09:26.466] entry 0x403cc71a
[2026-05-13 05:09:26.466] I (24) boot: ESP-IDF v5.4.1 2nd stage bootloader
[2026-05-13 05:09:26.466] I (24) boot: compile time May 12 2026 19:49:19
[2026-05-13 05:09:26.466] I (25) boot: chip revision: v0.4
[2026-05-13 05:09:26.467] I (25) boot: efuse block revision: v1.3
[2026-05-13 05:09:26.467] I (25) boot.esp32c3: SPI Speed      : 80MHz
[2026-05-13 05:09:26.467] I (25) boot.esp32c3: SPI Mode       : DIO
[2026-05-13 05:09:26.467] I (26) boot.esp32c3: SPI Flash Size : 2MB
[2026-05-13 05:09:26.468] I (26) boot: Enabling RNG early entropy source...
[2026-05-13 05:09:26.468] I (27) boot: Partition Table:
[2026-05-13 05:09:26.468] I (27) boot: ## Label            Usage          Type ST Offset   Length
[2026-05-13 05:09:26.469] I (28) boot:  0 nvs              WiFi data        01 02 00009000 00006000
[2026-05-13 05:09:26.469] I (29) boot:  1 phy_init         RF data          01 01 0000f000 00001000
[2026-05-13 05:09:26.470] I (29) boot:  2 factory          factory app      00 00 00010000 00100000
[2026-05-13 05:09:26.470] I (30) boot: End of partition table
[2026-05-13 05:09:26.470] I (31) esp_image: segment 0: paddr=00010020 vaddr=3c0a0020 size=1a0c8h (106696) map
[2026-05-13 05:09:26.471] I (49) esp_image: segment 1: paddr=0002a0f0 vaddr=3fc95400 size=02db0h ( 11696) load
[2026-05-13 05:09:26.471] I (51) esp_image: segment 2: paddr=0002cea8 vaddr=40380000 size=03170h ( 12656) load
[2026-05-13 05:09:26.471] I (54) esp_image: segment 3: paddr=00030020 vaddr=42000020 size=94510h (607504) map
[2026-05-13 05:09:26.472] I (151) esp_image: segment 4: paddr=000c4538 vaddr=40383170 size=1223ch ( 74300) load
[2026-05-13 05:09:26.472] I (165) esp_image: segment 5: paddr=000d677c vaddr=50000200 size=0001ch (    28) load
[2026-05-13 05:09:26.473] I (172) boot: Loaded app from partition at offset 0x10000
[2026-05-13 05:09:26.473] I (172) boot: Disabling RNG early entropy source...
[2026-05-13 05:09:26.473] I (174) cpu_start: Unicore app
[2026-05-13 05:09:26.473] I (182) cpu_start: Pro cpu start user code
[2026-05-13 05:09:26.474] I (182) cpu_start: cpu freq: 160000000 Hz
[2026-05-13 05:09:26.474] I (182) app_init: Application information:
[2026-05-13 05:09:26.474] I (183) app_init: Project name:     sensor_acquirer
[2026-05-13 05:09:26.475] I (183) app_init: App version:      v1.0-60-gb67991a-dirty
[2026-05-13 05:09:26.475] I (183) app_init: Compile time:     May 12 2026 19:49:10
[2026-05-13 05:09:26.475] I (184) app_init: ELF file SHA256:  b80335c0b...
[2026-05-13 05:09:26.476] I (185) app_init: ESP-IDF:          v5.4.1
[2026-05-13 05:09:26.476] I (185) efuse_init: Min chip rev:     v0.3
[2026-05-13 05:09:26.476] I (186) efuse_init: Max chip rev:     v1.99
[2026-05-13 05:09:26.476] I (186) efuse_init: Chip rev:         v0.4
[2026-05-13 05:09:26.477] I (187) heap_init: Initializing. RAM available for dynamic allocation:
[2026-05-13 05:09:26.477] I (187) heap_init: At 3FC9CF80 len 00023080 (140 KiB): RAM
[2026-05-13 05:09:26.478] I (188) heap_init: At 3FCC0000 len 0001C710 (113 KiB): Retention RAM
[2026-05-13 05:09:26.478] I (189) heap_init: At 3FCDC710 len 00002950 (10 KiB): Retention RAM
[2026-05-13 05:09:26.478] I (190) heap_init: At 5000021C len 00001DCC (7 KiB): RTCRAM
[2026-05-13 05:09:26.479] I (191) spi_flash: detected chip: generic
[2026-05-13 05:09:26.479] I (191) spi_flash: flash io: dio
[2026-05-13 05:09:26.480] W (191) spi_flash: Detected size(4096k) larger than the size in the binary image header(2048k). Using the size in the binary image header.
[2026-05-13 05:09:26.480] I (193) sleep_gpio: Configure to isolate all GPIO pins in sleep state
[2026-05-13 05:09:26.480] I (193) sleep_gpio: Enable automatic switching of GPIO sleep configuration
[2026-05-13 05:09:26.481] I (195) main_task: Started on CPU0
[2026-05-13 05:09:26.481] I (195) main_task: Calling app_main()
[2026-05-13 05:09:26.481] I (195) BOOT_TS: us=5220
[2026-05-13 05:09:26.481] I (196) BOOT_CONFIG: waiting for UART config
[2026-05-13 05:09:26.481] WCAN_CFG_WAIT v=1
# UART boot config sent: wcan v=1 role=idle transport=UNICAST
[2026-05-13 05:09:26.482] WCAN_CFG_WAIT v=1
[2026-05-13 05:09:27.202] I (938) BOOT_CONFIG: accepted role=idle transport=UNICAST
[2026-05-13 05:09:27.203] WCAN_CFG_ACK
# Waiting for coordinated capture start
[2026-05-13 05:09:27.204] WCAN_CFG_ACK
[2026-05-13 05:09:27.209] I (938) MAIN: IDLE mode - stopping before NVS/Wi-Fi initialization
[2026-05-13 05:09:27.215] I (938) main_task: Returned from app_main()

# Monitor stopped: 2026-05-13T05:09:57.245331
