# Monitor started: 2026-05-23T20:09:39.917221
# Port: /dev/ttyACM0, Baud: 921600, Timeout: 35.000s after WCAN_TEST_START

# UART boot config: wcan v=1 role=sensor transport=MULTICAST test_duration_ms=30000 host_wait_time_ms=5000 base=0xd0 count=3 hz=200 linger=100
[2026-05-23 20:09:39.918] ESP-ROM:esp32c3-api1-20210207
[2026-05-23 20:09:39.919] Build:Feb  7 2021
[2026-05-23 20:09:39.922] rst:0x15 (USB_UART_CHIP_RESET),boot:0xd (SPI_FAST_FLASH_BOOT)
[2026-05-23 20:09:39.923] Saved PC:0x40384eba
[2026-05-23 20:09:39.924] SPIWP:0xee
[2026-05-23 20:09:39.925] mode:DIO, clock div:1
[2026-05-23 20:09:39.926] load:0x3fcd5820,len:0x1574
[2026-05-23 20:09:39.930] load:0x403cc710,len:0xc30
[2026-05-23 20:09:39.931] load:0x403ce710,len:0x2fa0
[2026-05-23 20:09:39.934] entry 0x403cc71a
[2026-05-23 20:09:39.938] I (24) boot: ESP-IDF v5.4.1 2nd stage bootloader
[2026-05-23 20:09:39.940] I (24) boot: compile time May 19 2026 23:41:33
[2026-05-23 20:09:39.942] I (25) boot: chip revision: v0.4
[2026-05-23 20:09:39.945] I (25) boot: efuse block revision: v1.3
[2026-05-23 20:09:39.949] I (25) boot.esp32c3: SPI Speed      : 80MHz
[2026-05-23 20:09:39.952] I (25) boot.esp32c3: SPI Mode       : DIO
[2026-05-23 20:09:39.957] I (26) boot.esp32c3: SPI Flash Size : 2MB
[2026-05-23 20:09:39.961] I (26) boot: Enabling RNG early entropy source...
[2026-05-23 20:09:39.963] I (27) boot: Partition Table:
[2026-05-23 20:09:39.970] I (27) boot: ## Label            Usage          Type ST Offset   Length
[2026-05-23 20:09:39.976] I (28) boot:  0 nvs              WiFi data        01 02 00009000 00006000
[2026-05-23 20:09:39.978] I (29) boot:  1 phy_init         RF data          01 01 0000f000 00001000
[2026-05-23 20:09:39.981] I (29) boot:  2 factory          factory app      00 00 00010000 00100000
[2026-05-23 20:09:39.983] I (30) boot: End of partition table
[2026-05-23 20:09:39.988] I (31) esp_image: segment 0: paddr=00010020 vaddr=3c0a0020 size=19850h (104528) map
[2026-05-23 20:09:39.997] I (48) esp_image: segment 1: paddr=00029878 vaddr=3fc95000 size=02da0h ( 11680) load
[2026-05-23 20:09:40.000] I (51) esp_image: segment 2: paddr=0002c620 vaddr=40380000 size=039f8h ( 14840) load
[2026-05-23 20:09:40.004] I (54) esp_image: segment 3: paddr=00030020 vaddr=42000020 size=990b4h (626868) map
[2026-05-23 20:09:40.010] I (154) esp_image: segment 4: paddr=000c90dc vaddr=403839f8 size=114f8h ( 70904) load
[2026-05-23 20:09:40.013] I (168) esp_image: segment 5: paddr=000da5dc vaddr=50000200 size=0001ch (    28) load
[2026-05-23 20:09:40.019] I (174) boot: Loaded app from partition at offset 0x10000
[2026-05-23 20:09:40.022] I (175) boot: Disabling RNG early entropy source...
[2026-05-23 20:09:40.025] I (176) cpu_start: Unicore app
[2026-05-23 20:09:40.029] I (185) cpu_start: Pro cpu start user code
[2026-05-23 20:09:40.039] I (185) cpu_start: cpu freq: 160000000 Hz
[2026-05-23 20:09:40.045] I (185) app_init: Application information:
[2026-05-23 20:09:40.054] I (185) app_init: Project name:     sensor_acquirer
[2026-05-23 20:09:40.057] I (185) app_init: App version:      v1.0-171-gbbe0783
[2026-05-23 20:09:40.059] I (186) app_init: Compile time:     May 23 2026 14:30:40
[2026-05-23 20:09:40.061] I (186) app_init: ELF file SHA256:  0e7d705e7...
[2026-05-23 20:09:40.062] I (187) app_init: ESP-IDF:          v5.4.1
[2026-05-23 20:09:40.063] I (187) efuse_init: Min chip rev:     v0.3
[2026-05-23 20:09:40.064] I (188) efuse_init: Max chip rev:     v1.99
[2026-05-23 20:09:40.065] I (188) efuse_init: Chip rev:         v0.4
[2026-05-23 20:09:40.066] I (189) heap_init: Initializing. RAM available for dynamic allocation:
[2026-05-23 20:09:40.067] I (190) heap_init: At 3FC9C130 len 00023ED0 (143 KiB): RAM
[2026-05-23 20:09:40.068] I (190) heap_init: At 3FCC0000 len 0001C710 (113 KiB): Retention RAM
[2026-05-23 20:09:40.070] I (191) heap_init: At 3FCDC710 len 00002950 (10 KiB): Retention RAM
[2026-05-23 20:09:40.071] I (192) heap_init: At 5000021C len 00001DCC (7 KiB): RTCRAM
[2026-05-23 20:09:40.072] I (193) spi_flash: detected chip: generic
[2026-05-23 20:09:40.072] I (193) spi_flash: flash io: dio
[2026-05-23 20:09:40.076] W (194) spi_flash: Detected size(4096k) larger than the size in the binary image header(2048k). Using the size in the binary image header.
[2026-05-23 20:09:40.078] I (195) sleep_gpio: Configure to isolate all GPIO pins in sleep state
[2026-05-23 20:09:40.080] I (196) sleep_gpio: Enable automatic switching of GPIO sleep configuration
[2026-05-23 20:09:40.081] I (197) main_task: Started on CPU0
[2026-05-23 20:09:40.082] I (197) main_task: Calling app_main()
[2026-05-23 20:09:40.082] WCAN_CFG_WAIT v=1
# UART boot config sent: wcan v=1 role=sensor transport=MULTICAST test_duration_ms=30000 host_wait_time_ms=5000 base=0xd0 count=3 hz=200 linger=100
[2026-05-23 20:09:40.083] WCAN_CFG_WAIT v=1
[2026-05-23 20:09:42.536] WCAN_CFG_ACK
[2026-05-23 20:09:42.536] WCAN_CFG_ACK
[2026-05-23 20:09:42.541] I (2822) pp: pp rom version: 9387209
[2026-05-23 20:09:42.542] I (2823) net80211: net80211 rom version: 9387209
[2026-05-23 20:09:42.543] I (2824) wifi:wifi driver task: 3fca7594, prio:23, stack:6656, core=0
[2026-05-23 20:09:42.546] I (2828) wifi:wifi firmware version: 79fa3f41ba
[2026-05-23 20:09:42.547] I (2828) wifi:wifi certification version: v7.0
[2026-05-23 20:09:42.548] I (2828) wifi:config NVS flash: enabled
[2026-05-23 20:09:42.549] I (2828) wifi:config nano formatting: disabled
[2026-05-23 20:09:42.550] I (2829) wifi:Init data frame dynamic rx buffer num: 32
[2026-05-23 20:09:42.551] I (2829) wifi:Init static rx mgmt buffer num: 5
[2026-05-23 20:09:42.552] I (2830) wifi:Init management short buffer num: 32
[2026-05-23 20:09:42.553] I (2830) wifi:Init dynamic tx buffer num: 32
[2026-05-23 20:09:42.554] I (2831) wifi:Init static tx FG buffer num: 2
[2026-05-23 20:09:42.555] I (2832) wifi:Init static rx buffer size: 1600
[2026-05-23 20:09:42.556] I (2832) wifi:Init static rx buffer num: 10
[2026-05-23 20:09:42.557] I (2832) wifi:Init dynamic rx buffer num: 32
[2026-05-23 20:09:42.557] I (2834) wifi_init: rx ba win: 6
[2026-05-23 20:09:42.558] I (2834) wifi_init: accept mbox: 6
[2026-05-23 20:09:42.559] I (2834) wifi_init: tcpip mbox: 32
[2026-05-23 20:09:42.559] I (2834) wifi_init: udp mbox: 6
[2026-05-23 20:09:42.560] I (2834) wifi_init: tcp mbox: 6
[2026-05-23 20:09:42.561] I (2835) wifi_init: tcp tx win: 5760
[2026-05-23 20:09:42.561] I (2835) wifi_init: tcp rx win: 5760
[2026-05-23 20:09:42.562] I (2836) wifi_init: tcp mss: 1440
[2026-05-23 20:09:42.563] I (2836) wifi_init: WiFi IRAM OP enabled
[2026-05-23 20:09:42.564] I (2836) wifi_init: WiFi RX IRAM OP enabled
[2026-05-23 20:09:42.565] I (2837) phy_init: phy_version 1200,2b7123f9,Feb 18 2025,15:22:21
[2026-05-23 20:09:42.594] I (2875) wifi:mode : sta (54:32:04:8c:0b:8c)
[2026-05-23 20:09:42.594] I (2876) wifi:enable tsf
[2026-05-23 20:09:42.598] I (2879) ESPNOW: espnow [version: 2.0] init
[2026-05-23 20:09:42.598] WCAN_TEST_READY role=sensor
# Waiting for phased test start
# UART test start sent: WCAN_TEST_START at 2026-05-23T20:09:42.609619
[2026-05-23 20:10:12.945] WCAN_BATCH id=0xd0 count=285 avg_hz=9.52 avg_points=21.00 min_points=21 max_points=21 avg_interval_ms=105.00 min_interval_ms=104.97 max_interval_ms=105.02 avg_dispatch_ms=2.60 max_dispatch_ms=15.73 dispatched_count=285 avg_queue_wait_ms=0.16 max_queue_wait_ms=0.28
[2026-05-23 20:10:12.950] WCAN_BATCH id=0xd1 count=285 avg_hz=9.52 avg_points=21.00 min_points=21 max_points=21 avg_interval_ms=105.00 min_interval_ms=104.94 max_interval_ms=105.04 avg_dispatch_ms=3.56 max_dispatch_ms=12.67 dispatched_count=285 avg_queue_wait_ms=2.82 max_queue_wait_ms=15.94
[2026-05-23 20:10:12.954] WCAN_BATCH id=0xd2 count=285 avg_hz=9.52 avg_points=21.00 min_points=21 max_points=21 avg_interval_ms=105.00 min_interval_ms=104.94 max_interval_ms=105.04 avg_dispatch_ms=4.05 max_dispatch_ms=18.15 dispatched_count=285 avg_queue_wait_ms=6.46 max_queue_wait_ms=19.22
[2026-05-23 20:10:12.955] WCAN_SENSOR_END generated=5998 avg_hz=199.97
[2026-05-23 20:10:12.958] WCAN_MEASURES elapsed_ms=29999 heap_start_free=66296 heap_end_free=77856 heap_start_min_free=66296 heap_end_min_free=64172 heap_start_largest=47104 heap_end_largest=47104 airtime_us_total=2899382 packets_sent_total=855 sensor_send_failures_total=0
[2026-05-23 20:10:12.958] WCAN_TEST_END role=sensor

# Monitor stopped: 2026-05-23T20:10:12.958427
