# Monitor started: 2026-05-23T18:06:05.774632
# Port: /dev/ttyACM1, Baud: 921600, Timeout: 35.000s after WCAN_TEST_START

# UART boot config: wcan v=1 role=sensor transport=BROADCAST test_duration_ms=30000 host_wait_time_ms=5000 base=0xe0 count=1 hz=200 linger=100
[2026-05-23 18:06:05.775] ESP-ROM:esp32c3-api1-20210207
[2026-05-23 18:06:05.775] Build:Feb  7 2021
[2026-05-23 18:06:05.779] rst:0x15 (USB_UART_CHIP_RESET),boot:0xd (SPI_FAST_FLASH_BOOT)
[2026-05-23 18:06:05.782] Saved PC:0x40384eba
[2026-05-23 18:06:05.786] SPIWP:0xee
[2026-05-23 18:06:05.788] mode:DIO, clock div:1
[2026-05-23 18:06:05.790] load:0x3fcd5820,len:0x1574
[2026-05-23 18:06:05.793] load:0x403cc710,len:0xc30
[2026-05-23 18:06:05.797] load:0x403ce710,len:0x2fa0
[2026-05-23 18:06:05.798] entry 0x403cc71a
[2026-05-23 18:06:05.803] I (24) boot: ESP-IDF v5.4.1 2nd stage bootloader
[2026-05-23 18:06:05.805] I (24) boot: compile time May 20 2026 00:05:32
[2026-05-23 18:06:05.810] I (25) boot: chip revision: v0.4
[2026-05-23 18:06:05.811] I (25) boot: efuse block revision: v1.3
[2026-05-23 18:06:05.813] I (25) boot.esp32c3: SPI Speed      : 80MHz
[2026-05-23 18:06:05.818] I (25) boot.esp32c3: SPI Mode       : DIO
[2026-05-23 18:06:05.824] I (26) boot.esp32c3: SPI Flash Size : 2MB
[2026-05-23 18:06:05.827] I (26) boot: Enabling RNG early entropy source...
[2026-05-23 18:06:05.830] I (27) boot: Partition Table:
[2026-05-23 18:06:05.836] I (27) boot: ## Label            Usage          Type ST Offset   Length
[2026-05-23 18:06:05.842] I (28) boot:  0 nvs              WiFi data        01 02 00009000 00006000
[2026-05-23 18:06:05.856] I (29) boot:  1 phy_init         RF data          01 01 0000f000 00001000
[2026-05-23 18:06:05.862] I (29) boot:  2 factory          factory app      00 00 00010000 00100000
[2026-05-23 18:06:05.866] I (30) boot: End of partition table
[2026-05-23 18:06:05.875] I (31) esp_image: segment 0: paddr=00010020 vaddr=3c0a0020 size=1977ch (104316) map
[2026-05-23 18:06:05.878] I (48) esp_image: segment 1: paddr=000297a4 vaddr=3fc95200 size=02da0h ( 11680) load
[2026-05-23 18:06:05.883] I (51) esp_image: segment 2: paddr=0002c54c vaddr=40380000 size=03acch ( 15052) load
[2026-05-23 18:06:05.886] I (54) esp_image: segment 3: paddr=00030020 vaddr=42000020 size=9942ch (627756) map
[2026-05-23 18:06:05.889] I (154) esp_image: segment 4: paddr=000c9454 vaddr=40383acc size=11614h ( 71188) load
[2026-05-23 18:06:05.906] I (168) esp_image: segment 5: paddr=000daa70 vaddr=50000200 size=0001ch (    28) load
[2026-05-23 18:06:05.908] I (175) boot: Loaded app from partition at offset 0x10000
[2026-05-23 18:06:05.911] I (175) boot: Disabling RNG early entropy source...
[2026-05-23 18:06:05.912] I (176) cpu_start: Unicore app
[2026-05-23 18:06:05.913] I (185) cpu_start: Pro cpu start user code
[2026-05-23 18:06:05.917] I (185) cpu_start: cpu freq: 160000000 Hz
[2026-05-23 18:06:05.922] I (185) app_init: Application information:
[2026-05-23 18:06:05.926] I (185) app_init: Project name:     sensor_acquirer
[2026-05-23 18:06:05.928] I (185) app_init: App version:      v1.0-171-gbbe0783
[2026-05-23 18:06:05.932] I (186) app_init: Compile time:     May 23 2026 14:30:31
[2026-05-23 18:06:05.934] I (187) app_init: ELF file SHA256:  493679023...
[2026-05-23 18:06:05.935] I (187) app_init: ESP-IDF:          v5.4.1
[2026-05-23 18:06:05.937] I (188) efuse_init: Min chip rev:     v0.3
[2026-05-23 18:06:05.938] I (188) efuse_init: Max chip rev:     v1.99
[2026-05-23 18:06:05.939] I (189) efuse_init: Chip rev:         v0.4
[2026-05-23 18:06:05.942] I (189) heap_init: Initializing. RAM available for dynamic allocation:
[2026-05-23 18:06:05.946] I (190) heap_init: At 3FC9C340 len 00023CC0 (143 KiB): RAM
[2026-05-23 18:06:05.947] I (190) heap_init: At 3FCC0000 len 0001C710 (113 KiB): Retention RAM
[2026-05-23 18:06:05.948] I (191) heap_init: At 3FCDC710 len 00002950 (10 KiB): Retention RAM
[2026-05-23 18:06:05.949] I (192) heap_init: At 5000021C len 00001DCC (7 KiB): RTCRAM
[2026-05-23 18:06:05.950] I (194) spi_flash: detected chip: generic
[2026-05-23 18:06:05.950] I (194) spi_flash: flash io: dio
[2026-05-23 18:06:05.953] W (194) spi_flash: Detected size(4096k) larger than the size in the binary image header(2048k). Using the size in the binary image header.
[2026-05-23 18:06:05.954] I (196) sleep_gpio: Configure to isolate all GPIO pins in sleep state
[2026-05-23 18:06:05.954] I (196) sleep_gpio: Enable automatic switching of GPIO sleep configuration
[2026-05-23 18:06:05.954] I (197) main_task: Started on CPU0
[2026-05-23 18:06:05.954] I (197) main_task: Calling app_main()
[2026-05-23 18:06:05.955] WCAN_CFG_WAIT v=1
# UART boot config sent: wcan v=1 role=sensor transport=BROADCAST test_duration_ms=30000 host_wait_time_ms=5000 base=0xe0 count=1 hz=200 linger=100
[2026-05-23 18:06:05.955] WCAN_CFG_WAIT v=1
[2026-05-23 18:06:08.396] WCAN_CFG_ACK
[2026-05-23 18:06:08.396] WCAN_CFG_ACK
[2026-05-23 18:06:08.402] I (2824) pp: pp rom version: 9387209
[2026-05-23 18:06:08.407] I (2825) net80211: net80211 rom version: 9387209
[2026-05-23 18:06:08.414] I (2826) wifi:wifi driver task: 3fca7720, prio:23, stack:6656, core=0
[2026-05-23 18:06:08.417] I (2830) wifi:wifi firmware version: 79fa3f41ba
[2026-05-23 18:06:08.422] I (2830) wifi:wifi certification version: v7.0
[2026-05-23 18:06:08.426] I (2830) wifi:config NVS flash: enabled
[2026-05-23 18:06:08.430] I (2830) wifi:config nano formatting: disabled
[2026-05-23 18:06:08.435] I (2831) wifi:Init data frame dynamic rx buffer num: 32
[2026-05-23 18:06:08.440] I (2831) wifi:Init static rx mgmt buffer num: 5
[2026-05-23 18:06:08.442] I (2832) wifi:Init management short buffer num: 32
[2026-05-23 18:06:08.445] I (2832) wifi:Init dynamic tx buffer num: 32
[2026-05-23 18:06:08.447] I (2833) wifi:Init static tx FG buffer num: 2
[2026-05-23 18:06:08.448] I (2833) wifi:Init static rx buffer size: 1600
[2026-05-23 18:06:08.450] I (2834) wifi:Init static rx buffer num: 10
[2026-05-23 18:06:08.452] I (2834) wifi:Init dynamic rx buffer num: 32
[2026-05-23 18:06:08.453] I (2836) wifi_init: rx ba win: 6
[2026-05-23 18:06:08.455] I (2836) wifi_init: accept mbox: 6
[2026-05-23 18:06:08.455] I (2836) wifi_init: tcpip mbox: 32
[2026-05-23 18:06:08.456] I (2836) wifi_init: udp mbox: 6
[2026-05-23 18:06:08.457] I (2836) wifi_init: tcp mbox: 6
[2026-05-23 18:06:08.458] I (2837) wifi_init: tcp tx win: 5760
[2026-05-23 18:06:08.459] I (2837) wifi_init: tcp rx win: 5760
[2026-05-23 18:06:08.460] I (2838) wifi_init: tcp mss: 1440
[2026-05-23 18:06:08.461] I (2838) wifi_init: WiFi IRAM OP enabled
[2026-05-23 18:06:08.461] I (2838) wifi_init: WiFi RX IRAM OP enabled
[2026-05-23 18:06:08.463] I (2839) phy_init: phy_version 1200,2b7123f9,Feb 18 2025,15:22:21
[2026-05-23 18:06:08.464] I (2879) wifi:mode : sta (74:4d:bd:e1:d5:b8)
[2026-05-23 18:06:08.465] I (2879) wifi:enable tsf
[2026-05-23 18:06:08.466] I (2882) ESPNOW: espnow [version: 2.0] init
[2026-05-23 18:06:08.466] WCAN_TEST_READY role=sensor
# Waiting for phased test start
# UART test start sent: WCAN_TEST_START at 2026-05-23T18:06:08.477779
[2026-05-23 18:06:30.558] P(FAIL):24785:e0:203:4263:4283:21
[2026-05-23 18:06:38.845] P(FAIL):33072:e0:282:5922:5942:21
[2026-05-23 18:06:39.645] P(FAIL):33872:e0:283:5943:5963:21
[2026-05-23 18:06:39.782] WCAN_BATCH id=0xe0 count=286 avg_hz=9.52 avg_points=20.98 min_points=14 max_points=21 avg_interval_ms=105.00 min_interval_ms=104.88 max_interval_ms=105.13 avg_dispatch_ms=1.98 max_dispatch_ms=8.94 dispatched_count=289 avg_queue_wait_ms=4.93 max_queue_wait_ms=253.27
[2026-05-23 18:06:39.782] WCAN_SENSOR_END generated=5998 avg_hz=199.97
[2026-05-23 18:06:39.787] WCAN_MEASURES elapsed_ms=29999 heap_start_free=126780 heap_end_free=141568 heap_start_min_free=126680 heap_end_min_free=126340 heap_start_largest=98304 heap_end_largest=98304 airtime_us_total=569437 packets_sent_total=289 sensor_send_failures_total=0
[2026-05-23 18:06:39.787] WCAN_TEST_END role=sensor

# Monitor stopped: 2026-05-23T18:06:39.787808
