# Monitor started: 2026-05-23T15:15:47.424457
# Port: /dev/ttyACM0, Baud: 921600, Timeout: 35.000s after WCAN_TEST_START

# UART boot config: wcan v=1 role=sensor transport=BROADCAST test_duration_ms=30000 host_wait_time_ms=5000 base=0xd0 count=1 hz=750 linger=100
[2026-05-23 15:15:47.434] ESP-ROM:esp32c3-api1-20210207
[2026-05-23 15:15:47.443] Build:Feb  7 2021
[2026-05-23 15:15:47.462] rst:0x15 (USB_UART_CHIP_RESET),boot:0xd (SPI_FAST_FLASH_BOOT)
[2026-05-23 15:15:47.467] Saved PC:0x40384eba
[2026-05-23 15:15:47.471] SPIWP:0xee
[2026-05-23 15:15:47.477] mode:DIO, clock div:1
[2026-05-23 15:15:47.488] load:0x3fcd5820,len:0x1574
[2026-05-23 15:15:47.494] load:0x403cc710,len:0xc30
[2026-05-23 15:15:47.510] load:0x403ce710,len:0x2fa0
[2026-05-23 15:15:47.512] entry 0x403cc71a
[2026-05-23 15:15:47.513] I (24) boot: ESP-IDF v5.4.1 2nd stage bootloader
[2026-05-23 15:15:47.516] I (24) boot: compile time May 20 2026 00:05:32
[2026-05-23 15:15:47.519] I (25) boot: chip revision: v0.4
[2026-05-23 15:15:47.520] I (25) boot: efuse block revision: v1.3
[2026-05-23 15:15:47.521] I (25) boot.esp32c3: SPI Speed      : 80MHz
[2026-05-23 15:15:47.522] I (25) boot.esp32c3: SPI Mode       : DIO
[2026-05-23 15:15:47.523] I (26) boot.esp32c3: SPI Flash Size : 2MB
[2026-05-23 15:15:47.526] I (26) boot: Enabling RNG early entropy source...
[2026-05-23 15:15:47.526] I (27) boot: Partition Table:
[2026-05-23 15:15:47.532] I (27) boot: ## Label            Usage          Type ST Offset   Length
[2026-05-23 15:15:47.537] I (28) boot:  0 nvs              WiFi data        01 02 00009000 00006000
[2026-05-23 15:15:47.551] I (29) boot:  1 phy_init         RF data          01 01 0000f000 00001000
[2026-05-23 15:15:47.557] I (29) boot:  2 factory          factory app      00 00 00010000 00100000
[2026-05-23 15:15:47.560] I (30) boot: End of partition table
[2026-05-23 15:15:47.570] I (31) esp_image: segment 0: paddr=00010020 vaddr=3c0a0020 size=1977ch (104316) map
[2026-05-23 15:15:47.582] I (48) esp_image: segment 1: paddr=000297a4 vaddr=3fc95200 size=02da0h ( 11680) load
[2026-05-23 15:15:47.587] I (51) esp_image: segment 2: paddr=0002c54c vaddr=40380000 size=03acch ( 15052) load
[2026-05-23 15:15:47.595] I (54) esp_image: segment 3: paddr=00030020 vaddr=42000020 size=9942ch (627756) map
[2026-05-23 15:15:47.598] I (154) esp_image: segment 4: paddr=000c9454 vaddr=40383acc size=11614h ( 71188) load
[2026-05-23 15:15:47.601] I (168) esp_image: segment 5: paddr=000daa70 vaddr=50000200 size=0001ch (    28) load
[2026-05-23 15:15:47.608] I (175) boot: Loaded app from partition at offset 0x10000
[2026-05-23 15:15:47.611] I (175) boot: Disabling RNG early entropy source...
[2026-05-23 15:15:47.613] I (176) cpu_start: Unicore app
[2026-05-23 15:15:47.615] I (185) cpu_start: Pro cpu start user code
[2026-05-23 15:15:47.620] I (185) cpu_start: cpu freq: 160000000 Hz
[2026-05-23 15:15:47.622] I (185) app_init: Application information:
[2026-05-23 15:15:47.626] I (185) app_init: Project name:     sensor_acquirer
[2026-05-23 15:15:47.630] I (185) app_init: App version:      v1.0-171-gbbe0783
[2026-05-23 15:15:47.634] I (186) app_init: Compile time:     May 23 2026 14:30:31
[2026-05-23 15:15:47.637] I (186) app_init: ELF file SHA256:  493679023...
[2026-05-23 15:15:47.638] I (187) app_init: ESP-IDF:          v5.4.1
[2026-05-23 15:15:47.638] I (187) efuse_init: Min chip rev:     v0.3
[2026-05-23 15:15:47.639] I (188) efuse_init: Max chip rev:     v1.99
[2026-05-23 15:15:47.640] I (188) efuse_init: Chip rev:         v0.4
[2026-05-23 15:15:47.641] I (189) heap_init: Initializing. RAM available for dynamic allocation:
[2026-05-23 15:15:47.642] I (190) heap_init: At 3FC9C340 len 00023CC0 (143 KiB): RAM
[2026-05-23 15:15:47.643] I (190) heap_init: At 3FCC0000 len 0001C710 (113 KiB): Retention RAM
[2026-05-23 15:15:47.643] I (191) heap_init: At 3FCDC710 len 00002950 (10 KiB): Retention RAM
[2026-05-23 15:15:47.643] I (192) heap_init: At 5000021C len 00001DCC (7 KiB): RTCRAM
[2026-05-23 15:15:47.644] I (193) spi_flash: detected chip: generic
[2026-05-23 15:15:47.644] I (194) spi_flash: flash io: dio
[2026-05-23 15:15:47.645] W (194) spi_flash: Detected size(4096k) larger than the size in the binary image header(2048k). Using the size in the binary image header.
[2026-05-23 15:15:47.645] I (195) sleep_gpio: Configure to isolate all GPIO pins in sleep state
[2026-05-23 15:15:47.645] I (196) sleep_gpio: Enable automatic switching of GPIO sleep configuration
[2026-05-23 15:15:47.646] I (197) main_task: Started on CPU0
[2026-05-23 15:15:47.646] I (197) main_task: Calling app_main()
[2026-05-23 15:15:47.646] WCAN_CFG_WAIT v=1
# UART boot config sent: wcan v=1 role=sensor transport=BROADCAST test_duration_ms=30000 host_wait_time_ms=5000 base=0xd0 count=1 hz=750 linger=100
[2026-05-23 15:15:47.647] WCAN_CFG_WAIT v=1
[2026-05-23 15:15:50.086] WCAN_CFG_ACK
[2026-05-23 15:15:50.087] WCAN_CFG_ACK
[2026-05-23 15:15:50.092] I (2866) pp: pp rom version: 9387209
[2026-05-23 15:15:50.096] I (2867) net80211: net80211 rom version: 9387209
[2026-05-23 15:15:50.102] I (2868) wifi:wifi driver task: 3fca77a4, prio:23, stack:6656, core=0
[2026-05-23 15:15:50.106] I (2872) wifi:wifi firmware version: 79fa3f41ba
[2026-05-23 15:15:50.110] I (2872) wifi:wifi certification version: v7.0
[2026-05-23 15:15:50.113] I (2872) wifi:config NVS flash: enabled
[2026-05-23 15:15:50.117] I (2872) wifi:config nano formatting: disabled
[2026-05-23 15:15:50.122] I (2873) wifi:Init data frame dynamic rx buffer num: 32
[2026-05-23 15:15:50.125] I (2873) wifi:Init static rx mgmt buffer num: 5
[2026-05-23 15:15:50.127] I (2874) wifi:Init management short buffer num: 32
[2026-05-23 15:15:50.129] I (2874) wifi:Init dynamic tx buffer num: 32
[2026-05-23 15:15:50.131] I (2875) wifi:Init static tx FG buffer num: 2
[2026-05-23 15:15:50.132] I (2875) wifi:Init static rx buffer size: 1600
[2026-05-23 15:15:50.134] I (2876) wifi:Init static rx buffer num: 10
[2026-05-23 15:15:50.135] I (2876) wifi:Init dynamic rx buffer num: 32
[2026-05-23 15:15:50.136] I (2877) wifi_init: rx ba win: 6
[2026-05-23 15:15:50.137] I (2878) wifi_init: accept mbox: 6
[2026-05-23 15:15:50.138] I (2878) wifi_init: tcpip mbox: 32
[2026-05-23 15:15:50.139] I (2878) wifi_init: udp mbox: 6
[2026-05-23 15:15:50.140] I (2878) wifi_init: tcp mbox: 6
[2026-05-23 15:15:50.141] I (2879) wifi_init: tcp tx win: 5760
[2026-05-23 15:15:50.142] I (2879) wifi_init: tcp rx win: 5760
[2026-05-23 15:15:50.143] I (2880) wifi_init: tcp mss: 1440
[2026-05-23 15:15:50.144] I (2880) wifi_init: WiFi IRAM OP enabled
[2026-05-23 15:15:50.145] I (2880) wifi_init: WiFi RX IRAM OP enabled
[2026-05-23 15:15:50.146] I (2881) phy_init: phy_version 1200,2b7123f9,Feb 18 2025,15:22:21
[2026-05-23 15:15:50.147] I (2914) wifi:mode : sta (54:32:04:8c:0b:8c)
[2026-05-23 15:15:50.148] I (2914) wifi:enable tsf
[2026-05-23 15:15:50.148] I (2917) ESPNOW: espnow [version: 2.0] init
[2026-05-23 15:15:50.148] WCAN_TEST_READY role=sensor
# Waiting for phased test start
# UART test start sent: WCAN_TEST_START at 2026-05-23T15:15:50.159617
[2026-05-23 15:15:50.964] P(FAIL):3543:d0:0:0:75:76
[2026-05-23 15:15:51.757] P(FAIL):4335:d0:8:608:683:76
[2026-05-23 15:15:52.259] P(FAIL):4837:d0:13:988:1063:76
[2026-05-23 15:15:52.715] P(FAIL):5294:d0:17:1292:1367:76
[2026-05-23 15:15:53.175] P(FAIL):5753:d0:22:1672:1747:76
[2026-05-23 15:15:53.585] P(FAIL):6163:d0:26:1976:2051:76
[2026-05-23 15:15:54.039] P(FAIL):6618:d0:30:2280:2355:76
[2026-05-23 15:15:54.451] P(FAIL):7029:d0:35:2660:2735:76
[2026-05-23 15:15:54.902] P(FAIL):7480:d0:39:2964:3039:76
[2026-05-23 15:15:55.299] P(FAIL):7877:d0:43:3268:3343:76
[2026-05-23 15:15:55.728] P(FAIL):8306:d0:47:3572:3647:76
[2026-05-23 15:15:56.452] P(FAIL):9030:d0:55:4180:4255:76
[2026-05-23 15:15:56.884] P(FAIL):9462:d0:59:4484:4559:76
[2026-05-23 15:15:57.313] P(FAIL):9891:d0:63:4788:4863:76
[2026-05-23 15:15:57.688] P(FAIL):10266:d0:67:5092:5167:76
[2026-05-23 15:15:58.074] P(FAIL):10652:d0:71:5396:5471:76
[2026-05-23 15:15:58.481] P(FAIL):11059:d0:75:5700:5775:76
[2026-05-23 15:15:59.042] P(FAIL):11620:d0:80:6080:6155:76
[2026-05-23 15:15:59.465] P(FAIL):12043:d0:84:6384:6459:76
[2026-05-23 15:16:00.266] P(FAIL):12844:d0:92:6992:7067:76
[2026-05-23 15:16:00.694] P(FAIL):13272:d0:96:7296:7371:76
[2026-05-23 15:16:01.093] P(FAIL):13671:d0:97:7372:7447:76
[2026-05-23 15:16:01.606] P(FAIL):14184:d0:105:7980:8055:76
[2026-05-23 15:16:02.009] P(FAIL):14588:d0:106:8056:8131:76
[2026-05-23 15:16:02.419] P(FAIL):14997:d0:107:8132:8207:76
[2026-05-23 15:16:02.521] S(FAIL):15099:d0:0:8892:8967:76
[2026-05-23 15:16:02.827] P(FAIL):15405:d0:108:8208:8283:76
[2026-05-23 15:16:04.897] P(FAIL):17475:d0:134:10490:10565:76
[2026-05-23 15:16:14.439] P(FAIL):27017:d0:228:17634:17709:76
[2026-05-23 15:16:20.471] P(FAIL):33049:d0:288:22194:22269:76
[2026-05-23 15:16:21.271] P(FAIL):33849:d0:289:22270:22345:76
[2026-05-23 15:16:21.471] WCAN_BATCH id=0xd0 count=293 avg_hz=9.74 avg_points=75.76 min_points=7 max_points=76 avg_interval_ms=102.70 min_interval_ms=101.22 max_interval_ms=407.87 avg_dispatch_ms=4.16 max_dispatch_ms=9.69 dispatched_count=381 avg_queue_wait_ms=126.52 max_queue_wait_ms=1247.19
[2026-05-23 15:16:21.473] WCAN_SENSOR_END generated=22504 avg_hz=750.19
[2026-05-23 15:16:21.474] S(FAIL):34044:d0:0:9044:9273:230
[2026-05-23 15:16:21.477] WCAN_MEASURES elapsed_ms=29999 heap_start_free=126648 heap_end_free=141436 heap_start_min_free=126648 heap_end_min_free=125760 heap_start_largest=98304 heap_end_largest=98304 airtime_us_total=1580805 packets_sent_total=381 sensor_send_failures_total=306
[2026-05-23 15:16:21.477] WCAN_TEST_END role=sensor

# Monitor stopped: 2026-05-23T15:16:21.477557
