# Monitor started: 2026-05-23T19:54:06.280096
# Port: /dev/ttyACM1, Baud: 921600, Timeout: 35.000s after WCAN_TEST_START

# UART boot config: wcan v=1 role=idle transport=MULTICAST test_duration_ms=30000 host_wait_time_ms=5000
[2026-05-23 19:54:06.280] ESP-ROM:esp32c3-api1-20210207
[2026-05-23 19:54:06.281] Build:Feb  7 2021
[2026-05-23 19:54:06.284] rst:0x15 (USB_UART_CHIP_RESET),boot:0xd (SPI_FAST_FLASH_BOOT)
[2026-05-23 19:54:06.285] Saved PC:0x40384eba
[2026-05-23 19:54:06.286] SPIWP:0xee
[2026-05-23 19:54:06.287] mode:DIO, clock div:1
[2026-05-23 19:54:06.291] load:0x3fcd5820,len:0x1574
[2026-05-23 19:54:06.291] load:0x403cc710,len:0xc30
[2026-05-23 19:54:06.292] load:0x403ce710,len:0x2fa0
[2026-05-23 19:54:06.294] entry 0x403cc71a
[2026-05-23 19:54:06.300] I (24) boot: ESP-IDF v5.4.1 2nd stage bootloader
[2026-05-23 19:54:06.302] I (24) boot: compile time May 19 2026 23:41:33
[2026-05-23 19:54:06.304] I (25) boot: chip revision: v0.4
[2026-05-23 19:54:06.309] I (25) boot: efuse block revision: v1.3
[2026-05-23 19:54:06.312] I (25) boot.esp32c3: SPI Speed      : 80MHz
[2026-05-23 19:54:06.313] I (25) boot.esp32c3: SPI Mode       : DIO
[2026-05-23 19:54:06.315] I (26) boot.esp32c3: SPI Flash Size : 2MB
[2026-05-23 19:54:06.316] I (26) boot: Enabling RNG early entropy source...
[2026-05-23 19:54:06.317] I (27) boot: Partition Table:
[2026-05-23 19:54:06.320] I (27) boot: ## Label            Usage          Type ST Offset   Length
[2026-05-23 19:54:06.330] I (28) boot:  0 nvs              WiFi data        01 02 00009000 00006000
[2026-05-23 19:54:06.335] I (29) boot:  1 phy_init         RF data          01 01 0000f000 00001000
[2026-05-23 19:54:06.337] I (29) boot:  2 factory          factory app      00 00 00010000 00100000
[2026-05-23 19:54:06.340] I (30) boot: End of partition table
[2026-05-23 19:54:06.351] I (31) esp_image: segment 0: paddr=00010020 vaddr=3c0a0020 size=19850h (104528) map
[2026-05-23 19:54:06.357] I (48) esp_image: segment 1: paddr=00029878 vaddr=3fc95000 size=02da0h ( 11680) load
[2026-05-23 19:54:06.361] I (51) esp_image: segment 2: paddr=0002c620 vaddr=40380000 size=039f8h ( 14840) load
[2026-05-23 19:54:06.366] I (54) esp_image: segment 3: paddr=00030020 vaddr=42000020 size=990b4h (626868) map
[2026-05-23 19:54:06.371] I (154) esp_image: segment 4: paddr=000c90dc vaddr=403839f8 size=114f8h ( 70904) load
[2026-05-23 19:54:06.375] I (168) esp_image: segment 5: paddr=000da5dc vaddr=50000200 size=0001ch (    28) load
[2026-05-23 19:54:06.385] I (174) boot: Loaded app from partition at offset 0x10000
[2026-05-23 19:54:06.397] I (175) boot: Disabling RNG early entropy source...
[2026-05-23 19:54:06.399] I (176) cpu_start: Unicore app
[2026-05-23 19:54:06.402] I (184) cpu_start: Pro cpu start user code
[2026-05-23 19:54:06.405] I (185) cpu_start: cpu freq: 160000000 Hz
[2026-05-23 19:54:06.408] I (185) app_init: Application information:
[2026-05-23 19:54:06.414] I (185) app_init: Project name:     sensor_acquirer
[2026-05-23 19:54:06.418] I (185) app_init: App version:      v1.0-171-gbbe0783
[2026-05-23 19:54:06.420] I (186) app_init: Compile time:     May 23 2026 14:30:40
[2026-05-23 19:54:06.423] I (186) app_init: ELF file SHA256:  0e7d705e7...
[2026-05-23 19:54:06.424] I (187) app_init: ESP-IDF:          v5.4.1
[2026-05-23 19:54:06.425] I (187) efuse_init: Min chip rev:     v0.3
[2026-05-23 19:54:06.426] I (188) efuse_init: Max chip rev:     v1.99
[2026-05-23 19:54:06.427] I (188) efuse_init: Chip rev:         v0.4
[2026-05-23 19:54:06.428] I (189) heap_init: Initializing. RAM available for dynamic allocation:
[2026-05-23 19:54:06.429] I (190) heap_init: At 3FC9C130 len 00023ED0 (143 KiB): RAM
[2026-05-23 19:54:06.431] I (190) heap_init: At 3FCC0000 len 0001C710 (113 KiB): Retention RAM
[2026-05-23 19:54:06.432] I (191) heap_init: At 3FCDC710 len 00002950 (10 KiB): Retention RAM
[2026-05-23 19:54:06.433] I (192) heap_init: At 5000021C len 00001DCC (7 KiB): RTCRAM
[2026-05-23 19:54:06.433] I (193) spi_flash: detected chip: generic
[2026-05-23 19:54:06.434] I (193) spi_flash: flash io: dio
[2026-05-23 19:54:06.436] W (194) spi_flash: Detected size(4096k) larger than the size in the binary image header(2048k). Using the size in the binary image header.
[2026-05-23 19:54:06.437] I (195) sleep_gpio: Configure to isolate all GPIO pins in sleep state
[2026-05-23 19:54:06.438] I (196) sleep_gpio: Enable automatic switching of GPIO sleep configuration
[2026-05-23 19:54:06.438] I (197) main_task: Started on CPU0
[2026-05-23 19:54:06.439] I (197) main_task: Calling app_main()
[2026-05-23 19:54:06.439] WCAN_CFG_WAIT v=1
# UART boot config sent: wcan v=1 role=idle transport=MULTICAST test_duration_ms=30000 host_wait_time_ms=5000
[2026-05-23 19:54:06.440] WCAN_CFG_WAIT v=1
[2026-05-23 19:54:08.138] WCAN_CFG_ACK
[2026-05-23 19:54:08.138] WCAN_CFG_ACK
[2026-05-23 19:54:08.138] WCAN_TEST_READY role=idle
# Waiting for phased test start
# UART test start sent: WCAN_TEST_START at 2026-05-23T19:54:08.975055
[2026-05-23 19:54:09.276] WCAN_TEST_END role=idle

# Monitor stopped: 2026-05-23T19:54:09.276276
