# Monitor started: 2026-05-23T19:54:06.278315
# Port: /dev/ttyACM0, Baud: 921600, Timeout: 35.000s after WCAN_TEST_START

# UART boot config: wcan v=1 role=sensor transport=MULTICAST test_duration_ms=30000 host_wait_time_ms=5000 base=0xd0 count=3 hz=100 linger=100
[2026-05-23 19:54:06.278] ESP-ROM:esp32c3-api1-20210207
[2026-05-23 19:54:06.278] Build:Feb  7 2021
[2026-05-23 19:54:06.279] rst:0x15 (USB_UART_CHIP_RESET),boot:0xd (SPI_FAST_FLASH_BOOT)
[2026-05-23 19:54:06.279] Saved PC:0x40384eba
[2026-05-23 19:54:06.279] SPIWP:0xee
[2026-05-23 19:54:06.280] mode:DIO, clock div:1
[2026-05-23 19:54:06.281] load:0x3fcd5820,len:0x1574
[2026-05-23 19:54:06.282] load:0x403cc710,len:0xc30
[2026-05-23 19:54:06.283] load:0x403ce710,len:0x2fa0
[2026-05-23 19:54:06.286] entry 0x403cc71a
[2026-05-23 19:54:06.288] I (24) boot: ESP-IDF v5.4.1 2nd stage bootloader
[2026-05-23 19:54:06.292] I (24) boot: compile time May 19 2026 23:41:33
[2026-05-23 19:54:06.298] I (25) boot: chip revision: v0.4
[2026-05-23 19:54:06.306] I (25) boot: efuse block revision: v1.3
[2026-05-23 19:54:06.312] I (25) boot.esp32c3: SPI Speed      : 80MHz
[2026-05-23 19:54:06.314] I (25) boot.esp32c3: SPI Mode       : DIO
[2026-05-23 19:54:06.320] I (26) boot.esp32c3: SPI Flash Size : 2MB
[2026-05-23 19:54:06.323] I (26) boot: Enabling RNG early entropy source...
[2026-05-23 19:54:06.328] I (27) boot: Partition Table:
[2026-05-23 19:54:06.332] I (27) boot: ## Label            Usage          Type ST Offset   Length
[2026-05-23 19:54:06.344] I (28) boot:  0 nvs              WiFi data        01 02 00009000 00006000
[2026-05-23 19:54:06.345] I (29) boot:  1 phy_init         RF data          01 01 0000f000 00001000
[2026-05-23 19:54:06.347] I (29) boot:  2 factory          factory app      00 00 00010000 00100000
[2026-05-23 19:54:06.349] I (30) boot: End of partition table
[2026-05-23 19:54:06.355] I (31) esp_image: segment 0: paddr=00010020 vaddr=3c0a0020 size=19850h (104528) map
[2026-05-23 19:54:06.361] I (48) esp_image: segment 1: paddr=00029878 vaddr=3fc95000 size=02da0h ( 11680) load
[2026-05-23 19:54:06.365] I (51) esp_image: segment 2: paddr=0002c620 vaddr=40380000 size=039f8h ( 14840) load
[2026-05-23 19:54:06.377] I (54) esp_image: segment 3: paddr=00030020 vaddr=42000020 size=990b4h (626868) map
[2026-05-23 19:54:06.382] I (154) esp_image: segment 4: paddr=000c90dc vaddr=403839f8 size=114f8h ( 70904) load
[2026-05-23 19:54:06.384] I (168) esp_image: segment 5: paddr=000da5dc vaddr=50000200 size=0001ch (    28) load
[2026-05-23 19:54:06.385] I (174) boot: Loaded app from partition at offset 0x10000
[2026-05-23 19:54:06.388] I (175) boot: Disabling RNG early entropy source...
[2026-05-23 19:54:06.390] I (176) cpu_start: Unicore app
[2026-05-23 19:54:06.391] I (184) cpu_start: Pro cpu start user code
[2026-05-23 19:54:06.395] I (185) cpu_start: cpu freq: 160000000 Hz
[2026-05-23 19:54:06.397] I (185) app_init: Application information:
[2026-05-23 19:54:06.399] I (185) app_init: Project name:     sensor_acquirer
[2026-05-23 19:54:06.407] I (185) app_init: App version:      v1.0-171-gbbe0783
[2026-05-23 19:54:06.409] I (186) app_init: Compile time:     May 23 2026 14:30:40
[2026-05-23 19:54:06.412] I (186) app_init: ELF file SHA256:  0e7d705e7...
[2026-05-23 19:54:06.414] I (187) app_init: ESP-IDF:          v5.4.1
[2026-05-23 19:54:06.416] I (187) efuse_init: Min chip rev:     v0.3
[2026-05-23 19:54:06.419] I (188) efuse_init: Max chip rev:     v1.99
[2026-05-23 19:54:06.421] I (188) efuse_init: Chip rev:         v0.4
[2026-05-23 19:54:06.424] I (189) heap_init: Initializing. RAM available for dynamic allocation:
[2026-05-23 19:54:06.426] I (190) heap_init: At 3FC9C130 len 00023ED0 (143 KiB): RAM
[2026-05-23 19:54:06.427] I (190) heap_init: At 3FCC0000 len 0001C710 (113 KiB): Retention RAM
[2026-05-23 19:54:06.429] I (191) heap_init: At 3FCDC710 len 00002950 (10 KiB): Retention RAM
[2026-05-23 19:54:06.430] I (192) heap_init: At 5000021C len 00001DCC (7 KiB): RTCRAM
[2026-05-23 19:54:06.430] I (193) spi_flash: detected chip: generic
[2026-05-23 19:54:06.431] I (193) spi_flash: flash io: dio
[2026-05-23 19:54:06.433] W (193) spi_flash: Detected size(4096k) larger than the size in the binary image header(2048k). Using the size in the binary image header.
[2026-05-23 19:54:06.434] I (195) sleep_gpio: Configure to isolate all GPIO pins in sleep state
[2026-05-23 19:54:06.435] I (196) sleep_gpio: Enable automatic switching of GPIO sleep configuration
[2026-05-23 19:54:06.436] I (197) main_task: Started on CPU0
[2026-05-23 19:54:06.436] I (197) main_task: Calling app_main()
[2026-05-23 19:54:06.437] WCAN_CFG_WAIT v=1
# UART boot config sent: wcan v=1 role=sensor transport=MULTICAST test_duration_ms=30000 host_wait_time_ms=5000 base=0xd0 count=3 hz=100 linger=100
[2026-05-23 19:54:06.438] WCAN_CFG_WAIT v=1
[2026-05-23 19:54:08.896] WCAN_CFG_ACK
[2026-05-23 19:54:08.897] WCAN_CFG_ACK
[2026-05-23 19:54:08.901] I (2822) pp: pp rom version: 9387209
[2026-05-23 19:54:08.903] I (2823) net80211: net80211 rom version: 9387209
[2026-05-23 19:54:08.907] I (2824) wifi:wifi driver task: 3fca7594, prio:23, stack:6656, core=0
[2026-05-23 19:54:08.909] I (2828) wifi:wifi firmware version: 79fa3f41ba
[2026-05-23 19:54:08.912] I (2828) wifi:wifi certification version: v7.0
[2026-05-23 19:54:08.916] I (2828) wifi:config NVS flash: enabled
[2026-05-23 19:54:08.918] I (2828) wifi:config nano formatting: disabled
[2026-05-23 19:54:08.920] I (2829) wifi:Init data frame dynamic rx buffer num: 32
[2026-05-23 19:54:08.922] I (2829) wifi:Init static rx mgmt buffer num: 5
[2026-05-23 19:54:08.923] I (2830) wifi:Init management short buffer num: 32
[2026-05-23 19:54:08.924] I (2830) wifi:Init dynamic tx buffer num: 32
[2026-05-23 19:54:08.925] I (2831) wifi:Init static tx FG buffer num: 2
[2026-05-23 19:54:08.926] I (2831) wifi:Init static rx buffer size: 1600
[2026-05-23 19:54:08.927] I (2832) wifi:Init static rx buffer num: 10
[2026-05-23 19:54:08.928] I (2832) wifi:Init dynamic rx buffer num: 32
[2026-05-23 19:54:08.928] I (2833) wifi_init: rx ba win: 6
[2026-05-23 19:54:08.928] I (2834) wifi_init: accept mbox: 6
[2026-05-23 19:54:08.929] I (2834) wifi_init: tcpip mbox: 32
[2026-05-23 19:54:08.929] I (2834) wifi_init: udp mbox: 6
[2026-05-23 19:54:08.930] I (2834) wifi_init: tcp mbox: 6
[2026-05-23 19:54:08.930] I (2835) wifi_init: tcp tx win: 5760
[2026-05-23 19:54:08.931] I (2835) wifi_init: tcp rx win: 5760
[2026-05-23 19:54:08.931] I (2836) wifi_init: tcp mss: 1440
[2026-05-23 19:54:08.932] I (2836) wifi_init: WiFi IRAM OP enabled
[2026-05-23 19:54:08.932] I (2836) wifi_init: WiFi RX IRAM OP enabled
[2026-05-23 19:54:08.933] I (2837) phy_init: phy_version 1200,2b7123f9,Feb 18 2025,15:22:21
[2026-05-23 19:54:08.949] I (2870) wifi:mode : sta (54:32:04:8c:0b:8c)
[2026-05-23 19:54:08.950] I (2871) wifi:enable tsf
[2026-05-23 19:54:08.953] I (2874) ESPNOW: espnow [version: 2.0] init
[2026-05-23 19:54:08.954] WCAN_TEST_READY role=sensor
# Waiting for phased test start
# UART test start sent: WCAN_TEST_START at 2026-05-23T19:54:08.965172
[2026-05-23 19:54:39.299] WCAN_BATCH id=0xd0 count=272 avg_hz=9.09 avg_points=11.00 min_points=11 max_points=11 avg_interval_ms=110.00 min_interval_ms=109.94 max_interval_ms=110.05 avg_dispatch_ms=2.14 max_dispatch_ms=7.60 dispatched_count=272 avg_queue_wait_ms=0.13 max_queue_wait_ms=0.26
[2026-05-23 19:54:39.304] WCAN_BATCH id=0xd1 count=272 avg_hz=9.09 avg_points=11.00 min_points=11 max_points=11 avg_interval_ms=110.00 min_interval_ms=109.93 max_interval_ms=110.08 avg_dispatch_ms=1.90 max_dispatch_ms=8.48 dispatched_count=272 avg_queue_wait_ms=2.32 max_queue_wait_ms=7.78
[2026-05-23 19:54:39.309] WCAN_BATCH id=0xd2 count=272 avg_hz=9.09 avg_points=11.00 min_points=11 max_points=11 avg_interval_ms=110.00 min_interval_ms=109.93 max_interval_ms=110.08 avg_dispatch_ms=1.85 max_dispatch_ms=6.83 dispatched_count=272 avg_queue_wait_ms=4.28 max_queue_wait_ms=10.52
[2026-05-23 19:54:39.310] WCAN_SENSOR_END generated=2998 avg_hz=99.97
[2026-05-23 19:54:39.314] WCAN_MEASURES elapsed_ms=29999 heap_start_free=66296 heap_end_free=78076 heap_start_min_free=66296 heap_end_min_free=65984 heap_start_largest=47104 heap_end_largest=47104 airtime_us_total=1590255 packets_sent_total=816 sensor_send_failures_total=0
[2026-05-23 19:54:39.315] WCAN_TEST_END role=sensor

# Monitor stopped: 2026-05-23T19:54:39.315298
