# Monitor started: 2026-05-14T13:52:45.251128
# Port: /dev/ttyACM1, Baud: 921600, Duration: 30s

# UART boot config: wcan v=1 role=idle transport=MULTICAST
[2026-05-14 13:52:45.253] ESP-ROM:esp32c3-api1-20210207
[2026-05-14 13:52:45.256] Build:Feb  7 2021
[2026-05-14 13:52:45.268] rst:0x15 (USB_UART_CHIP_RESET),boot:0xd (SPI_FAST_FLASH_BOOT)
[2026-05-14 13:52:45.271] Saved PC:0x40384eae
[2026-05-14 13:52:45.274] SPIWP:0xee
[2026-05-14 13:52:45.275] mode:DIO, clock div:1
[2026-05-14 13:52:45.278] load:0x3fcd5820,len:0x1574
[2026-05-14 13:52:45.280] load:0x403cc710,len:0xc30
[2026-05-14 13:52:45.284] load:0x403ce710,len:0x2fa0
[2026-05-14 13:52:45.287] entry 0x403cc71a
[2026-05-14 13:52:45.290] I (24) boot: ESP-IDF v5.4.1 2nd stage bootloader
[2026-05-14 13:52:45.294] I (24) boot: compile time May 14 2026 13:41:10
[2026-05-14 13:52:45.297] I (24) boot: chip revision: v0.4
[2026-05-14 13:52:45.300] I (25) boot: efuse block revision: v1.3
[2026-05-14 13:52:45.303] I (25) boot.esp32c3: SPI Speed      : 80MHz
[2026-05-14 13:52:45.306] I (25) boot.esp32c3: SPI Mode       : DIO
[2026-05-14 13:52:45.308] I (26) boot.esp32c3: SPI Flash Size : 2MB
[2026-05-14 13:52:45.311] I (26) boot: Enabling RNG early entropy source...
[2026-05-14 13:52:45.313] I (27) boot: Partition Table:
[2026-05-14 13:52:45.316] I (27) boot: ## Label            Usage          Type ST Offset   Length
[2026-05-14 13:52:45.320] I (28) boot:  0 nvs              WiFi data        01 02 00009000 00006000
[2026-05-14 13:52:45.327] I (29) boot:  1 phy_init         RF data          01 01 0000f000 00001000
[2026-05-14 13:52:45.329] I (29) boot:  2 factory          factory app      00 00 00010000 00100000
[2026-05-14 13:52:45.330] I (30) boot: End of partition table
[2026-05-14 13:52:45.332] I (31) esp_image: segment 0: paddr=00010020 vaddr=3c0a0020 size=1a290h (107152) map
[2026-05-14 13:52:45.335] I (49) esp_image: segment 1: paddr=0002a2b8 vaddr=3fc95400 size=02db0h ( 11696) load
[2026-05-14 13:52:45.338] I (51) esp_image: segment 2: paddr=0002d070 vaddr=40380000 size=02fa8h ( 12200) load
[2026-05-14 13:52:45.339] I (54) esp_image: segment 3: paddr=00030020 vaddr=42000020 size=94b54h (609108) map
[2026-05-14 13:52:45.340] I (151) esp_image: segment 4: paddr=000c4b7c vaddr=40382fa8 size=12404h ( 74756) load
[2026-05-14 13:52:45.341] I (165) esp_image: segment 5: paddr=000d6f88 vaddr=50000200 size=0001ch (    28) load
[2026-05-14 13:52:45.344] I (172) boot: Loaded app from partition at offset 0x10000
[2026-05-14 13:52:45.345] I (172) boot: Disabling RNG early entropy source...
[2026-05-14 13:52:45.345] I (174) cpu_start: Unicore app
[2026-05-14 13:52:45.348] I (183) cpu_start: Pro cpu start user code
[2026-05-14 13:52:45.349] I (183) cpu_start: cpu freq: 160000000 Hz
[2026-05-14 13:52:45.350] I (183) app_init: Application information:
[2026-05-14 13:52:45.352] I (183) app_init: Project name:     sensor_acquirer
[2026-05-14 13:52:45.352] I (183) app_init: App version:      v1.0-62-g249db07-dirty
[2026-05-14 13:52:45.353] I (184) app_init: Compile time:     May 14 2026 13:41:02
[2026-05-14 13:52:45.355] I (184) app_init: ELF file SHA256:  79702dda8...
[2026-05-14 13:52:45.356] I (185) app_init: ESP-IDF:          v5.4.1
[2026-05-14 13:52:45.357] I (185) efuse_init: Min chip rev:     v0.3
[2026-05-14 13:52:45.359] I (186) efuse_init: Max chip rev:     v1.99
[2026-05-14 13:52:45.360] I (186) efuse_init: Chip rev:         v0.4
[2026-05-14 13:52:45.362] I (187) heap_init: Initializing. RAM available for dynamic allocation:
[2026-05-14 13:52:45.364] I (188) heap_init: At 3FC9CFB0 len 00023050 (140 KiB): RAM
[2026-05-14 13:52:45.365] I (188) heap_init: At 3FCC0000 len 0001C710 (113 KiB): Retention RAM
[2026-05-14 13:52:45.366] I (189) heap_init: At 3FCDC710 len 00002950 (10 KiB): Retention RAM
[2026-05-14 13:52:45.368] I (190) heap_init: At 5000021C len 00001DCC (7 KiB): RTCRAM
[2026-05-14 13:52:45.369] I (191) spi_flash: detected chip: generic
[2026-05-14 13:52:45.370] I (192) spi_flash: flash io: dio
[2026-05-14 13:52:45.373] W (192) spi_flash: Detected size(4096k) larger than the size in the binary image header(2048k). Using the size in the binary image header.
[2026-05-14 13:52:45.374] I (193) sleep_gpio: Configure to isolate all GPIO pins in sleep state
[2026-05-14 13:52:45.377] I (194) sleep_gpio: Enable automatic switching of GPIO sleep configuration
[2026-05-14 13:52:45.379] I (195) main_task: Started on CPU0
[2026-05-14 13:52:45.381] I (195) main_task: Calling app_main()
[2026-05-14 13:52:45.381] I (195) BOOT_TS: us=5197
[2026-05-14 13:52:45.382] I (196) BOOT_CONFIG: waiting for UART config
[2026-05-14 13:52:45.387] WCAN_CFG_WAIT v=1
# UART boot config sent: wcan v=1 role=idle transport=MULTICAST
[2026-05-14 13:52:45.388] WCAN_CFG_WAIT v=1
[2026-05-14 13:52:46.149] I (1097) BOOT_CONFIG: accepted role=idle transport=MULTICAST
[2026-05-14 13:52:46.150] WCAN_CFG_ACK
# Waiting for coordinated capture start
[2026-05-14 13:52:46.161] WCAN_CFG_ACK
[2026-05-14 13:52:46.184] I (1097) MAIN: IDLE mode - stopping before NVS/Wi-Fi initialization
[2026-05-14 13:52:46.198] I (1097) main_task: Returned from app_main()

# Monitor stopped: 2026-05-14T13:53:16.232376
