# Monitor started: 2026-04-22T17:57:59.262238
# Port: COM21, Baud: 115200, Duration: 30s

[2026-04-22 17:57:59.266] size=�ets Jul 29 2019 12:21:46
[2026-04-22 17:57:59.266] 
[2026-04-22 17:57:59.270] rst:0x1 (POWERON_RESET),boot:0x13 (SPI_FAST_FLASH_BOOT)
[2026-04-22 17:57:59.271] configsip: 0, SPIWP:0xee
[2026-04-22 17:57:59.273] clk_drv:0x00,q_drv:0x00,d_drv:0x00,cs0_drv:0x00,hd_drv:0x00,wp_drv:0x00
[2026-04-22 17:57:59.276] mode:DIO, clock div:2
[2026-04-22 17:57:59.279] load:0x3fff0030,len:6276
[2026-04-22 17:57:59.283] load:0x40078000,len:15748
[2026-04-22 17:57:59.286] load:0x40080400,len:4
[2026-04-22 17:57:59.288] ho 8 tail 4 room 4
[2026-04-22 17:57:59.291] load:0x40080404,len:3860
[2026-04-22 17:57:59.293] entry 0x4008063c
[2026-04-22 17:57:59.299] I (31) boot: ESP-IDF v5.4.1 2nd stage bootloader
[2026-04-22 17:57:59.306] I (31) boot: compile time Apr 22 2026 16:40:53
[2026-04-22 17:57:59.310] I (31) boot: Multicore bootloader
[2026-04-22 17:57:59.314] I (32) boot: chip revision: v3.1
[2026-04-22 17:57:59.319] I (35) boot.esp32: SPI Speed      : 40MHz
[2026-04-22 17:57:59.324] I (39) boot.esp32: SPI Mode       : DIO
[2026-04-22 17:57:59.329] I (43) boot.esp32: SPI Flash Size : 2MB
[2026-04-22 17:57:59.335] I (46) boot: Enabling RNG early entropy source...
[2026-04-22 17:57:59.339] I (51) boot: Partition Table:
[2026-04-22 17:57:59.349] I (53) boot: ## Label            Usage          Type ST Offset   Length
[2026-04-22 17:57:59.357] I (60) boot:  0 nvs              WiFi data        01 02 00009000 00006000
[2026-04-22 17:57:59.366] I (66) boot:  1 phy_init         RF data          01 01 0000f000 00001000
[2026-04-22 17:57:59.374] I (73) boot:  2 factory          factory app      00 00 00010000 00100000
[2026-04-22 17:57:59.378] I (79) boot: End of partition table
[2026-04-22 17:57:59.387] I (82) esp_image: segment 0: paddr=00010020 vaddr=3f400020 size=18654h ( 99924) map
[2026-04-22 17:57:59.396] I (124) esp_image: segment 1: paddr=0002867c vaddr=3ff80000 size=0001ch (    28) load
[2026-04-22 17:57:59.403] I (124) esp_image: segment 2: paddr=000286a0 vaddr=3ffb0000 size=03ea8h ( 16040) load
[2026-04-22 17:57:59.413] I (134) esp_image: segment 3: paddr=0002c550 vaddr=40080000 size=03ac8h ( 15048) load
[2026-04-22 17:57:59.423] I (141) esp_image: segment 4: paddr=00030020 vaddr=400d0020 size=7ff84h (524164) map
[2026-04-22 17:57:59.432] I (322) esp_image: segment 5: paddr=000affac vaddr=40083ac8 size=14260h ( 82528) load
[2026-04-22 17:57:59.440] I (366) boot: Loaded app from partition at offset 0x10000
[2026-04-22 17:57:59.446] I (366) boot: Disabling RNG early entropy source...
[2026-04-22 17:57:59.450] I (376) cpu_start: Multicore app
[2026-04-22 17:57:59.455] I (385) cpu_start: Pro cpu start user code
[2026-04-22 17:57:59.460] I (385) cpu_start: cpu freq: 160000000 Hz
[2026-04-22 17:57:59.465] I (385) app_init: Application information:
[2026-04-22 17:57:59.472] I (385) app_init: Project name:     sensor_acquirer
[2026-04-22 17:57:59.477] I (389) app_init: App version:      e468f2b-dirty
[2026-04-22 17:57:59.485] I (394) app_init: Compile time:     Apr 22 2026 16:39:58
[2026-04-22 17:57:59.491] I (399) app_init: ELF file SHA256:  91b0c478b...
[2026-04-22 17:57:59.493] I (403) app_init: ESP-IDF:          v5.4.1
[2026-04-22 17:57:59.498] I (407) efuse_init: Min chip rev:     v0.0
[2026-04-22 17:57:59.503] I (411) efuse_init: Max chip rev:     v3.99
[2026-04-22 17:57:59.508] I (415) efuse_init: Chip rev:         v3.1
[2026-04-22 17:57:59.515] I (419) heap_init: Initializing. RAM available for dynamic allocation:
[2026-04-22 17:57:59.523] I (425) heap_init: At 3FFAE6E0 len 00001920 (6 KiB): DRAM
[2026-04-22 17:57:59.530] I (430) heap_init: At 3FFB82B8 len 00027D48 (159 KiB): DRAM
[2026-04-22 17:57:59.536] I (435) heap_init: At 3FFE0440 len 00003AE0 (14 KiB): D/IRAM
[2026-04-22 17:57:59.543] I (441) heap_init: At 3FFE4350 len 0001BCB0 (111 KiB): D/IRAM
[2026-04-22 17:57:59.549] I (446) heap_init: At 40097D28 len 000082D8 (32 KiB): IRAM
[2026-04-22 17:57:59.555] I (453) spi_flash: detected chip: generic
[2026-04-22 17:57:59.560] I (455) spi_flash: flash io: dio
[2026-04-22 17:57:59.578] W (458) spi_flash: Detected size(4096k) larger than the size in the binary image header(2048k). Using the size in the binary image header.
[2026-04-22 17:57:59.583] I (471) main_task: Started on CPU0
[2026-04-22 17:57:59.589] I (481) main_task: Calling app_main()
[2026-04-22 17:57:59.594] I (491) MAIN: MAC: f4:2d:c9:7a:5d:10
[2026-04-22 17:57:59.600] I (501) wifi:wifi driver task: 3ffc0700, prio:23, stack:6656, core=0
[2026-04-22 17:57:59.603] I (501) wifi:wifi firmware version: 79fa3f41ba
[2026-04-22 17:57:59.608] I (501) wifi:wifi certification version: v7.0
[2026-04-22 17:57:59.614] I (501) wifi:config NVS flash: enabled
[2026-04-22 17:57:59.618] I (501) wifi:config nano formatting: disabled
[2026-04-22 17:57:59.624] I (511) wifi:Init data frame dynamic rx buffer num: 32
[2026-04-22 17:57:59.629] I (511) wifi:Init static rx mgmt buffer num: 5
[2026-04-22 17:57:59.635] I (521) wifi:Init management short buffer num: 32
[2026-04-22 17:57:59.641] I (521) wifi:Init dynamic tx buffer num: 32
[2026-04-22 17:57:59.646] I (521) wifi:Init static rx buffer size: 1600
[2026-04-22 17:57:59.651] I (531) wifi:Init static rx buffer num: 10
[2026-04-22 17:57:59.656] I (531) wifi:Init dynamic rx buffer num: 32
[2026-04-22 17:57:59.659] I (541) wifi_init: rx ba win: 6
[2026-04-22 17:57:59.663] I (541) wifi_init: accept mbox: 6
[2026-04-22 17:57:59.667] I (541) wifi_init: tcpip mbox: 32
[2026-04-22 17:57:59.671] I (541) wifi_init: udp mbox: 6
[2026-04-22 17:57:59.675] I (551) wifi_init: tcp mbox: 6
[2026-04-22 17:57:59.679] I (551) wifi_init: tcp tx win: 5760
[2026-04-22 17:57:59.686] I (551) wifi_init: tcp rx win: 5760
[2026-04-22 17:57:59.691] I (561) wifi_init: tcp mss: 1440
[2026-04-22 17:57:59.699] I (561) wifi_init: WiFi IRAM OP enabled
[2026-04-22 17:57:59.705] I (561) wifi_init: WiFi RX IRAM OP enabled
[2026-04-22 17:57:59.712] I (571) phy_init: phy_version 4860,6b7a6e5,Feb  6 2025,14:47:07
[2026-04-22 17:57:59.718] I (661) wifi:mode : softAP (f4:2d:c9:7a:5d:11)
[2026-04-22 17:57:59.725] I (661) wifi:Total power save buffer number: 16
[2026-04-22 17:57:59.733] I (661) wifi:Init max length of beacon: 752/752
[2026-04-22 17:57:59.739] I (661) wifi:Init max length of beacon: 752/752
[2026-04-22 17:57:59.745] I (671) MAIN: WiFi initialized
[2026-04-22 17:57:59.752] I (671) MAIN: SENSOR mode — CAN ID: 0x5d10
[2026-04-22 17:57:59.758] I (671) ESPNOW: espnow [version: 2.0] init
[2026-04-22 17:57:59.764] I (681) SEND: Send processing task started
[2026-04-22 17:57:59.770] I (681) RECV: Receive processing task started
[2026-04-22 17:57:59.772] I (691) WCAN: WCAN initialized
[2026-04-22 17:57:59.776] I (691) ReadDataTask: ReadDataTask started with CAN ID 0x5d10
[2026-04-22 17:57:59.780] I (691) ReadDataTask: Sent counter=0
[2026-04-22 17:57:59.783] I (701) main_task: Returned from app_main()
[2026-04-22 17:58:00.455] I (1701) ReadDataTask: Sent counter=1
[2026-04-22 17:58:01.454] I (2701) ReadDataTask: Sent counter=2
[2026-04-22 17:58:02.454] I (3701) ReadDataTask: Sent counter=3
[2026-04-22 17:58:03.455] I (4701) ReadDataTask: Sent counter=4
[2026-04-22 17:58:04.454] I (5701) ReadDataTask: Sent counter=5
[2026-04-22 17:58:05.455] I (6701) ReadDataTask: Sent counter=6
[2026-04-22 17:58:06.454] I (7701) ReadDataTask: Sent counter=7
[2026-04-22 17:58:07.454] I (8701) ReadDataTask: Sent counter=8
[2026-04-22 17:58:08.455] I (9701) ReadDataTask: Sent counter=9
[2026-04-22 17:58:09.455] I (10701) ReadDataTask: Sent counter=10
[2026-04-22 17:58:10.455] I (11701) ReadDataTask: Sent counter=11
[2026-04-22 17:58:11.455] I (12701) ReadDataTask: Sent counter=12
[2026-04-22 17:58:12.455] I (13701) ReadDataTask: Sent counter=13
[2026-04-22 17:58:13.454] I (14701) ReadDataTask: Sent counter=14
[2026-04-22 17:58:14.455] I (15701) ReadDataTask: Sent counter=15
[2026-04-22 17:58:15.455] I (16701) ReadDataTask: Sent counter=16
[2026-04-22 17:58:16.455] I (17701) ReadDataTask: Sent counter=17
[2026-04-22 17:58:17.455] I (18701) ReadDataTask: Sent counter=18
[2026-04-22 17:58:18.455] I (19701) ReadDataTask: Sent counter=19
[2026-04-22 17:58:19.455] I (20701) ReadDataTask: Sent counter=20
[2026-04-22 17:58:20.455] I (21701) ReadDataTask: Sent counter=21
[2026-04-22 17:58:21.455] I (22701) ReadDataTask: Sent counter=22
[2026-04-22 17:58:22.455] I (23701) ReadDataTask: Sent counter=23
[2026-04-22 17:58:23.456] I (24701) ReadDataTask: Sent counter=24
[2026-04-22 17:58:24.456] I (25701) ReadDataTask: Sent counter=25
[2026-04-22 17:58:25.455] I (26701) ReadDataTask: Sent counter=26
[2026-04-22 17:58:26.456] I (27701) ReadDataTask: Sent counter=27
[2026-04-22 17:58:27.456] I (28701) ReadDataTask: Sent counter=28
[2026-04-22 17:58:28.455] I (29701) ReadDataTask: Sent counter=29
[2026-04-22 17:58:29.455] I (30701) ReadDataTask: Sent counter=30

# Monitor stopped: 2026-04-22T17:58:29.455762
