# Monitor started: 2026-05-23T18:15:21.304999
# Port: /dev/ttyACM0, Baud: 921600, Timeout: 35.000s after WCAN_TEST_START

# UART boot config: wcan v=1 role=sensor transport=BROADCAST test_duration_ms=30000 host_wait_time_ms=5000 base=0xd0 count=1 hz=750 linger=100
[2026-05-23 18:15:21.312] ESP-ROM:esp32c3-api1-20210207
[2026-05-23 18:15:21.323] Build:Feb  7 2021
[2026-05-23 18:15:21.351] rst:0x15 (USB_UART_CHIP_RESET),boot:0xd (SPI_FAST_FLASH_BOOT)
[2026-05-23 18:15:21.354] Saved PC:0x40384eba
[2026-05-23 18:15:21.356] SPIWP:0xee
[2026-05-23 18:15:21.359] mode:DIO, clock div:1
[2026-05-23 18:15:21.364] load:0x3fcd5820,len:0x1574
[2026-05-23 18:15:21.366] load:0x403cc710,len:0xc30
[2026-05-23 18:15:21.375] load:0x403ce710,len:0x2fa0
[2026-05-23 18:15:21.375] entry 0x403cc71a
[2026-05-23 18:15:21.379] I (24) boot: ESP-IDF v5.4.1 2nd stage bootloader
[2026-05-23 18:15:21.383] I (24) boot: compile time May 20 2026 00:05:32
[2026-05-23 18:15:21.386] I (25) boot: chip revision: v0.4
[2026-05-23 18:15:21.387] I (25) boot: efuse block revision: v1.3
[2026-05-23 18:15:21.391] I (25) boot.esp32c3: SPI Speed      : 80MHz
[2026-05-23 18:15:21.396] I (25) boot.esp32c3: SPI Mode       : DIO
[2026-05-23 18:15:21.403] I (26) boot.esp32c3: SPI Flash Size : 2MB
[2026-05-23 18:15:21.408] I (26) boot: Enabling RNG early entropy source...
[2026-05-23 18:15:21.417] I (27) boot: Partition Table:
[2026-05-23 18:15:21.421] I (27) boot: ## Label            Usage          Type ST Offset   Length
[2026-05-23 18:15:21.431] I (28) boot:  0 nvs              WiFi data        01 02 00009000 00006000
[2026-05-23 18:15:21.437] I (29) boot:  1 phy_init         RF data          01 01 0000f000 00001000
[2026-05-23 18:15:21.439] I (29) boot:  2 factory          factory app      00 00 00010000 00100000
[2026-05-23 18:15:21.446] I (30) boot: End of partition table
[2026-05-23 18:15:21.450] I (31) esp_image: segment 0: paddr=00010020 vaddr=3c0a0020 size=1977ch (104316) map
[2026-05-23 18:15:21.455] I (48) esp_image: segment 1: paddr=000297a4 vaddr=3fc95200 size=02da0h ( 11680) load
[2026-05-23 18:15:21.459] I (51) esp_image: segment 2: paddr=0002c54c vaddr=40380000 size=03acch ( 15052) load
[2026-05-23 18:15:21.469] I (54) esp_image: segment 3: paddr=00030020 vaddr=42000020 size=9942ch (627756) map
[2026-05-23 18:15:21.473] I (154) esp_image: segment 4: paddr=000c9454 vaddr=40383acc size=11614h ( 71188) load
[2026-05-23 18:15:21.477] I (168) esp_image: segment 5: paddr=000daa70 vaddr=50000200 size=0001ch (    28) load
[2026-05-23 18:15:21.478] I (175) boot: Loaded app from partition at offset 0x10000
[2026-05-23 18:15:21.482] I (175) boot: Disabling RNG early entropy source...
[2026-05-23 18:15:21.484] I (176) cpu_start: Unicore app
[2026-05-23 18:15:21.485] I (185) cpu_start: Pro cpu start user code
[2026-05-23 18:15:21.488] I (185) cpu_start: cpu freq: 160000000 Hz
[2026-05-23 18:15:21.489] I (185) app_init: Application information:
[2026-05-23 18:15:21.490] I (185) app_init: Project name:     sensor_acquirer
[2026-05-23 18:15:21.491] I (185) app_init: App version:      v1.0-171-gbbe0783
[2026-05-23 18:15:21.492] I (186) app_init: Compile time:     May 23 2026 14:30:31
[2026-05-23 18:15:21.493] I (187) app_init: ELF file SHA256:  493679023...
[2026-05-23 18:15:21.494] I (187) app_init: ESP-IDF:          v5.4.1
[2026-05-23 18:15:21.494] I (188) efuse_init: Min chip rev:     v0.3
[2026-05-23 18:15:21.495] I (188) efuse_init: Max chip rev:     v1.99
[2026-05-23 18:15:21.496] I (189) efuse_init: Chip rev:         v0.4
[2026-05-23 18:15:21.497] I (189) heap_init: Initializing. RAM available for dynamic allocation:
[2026-05-23 18:15:21.498] I (190) heap_init: At 3FC9C340 len 00023CC0 (143 KiB): RAM
[2026-05-23 18:15:21.500] I (190) heap_init: At 3FCC0000 len 0001C710 (113 KiB): Retention RAM
[2026-05-23 18:15:21.501] I (191) heap_init: At 3FCDC710 len 00002950 (10 KiB): Retention RAM
[2026-05-23 18:15:21.502] I (192) heap_init: At 5000021C len 00001DCC (7 KiB): RTCRAM
[2026-05-23 18:15:21.503] I (194) spi_flash: detected chip: generic
[2026-05-23 18:15:21.503] I (194) spi_flash: flash io: dio
[2026-05-23 18:15:21.506] W (194) spi_flash: Detected size(4096k) larger than the size in the binary image header(2048k). Using the size in the binary image header.
[2026-05-23 18:15:21.507] I (195) sleep_gpio: Configure to isolate all GPIO pins in sleep state
[2026-05-23 18:15:21.508] I (196) sleep_gpio: Enable automatic switching of GPIO sleep configuration
[2026-05-23 18:15:21.509] I (197) main_task: Started on CPU0
[2026-05-23 18:15:21.510] I (197) main_task: Calling app_main()
[2026-05-23 18:15:21.510] WCAN_CFG_WAIT v=1
# UART boot config sent: wcan v=1 role=sensor transport=BROADCAST test_duration_ms=30000 host_wait_time_ms=5000 base=0xd0 count=1 hz=750 linger=100
[2026-05-23 18:15:21.511] WCAN_CFG_WAIT v=1
[2026-05-23 18:15:23.963] WCAN_CFG_ACK
[2026-05-23 18:15:23.964] WCAN_CFG_ACK
[2026-05-23 18:15:23.968] I (2862) pp: pp rom version: 9387209
[2026-05-23 18:15:23.972] I (2863) net80211: net80211 rom version: 9387209
[2026-05-23 18:15:23.978] I (2864) wifi:wifi driver task: 3fca77a4, prio:23, stack:6656, core=0
[2026-05-23 18:15:23.981] I (2868) wifi:wifi firmware version: 79fa3f41ba
[2026-05-23 18:15:23.985] I (2868) wifi:wifi certification version: v7.0
[2026-05-23 18:15:23.988] I (2868) wifi:config NVS flash: enabled
[2026-05-23 18:15:23.992] I (2868) wifi:config nano formatting: disabled
[2026-05-23 18:15:23.996] I (2869) wifi:Init data frame dynamic rx buffer num: 32
[2026-05-23 18:15:23.999] I (2869) wifi:Init static rx mgmt buffer num: 5
[2026-05-23 18:15:24.002] I (2870) wifi:Init management short buffer num: 32
[2026-05-23 18:15:24.004] I (2870) wifi:Init dynamic tx buffer num: 32
[2026-05-23 18:15:24.006] I (2871) wifi:Init static tx FG buffer num: 2
[2026-05-23 18:15:24.008] I (2871) wifi:Init static rx buffer size: 1600
[2026-05-23 18:15:24.010] I (2872) wifi:Init static rx buffer num: 10
[2026-05-23 18:15:24.011] I (2872) wifi:Init dynamic rx buffer num: 32
[2026-05-23 18:15:24.012] I (2874) wifi_init: rx ba win: 6
[2026-05-23 18:15:24.013] I (2874) wifi_init: accept mbox: 6
[2026-05-23 18:15:24.014] I (2874) wifi_init: tcpip mbox: 32
[2026-05-23 18:15:24.015] I (2874) wifi_init: udp mbox: 6
[2026-05-23 18:15:24.015] I (2874) wifi_init: tcp mbox: 6
[2026-05-23 18:15:24.016] I (2875) wifi_init: tcp tx win: 5760
[2026-05-23 18:15:24.017] I (2875) wifi_init: tcp rx win: 5760
[2026-05-23 18:15:24.018] I (2876) wifi_init: tcp mss: 1440
[2026-05-23 18:15:24.019] I (2876) wifi_init: WiFi IRAM OP enabled
[2026-05-23 18:15:24.020] I (2876) wifi_init: WiFi RX IRAM OP enabled
[2026-05-23 18:15:24.021] I (2877) phy_init: phy_version 1200,2b7123f9,Feb 18 2025,15:22:21
[2026-05-23 18:15:24.022] I (2913) wifi:mode : sta (54:32:04:8c:0b:8c)
[2026-05-23 18:15:24.023] I (2913) wifi:enable tsf
[2026-05-23 18:15:24.024] I (2916) ESPNOW: espnow [version: 2.0] init
[2026-05-23 18:15:24.025] WCAN_TEST_READY role=sensor
# Waiting for phased test start
# UART test start sent: WCAN_TEST_START at 2026-05-23T18:15:24.036503
[2026-05-23 18:15:25.718] P(FAIL):4415:d0:9:684:759:76
[2026-05-23 18:15:27.784] P(FAIL):6481:d0:29:2204:2279:76
[2026-05-23 18:15:35.951] P(FAIL):14649:d0:110:8360:8435:76
[2026-05-23 18:15:54.357] P(FAIL):33054:d0:292:22192:22267:76
[2026-05-23 18:15:55.157] P(FAIL):33854:d0:293:22268:22343:76
[2026-05-23 18:15:55.360] WCAN_BATCH id=0xd0 count=297 avg_hz=9.87 avg_points=75.77 min_points=9 max_points=76 avg_interval_ms=101.31 min_interval_ms=101.25 max_interval_ms=101.36 avg_dispatch_ms=5.00 max_dispatch_ms=17.80 dispatched_count=341 avg_queue_wait_ms=22.74 max_queue_wait_ms=368.20
[2026-05-23 18:15:55.363] WCAN_SENSOR_END generated=22504 avg_hz=750.19
[2026-05-23 18:15:55.383] WCAN_MEASURES elapsed_ms=29999 heap_start_free=126648 heap_end_free=141436 heap_start_min_free=126324 heap_end_min_free=125760 heap_start_largest=98304 heap_end_largest=98304 airtime_us_total=1701731 packets_sent_total=341 sensor_send_failures_total=0
[2026-05-23 18:15:55.383] WCAN_TEST_END role=sensor

# Monitor stopped: 2026-05-23T18:15:55.383525
