# Monitor started: 2026-05-23T18:15:21.305684
# Port: /dev/ttyACM1, Baud: 921600, Timeout: 35.000s after WCAN_TEST_START

# UART boot config: wcan v=1 role=sensor transport=BROADCAST test_duration_ms=30000 host_wait_time_ms=5000 base=0xe0 count=1 hz=750 linger=100
[2026-05-23 18:15:21.316] ESP-ROM:esp32c3-api1-20210207
[2026-05-23 18:15:21.324] Build:Feb  7 2021
[2026-05-23 18:15:21.345] rst:0x15 (USB_UART_CHIP_RESET),boot:0xd (SPI_FAST_FLASH_BOOT)
[2026-05-23 18:15:21.353] Saved PC:0x40384eba
[2026-05-23 18:15:21.358] SPIWP:0xee
[2026-05-23 18:15:21.366] mode:DIO, clock div:1
[2026-05-23 18:15:21.374] load:0x3fcd5820,len:0x1574
[2026-05-23 18:15:21.379] load:0x403cc710,len:0xc30
[2026-05-23 18:15:21.382] load:0x403ce710,len:0x2fa0
[2026-05-23 18:15:21.386] entry 0x403cc71a
[2026-05-23 18:15:21.387] I (24) boot: ESP-IDF v5.4.1 2nd stage bootloader
[2026-05-23 18:15:21.390] I (24) boot: compile time May 20 2026 00:05:32
[2026-05-23 18:15:21.392] I (25) boot: chip revision: v0.4
[2026-05-23 18:15:21.394] I (25) boot: efuse block revision: v1.3
[2026-05-23 18:15:21.398] I (25) boot.esp32c3: SPI Speed      : 80MHz
[2026-05-23 18:15:21.399] I (25) boot.esp32c3: SPI Mode       : DIO
[2026-05-23 18:15:21.403] I (26) boot.esp32c3: SPI Flash Size : 2MB
[2026-05-23 18:15:21.405] I (26) boot: Enabling RNG early entropy source...
[2026-05-23 18:15:21.406] I (27) boot: Partition Table:
[2026-05-23 18:15:21.408] I (27) boot: ## Label            Usage          Type ST Offset   Length
[2026-05-23 18:15:21.410] I (28) boot:  0 nvs              WiFi data        01 02 00009000 00006000
[2026-05-23 18:15:21.419] I (29) boot:  1 phy_init         RF data          01 01 0000f000 00001000
[2026-05-23 18:15:21.425] I (29) boot:  2 factory          factory app      00 00 00010000 00100000
[2026-05-23 18:15:21.425] I (30) boot: End of partition table
[2026-05-23 18:15:21.429] I (31) esp_image: segment 0: paddr=00010020 vaddr=3c0a0020 size=1977ch (104316) map
[2026-05-23 18:15:21.438] I (48) esp_image: segment 1: paddr=000297a4 vaddr=3fc95200 size=02da0h ( 11680) load
[2026-05-23 18:15:21.449] I (51) esp_image: segment 2: paddr=0002c54c vaddr=40380000 size=03acch ( 15052) load
[2026-05-23 18:15:21.455] I (54) esp_image: segment 3: paddr=00030020 vaddr=42000020 size=9942ch (627756) map
[2026-05-23 18:15:21.462] I (154) esp_image: segment 4: paddr=000c9454 vaddr=40383acc size=11614h ( 71188) load
[2026-05-23 18:15:21.475] I (168) esp_image: segment 5: paddr=000daa70 vaddr=50000200 size=0001ch (    28) load
[2026-05-23 18:15:21.483] I (175) boot: Loaded app from partition at offset 0x10000
[2026-05-23 18:15:21.489] I (175) boot: Disabling RNG early entropy source...
[2026-05-23 18:15:21.490] I (176) cpu_start: Unicore app
[2026-05-23 18:15:21.491] I (185) cpu_start: Pro cpu start user code
[2026-05-23 18:15:21.491] I (185) cpu_start: cpu freq: 160000000 Hz
[2026-05-23 18:15:21.492] I (185) app_init: Application information:
[2026-05-23 18:15:21.493] I (185) app_init: Project name:     sensor_acquirer
[2026-05-23 18:15:21.494] I (185) app_init: App version:      v1.0-171-gbbe0783
[2026-05-23 18:15:21.495] I (186) app_init: Compile time:     May 23 2026 14:30:31
[2026-05-23 18:15:21.496] I (187) app_init: ELF file SHA256:  493679023...
[2026-05-23 18:15:21.497] I (187) app_init: ESP-IDF:          v5.4.1
[2026-05-23 18:15:21.498] I (188) efuse_init: Min chip rev:     v0.3
[2026-05-23 18:15:21.499] I (188) efuse_init: Max chip rev:     v1.99
[2026-05-23 18:15:21.500] I (189) efuse_init: Chip rev:         v0.4
[2026-05-23 18:15:21.501] I (189) heap_init: Initializing. RAM available for dynamic allocation:
[2026-05-23 18:15:21.502] I (190) heap_init: At 3FC9C340 len 00023CC0 (143 KiB): RAM
[2026-05-23 18:15:21.503] I (191) heap_init: At 3FCC0000 len 0001C710 (113 KiB): Retention RAM
[2026-05-23 18:15:21.505] I (191) heap_init: At 3FCDC710 len 00002950 (10 KiB): Retention RAM
[2026-05-23 18:15:21.506] I (192) heap_init: At 5000021C len 00001DCC (7 KiB): RTCRAM
[2026-05-23 18:15:21.506] I (194) spi_flash: detected chip: generic
[2026-05-23 18:15:21.507] I (194) spi_flash: flash io: dio
[2026-05-23 18:15:21.510] W (194) spi_flash: Detected size(4096k) larger than the size in the binary image header(2048k). Using the size in the binary image header.
[2026-05-23 18:15:21.511] I (196) sleep_gpio: Configure to isolate all GPIO pins in sleep state
[2026-05-23 18:15:21.511] I (196) sleep_gpio: Enable automatic switching of GPIO sleep configuration
[2026-05-23 18:15:21.512] I (197) main_task: Started on CPU0
[2026-05-23 18:15:21.512] I (197) main_task: Calling app_main()
[2026-05-23 18:15:21.512] WCAN_CFG_WAIT v=1
# UART boot config sent: wcan v=1 role=sensor transport=BROADCAST test_duration_ms=30000 host_wait_time_ms=5000 base=0xe0 count=1 hz=750 linger=100
[2026-05-23 18:15:21.512] WCAN_CFG_WAIT v=1
[2026-05-23 18:15:23.964] WCAN_CFG_ACK
[2026-05-23 18:15:23.964] WCAN_CFG_ACK
[2026-05-23 18:15:23.972] I (2862) pp: pp rom version: 9387209
[2026-05-23 18:15:23.976] I (2863) net80211: net80211 rom version: 9387209
[2026-05-23 18:15:23.983] I (2864) wifi:wifi driver task: 3fca7720, prio:23, stack:6656, core=0
[2026-05-23 18:15:23.986] I (2868) wifi:wifi firmware version: 79fa3f41ba
[2026-05-23 18:15:23.990] I (2868) wifi:wifi certification version: v7.0
[2026-05-23 18:15:23.993] I (2868) wifi:config NVS flash: enabled
[2026-05-23 18:15:23.997] I (2868) wifi:config nano formatting: disabled
[2026-05-23 18:15:24.000] I (2869) wifi:Init data frame dynamic rx buffer num: 32
[2026-05-23 18:15:24.003] I (2869) wifi:Init static rx mgmt buffer num: 5
[2026-05-23 18:15:24.005] I (2870) wifi:Init management short buffer num: 32
[2026-05-23 18:15:24.008] I (2870) wifi:Init dynamic tx buffer num: 32
[2026-05-23 18:15:24.010] I (2871) wifi:Init static tx FG buffer num: 2
[2026-05-23 18:15:24.011] I (2871) wifi:Init static rx buffer size: 1600
[2026-05-23 18:15:24.012] I (2872) wifi:Init static rx buffer num: 10
[2026-05-23 18:15:24.014] I (2872) wifi:Init dynamic rx buffer num: 32
[2026-05-23 18:15:24.014] I (2873) wifi_init: rx ba win: 6
[2026-05-23 18:15:24.015] I (2874) wifi_init: accept mbox: 6
[2026-05-23 18:15:24.016] I (2874) wifi_init: tcpip mbox: 32
[2026-05-23 18:15:24.017] I (2874) wifi_init: udp mbox: 6
[2026-05-23 18:15:24.018] I (2874) wifi_init: tcp mbox: 6
[2026-05-23 18:15:24.018] I (2875) wifi_init: tcp tx win: 5760
[2026-05-23 18:15:24.019] I (2875) wifi_init: tcp rx win: 5760
[2026-05-23 18:15:24.020] I (2876) wifi_init: tcp mss: 1440
[2026-05-23 18:15:24.020] I (2876) wifi_init: WiFi IRAM OP enabled
[2026-05-23 18:15:24.021] I (2876) wifi_init: WiFi RX IRAM OP enabled
[2026-05-23 18:15:24.023] I (2877) phy_init: phy_version 1200,2b7123f9,Feb 18 2025,15:22:21
[2026-05-23 18:15:24.023] I (2912) wifi:mode : sta (74:4d:bd:e1:d5:b8)
[2026-05-23 18:15:24.023] I (2913) wifi:enable tsf
[2026-05-23 18:15:24.024] I (2916) ESPNOW: espnow [version: 2.0] init
[2026-05-23 18:15:24.024] WCAN_TEST_READY role=sensor
# Waiting for phased test start
# UART test start sent: WCAN_TEST_START at 2026-05-23T18:15:24.036316
[2026-05-23 18:15:25.058] P(FAIL):3754:e0:2:152:227:76
[2026-05-23 18:15:25.325] P(FAIL):4021:e0:3:228:303:76
[2026-05-23 18:15:26.134] P(FAIL):4831:e0:13:988:1063:76
[2026-05-23 18:15:26.936] P(FAIL):5632:e0:21:1596:1671:76
[2026-05-23 18:15:27.333] P(FAIL):6029:e0:25:1900:1975:76
[2026-05-23 18:15:28.813] P(FAIL):7509:e0:39:2964:3039:76
[2026-05-23 18:15:29.066] P(FAIL):7762:e0:40:3040:3115:76
[2026-05-23 18:15:30.082] P(FAIL):8778:e0:52:3952:4027:76
[2026-05-23 18:15:30.570] P(FAIL):9266:e0:57:4332:4407:76
[2026-05-23 18:15:31.390] P(FAIL):10087:e0:65:4940:5015:76
[2026-05-23 18:15:31.861] P(FAIL):10557:e0:69:5244:5319:76
[2026-05-23 18:15:32.322] P(FAIL):11019:e0:74:5624:5699:76
[2026-05-23 18:15:32.719] P(FAIL):11415:e0:78:5928:6003:76
[2026-05-23 18:15:33.081] P(FAIL):11777:e0:80:6080:6155:76
[2026-05-23 18:15:33.471] P(FAIL):12167:e0:86:6536:6611:76
[2026-05-23 18:15:34.501] P(FAIL):13198:e0:96:7296:7371:76
[2026-05-23 18:15:35.268] P(FAIL):13964:e0:103:7828:7903:76
[2026-05-23 18:15:37.092] P(FAIL):15789:e0:121:9196:9271:76
[2026-05-23 18:15:37.537] P(FAIL):16233:e0:125:9500:9575:76
[2026-05-23 18:15:38.114] P(FAIL):16810:e0:132:10032:10107:76
[2026-05-23 18:15:39.092] P(FAIL):17788:e0:141:10716:10791:76
[2026-05-23 18:15:39.413] P(FAIL):18109:e0:145:11020:11095:76
[2026-05-23 18:15:39.856] P(FAIL):18552:e0:149:11324:11399:76
[2026-05-23 18:15:40.412] P(FAIL):19109:e0:154:11704:11779:76
[2026-05-23 18:15:41.595] P(FAIL):20291:e0:166:12616:12691:76
[2026-05-23 18:15:42.264] P(FAIL):20960:e0:172:13072:13147:76
[2026-05-23 18:15:42.612] P(FAIL):21308:e0:176:13376:13451:76
[2026-05-23 18:15:43.051] P(FAIL):21747:e0:181:13756:13831:76
[2026-05-23 18:15:43.753] P(FAIL):22449:e0:187:14212:14287:76
[2026-05-23 18:15:44.662] P(FAIL):23359:e0:196:14896:14971:76
[2026-05-23 18:15:45.108] P(FAIL):23804:e0:201:15276:15351:76
[2026-05-23 18:15:45.575] P(FAIL):24272:e0:205:15580:15655:76
[2026-05-23 18:15:46.694] P(FAIL):25390:e0:216:16416:16491:76
[2026-05-23 18:15:47.076] P(FAIL):25772:e0:220:16720:16795:76
[2026-05-23 18:15:47.510] P(FAIL):26206:e0:224:17024:17099:76
[2026-05-23 18:15:48.523] P(FAIL):27219:e0:234:17784:17859:76
[2026-05-23 18:15:48.864] P(FAIL):27560:e0:238:18088:18163:76
[2026-05-23 18:15:49.210] P(FAIL):27906:e0:239:18164:18239:76
[2026-05-23 18:15:49.845] P(FAIL):28541:e0:247:18772:18847:76
[2026-05-23 18:15:50.370] P(FAIL):29066:e0:253:19228:19303:76
[2026-05-23 18:15:51.067] P(FAIL):29763:e0:259:19684:19759:76
[2026-05-23 18:15:51.606] P(FAIL):30302:e0:264:20064:20139:76
[2026-05-23 18:15:52.098] P(FAIL):30794:e0:269:20444:20519:76
[2026-05-23 18:15:52.547] P(FAIL):31243:e0:271:20596:20671:76
[2026-05-23 18:15:53.129] P(FAIL):31822:e0:280:21280:21355:76
[2026-05-23 18:15:53.649] P(FAIL):32345:e0:284:21584:21659:76
[2026-05-23 18:15:54.320] P(FAIL):33016:e0:291:22116:22191:76
[2026-05-23 18:15:55.000] P(FAIL):33696:e0:292:22192:22267:76
[2026-05-23 18:15:55.360] WCAN_BATCH id=0xe0 count=297 avg_hz=9.87 avg_points=75.77 min_points=9 max_points=76 avg_interval_ms=101.31 min_interval_ms=101.24 max_interval_ms=101.38 avg_dispatch_ms=4.67 max_dispatch_ms=15.97 dispatched_count=437 avg_queue_wait_ms=129.17 max_queue_wait_ms=546.17
[2026-05-23 18:15:55.363] WCAN_SENSOR_END generated=22504 avg_hz=750.19
[2026-05-23 18:15:55.381] WCAN_MEASURES elapsed_ms=29999 heap_start_free=126780 heap_end_free=141568 heap_start_min_free=126456 heap_end_min_free=125892 heap_start_largest=98304 heap_end_largest=98304 airtime_us_total=2035113 packets_sent_total=437 sensor_send_failures_total=0
[2026-05-23 18:15:55.382] WCAN_TEST_END role=sensor

# Monitor stopped: 2026-05-23T18:15:55.382799
