# Monitor started: 2026-05-13T07:14:32.528101
# Port: /dev/ttyACM1, Baud: 921600, Duration: 30s

# UART boot config: wcan v=1 role=idle transport=BROADCAST
[2026-05-13 07:14:32.530] ESP-ROM:esp32c3-api1-20210207
[2026-05-13 07:14:32.532] Build:Feb  7 2021
[2026-05-13 07:14:32.539] rst:0x15 (USB_UART_CHIP_RESET),boot:0xd (SPI_FAST_FLASH_BOOT)
[2026-05-13 07:14:32.543] Saved PC:0x40384eae
[2026-05-13 07:14:32.545] SPIWP:0xee
[2026-05-13 07:14:32.550] mode:DIO, clock div:1
[2026-05-13 07:14:32.554] load:0x3fcd5820,len:0x1574
[2026-05-13 07:14:32.558] load:0x403cc710,len:0xc30
[2026-05-13 07:14:32.562] load:0x403ce710,len:0x2fa0
[2026-05-13 07:14:32.564] entry 0x403cc71a
[2026-05-13 07:14:32.567] I (24) boot: ESP-IDF v5.4.1 2nd stage bootloader
[2026-05-13 07:14:32.570] I (24) boot: compile time May 12 2026 19:48:29
[2026-05-13 07:14:32.572] I (25) boot: chip revision: v0.4
[2026-05-13 07:14:32.574] I (25) boot: efuse block revision: v1.3
[2026-05-13 07:14:32.576] I (25) boot.esp32c3: SPI Speed      : 80MHz
[2026-05-13 07:14:32.578] I (25) boot.esp32c3: SPI Mode       : DIO
[2026-05-13 07:14:32.580] I (26) boot.esp32c3: SPI Flash Size : 2MB
[2026-05-13 07:14:32.583] I (26) boot: Enabling RNG early entropy source...
[2026-05-13 07:14:32.584] I (27) boot: Partition Table:
[2026-05-13 07:14:32.588] I (27) boot: ## Label            Usage          Type ST Offset   Length
[2026-05-13 07:14:32.591] I (28) boot:  0 nvs              WiFi data        01 02 00009000 00006000
[2026-05-13 07:14:32.593] I (29) boot:  1 phy_init         RF data          01 01 0000f000 00001000
[2026-05-13 07:14:32.596] I (29) boot:  2 factory          factory app      00 00 00010000 00100000
[2026-05-13 07:14:32.597] I (30) boot: End of partition table
[2026-05-13 07:14:32.600] I (31) esp_image: segment 0: paddr=00010020 vaddr=3c0a0020 size=19ea0h (106144) map
[2026-05-13 07:14:32.603] I (49) esp_image: segment 1: paddr=00029ec8 vaddr=3fc95800 size=02db0h ( 11696) load
[2026-05-13 07:14:32.605] I (51) esp_image: segment 2: paddr=0002cc80 vaddr=40380000 size=03398h ( 13208) load
[2026-05-13 07:14:32.608] I (54) esp_image: segment 3: paddr=00030020 vaddr=42000020 size=93210h (602640) map
[2026-05-13 07:14:32.611] I (150) esp_image: segment 4: paddr=000c3238 vaddr=40383398 size=12310h ( 74512) load
[2026-05-13 07:14:32.613] I (164) esp_image: segment 5: paddr=000d5550 vaddr=50000200 size=0001ch (    28) load
[2026-05-13 07:14:32.615] I (171) boot: Loaded app from partition at offset 0x10000
[2026-05-13 07:14:32.617] I (172) boot: Disabling RNG early entropy source...
[2026-05-13 07:14:32.619] I (173) cpu_start: Unicore app
[2026-05-13 07:14:32.621] I (182) cpu_start: Pro cpu start user code
[2026-05-13 07:14:32.622] I (182) cpu_start: cpu freq: 160000000 Hz
[2026-05-13 07:14:32.623] I (182) app_init: Application information:
[2026-05-13 07:14:32.625] I (182) app_init: Project name:     sensor_acquirer
[2026-05-13 07:14:32.627] I (182) app_init: App version:      v1.0-60-gb67991a-dirty
[2026-05-13 07:14:32.627] I (183) app_init: Compile time:     May 12 2026 19:48:20
[2026-05-13 07:14:32.628] I (183) app_init: ELF file SHA256:  fd27e32a6...
[2026-05-13 07:14:32.629] I (184) app_init: ESP-IDF:          v5.4.1
[2026-05-13 07:14:32.630] I (184) efuse_init: Min chip rev:     v0.3
[2026-05-13 07:14:32.632] I (185) efuse_init: Max chip rev:     v1.99
[2026-05-13 07:14:32.635] I (185) efuse_init: Chip rev:         v0.4
[2026-05-13 07:14:32.637] I (186) heap_init: Initializing. RAM available for dynamic allocation:
[2026-05-13 07:14:32.639] I (187) heap_init: At 3FC9D210 len 00022DF0 (139 KiB): RAM
[2026-05-13 07:14:32.640] I (187) heap_init: At 3FCC0000 len 0001C710 (113 KiB): Retention RAM
[2026-05-13 07:14:32.641] I (188) heap_init: At 3FCDC710 len 00002950 (10 KiB): Retention RAM
[2026-05-13 07:14:32.642] I (189) heap_init: At 5000021C len 00001DCC (7 KiB): RTCRAM
[2026-05-13 07:14:32.648] I (190) spi_flash: detected chip: generic
[2026-05-13 07:14:32.649] I (190) spi_flash: flash io: dio
[2026-05-13 07:14:32.652] W (191) spi_flash: Detected size(4096k) larger than the size in the binary image header(2048k). Using the size in the binary image header.
[2026-05-13 07:14:32.654] I (192) sleep_gpio: Configure to isolate all GPIO pins in sleep state
[2026-05-13 07:14:32.655] I (193) sleep_gpio: Enable automatic switching of GPIO sleep configuration
[2026-05-13 07:14:32.657] I (194) main_task: Started on CPU0
[2026-05-13 07:14:32.657] I (194) main_task: Calling app_main()
[2026-05-13 07:14:32.658] I (194) BOOT_TS: us=5200
[2026-05-13 07:14:32.659] I (195) BOOT_CONFIG: waiting for UART config
[2026-05-13 07:14:32.660] WCAN_CFG_WAIT v=1
# UART boot config sent: wcan v=1 role=idle transport=BROADCAST
[2026-05-13 07:14:32.661] WCAN_CFG_WAIT v=1
[2026-05-13 07:14:33.426] I (1096) BOOT_CONFIG: accepted role=idle transport=BROADCAST
[2026-05-13 07:14:33.427] WCAN_CFG_ACK
# Waiting for coordinated capture start
[2026-05-13 07:14:33.432] WCAN_CFG_ACK
[2026-05-13 07:14:33.454] I (1096) MAIN: IDLE mode - stopping before NVS/Wi-Fi initialization
[2026-05-13 07:14:33.470] I (1096) main_task: Returned from app_main()

# Monitor stopped: 2026-05-13T07:15:03.499979
