# Monitor started: 2026-05-13T02:36:30.567525
# Port: /dev/ttyACM0, Baud: 921600, Duration: 30s

# UART boot config: wcan v=1 role=idle transport=BROADCAST
[2026-05-13 02:36:30.568] ESP-ROM:esp32c3-api1-20210207
[2026-05-13 02:36:30.568] Build:Feb  7 2021
[2026-05-13 02:36:30.573] rst:0x15 (USB_UART_CHIP_RESET),boot:0xd (SPI_FAST_FLASH_BOOT)
[2026-05-13 02:36:30.577] Saved PC:0x40384eae
[2026-05-13 02:36:30.578] SPIWP:0xee
[2026-05-13 02:36:30.581] mode:DIO, clock div:1
[2026-05-13 02:36:30.586] load:0x3fcd5820,len:0x1574
[2026-05-13 02:36:30.589] load:0x403cc710,len:0xc30
[2026-05-13 02:36:30.592] load:0x403ce710,len:0x2fa0
[2026-05-13 02:36:30.595] entry 0x403cc71a
[2026-05-13 02:36:30.601] I (24) boot: ESP-IDF v5.4.1 2nd stage bootloader
[2026-05-13 02:36:30.607] I (24) boot: compile time May 12 2026 19:48:29
[2026-05-13 02:36:30.611] I (25) boot: chip revision: v0.4
[2026-05-13 02:36:30.615] I (25) boot: efuse block revision: v1.3
[2026-05-13 02:36:30.617] I (25) boot.esp32c3: SPI Speed      : 80MHz
[2026-05-13 02:36:30.619] I (25) boot.esp32c3: SPI Mode       : DIO
[2026-05-13 02:36:30.621] I (26) boot.esp32c3: SPI Flash Size : 2MB
[2026-05-13 02:36:30.623] I (26) boot: Enabling RNG early entropy source...
[2026-05-13 02:36:30.625] I (27) boot: Partition Table:
[2026-05-13 02:36:30.628] I (27) boot: ## Label            Usage          Type ST Offset   Length
[2026-05-13 02:36:30.631] I (28) boot:  0 nvs              WiFi data        01 02 00009000 00006000
[2026-05-13 02:36:30.633] I (29) boot:  1 phy_init         RF data          01 01 0000f000 00001000
[2026-05-13 02:36:30.635] I (29) boot:  2 factory          factory app      00 00 00010000 00100000
[2026-05-13 02:36:30.637] I (30) boot: End of partition table
[2026-05-13 02:36:30.640] I (31) esp_image: segment 0: paddr=00010020 vaddr=3c0a0020 size=19ea0h (106144) map
[2026-05-13 02:36:30.643] I (49) esp_image: segment 1: paddr=00029ec8 vaddr=3fc95800 size=02db0h ( 11696) load
[2026-05-13 02:36:30.645] I (51) esp_image: segment 2: paddr=0002cc80 vaddr=40380000 size=03398h ( 13208) load
[2026-05-13 02:36:30.648] I (54) esp_image: segment 3: paddr=00030020 vaddr=42000020 size=93210h (602640) map
[2026-05-13 02:36:30.651] I (150) esp_image: segment 4: paddr=000c3238 vaddr=40383398 size=12310h ( 74512) load
[2026-05-13 02:36:30.654] I (164) esp_image: segment 5: paddr=000d5550 vaddr=50000200 size=0001ch (    28) load
[2026-05-13 02:36:30.655] I (171) boot: Loaded app from partition at offset 0x10000
[2026-05-13 02:36:30.657] I (171) boot: Disabling RNG early entropy source...
[2026-05-13 02:36:30.659] I (173) cpu_start: Unicore app
[2026-05-13 02:36:30.660] I (181) cpu_start: Pro cpu start user code
[2026-05-13 02:36:30.662] I (181) cpu_start: cpu freq: 160000000 Hz
[2026-05-13 02:36:30.663] I (181) app_init: Application information:
[2026-05-13 02:36:30.665] I (182) app_init: Project name:     sensor_acquirer
[2026-05-13 02:36:30.667] I (182) app_init: App version:      v1.0-60-gb67991a-dirty
[2026-05-13 02:36:30.669] I (183) app_init: Compile time:     May 12 2026 19:48:20
[2026-05-13 02:36:30.670] I (183) app_init: ELF file SHA256:  fd27e32a6...
[2026-05-13 02:36:30.671] I (184) app_init: ESP-IDF:          v5.4.1
[2026-05-13 02:36:30.672] I (184) efuse_init: Min chip rev:     v0.3
[2026-05-13 02:36:30.672] I (185) efuse_init: Max chip rev:     v1.99
[2026-05-13 02:36:30.673] I (185) efuse_init: Chip rev:         v0.4
[2026-05-13 02:36:30.673] I (186) heap_init: Initializing. RAM available for dynamic allocation:
[2026-05-13 02:36:30.673] I (187) heap_init: At 3FC9D210 len 00022DF0 (139 KiB): RAM
[2026-05-13 02:36:30.674] I (187) heap_init: At 3FCC0000 len 0001C710 (113 KiB): Retention RAM
[2026-05-13 02:36:30.674] I (188) heap_init: At 3FCDC710 len 00002950 (10 KiB): Retention RAM
[2026-05-13 02:36:30.674] I (189) heap_init: At 5000021C len 00001DCC (7 KiB): RTCRAM
[2026-05-13 02:36:30.674] I (190) spi_flash: detected chip: generic
[2026-05-13 02:36:30.675] I (190) spi_flash: flash io: dio
[2026-05-13 02:36:30.675] W (190) spi_flash: Detected size(4096k) larger than the size in the binary image header(2048k). Using the size in the binary image header.
[2026-05-13 02:36:30.675] I (192) sleep_gpio: Configure to isolate all GPIO pins in sleep state
[2026-05-13 02:36:30.676] I (192) sleep_gpio: Enable automatic switching of GPIO sleep configuration
[2026-05-13 02:36:30.676] I (194) main_task: Started on CPU0
[2026-05-13 02:36:30.676] I (194) main_task: Calling app_main()
[2026-05-13 02:36:30.676] I (194) BOOT_TS: us=5200
[2026-05-13 02:36:30.676] I (195) BOOT_CONFIG: waiting for UART config
[2026-05-13 02:36:30.677] WCAN_CFG_WAIT v=1
# UART boot config sent: wcan v=1 role=idle transport=BROADCAST
[2026-05-13 02:36:30.677] WCAN_CFG_WAIT v=1
[2026-05-13 02:36:31.437] I (1070) BOOT_CONFIG: accepted role=idle transport=BROADCAST
[2026-05-13 02:36:31.438] WCAN_CFG_ACK
# Waiting for coordinated capture start
[2026-05-13 02:36:31.439] WCAN_CFG_ACK
[2026-05-13 02:36:31.441] I (1070) MAIN: IDLE mode - stopping before NVS/Wi-Fi initialization
[2026-05-13 02:36:31.442] I (1070) main_task: Returned from app_main()

# Monitor stopped: 2026-05-13T02:37:01.474076
