# Monitor started: 2026-05-23T20:07:34.689709
# Port: /dev/ttyACM1, Baud: 921600, Timeout: 35.000s after WCAN_TEST_START

# UART boot config: wcan v=1 role=sensor transport=MULTICAST test_duration_ms=30000 host_wait_time_ms=5000 base=0xe0 count=3 hz=200 linger=100
[2026-05-23 20:07:34.692] ESP-ROM:esp32c3-api1-20210207
[2026-05-23 20:07:34.700] Build:Feb  7 2021
[2026-05-23 20:07:34.721] rst:0x15 (USB_UART_CHIP_RESET),boot:0xd (SPI_FAST_FLASH_BOOT)
[2026-05-23 20:07:34.727] Saved PC:0x40384eba
[2026-05-23 20:07:34.730] SPIWP:0xee
[2026-05-23 20:07:34.745] mode:DIO, clock div:1
[2026-05-23 20:07:34.749] load:0x3fcd5820,len:0x1574
[2026-05-23 20:07:34.757] load:0x403cc710,len:0xc30
[2026-05-23 20:07:34.763] load:0x403ce710,len:0x2fa0
[2026-05-23 20:07:34.764] entry 0x403cc71a
[2026-05-23 20:07:34.768] I (24) boot: ESP-IDF v5.4.1 2nd stage bootloader
[2026-05-23 20:07:34.771] I (24) boot: compile time May 19 2026 23:41:33
[2026-05-23 20:07:34.775] I (25) boot: chip revision: v0.4
[2026-05-23 20:07:34.780] I (25) boot: efuse block revision: v1.3
[2026-05-23 20:07:34.791] I (25) boot.esp32c3: SPI Speed      : 80MHz
[2026-05-23 20:07:34.798] I (25) boot.esp32c3: SPI Mode       : DIO
[2026-05-23 20:07:34.803] I (26) boot.esp32c3: SPI Flash Size : 2MB
[2026-05-23 20:07:34.804] I (26) boot: Enabling RNG early entropy source...
[2026-05-23 20:07:34.808] I (27) boot: Partition Table:
[2026-05-23 20:07:34.809] I (27) boot: ## Label            Usage          Type ST Offset   Length
[2026-05-23 20:07:34.813] I (28) boot:  0 nvs              WiFi data        01 02 00009000 00006000
[2026-05-23 20:07:34.816] I (29) boot:  1 phy_init         RF data          01 01 0000f000 00001000
[2026-05-23 20:07:34.823] I (29) boot:  2 factory          factory app      00 00 00010000 00100000
[2026-05-23 20:07:34.824] I (30) boot: End of partition table
[2026-05-23 20:07:34.826] I (31) esp_image: segment 0: paddr=00010020 vaddr=3c0a0020 size=19850h (104528) map
[2026-05-23 20:07:34.830] I (48) esp_image: segment 1: paddr=00029878 vaddr=3fc95000 size=02da0h ( 11680) load
[2026-05-23 20:07:34.834] I (51) esp_image: segment 2: paddr=0002c620 vaddr=40380000 size=039f8h ( 14840) load
[2026-05-23 20:07:34.842] I (54) esp_image: segment 3: paddr=00030020 vaddr=42000020 size=990b4h (626868) map
[2026-05-23 20:07:34.845] I (154) esp_image: segment 4: paddr=000c90dc vaddr=403839f8 size=114f8h ( 70904) load
[2026-05-23 20:07:34.847] I (168) esp_image: segment 5: paddr=000da5dc vaddr=50000200 size=0001ch (    28) load
[2026-05-23 20:07:34.852] I (174) boot: Loaded app from partition at offset 0x10000
[2026-05-23 20:07:34.854] I (175) boot: Disabling RNG early entropy source...
[2026-05-23 20:07:34.857] I (176) cpu_start: Unicore app
[2026-05-23 20:07:34.859] I (185) cpu_start: Pro cpu start user code
[2026-05-23 20:07:34.861] I (185) cpu_start: cpu freq: 160000000 Hz
[2026-05-23 20:07:34.863] I (185) app_init: Application information:
[2026-05-23 20:07:34.866] I (185) app_init: Project name:     sensor_acquirer
[2026-05-23 20:07:34.871] I (185) app_init: App version:      v1.0-171-gbbe0783
[2026-05-23 20:07:34.873] I (186) app_init: Compile time:     May 23 2026 14:30:40
[2026-05-23 20:07:34.874] I (186) app_init: ELF file SHA256:  0e7d705e7...
[2026-05-23 20:07:34.875] I (187) app_init: ESP-IDF:          v5.4.1
[2026-05-23 20:07:34.877] I (187) efuse_init: Min chip rev:     v0.3
[2026-05-23 20:07:34.880] I (188) efuse_init: Max chip rev:     v1.99
[2026-05-23 20:07:34.883] I (188) efuse_init: Chip rev:         v0.4
[2026-05-23 20:07:34.890] I (189) heap_init: Initializing. RAM available for dynamic allocation:
[2026-05-23 20:07:34.894] I (190) heap_init: At 3FC9C130 len 00023ED0 (143 KiB): RAM
[2026-05-23 20:07:34.901] I (190) heap_init: At 3FCC0000 len 0001C710 (113 KiB): Retention RAM
[2026-05-23 20:07:34.903] I (191) heap_init: At 3FCDC710 len 00002950 (10 KiB): Retention RAM
[2026-05-23 20:07:34.904] I (192) heap_init: At 5000021C len 00001DCC (7 KiB): RTCRAM
[2026-05-23 20:07:34.905] I (193) spi_flash: detected chip: generic
[2026-05-23 20:07:34.905] I (193) spi_flash: flash io: dio
[2026-05-23 20:07:34.908] W (194) spi_flash: Detected size(4096k) larger than the size in the binary image header(2048k). Using the size in the binary image header.
[2026-05-23 20:07:34.909] I (195) sleep_gpio: Configure to isolate all GPIO pins in sleep state
[2026-05-23 20:07:34.910] I (196) sleep_gpio: Enable automatic switching of GPIO sleep configuration
[2026-05-23 20:07:34.911] I (197) main_task: Started on CPU0
[2026-05-23 20:07:34.911] I (197) main_task: Calling app_main()
[2026-05-23 20:07:34.911] WCAN_CFG_WAIT v=1
# UART boot config sent: wcan v=1 role=sensor transport=MULTICAST test_duration_ms=30000 host_wait_time_ms=5000 base=0xe0 count=3 hz=200 linger=100
[2026-05-23 20:07:34.911] WCAN_CFG_WAIT v=1
[2026-05-23 20:07:37.352] WCAN_CFG_ACK
[2026-05-23 20:07:37.352] WCAN_CFG_ACK
[2026-05-23 20:07:37.357] I (2866) pp: pp rom version: 9387209
[2026-05-23 20:07:37.358] I (2867) net80211: net80211 rom version: 9387209
[2026-05-23 20:07:37.359] I (2868) wifi:wifi driver task: 3fca7510, prio:23, stack:6656, core=0
[2026-05-23 20:07:37.363] I (2872) wifi:wifi firmware version: 79fa3f41ba
[2026-05-23 20:07:37.364] I (2872) wifi:wifi certification version: v7.0
[2026-05-23 20:07:37.365] I (2872) wifi:config NVS flash: enabled
[2026-05-23 20:07:37.366] I (2872) wifi:config nano formatting: disabled
[2026-05-23 20:07:37.367] I (2873) wifi:Init data frame dynamic rx buffer num: 32
[2026-05-23 20:07:37.368] I (2873) wifi:Init static rx mgmt buffer num: 5
[2026-05-23 20:07:37.369] I (2874) wifi:Init management short buffer num: 32
[2026-05-23 20:07:37.371] I (2874) wifi:Init dynamic tx buffer num: 32
[2026-05-23 20:07:37.372] I (2875) wifi:Init static tx FG buffer num: 2
[2026-05-23 20:07:37.373] I (2875) wifi:Init static rx buffer size: 1600
[2026-05-23 20:07:37.374] I (2876) wifi:Init static rx buffer num: 10
[2026-05-23 20:07:37.376] I (2876) wifi:Init dynamic rx buffer num: 32
[2026-05-23 20:07:37.376] I (2877) wifi_init: rx ba win: 6
[2026-05-23 20:07:37.378] I (2878) wifi_init: accept mbox: 6
[2026-05-23 20:07:37.379] I (2878) wifi_init: tcpip mbox: 32
[2026-05-23 20:07:37.380] I (2878) wifi_init: udp mbox: 6
[2026-05-23 20:07:37.381] I (2878) wifi_init: tcp mbox: 6
[2026-05-23 20:07:37.382] I (2879) wifi_init: tcp tx win: 5760
[2026-05-23 20:07:37.383] I (2879) wifi_init: tcp rx win: 5760
[2026-05-23 20:07:37.384] I (2880) wifi_init: tcp mss: 1440
[2026-05-23 20:07:37.385] I (2880) wifi_init: WiFi IRAM OP enabled
[2026-05-23 20:07:37.386] I (2880) wifi_init: WiFi RX IRAM OP enabled
[2026-05-23 20:07:37.387] I (2881) phy_init: phy_version 1200,2b7123f9,Feb 18 2025,15:22:21
[2026-05-23 20:07:37.406] I (2915) wifi:mode : sta (74:4d:bd:e1:d5:b8)
[2026-05-23 20:07:37.407] I (2916) wifi:enable tsf
[2026-05-23 20:07:37.410] I (2919) ESPNOW: espnow [version: 2.0] init
[2026-05-23 20:07:37.410] WCAN_TEST_READY role=sensor
# Waiting for phased test start
# UART test start sent: WCAN_TEST_START at 2026-05-23T20:07:37.421911
[2026-05-23 20:08:07.756] WCAN_BATCH id=0xe0 count=285 avg_hz=9.52 avg_points=21.00 min_points=21 max_points=21 avg_interval_ms=105.00 min_interval_ms=104.90 max_interval_ms=105.10 avg_dispatch_ms=2.17 max_dispatch_ms=7.38 dispatched_count=285 avg_queue_wait_ms=0.13 max_queue_wait_ms=0.26
[2026-05-23 20:08:07.760] WCAN_BATCH id=0xe1 count=285 avg_hz=9.52 avg_points=21.00 min_points=21 max_points=21 avg_interval_ms=105.00 min_interval_ms=104.92 max_interval_ms=105.10 avg_dispatch_ms=2.03 max_dispatch_ms=6.80 dispatched_count=285 avg_queue_wait_ms=2.35 max_queue_wait_ms=7.58
[2026-05-23 20:08:07.765] WCAN_BATCH id=0xe2 count=285 avg_hz=9.52 avg_points=21.00 min_points=21 max_points=21 avg_interval_ms=105.00 min_interval_ms=104.92 max_interval_ms=105.10 avg_dispatch_ms=2.08 max_dispatch_ms=7.14 dispatched_count=285 avg_queue_wait_ms=4.45 max_queue_wait_ms=9.57
[2026-05-23 20:08:07.766] WCAN_SENSOR_END generated=5998 avg_hz=199.97
[2026-05-23 20:08:07.770] WCAN_MEASURES elapsed_ms=29999 heap_start_free=66428 heap_end_free=78056 heap_start_min_free=66412 heap_end_min_free=65932 heap_start_largest=47104 heap_end_largest=47104 airtime_us_total=1780899 packets_sent_total=855 sensor_send_failures_total=0
[2026-05-23 20:08:07.771] WCAN_TEST_END role=sensor

# Monitor stopped: 2026-05-23T20:08:07.771209
