# Monitor started: 2026-04-22T17:39:57.813557
# Port: COM27, Baud: 115200, Duration: 30s

[2026-04-22 17:39:57.813] size=18614�ets Jul 29 2019 12:21:46
[2026-04-22 17:39:57.813] 
[2026-04-22 17:39:57.813] rst:0x1 (POWERON_RESET),boot:0x13 (SPI_FAST_FLASH_BOOT)
[2026-04-22 17:39:57.813] configsip: 0, SPIWP:0xee
[2026-04-22 17:39:57.814] clk_drv:0x00,q_drv:0x00,d_drv:0x00,cs0_drv:0x00,hd_drv:0x00,wp_drv:0x00
[2026-04-22 17:39:57.814] mode:DIO, clock div:2
[2026-04-22 17:39:57.814] load:0x3fff0030,len:6276
[2026-04-22 17:39:57.814] load:0x40078000,len:15748
[2026-04-22 17:39:57.814] load:0x40080400,len:4
[2026-04-22 17:39:57.815] ho 8 tail 4 room 4
[2026-04-22 17:39:57.815] load:0x40080404,len:3860
[2026-04-22 17:39:57.821] entry 0x4008063c
[2026-04-22 17:39:57.825] I (31) boot: ESP-IDF v5.4.1 2nd stage bootloader
[2026-04-22 17:39:57.829] I (31) boot: compile time Apr 22 2026 16:37:35
[2026-04-22 17:39:57.834] I (31) boot: Multicore bootloader
[2026-04-22 17:39:57.836] I (32) boot: chip revision: v3.1
[2026-04-22 17:39:57.840] I (35) boot.esp32: SPI Speed      : 40MHz
[2026-04-22 17:39:57.845] I (39) boot.esp32: SPI Mode       : DIO
[2026-04-22 17:39:57.848] I (43) boot.esp32: SPI Flash Size : 2MB
[2026-04-22 17:39:57.852] I (46) boot: Enabling RNG early entropy source...
[2026-04-22 17:39:57.854] I (51) boot: Partition Table:
[2026-04-22 17:39:57.856] I (53) boot: ## Label            Usage          Type ST Offset   Length
[2026-04-22 17:39:57.864] I (60) boot:  0 nvs              WiFi data        01 02 00009000 00006000
[2026-04-22 17:39:57.872] I (66) boot:  1 phy_init         RF data          01 01 0000f000 00001000
[2026-04-22 17:39:57.879] I (73) boot:  2 factory          factory app      00 00 00010000 00100000
[2026-04-22 17:39:57.882] I (79) boot: End of partition table
[2026-04-22 17:39:57.890] I (82) esp_image: segment 0: paddr=00010020 vaddr=3f400020 size=18614h ( 99860) map
[2026-04-22 17:39:57.899] I (124) esp_image: segment 1: paddr=0002863c vaddr=3ff80000 size=0001ch (    28) load
[2026-04-22 17:39:57.906] I (124) esp_image: segment 2: paddr=00028660 vaddr=3ffb0000 size=03ea8h ( 16040) load
[2026-04-22 17:39:57.915] I (134) esp_image: segment 3: paddr=0002c510 vaddr=40080000 size=03b08h ( 15112) load
[2026-04-22 17:39:57.922] I (141) esp_image: segment 4: paddr=00030020 vaddr=400d0020 size=7fee8h (524008) map
[2026-04-22 17:39:57.930] I (322) esp_image: segment 5: paddr=000aff10 vaddr=40083b08 size=14220h ( 82464) load
[2026-04-22 17:39:57.936] I (366) boot: Loaded app from partition at offset 0x10000
[2026-04-22 17:39:57.941] I (366) boot: Disabling RNG early entropy source...
[2026-04-22 17:39:57.943] I (376) cpu_start: Multicore app
[2026-04-22 17:39:57.947] I (384) cpu_start: Pro cpu start user code
[2026-04-22 17:39:57.951] I (385) cpu_start: cpu freq: 160000000 Hz
[2026-04-22 17:39:57.955] I (385) app_init: Application information:
[2026-04-22 17:39:57.959] I (385) app_init: Project name:     sensor_acquirer
[2026-04-22 17:39:57.965] I (389) app_init: App version:      e468f2b-dirty
[2026-04-22 17:39:57.970] I (394) app_init: Compile time:     Apr 22 2026 16:36:49
[2026-04-22 17:39:57.974] I (399) app_init: ELF file SHA256:  bbb0bee62...
[2026-04-22 17:39:57.979] I (403) app_init: ESP-IDF:          v5.4.1
[2026-04-22 17:39:57.982] I (407) efuse_init: Min chip rev:     v0.0
[2026-04-22 17:39:57.987] I (411) efuse_init: Max chip rev:     v3.99
[2026-04-22 17:39:57.991] I (415) efuse_init: Chip rev:         v3.1
[2026-04-22 17:39:57.997] I (419) heap_init: Initializing. RAM available for dynamic allocation:
[2026-04-22 17:39:58.003] I (425) heap_init: At 3FFAE6E0 len 00001920 (6 KiB): DRAM
[2026-04-22 17:39:58.007] I (430) heap_init: At 3FFB82B8 len 00027D48 (159 KiB): DRAM
[2026-04-22 17:39:58.013] I (435) heap_init: At 3FFE0440 len 00003AE0 (14 KiB): D/IRAM
[2026-04-22 17:39:58.019] I (441) heap_init: At 3FFE4350 len 0001BCB0 (111 KiB): D/IRAM
[2026-04-22 17:39:58.024] I (446) heap_init: At 40097D28 len 000082D8 (32 KiB): IRAM
[2026-04-22 17:39:58.028] I (453) spi_flash: detected chip: generic
[2026-04-22 17:39:58.031] I (455) spi_flash: flash io: dio
[2026-04-22 17:39:58.044] W (458) spi_flash: Detected size(4096k) larger than the size in the binary image header(2048k). Using the size in the binary image header.
[2026-04-22 17:39:58.047] I (471) main_task: Started on CPU0
[2026-04-22 17:39:58.050] I (481) main_task: Calling app_main()
[2026-04-22 17:39:58.051] I (491) MAIN: MAC: 28:05:a5:31:d6:d0
[2026-04-22 17:39:58.058] I (501) wifi:wifi driver task: 3ffc0700, prio:23, stack:6656, core=0
[2026-04-22 17:39:58.062] I (501) wifi:wifi firmware version: 79fa3f41ba
[2026-04-22 17:39:58.067] I (501) wifi:wifi certification version: v7.0
[2026-04-22 17:39:58.070] I (501) wifi:config NVS flash: enabled
[2026-04-22 17:39:58.074] I (501) wifi:config nano formatting: disabled
[2026-04-22 17:39:58.079] I (511) wifi:Init data frame dynamic rx buffer num: 32
[2026-04-22 17:39:58.084] I (511) wifi:Init static rx mgmt buffer num: 5
[2026-04-22 17:39:58.088] I (521) wifi:Init management short buffer num: 32
[2026-04-22 17:39:58.092] I (521) wifi:Init dynamic tx buffer num: 32
[2026-04-22 17:39:58.097] I (521) wifi:Init static rx buffer size: 1600
[2026-04-22 17:39:58.101] I (531) wifi:Init static rx buffer num: 10
[2026-04-22 17:39:58.105] I (531) wifi:Init dynamic rx buffer num: 32
[2026-04-22 17:39:58.109] I (541) wifi_init: rx ba win: 6
[2026-04-22 17:39:58.112] I (541) wifi_init: accept mbox: 6
[2026-04-22 17:39:58.116] I (541) wifi_init: tcpip mbox: 32
[2026-04-22 17:39:58.118] I (541) wifi_init: udp mbox: 6
[2026-04-22 17:39:58.121] I (551) wifi_init: tcp mbox: 6
[2026-04-22 17:39:58.123] I (551) wifi_init: tcp tx win: 5760
[2026-04-22 17:39:58.126] I (551) wifi_init: tcp rx win: 5760
[2026-04-22 17:39:58.129] I (561) wifi_init: tcp mss: 1440
[2026-04-22 17:39:58.133] I (561) wifi_init: WiFi IRAM OP enabled
[2026-04-22 17:39:58.136] I (561) wifi_init: WiFi RX IRAM OP enabled
[2026-04-22 17:39:58.139] I (571) phy_init: phy_version 4860,6b7a6e5,Feb  6 2025,14:47:07
[2026-04-22 17:39:58.142] I (661) wifi:mode : softAP (28:05:a5:31:d6:d1)
[2026-04-22 17:39:58.149] I (661) wifi:Total power save buffer number: 16
[2026-04-22 17:39:58.156] I (661) wifi:Init max length of beacon: 752/752
[2026-04-22 17:39:58.164] I (661) wifi:Init max length of beacon: 752/752
[2026-04-22 17:39:58.169] I (671) MAIN: WiFi initialized
[2026-04-22 17:39:58.176] I (671) MAIN: RECEIVER mode — accepting all CAN IDs
[2026-04-22 17:39:58.179] I (671) ESPNOW: espnow [version: 2.0] init
[2026-04-22 17:39:58.181] I (681) SEND: Send processing task started
[2026-04-22 17:39:58.182] I (681) RECV: Receive processing task started
[2026-04-22 17:39:58.183] I (681) WCAN: WCAN initialized
[2026-04-22 17:39:58.185] I (691) main_task: Returned from app_main()
[2026-04-22 17:39:58.186] I (701) USER-RECV: Received [5d10] len=4 counter=0
[2026-04-22 17:39:59.004] I (1691) USER-RECV: Received [5d10] len=4 counter=1
[2026-04-22 17:40:00.004] I (2691) USER-RECV: Received [5d10] len=4 counter=2
[2026-04-22 17:40:01.004] I (3691) USER-RECV: Received [5d10] len=4 counter=3
[2026-04-22 17:40:02.004] I (4691) USER-RECV: Received [5d10] len=4 counter=4
[2026-04-22 17:40:03.004] I (5691) USER-RECV: Received [5d10] len=4 counter=5
[2026-04-22 17:40:04.004] I (6691) USER-RECV: Received [5d10] len=4 counter=6
[2026-04-22 17:40:05.005] I (7691) USER-RECV: Received [5d10] len=4 counter=7
[2026-04-22 17:40:06.004] I (8691) USER-RECV: Received [5d10] len=4 counter=8
[2026-04-22 17:40:07.004] I (9691) USER-RECV: Received [5d10] len=4 counter=9
[2026-04-22 17:40:08.005] I (10691) USER-RECV: Received [5d10] len=4 counter=10
[2026-04-22 17:40:09.005] I (11691) USER-RECV: Received [5d10] len=4 counter=11
[2026-04-22 17:40:10.005] I (12691) USER-RECV: Received [5d10] len=4 counter=12
[2026-04-22 17:40:11.005] I (13691) USER-RECV: Received [5d10] len=4 counter=13
[2026-04-22 17:40:12.005] I (14691) USER-RECV: Received [5d10] len=4 counter=14
[2026-04-22 17:40:13.007] I (15691) USER-RECV: Received [5d10] len=4 counter=15
[2026-04-22 17:40:14.005] I (16691) USER-RECV: Received [5d10] len=4 counter=16
[2026-04-22 17:40:15.005] I (17691) USER-RECV: Received [5d10] len=4 counter=17
[2026-04-22 17:40:16.005] I (18691) USER-RECV: Received [5d10] len=4 counter=18
[2026-04-22 17:40:17.006] I (19691) USER-RECV: Received [5d10] len=4 counter=19
[2026-04-22 17:40:18.006] I (20691) USER-RECV: Received [5d10] len=4 counter=20
[2026-04-22 17:40:19.006] I (21691) USER-RECV: Received [5d10] len=4 counter=21
[2026-04-22 17:40:20.006] I (22691) USER-RECV: Received [5d10] len=4 counter=22
[2026-04-22 17:40:21.007] I (23691) USER-RECV: Received [5d10] len=4 counter=23
[2026-04-22 17:40:22.007] I (24691) USER-RECV: Received [5d10] len=4 counter=24
[2026-04-22 17:40:23.006] I (25691) USER-RECV: Received [5d10] len=4 counter=25
[2026-04-22 17:40:24.006] I (26691) USER-RECV: Received [5d10] len=4 counter=26
[2026-04-22 17:40:25.006] I (27691) USER-RECV: Received [5d10] len=4 counter=27
[2026-04-22 17:40:26.007] I (28691) USER-RECV: Received [5d10] len=4 counter=28
[2026-04-22 17:40:27.007] I (29691) USER-RECV: Received [5d10] len=4 counter=29
[2026-04-22 17:40:28.006] I (30691) USER-RECV: Received [5d10] len=4 counter=30

# Monitor stopped: 2026-04-22T17:40:28.006744
