# Monitor started: 2026-04-22T17:46:18.264906
# Port: COM21, Baud: 115200, Duration: 30s

[2026-04-22 17:46:18.264] size=1865�ets Jul 29 2019 12:21:46
[2026-04-22 17:46:18.264] 
[2026-04-22 17:46:18.265] rst:0x1 (POWERON_RESET),boot:0x13 (SPI_FAST_FLASH_BOOT)
[2026-04-22 17:46:18.265] configsip: 0, SPIWP:0xee
[2026-04-22 17:46:18.266] clk_drv:0x00,q_drv:0x00,d_drv:0x00,cs0_drv:0x00,hd_drv:0x00,wp_drv:0x00
[2026-04-22 17:46:18.266] mode:DIO, clock div:2
[2026-04-22 17:46:18.266] load:0x3fff0030,len:6276
[2026-04-22 17:46:18.266] load:0x40078000,len:15748
[2026-04-22 17:46:18.266] load:0x40080400,len:4
[2026-04-22 17:46:18.266] ho 8 tail 4 room 4
[2026-04-22 17:46:18.267] load:0x40080404,len:3860
[2026-04-22 17:46:18.267] entry 0x4008063c
[2026-04-22 17:46:18.268] I (31) boot: ESP-IDF v5.4.1 2nd stage bootloader
[2026-04-22 17:46:18.268] I (31) boot: compile time Apr 22 2026 16:40:53
[2026-04-22 17:46:18.268] I (31) boot: Multicore bootloader
[2026-04-22 17:46:18.268] I (32) boot: chip revision: v3.1
[2026-04-22 17:46:18.268] I (35) boot.esp32: SPI Speed      : 40MHz
[2026-04-22 17:46:18.269] I (39) boot.esp32: SPI Mode       : DIO
[2026-04-22 17:46:18.269] I (43) boot.esp32: SPI Flash Size : 2MB
[2026-04-22 17:46:18.269] I (46) boot: Enabling RNG early entropy source...
[2026-04-22 17:46:18.269] I (51) boot: Partition Table:
[2026-04-22 17:46:18.270] I (53) boot: ## Label            Usage          Type ST Offset   Length
[2026-04-22 17:46:18.270] I (60) boot:  0 nvs              WiFi data        01 02 00009000 00006000
[2026-04-22 17:46:18.271] I (66) boot:  1 phy_init         RF data          01 01 0000f000 00001000
[2026-04-22 17:46:18.271] I (73) boot:  2 factory          factory app      00 00 00010000 00100000
[2026-04-22 17:46:18.271] I (79) boot: End of partition table
[2026-04-22 17:46:18.272] I (82) esp_image: segment 0: paddr=00010020 vaddr=3f400020 size=18654h ( 99924) map
[2026-04-22 17:46:18.272] I (124) esp_image: segment 1: paddr=0002867c vaddr=3ff80000 size=0001ch (    28) load
[2026-04-22 17:46:18.273] I (124) esp_image: segment 2: paddr=000286a0 vaddr=3ffb0000 size=03ea8h ( 16040) load
[2026-04-22 17:46:18.273] I (134) esp_image: segment 3: paddr=0002c550 vaddr=40080000 size=03ac8h ( 15048) load
[2026-04-22 17:46:18.273] I (141) esp_image: segment 4: paddr=00030020 vaddr=400d0020 size=7ff84h (524164) map
[2026-04-22 17:46:18.274] I (322) esp_image: segment 5: paddr=000affac vaddr=40083ac8 size=14260h ( 82528) load
[2026-04-22 17:46:18.274] I (366) boot: Loaded app from partition at offset 0x10000
[2026-04-22 17:46:18.274] I (366) boot: Disabling RNG early entropy source...
[2026-04-22 17:46:18.275] I (376) cpu_start: Multicore app
[2026-04-22 17:46:18.275] I (385) cpu_start: Pro cpu start user code
[2026-04-22 17:46:18.275] I (385) cpu_start: cpu freq: 160000000 Hz
[2026-04-22 17:46:18.275] I (385) app_init: Application information:
[2026-04-22 17:46:18.276] I (385) app_init: Project name:     sensor_acquirer
[2026-04-22 17:46:18.276] I (389) app_init: App version:      e468f2b-dirty
[2026-04-22 17:46:18.276] I (394) app_init: Compile time:     Apr 22 2026 16:39:58
[2026-04-22 17:46:18.276] I (399) app_init: ELF file SHA256:  91b0c478b...
[2026-04-22 17:46:18.277] I (403) app_init: ESP-IDF:          v5.4.1
[2026-04-22 17:46:18.278] I (407) efuse_init: Min chip rev:     v0.0
[2026-04-22 17:46:18.279] I (411) efuse_init: Max chip rev:     v3.99
[2026-04-22 17:46:18.281] I (415) efuse_init: Chip rev:         v3.1
[2026-04-22 17:46:18.284] I (419) heap_init: Initializing. RAM available for dynamic allocation:
[2026-04-22 17:46:18.286] I (425) heap_init: At 3FFAE6E0 len 00001920 (6 KiB): DRAM
[2026-04-22 17:46:18.287] I (430) heap_init: At 3FFB82B8 len 00027D48 (159 KiB): DRAM
[2026-04-22 17:46:18.288] I (435) heap_init: At 3FFE0440 len 00003AE0 (14 KiB): D/IRAM
[2026-04-22 17:46:18.290] I (441) heap_init: At 3FFE4350 len 0001BCB0 (111 KiB): D/IRAM
[2026-04-22 17:46:18.290] I (446) heap_init: At 40097D28 len 000082D8 (32 KiB): IRAM
[2026-04-22 17:46:18.290] I (453) spi_flash: detected chip: generic
[2026-04-22 17:46:18.291] I (455) spi_flash: flash io: dio
[2026-04-22 17:46:18.293] W (458) spi_flash: Detected size(4096k) larger than the size in the binary image header(2048k). Using the size in the binary image header.
[2026-04-22 17:46:18.295] I (471) main_task: Started on CPU0
[2026-04-22 17:46:18.298] I (481) main_task: Calling app_main()
[2026-04-22 17:46:18.301] I (491) MAIN: MAC: f4:2d:c9:7a:5d:10
[2026-04-22 17:46:18.304] I (501) wifi:wifi driver task: 3ffc0700, prio:23, stack:6656, core=0
[2026-04-22 17:46:18.306] I (501) wifi:wifi firmware version: 79fa3f41ba
[2026-04-22 17:46:18.309] I (501) wifi:wifi certification version: v7.0
[2026-04-22 17:46:18.312] I (501) wifi:config NVS flash: enabled
[2026-04-22 17:46:18.316] I (501) wifi:config nano formatting: disabled
[2026-04-22 17:46:18.320] I (511) wifi:Init data frame dynamic rx buffer num: 32
[2026-04-22 17:46:18.322] I (511) wifi:Init static rx mgmt buffer num: 5
[2026-04-22 17:46:18.325] I (521) wifi:Init management short buffer num: 32
[2026-04-22 17:46:18.328] I (521) wifi:Init dynamic tx buffer num: 32
[2026-04-22 17:46:18.332] I (521) wifi:Init static rx buffer size: 1600
[2026-04-22 17:46:18.334] I (531) wifi:Init static rx buffer num: 10
[2026-04-22 17:46:18.337] I (531) wifi:Init dynamic rx buffer num: 32
[2026-04-22 17:46:18.338] I (541) wifi_init: rx ba win: 6
[2026-04-22 17:46:18.340] I (541) wifi_init: accept mbox: 6
[2026-04-22 17:46:18.343] I (541) wifi_init: tcpip mbox: 32
[2026-04-22 17:46:18.345] I (541) wifi_init: udp mbox: 6
[2026-04-22 17:46:18.347] I (551) wifi_init: tcp mbox: 6
[2026-04-22 17:46:18.348] I (551) wifi_init: tcp tx win: 5760
[2026-04-22 17:46:18.351] I (551) wifi_init: tcp rx win: 5760
[2026-04-22 17:46:18.353] I (561) wifi_init: tcp mss: 1440
[2026-04-22 17:46:18.356] I (561) wifi_init: WiFi IRAM OP enabled
[2026-04-22 17:46:18.358] I (561) wifi_init: WiFi RX IRAM OP enabled
[2026-04-22 17:46:18.362] I (571) phy_init: phy_version 4860,6b7a6e5,Feb  6 2025,14:47:07
[2026-04-22 17:46:18.439] I (661) wifi:mode : softAP (f4:2d:c9:7a:5d:11)
[2026-04-22 17:46:18.444] I (661) wifi:Total power save buffer number: 16
[2026-04-22 17:46:18.447] I (661) wifi:Init max length of beacon: 752/752
[2026-04-22 17:46:18.452] I (661) wifi:Init max length of beacon: 752/752
[2026-04-22 17:46:18.455] I (671) MAIN: WiFi initialized
[2026-04-22 17:46:18.458] I (671) MAIN: SENSOR mode — CAN ID: 0x5d10
[2026-04-22 17:46:18.461] I (671) ESPNOW: espnow [version: 2.0] init
[2026-04-22 17:46:18.466] I (681) SEND: Send processing task started
[2026-04-22 17:46:18.469] I (681) RECV: Receive processing task started
[2026-04-22 17:46:18.471] I (691) WCAN: WCAN initialized
[2026-04-22 17:46:18.477] I (691) ReadDataTask: ReadDataTask started with CAN ID 0x5d10
[2026-04-22 17:46:18.480] I (691) ReadDataTask: Sent counter=0
[2026-04-22 17:46:18.484] I (701) main_task: Returned from app_main()
[2026-04-22 17:46:19.472] I (1701) ReadDataTask: Sent counter=1
[2026-04-22 17:46:20.471] I (2701) ReadDataTask: Sent counter=2
[2026-04-22 17:46:21.471] I (3701) ReadDataTask: Sent counter=3
[2026-04-22 17:46:22.471] I (4701) ReadDataTask: Sent counter=4
[2026-04-22 17:46:23.471] I (5701) ReadDataTask: Sent counter=5
[2026-04-22 17:46:24.472] I (6701) ReadDataTask: Sent counter=6
[2026-04-22 17:46:25.471] I (7701) ReadDataTask: Sent counter=7
[2026-04-22 17:46:26.472] I (8701) ReadDataTask: Sent counter=8
[2026-04-22 17:46:27.471] I (9701) ReadDataTask: Sent counter=9
[2026-04-22 17:46:28.473] I (10701) ReadDataTask: Sent counter=10
[2026-04-22 17:46:29.472] I (11701) ReadDataTask: Sent counter=11
[2026-04-22 17:46:30.473] I (12701) ReadDataTask: Sent counter=12
[2026-04-22 17:46:31.472] I (13701) ReadDataTask: Sent counter=13
[2026-04-22 17:46:32.472] I (14701) ReadDataTask: Sent counter=14
[2026-04-22 17:46:33.473] I (15701) ReadDataTask: Sent counter=15
[2026-04-22 17:46:34.472] I (16701) ReadDataTask: Sent counter=16
[2026-04-22 17:46:35.473] I (17701) ReadDataTask: Sent counter=17
[2026-04-22 17:46:35.675] W (17901) RESEND: Timeout reached, resending 00005d10... Attempt: 1 of 3
[2026-04-22 17:46:36.472] I (18701) ReadDataTask: Sent counter=18
[2026-04-22 17:46:37.473] I (19701) ReadDataTask: Sent counter=19
[2026-04-22 17:46:38.473] I (20701) ReadDataTask: Sent counter=20
[2026-04-22 17:46:39.473] I (21701) ReadDataTask: Sent counter=21
[2026-04-22 17:46:40.473] I (22701) ReadDataTask: Sent counter=22
[2026-04-22 17:46:41.473] I (23701) ReadDataTask: Sent counter=23
[2026-04-22 17:46:42.473] I (24701) ReadDataTask: Sent counter=24
[2026-04-22 17:46:43.473] I (25701) ReadDataTask: Sent counter=25
[2026-04-22 17:46:44.473] I (26701) ReadDataTask: Sent counter=26
[2026-04-22 17:46:45.473] I (27701) ReadDataTask: Sent counter=27
[2026-04-22 17:46:46.473] I (28701) ReadDataTask: Sent counter=28
[2026-04-22 17:46:47.473] I (29701) ReadDataTask: Sent counter=29
[2026-04-22 17:46:48.474] I (30701) ReadDataTask: Sent counter=30

# Monitor stopped: 2026-04-22T17:46:48.474066
