# Monitor started: 2026-04-22T17:58:53.574993
# Port: COM24, Baud: 115200, Duration: 30s

[2026-04-22 17:58:53.578] size=18654hets Jul 29 2019 12:21:46
[2026-04-22 17:58:53.578] 
[2026-04-22 17:58:53.585] rst:0x1 (POWERON_RESET),boot:0x13 (SPI_FAST_FLASH_BOOT)
[2026-04-22 17:58:53.589] configsip: 0, SPIWP:0xee
[2026-04-22 17:58:53.598] clk_drv:0x00,q_drv:0x00,d_drv:0x00,cs0_drv:0x00,hd_drv:0x00,wp_drv:0x00
[2026-04-22 17:58:53.601] mode:DIO, clock div:2
[2026-04-22 17:58:53.604] load:0x3fff0030,len:6276
[2026-04-22 17:58:53.605] load:0x40078000,len:15748
[2026-04-22 17:58:53.609] load:0x40080400,len:4
[2026-04-22 17:58:53.611] ho 8 tail 4 room 4
[2026-04-22 17:58:53.615] load:0x40080404,len:3860
[2026-04-22 17:58:53.617] entry 0x4008063c
[2026-04-22 17:58:53.624] I (31) boot: ESP-IDF v5.4.1 2nd stage bootloader
[2026-04-22 17:58:53.630] I (31) boot: compile time Apr 22 2026 16:40:53
[2026-04-22 17:58:53.634] I (31) boot: Multicore bootloader
[2026-04-22 17:58:53.638] I (32) boot: chip revision: v3.1
[2026-04-22 17:58:53.642] I (35) boot.esp32: SPI Speed      : 40MHz
[2026-04-22 17:58:53.648] I (39) boot.esp32: SPI Mode       : DIO
[2026-04-22 17:58:53.653] I (43) boot.esp32: SPI Flash Size : 2MB
[2026-04-22 17:58:53.657] I (46) boot: Enabling RNG early entropy source...
[2026-04-22 17:58:53.661] I (51) boot: Partition Table:
[2026-04-22 17:58:53.669] I (53) boot: ## Label            Usage          Type ST Offset   Length
[2026-04-22 17:58:53.680] I (60) boot:  0 nvs              WiFi data        01 02 00009000 00006000
[2026-04-22 17:58:53.689] I (66) boot:  1 phy_init         RF data          01 01 0000f000 00001000
[2026-04-22 17:58:53.700] I (73) boot:  2 factory          factory app      00 00 00010000 00100000
[2026-04-22 17:58:53.704] I (79) boot: End of partition table
[2026-04-22 17:58:53.716] I (82) esp_image: segment 0: paddr=00010020 vaddr=3f400020 size=18654h ( 99924) map
[2026-04-22 17:58:53.728] I (124) esp_image: segment 1: paddr=0002867c vaddr=3ff80000 size=0001ch (    28) load
[2026-04-22 17:58:53.739] I (124) esp_image: segment 2: paddr=000286a0 vaddr=3ffb0000 size=03ea8h ( 16040) load
[2026-04-22 17:58:53.748] I (134) esp_image: segment 3: paddr=0002c550 vaddr=40080000 size=03ac8h ( 15048) load
[2026-04-22 17:58:53.759] I (141) esp_image: segment 4: paddr=00030020 vaddr=400d0020 size=7ff84h (524164) map
[2026-04-22 17:58:53.770] I (322) esp_image: segment 5: paddr=000affac vaddr=40083ac8 size=14260h ( 82528) load
[2026-04-22 17:58:53.777] I (366) boot: Loaded app from partition at offset 0x10000
[2026-04-22 17:58:53.783] I (366) boot: Disabling RNG early entropy source...
[2026-04-22 17:58:53.786] I (376) cpu_start: Multicore app
[2026-04-22 17:58:53.792] I (385) cpu_start: Pro cpu start user code
[2026-04-22 17:58:53.798] I (385) cpu_start: cpu freq: 160000000 Hz
[2026-04-22 17:58:53.803] I (385) app_init: Application information:
[2026-04-22 17:58:53.808] I (385) app_init: Project name:     sensor_acquirer
[2026-04-22 17:58:53.813] I (389) app_init: App version:      e468f2b-dirty
[2026-04-22 17:58:53.819] I (394) app_init: Compile time:     Apr 22 2026 16:39:58
[2026-04-22 17:58:53.825] I (399) app_init: ELF file SHA256:  91b0c478b...
[2026-04-22 17:58:53.830] I (403) app_init: ESP-IDF:          v5.4.1
[2026-04-22 17:58:53.836] I (407) efuse_init: Min chip rev:     v0.0
[2026-04-22 17:58:53.841] I (411) efuse_init: Max chip rev:     v3.99
[2026-04-22 17:58:53.847] I (415) efuse_init: Chip rev:         v3.1
[2026-04-22 17:58:53.854] I (419) heap_init: Initializing. RAM available for dynamic allocation:
[2026-04-22 17:58:53.861] I (425) heap_init: At 3FFAE6E0 len 00001920 (6 KiB): DRAM
[2026-04-22 17:58:53.870] I (430) heap_init: At 3FFB82B8 len 00027D48 (159 KiB): DRAM
[2026-04-22 17:58:53.879] I (435) heap_init: At 3FFE0440 len 00003AE0 (14 KiB): D/IRAM
[2026-04-22 17:58:53.888] I (441) heap_init: At 3FFE4350 len 0001BCB0 (111 KiB): D/IRAM
[2026-04-22 17:58:53.894] I (446) heap_init: At 40097D28 len 000082D8 (32 KiB): IRAM
[2026-04-22 17:58:53.901] I (453) spi_flash: detected chip: generic
[2026-04-22 17:58:53.904] I (455) spi_flash: flash io: dio
[2026-04-22 17:58:53.920] W (458) spi_flash: Detected size(4096k) larger than the size in the binary image header(2048k). Using the size in the binary image header.
[2026-04-22 17:58:53.921] I (471) main_task: Started on CPU0
[2026-04-22 17:58:53.927] I (481) main_task: Calling app_main()
[2026-04-22 17:58:53.932] I (491) MAIN: MAC: 28:05:a5:31:c9:78
[2026-04-22 17:58:53.939] I (501) wifi:wifi driver task: 3ffc067c, prio:23, stack:6656, core=0
[2026-04-22 17:58:53.944] I (501) wifi:wifi firmware version: 79fa3f41ba
[2026-04-22 17:58:53.950] I (501) wifi:wifi certification version: v7.0
[2026-04-22 17:58:53.955] I (501) wifi:config NVS flash: enabled
[2026-04-22 17:58:53.961] I (501) wifi:config nano formatting: disabled
[2026-04-22 17:58:53.967] I (511) wifi:Init data frame dynamic rx buffer num: 32
[2026-04-22 17:58:53.973] I (511) wifi:Init static rx mgmt buffer num: 5
[2026-04-22 17:58:53.980] I (521) wifi:Init management short buffer num: 32
[2026-04-22 17:58:53.987] I (521) wifi:Init dynamic tx buffer num: 32
[2026-04-22 17:58:53.994] I (521) wifi:Init static rx buffer size: 1600
[2026-04-22 17:58:53.999] I (531) wifi:Init static rx buffer num: 10
[2026-04-22 17:58:54.005] I (531) wifi:Init dynamic rx buffer num: 32
[2026-04-22 17:58:54.008] I (541) wifi_init: rx ba win: 6
[2026-04-22 17:58:54.014] I (541) wifi_init: accept mbox: 6
[2026-04-22 17:58:54.019] I (541) wifi_init: tcpip mbox: 32
[2026-04-22 17:58:54.027] I (551) wifi_init: udp mbox: 6
[2026-04-22 17:58:54.033] I (551) wifi_init: tcp mbox: 6
[2026-04-22 17:58:54.041] I (551) wifi_init: tcp tx win: 5760
[2026-04-22 17:58:54.047] I (551) wifi_init: tcp rx win: 5760
[2026-04-22 17:58:54.053] I (561) wifi_init: tcp mss: 1440
[2026-04-22 17:58:54.062] I (561) wifi_init: WiFi IRAM OP enabled
[2026-04-22 17:58:54.071] I (561) wifi_init: WiFi RX IRAM OP enabled
[2026-04-22 17:58:54.084] I (571) phy_init: phy_version 4860,6b7a6e5,Feb  6 2025,14:47:07
[2026-04-22 17:58:54.093] I (661) wifi:mode : softAP (28:05:a5:31:c9:79)
[2026-04-22 17:58:54.099] I (661) wifi:Total power save buffer number: 16
[2026-04-22 17:58:54.103] I (661) wifi:Init max length of beacon: 752/752
[2026-04-22 17:58:54.107] I (671) wifi:Init max length of beacon: 752/752
[2026-04-22 17:58:54.109] I (671) MAIN: WiFi initialized
[2026-04-22 17:58:54.112] I (671) MAIN: SENSOR mode — CAN ID: 0xc978
[2026-04-22 17:58:54.114] I (681) ESPNOW: espnow [version: 2.0] init
[2026-04-22 17:58:54.115] I (681) SEND: Send processing task started
[2026-04-22 17:58:54.118] I (681) RECV: Receive processing task started
[2026-04-22 17:58:54.120] I (691) WCAN: WCAN initialized
[2026-04-22 17:58:54.124] I (691) ReadDataTask: ReadDataTask started with CAN ID 0xc978
[2026-04-22 17:58:54.126] I (701) ReadDataTask: Sent counter=0
[2026-04-22 17:58:54.131] I (701) main_task: Returned from app_main()
[2026-04-22 17:58:54.780] I (1701) ReadDataTask: Sent counter=1
[2026-04-22 17:58:55.780] I (2701) ReadDataTask: Sent counter=2
[2026-04-22 17:58:55.983] W (2901) RESEND: Timeout reached, resending 0000c978... Attempt: 1 of 3
[2026-04-22 17:58:56.780] I (3701) ReadDataTask: Sent counter=3
[2026-04-22 17:58:57.780] I (4701) ReadDataTask: Sent counter=4
[2026-04-22 17:58:58.780] I (5701) ReadDataTask: Sent counter=5
[2026-04-22 17:58:59.781] I (6701) ReadDataTask: Sent counter=6
[2026-04-22 17:59:00.780] I (7701) ReadDataTask: Sent counter=7
[2026-04-22 17:59:01.781] I (8701) ReadDataTask: Sent counter=8
[2026-04-22 17:59:01.983] W (8901) RESEND: Timeout reached, resending 0000c978... Attempt: 1 of 3
[2026-04-22 17:59:02.781] I (9701) ReadDataTask: Sent counter=9
[2026-04-22 17:59:02.984] W (9901) RESEND: Timeout reached, resending 0000c978... Attempt: 1 of 3
[2026-04-22 17:59:03.780] I (10701) ReadDataTask: Sent counter=10
[2026-04-22 17:59:04.781] I (11701) ReadDataTask: Sent counter=11
[2026-04-22 17:59:05.781] I (12701) ReadDataTask: Sent counter=12
[2026-04-22 17:59:06.781] I (13701) ReadDataTask: Sent counter=13
[2026-04-22 17:59:07.781] I (14701) ReadDataTask: Sent counter=14
[2026-04-22 17:59:08.781] I (15701) ReadDataTask: Sent counter=15
[2026-04-22 17:59:09.781] I (16701) ReadDataTask: Sent counter=16
[2026-04-22 17:59:10.783] I (17701) ReadDataTask: Sent counter=17
[2026-04-22 17:59:11.781] I (18701) ReadDataTask: Sent counter=18
[2026-04-22 17:59:12.781] I (19701) ReadDataTask: Sent counter=19
[2026-04-22 17:59:13.781] I (20701) ReadDataTask: Sent counter=20
[2026-04-22 17:59:14.781] I (21701) ReadDataTask: Sent counter=21
[2026-04-22 17:59:15.781] I (22701) ReadDataTask: Sent counter=22
[2026-04-22 17:59:16.781] I (23701) ReadDataTask: Sent counter=23
[2026-04-22 17:59:17.782] I (24701) ReadDataTask: Sent counter=24
[2026-04-22 17:59:18.782] I (25701) ReadDataTask: Sent counter=25
[2026-04-22 17:59:19.782] I (26701) ReadDataTask: Sent counter=26
[2026-04-22 17:59:20.782] I (27701) ReadDataTask: Sent counter=27
[2026-04-22 17:59:21.782] I (28701) ReadDataTask: Sent counter=28
[2026-04-22 17:59:22.782] I (29701) ReadDataTask: Sent counter=29
[2026-04-22 17:59:23.782] I (30701) ReadDataTask: Sent counter=30

# Monitor stopped: 2026-04-22T17:59:23.782323
