# Monitor started: 2026-04-22T17:56:11.672349
# Port: COM11, Baud: 115200, Duration: 30s

[2026-04-22 17:56:11.672] I (101) esp_image: segment 2: paddr=0002aee4 vaddr=40380000 sizeESP-ROM:esp32c3-api1-20210207
[2026-04-22 17:56:11.673] Build:Feb  7 2021
[2026-04-22 17:56:11.673] rst:0x15 (USB_UART_CHIP_RESET),boot:0xd (SPI_FAST_FLASH_BOOT)
[2026-04-22 17:56:11.673] Saved PC:0x40384ec6
[2026-04-22 17:56:11.673] SPIWP:0xee
[2026-04-22 17:56:11.673] mode:DIO, clock div:1
[2026-04-22 17:56:11.673] load:0x3fcd5820,len:0x1574
[2026-04-22 17:56:11.674] load:0x403cc710,len:0xc30
[2026-04-22 17:56:11.674] load:0x403ce710,len:0x2f64
[2026-04-22 17:56:11.674] entry 0x403cc71a
[2026-04-22 17:56:11.674] I (24) boot: ESP-IDF v5.4.1 2nd stage bootloader
[2026-04-22 17:56:11.675] I (24) boot: compile time Apr 22 2026 16:20:48
[2026-04-22 17:56:11.676] I (25) boot: chip revision: v0.4
[2026-04-22 17:56:11.676] I (25) boot: efuse block revision: v1.3
[2026-04-22 17:56:11.676] I (28) boot.esp32c3: SPI Speed      : 80MHz
[2026-04-22 17:56:11.677] I (32) boot.esp32c3: SPI Mode       : DIO
[2026-04-22 17:56:11.677] I (36) boot.esp32c3: SPI Flash Size : 2MB
[2026-04-22 17:56:11.687] I (39) boot: Enabling RNG early entropy source...
[2026-04-22 17:56:11.689] I (44) boot: Partition Table:
[2026-04-22 17:56:11.694] I (46) boot: ## Label            Usage          Type ST Offset   Length
[2026-04-22 17:56:11.700] I (53) boot:  0 nvs              WiFi data        01 02 00009000 00006000
[2026-04-22 17:56:11.708] I (59) boot:  1 phy_init         RF data          01 01 0000f000 00001000
[2026-04-22 17:56:11.718] I (66) boot:  2 factory          factory app      00 00 00010000 00100000
[2026-04-22 17:56:11.724] I (72) boot: End of partition table
[2026-04-22 17:56:11.736] I (76) esp_image: segment 0: paddr=00010020 vaddr=3c090020 size=18114h ( 98580) map
[2026-04-22 17:56:11.745] I (99) esp_image: segment 1: paddr=0002813c vaddr=3fc94000 size=02da0h ( 11680) load
[2026-04-22 17:56:11.757] I (101) esp_image: segment 2: paddr=0002aee4 vaddr=40380000 size=05134h ( 20788) load
[2026-04-22 17:56:11.768] I (106) esp_image: segment 3: paddr=00030020 vaddr=42000020 size=8eaa8h (584360) map
[2026-04-22 17:56:11.780] I (203) esp_image: segment 4: paddr=000bead0 vaddr=40385134 size=0ede8h ( 60904) load
[2026-04-22 17:56:11.791] I (215) esp_image: segment 5: paddr=000cd8c0 vaddr=50000200 size=0001ch (    28) load
[2026-04-22 17:56:11.798] I (221) boot: Loaded app from partition at offset 0x10000
[2026-04-22 17:56:11.806] I (221) boot: Disabling RNG early entropy source...
[2026-04-22 17:56:11.810] I (232) cpu_start: Unicore app
[2026-04-22 17:56:11.813] I (241) cpu_start: Pro cpu start user code
[2026-04-22 17:56:11.818] I (241) cpu_start: cpu freq: 160000000 Hz
[2026-04-22 17:56:11.821] I (241) app_init: Application information:
[2026-04-22 17:56:11.828] I (241) app_init: Project name:     sensor_acquirer
[2026-04-22 17:56:11.834] I (245) app_init: App version:      e468f2b-dirty
[2026-04-22 17:56:11.840] I (250) app_init: Compile time:     Apr 22 2026 16:19:54
[2026-04-22 17:56:11.847] I (255) app_init: ELF file SHA256:  21c97d479...
[2026-04-22 17:56:11.853] I (259) app_init: ESP-IDF:          v5.4.1
[2026-04-22 17:56:11.859] I (263) efuse_init: Min chip rev:     v0.3
[2026-04-22 17:56:11.862] I (267) efuse_init: Max chip rev:     v1.99
[2026-04-22 17:56:11.867] I (271) efuse_init: Chip rev:         v0.4
[2026-04-22 17:56:11.876] I (275) heap_init: Initializing. RAM available for dynamic allocation:
[2026-04-22 17:56:11.883] I (281) heap_init: At 3FC9B1B0 len 00024E50 (147 KiB): RAM
[2026-04-22 17:56:11.890] I (286) heap_init: At 3FCC0000 len 0001C710 (113 KiB): Retention RAM
[2026-04-22 17:56:11.899] I (292) heap_init: At 3FCDC710 len 00002950 (10 KiB): Retention RAM
[2026-04-22 17:56:11.905] I (298) heap_init: At 5000021C len 00001DCC (7 KiB): RTCRAM
[2026-04-22 17:56:11.910] I (304) spi_flash: detected chip: generic
[2026-04-22 17:56:11.914] I (307) spi_flash: flash io: dio
[2026-04-22 17:56:11.930] W (310) spi_flash: Detected size(4096k) larger than the size in the binary image header(2048k). Using the size in the binary image header.
[2026-04-22 17:56:11.938] I (323) sleep_gpio: Configure to isolate all GPIO pins in sleep state
[2026-04-22 17:56:11.947] I (328) sleep_gpio: Enable automatic switching of GPIO sleep configuration
[2026-04-22 17:56:11.950] I (335) main_task: Started on CPU0
[2026-04-22 17:56:11.955] I (335) main_task: Calling app_main()
[2026-04-22 17:56:11.960] I (335) MAIN: MAC: 54:32:04:8c:0b:8c
[2026-04-22 17:56:11.963] I (345) pp: pp rom version: 9387209
[2026-04-22 17:56:11.969] I (345) net80211: net80211 rom version: 9387209
[2026-04-22 17:56:11.979] I (355) wifi:wifi driver task: 3fca4114, prio:23, stack:6656, core=0
[2026-04-22 17:56:11.986] I (355) wifi:wifi firmware version: 79fa3f41ba
[2026-04-22 17:56:11.992] I (355) wifi:wifi certification version: v7.0
[2026-04-22 17:56:11.998] I (365) wifi:config NVS flash: enabled
[2026-04-22 17:56:12.006] I (365) wifi:config nano formatting: disabled
[2026-04-22 17:56:12.015] I (365) wifi:Init data frame dynamic rx buffer num: 32
[2026-04-22 17:56:12.022] I (375) wifi:Init static rx mgmt buffer num: 5
[2026-04-22 17:56:12.031] I (375) wifi:Init management short buffer num: 32
[2026-04-22 17:56:12.037] I (385) wifi:Init dynamic tx buffer num: 32
[2026-04-22 17:56:12.045] I (385) wifi:Init static tx FG buffer num: 2
[2026-04-22 17:56:12.052] I (395) wifi:Init static rx buffer size: 1600
[2026-04-22 17:56:12.058] I (395) wifi:Init static rx buffer num: 10
[2026-04-22 17:56:12.065] I (395) wifi:Init dynamic rx buffer num: 32
[2026-04-22 17:56:12.070] I (405) wifi_init: rx ba win: 6
[2026-04-22 17:56:12.076] I (405) wifi_init: accept mbox: 6
[2026-04-22 17:56:12.081] I (405) wifi_init: tcpip mbox: 32
[2026-04-22 17:56:12.085] I (415) wifi_init: udp mbox: 6
[2026-04-22 17:56:12.091] I (415) wifi_init: tcp mbox: 6
[2026-04-22 17:56:12.097] I (415) wifi_init: tcp tx win: 5760
[2026-04-22 17:56:12.102] I (415) wifi_init: tcp rx win: 5760
[2026-04-22 17:56:12.107] I (425) wifi_init: tcp mss: 1440
[2026-04-22 17:56:12.113] I (425) wifi_init: WiFi IRAM OP enabled
[2026-04-22 17:56:12.119] I (425) wifi_init: WiFi RX IRAM OP enabled
[2026-04-22 17:56:12.132] I (435) phy_init: phy_version 1200,2b7123f9,Feb 18 2025,15:22:21
[2026-04-22 17:56:12.139] I (475) wifi:mode : softAP (54:32:04:8c:0b:8d)
[2026-04-22 17:56:12.146] I (475) wifi:Total power save buffer number: 16
[2026-04-22 17:56:12.151] I (475) wifi:Init max length of beacon: 752/752
[2026-04-22 17:56:12.157] I (475) wifi:Init max length of beacon: 752/752
[2026-04-22 17:56:12.161] I (475) MAIN: WiFi initialized
[2026-04-22 17:56:12.167] I (485) MAIN: RECEIVER mode — accepting all CAN IDs
[2026-04-22 17:56:12.173] I (485) ESPNOW: espnow [version: 2.0] init
[2026-04-22 17:56:12.178] I (495) SEND: Send processing task started
[2026-04-22 17:56:12.183] I (495) RECV: Receive processing task started
[2026-04-22 17:56:12.185] I (495) WCAN: WCAN initialized
[2026-04-22 17:56:12.189] I (505) main_task: Returned from app_main()
[2026-04-22 17:56:12.191] I (905) USER-RECV: Received [d6d0] len=4 counter=0
[2026-04-22 17:56:12.193] I (905) USER-RECV: Received [5d10] len=4 counter=0
[2026-04-22 17:56:12.195] I (905) USER-RECV: Received [c978] len=4 counter=0
[2026-04-22 17:56:12.881] I (1905) USER-RECV: Received [5d10] len=4 counter=1
[2026-04-22 17:56:12.882] I (1905) USER-RECV: Received [d6d0] len=4 counter=1
[2026-04-22 17:56:12.883] I (1905) USER-RECV: Received [c978] len=4 counter=1
[2026-04-22 17:56:13.880] I (2905) USER-RECV: Received [c978] len=4 counter=2
[2026-04-22 17:56:13.882] I (2905) USER-RECV: Received [5d10] len=4 counter=2
[2026-04-22 17:56:13.883] I (2905) USER-RECV: Received [d6d0] len=4 counter=2
[2026-04-22 17:56:14.880] I (3905) USER-RECV: Received [c978] len=4 counter=3
[2026-04-22 17:56:14.902] I (3905) USER-RECV: Received [d6d0] len=4 counter=3
[2026-04-22 17:56:14.903] I (3905) USER-RECV: Received [5d10] len=4 counter=3
[2026-04-22 17:56:15.881] I (4905) USER-RECV: Received [c978] len=4 counter=4
[2026-04-22 17:56:15.883] I (4905) USER-RECV: Received [d6d0] len=4 counter=4
[2026-04-22 17:56:15.884] I (4905) USER-RECV: Received [5d10] len=4 counter=4
[2026-04-22 17:56:16.889] I (5905) USER-RECV: Received [c978] len=4 counter=5
[2026-04-22 17:56:16.890] I (5905) USER-RECV: Received [5d10] len=4 counter=5
[2026-04-22 17:56:16.893] I (5905) USER-RECV: Received [d6d0] len=4 counter=5
[2026-04-22 17:56:17.881] I (6905) USER-RECV: Received [c978] len=4 counter=6
[2026-04-22 17:56:17.883] I (6905) USER-RECV: Received [5d10] len=4 counter=6
[2026-04-22 17:56:17.883] I (6905) USER-RECV: Received [d6d0] len=4 counter=6
[2026-04-22 17:56:18.881] I (7905) USER-RECV: Received [c978] len=4 counter=7
[2026-04-22 17:56:18.883] I (7905) USER-RECV: Received [d6d0] len=4 counter=7
[2026-04-22 17:56:18.884] I (7905) USER-RECV: Received [5d10] len=4 counter=7
[2026-04-22 17:56:19.880] I (8905) USER-RECV: Received [5d10] len=4 counter=8
[2026-04-22 17:56:19.881] I (8905) USER-RECV: Received [d6d0] len=4 counter=8
[2026-04-22 17:56:19.882] I (8905) USER-RECV: Received [c978] len=4 counter=8
[2026-04-22 17:56:20.880] I (9905) USER-RECV: Received [d6d0] len=4 counter=9
[2026-04-22 17:56:20.882] I (9905) USER-RECV: Received [5d10] len=4 counter=9
[2026-04-22 17:56:21.079] I (10105) USER-RECV: Received [c978] len=4 counter=9
[2026-04-22 17:56:21.879] I (10905) USER-RECV: Received [c978] len=4 counter=10
[2026-04-22 17:56:21.881] I (10905) USER-RECV: Received [5d10] len=4 counter=10
[2026-04-22 17:56:22.880] I (11905) USER-RECV: Received [c978] len=4 counter=11
[2026-04-22 17:56:22.881] I (11905) USER-RECV: Received [5d10] len=4 counter=11
[2026-04-22 17:56:22.882] I (11905) USER-RECV: Received [d6d0] len=4 counter=11
[2026-04-22 17:56:23.880] I (12905) USER-RECV: Received [c978] len=4 counter=12
[2026-04-22 17:56:23.880] I (12905) USER-RECV: Received [d6d0] len=4 counter=12
[2026-04-22 17:56:24.079] I (13105) USER-RECV: Received [5d10] len=4 counter=12
[2026-04-22 17:56:24.882] I (13905) USER-RECV: Received [c978] len=4 counter=13
[2026-04-22 17:56:24.884] I (13905) USER-RECV: Received [5d10] len=4 counter=13
[2026-04-22 17:56:24.885] I (13905) USER-RECV: Received [d6d0] len=4 counter=13
[2026-04-22 17:56:25.881] I (14905) USER-RECV: Received [5d10] len=4 counter=14
[2026-04-22 17:56:25.883] I (14905) USER-RECV: Received [c978] len=4 counter=14
[2026-04-22 17:56:25.884] I (14905) USER-RECV: Received [d6d0] len=4 counter=14
[2026-04-22 17:56:26.880] I (15905) USER-RECV: Received [c978] len=4 counter=15
[2026-04-22 17:56:26.883] I (15905) USER-RECV: Received [d6d0] len=4 counter=15
[2026-04-22 17:56:26.883] I (15905) USER-RECV: Received [5d10] len=4 counter=15
[2026-04-22 17:56:27.880] I (16905) USER-RECV: Received [c978] len=4 counter=16
[2026-04-22 17:56:27.883] I (16905) USER-RECV: Received [5d10] len=4 counter=16
[2026-04-22 17:56:28.879] I (17905) USER-RECV: Received [c978] len=4 counter=17
[2026-04-22 17:56:28.883] I (17905) USER-RECV: Received [5d10] len=4 counter=17
[2026-04-22 17:56:28.883] I (17905) USER-RECV: Received [d6d0] len=4 counter=17
[2026-04-22 17:56:29.882] I (18905) USER-RECV: Received [c978] len=4 counter=18
[2026-04-22 17:56:29.884] I (18905) USER-RECV: Received [5d10] len=4 counter=18
[2026-04-22 17:56:30.882] I (19905) USER-RECV: Received [c978] len=4 counter=19
[2026-04-22 17:56:30.882] I (19905) USER-RECV: Received [5d10] len=4 counter=19
[2026-04-22 17:56:31.881] I (20905) USER-RECV: Received [c978] len=4 counter=20
[2026-04-22 17:56:31.882] I (20905) USER-RECV: Received [d6d0] len=4 counter=20
[2026-04-22 17:56:32.081] I (21105) USER-RECV: Received [5d10] len=4 counter=20
[2026-04-22 17:56:32.882] I (21905) USER-RECV: Received [c978] len=4 counter=21
[2026-04-22 17:56:32.884] I (21905) USER-RECV: Received [5d10] len=4 counter=21
[2026-04-22 17:56:33.880] I (22905) USER-RECV: Received [c978] len=4 counter=22
[2026-04-22 17:56:33.882] I (22905) USER-RECV: Received [d6d0] len=4 counter=22
[2026-04-22 17:56:33.883] I (22905) USER-RECV: Received [5d10] len=4 counter=22
[2026-04-22 17:56:34.881] I (23905) USER-RECV: Received [c978] len=4 counter=23
[2026-04-22 17:56:34.884] I (23905) USER-RECV: Received [5d10] len=4 counter=23
[2026-04-22 17:56:34.884] I (23905) USER-RECV: Received [d6d0] len=4 counter=23
[2026-04-22 17:56:35.885] I (24905) USER-RECV: Received [c978] len=4 counter=24
[2026-04-22 17:56:35.886] I (24905) USER-RECV: Received [d6d0] len=4 counter=24
[2026-04-22 17:56:36.081] I (25105) USER-RECV: Received [5d10] len=4 counter=24
[2026-04-22 17:56:36.881] I (25905) USER-RECV: Received [c978] len=4 counter=25
[2026-04-22 17:56:36.883] I (25905) USER-RECV: Received [d6d0] len=4 counter=25
[2026-04-22 17:56:36.884] I (25905) USER-RECV: Received [5d10] len=4 counter=25
[2026-04-22 17:56:37.884] I (26905) USER-RECV: Received [c978] len=4 counter=26
[2026-04-22 17:56:37.885] I (26905) USER-RECV: Received [d6d0] len=4 counter=26
[2026-04-22 17:56:38.080] I (27105) USER-RECV: Received [5d10] len=4 counter=26
[2026-04-22 17:56:38.881] I (27905) USER-RECV: Received [c978] len=4 counter=27
[2026-04-22 17:56:38.881] I (27905) USER-RECV: Received [5d10] len=4 counter=27
[2026-04-22 17:56:39.884] I (28905) USER-RECV: Received [c978] len=4 counter=28
[2026-04-22 17:56:39.886] I (28905) USER-RECV: Received [d6d0] len=4 counter=28
[2026-04-22 17:56:39.888] I (28905) USER-RECV: Received [5d10] len=4 counter=28
[2026-04-22 17:56:40.884] I (29905) USER-RECV: Received [c978] len=4 counter=29
[2026-04-22 17:56:40.886] I (29905) USER-RECV: Received [5d10] len=4 counter=29
[2026-04-22 17:56:41.882] I (30905) USER-RECV: Received [c978] len=4 counter=30

# Monitor stopped: 2026-04-22T17:56:41.882896
