# Monitor started: 2026-04-22T17:45:24.529546
# Port: COM21, Baud: 115200, Duration: 30s

[2026-04-22 17:45:24.530] size=18�ets Jul 29 2019 12:21:46
[2026-04-22 17:45:24.530] 
[2026-04-22 17:45:24.534] rst:0x1 (POWERON_RESET),boot:0x13 (SPI_FAST_FLASH_BOOT)
[2026-04-22 17:45:24.535] configsip: 0, SPIWP:0xee
[2026-04-22 17:45:24.541] clk_drv:0x00,q_drv:0x00,d_drv:0x00,cs0_drv:0x00,hd_drv:0x00,wp_drv:0x00
[2026-04-22 17:45:24.542] mode:DIO, clock div:2
[2026-04-22 17:45:24.544] load:0x3fff0030,len:6276
[2026-04-22 17:45:24.546] load:0x40078000,len:15748
[2026-04-22 17:45:24.547] load:0x40080400,len:4
[2026-04-22 17:45:24.549] ho 8 tail 4 room 4
[2026-04-22 17:45:24.551] load:0x40080404,len:3860
[2026-04-22 17:45:24.554] entry 0x4008063c
[2026-04-22 17:45:24.558] I (31) boot: ESP-IDF v5.4.1 2nd stage bootloader
[2026-04-22 17:45:24.564] I (31) boot: compile time Apr 22 2026 16:40:53
[2026-04-22 17:45:24.568] I (31) boot: Multicore bootloader
[2026-04-22 17:45:24.572] I (32) boot: chip revision: v3.1
[2026-04-22 17:45:24.576] I (35) boot.esp32: SPI Speed      : 40MHz
[2026-04-22 17:45:24.580] I (39) boot.esp32: SPI Mode       : DIO
[2026-04-22 17:45:24.585] I (43) boot.esp32: SPI Flash Size : 2MB
[2026-04-22 17:45:24.589] I (46) boot: Enabling RNG early entropy source...
[2026-04-22 17:45:24.592] I (51) boot: Partition Table:
[2026-04-22 17:45:24.598] I (53) boot: ## Label            Usage          Type ST Offset   Length
[2026-04-22 17:45:24.606] I (60) boot:  0 nvs              WiFi data        01 02 00009000 00006000
[2026-04-22 17:45:24.613] I (66) boot:  1 phy_init         RF data          01 01 0000f000 00001000
[2026-04-22 17:45:24.621] I (73) boot:  2 factory          factory app      00 00 00010000 00100000
[2026-04-22 17:45:24.623] I (79) boot: End of partition table
[2026-04-22 17:45:24.630] I (82) esp_image: segment 0: paddr=00010020 vaddr=3f400020 size=18654h ( 99924) map
[2026-04-22 17:45:24.636] I (124) esp_image: segment 1: paddr=0002867c vaddr=3ff80000 size=0001ch (    28) load
[2026-04-22 17:45:24.643] I (124) esp_image: segment 2: paddr=000286a0 vaddr=3ffb0000 size=03ea8h ( 16040) load
[2026-04-22 17:45:24.649] I (134) esp_image: segment 3: paddr=0002c550 vaddr=40080000 size=03ac8h ( 15048) load
[2026-04-22 17:45:24.654] I (141) esp_image: segment 4: paddr=00030020 vaddr=400d0020 size=7ff84h (524164) map
[2026-04-22 17:45:24.660] I (322) esp_image: segment 5: paddr=000affac vaddr=40083ac8 size=14260h ( 82528) load
[2026-04-22 17:45:24.664] I (366) boot: Loaded app from partition at offset 0x10000
[2026-04-22 17:45:24.667] I (366) boot: Disabling RNG early entropy source...
[2026-04-22 17:45:24.670] I (376) cpu_start: Multicore app
[2026-04-22 17:45:24.672] I (385) cpu_start: Pro cpu start user code
[2026-04-22 17:45:24.675] I (385) cpu_start: cpu freq: 160000000 Hz
[2026-04-22 17:45:24.678] I (385) app_init: Application information:
[2026-04-22 17:45:24.681] I (385) app_init: Project name:     sensor_acquirer
[2026-04-22 17:45:24.685] I (389) app_init: App version:      e468f2b-dirty
[2026-04-22 17:45:24.689] I (394) app_init: Compile time:     Apr 22 2026 16:39:58
[2026-04-22 17:45:24.692] I (399) app_init: ELF file SHA256:  91b0c478b...
[2026-04-22 17:45:24.695] I (403) app_init: ESP-IDF:          v5.4.1
[2026-04-22 17:45:24.698] I (407) efuse_init: Min chip rev:     v0.0
[2026-04-22 17:45:24.701] I (411) efuse_init: Max chip rev:     v3.99
[2026-04-22 17:45:24.704] I (415) efuse_init: Chip rev:         v3.1
[2026-04-22 17:45:24.709] I (419) heap_init: Initializing. RAM available for dynamic allocation:
[2026-04-22 17:45:24.713] I (425) heap_init: At 3FFAE6E0 len 00001920 (6 KiB): DRAM
[2026-04-22 17:45:24.717] I (430) heap_init: At 3FFB82B8 len 00027D48 (159 KiB): DRAM
[2026-04-22 17:45:24.734] I (435) heap_init: At 3FFE0440 len 00003AE0 (14 KiB): D/IRAM
[2026-04-22 17:45:24.736] I (441) heap_init: At 3FFE4350 len 0001BCB0 (111 KiB): D/IRAM
[2026-04-22 17:45:24.737] I (446) heap_init: At 40097D28 len 000082D8 (32 KiB): IRAM
[2026-04-22 17:45:24.738] I (453) spi_flash: detected chip: generic
[2026-04-22 17:45:24.739] I (455) spi_flash: flash io: dio
[2026-04-22 17:45:24.742] W (458) spi_flash: Detected size(4096k) larger than the size in the binary image header(2048k). Using the size in the binary image header.
[2026-04-22 17:45:24.743] I (471) main_task: Started on CPU0
[2026-04-22 17:45:24.744] I (481) main_task: Calling app_main()
[2026-04-22 17:45:24.745] I (491) MAIN: MAC: f4:2d:c9:7a:5d:10
[2026-04-22 17:45:24.746] I (501) wifi:wifi driver task: 3ffc0700, prio:23, stack:6656, core=0
[2026-04-22 17:45:24.747] I (501) wifi:wifi firmware version: 79fa3f41ba
[2026-04-22 17:45:24.748] I (501) wifi:wifi certification version: v7.0
[2026-04-22 17:45:24.749] I (501) wifi:config NVS flash: enabled
[2026-04-22 17:45:24.751] I (501) wifi:config nano formatting: disabled
[2026-04-22 17:45:24.751] I (511) wifi:Init data frame dynamic rx buffer num: 32
[2026-04-22 17:45:24.752] I (511) wifi:Init static rx mgmt buffer num: 5
[2026-04-22 17:45:24.754] I (521) wifi:Init management short buffer num: 32
[2026-04-22 17:45:24.755] I (521) wifi:Init dynamic tx buffer num: 32
[2026-04-22 17:45:24.756] I (521) wifi:Init static rx buffer size: 1600
[2026-04-22 17:45:24.757] I (531) wifi:Init static rx buffer num: 10
[2026-04-22 17:45:24.758] I (531) wifi:Init dynamic rx buffer num: 32
[2026-04-22 17:45:24.760] I (541) wifi_init: rx ba win: 6
[2026-04-22 17:45:24.761] I (541) wifi_init: accept mbox: 6
[2026-04-22 17:45:24.761] I (541) wifi_init: tcpip mbox: 32
[2026-04-22 17:45:24.762] I (541) wifi_init: udp mbox: 6
[2026-04-22 17:45:24.763] I (551) wifi_init: tcp mbox: 6
[2026-04-22 17:45:24.764] I (551) wifi_init: tcp tx win: 5760
[2026-04-22 17:45:24.766] I (551) wifi_init: tcp rx win: 5760
[2026-04-22 17:45:24.768] I (561) wifi_init: tcp mss: 1440
[2026-04-22 17:45:24.771] I (561) wifi_init: WiFi IRAM OP enabled
[2026-04-22 17:45:24.774] I (561) wifi_init: WiFi RX IRAM OP enabled
[2026-04-22 17:45:24.778] I (571) phy_init: phy_version 4860,6b7a6e5,Feb  6 2025,14:47:07
[2026-04-22 17:45:24.778] I (661) wifi:mode : softAP (f4:2d:c9:7a:5d:11)
[2026-04-22 17:45:24.781] I (661) wifi:Total power save buffer number: 16
[2026-04-22 17:45:24.782] I (661) wifi:Init max length of beacon: 752/752
[2026-04-22 17:45:24.783] I (661) wifi:Init max length of beacon: 752/752
[2026-04-22 17:45:24.784] I (671) MAIN: WiFi initialized
[2026-04-22 17:45:24.786] I (671) MAIN: SENSOR mode — CAN ID: 0x5d10
[2026-04-22 17:45:24.788] I (671) ESPNOW: espnow [version: 2.0] init
[2026-04-22 17:45:24.790] I (681) SEND: Send processing task started
[2026-04-22 17:45:24.792] I (681) RECV: Receive processing task started
[2026-04-22 17:45:24.794] I (691) WCAN: WCAN initialized
[2026-04-22 17:45:24.797] I (691) ReadDataTask: ReadDataTask started with CAN ID 0x5d10
[2026-04-22 17:45:24.798] I (691) ReadDataTask: Sent counter=0
[2026-04-22 17:45:24.800] I (701) main_task: Returned from app_main()
[2026-04-22 17:45:25.737] I (1701) ReadDataTask: Sent counter=1
[2026-04-22 17:45:26.737] I (2701) ReadDataTask: Sent counter=2
[2026-04-22 17:45:27.737] I (3701) ReadDataTask: Sent counter=3
[2026-04-22 17:45:28.737] I (4701) ReadDataTask: Sent counter=4
[2026-04-22 17:45:29.736] I (5701) ReadDataTask: Sent counter=5
[2026-04-22 17:45:30.737] I (6701) ReadDataTask: Sent counter=6
[2026-04-22 17:45:31.737] I (7701) ReadDataTask: Sent counter=7
[2026-04-22 17:45:32.737] I (8701) ReadDataTask: Sent counter=8
[2026-04-22 17:45:33.737] I (9701) ReadDataTask: Sent counter=9
[2026-04-22 17:45:34.737] I (10701) ReadDataTask: Sent counter=10
[2026-04-22 17:45:35.737] I (11701) ReadDataTask: Sent counter=11
[2026-04-22 17:45:36.738] I (12701) ReadDataTask: Sent counter=12
[2026-04-22 17:45:37.738] I (13701) ReadDataTask: Sent counter=13
[2026-04-22 17:45:38.737] I (14701) ReadDataTask: Sent counter=14
[2026-04-22 17:45:39.737] I (15701) ReadDataTask: Sent counter=15
[2026-04-22 17:45:40.738] I (16701) ReadDataTask: Sent counter=16
[2026-04-22 17:45:41.738] I (17701) ReadDataTask: Sent counter=17
[2026-04-22 17:45:42.738] I (18701) ReadDataTask: Sent counter=18
[2026-04-22 17:45:43.738] I (19701) ReadDataTask: Sent counter=19
[2026-04-22 17:45:44.738] I (20701) ReadDataTask: Sent counter=20
[2026-04-22 17:45:45.738] I (21701) ReadDataTask: Sent counter=21
[2026-04-22 17:45:46.738] I (22701) ReadDataTask: Sent counter=22
[2026-04-22 17:45:47.738] I (23701) ReadDataTask: Sent counter=23
[2026-04-22 17:45:48.738] I (24701) ReadDataTask: Sent counter=24
[2026-04-22 17:45:49.738] I (25701) ReadDataTask: Sent counter=25
[2026-04-22 17:45:50.738] I (26701) ReadDataTask: Sent counter=26
[2026-04-22 17:45:51.738] I (27701) ReadDataTask: Sent counter=27
[2026-04-22 17:45:52.738] I (28701) ReadDataTask: Sent counter=28
[2026-04-22 17:45:53.738] I (29701) ReadDataTask: Sent counter=29
[2026-04-22 17:45:54.738] I (30701) ReadDataTask: Sent counter=30

# Monitor stopped: 2026-04-22T17:45:54.738957
