# Monitor started: 2026-05-23T15:08:42.782398
# Port: /dev/ttyACM0, Baud: 921600, Timeout: 35.000s after WCAN_TEST_START

# UART boot config: wcan v=1 role=sensor transport=BROADCAST test_duration_ms=30000 host_wait_time_ms=5000 base=0xd0 count=1 hz=200 linger=100
[2026-05-23 15:08:42.793] ESP-ROM:esp32c3-api1-20210207
[2026-05-23 15:08:42.798] Build:Feb  7 2021
[2026-05-23 15:08:42.821] rst:0x15 (USB_UART_CHIP_RESET),boot:0xd (SPI_FAST_FLASH_BOOT)
[2026-05-23 15:08:42.826] Saved PC:0x40384eba
[2026-05-23 15:08:42.831] SPIWP:0xee
[2026-05-23 15:08:42.841] mode:DIO, clock div:1
[2026-05-23 15:08:42.846] load:0x3fcd5820,len:0x1574
[2026-05-23 15:08:42.851] load:0x403cc710,len:0xc30
[2026-05-23 15:08:42.852] load:0x403ce710,len:0x2fa0
[2026-05-23 15:08:42.853] entry 0x403cc71a
[2026-05-23 15:08:42.856] I (24) boot: ESP-IDF v5.4.1 2nd stage bootloader
[2026-05-23 15:08:42.860] I (24) boot: compile time May 20 2026 00:05:32
[2026-05-23 15:08:42.863] I (24) boot: chip revision: v0.4
[2026-05-23 15:08:42.864] I (25) boot: efuse block revision: v1.3
[2026-05-23 15:08:42.867] I (25) boot.esp32c3: SPI Speed      : 80MHz
[2026-05-23 15:08:42.885] I (25) boot.esp32c3: SPI Mode       : DIO
[2026-05-23 15:08:42.902] I (26) boot.esp32c3: SPI Flash Size : 2MB
[2026-05-23 15:08:42.911] I (26) boot: Enabling RNG early entropy source...
[2026-05-23 15:08:42.916] I (27) boot: Partition Table:
[2026-05-23 15:08:42.919] I (27) boot: ## Label            Usage          Type ST Offset   Length
[2026-05-23 15:08:42.929] I (28) boot:  0 nvs              WiFi data        01 02 00009000 00006000
[2026-05-23 15:08:42.944] I (29) boot:  1 phy_init         RF data          01 01 0000f000 00001000
[2026-05-23 15:08:42.949] I (29) boot:  2 factory          factory app      00 00 00010000 00100000
[2026-05-23 15:08:42.950] I (30) boot: End of partition table
[2026-05-23 15:08:42.952] I (31) esp_image: segment 0: paddr=00010020 vaddr=3c0a0020 size=1977ch (104316) map
[2026-05-23 15:08:42.955] I (48) esp_image: segment 1: paddr=000297a4 vaddr=3fc95200 size=02da0h ( 11680) load
[2026-05-23 15:08:42.962] I (51) esp_image: segment 2: paddr=0002c54c vaddr=40380000 size=03acch ( 15052) load
[2026-05-23 15:08:42.967] I (54) esp_image: segment 3: paddr=00030020 vaddr=42000020 size=9942ch (627756) map
[2026-05-23 15:08:42.969] I (154) esp_image: segment 4: paddr=000c9454 vaddr=40383acc size=11614h ( 71188) load
[2026-05-23 15:08:42.972] I (168) esp_image: segment 5: paddr=000daa70 vaddr=50000200 size=0001ch (    28) load
[2026-05-23 15:08:42.973] I (175) boot: Loaded app from partition at offset 0x10000
[2026-05-23 15:08:42.975] I (175) boot: Disabling RNG early entropy source...
[2026-05-23 15:08:42.976] I (176) cpu_start: Unicore app
[2026-05-23 15:08:42.977] I (185) cpu_start: Pro cpu start user code
[2026-05-23 15:08:42.978] I (185) cpu_start: cpu freq: 160000000 Hz
[2026-05-23 15:08:42.979] I (185) app_init: Application information:
[2026-05-23 15:08:42.980] I (185) app_init: Project name:     sensor_acquirer
[2026-05-23 15:08:42.982] I (185) app_init: App version:      v1.0-171-gbbe0783
[2026-05-23 15:08:42.983] I (186) app_init: Compile time:     May 23 2026 14:30:31
[2026-05-23 15:08:42.983] I (186) app_init: ELF file SHA256:  493679023...
[2026-05-23 15:08:42.984] I (187) app_init: ESP-IDF:          v5.4.1
[2026-05-23 15:08:42.985] I (187) efuse_init: Min chip rev:     v0.3
[2026-05-23 15:08:42.986] I (188) efuse_init: Max chip rev:     v1.99
[2026-05-23 15:08:42.986] I (188) efuse_init: Chip rev:         v0.4
[2026-05-23 15:08:42.988] I (189) heap_init: Initializing. RAM available for dynamic allocation:
[2026-05-23 15:08:42.989] I (190) heap_init: At 3FC9C340 len 00023CC0 (143 KiB): RAM
[2026-05-23 15:08:42.990] I (190) heap_init: At 3FCC0000 len 0001C710 (113 KiB): Retention RAM
[2026-05-23 15:08:42.990] I (191) heap_init: At 3FCDC710 len 00002950 (10 KiB): Retention RAM
[2026-05-23 15:08:42.990] I (192) heap_init: At 5000021C len 00001DCC (7 KiB): RTCRAM
[2026-05-23 15:08:42.990] I (193) spi_flash: detected chip: generic
[2026-05-23 15:08:42.990] I (194) spi_flash: flash io: dio
[2026-05-23 15:08:42.991] W (194) spi_flash: Detected size(4096k) larger than the size in the binary image header(2048k). Using the size in the binary image header.
[2026-05-23 15:08:42.991] I (195) sleep_gpio: Configure to isolate all GPIO pins in sleep state
[2026-05-23 15:08:42.992] I (196) sleep_gpio: Enable automatic switching of GPIO sleep configuration
[2026-05-23 15:08:42.992] I (197) main_task: Started on CPU0
[2026-05-23 15:08:42.992] I (197) main_task: Calling app_main()
[2026-05-23 15:08:42.992] WCAN_CFG_WAIT v=1
# UART boot config sent: wcan v=1 role=sensor transport=BROADCAST test_duration_ms=30000 host_wait_time_ms=5000 base=0xd0 count=1 hz=200 linger=100
[2026-05-23 15:08:42.993] WCAN_CFG_WAIT v=1
[2026-05-23 15:08:45.440] WCAN_CFG_ACK
[2026-05-23 15:08:45.442] WCAN_CFG_ACK
[2026-05-23 15:08:45.447] I (2862) pp: pp rom version: 9387209
[2026-05-23 15:08:45.453] I (2863) net80211: net80211 rom version: 9387209
[2026-05-23 15:08:45.457] I (2864) wifi:wifi driver task: 3fca77a4, prio:23, stack:6656, core=0
[2026-05-23 15:08:45.461] I (2868) wifi:wifi firmware version: 79fa3f41ba
[2026-05-23 15:08:45.466] I (2868) wifi:wifi certification version: v7.0
[2026-05-23 15:08:45.470] I (2868) wifi:config NVS flash: enabled
[2026-05-23 15:08:45.474] I (2868) wifi:config nano formatting: disabled
[2026-05-23 15:08:45.477] I (2869) wifi:Init data frame dynamic rx buffer num: 32
[2026-05-23 15:08:45.479] I (2869) wifi:Init static rx mgmt buffer num: 5
[2026-05-23 15:08:45.483] I (2870) wifi:Init management short buffer num: 32
[2026-05-23 15:08:45.485] I (2870) wifi:Init dynamic tx buffer num: 32
[2026-05-23 15:08:45.487] I (2871) wifi:Init static tx FG buffer num: 2
[2026-05-23 15:08:45.489] I (2871) wifi:Init static rx buffer size: 1600
[2026-05-23 15:08:45.491] I (2872) wifi:Init static rx buffer num: 10
[2026-05-23 15:08:45.493] I (2872) wifi:Init dynamic rx buffer num: 32
[2026-05-23 15:08:45.494] I (2873) wifi_init: rx ba win: 6
[2026-05-23 15:08:45.495] I (2874) wifi_init: accept mbox: 6
[2026-05-23 15:08:45.496] I (2874) wifi_init: tcpip mbox: 32
[2026-05-23 15:08:45.497] I (2874) wifi_init: udp mbox: 6
[2026-05-23 15:08:45.498] I (2874) wifi_init: tcp mbox: 6
[2026-05-23 15:08:45.500] I (2875) wifi_init: tcp tx win: 5760
[2026-05-23 15:08:45.501] I (2875) wifi_init: tcp rx win: 5760
[2026-05-23 15:08:45.502] I (2876) wifi_init: tcp mss: 1440
[2026-05-23 15:08:45.503] I (2876) wifi_init: WiFi IRAM OP enabled
[2026-05-23 15:08:45.505] I (2876) wifi_init: WiFi RX IRAM OP enabled
[2026-05-23 15:08:45.506] I (2877) phy_init: phy_version 1200,2b7123f9,Feb 18 2025,15:22:21
[2026-05-23 15:08:45.508] I (2911) wifi:mode : sta (54:32:04:8c:0b:8c)
[2026-05-23 15:08:45.509] I (2911) wifi:enable tsf
[2026-05-23 15:08:45.510] I (2914) ESPNOW: espnow [version: 2.0] init
[2026-05-23 15:08:45.511] WCAN_TEST_READY role=sensor
# Waiting for phased test start
# UART test start sent: WCAN_TEST_START at 2026-05-23T15:08:45.522541
[2026-05-23 15:08:51.280] P(FAIL):8500:d0:47:987:1007:21
[2026-05-23 15:08:51.650] P(FAIL):8870:d0:49:1029:1049:21
[2026-05-23 15:08:56.242] P(FAIL):13462:d0:94:1974:1994:21
[2026-05-23 15:08:58.020] P(FAIL):15240:d0:112:2352:2372:21
[2026-05-23 15:08:58.366] P(FAIL):15586:d0:113:2373:2393:21
[2026-05-23 15:08:58.782] P(FAIL):16002:d0:119:2499:2519:21
[2026-05-23 15:09:00.719] P(FAIL):17939:d0:138:2898:2918:21
[2026-05-23 15:09:01.123] P(FAIL):18343:d0:141:2961:2981:21
[2026-05-23 15:09:15.876] P(FAIL):33096:d0:282:5922:5942:21
[2026-05-23 15:09:16.676] P(FAIL):33896:d0:283:5943:5963:21
[2026-05-23 15:09:16.831] WCAN_BATCH id=0xd0 count=286 avg_hz=9.52 avg_points=20.98 min_points=14 max_points=21 avg_interval_ms=105.00 min_interval_ms=104.89 max_interval_ms=105.10 avg_dispatch_ms=1.90 max_dispatch_ms=11.22 dispatched_count=311 avg_queue_wait_ms=38.59 max_queue_wait_ms=488.79
[2026-05-23 15:09:16.832] WCAN_SENSOR_END generated=5998 avg_hz=199.97
[2026-05-23 15:09:16.836] WCAN_MEASURES elapsed_ms=29999 heap_start_free=126648 heap_end_free=141436 heap_start_min_free=126548 heap_end_min_free=126124 heap_start_largest=98304 heap_end_largest=98304 airtime_us_total=586557 packets_sent_total=311 sensor_send_failures_total=0
[2026-05-23 15:09:16.837] WCAN_TEST_END role=sensor

# Monitor stopped: 2026-05-23T15:09:16.837259
