# Monitor started: 2026-05-23T15:08:42.783800
# Port: /dev/ttyACM1, Baud: 921600, Timeout: 35.000s after WCAN_TEST_START

# UART boot config: wcan v=1 role=sensor transport=BROADCAST test_duration_ms=30000 host_wait_time_ms=5000 base=0xe0 count=1 hz=200 linger=100
[2026-05-23 15:08:42.797] ESP-ROM:esp32c3-api1-20210207
[2026-05-23 15:08:42.802] Build:Feb  7 2021
[2026-05-23 15:08:42.819] rst:0x15 (USB_UART_CHIP_RESET),boot:0xd (SPI_FAST_FLASH_BOOT)
[2026-05-23 15:08:42.828] Saved PC:0x40384eba
[2026-05-23 15:08:42.834] SPIWP:0xee
[2026-05-23 15:08:42.841] mode:DIO, clock div:1
[2026-05-23 15:08:42.846] load:0x3fcd5820,len:0x1574
[2026-05-23 15:08:42.849] load:0x403cc710,len:0xc30
[2026-05-23 15:08:42.853] load:0x403ce710,len:0x2fa0
[2026-05-23 15:08:42.854] entry 0x403cc71a
[2026-05-23 15:08:42.857] I (24) boot: ESP-IDF v5.4.1 2nd stage bootloader
[2026-05-23 15:08:42.861] I (24) boot: compile time May 20 2026 00:05:32
[2026-05-23 15:08:42.865] I (24) boot: chip revision: v0.4
[2026-05-23 15:08:42.876] I (25) boot: efuse block revision: v1.3
[2026-05-23 15:08:42.877] I (25) boot.esp32c3: SPI Speed      : 80MHz
[2026-05-23 15:08:42.878] I (25) boot.esp32c3: SPI Mode       : DIO
[2026-05-23 15:08:42.882] I (26) boot.esp32c3: SPI Flash Size : 2MB
[2026-05-23 15:08:42.885] I (26) boot: Enabling RNG early entropy source...
[2026-05-23 15:08:42.886] I (27) boot: Partition Table:
[2026-05-23 15:08:42.892] I (27) boot: ## Label            Usage          Type ST Offset   Length
[2026-05-23 15:08:42.896] I (28) boot:  0 nvs              WiFi data        01 02 00009000 00006000
[2026-05-23 15:08:42.899] I (29) boot:  1 phy_init         RF data          01 01 0000f000 00001000
[2026-05-23 15:08:42.901] I (29) boot:  2 factory          factory app      00 00 00010000 00100000
[2026-05-23 15:08:42.904] I (30) boot: End of partition table
[2026-05-23 15:08:42.911] I (31) esp_image: segment 0: paddr=00010020 vaddr=3c0a0020 size=1977ch (104316) map
[2026-05-23 15:08:42.915] I (48) esp_image: segment 1: paddr=000297a4 vaddr=3fc95200 size=02da0h ( 11680) load
[2026-05-23 15:08:42.921] I (51) esp_image: segment 2: paddr=0002c54c vaddr=40380000 size=03acch ( 15052) load
[2026-05-23 15:08:42.926] I (54) esp_image: segment 3: paddr=00030020 vaddr=42000020 size=9942ch (627756) map
[2026-05-23 15:08:42.932] I (154) esp_image: segment 4: paddr=000c9454 vaddr=40383acc size=11614h ( 71188) load
[2026-05-23 15:08:42.945] I (168) esp_image: segment 5: paddr=000daa70 vaddr=50000200 size=0001ch (    28) load
[2026-05-23 15:08:42.948] I (175) boot: Loaded app from partition at offset 0x10000
[2026-05-23 15:08:42.952] I (175) boot: Disabling RNG early entropy source...
[2026-05-23 15:08:42.955] I (176) cpu_start: Unicore app
[2026-05-23 15:08:42.957] I (185) cpu_start: Pro cpu start user code
[2026-05-23 15:08:42.958] I (185) cpu_start: cpu freq: 160000000 Hz
[2026-05-23 15:08:42.958] I (185) app_init: Application information:
[2026-05-23 15:08:42.959] I (185) app_init: Project name:     sensor_acquirer
[2026-05-23 15:08:42.960] I (185) app_init: App version:      v1.0-171-gbbe0783
[2026-05-23 15:08:42.961] I (186) app_init: Compile time:     May 23 2026 14:30:31
[2026-05-23 15:08:42.962] I (187) app_init: ELF file SHA256:  493679023...
[2026-05-23 15:08:42.963] I (187) app_init: ESP-IDF:          v5.4.1
[2026-05-23 15:08:42.964] I (188) efuse_init: Min chip rev:     v0.3
[2026-05-23 15:08:42.964] I (188) efuse_init: Max chip rev:     v1.99
[2026-05-23 15:08:42.966] I (189) efuse_init: Chip rev:         v0.4
[2026-05-23 15:08:42.970] I (189) heap_init: Initializing. RAM available for dynamic allocation:
[2026-05-23 15:08:42.972] I (190) heap_init: At 3FC9C340 len 00023CC0 (143 KiB): RAM
[2026-05-23 15:08:42.975] I (190) heap_init: At 3FCC0000 len 0001C710 (113 KiB): Retention RAM
[2026-05-23 15:08:42.978] I (191) heap_init: At 3FCDC710 len 00002950 (10 KiB): Retention RAM
[2026-05-23 15:08:42.980] I (192) heap_init: At 5000021C len 00001DCC (7 KiB): RTCRAM
[2026-05-23 15:08:42.981] I (194) spi_flash: detected chip: generic
[2026-05-23 15:08:42.982] I (194) spi_flash: flash io: dio
[2026-05-23 15:08:42.984] W (194) spi_flash: Detected size(4096k) larger than the size in the binary image header(2048k). Using the size in the binary image header.
[2026-05-23 15:08:42.986] I (196) sleep_gpio: Configure to isolate all GPIO pins in sleep state
[2026-05-23 15:08:42.987] I (196) sleep_gpio: Enable automatic switching of GPIO sleep configuration
[2026-05-23 15:08:42.987] I (197) main_task: Started on CPU0
[2026-05-23 15:08:42.988] I (197) main_task: Calling app_main()
[2026-05-23 15:08:42.988] WCAN_CFG_WAIT v=1
# UART boot config sent: wcan v=1 role=sensor transport=BROADCAST test_duration_ms=30000 host_wait_time_ms=5000 base=0xe0 count=1 hz=200 linger=100
[2026-05-23 15:08:42.989] WCAN_CFG_WAIT v=1
[2026-05-23 15:08:45.442] WCAN_CFG_ACK
[2026-05-23 15:08:45.443] WCAN_CFG_ACK
[2026-05-23 15:08:45.450] I (2862) pp: pp rom version: 9387209
[2026-05-23 15:08:45.455] I (2863) net80211: net80211 rom version: 9387209
[2026-05-23 15:08:45.459] I (2864) wifi:wifi driver task: 3fca7720, prio:23, stack:6656, core=0
[2026-05-23 15:08:45.464] I (2868) wifi:wifi firmware version: 79fa3f41ba
[2026-05-23 15:08:45.468] I (2868) wifi:wifi certification version: v7.0
[2026-05-23 15:08:45.471] I (2868) wifi:config NVS flash: enabled
[2026-05-23 15:08:45.474] I (2868) wifi:config nano formatting: disabled
[2026-05-23 15:08:45.477] I (2869) wifi:Init data frame dynamic rx buffer num: 32
[2026-05-23 15:08:45.479] I (2869) wifi:Init static rx mgmt buffer num: 5
[2026-05-23 15:08:45.482] I (2870) wifi:Init management short buffer num: 32
[2026-05-23 15:08:45.484] I (2870) wifi:Init dynamic tx buffer num: 32
[2026-05-23 15:08:45.487] I (2871) wifi:Init static tx FG buffer num: 2
[2026-05-23 15:08:45.489] I (2871) wifi:Init static rx buffer size: 1600
[2026-05-23 15:08:45.491] I (2872) wifi:Init static rx buffer num: 10
[2026-05-23 15:08:45.493] I (2872) wifi:Init dynamic rx buffer num: 32
[2026-05-23 15:08:45.494] I (2873) wifi_init: rx ba win: 6
[2026-05-23 15:08:45.496] I (2874) wifi_init: accept mbox: 6
[2026-05-23 15:08:45.497] I (2874) wifi_init: tcpip mbox: 32
[2026-05-23 15:08:45.498] I (2874) wifi_init: udp mbox: 6
[2026-05-23 15:08:45.499] I (2874) wifi_init: tcp mbox: 6
[2026-05-23 15:08:45.500] I (2875) wifi_init: tcp tx win: 5760
[2026-05-23 15:08:45.501] I (2875) wifi_init: tcp rx win: 5760
[2026-05-23 15:08:45.502] I (2876) wifi_init: tcp mss: 1440
[2026-05-23 15:08:45.503] I (2876) wifi_init: WiFi IRAM OP enabled
[2026-05-23 15:08:45.505] I (2876) wifi_init: WiFi RX IRAM OP enabled
[2026-05-23 15:08:45.507] I (2877) phy_init: phy_version 1200,2b7123f9,Feb 18 2025,15:22:21
[2026-05-23 15:08:45.508] I (2911) wifi:mode : sta (74:4d:bd:e1:d5:b8)
[2026-05-23 15:08:45.509] I (2912) wifi:enable tsf
[2026-05-23 15:08:45.510] I (2915) ESPNOW: espnow [version: 2.0] init
[2026-05-23 15:08:45.511] WCAN_TEST_READY role=sensor
# Waiting for phased test start
# UART test start sent: WCAN_TEST_START at 2026-05-23T15:08:45.522503
[2026-05-23 15:08:46.322] P(FAIL):3542:e0:0:0:20:21
[2026-05-23 15:08:46.649] P(FAIL):3869:e0:4:84:104:21
[2026-05-23 15:08:47.016] P(FAIL):4236:e0:7:147:167:21
[2026-05-23 15:08:47.454] P(FAIL):4674:e0:11:231:251:21
[2026-05-23 15:08:47.930] P(FAIL):5145:e0:15:315:335:21
[2026-05-23 15:08:48.400] P(FAIL):5620:e0:20:420:440:21
[2026-05-23 15:08:48.827] P(FAIL):6047:e0:24:504:524:21
[2026-05-23 15:08:49.293] P(FAIL):6513:e0:28:588:608:21
[2026-05-23 15:08:49.672] P(FAIL):6892:e0:32:672:692:21
[2026-05-23 15:08:50.084] P(FAIL):7304:e0:36:756:776:21
[2026-05-23 15:08:50.512] P(FAIL):7732:e0:40:840:860:21
[2026-05-23 15:08:50.960] P(FAIL):8180:e0:44:924:944:21
[2026-05-23 15:08:52.048] P(FAIL):9268:e0:55:1155:1175:21
[2026-05-23 15:08:52.472] P(FAIL):9692:e0:59:1239:1259:21
[2026-05-23 15:08:52.888] P(FAIL):10108:e0:63:1323:1343:21
[2026-05-23 15:08:53.302] P(FAIL):10522:e0:67:1407:1427:21
[2026-05-23 15:08:53.727] P(FAIL):10947:e0:71:1491:1511:21
[2026-05-23 15:08:54.148] P(FAIL):11368:e0:75:1575:1595:21
[2026-05-23 15:08:54.586] P(FAIL):11805:e0:79:1659:1679:21
[2026-05-23 15:08:55.026] P(FAIL):12246:e0:83:1743:1763:21
[2026-05-23 15:08:55.422] P(FAIL):12641:e0:87:1827:1847:21
[2026-05-23 15:08:55.798] P(FAIL):13017:e0:91:1911:1931:21
[2026-05-23 15:08:56.197] P(FAIL):13416:e0:93:1953:1973:21
[2026-05-23 15:08:56.702] P(FAIL):13922:e0:99:2079:2099:21
[2026-05-23 15:08:57.134] P(FAIL):14354:e0:103:2163:2183:21
[2026-05-23 15:08:57.563] P(FAIL):14782:e0:107:2247:2267:21
[2026-05-23 15:08:57.899] P(FAIL):15119:e0:111:2331:2351:21
[2026-05-23 15:08:59.229] P(FAIL):16448:e0:123:2583:2603:21
[2026-05-23 15:08:59.580] P(FAIL):16800:e0:127:2667:2687:21
[2026-05-23 15:08:59.999] P(FAIL):17218:e0:129:2709:2729:21
[2026-05-23 15:09:00.399] P(FAIL):17619:e0:130:2730:2750:21
[2026-05-23 15:09:00.679] P(FAIL):17899:e0:136:2856:2876:21
[2026-05-23 15:09:01.538] P(FAIL):18758:e0:145:3045:3065:21
[2026-05-23 15:09:01.961] P(FAIL):19180:e0:149:3129:3149:21
[2026-05-23 15:09:02.329] P(FAIL):19548:e0:153:3213:3233:21
[2026-05-23 15:09:02.672] P(FAIL):19892:e0:157:3297:3317:21
[2026-05-23 15:09:03.101] P(FAIL):20321:e0:160:3360:3380:21
[2026-05-23 15:09:03.496] P(FAIL):20716:e0:164:3444:3464:21
[2026-05-23 15:09:03.904] P(FAIL):21123:e0:168:3528:3548:21
[2026-05-23 15:09:04.198] P(FAIL):21418:e0:169:3549:3569:21
[2026-05-23 15:09:04.549] P(FAIL):21768:e0:170:3570:3590:21
[2026-05-23 15:09:04.857] P(FAIL):22076:e0:171:3591:3611:21
[2026-05-23 15:09:05.938] P(FAIL):23157:e0:187:3932:3952:21
[2026-05-23 15:09:15.510] P(FAIL):32729:e0:278:5843:5863:21
[2026-05-23 15:09:15.871] P(FAIL):33090:e0:280:5885:5905:21
[2026-05-23 15:09:16.670] P(FAIL):33890:e0:281:5906:5926:21
[2026-05-23 15:09:16.832] WCAN_BATCH id=0xe0 count=286 avg_hz=9.52 avg_points=20.96 min_points=9 max_points=21 avg_interval_ms=105.09 min_interval_ms=104.83 max_interval_ms=130.13 avg_dispatch_ms=1.92 max_dispatch_ms=9.51 dispatched_count=418 avg_queue_wait_ms=141.10 max_queue_wait_ms=899.78
[2026-05-23 15:09:16.832] WCAN_SENSOR_END generated=5998 avg_hz=199.97
[2026-05-23 15:09:16.833] S(FAIL):34046:e0:0:3801:3805:5
[2026-05-23 15:09:16.837] WCAN_MEASURES elapsed_ms=29999 heap_start_free=126780 heap_end_free=141412 heap_start_min_free=126680 heap_end_min_free=126340 heap_start_largest=98304 heap_end_largest=98304 airtime_us_total=797983 packets_sent_total=418 sensor_send_failures_total=5
[2026-05-23 15:09:16.837] WCAN_TEST_END role=sensor

# Monitor stopped: 2026-05-23T15:09:16.837465
