# Monitor started: 2026-05-23T18:33:57.061796
# Port: /dev/ttyACM0, Baud: 921600, Timeout: 35.000s after WCAN_TEST_START

# UART boot config: wcan v=1 role=sensor transport=BROADCAST test_duration_ms=30000 host_wait_time_ms=5000 base=0xd0 count=1 hz=100 linger=100
[2026-05-23 18:33:57.062] ESP-ROM:esp32c3-api1-20210207
[2026-05-23 18:33:57.063] Build:Feb  7 2021
[2026-05-23 18:33:57.064] rst:0x15 (USB_UART_CHIP_RESET),boot:0xd (SPI_FAST_FLASH_BOOT)
[2026-05-23 18:33:57.065] Saved PC:0x40384eba
[2026-05-23 18:33:57.066] SPIWP:0xee
[2026-05-23 18:33:57.070] mode:DIO, clock div:1
[2026-05-23 18:33:57.072] load:0x3fcd5820,len:0x1574
[2026-05-23 18:33:57.073] load:0x403cc710,len:0xc30
[2026-05-23 18:33:57.075] load:0x403ce710,len:0x2fa0
[2026-05-23 18:33:57.077] entry 0x403cc71a
[2026-05-23 18:33:57.081] I (24) boot: ESP-IDF v5.4.1 2nd stage bootloader
[2026-05-23 18:33:57.087] I (24) boot: compile time May 20 2026 00:05:32
[2026-05-23 18:33:57.089] I (24) boot: chip revision: v0.4
[2026-05-23 18:33:57.092] I (25) boot: efuse block revision: v1.3
[2026-05-23 18:33:57.099] I (25) boot.esp32c3: SPI Speed      : 80MHz
[2026-05-23 18:33:57.101] I (25) boot.esp32c3: SPI Mode       : DIO
[2026-05-23 18:33:57.106] I (26) boot.esp32c3: SPI Flash Size : 2MB
[2026-05-23 18:33:57.108] I (26) boot: Enabling RNG early entropy source...
[2026-05-23 18:33:57.109] I (27) boot: Partition Table:
[2026-05-23 18:33:57.112] I (27) boot: ## Label            Usage          Type ST Offset   Length
[2026-05-23 18:33:57.116] I (28) boot:  0 nvs              WiFi data        01 02 00009000 00006000
[2026-05-23 18:33:57.118] I (29) boot:  1 phy_init         RF data          01 01 0000f000 00001000
[2026-05-23 18:33:57.120] I (29) boot:  2 factory          factory app      00 00 00010000 00100000
[2026-05-23 18:33:57.126] I (30) boot: End of partition table
[2026-05-23 18:33:57.130] I (31) esp_image: segment 0: paddr=00010020 vaddr=3c0a0020 size=1977ch (104316) map
[2026-05-23 18:33:57.134] I (48) esp_image: segment 1: paddr=000297a4 vaddr=3fc95200 size=02da0h ( 11680) load
[2026-05-23 18:33:57.138] I (51) esp_image: segment 2: paddr=0002c54c vaddr=40380000 size=03acch ( 15052) load
[2026-05-23 18:33:57.147] I (54) esp_image: segment 3: paddr=00030020 vaddr=42000020 size=9942ch (627756) map
[2026-05-23 18:33:57.150] I (154) esp_image: segment 4: paddr=000c9454 vaddr=40383acc size=11614h ( 71188) load
[2026-05-23 18:33:57.154] I (168) esp_image: segment 5: paddr=000daa70 vaddr=50000200 size=0001ch (    28) load
[2026-05-23 18:33:57.156] I (175) boot: Loaded app from partition at offset 0x10000
[2026-05-23 18:33:57.159] I (175) boot: Disabling RNG early entropy source...
[2026-05-23 18:33:57.160] I (176) cpu_start: Unicore app
[2026-05-23 18:33:57.162] I (185) cpu_start: Pro cpu start user code
[2026-05-23 18:33:57.163] I (185) cpu_start: cpu freq: 160000000 Hz
[2026-05-23 18:33:57.165] I (185) app_init: Application information:
[2026-05-23 18:33:57.168] I (185) app_init: Project name:     sensor_acquirer
[2026-05-23 18:33:57.170] I (185) app_init: App version:      v1.0-171-gbbe0783
[2026-05-23 18:33:57.175] I (186) app_init: Compile time:     May 23 2026 14:30:31
[2026-05-23 18:33:57.176] I (186) app_init: ELF file SHA256:  493679023...
[2026-05-23 18:33:57.178] I (187) app_init: ESP-IDF:          v5.4.1
[2026-05-23 18:33:57.179] I (187) efuse_init: Min chip rev:     v0.3
[2026-05-23 18:33:57.180] I (188) efuse_init: Max chip rev:     v1.99
[2026-05-23 18:33:57.183] I (188) efuse_init: Chip rev:         v0.4
[2026-05-23 18:33:57.189] I (189) heap_init: Initializing. RAM available for dynamic allocation:
[2026-05-23 18:33:57.192] I (190) heap_init: At 3FC9C340 len 00023CC0 (143 KiB): RAM
[2026-05-23 18:33:57.193] I (190) heap_init: At 3FCC0000 len 0001C710 (113 KiB): Retention RAM
[2026-05-23 18:33:57.194] I (191) heap_init: At 3FCDC710 len 00002950 (10 KiB): Retention RAM
[2026-05-23 18:33:57.198] I (192) heap_init: At 5000021C len 00001DCC (7 KiB): RTCRAM
[2026-05-23 18:33:57.204] I (193) spi_flash: detected chip: generic
[2026-05-23 18:33:57.210] I (194) spi_flash: flash io: dio
[2026-05-23 18:33:57.215] W (194) spi_flash: Detected size(4096k) larger than the size in the binary image header(2048k). Using the size in the binary image header.
[2026-05-23 18:33:57.217] I (195) sleep_gpio: Configure to isolate all GPIO pins in sleep state
[2026-05-23 18:33:57.220] I (196) sleep_gpio: Enable automatic switching of GPIO sleep configuration
[2026-05-23 18:33:57.222] I (197) main_task: Started on CPU0
[2026-05-23 18:33:57.223] I (197) main_task: Calling app_main()
[2026-05-23 18:33:57.223] WCAN_CFG_WAIT v=1
# UART boot config sent: wcan v=1 role=sensor transport=BROADCAST test_duration_ms=30000 host_wait_time_ms=5000 base=0xd0 count=1 hz=100 linger=100
[2026-05-23 18:33:57.224] WCAN_CFG_WAIT v=1
[2026-05-23 18:33:59.681] WCAN_CFG_ACK
[2026-05-23 18:33:59.682] WCAN_CFG_ACK
[2026-05-23 18:33:59.687] I (2822) pp: pp rom version: 9387209
[2026-05-23 18:33:59.691] I (2823) net80211: net80211 rom version: 9387209
[2026-05-23 18:33:59.698] I (2824) wifi:wifi driver task: 3fca77a4, prio:23, stack:6656, core=0
[2026-05-23 18:33:59.704] I (2828) wifi:wifi firmware version: 79fa3f41ba
[2026-05-23 18:33:59.711] I (2828) wifi:wifi certification version: v7.0
[2026-05-23 18:33:59.716] I (2828) wifi:config NVS flash: enabled
[2026-05-23 18:33:59.719] I (2828) wifi:config nano formatting: disabled
[2026-05-23 18:33:59.721] I (2829) wifi:Init data frame dynamic rx buffer num: 32
[2026-05-23 18:33:59.723] I (2829) wifi:Init static rx mgmt buffer num: 5
[2026-05-23 18:33:59.725] I (2830) wifi:Init management short buffer num: 32
[2026-05-23 18:33:59.726] I (2830) wifi:Init dynamic tx buffer num: 32
[2026-05-23 18:33:59.727] I (2831) wifi:Init static tx FG buffer num: 2
[2026-05-23 18:33:59.729] I (2831) wifi:Init static rx buffer size: 1600
[2026-05-23 18:33:59.730] I (2832) wifi:Init static rx buffer num: 10
[2026-05-23 18:33:59.731] I (2832) wifi:Init dynamic rx buffer num: 32
[2026-05-23 18:33:59.732] I (2833) wifi_init: rx ba win: 6
[2026-05-23 18:33:59.733] I (2834) wifi_init: accept mbox: 6
[2026-05-23 18:33:59.734] I (2834) wifi_init: tcpip mbox: 32
[2026-05-23 18:33:59.734] I (2834) wifi_init: udp mbox: 6
[2026-05-23 18:33:59.735] I (2834) wifi_init: tcp mbox: 6
[2026-05-23 18:33:59.736] I (2835) wifi_init: tcp tx win: 5760
[2026-05-23 18:33:59.737] I (2835) wifi_init: tcp rx win: 5760
[2026-05-23 18:33:59.737] I (2836) wifi_init: tcp mss: 1440
[2026-05-23 18:33:59.738] I (2836) wifi_init: WiFi IRAM OP enabled
[2026-05-23 18:33:59.739] I (2836) wifi_init: WiFi RX IRAM OP enabled
[2026-05-23 18:33:59.740] I (2837) phy_init: phy_version 1200,2b7123f9,Feb 18 2025,15:22:21
[2026-05-23 18:33:59.741] I (2871) wifi:mode : sta (54:32:04:8c:0b:8c)
[2026-05-23 18:33:59.742] I (2871) wifi:enable tsf
[2026-05-23 18:33:59.742] I (2874) ESPNOW: espnow [version: 2.0] init
[2026-05-23 18:33:59.743] WCAN_TEST_READY role=sensor
# Waiting for phased test start
# UART test start sent: WCAN_TEST_START at 2026-05-23T18:33:59.755607
[2026-05-23 18:34:03.096] P(FAIL):6037:d0:23:253:263:11
[2026-05-23 18:34:05.643] P(FAIL):8580:d0:46:506:516:11
[2026-05-23 18:34:06.909] P(FAIL):9850:d0:58:638:648:11
[2026-05-23 18:34:07.720] P(FAIL):10661:d0:65:715:725:11
[2026-05-23 18:34:08.043] P(FAIL):10984:d0:68:748:758:11
[2026-05-23 18:34:08.403] P(FAIL):11343:d0:69:759:769:11
[2026-05-23 18:34:09.081] P(FAIL):12022:d0:78:858:868:11
[2026-05-23 18:34:10.766] P(FAIL):13706:d0:93:1023:1033:11
[2026-05-23 18:34:11.151] P(FAIL):14091:d0:96:1056:1066:11
[2026-05-23 18:34:13.232] P(FAIL):16172:d0:116:1276:1286:11
[2026-05-23 18:34:13.612] P(FAIL):16553:d0:117:1287:1297:11
[2026-05-23 18:34:14.000] P(FAIL):16940:d0:123:1353:1363:11
[2026-05-23 18:34:14.448] P(FAIL):17388:d0:124:1364:1374:11
[2026-05-23 18:34:14.841] P(FAIL):17782:d0:126:1386:1396:11
[2026-05-23 18:34:15.325] P(FAIL):18266:d0:134:1474:1484:11
[2026-05-23 18:34:17.161] P(FAIL):20101:d0:151:1661:1671:11
[2026-05-23 18:34:18.952] P(FAIL):21892:d0:168:1848:1858:11
[2026-05-23 18:34:19.321] P(FAIL):22262:d0:169:1859:1869:11
[2026-05-23 18:34:20.148] P(FAIL):23089:d0:179:1969:1979:11
[2026-05-23 18:34:21.059] P(FAIL):24000:d0:186:2046:2056:11
[2026-05-23 18:34:21.439] P(FAIL):24379:d0:187:2057:2067:11
[2026-05-23 18:34:21.829] P(FAIL):24770:d0:188:2068:2078:11
[2026-05-23 18:34:22.373] P(FAIL):25314:d0:199:2189:2199:11
[2026-05-23 18:34:22.853] P(FAIL):25794:d0:203:2233:2243:11
[2026-05-23 18:34:23.228] P(FAIL):26168:d0:205:2255:2265:11
[2026-05-23 18:34:24.822] P(FAIL):27763:d0:221:2431:2441:11
[2026-05-23 18:34:28.714] P(FAIL):31654:d0:256:2816:2826:11
[2026-05-23 18:34:30.094] P(FAIL):33035:d0:269:2959:2969:11
[2026-05-23 18:34:30.895] P(FAIL):33835:d0:270:2970:2980:11
[2026-05-23 18:34:31.063] WCAN_BATCH id=0xd0 count=273 avg_hz=9.09 avg_points=10.99 min_points=7 max_points=11 avg_interval_ms=110.00 min_interval_ms=109.91 max_interval_ms=110.11 avg_dispatch_ms=1.71 max_dispatch_ms=9.66 dispatched_count=356 avg_queue_wait_ms=122.56 max_queue_wait_ms=879.77
[2026-05-23 18:34:31.064] WCAN_SENSOR_END generated=2998 avg_hz=99.97
[2026-05-23 18:34:31.073] WCAN_MEASURES elapsed_ms=29999 heap_start_free=126648 heap_end_free=141280 heap_start_min_free=124496 heap_end_min_free=124196 heap_start_largest=98304 heap_end_largest=98304 airtime_us_total=606588 packets_sent_total=356 sensor_send_failures_total=0
[2026-05-23 18:34:31.074] WCAN_TEST_END role=sensor

# Monitor stopped: 2026-05-23T18:34:31.074938
