# Monitor started: 2026-05-23T18:33:57.061757
# Port: /dev/ttyACM1, Baud: 921600, Timeout: 35.000s after WCAN_TEST_START

# UART boot config: wcan v=1 role=sensor transport=BROADCAST test_duration_ms=30000 host_wait_time_ms=5000 base=0xe0 count=1 hz=200 linger=100
[2026-05-23 18:33:57.062] ESP-ROM:esp32c3-api1-20210207
[2026-05-23 18:33:57.063] Build:Feb  7 2021
[2026-05-23 18:33:57.064] rst:0x15 (USB_UART_CHIP_RESET),boot:0xd (SPI_FAST_FLASH_BOOT)
[2026-05-23 18:33:57.064] Saved PC:0x40384eba
[2026-05-23 18:33:57.065] SPIWP:0xee
[2026-05-23 18:33:57.066] mode:DIO, clock div:1
[2026-05-23 18:33:57.067] load:0x3fcd5820,len:0x1574
[2026-05-23 18:33:57.068] load:0x403cc710,len:0xc30
[2026-05-23 18:33:57.069] load:0x403ce710,len:0x2fa0
[2026-05-23 18:33:57.070] entry 0x403cc71a
[2026-05-23 18:33:57.072] I (24) boot: ESP-IDF v5.4.1 2nd stage bootloader
[2026-05-23 18:33:57.076] I (24) boot: compile time May 20 2026 00:05:32
[2026-05-23 18:33:57.077] I (24) boot: chip revision: v0.4
[2026-05-23 18:33:57.077] I (25) boot: efuse block revision: v1.3
[2026-05-23 18:33:57.081] I (25) boot.esp32c3: SPI Speed      : 80MHz
[2026-05-23 18:33:57.085] I (25) boot.esp32c3: SPI Mode       : DIO
[2026-05-23 18:33:57.091] I (26) boot.esp32c3: SPI Flash Size : 2MB
[2026-05-23 18:33:57.094] I (26) boot: Enabling RNG early entropy source...
[2026-05-23 18:33:57.095] I (27) boot: Partition Table:
[2026-05-23 18:33:57.098] I (27) boot: ## Label            Usage          Type ST Offset   Length
[2026-05-23 18:33:57.108] I (28) boot:  0 nvs              WiFi data        01 02 00009000 00006000
[2026-05-23 18:33:57.114] I (29) boot:  1 phy_init         RF data          01 01 0000f000 00001000
[2026-05-23 18:33:57.115] I (29) boot:  2 factory          factory app      00 00 00010000 00100000
[2026-05-23 18:33:57.121] I (30) boot: End of partition table
[2026-05-23 18:33:57.124] I (31) esp_image: segment 0: paddr=00010020 vaddr=3c0a0020 size=1977ch (104316) map
[2026-05-23 18:33:57.127] I (48) esp_image: segment 1: paddr=000297a4 vaddr=3fc95200 size=02da0h ( 11680) load
[2026-05-23 18:33:57.131] I (51) esp_image: segment 2: paddr=0002c54c vaddr=40380000 size=03acch ( 15052) load
[2026-05-23 18:33:57.139] I (54) esp_image: segment 3: paddr=00030020 vaddr=42000020 size=9942ch (627756) map
[2026-05-23 18:33:57.142] I (154) esp_image: segment 4: paddr=000c9454 vaddr=40383acc size=11614h ( 71188) load
[2026-05-23 18:33:57.145] I (168) esp_image: segment 5: paddr=000daa70 vaddr=50000200 size=0001ch (    28) load
[2026-05-23 18:33:57.150] I (175) boot: Loaded app from partition at offset 0x10000
[2026-05-23 18:33:57.155] I (175) boot: Disabling RNG early entropy source...
[2026-05-23 18:33:57.157] I (176) cpu_start: Unicore app
[2026-05-23 18:33:57.165] I (185) cpu_start: Pro cpu start user code
[2026-05-23 18:33:57.171] I (185) cpu_start: cpu freq: 160000000 Hz
[2026-05-23 18:33:57.172] I (185) app_init: Application information:
[2026-05-23 18:33:57.176] I (185) app_init: Project name:     sensor_acquirer
[2026-05-23 18:33:57.182] I (185) app_init: App version:      v1.0-171-gbbe0783
[2026-05-23 18:33:57.184] I (186) app_init: Compile time:     May 23 2026 14:30:31
[2026-05-23 18:33:57.186] I (187) app_init: ELF file SHA256:  493679023...
[2026-05-23 18:33:57.187] I (187) app_init: ESP-IDF:          v5.4.1
[2026-05-23 18:33:57.188] I (188) efuse_init: Min chip rev:     v0.3
[2026-05-23 18:33:57.192] I (188) efuse_init: Max chip rev:     v1.99
[2026-05-23 18:33:57.196] I (189) efuse_init: Chip rev:         v0.4
[2026-05-23 18:33:57.198] I (189) heap_init: Initializing. RAM available for dynamic allocation:
[2026-05-23 18:33:57.199] I (190) heap_init: At 3FC9C340 len 00023CC0 (143 KiB): RAM
[2026-05-23 18:33:57.201] I (191) heap_init: At 3FCC0000 len 0001C710 (113 KiB): Retention RAM
[2026-05-23 18:33:57.203] I (191) heap_init: At 3FCDC710 len 00002950 (10 KiB): Retention RAM
[2026-05-23 18:33:57.204] I (192) heap_init: At 5000021C len 00001DCC (7 KiB): RTCRAM
[2026-05-23 18:33:57.207] I (194) spi_flash: detected chip: generic
[2026-05-23 18:33:57.208] I (194) spi_flash: flash io: dio
[2026-05-23 18:33:57.213] W (194) spi_flash: Detected size(4096k) larger than the size in the binary image header(2048k). Using the size in the binary image header.
[2026-05-23 18:33:57.215] I (196) sleep_gpio: Configure to isolate all GPIO pins in sleep state
[2026-05-23 18:33:57.218] I (196) sleep_gpio: Enable automatic switching of GPIO sleep configuration
[2026-05-23 18:33:57.219] I (197) main_task: Started on CPU0
[2026-05-23 18:33:57.220] I (197) main_task: Calling app_main()
[2026-05-23 18:33:57.221] WCAN_CFG_WAIT v=1
# UART boot config sent: wcan v=1 role=sensor transport=BROADCAST test_duration_ms=30000 host_wait_time_ms=5000 base=0xe0 count=1 hz=200 linger=100
[2026-05-23 18:33:57.221] WCAN_CFG_WAIT v=1
[2026-05-23 18:33:59.681] WCAN_CFG_ACK
[2026-05-23 18:33:59.682] WCAN_CFG_ACK
[2026-05-23 18:33:59.687] I (2822) pp: pp rom version: 9387209
[2026-05-23 18:33:59.691] I (2823) net80211: net80211 rom version: 9387209
[2026-05-23 18:33:59.697] I (2824) wifi:wifi driver task: 3fca7720, prio:23, stack:6656, core=0
[2026-05-23 18:33:59.703] I (2828) wifi:wifi firmware version: 79fa3f41ba
[2026-05-23 18:33:59.709] I (2828) wifi:wifi certification version: v7.0
[2026-05-23 18:33:59.715] I (2828) wifi:config NVS flash: enabled
[2026-05-23 18:33:59.718] I (2828) wifi:config nano formatting: disabled
[2026-05-23 18:33:59.721] I (2829) wifi:Init data frame dynamic rx buffer num: 32
[2026-05-23 18:33:59.723] I (2829) wifi:Init static rx mgmt buffer num: 5
[2026-05-23 18:33:59.725] I (2830) wifi:Init management short buffer num: 32
[2026-05-23 18:33:59.726] I (2830) wifi:Init dynamic tx buffer num: 32
[2026-05-23 18:33:59.728] I (2831) wifi:Init static tx FG buffer num: 2
[2026-05-23 18:33:59.730] I (2831) wifi:Init static rx buffer size: 1600
[2026-05-23 18:33:59.731] I (2832) wifi:Init static rx buffer num: 10
[2026-05-23 18:33:59.732] I (2832) wifi:Init dynamic rx buffer num: 32
[2026-05-23 18:33:59.733] I (2833) wifi_init: rx ba win: 6
[2026-05-23 18:33:59.734] I (2834) wifi_init: accept mbox: 6
[2026-05-23 18:33:59.735] I (2834) wifi_init: tcpip mbox: 32
[2026-05-23 18:33:59.736] I (2834) wifi_init: udp mbox: 6
[2026-05-23 18:33:59.737] I (2834) wifi_init: tcp mbox: 6
[2026-05-23 18:33:59.738] I (2835) wifi_init: tcp tx win: 5760
[2026-05-23 18:33:59.739] I (2835) wifi_init: tcp rx win: 5760
[2026-05-23 18:33:59.740] I (2836) wifi_init: tcp mss: 1440
[2026-05-23 18:33:59.741] I (2836) wifi_init: WiFi IRAM OP enabled
[2026-05-23 18:33:59.742] I (2836) wifi_init: WiFi RX IRAM OP enabled
[2026-05-23 18:33:59.743] I (2837) phy_init: phy_version 1200,2b7123f9,Feb 18 2025,15:22:21
[2026-05-23 18:33:59.743] I (2872) wifi:mode : sta (74:4d:bd:e1:d5:b8)
[2026-05-23 18:33:59.744] I (2873) wifi:enable tsf
[2026-05-23 18:33:59.744] I (2876) ESPNOW: espnow [version: 2.0] init
[2026-05-23 18:33:59.744] WCAN_TEST_READY role=sensor
# Waiting for phased test start
# UART test start sent: WCAN_TEST_START at 2026-05-23T18:33:59.755187
[2026-05-23 18:34:00.558] P(FAIL):3499:e0:0:0:20:21
[2026-05-23 18:34:00.837] P(FAIL):3777:e0:3:63:83:21
[2026-05-23 18:34:02.347] P(FAIL):5287:e0:17:357:377:21
[2026-05-23 18:34:02.708] P(FAIL):5648:e0:21:441:461:21
[2026-05-23 18:34:03.334] P(FAIL):6275:e0:27:567:587:21
[2026-05-23 18:34:04.949] P(FAIL):7889:e0:43:903:923:21
[2026-05-23 18:34:05.755] P(FAIL):8695:e0:50:1050:1070:21
[2026-05-23 18:34:06.583] P(FAIL):9524:e0:58:1218:1238:21
[2026-05-23 18:34:07.311] P(FAIL):10252:e0:65:1365:1385:21
[2026-05-23 18:34:08.126] P(FAIL):11066:e0:72:1512:1532:21
[2026-05-23 18:34:09.114] P(FAIL):12055:e0:82:1722:1742:21
[2026-05-23 18:34:09.635] P(FAIL):12575:e0:87:1827:1847:21
[2026-05-23 18:34:11.137] P(FAIL):14077:e0:101:2121:2141:21
[2026-05-23 18:34:11.994] P(FAIL):14934:e0:109:2289:2309:21
[2026-05-23 18:34:12.685] P(FAIL):15625:e0:116:2436:2456:21
[2026-05-23 18:34:13.079] P(FAIL):16020:e0:118:2478:2498:21
[2026-05-23 18:34:13.423] P(FAIL):16363:e0:122:2562:2582:21
[2026-05-23 18:34:16.379] P(FAIL):19320:e0:151:3171:3191:21
[2026-05-23 18:34:18.811] P(FAIL):21751:e0:175:3675:3695:21
[2026-05-23 18:34:22.429] P(FAIL):25369:e0:209:4389:4409:21
[2026-05-23 18:34:23.915] P(FAIL):26855:e0:223:4683:4703:21
[2026-05-23 18:34:24.337] P(FAIL):27278:e0:227:4767:4787:21
[2026-05-23 18:34:25.808] P(FAIL):28748:e0:241:5061:5081:21
[2026-05-23 18:34:26.961] P(FAIL):29901:e0:252:5292:5312:21
[2026-05-23 18:34:27.737] P(FAIL):30677:e0:259:5439:5459:21
[2026-05-23 18:34:28.074] P(FAIL):31014:e0:260:5460:5480:21
[2026-05-23 18:34:29.238] P(FAIL):32178:e0:274:5754:5774:21
[2026-05-23 18:34:29.601] P(FAIL):32542:e0:276:5796:5816:21
[2026-05-23 18:34:30.090] P(FAIL):33031:e0:282:5922:5942:21
[2026-05-23 18:34:30.891] P(FAIL):33831:e0:283:5943:5963:21
[2026-05-23 18:34:31.066] WCAN_BATCH id=0xe0 count=286 avg_hz=9.52 avg_points=20.98 min_points=14 max_points=21 avg_interval_ms=105.00 min_interval_ms=104.90 max_interval_ms=105.08 avg_dispatch_ms=1.99 max_dispatch_ms=7.46 dispatched_count=371 avg_queue_wait_ms=83.40 max_queue_wait_ms=548.76
[2026-05-23 18:34:31.068] WCAN_SENSOR_END generated=5998 avg_hz=199.97
[2026-05-23 18:34:31.075] WCAN_MEASURES elapsed_ms=29999 heap_start_free=126780 heap_end_free=141568 heap_start_min_free=124628 heap_end_min_free=124288 heap_start_largest=98304 heap_end_largest=98304 airtime_us_total=734481 packets_sent_total=371 sensor_send_failures_total=0
[2026-05-23 18:34:31.076] WCAN_TEST_END role=sensor

# Monitor stopped: 2026-05-23T18:34:31.076233
