# Monitor started: 2026-05-23T15:13:39.238917
# Port: /dev/ttyACM0, Baud: 921600, Timeout: 35.000s after WCAN_TEST_START

# UART boot config: wcan v=1 role=sensor transport=BROADCAST test_duration_ms=30000 host_wait_time_ms=5000 base=0xd0 count=1 hz=750 linger=100
[2026-05-23 15:13:39.250] ESP-ROM:esp32c3-api1-20210207
[2026-05-23 15:13:39.258] Build:Feb  7 2021
[2026-05-23 15:13:39.275] rst:0x15 (USB_UART_CHIP_RESET),boot:0xd (SPI_FAST_FLASH_BOOT)
[2026-05-23 15:13:39.283] Saved PC:0x40384eba
[2026-05-23 15:13:39.288] SPIWP:0xee
[2026-05-23 15:13:39.298] mode:DIO, clock div:1
[2026-05-23 15:13:39.307] load:0x3fcd5820,len:0x1574
[2026-05-23 15:13:39.312] load:0x403cc710,len:0xc30
[2026-05-23 15:13:39.315] load:0x403ce710,len:0x2fa0
[2026-05-23 15:13:39.316] entry 0x403cc71a
[2026-05-23 15:13:39.324] I (24) boot: ESP-IDF v5.4.1 2nd stage bootloader
[2026-05-23 15:13:39.326] I (24) boot: compile time May 20 2026 00:05:32
[2026-05-23 15:13:39.329] I (25) boot: chip revision: v0.4
[2026-05-23 15:13:39.331] I (25) boot: efuse block revision: v1.3
[2026-05-23 15:13:39.340] I (25) boot.esp32c3: SPI Speed      : 80MHz
[2026-05-23 15:13:39.341] I (25) boot.esp32c3: SPI Mode       : DIO
[2026-05-23 15:13:39.345] I (26) boot.esp32c3: SPI Flash Size : 2MB
[2026-05-23 15:13:39.347] I (26) boot: Enabling RNG early entropy source...
[2026-05-23 15:13:39.348] I (27) boot: Partition Table:
[2026-05-23 15:13:39.349] I (27) boot: ## Label            Usage          Type ST Offset   Length
[2026-05-23 15:13:39.352] I (28) boot:  0 nvs              WiFi data        01 02 00009000 00006000
[2026-05-23 15:13:39.357] I (29) boot:  1 phy_init         RF data          01 01 0000f000 00001000
[2026-05-23 15:13:39.360] I (29) boot:  2 factory          factory app      00 00 00010000 00100000
[2026-05-23 15:13:39.364] I (30) boot: End of partition table
[2026-05-23 15:13:39.366] I (31) esp_image: segment 0: paddr=00010020 vaddr=3c0a0020 size=1977ch (104316) map
[2026-05-23 15:13:39.369] I (48) esp_image: segment 1: paddr=000297a4 vaddr=3fc95200 size=02da0h ( 11680) load
[2026-05-23 15:13:39.372] I (51) esp_image: segment 2: paddr=0002c54c vaddr=40380000 size=03acch ( 15052) load
[2026-05-23 15:13:39.378] I (54) esp_image: segment 3: paddr=00030020 vaddr=42000020 size=9942ch (627756) map
[2026-05-23 15:13:39.386] I (154) esp_image: segment 4: paddr=000c9454 vaddr=40383acc size=11614h ( 71188) load
[2026-05-23 15:13:39.389] I (168) esp_image: segment 5: paddr=000daa70 vaddr=50000200 size=0001ch (    28) load
[2026-05-23 15:13:39.392] I (175) boot: Loaded app from partition at offset 0x10000
[2026-05-23 15:13:39.395] I (175) boot: Disabling RNG early entropy source...
[2026-05-23 15:13:39.396] I (176) cpu_start: Unicore app
[2026-05-23 15:13:39.397] I (185) cpu_start: Pro cpu start user code
[2026-05-23 15:13:39.399] I (185) cpu_start: cpu freq: 160000000 Hz
[2026-05-23 15:13:39.401] I (185) app_init: Application information:
[2026-05-23 15:13:39.403] I (185) app_init: Project name:     sensor_acquirer
[2026-05-23 15:13:39.405] I (185) app_init: App version:      v1.0-171-gbbe0783
[2026-05-23 15:13:39.410] I (186) app_init: Compile time:     May 23 2026 14:30:31
[2026-05-23 15:13:39.411] I (187) app_init: ELF file SHA256:  493679023...
[2026-05-23 15:13:39.412] I (187) app_init: ESP-IDF:          v5.4.1
[2026-05-23 15:13:39.414] I (188) efuse_init: Min chip rev:     v0.3
[2026-05-23 15:13:39.416] I (188) efuse_init: Max chip rev:     v1.99
[2026-05-23 15:13:39.418] I (189) efuse_init: Chip rev:         v0.4
[2026-05-23 15:13:39.425] I (189) heap_init: Initializing. RAM available for dynamic allocation:
[2026-05-23 15:13:39.427] I (190) heap_init: At 3FC9C340 len 00023CC0 (143 KiB): RAM
[2026-05-23 15:13:39.428] I (191) heap_init: At 3FCC0000 len 0001C710 (113 KiB): Retention RAM
[2026-05-23 15:13:39.436] I (191) heap_init: At 3FCDC710 len 00002950 (10 KiB): Retention RAM
[2026-05-23 15:13:39.438] I (192) heap_init: At 5000021C len 00001DCC (7 KiB): RTCRAM
[2026-05-23 15:13:39.440] I (194) spi_flash: detected chip: generic
[2026-05-23 15:13:39.441] I (194) spi_flash: flash io: dio
[2026-05-23 15:13:39.446] W (194) spi_flash: Detected size(4096k) larger than the size in the binary image header(2048k). Using the size in the binary image header.
[2026-05-23 15:13:39.448] I (196) sleep_gpio: Configure to isolate all GPIO pins in sleep state
[2026-05-23 15:13:39.450] I (196) sleep_gpio: Enable automatic switching of GPIO sleep configuration
[2026-05-23 15:13:39.450] I (197) main_task: Started on CPU0
[2026-05-23 15:13:39.451] I (197) main_task: Calling app_main()
[2026-05-23 15:13:39.451] WCAN_CFG_WAIT v=1
# UART boot config sent: wcan v=1 role=sensor transport=BROADCAST test_duration_ms=30000 host_wait_time_ms=5000 base=0xd0 count=1 hz=750 linger=100
[2026-05-23 15:13:39.452] WCAN_CFG_WAIT v=1
[2026-05-23 15:13:41.897] WCAN_CFG_ACK
[2026-05-23 15:13:41.897] WCAN_CFG_ACK
[2026-05-23 15:13:41.902] I (2862) pp: pp rom version: 9387209
[2026-05-23 15:13:41.902] I (2863) net80211: net80211 rom version: 9387209
[2026-05-23 15:13:41.903] I (2864) wifi:wifi driver task: 3fca77a4, prio:23, stack:6656, core=0
[2026-05-23 15:13:41.907] I (2868) wifi:wifi firmware version: 79fa3f41ba
[2026-05-23 15:13:41.908] I (2868) wifi:wifi certification version: v7.0
[2026-05-23 15:13:41.908] I (2868) wifi:config NVS flash: enabled
[2026-05-23 15:13:41.909] I (2868) wifi:config nano formatting: disabled
[2026-05-23 15:13:41.909] I (2869) wifi:Init data frame dynamic rx buffer num: 32
[2026-05-23 15:13:41.909] I (2869) wifi:Init static rx mgmt buffer num: 5
[2026-05-23 15:13:41.910] I (2870) wifi:Init management short buffer num: 32
[2026-05-23 15:13:41.910] I (2870) wifi:Init dynamic tx buffer num: 32
[2026-05-23 15:13:41.911] I (2871) wifi:Init static tx FG buffer num: 2
[2026-05-23 15:13:41.911] I (2871) wifi:Init static rx buffer size: 1600
[2026-05-23 15:13:41.912] I (2872) wifi:Init static rx buffer num: 10
[2026-05-23 15:13:41.912] I (2872) wifi:Init dynamic rx buffer num: 32
[2026-05-23 15:13:41.913] I (2873) wifi_init: rx ba win: 6
[2026-05-23 15:13:41.913] I (2874) wifi_init: accept mbox: 6
[2026-05-23 15:13:41.913] I (2874) wifi_init: tcpip mbox: 32
[2026-05-23 15:13:41.914] I (2874) wifi_init: udp mbox: 6
[2026-05-23 15:13:41.914] I (2874) wifi_init: tcp mbox: 6
[2026-05-23 15:13:41.914] I (2875) wifi_init: tcp tx win: 5760
[2026-05-23 15:13:41.915] I (2875) wifi_init: tcp rx win: 5760
[2026-05-23 15:13:41.915] I (2876) wifi_init: tcp mss: 1440
[2026-05-23 15:13:41.915] I (2876) wifi_init: WiFi IRAM OP enabled
[2026-05-23 15:13:41.916] I (2876) wifi_init: WiFi RX IRAM OP enabled
[2026-05-23 15:13:41.917] I (2877) phy_init: phy_version 1200,2b7123f9,Feb 18 2025,15:22:21
[2026-05-23 15:13:41.950] I (2911) wifi:mode : sta (54:32:04:8c:0b:8c)
[2026-05-23 15:13:41.951] I (2911) wifi:enable tsf
[2026-05-23 15:13:41.954] I (2914) ESPNOW: espnow [version: 2.0] init
[2026-05-23 15:13:41.955] WCAN_TEST_READY role=sensor
# Waiting for phased test start
# UART test start sent: WCAN_TEST_START at 2026-05-23T15:13:41.966298
[2026-05-23 15:13:42.834] P(FAIL):3598:d0:1:76:151:76
[2026-05-23 15:13:43.194] P(FAIL):3958:d0:5:380:455:76
[2026-05-23 15:13:43.639] P(FAIL):4403:d0:9:684:759:76
[2026-05-23 15:13:44.059] P(FAIL):4823:d0:13:988:1063:76
[2026-05-23 15:13:44.545] P(FAIL):5308:d0:18:1368:1443:76
[2026-05-23 15:13:44.958] P(FAIL):5721:d0:22:1672:1747:76
[2026-05-23 15:13:45.427] P(FAIL):6190:d0:26:1976:2051:76
[2026-05-23 15:13:45.917] P(FAIL):6681:d0:31:2356:2431:76
[2026-05-23 15:13:46.264] P(FAIL):7028:d0:33:2508:2583:76
[2026-05-23 15:13:46.687] P(FAIL):7451:d0:39:2964:3039:76
[2026-05-23 15:13:47.194] P(FAIL):7957:d0:44:3344:3419:76
[2026-05-23 15:13:47.563] P(FAIL):8326:d0:48:3648:3723:76
[2026-05-23 15:13:47.966] P(FAIL):8729:d0:52:3952:4027:76
[2026-05-23 15:13:48.394] P(FAIL):9158:d0:56:4256:4331:76
[2026-05-23 15:13:48.975] P(FAIL):9738:d0:61:4636:4711:76
[2026-05-23 15:13:49.400] P(FAIL):10163:d0:66:5016:5091:76
[2026-05-23 15:13:49.785] P(FAIL):10548:d0:70:5320:5395:76
[2026-05-23 15:13:50.193] P(FAIL):10956:d0:74:5624:5699:76
[2026-05-23 15:13:50.620] P(FAIL):11383:d0:78:5928:6003:76
[2026-05-23 15:13:51.065] P(FAIL):11828:d0:82:6232:6307:76
[2026-05-23 15:13:51.427] P(FAIL):12190:d0:86:6536:6611:76
[2026-05-23 15:13:51.848] P(FAIL):12612:d0:90:6840:6915:76
[2026-05-23 15:13:52.295] P(FAIL):13058:d0:94:7144:7219:76
[2026-05-23 15:13:52.703] P(FAIL):13467:d0:97:7372:7447:76
[2026-05-23 15:13:53.519] P(FAIL):14282:d0:106:8056:8131:76
[2026-05-23 15:13:53.926] P(FAIL):14689:d0:107:8132:8207:76
[2026-05-23 15:13:54.334] P(FAIL):15097:d0:108:8208:8283:76
[2026-05-23 15:13:57.942] P(FAIL):18706:d0:150:11477:11552:76
[2026-05-23 15:13:58.391] P(FAIL):19154:d0:153:11705:11780:76
[2026-05-23 15:14:01.954] P(FAIL):22718:d0:189:14441:14516:76
[2026-05-23 15:14:05.104] P(FAIL):25868:d0:220:16797:16872:76
[2026-05-23 15:14:06.651] P(FAIL):27414:d0:235:17937:18012:76
[2026-05-23 15:14:07.668] P(FAIL):28431:d0:245:18697:18772:76
[2026-05-23 15:14:11.509] P(FAIL):32272:d0:283:21585:21660:76
[2026-05-23 15:14:12.240] P(FAIL):33004:d0:291:22193:22268:76
[2026-05-23 15:14:12.959] P(FAIL):33722:d0:292:22269:22344:76
[2026-05-23 15:14:13.280] WCAN_BATCH id=0xd0 count=296 avg_hz=9.84 avg_points=75.77 min_points=8 max_points=76 avg_interval_ms=101.66 min_interval_ms=101.02 max_interval_ms=203.99 avg_dispatch_ms=3.72 max_dispatch_ms=8.48 dispatched_count=399 avg_queue_wait_ms=111.42 max_queue_wait_ms=942.12
[2026-05-23 15:14:13.281] WCAN_SENSOR_END generated=22504 avg_hz=750.19
[2026-05-23 15:14:13.281] S(FAIL):34041:d0:0:8968:9044:77
[2026-05-23 15:14:13.285] WCAN_MEASURES elapsed_ms=29999 heap_start_free=126648 heap_end_free=141436 heap_start_min_free=126324 heap_end_min_free=125760 heap_start_largest=98304 heap_end_largest=98304 airtime_us_total=1482286 packets_sent_total=399 sensor_send_failures_total=77
[2026-05-23 15:14:13.285] WCAN_TEST_END role=sensor

# Monitor stopped: 2026-05-23T15:14:13.285821
