# Monitor started: 2026-05-23T15:33:33.588325
# Port: /dev/ttyACM1, Baud: 921600, Timeout: 35.000s after WCAN_TEST_START

# UART boot config: wcan v=1 role=sensor transport=BROADCAST test_duration_ms=30000 host_wait_time_ms=5000 base=0xe0 count=1 hz=1000 linger=100
[2026-05-23 15:33:33.605] ESP-ROM:esp32c3-api1-20210207
[2026-05-23 15:33:33.610] Build:Feb  7 2021
[2026-05-23 15:33:33.617] rst:0x15 (USB_UART_CHIP_RESET),boot:0xd (SPI_FAST_FLASH_BOOT)
[2026-05-23 15:33:33.618] Saved PC:0x40384eba
[2026-05-23 15:33:33.619] SPIWP:0xee
[2026-05-23 15:33:33.623] mode:DIO, clock div:1
[2026-05-23 15:33:33.626] load:0x3fcd5820,len:0x1574
[2026-05-23 15:33:33.631] load:0x403cc710,len:0xc30
[2026-05-23 15:33:33.639] load:0x403ce710,len:0x2fa0
[2026-05-23 15:33:33.640] entry 0x403cc71a
[2026-05-23 15:33:33.650] I (24) boot: ESP-IDF v5.4.1 2nd stage bootloader
[2026-05-23 15:33:33.655] I (24) boot: compile time May 20 2026 00:05:32
[2026-05-23 15:33:33.662] I (24) boot: chip revision: v0.4
[2026-05-23 15:33:33.667] I (25) boot: efuse block revision: v1.3
[2026-05-23 15:33:33.676] I (25) boot.esp32c3: SPI Speed      : 80MHz
[2026-05-23 15:33:33.684] I (25) boot.esp32c3: SPI Mode       : DIO
[2026-05-23 15:33:33.689] I (26) boot.esp32c3: SPI Flash Size : 2MB
[2026-05-23 15:33:33.700] I (26) boot: Enabling RNG early entropy source...
[2026-05-23 15:33:33.708] I (27) boot: Partition Table:
[2026-05-23 15:33:33.726] I (27) boot: ## Label            Usage          Type ST Offset   Length
[2026-05-23 15:33:33.731] I (28) boot:  0 nvs              WiFi data        01 02 00009000 00006000
[2026-05-23 15:33:33.738] I (29) boot:  1 phy_init         RF data          01 01 0000f000 00001000
[2026-05-23 15:33:33.745] I (29) boot:  2 factory          factory app      00 00 00010000 00100000
[2026-05-23 15:33:33.746] I (30) boot: End of partition table
[2026-05-23 15:33:33.747] I (31) esp_image: segment 0: paddr=00010020 vaddr=3c0a0020 size=1977ch (104316) map
[2026-05-23 15:33:33.748] I (48) esp_image: segment 1: paddr=000297a4 vaddr=3fc95200 size=02da0h ( 11680) load
[2026-05-23 15:33:33.748] I (51) esp_image: segment 2: paddr=0002c54c vaddr=40380000 size=03acch ( 15052) load
[2026-05-23 15:33:33.748] I (54) esp_image: segment 3: paddr=00030020 vaddr=42000020 size=9942ch (627756) map
[2026-05-23 15:33:33.749] I (154) esp_image: segment 4: paddr=000c9454 vaddr=40383acc size=11614h ( 71188) load
[2026-05-23 15:33:33.749] I (168) esp_image: segment 5: paddr=000daa70 vaddr=50000200 size=0001ch (    28) load
[2026-05-23 15:33:33.749] I (175) boot: Loaded app from partition at offset 0x10000
[2026-05-23 15:33:33.750] I (175) boot: Disabling RNG early entropy source...
[2026-05-23 15:33:33.750] I (176) cpu_start: Unicore app
[2026-05-23 15:33:33.750] I (185) cpu_start: Pro cpu start user code
[2026-05-23 15:33:33.750] I (185) cpu_start: cpu freq: 160000000 Hz
[2026-05-23 15:33:33.750] I (185) app_init: Application information:
[2026-05-23 15:33:33.751] I (185) app_init: Project name:     sensor_acquirer
[2026-05-23 15:33:33.751] I (185) app_init: App version:      v1.0-171-gbbe0783
[2026-05-23 15:33:33.751] I (186) app_init: Compile time:     May 23 2026 14:30:31
[2026-05-23 15:33:33.751] I (187) app_init: ELF file SHA256:  493679023...
[2026-05-23 15:33:33.752] I (187) app_init: ESP-IDF:          v5.4.1
[2026-05-23 15:33:33.752] I (188) efuse_init: Min chip rev:     v0.3
[2026-05-23 15:33:33.752] I (188) efuse_init: Max chip rev:     v1.99
[2026-05-23 15:33:33.752] I (189) efuse_init: Chip rev:         v0.4
[2026-05-23 15:33:33.753] I (189) heap_init: Initializing. RAM available for dynamic allocation:
[2026-05-23 15:33:33.753] I (190) heap_init: At 3FC9C340 len 00023CC0 (143 KiB): RAM
[2026-05-23 15:33:33.753] I (191) heap_init: At 3FCC0000 len 0001C710 (113 KiB): Retention RAM
[2026-05-23 15:33:33.754] I (191) heap_init: At 3FCDC710 len 00002950 (10 KiB): Retention RAM
[2026-05-23 15:33:33.754] I (192) heap_init: At 5000021C len 00001DCC (7 KiB): RTCRAM
[2026-05-23 15:33:33.754] I (194) spi_flash: detected chip: generic
[2026-05-23 15:33:33.754] I (194) spi_flash: flash io: dio
[2026-05-23 15:33:33.755] W (194) spi_flash: Detected size(4096k) larger than the size in the binary image header(2048k). Using the size in the binary image header.
[2026-05-23 15:33:33.755] I (196) sleep_gpio: Configure to isolate all GPIO pins in sleep state
[2026-05-23 15:33:33.755] I (196) sleep_gpio: Enable automatic switching of GPIO sleep configuration
[2026-05-23 15:33:33.756] I (197) main_task: Started on CPU0
[2026-05-23 15:33:33.756] I (197) main_task: Calling app_main()
[2026-05-23 15:33:33.756] WCAN_CFG_WAIT v=1
# UART boot config sent: wcan v=1 role=sensor transport=BROADCAST test_duration_ms=30000 host_wait_time_ms=5000 base=0xe0 count=1 hz=1000 linger=100
[2026-05-23 15:33:33.756] WCAN_CFG_WAIT v=1
[2026-05-23 15:33:36.223] WCAN_CFG_ACK
[2026-05-23 15:33:36.223] WCAN_CFG_ACK
[2026-05-23 15:33:36.228] I (2842) pp: pp rom version: 9387209
[2026-05-23 15:33:36.229] I (2843) net80211: net80211 rom version: 9387209
[2026-05-23 15:33:36.232] I (2844) wifi:wifi driver task: 3fca7720, prio:23, stack:6656, core=0
[2026-05-23 15:33:36.234] I (2848) wifi:wifi firmware version: 79fa3f41ba
[2026-05-23 15:33:36.234] I (2848) wifi:wifi certification version: v7.0
[2026-05-23 15:33:36.235] I (2848) wifi:config NVS flash: enabled
[2026-05-23 15:33:36.237] I (2848) wifi:config nano formatting: disabled
[2026-05-23 15:33:36.238] I (2849) wifi:Init data frame dynamic rx buffer num: 32
[2026-05-23 15:33:36.239] I (2849) wifi:Init static rx mgmt buffer num: 5
[2026-05-23 15:33:36.240] I (2850) wifi:Init management short buffer num: 32
[2026-05-23 15:33:36.241] I (2850) wifi:Init dynamic tx buffer num: 32
[2026-05-23 15:33:36.243] I (2851) wifi:Init static tx FG buffer num: 2
[2026-05-23 15:33:36.244] I (2851) wifi:Init static rx buffer size: 1600
[2026-05-23 15:33:36.245] I (2852) wifi:Init static rx buffer num: 10
[2026-05-23 15:33:36.246] I (2852) wifi:Init dynamic rx buffer num: 32
[2026-05-23 15:33:36.247] I (2853) wifi_init: rx ba win: 6
[2026-05-23 15:33:36.248] I (2854) wifi_init: accept mbox: 6
[2026-05-23 15:33:36.249] I (2854) wifi_init: tcpip mbox: 32
[2026-05-23 15:33:36.249] I (2854) wifi_init: udp mbox: 6
[2026-05-23 15:33:36.250] I (2854) wifi_init: tcp mbox: 6
[2026-05-23 15:33:36.251] I (2855) wifi_init: tcp tx win: 5760
[2026-05-23 15:33:36.252] I (2855) wifi_init: tcp rx win: 5760
[2026-05-23 15:33:36.252] I (2856) wifi_init: tcp mss: 1440
[2026-05-23 15:33:36.253] I (2856) wifi_init: WiFi IRAM OP enabled
[2026-05-23 15:33:36.254] I (2856) wifi_init: WiFi RX IRAM OP enabled
[2026-05-23 15:33:36.255] I (2857) phy_init: phy_version 1200,2b7123f9,Feb 18 2025,15:22:21
[2026-05-23 15:33:36.282] I (2895) wifi:mode : sta (74:4d:bd:e1:d5:b8)
[2026-05-23 15:33:36.282] I (2896) wifi:enable tsf
[2026-05-23 15:33:36.285] I (2899) ESPNOW: espnow [version: 2.0] init
[2026-05-23 15:33:36.286] WCAN_TEST_READY role=sensor
# Waiting for phased test start
# UART test start sent: WCAN_TEST_START at 2026-05-23T15:33:36.298689
[2026-05-23 15:33:37.118] P(FAIL):3535:e0:0:0:100:101
[2026-05-23 15:33:37.679] P(FAIL):4096:e0:6:606:706:101
[2026-05-23 15:33:38.067] P(FAIL):4484:e0:8:808:908:101
[2026-05-23 15:33:38.531] P(FAIL):4948:e0:14:1414:1514:101
[2026-05-23 15:33:38.968] P(FAIL):5385:e0:15:1515:1615:101
[2026-05-23 15:33:39.429] P(FAIL):5846:e0:23:2323:2423:101
[2026-05-23 15:33:39.959] P(FAIL):6376:e0:28:2828:2928:101
[2026-05-23 15:33:40.447] P(FAIL):6863:e0:33:3333:3433:101
[2026-05-23 15:33:40.789] P(FAIL):7205:e0:37:3737:3837:101
[2026-05-23 15:33:41.201] P(FAIL):7617:e0:41:4141:4241:101
[2026-05-23 15:33:41.676] P(FAIL):8093:e0:45:4545:4645:101
[2026-05-23 15:33:42.136] P(FAIL):8553:e0:50:5050:5150:101
[2026-05-23 15:33:42.497] P(FAIL):8913:e0:54:5454:5554:101
[2026-05-23 15:33:42.914] P(FAIL):9331:e0:58:5858:5958:101
[2026-05-23 15:33:43.508] P(FAIL):9925:e0:64:6464:6564:101
[2026-05-23 15:33:43.969] P(FAIL):10386:e0:68:6868:6968:101
[2026-05-23 15:33:44.424] P(FAIL):10841:e0:73:7373:7473:101
[2026-05-23 15:33:44.797] P(FAIL):11213:e0:77:7777:7877:101
[2026-05-23 15:33:45.370] P(FAIL):11786:e0:82:8282:8382:101
[2026-05-23 15:33:45.715] P(FAIL):12131:e0:83:8383:8483:101
[2026-05-23 15:33:46.112] P(FAIL):12529:e0:88:8888:8988:101
[2026-05-23 15:33:46.969] P(FAIL):13385:e0:97:9797:9897:101
[2026-05-23 15:33:47.391] P(FAIL):13807:e0:102:10302:10402:101
[2026-05-23 15:33:47.830] P(FAIL):14246:e0:106:10706:10806:101
[2026-05-23 15:33:48.610] P(FAIL):15026:e0:114:11514:11614:101
[2026-05-23 15:33:48.941] P(FAIL):15358:e0:117:11817:11917:101
[2026-05-23 15:33:49.334] P(FAIL):15750:e0:118:11918:12018:101
[2026-05-23 15:33:49.783] P(FAIL):16200:e0:126:12726:12826:101
[2026-05-23 15:33:50.194] P(FAIL):16610:e0:130:13130:13230:101
[2026-05-23 15:33:50.657] P(FAIL):17073:e0:134:13534:13634:101
[2026-05-23 15:33:51.212] P(FAIL):17628:e0:141:14241:14341:101
[2026-05-23 15:33:51.635] P(FAIL):18051:e0:144:14544:14644:101
[2026-05-23 15:33:52.069] P(FAIL):18486:e0:148:14948:15048:101
[2026-05-23 15:33:52.641] P(FAIL):19057:e0:154:15554:15654:101
[2026-05-23 15:33:53.012] P(FAIL):19429:e0:156:15756:15856:101
[2026-05-23 15:33:53.286] P(FAIL):19702:e0:157:15857:15957:101
[2026-05-23 15:33:53.641] P(FAIL):20057:e0:164:16564:16664:101
[2026-05-23 15:33:54.027] P(FAIL):20444:e0:168:16968:17068:101
[2026-05-23 15:33:54.901] P(FAIL):21317:e0:177:17877:17977:101
[2026-05-23 15:33:55.410] P(FAIL):21826:e0:182:18382:18482:101
[2026-05-23 15:33:55.940] P(FAIL):22357:e0:187:18887:18987:101
[2026-05-23 15:33:56.291] P(FAIL):22707:e0:190:19190:19290:101
[2026-05-23 15:33:56.653] P(FAIL):23069:e0:193:19493:19593:101
[2026-05-23 15:33:57.034] P(FAIL):23450:e0:194:19594:19694:101
[2026-05-23 15:33:57.443] P(FAIL):23859:e0:202:20402:20502:101
[2026-05-23 15:33:57.845] P(FAIL):24261:e0:204:20604:20704:101
[2026-05-23 15:33:58.181] P(FAIL):24597:e0:206:20806:20906:101
[2026-05-23 15:33:58.538] P(FAIL):24954:e0:210:21210:21310:101
[2026-05-23 15:33:59.046] P(FAIL):25463:e0:218:22018:22118:101
[2026-05-23 15:33:59.422] P(FAIL):25838:e0:222:22422:22522:101
[2026-05-23 15:33:59.767] P(FAIL):26184:e0:225:22725:22825:101
[2026-05-23 15:34:00.140] P(FAIL):26556:e0:227:22927:23027:101
[2026-05-23 15:34:00.475] P(FAIL):26891:e0:228:23028:23128:101
[2026-05-23 15:34:00.865] P(FAIL):27281:e0:230:23230:23330:101
[2026-05-23 15:34:01.169] S(FAIL):27585:e0:0:24240:24256:17
[2026-05-23 15:34:01.293] P(FAIL):27709:e0:233:23533:23633:101
[2026-05-23 15:34:02.067] P(FAIL):28483:e0:246:24988:25088:101
[2026-05-23 15:34:03.678] P(FAIL):30094:e0:262:26604:26704:101
[2026-05-23 15:34:06.816] P(FAIL):33233:e0:292:29634:29734:101
[2026-05-23 15:34:07.626] WCAN_BATCH id=0xe0 count=296 avg_hz=9.85 avg_points=100.87 min_points=62 max_points=101 avg_interval_ms=101.48 min_interval_ms=100.84 max_interval_ms=226.04 avg_dispatch_ms=4.93 max_dispatch_ms=12.59 dispatched_count=470 avg_queue_wait_ms=202.76 max_queue_wait_ms=950.30
[2026-05-23 15:34:07.627] WCAN_SENSOR_END generated=29998 avg_hz=1000.00
[2026-05-23 15:34:07.627] S(FAIL):34027:e0:0:24560:24684:125
[2026-05-23 15:34:07.630] WCAN_MEASURES elapsed_ms=29999 heap_start_free=126780 heap_end_free=141412 heap_start_min_free=124628 heap_end_min_free=123952 heap_start_largest=98304 heap_end_largest=98304 airtime_us_total=2313228 packets_sent_total=470 sensor_send_failures_total=142
[2026-05-23 15:34:07.630] WCAN_TEST_END role=sensor

# Monitor stopped: 2026-05-23T15:34:07.630734
