# Monitor started: 2026-05-23T15:33:33.585511
# Port: /dev/ttyACM0, Baud: 921600, Timeout: 35.000s after WCAN_TEST_START

# UART boot config: wcan v=1 role=sensor transport=BROADCAST test_duration_ms=30000 host_wait_time_ms=5000 base=0xd0 count=1 hz=1000 linger=100
[2026-05-23 15:33:33.608] ESP-ROM:esp32c3-api1-20210207
[2026-05-23 15:33:33.611] Build:Feb  7 2021
[2026-05-23 15:33:33.617] rst:0x15 (USB_UART_CHIP_RESET),boot:0xd (SPI_FAST_FLASH_BOOT)
[2026-05-23 15:33:33.619] Saved PC:0x40384eba
[2026-05-23 15:33:33.619] SPIWP:0xee
[2026-05-23 15:33:33.621] mode:DIO, clock div:1
[2026-05-23 15:33:33.622] load:0x3fcd5820,len:0x1574
[2026-05-23 15:33:33.623] load:0x403cc710,len:0xc30
[2026-05-23 15:33:33.625] load:0x403ce710,len:0x2fa0
[2026-05-23 15:33:33.626] entry 0x403cc71a
[2026-05-23 15:33:33.628] I (24) boot: ESP-IDF v5.4.1 2nd stage bootloader
[2026-05-23 15:33:33.630] I (24) boot: compile time May 20 2026 00:05:32
[2026-05-23 15:33:33.631] I (25) boot: chip revision: v0.4
[2026-05-23 15:33:33.633] I (25) boot: efuse block revision: v1.3
[2026-05-23 15:33:33.634] I (25) boot.esp32c3: SPI Speed      : 80MHz
[2026-05-23 15:33:33.637] I (25) boot.esp32c3: SPI Mode       : DIO
[2026-05-23 15:33:33.638] I (26) boot.esp32c3: SPI Flash Size : 2MB
[2026-05-23 15:33:33.639] I (26) boot: Enabling RNG early entropy source...
[2026-05-23 15:33:33.640] I (27) boot: Partition Table:
[2026-05-23 15:33:33.643] I (27) boot: ## Label            Usage          Type ST Offset   Length
[2026-05-23 15:33:33.646] I (28) boot:  0 nvs              WiFi data        01 02 00009000 00006000
[2026-05-23 15:33:33.648] I (29) boot:  1 phy_init         RF data          01 01 0000f000 00001000
[2026-05-23 15:33:33.650] I (29) boot:  2 factory          factory app      00 00 00010000 00100000
[2026-05-23 15:33:33.652] I (30) boot: End of partition table
[2026-05-23 15:33:33.655] I (31) esp_image: segment 0: paddr=00010020 vaddr=3c0a0020 size=1977ch (104316) map
[2026-05-23 15:33:33.658] I (48) esp_image: segment 1: paddr=000297a4 vaddr=3fc95200 size=02da0h ( 11680) load
[2026-05-23 15:33:33.660] I (51) esp_image: segment 2: paddr=0002c54c vaddr=40380000 size=03acch ( 15052) load
[2026-05-23 15:33:33.662] I (54) esp_image: segment 3: paddr=00030020 vaddr=42000020 size=9942ch (627756) map
[2026-05-23 15:33:33.666] I (154) esp_image: segment 4: paddr=000c9454 vaddr=40383acc size=11614h ( 71188) load
[2026-05-23 15:33:33.671] I (168) esp_image: segment 5: paddr=000daa70 vaddr=50000200 size=0001ch (    28) load
[2026-05-23 15:33:33.674] I (175) boot: Loaded app from partition at offset 0x10000
[2026-05-23 15:33:33.676] I (175) boot: Disabling RNG early entropy source...
[2026-05-23 15:33:33.680] I (176) cpu_start: Unicore app
[2026-05-23 15:33:33.682] I (185) cpu_start: Pro cpu start user code
[2026-05-23 15:33:33.686] I (185) cpu_start: cpu freq: 160000000 Hz
[2026-05-23 15:33:33.693] I (185) app_init: Application information:
[2026-05-23 15:33:33.696] I (185) app_init: Project name:     sensor_acquirer
[2026-05-23 15:33:33.697] I (185) app_init: App version:      v1.0-171-gbbe0783
[2026-05-23 15:33:33.699] I (186) app_init: Compile time:     May 23 2026 14:30:31
[2026-05-23 15:33:33.700] I (186) app_init: ELF file SHA256:  493679023...
[2026-05-23 15:33:33.702] I (187) app_init: ESP-IDF:          v5.4.1
[2026-05-23 15:33:33.704] I (188) efuse_init: Min chip rev:     v0.3
[2026-05-23 15:33:33.706] I (188) efuse_init: Max chip rev:     v1.99
[2026-05-23 15:33:33.707] I (188) efuse_init: Chip rev:         v0.4
[2026-05-23 15:33:33.713] I (189) heap_init: Initializing. RAM available for dynamic allocation:
[2026-05-23 15:33:33.715] I (190) heap_init: At 3FC9C340 len 00023CC0 (143 KiB): RAM
[2026-05-23 15:33:33.722] I (190) heap_init: At 3FCC0000 len 0001C710 (113 KiB): Retention RAM
[2026-05-23 15:33:33.724] I (191) heap_init: At 3FCDC710 len 00002950 (10 KiB): Retention RAM
[2026-05-23 15:33:33.730] I (192) heap_init: At 5000021C len 00001DCC (7 KiB): RTCRAM
[2026-05-23 15:33:33.733] I (193) spi_flash: detected chip: generic
[2026-05-23 15:33:33.735] I (194) spi_flash: flash io: dio
[2026-05-23 15:33:33.738] W (194) spi_flash: Detected size(4096k) larger than the size in the binary image header(2048k). Using the size in the binary image header.
[2026-05-23 15:33:33.742] I (195) sleep_gpio: Configure to isolate all GPIO pins in sleep state
[2026-05-23 15:33:33.744] I (196) sleep_gpio: Enable automatic switching of GPIO sleep configuration
[2026-05-23 15:33:33.745] I (197) main_task: Started on CPU0
[2026-05-23 15:33:33.746] I (197) main_task: Calling app_main()
[2026-05-23 15:33:33.746] WCAN_CFG_WAIT v=1
# UART boot config sent: wcan v=1 role=sensor transport=BROADCAST test_duration_ms=30000 host_wait_time_ms=5000 base=0xd0 count=1 hz=1000 linger=100
[2026-05-23 15:33:33.747] WCAN_CFG_WAIT v=1
[2026-05-23 15:33:36.223] WCAN_CFG_ACK
[2026-05-23 15:33:36.223] WCAN_CFG_ACK
[2026-05-23 15:33:36.232] I (2842) pp: pp rom version: 9387209
[2026-05-23 15:33:36.233] I (2843) net80211: net80211 rom version: 9387209
[2026-05-23 15:33:36.233] I (2844) wifi:wifi driver task: 3fca77a4, prio:23, stack:6656, core=0
[2026-05-23 15:33:36.235] I (2848) wifi:wifi firmware version: 79fa3f41ba
[2026-05-23 15:33:36.236] I (2848) wifi:wifi certification version: v7.0
[2026-05-23 15:33:36.236] I (2848) wifi:config NVS flash: enabled
[2026-05-23 15:33:36.238] I (2848) wifi:config nano formatting: disabled
[2026-05-23 15:33:36.239] I (2849) wifi:Init data frame dynamic rx buffer num: 32
[2026-05-23 15:33:36.240] I (2849) wifi:Init static rx mgmt buffer num: 5
[2026-05-23 15:33:36.242] I (2850) wifi:Init management short buffer num: 32
[2026-05-23 15:33:36.243] I (2850) wifi:Init dynamic tx buffer num: 32
[2026-05-23 15:33:36.243] I (2851) wifi:Init static tx FG buffer num: 2
[2026-05-23 15:33:36.244] I (2851) wifi:Init static rx buffer size: 1600
[2026-05-23 15:33:36.246] I (2852) wifi:Init static rx buffer num: 10
[2026-05-23 15:33:36.247] I (2852) wifi:Init dynamic rx buffer num: 32
[2026-05-23 15:33:36.248] I (2853) wifi_init: rx ba win: 6
[2026-05-23 15:33:36.248] I (2854) wifi_init: accept mbox: 6
[2026-05-23 15:33:36.249] I (2854) wifi_init: tcpip mbox: 32
[2026-05-23 15:33:36.249] I (2854) wifi_init: udp mbox: 6
[2026-05-23 15:33:36.250] I (2854) wifi_init: tcp mbox: 6
[2026-05-23 15:33:36.251] I (2855) wifi_init: tcp tx win: 5760
[2026-05-23 15:33:36.251] I (2855) wifi_init: tcp rx win: 5760
[2026-05-23 15:33:36.252] I (2856) wifi_init: tcp mss: 1440
[2026-05-23 15:33:36.253] I (2856) wifi_init: WiFi IRAM OP enabled
[2026-05-23 15:33:36.254] I (2856) wifi_init: WiFi RX IRAM OP enabled
[2026-05-23 15:33:36.255] I (2857) phy_init: phy_version 1200,2b7123f9,Feb 18 2025,15:22:21
[2026-05-23 15:33:36.279] I (2893) wifi:mode : sta (54:32:04:8c:0b:8c)
[2026-05-23 15:33:36.279] I (2894) wifi:enable tsf
[2026-05-23 15:33:36.283] I (2897) ESPNOW: espnow [version: 2.0] init
[2026-05-23 15:33:36.284] WCAN_TEST_READY role=sensor
# Waiting for phased test start
# UART test start sent: WCAN_TEST_START at 2026-05-23T15:33:36.297579
[2026-05-23 15:33:37.111] P(FAIL):3528:d0:0:0:100:101
[2026-05-23 15:33:37.434] P(FAIL):3851:d0:1:101:201:101
[2026-05-23 15:33:38.307] P(FAIL):4724:d0:12:1212:1312:101
[2026-05-23 15:33:38.735] P(FAIL):5152:d0:16:1616:1716:101
[2026-05-23 15:33:39.228] P(FAIL):5645:d0:21:2121:2221:101
[2026-05-23 15:33:39.634] P(FAIL):6051:d0:23:2323:2423:101
[2026-05-23 15:33:40.277] P(FAIL):6694:d0:31:3131:3231:101
[2026-05-23 15:33:40.694] P(FAIL):7111:d0:36:3636:3736:101
[2026-05-23 15:33:41.142] P(FAIL):7559:d0:40:4040:4140:101
[2026-05-23 15:33:41.494] P(FAIL):7911:d0:42:4242:4342:101
[2026-05-23 15:33:41.995] P(FAIL):8412:d0:49:4949:5049:101
[2026-05-23 15:33:42.417] P(FAIL):8834:d0:53:5353:5453:101
[2026-05-23 15:33:42.823] P(FAIL):9240:d0:57:5757:5857:101
[2026-05-23 15:33:43.288] P(FAIL):9705:d0:61:6161:6261:101
[2026-05-23 15:33:44.130] P(FAIL):10547:d0:70:7070:7170:101
[2026-05-23 15:33:44.536] P(FAIL):10953:d0:74:7474:7574:101
[2026-05-23 15:33:44.943] P(FAIL):11360:d0:78:7878:7978:101
[2026-05-23 15:33:45.365] P(FAIL):11782:d0:82:8282:8382:101
[2026-05-23 15:33:45.744] P(FAIL):12161:d0:84:8484:8584:101
[2026-05-23 15:33:46.158] P(FAIL):12575:d0:90:9090:9190:101
[2026-05-23 15:33:46.525] P(FAIL):12942:d0:94:9494:9594:101
[2026-05-23 15:33:47.063] P(FAIL):13480:d0:98:9898:9998:101
[2026-05-23 15:33:47.491] P(FAIL):13908:d0:103:10403:10503:101
[2026-05-23 15:33:48.122] P(FAIL):14539:d0:109:11009:11109:101
[2026-05-23 15:33:48.539] P(FAIL):14956:d0:110:11110:11210:101
[2026-05-23 15:33:48.933] P(FAIL):15350:d0:118:11918:12018:101
[2026-05-23 15:33:49.377] P(FAIL):15794:d0:121:12221:12321:101
[2026-05-23 15:33:49.742] P(FAIL):16159:d0:126:12726:12826:101
[2026-05-23 15:33:50.239] P(FAIL):16656:d0:130:13130:13230:101
[2026-05-23 15:33:50.732] P(FAIL):17149:d0:135:13635:13735:101
[2026-05-23 15:33:51.044] P(FAIL):17457:d0:138:13938:14038:101
[2026-05-23 15:33:51.356] P(FAIL):17773:d0:140:14140:14240:101
[2026-05-23 15:33:51.741] P(FAIL):18158:d0:141:14241:14341:101
[2026-05-23 15:33:52.196] P(FAIL):18613:d0:144:14544:14644:101
[2026-05-23 15:33:52.399] S(FAIL):18816:d0:0:15554:15591:38
[2026-05-23 15:33:52.598] P(FAIL):19015:d0:146:14746:14846:101
[2026-05-23 15:33:53.003] P(FAIL):19420:d0:154:15592:15692:101
[2026-05-23 15:33:53.345] P(FAIL):19762:d0:157:16095:16195:101
[2026-05-23 15:33:53.690] P(FAIL):20105:d0:162:16600:16700:101
[2026-05-23 15:33:54.842] P(FAIL):21258:d0:174:17812:17912:101
[2026-05-23 15:33:55.756] P(FAIL):22173:d0:183:18721:18821:101
[2026-05-23 15:33:56.976] P(FAIL):23393:d0:195:19933:20033:101
[2026-05-23 15:33:57.336] P(FAIL):23753:d0:197:20135:20235:101
[2026-05-23 15:33:57.847] P(FAIL):24264:d0:203:20741:20841:101
[2026-05-23 15:33:58.195] P(FAIL):24612:d0:204:20842:20942:101
[2026-05-23 15:33:58.486] P(FAIL):24903:d0:205:20943:21043:101
[2026-05-23 15:33:58.838] P(FAIL):25255:d0:212:21650:21750:101
[2026-05-23 15:33:59.432] P(FAIL):25848:d0:219:22357:22457:101
[2026-05-23 15:34:00.069] P(FAIL):26486:d0:226:23064:23164:101
[2026-05-23 15:34:00.787] P(FAIL):27204:d0:233:23771:23871:101
[2026-05-23 15:34:01.971] P(FAIL):28388:d0:245:24983:25083:101
[2026-05-23 15:34:02.841] P(FAIL):29258:d0:252:25690:25790:101
[2026-05-23 15:34:06.616] P(FAIL):33033:d0:291:29629:29729:101
[2026-05-23 15:34:07.416] P(FAIL):33833:d0:292:29730:29830:101
[2026-05-23 15:34:07.615] WCAN_BATCH id=0xd0 count=295 avg_hz=9.82 avg_points=100.88 min_points=67 max_points=101 avg_interval_ms=101.81 min_interval_ms=100.87 max_interval_ms=301.04 avg_dispatch_ms=4.96 max_dispatch_ms=13.11 dispatched_count=450 avg_queue_wait_ms=197.83 max_queue_wait_ms=1048.77
[2026-05-23 15:34:07.617] WCAN_SENSOR_END generated=29998 avg_hz=1000.00
[2026-05-23 15:34:07.618] S(FAIL):34023:d0:0:15794:15993:200
[2026-05-23 15:34:07.624] WCAN_MEASURES elapsed_ms=29999 heap_start_free=126648 heap_end_free=141280 heap_start_min_free=124496 heap_end_min_free=123820 heap_start_largest=98304 heap_end_largest=98304 airtime_us_total=2228955 packets_sent_total=450 sensor_send_failures_total=238
[2026-05-23 15:34:07.625] WCAN_TEST_END role=sensor

# Monitor stopped: 2026-05-23T15:34:07.625214
