# Monitor started: 2026-05-23T20:31:14.909246
# Port: /dev/ttyACM0, Baud: 921600, Timeout: 35.000s after WCAN_TEST_START

# UART boot config: wcan v=1 role=idle transport=MULTICAST test_duration_ms=30000 host_wait_time_ms=5000
[2026-05-23 20:31:14.920] ESP-ROM:esp32c3-api1-20210207
[2026-05-23 20:31:14.929] Build:Feb  7 2021
[2026-05-23 20:31:14.950] rst:0x15 (USB_UART_CHIP_RESET),boot:0xd (SPI_FAST_FLASH_BOOT)
[2026-05-23 20:31:14.955] Saved PC:0x40384eba
[2026-05-23 20:31:14.957] SPIWP:0xee
[2026-05-23 20:31:14.961] mode:DIO, clock div:1
[2026-05-23 20:31:14.963] load:0x3fcd5820,len:0x1574
[2026-05-23 20:31:14.964] load:0x403cc710,len:0xc30
[2026-05-23 20:31:14.968] load:0x403ce710,len:0x2fa0
[2026-05-23 20:31:14.970] entry 0x403cc71a
[2026-05-23 20:31:14.973] I (24) boot: ESP-IDF v5.4.1 2nd stage bootloader
[2026-05-23 20:31:14.977] I (24) boot: compile time May 19 2026 23:41:33
[2026-05-23 20:31:14.986] I (25) boot: chip revision: v0.4
[2026-05-23 20:31:14.988] I (25) boot: efuse block revision: v1.3
[2026-05-23 20:31:14.995] I (25) boot.esp32c3: SPI Speed      : 80MHz
[2026-05-23 20:31:14.999] I (25) boot.esp32c3: SPI Mode       : DIO
[2026-05-23 20:31:15.000] I (26) boot.esp32c3: SPI Flash Size : 2MB
[2026-05-23 20:31:15.002] I (26) boot: Enabling RNG early entropy source...
[2026-05-23 20:31:15.006] I (27) boot: Partition Table:
[2026-05-23 20:31:15.012] I (27) boot: ## Label            Usage          Type ST Offset   Length
[2026-05-23 20:31:15.024] I (28) boot:  0 nvs              WiFi data        01 02 00009000 00006000
[2026-05-23 20:31:15.030] I (29) boot:  1 phy_init         RF data          01 01 0000f000 00001000
[2026-05-23 20:31:15.037] I (29) boot:  2 factory          factory app      00 00 00010000 00100000
[2026-05-23 20:31:15.038] I (30) boot: End of partition table
[2026-05-23 20:31:15.040] I (31) esp_image: segment 0: paddr=00010020 vaddr=3c0a0020 size=19850h (104528) map
[2026-05-23 20:31:15.042] I (48) esp_image: segment 1: paddr=00029878 vaddr=3fc95000 size=02da0h ( 11680) load
[2026-05-23 20:31:15.045] I (51) esp_image: segment 2: paddr=0002c620 vaddr=40380000 size=039f8h ( 14840) load
[2026-05-23 20:31:15.049] I (54) esp_image: segment 3: paddr=00030020 vaddr=42000020 size=990b4h (626868) map
[2026-05-23 20:31:15.055] I (154) esp_image: segment 4: paddr=000c90dc vaddr=403839f8 size=114f8h ( 70904) load
[2026-05-23 20:31:15.059] I (168) esp_image: segment 5: paddr=000da5dc vaddr=50000200 size=0001ch (    28) load
[2026-05-23 20:31:15.062] I (175) boot: Loaded app from partition at offset 0x10000
[2026-05-23 20:31:15.068] I (175) boot: Disabling RNG early entropy source...
[2026-05-23 20:31:15.076] I (176) cpu_start: Unicore app
[2026-05-23 20:31:15.077] I (185) cpu_start: Pro cpu start user code
[2026-05-23 20:31:15.080] I (185) cpu_start: cpu freq: 160000000 Hz
[2026-05-23 20:31:15.082] I (185) app_init: Application information:
[2026-05-23 20:31:15.082] I (185) app_init: Project name:     sensor_acquirer
[2026-05-23 20:31:15.083] I (185) app_init: App version:      v1.0-171-gbbe0783
[2026-05-23 20:31:15.084] I (186) app_init: Compile time:     May 23 2026 14:30:40
[2026-05-23 20:31:15.085] I (186) app_init: ELF file SHA256:  0e7d705e7...
[2026-05-23 20:31:15.086] I (187) app_init: ESP-IDF:          v5.4.1
[2026-05-23 20:31:15.087] I (187) efuse_init: Min chip rev:     v0.3
[2026-05-23 20:31:15.088] I (188) efuse_init: Max chip rev:     v1.99
[2026-05-23 20:31:15.089] I (188) efuse_init: Chip rev:         v0.4
[2026-05-23 20:31:15.091] I (189) heap_init: Initializing. RAM available for dynamic allocation:
[2026-05-23 20:31:15.092] I (190) heap_init: At 3FC9C130 len 00023ED0 (143 KiB): RAM
[2026-05-23 20:31:15.093] I (190) heap_init: At 3FCC0000 len 0001C710 (113 KiB): Retention RAM
[2026-05-23 20:31:15.095] I (191) heap_init: At 3FCDC710 len 00002950 (10 KiB): Retention RAM
[2026-05-23 20:31:15.096] I (192) heap_init: At 5000021C len 00001DCC (7 KiB): RTCRAM
[2026-05-23 20:31:15.096] I (193) spi_flash: detected chip: generic
[2026-05-23 20:31:15.097] I (193) spi_flash: flash io: dio
[2026-05-23 20:31:15.099] W (194) spi_flash: Detected size(4096k) larger than the size in the binary image header(2048k). Using the size in the binary image header.
[2026-05-23 20:31:15.100] I (195) sleep_gpio: Configure to isolate all GPIO pins in sleep state
[2026-05-23 20:31:15.102] I (196) sleep_gpio: Enable automatic switching of GPIO sleep configuration
[2026-05-23 20:31:15.102] I (197) main_task: Started on CPU0
[2026-05-23 20:31:15.103] I (197) main_task: Calling app_main()
[2026-05-23 20:31:15.103] WCAN_CFG_WAIT v=1
# UART boot config sent: wcan v=1 role=idle transport=MULTICAST test_duration_ms=30000 host_wait_time_ms=5000
[2026-05-23 20:31:15.104] WCAN_CFG_WAIT v=1
[2026-05-23 20:31:16.784] WCAN_CFG_ACK
[2026-05-23 20:31:16.784] WCAN_CFG_ACK
[2026-05-23 20:31:16.785] WCAN_TEST_READY role=idle
# Waiting for phased test start
# UART test start sent: WCAN_TEST_START at 2026-05-23T20:31:17.666230
[2026-05-23 20:31:17.984] WCAN_TEST_END role=idle

# Monitor stopped: 2026-05-23T20:31:17.984599
