# Monitor started: 2026-04-22T17:47:11.796268
# Port: COM10, Baud: 115200, Duration: 30s

[2026-04-22 17:47:11.799] I (101) esp_image: segment 2: paddr=0002aee4 vaddr=40380000 sizeESP-ROM:esp32c3-api1-20210207
[2026-04-22 17:47:11.800] Build:Feb  7 2021
[2026-04-22 17:47:11.808] rst:0x15 (USB_UART_CHIP_RESET),boot:0xd (SPI_FAST_FLASH_BOOT)
[2026-04-22 17:47:11.811] Saved PC:0x40384ec6
[2026-04-22 17:47:11.813] SPIWP:0xee
[2026-04-22 17:47:11.816] mode:DIO, clock div:1
[2026-04-22 17:47:11.823] load:0x3fcd5820,len:0x1574
[2026-04-22 17:47:11.828] load:0x403cc710,len:0xc30
[2026-04-22 17:47:11.834] load:0x403ce710,len:0x2f64
[2026-04-22 17:47:11.837] entry 0x403cc71a
[2026-04-22 17:47:11.847] I (24) boot: ESP-IDF v5.4.1 2nd stage bootloader
[2026-04-22 17:47:11.856] I (24) boot: compile time Apr 22 2026 16:20:48
[2026-04-22 17:47:11.863] I (25) boot: chip revision: v0.4
[2026-04-22 17:47:11.870] I (25) boot: efuse block revision: v1.3
[2026-04-22 17:47:11.880] I (28) boot.esp32c3: SPI Speed      : 80MHz
[2026-04-22 17:47:11.889] I (32) boot.esp32c3: SPI Mode       : DIO
[2026-04-22 17:47:11.895] I (36) boot.esp32c3: SPI Flash Size : 2MB
[2026-04-22 17:47:11.902] I (39) boot: Enabling RNG early entropy source...
[2026-04-22 17:47:11.905] I (44) boot: Partition Table:
[2026-04-22 17:47:11.914] I (46) boot: ## Label            Usage          Type ST Offset   Length
[2026-04-22 17:47:11.923] I (53) boot:  0 nvs              WiFi data        01 02 00009000 00006000
[2026-04-22 17:47:11.930] I (59) boot:  1 phy_init         RF data          01 01 0000f000 00001000
[2026-04-22 17:47:11.938] I (66) boot:  2 factory          factory app      00 00 00010000 00100000
[2026-04-22 17:47:11.942] I (72) boot: End of partition table
[2026-04-22 17:47:11.950] I (76) esp_image: segment 0: paddr=00010020 vaddr=3c090020 size=18114h ( 98580) map
[2026-04-22 17:47:11.959] I (99) esp_image: segment 1: paddr=0002813c vaddr=3fc94000 size=02da0h ( 11680) load
[2026-04-22 17:47:11.970] I (101) esp_image: segment 2: paddr=0002aee4 vaddr=40380000 size=05134h ( 20788) load
[2026-04-22 17:47:11.979] I (106) esp_image: segment 3: paddr=00030020 vaddr=42000020 size=8eaa8h (584360) map
[2026-04-22 17:47:11.988] I (203) esp_image: segment 4: paddr=000bead0 vaddr=40385134 size=0ede8h ( 60904) load
[2026-04-22 17:47:11.996] I (215) esp_image: segment 5: paddr=000cd8c0 vaddr=50000200 size=0001ch (    28) load
[2026-04-22 17:47:12.003] I (221) boot: Loaded app from partition at offset 0x10000
[2026-04-22 17:47:12.009] I (221) boot: Disabling RNG early entropy source...
[2026-04-22 17:47:12.013] I (232) cpu_start: Unicore app
[2026-04-22 17:47:12.018] I (241) cpu_start: Pro cpu start user code
[2026-04-22 17:47:12.023] I (241) cpu_start: cpu freq: 160000000 Hz
[2026-04-22 17:47:12.028] I (241) app_init: Application information:
[2026-04-22 17:47:12.033] I (241) app_init: Project name:     sensor_acquirer
[2026-04-22 17:47:12.039] I (245) app_init: App version:      e468f2b-dirty
[2026-04-22 17:47:12.045] I (250) app_init: Compile time:     Apr 22 2026 16:19:54
[2026-04-22 17:47:12.051] I (255) app_init: ELF file SHA256:  21c97d479...
[2026-04-22 17:47:12.056] I (259) app_init: ESP-IDF:          v5.4.1
[2026-04-22 17:47:12.062] I (263) efuse_init: Min chip rev:     v0.3
[2026-04-22 17:47:12.068] I (267) efuse_init: Max chip rev:     v1.99
[2026-04-22 17:47:12.073] I (271) efuse_init: Chip rev:         v0.4
[2026-04-22 17:47:12.081] I (275) heap_init: Initializing. RAM available for dynamic allocation:
[2026-04-22 17:47:12.086] I (281) heap_init: At 3FC9B1B0 len 00024E50 (147 KiB): RAM
[2026-04-22 17:47:12.093] I (286) heap_init: At 3FCC0000 len 0001C710 (113 KiB): Retention RAM
[2026-04-22 17:47:12.100] I (292) heap_init: At 3FCDC710 len 00002950 (10 KiB): Retention RAM
[2026-04-22 17:47:12.107] I (298) heap_init: At 5000021C len 00001DCC (7 KiB): RTCRAM
[2026-04-22 17:47:12.113] I (304) spi_flash: detected chip: generic
[2026-04-22 17:47:12.118] I (307) spi_flash: flash io: dio
[2026-04-22 17:47:12.144] W (310) spi_flash: Detected size(4096k) larger than the size in the binary image header(2048k). Using the size in the binary image header.
[2026-04-22 17:47:12.157] I (323) sleep_gpio: Configure to isolate all GPIO pins in sleep state
[2026-04-22 17:47:12.172] I (329) sleep_gpio: Enable automatic switching of GPIO sleep configuration
[2026-04-22 17:47:12.178] I (335) main_task: Started on CPU0
[2026-04-22 17:47:12.182] I (335) main_task: Calling app_main()
[2026-04-22 17:47:12.187] I (335) MAIN: MAC: 74:4d:bd:e1:d5:b8
[2026-04-22 17:47:12.192] I (345) pp: pp rom version: 9387209
[2026-04-22 17:47:12.197] I (345) net80211: net80211 rom version: 9387209
[2026-04-22 17:47:12.205] I (355) wifi:wifi driver task: 3fca4090, prio:23, stack:6656, core=0
[2026-04-22 17:47:12.210] I (355) wifi:wifi firmware version: 79fa3f41ba
[2026-04-22 17:47:12.215] I (355) wifi:wifi certification version: v7.0
[2026-04-22 17:47:12.221] I (365) wifi:config NVS flash: enabled
[2026-04-22 17:47:12.227] I (365) wifi:config nano formatting: disabled
[2026-04-22 17:47:12.235] I (365) wifi:Init data frame dynamic rx buffer num: 32
[2026-04-22 17:47:12.240] I (375) wifi:Init static rx mgmt buffer num: 5
[2026-04-22 17:47:12.246] I (375) wifi:Init management short buffer num: 32
[2026-04-22 17:47:12.253] I (385) wifi:Init dynamic tx buffer num: 32
[2026-04-22 17:47:12.259] I (385) wifi:Init static tx FG buffer num: 2
[2026-04-22 17:47:12.266] I (395) wifi:Init static rx buffer size: 1600
[2026-04-22 17:47:12.272] I (395) wifi:Init static rx buffer num: 10
[2026-04-22 17:47:12.278] I (395) wifi:Init dynamic rx buffer num: 32
[2026-04-22 17:47:12.284] I (405) wifi_init: rx ba win: 6
[2026-04-22 17:47:12.287] I (405) wifi_init: accept mbox: 6
[2026-04-22 17:47:12.292] I (405) wifi_init: tcpip mbox: 32
[2026-04-22 17:47:12.296] I (415) wifi_init: udp mbox: 6
[2026-04-22 17:47:12.300] I (415) wifi_init: tcp mbox: 6
[2026-04-22 17:47:12.304] I (415) wifi_init: tcp tx win: 5760
[2026-04-22 17:47:12.308] I (415) wifi_init: tcp rx win: 5760
[2026-04-22 17:47:12.312] I (425) wifi_init: tcp mss: 1440
[2026-04-22 17:47:12.317] I (425) wifi_init: WiFi IRAM OP enabled
[2026-04-22 17:47:12.320] I (425) wifi_init: WiFi RX IRAM OP enabled
[2026-04-22 17:47:12.326] I (435) phy_init: phy_version 1200,2b7123f9,Feb 18 2025,15:22:21
[2026-04-22 17:47:12.330] I (475) wifi:mode : softAP (74:4d:bd:e1:d5:b9)
[2026-04-22 17:47:12.334] I (475) wifi:Total power save buffer number: 16
[2026-04-22 17:47:12.337] I (475) wifi:Init max length of beacon: 752/752
[2026-04-22 17:47:12.341] I (475) wifi:Init max length of beacon: 752/752
[2026-04-22 17:47:12.342] I (475) MAIN: WiFi initialized
[2026-04-22 17:47:12.344] I (485) MAIN: RECEIVER mode — accepting all CAN IDs
[2026-04-22 17:47:12.345] I (485) ESPNOW: espnow [version: 2.0] init
[2026-04-22 17:47:12.345] I (485) SEND: Send processing task started
[2026-04-22 17:47:12.345] I (495) RECV: Receive processing task started
[2026-04-22 17:47:12.345] I (495) WCAN: WCAN initialized
[2026-04-22 17:47:12.346] I (495) main_task: Returned from app_main()
[2026-04-22 17:47:12.346] I (905) USER-RECV: Received [5d10] len=4 counter=0
[2026-04-22 17:47:12.347] I (905) USER-RECV: Received [c978] len=4 counter=0
[2026-04-22 17:47:13.003] I (1905) USER-RECV: Received [5d10] len=4 counter=1
[2026-04-22 17:47:13.004] I (1905) USER-RECV: Received [c978] len=4 counter=1
[2026-04-22 17:47:14.004] I (2905) USER-RECV: Received [c978] len=4 counter=2
[2026-04-22 17:47:14.005] I (2905) USER-RECV: Received [5d10] len=4 counter=2
[2026-04-22 17:47:15.003] I (3905) USER-RECV: Received [c978] len=4 counter=3
[2026-04-22 17:47:15.003] I (3905) USER-RECV: Received [5d10] len=4 counter=3
[2026-04-22 17:47:16.002] I (4905) USER-RECV: Received [c978] len=4 counter=4
[2026-04-22 17:47:16.003] I (4905) USER-RECV: Received [5d10] len=4 counter=4
[2026-04-22 17:47:17.003] I (5905) USER-RECV: Received [c978] len=4 counter=5
[2026-04-22 17:47:17.004] I (5905) USER-RECV: Received [5d10] len=4 counter=5
[2026-04-22 17:47:18.004] I (6905) USER-RECV: Received [c978] len=4 counter=6
[2026-04-22 17:47:18.006] I (6905) USER-RECV: Received [5d10] len=4 counter=6
[2026-04-22 17:47:19.002] I (7905) USER-RECV: Received [c978] len=4 counter=7
[2026-04-22 17:47:19.005] I (7905) USER-RECV: Received [5d10] len=4 counter=7
[2026-04-22 17:47:20.003] I (8905) USER-RECV: Received [c978] len=4 counter=8
[2026-04-22 17:47:20.004] I (8905) USER-RECV: Received [5d10] len=4 counter=8
[2026-04-22 17:47:21.003] I (9905) USER-RECV: Received [c978] len=4 counter=9
[2026-04-22 17:47:21.004] I (9905) USER-RECV: Received [5d10] len=4 counter=9
[2026-04-22 17:47:22.001] I (10905) USER-RECV: Received [c978] len=4 counter=10
[2026-04-22 17:47:22.004] I (10905) USER-RECV: Received [5d10] len=4 counter=10
[2026-04-22 17:47:23.003] I (11905) USER-RECV: Received [c978] len=4 counter=11
[2026-04-22 17:47:23.004] I (11905) USER-RECV: Received [5d10] len=4 counter=11
[2026-04-22 17:47:24.002] I (12905) USER-RECV: Received [c978] len=4 counter=12
[2026-04-22 17:47:24.203] I (13105) USER-RECV: Received [5d10] len=4 counter=12
[2026-04-22 17:47:25.003] I (13905) USER-RECV: Received [c978] len=4 counter=13
[2026-04-22 17:47:25.003] I (13905) USER-RECV: Received [5d10] len=4 counter=13
[2026-04-22 17:47:26.003] I (14905) USER-RECV: Received [c978] len=4 counter=14
[2026-04-22 17:47:26.003] I (14905) USER-RECV: Received [5d10] len=4 counter=14
[2026-04-22 17:47:27.003] I (15905) USER-RECV: Received [c978] len=4 counter=15
[2026-04-22 17:47:27.003] I (15905) USER-RECV: Received [5d10] len=4 counter=15
[2026-04-22 17:47:28.003] I (16905) USER-RECV: Received [c978] len=4 counter=16
[2026-04-22 17:47:28.004] I (16905) USER-RECV: Received [5d10] len=4 counter=16
[2026-04-22 17:47:29.002] I (17905) USER-RECV: Received [c978] len=4 counter=17
[2026-04-22 17:47:29.003] I (17905) USER-RECV: Received [5d10] len=4 counter=17
[2026-04-22 17:47:30.004] I (18905) USER-RECV: Received [c978] len=4 counter=18
[2026-04-22 17:47:30.004] I (18905) USER-RECV: Received [5d10] len=4 counter=18
[2026-04-22 17:47:31.002] I (19905) USER-RECV: Received [c978] len=4 counter=19
[2026-04-22 17:47:31.004] I (19905) USER-RECV: Received [5d10] len=4 counter=19
[2026-04-22 17:47:32.002] I (20905) USER-RECV: Received [c978] len=4 counter=20
[2026-04-22 17:47:32.003] I (20905) USER-RECV: Received [5d10] len=4 counter=20
[2026-04-22 17:47:33.003] I (21905) USER-RECV: Received [c978] len=4 counter=21
[2026-04-22 17:47:33.004] I (21905) USER-RECV: Received [5d10] len=4 counter=21
[2026-04-22 17:47:34.004] I (22905) USER-RECV: Received [c978] len=4 counter=22
[2026-04-22 17:47:34.005] I (22905) USER-RECV: Received [5d10] len=4 counter=22
[2026-04-22 17:47:35.004] I (23905) USER-RECV: Received [c978] len=4 counter=23
[2026-04-22 17:47:35.005] I (23905) USER-RECV: Received [5d10] len=4 counter=23
[2026-04-22 17:47:36.010] I (24905) USER-RECV: Received [c978] len=4 counter=24
[2026-04-22 17:47:36.012] I (24905) USER-RECV: Received [5d10] len=4 counter=24
[2026-04-22 17:47:37.003] I (25905) USER-RECV: Received [c978] len=4 counter=25
[2026-04-22 17:47:37.007] I (25905) USER-RECV: Received [5d10] len=4 counter=25
[2026-04-22 17:47:38.003] I (26905) USER-RECV: Received [5d10] len=4 counter=26
[2026-04-22 17:47:38.004] I (26905) USER-RECV: Received [c978] len=4 counter=26
[2026-04-22 17:47:39.004] I (27905) USER-RECV: Received [5d10] len=4 counter=27
[2026-04-22 17:47:39.007] I (27905) USER-RECV: Received [c978] len=4 counter=27
[2026-04-22 17:47:40.004] I (28905) USER-RECV: Received [c978] len=4 counter=28
[2026-04-22 17:47:40.005] I (28905) USER-RECV: Received [5d10] len=4 counter=28
[2026-04-22 17:47:41.004] I (29905) USER-RECV: Received [c978] len=4 counter=29
[2026-04-22 17:47:41.006] I (29905) USER-RECV: Received [5d10] len=4 counter=29
[2026-04-22 17:47:42.004] I (30905) USER-RECV: Received [c978] len=4 counter=30

# Monitor stopped: 2026-04-22T17:47:42.004517
