# Monitor started: 2026-05-23T18:16:04.036928
# Port: /dev/ttyACM0, Baud: 921600, Timeout: 35.000s after WCAN_TEST_START

# UART boot config: wcan v=1 role=sensor transport=BROADCAST test_duration_ms=30000 host_wait_time_ms=5000 base=0xd0 count=1 hz=750 linger=100
[2026-05-23 18:16:04.037] ESP-ROM:esp32c3-api1-20210207
[2026-05-23 18:16:04.038] Build:Feb  7 2021
[2026-05-23 18:16:04.040] rst:0x15 (USB_UART_CHIP_RESET),boot:0xd (SPI_FAST_FLASH_BOOT)
[2026-05-23 18:16:04.041] Saved PC:0x40384eba
[2026-05-23 18:16:04.041] SPIWP:0xee
[2026-05-23 18:16:04.043] mode:DIO, clock div:1
[2026-05-23 18:16:04.044] load:0x3fcd5820,len:0x1574
[2026-05-23 18:16:04.045] load:0x403cc710,len:0xc30
[2026-05-23 18:16:04.047] load:0x403ce710,len:0x2fa0
[2026-05-23 18:16:04.048] entry 0x403cc71a
[2026-05-23 18:16:04.049] I (24) boot: ESP-IDF v5.4.1 2nd stage bootloader
[2026-05-23 18:16:04.050] I (24) boot: compile time May 20 2026 00:05:32
[2026-05-23 18:16:04.051] I (25) boot: chip revision: v0.4
[2026-05-23 18:16:04.052] I (25) boot: efuse block revision: v1.3
[2026-05-23 18:16:04.055] I (25) boot.esp32c3: SPI Speed      : 80MHz
[2026-05-23 18:16:04.058] I (25) boot.esp32c3: SPI Mode       : DIO
[2026-05-23 18:16:04.059] I (26) boot.esp32c3: SPI Flash Size : 2MB
[2026-05-23 18:16:04.063] I (26) boot: Enabling RNG early entropy source...
[2026-05-23 18:16:04.064] I (27) boot: Partition Table:
[2026-05-23 18:16:04.070] I (27) boot: ## Label            Usage          Type ST Offset   Length
[2026-05-23 18:16:04.072] I (28) boot:  0 nvs              WiFi data        01 02 00009000 00006000
[2026-05-23 18:16:04.076] I (29) boot:  1 phy_init         RF data          01 01 0000f000 00001000
[2026-05-23 18:16:04.078] I (29) boot:  2 factory          factory app      00 00 00010000 00100000
[2026-05-23 18:16:04.080] I (30) boot: End of partition table
[2026-05-23 18:16:04.081] I (31) esp_image: segment 0: paddr=00010020 vaddr=3c0a0020 size=1977ch (104316) map
[2026-05-23 18:16:04.083] I (48) esp_image: segment 1: paddr=000297a4 vaddr=3fc95200 size=02da0h ( 11680) load
[2026-05-23 18:16:04.086] I (51) esp_image: segment 2: paddr=0002c54c vaddr=40380000 size=03acch ( 15052) load
[2026-05-23 18:16:04.088] I (54) esp_image: segment 3: paddr=00030020 vaddr=42000020 size=9942ch (627756) map
[2026-05-23 18:16:04.094] I (154) esp_image: segment 4: paddr=000c9454 vaddr=40383acc size=11614h ( 71188) load
[2026-05-23 18:16:04.115] I (168) esp_image: segment 5: paddr=000daa70 vaddr=50000200 size=0001ch (    28) load
[2026-05-23 18:16:04.121] I (175) boot: Loaded app from partition at offset 0x10000
[2026-05-23 18:16:04.125] I (175) boot: Disabling RNG early entropy source...
[2026-05-23 18:16:04.127] I (176) cpu_start: Unicore app
[2026-05-23 18:16:04.130] I (185) cpu_start: Pro cpu start user code
[2026-05-23 18:16:04.131] I (185) cpu_start: cpu freq: 160000000 Hz
[2026-05-23 18:16:04.133] I (185) app_init: Application information:
[2026-05-23 18:16:04.135] I (185) app_init: Project name:     sensor_acquirer
[2026-05-23 18:16:04.137] I (185) app_init: App version:      v1.0-171-gbbe0783
[2026-05-23 18:16:04.139] I (186) app_init: Compile time:     May 23 2026 14:30:31
[2026-05-23 18:16:04.141] I (187) app_init: ELF file SHA256:  493679023...
[2026-05-23 18:16:04.144] I (187) app_init: ESP-IDF:          v5.4.1
[2026-05-23 18:16:04.150] I (188) efuse_init: Min chip rev:     v0.3
[2026-05-23 18:16:04.152] I (188) efuse_init: Max chip rev:     v1.99
[2026-05-23 18:16:04.153] I (189) efuse_init: Chip rev:         v0.4
[2026-05-23 18:16:04.155] I (189) heap_init: Initializing. RAM available for dynamic allocation:
[2026-05-23 18:16:04.163] I (190) heap_init: At 3FC9C340 len 00023CC0 (143 KiB): RAM
[2026-05-23 18:16:04.164] I (190) heap_init: At 3FCC0000 len 0001C710 (113 KiB): Retention RAM
[2026-05-23 18:16:04.170] I (191) heap_init: At 3FCDC710 len 00002950 (10 KiB): Retention RAM
[2026-05-23 18:16:04.173] I (192) heap_init: At 5000021C len 00001DCC (7 KiB): RTCRAM
[2026-05-23 18:16:04.177] I (194) spi_flash: detected chip: generic
[2026-05-23 18:16:04.178] I (194) spi_flash: flash io: dio
[2026-05-23 18:16:04.182] W (194) spi_flash: Detected size(4096k) larger than the size in the binary image header(2048k). Using the size in the binary image header.
[2026-05-23 18:16:04.184] I (196) sleep_gpio: Configure to isolate all GPIO pins in sleep state
[2026-05-23 18:16:04.185] I (196) sleep_gpio: Enable automatic switching of GPIO sleep configuration
[2026-05-23 18:16:04.185] I (197) main_task: Started on CPU0
[2026-05-23 18:16:04.186] I (197) main_task: Calling app_main()
[2026-05-23 18:16:04.186] WCAN_CFG_WAIT v=1
# UART boot config sent: wcan v=1 role=sensor transport=BROADCAST test_duration_ms=30000 host_wait_time_ms=5000 base=0xd0 count=1 hz=750 linger=100
[2026-05-23 18:16:04.187] WCAN_CFG_WAIT v=1
[2026-05-23 18:16:06.627] WCAN_CFG_ACK
[2026-05-23 18:16:06.627] WCAN_CFG_ACK
[2026-05-23 18:16:06.632] I (2794) pp: pp rom version: 9387209
[2026-05-23 18:16:06.632] I (2795) net80211: net80211 rom version: 9387209
[2026-05-23 18:16:06.634] I (2796) wifi:wifi driver task: 3fca77a4, prio:23, stack:6656, core=0
[2026-05-23 18:16:06.638] I (2800) wifi:wifi firmware version: 79fa3f41ba
[2026-05-23 18:16:06.639] I (2800) wifi:wifi certification version: v7.0
[2026-05-23 18:16:06.639] I (2800) wifi:config NVS flash: enabled
[2026-05-23 18:16:06.639] I (2800) wifi:config nano formatting: disabled
[2026-05-23 18:16:06.639] I (2801) wifi:Init data frame dynamic rx buffer num: 32
[2026-05-23 18:16:06.640] I (2801) wifi:Init static rx mgmt buffer num: 5
[2026-05-23 18:16:06.640] I (2802) wifi:Init management short buffer num: 32
[2026-05-23 18:16:06.640] I (2802) wifi:Init dynamic tx buffer num: 32
[2026-05-23 18:16:06.641] I (2803) wifi:Init static tx FG buffer num: 2
[2026-05-23 18:16:06.641] I (2804) wifi:Init static rx buffer size: 1600
[2026-05-23 18:16:06.643] I (2804) wifi:Init static rx buffer num: 10
[2026-05-23 18:16:06.644] I (2804) wifi:Init dynamic rx buffer num: 32
[2026-05-23 18:16:06.644] I (2806) wifi_init: rx ba win: 6
[2026-05-23 18:16:06.645] I (2806) wifi_init: accept mbox: 6
[2026-05-23 18:16:06.646] I (2806) wifi_init: tcpip mbox: 32
[2026-05-23 18:16:06.647] I (2806) wifi_init: udp mbox: 6
[2026-05-23 18:16:06.647] I (2806) wifi_init: tcp mbox: 6
[2026-05-23 18:16:06.648] I (2807) wifi_init: tcp tx win: 5760
[2026-05-23 18:16:06.649] I (2807) wifi_init: tcp rx win: 5760
[2026-05-23 18:16:06.650] I (2808) wifi_init: tcp mss: 1440
[2026-05-23 18:16:06.651] I (2808) wifi_init: WiFi IRAM OP enabled
[2026-05-23 18:16:06.652] I (2808) wifi_init: WiFi RX IRAM OP enabled
[2026-05-23 18:16:06.654] I (2809) phy_init: phy_version 1200,2b7123f9,Feb 18 2025,15:22:21
[2026-05-23 18:16:06.686] I (2848) wifi:mode : sta (54:32:04:8c:0b:8c)
[2026-05-23 18:16:06.687] I (2849) wifi:enable tsf
[2026-05-23 18:16:06.690] I (2852) ESPNOW: espnow [version: 2.0] init
[2026-05-23 18:16:06.691] WCAN_TEST_READY role=sensor
# Waiting for phased test start
# UART test start sent: WCAN_TEST_START at 2026-05-23T18:16:06.705665
[2026-05-23 18:16:07.520] P(FAIL):3485:d0:0:0:75:76
[2026-05-23 18:16:07.850] P(FAIL):3814:d0:1:76:151:76
[2026-05-23 18:16:08.164] P(FAIL):4129:d0:2:152:227:76
[2026-05-23 18:16:08.614] P(FAIL):4579:d0:11:836:911:76
[2026-05-23 18:16:09.023] P(FAIL):4988:d0:12:912:987:76
[2026-05-23 18:16:09.784] P(FAIL):5749:d0:23:1748:1823:76
[2026-05-23 18:16:10.669] P(FAIL):6634:d0:31:2356:2431:76
[2026-05-23 18:16:11.060] P(FAIL):7025:d0:33:2508:2583:76
[2026-05-23 18:16:11.381] P(FAIL):7346:d0:35:2660:2735:76
[2026-05-23 18:16:11.947] P(FAIL):7912:d0:41:3116:3191:76
[2026-05-23 18:16:13.740] P(FAIL):9705:d0:62:4712:4787:76
[2026-05-23 18:16:14.154] P(FAIL):10117:d0:63:4788:4863:76
[2026-05-23 18:16:15.366] P(FAIL):11331:d0:78:5928:6003:76
[2026-05-23 18:16:37.037] P(FAIL):33002:d0:292:22192:22267:76
[2026-05-23 18:16:37.837] P(FAIL):33802:d0:293:22268:22343:76
[2026-05-23 18:16:38.024] WCAN_BATCH id=0xd0 count=297 avg_hz=9.87 avg_points=75.77 min_points=9 max_points=76 avg_interval_ms=101.31 min_interval_ms=101.23 max_interval_ms=101.38 avg_dispatch_ms=4.11 max_dispatch_ms=27.10 dispatched_count=340 avg_queue_wait_ms=96.01 max_queue_wait_ms=781.84
[2026-05-23 18:16:38.027] WCAN_SENSOR_END generated=22504 avg_hz=750.19
[2026-05-23 18:16:38.042] WCAN_MEASURES elapsed_ms=29999 heap_start_free=126648 heap_end_free=141436 heap_start_min_free=126324 heap_end_min_free=125760 heap_start_largest=98304 heap_end_largest=98304 airtime_us_total=1394247 packets_sent_total=340 sensor_send_failures_total=0
[2026-05-23 18:16:38.044] WCAN_TEST_END role=sensor

# Monitor stopped: 2026-05-23T18:16:38.044302
