# Monitor started: 2026-05-23T18:16:04.035845
# Port: /dev/ttyACM1, Baud: 921600, Timeout: 35.000s after WCAN_TEST_START

# UART boot config: wcan v=1 role=sensor transport=BROADCAST test_duration_ms=30000 host_wait_time_ms=5000 base=0xe0 count=1 hz=750 linger=100
[2026-05-23 18:16:04.036] ESP-ROM:esp32c3-api1-20210207
[2026-05-23 18:16:04.036] Build:Feb  7 2021
[2026-05-23 18:16:04.038] rst:0x15 (USB_UART_CHIP_RESET),boot:0xd (SPI_FAST_FLASH_BOOT)
[2026-05-23 18:16:04.038] Saved PC:0x40384eba
[2026-05-23 18:16:04.039] SPIWP:0xee
[2026-05-23 18:16:04.041] mode:DIO, clock div:1
[2026-05-23 18:16:04.043] load:0x3fcd5820,len:0x1574
[2026-05-23 18:16:04.045] load:0x403cc710,len:0xc30
[2026-05-23 18:16:04.046] load:0x403ce710,len:0x2fa0
[2026-05-23 18:16:04.047] entry 0x403cc71a
[2026-05-23 18:16:04.050] I (24) boot: ESP-IDF v5.4.1 2nd stage bootloader
[2026-05-23 18:16:04.053] I (24) boot: compile time May 20 2026 00:05:32
[2026-05-23 18:16:04.054] I (24) boot: chip revision: v0.4
[2026-05-23 18:16:04.057] I (25) boot: efuse block revision: v1.3
[2026-05-23 18:16:04.059] I (25) boot.esp32c3: SPI Speed      : 80MHz
[2026-05-23 18:16:04.060] I (25) boot.esp32c3: SPI Mode       : DIO
[2026-05-23 18:16:04.062] I (26) boot.esp32c3: SPI Flash Size : 2MB
[2026-05-23 18:16:04.064] I (26) boot: Enabling RNG early entropy source...
[2026-05-23 18:16:04.067] I (27) boot: Partition Table:
[2026-05-23 18:16:04.074] I (27) boot: ## Label            Usage          Type ST Offset   Length
[2026-05-23 18:16:04.094] I (28) boot:  0 nvs              WiFi data        01 02 00009000 00006000
[2026-05-23 18:16:04.105] I (29) boot:  1 phy_init         RF data          01 01 0000f000 00001000
[2026-05-23 18:16:04.116] I (29) boot:  2 factory          factory app      00 00 00010000 00100000
[2026-05-23 18:16:04.119] I (30) boot: End of partition table
[2026-05-23 18:16:04.122] I (31) esp_image: segment 0: paddr=00010020 vaddr=3c0a0020 size=1977ch (104316) map
[2026-05-23 18:16:04.130] I (48) esp_image: segment 1: paddr=000297a4 vaddr=3fc95200 size=02da0h ( 11680) load
[2026-05-23 18:16:04.134] I (51) esp_image: segment 2: paddr=0002c54c vaddr=40380000 size=03acch ( 15052) load
[2026-05-23 18:16:04.139] I (54) esp_image: segment 3: paddr=00030020 vaddr=42000020 size=9942ch (627756) map
[2026-05-23 18:16:04.144] I (154) esp_image: segment 4: paddr=000c9454 vaddr=40383acc size=11614h ( 71188) load
[2026-05-23 18:16:04.147] I (168) esp_image: segment 5: paddr=000daa70 vaddr=50000200 size=0001ch (    28) load
[2026-05-23 18:16:04.157] I (175) boot: Loaded app from partition at offset 0x10000
[2026-05-23 18:16:04.161] I (175) boot: Disabling RNG early entropy source...
[2026-05-23 18:16:04.163] I (176) cpu_start: Unicore app
[2026-05-23 18:16:04.171] I (185) cpu_start: Pro cpu start user code
[2026-05-23 18:16:04.175] I (185) cpu_start: cpu freq: 160000000 Hz
[2026-05-23 18:16:04.177] I (185) app_init: Application information:
[2026-05-23 18:16:04.181] I (185) app_init: Project name:     sensor_acquirer
[2026-05-23 18:16:04.182] I (185) app_init: App version:      v1.0-171-gbbe0783
[2026-05-23 18:16:04.183] I (186) app_init: Compile time:     May 23 2026 14:30:31
[2026-05-23 18:16:04.184] I (187) app_init: ELF file SHA256:  493679023...
[2026-05-23 18:16:04.185] I (187) app_init: ESP-IDF:          v5.4.1
[2026-05-23 18:16:04.186] I (188) efuse_init: Min chip rev:     v0.3
[2026-05-23 18:16:04.186] I (188) efuse_init: Max chip rev:     v1.99
[2026-05-23 18:16:04.187] I (189) efuse_init: Chip rev:         v0.4
[2026-05-23 18:16:04.187] I (189) heap_init: Initializing. RAM available for dynamic allocation:
[2026-05-23 18:16:04.188] I (190) heap_init: At 3FC9C340 len 00023CC0 (143 KiB): RAM
[2026-05-23 18:16:04.188] I (191) heap_init: At 3FCC0000 len 0001C710 (113 KiB): Retention RAM
[2026-05-23 18:16:04.188] I (191) heap_init: At 3FCDC710 len 00002950 (10 KiB): Retention RAM
[2026-05-23 18:16:04.189] I (192) heap_init: At 5000021C len 00001DCC (7 KiB): RTCRAM
[2026-05-23 18:16:04.189] I (194) spi_flash: detected chip: generic
[2026-05-23 18:16:04.189] I (194) spi_flash: flash io: dio
[2026-05-23 18:16:04.190] W (194) spi_flash: Detected size(4096k) larger than the size in the binary image header(2048k). Using the size in the binary image header.
[2026-05-23 18:16:04.190] I (196) sleep_gpio: Configure to isolate all GPIO pins in sleep state
[2026-05-23 18:16:04.190] I (196) sleep_gpio: Enable automatic switching of GPIO sleep configuration
[2026-05-23 18:16:04.191] I (197) main_task: Started on CPU0
[2026-05-23 18:16:04.191] I (197) main_task: Calling app_main()
[2026-05-23 18:16:04.191] WCAN_CFG_WAIT v=1
# UART boot config sent: wcan v=1 role=sensor transport=BROADCAST test_duration_ms=30000 host_wait_time_ms=5000 base=0xe0 count=1 hz=750 linger=100
[2026-05-23 18:16:04.191] WCAN_CFG_WAIT v=1
[2026-05-23 18:16:06.631] WCAN_CFG_ACK
[2026-05-23 18:16:06.631] WCAN_CFG_ACK
[2026-05-23 18:16:06.636] I (2799) pp: pp rom version: 9387209
[2026-05-23 18:16:06.636] I (2800) net80211: net80211 rom version: 9387209
[2026-05-23 18:16:06.638] I (2801) wifi:wifi driver task: 3fca7720, prio:23, stack:6656, core=0
[2026-05-23 18:16:06.642] I (2805) wifi:wifi firmware version: 79fa3f41ba
[2026-05-23 18:16:06.643] I (2805) wifi:wifi certification version: v7.0
[2026-05-23 18:16:06.644] I (2805) wifi:config NVS flash: enabled
[2026-05-23 18:16:06.645] I (2805) wifi:config nano formatting: disabled
[2026-05-23 18:16:06.647] I (2806) wifi:Init data frame dynamic rx buffer num: 32
[2026-05-23 18:16:06.648] I (2806) wifi:Init static rx mgmt buffer num: 5
[2026-05-23 18:16:06.650] I (2807) wifi:Init management short buffer num: 32
[2026-05-23 18:16:06.651] I (2807) wifi:Init dynamic tx buffer num: 32
[2026-05-23 18:16:06.652] I (2808) wifi:Init static tx FG buffer num: 2
[2026-05-23 18:16:06.653] I (2808) wifi:Init static rx buffer size: 1600
[2026-05-23 18:16:06.654] I (2809) wifi:Init static rx buffer num: 10
[2026-05-23 18:16:06.654] I (2809) wifi:Init dynamic rx buffer num: 32
[2026-05-23 18:16:06.654] I (2810) wifi_init: rx ba win: 6
[2026-05-23 18:16:06.654] I (2811) wifi_init: accept mbox: 6
[2026-05-23 18:16:06.655] I (2811) wifi_init: tcpip mbox: 32
[2026-05-23 18:16:06.655] I (2811) wifi_init: udp mbox: 6
[2026-05-23 18:16:06.655] I (2811) wifi_init: tcp mbox: 6
[2026-05-23 18:16:06.655] I (2812) wifi_init: tcp tx win: 5760
[2026-05-23 18:16:06.656] I (2812) wifi_init: tcp rx win: 5760
[2026-05-23 18:16:06.656] I (2813) wifi_init: tcp mss: 1440
[2026-05-23 18:16:06.656] I (2813) wifi_init: WiFi IRAM OP enabled
[2026-05-23 18:16:06.656] I (2813) wifi_init: WiFi RX IRAM OP enabled
[2026-05-23 18:16:06.657] I (2814) phy_init: phy_version 1200,2b7123f9,Feb 18 2025,15:22:21
[2026-05-23 18:16:06.690] I (2852) wifi:mode : sta (74:4d:bd:e1:d5:b8)
[2026-05-23 18:16:06.690] I (2853) wifi:enable tsf
[2026-05-23 18:16:06.693] I (2856) ESPNOW: espnow [version: 2.0] init
[2026-05-23 18:16:06.694] WCAN_TEST_READY role=sensor
# Waiting for phased test start
# UART test start sent: WCAN_TEST_START at 2026-05-23T18:16:06.705101
[2026-05-23 18:16:07.523] P(FAIL):3489:e0:0:0:75:76
[2026-05-23 18:16:07.846] P(FAIL):3812:e0:1:76:151:76
[2026-05-23 18:16:08.213] P(FAIL):4179:e0:3:228:303:76
[2026-05-23 18:16:08.591] P(FAIL):4557:e0:7:532:607:76
[2026-05-23 18:16:09.005] P(FAIL):4972:e0:9:684:759:76
[2026-05-23 18:16:09.108] S(FAIL):5074:e0:0:1444:1492:49
[2026-05-23 18:16:09.411] P(FAIL):5377:e0:10:760:835:76
[2026-05-23 18:16:09.846] P(FAIL):5812:e0:15:1140:1215:76
[2026-05-23 18:16:10.121] S(FAIL):6087:e0:0:1569:1796:228
[2026-05-23 18:16:10.246] P(FAIL):6212:e0:17:1292:1367:76
[2026-05-23 18:16:10.550] S(FAIL):6516:e0:0:2329:2422:94
[2026-05-23 18:16:10.681] P(FAIL):6647:e0:20:1797:1872:76
[2026-05-23 18:16:10.884] S(FAIL):6850:e0:0:2651:2749:99
[2026-05-23 18:16:11.125] P(FAIL):7091:e0:22:1949:2024:76
[2026-05-23 18:16:11.512] P(FAIL):7478:e0:27:2423:2498:76
[2026-05-23 18:16:11.735] S(FAIL):7700:e0:0:2902:3082:181
[2026-05-23 18:16:11.832] P(FAIL):7798:e0:28:2499:2574:76
[2026-05-23 18:16:12.136] S(FAIL):8102:e0:0:3539:3612:74
[2026-05-23 18:16:12.206] P(FAIL):8172:e0:31:2826:2901:76
[2026-05-23 18:16:12.511] S(FAIL):8477:e0:0:3841:3893:53
[2026-05-23 18:16:12.618] P(FAIL):8584:e0:34:3235:3310:76
[2026-05-23 18:16:12.821] S(FAIL):8787:e0:0:4122:4202:81
[2026-05-23 18:16:13.027] P(FAIL):8993:e0:36:3387:3462:76
[2026-05-23 18:16:13.410] P(FAIL):9376:e0:41:3894:3969:76
[2026-05-23 18:16:14.154] P(FAIL):10118:e0:52:4966:5041:76
[2026-05-23 18:16:14.521] P(FAIL):10487:e0:54:5118:5193:76
[2026-05-23 18:16:37.073] P(FAIL):33039:e0:279:22218:22293:76
[2026-05-23 18:16:37.873] P(FAIL):33839:e0:280:22294:22369:76
[2026-05-23 18:16:38.032] WCAN_BATCH id=0xe0 count=283 avg_hz=9.42 avg_points=75.94 min_points=59 max_points=76 avg_interval_ms=106.10 min_interval_ms=101.16 max_interval_ms=405.07 avg_dispatch_ms=4.05 max_dispatch_ms=24.08 dispatched_count=338 avg_queue_wait_ms=265.92 max_queue_wait_ms=1318.59
[2026-05-23 18:16:38.035] WCAN_SENSOR_END generated=22504 avg_hz=750.19
[2026-05-23 18:16:38.037] S(FAIL):33983:e0:0:4355:4509:155
[2026-05-23 18:16:38.046] WCAN_MEASURES elapsed_ms=29999 heap_start_free=126780 heap_end_free=141568 heap_start_min_free=126456 heap_end_min_free=125892 heap_start_largest=98304 heap_end_largest=98304 airtime_us_total=1364743 packets_sent_total=338 sensor_send_failures_total=1014
[2026-05-23 18:16:38.046] WCAN_TEST_END role=sensor

# Monitor stopped: 2026-05-23T18:16:38.046900
