# Monitor started: 2026-05-23T19:47:07.238002
# Port: /dev/ttyACM1, Baud: 921600, Timeout: 35.000s after WCAN_TEST_START

# UART boot config: wcan v=1 role=sensor transport=MULTICAST test_duration_ms=30000 host_wait_time_ms=5000 base=0xe0 count=3 hz=10 linger=100
[2026-05-23 19:47:07.238] ESP-ROM:esp32c3-api1-20210207
[2026-05-23 19:47:07.239] Build:Feb  7 2021
[2026-05-23 19:47:07.240] rst:0x15 (USB_UART_CHIP_RESET),boot:0xd (SPI_FAST_FLASH_BOOT)
[2026-05-23 19:47:07.241] Saved PC:0x40384eba
[2026-05-23 19:47:07.241] SPIWP:0xee
[2026-05-23 19:47:07.242] mode:DIO, clock div:1
[2026-05-23 19:47:07.244] load:0x3fcd5820,len:0x1574
[2026-05-23 19:47:07.246] load:0x403cc710,len:0xc30
[2026-05-23 19:47:07.249] load:0x403ce710,len:0x2fa0
[2026-05-23 19:47:07.251] entry 0x403cc71a
[2026-05-23 19:47:07.255] I (24) boot: ESP-IDF v5.4.1 2nd stage bootloader
[2026-05-23 19:47:07.256] I (24) boot: compile time May 19 2026 23:41:33
[2026-05-23 19:47:07.257] I (25) boot: chip revision: v0.4
[2026-05-23 19:47:07.259] I (25) boot: efuse block revision: v1.3
[2026-05-23 19:47:07.260] I (25) boot.esp32c3: SPI Speed      : 80MHz
[2026-05-23 19:47:07.262] I (25) boot.esp32c3: SPI Mode       : DIO
[2026-05-23 19:47:07.266] I (26) boot.esp32c3: SPI Flash Size : 2MB
[2026-05-23 19:47:07.268] I (26) boot: Enabling RNG early entropy source...
[2026-05-23 19:47:07.268] I (27) boot: Partition Table:
[2026-05-23 19:47:07.272] I (27) boot: ## Label            Usage          Type ST Offset   Length
[2026-05-23 19:47:07.277] I (28) boot:  0 nvs              WiFi data        01 02 00009000 00006000
[2026-05-23 19:47:07.287] I (29) boot:  1 phy_init         RF data          01 01 0000f000 00001000
[2026-05-23 19:47:07.290] I (29) boot:  2 factory          factory app      00 00 00010000 00100000
[2026-05-23 19:47:07.292] I (30) boot: End of partition table
[2026-05-23 19:47:07.295] I (31) esp_image: segment 0: paddr=00010020 vaddr=3c0a0020 size=19850h (104528) map
[2026-05-23 19:47:07.298] I (48) esp_image: segment 1: paddr=00029878 vaddr=3fc95000 size=02da0h ( 11680) load
[2026-05-23 19:47:07.304] I (51) esp_image: segment 2: paddr=0002c620 vaddr=40380000 size=039f8h ( 14840) load
[2026-05-23 19:47:07.306] I (54) esp_image: segment 3: paddr=00030020 vaddr=42000020 size=990b4h (626868) map
[2026-05-23 19:47:07.312] I (154) esp_image: segment 4: paddr=000c90dc vaddr=403839f8 size=114f8h ( 70904) load
[2026-05-23 19:47:07.321] I (168) esp_image: segment 5: paddr=000da5dc vaddr=50000200 size=0001ch (    28) load
[2026-05-23 19:47:07.324] I (174) boot: Loaded app from partition at offset 0x10000
[2026-05-23 19:47:07.329] I (175) boot: Disabling RNG early entropy source...
[2026-05-23 19:47:07.331] I (176) cpu_start: Unicore app
[2026-05-23 19:47:07.337] I (185) cpu_start: Pro cpu start user code
[2026-05-23 19:47:07.345] I (185) cpu_start: cpu freq: 160000000 Hz
[2026-05-23 19:47:07.348] I (185) app_init: Application information:
[2026-05-23 19:47:07.351] I (185) app_init: Project name:     sensor_acquirer
[2026-05-23 19:47:07.360] I (185) app_init: App version:      v1.0-171-gbbe0783
[2026-05-23 19:47:07.364] I (186) app_init: Compile time:     May 23 2026 14:30:40
[2026-05-23 19:47:07.367] I (186) app_init: ELF file SHA256:  0e7d705e7...
[2026-05-23 19:47:07.369] I (187) app_init: ESP-IDF:          v5.4.1
[2026-05-23 19:47:07.372] I (187) efuse_init: Min chip rev:     v0.3
[2026-05-23 19:47:07.373] I (188) efuse_init: Max chip rev:     v1.99
[2026-05-23 19:47:07.374] I (188) efuse_init: Chip rev:         v0.4
[2026-05-23 19:47:07.379] I (189) heap_init: Initializing. RAM available for dynamic allocation:
[2026-05-23 19:47:07.383] I (190) heap_init: At 3FC9C130 len 00023ED0 (143 KiB): RAM
[2026-05-23 19:47:07.384] I (190) heap_init: At 3FCC0000 len 0001C710 (113 KiB): Retention RAM
[2026-05-23 19:47:07.386] I (191) heap_init: At 3FCDC710 len 00002950 (10 KiB): Retention RAM
[2026-05-23 19:47:07.387] I (192) heap_init: At 5000021C len 00001DCC (7 KiB): RTCRAM
[2026-05-23 19:47:07.388] I (193) spi_flash: detected chip: generic
[2026-05-23 19:47:07.388] I (193) spi_flash: flash io: dio
[2026-05-23 19:47:07.392] W (194) spi_flash: Detected size(4096k) larger than the size in the binary image header(2048k). Using the size in the binary image header.
[2026-05-23 19:47:07.393] I (195) sleep_gpio: Configure to isolate all GPIO pins in sleep state
[2026-05-23 19:47:07.396] I (196) sleep_gpio: Enable automatic switching of GPIO sleep configuration
[2026-05-23 19:47:07.396] I (197) main_task: Started on CPU0
[2026-05-23 19:47:07.397] I (197) main_task: Calling app_main()
[2026-05-23 19:47:07.397] WCAN_CFG_WAIT v=1
# UART boot config sent: wcan v=1 role=sensor transport=MULTICAST test_duration_ms=30000 host_wait_time_ms=5000 base=0xe0 count=3 hz=10 linger=100
[2026-05-23 19:47:07.398] WCAN_CFG_WAIT v=1
[2026-05-23 19:47:09.837] WCAN_CFG_ACK
[2026-05-23 19:47:09.844] WCAN_CFG_ACK
[2026-05-23 19:47:09.846] I (2802) pp: pp rom version: 9387209
[2026-05-23 19:47:09.850] I (2803) net80211: net80211 rom version: 9387209
[2026-05-23 19:47:09.855] I (2804) wifi:wifi driver task: 3fca7510, prio:23, stack:6656, core=0
[2026-05-23 19:47:09.858] I (2808) wifi:wifi firmware version: 79fa3f41ba
[2026-05-23 19:47:09.860] I (2808) wifi:wifi certification version: v7.0
[2026-05-23 19:47:09.862] I (2808) wifi:config NVS flash: enabled
[2026-05-23 19:47:09.864] I (2808) wifi:config nano formatting: disabled
[2026-05-23 19:47:09.865] I (2809) wifi:Init data frame dynamic rx buffer num: 32
[2026-05-23 19:47:09.866] I (2809) wifi:Init static rx mgmt buffer num: 5
[2026-05-23 19:47:09.867] I (2810) wifi:Init management short buffer num: 32
[2026-05-23 19:47:09.868] I (2810) wifi:Init dynamic tx buffer num: 32
[2026-05-23 19:47:09.869] I (2811) wifi:Init static tx FG buffer num: 2
[2026-05-23 19:47:09.870] I (2811) wifi:Init static rx buffer size: 1600
[2026-05-23 19:47:09.871] I (2812) wifi:Init static rx buffer num: 10
[2026-05-23 19:47:09.872] I (2812) wifi:Init dynamic rx buffer num: 32
[2026-05-23 19:47:09.873] I (2813) wifi_init: rx ba win: 6
[2026-05-23 19:47:09.873] I (2814) wifi_init: accept mbox: 6
[2026-05-23 19:47:09.874] I (2814) wifi_init: tcpip mbox: 32
[2026-05-23 19:47:09.874] I (2814) wifi_init: udp mbox: 6
[2026-05-23 19:47:09.875] I (2814) wifi_init: tcp mbox: 6
[2026-05-23 19:47:09.876] I (2815) wifi_init: tcp tx win: 5760
[2026-05-23 19:47:09.876] I (2815) wifi_init: tcp rx win: 5760
[2026-05-23 19:47:09.877] I (2816) wifi_init: tcp mss: 1440
[2026-05-23 19:47:09.878] I (2816) wifi_init: WiFi IRAM OP enabled
[2026-05-23 19:47:09.879] I (2816) wifi_init: WiFi RX IRAM OP enabled
[2026-05-23 19:47:09.880] I (2817) phy_init: phy_version 1200,2b7123f9,Feb 18 2025,15:22:21
[2026-05-23 19:47:09.892] I (2853) wifi:mode : sta (74:4d:bd:e1:d5:b8)
[2026-05-23 19:47:09.892] I (2853) wifi:enable tsf
[2026-05-23 19:47:09.895] I (2856) ESPNOW: espnow [version: 2.0] init
[2026-05-23 19:47:09.896] WCAN_TEST_READY role=sensor
# Waiting for phased test start
# UART test start sent: WCAN_TEST_START at 2026-05-23T19:47:09.907416
[2026-05-23 19:47:40.255] WCAN_BATCH id=0xe0 count=150 avg_hz=5.00 avg_points=1.99 min_points=1 max_points=2 avg_interval_ms=200.00 min_interval_ms=199.95 max_interval_ms=200.03 avg_dispatch_ms=2.34 max_dispatch_ms=5.33 dispatched_count=150 avg_queue_wait_ms=0.15 max_queue_wait_ms=0.28
[2026-05-23 19:47:40.269] WCAN_BATCH id=0xe1 count=150 avg_hz=5.00 avg_points=1.99 min_points=1 max_points=2 avg_interval_ms=200.00 min_interval_ms=199.92 max_interval_ms=200.05 avg_dispatch_ms=2.09 max_dispatch_ms=8.21 dispatched_count=150 avg_queue_wait_ms=2.54 max_queue_wait_ms=5.57
[2026-05-23 19:47:40.277] WCAN_BATCH id=0xe2 count=150 avg_hz=5.00 avg_points=1.99 min_points=1 max_points=2 avg_interval_ms=200.00 min_interval_ms=199.92 max_interval_ms=200.05 avg_dispatch_ms=2.08 max_dispatch_ms=4.76 dispatched_count=150 avg_queue_wait_ms=4.69 max_queue_wait_ms=12.06
[2026-05-23 19:47:40.278] WCAN_SENSOR_END generated=298 avg_hz=9.97
[2026-05-23 19:47:40.283] WCAN_MEASURES elapsed_ms=29999 heap_start_free=66428 heap_end_free=82460 heap_start_min_free=66428 heap_end_min_free=65504 heap_start_largest=47104 heap_end_largest=47104 airtime_us_total=970926 packets_sent_total=450 sensor_send_failures_total=0
[2026-05-23 19:47:40.283] WCAN_TEST_END role=sensor

# Monitor stopped: 2026-05-23T19:47:40.283457
