# Monitor started: 2026-05-23T21:19:08.704357
# Port: /dev/ttyACM0, Baud: 921600, Timeout: 35.000s after WCAN_TEST_START

# UART boot config: wcan v=1 role=idle transport=MULTICAST test_duration_ms=30000 host_wait_time_ms=5000
[2026-05-23 21:19:08.714] ESP-ROM:esp32c3-api1-20210207
[2026-05-23 21:19:08.717] Build:Feb  7 2021
[2026-05-23 21:19:08.728] rst:0x15 (USB_UART_CHIP_RESET),boot:0xd (SPI_FAST_FLASH_BOOT)
[2026-05-23 21:19:08.730] Saved PC:0x40384eba
[2026-05-23 21:19:08.731] SPIWP:0xee
[2026-05-23 21:19:08.732] mode:DIO, clock div:1
[2026-05-23 21:19:08.735] load:0x3fcd5820,len:0x1574
[2026-05-23 21:19:08.738] load:0x403cc710,len:0xc30
[2026-05-23 21:19:08.741] load:0x403ce710,len:0x2fa0
[2026-05-23 21:19:08.743] entry 0x403cc71a
[2026-05-23 21:19:08.746] I (24) boot: ESP-IDF v5.4.1 2nd stage bootloader
[2026-05-23 21:19:08.751] I (24) boot: compile time May 19 2026 23:41:33
[2026-05-23 21:19:08.752] I (25) boot: chip revision: v0.4
[2026-05-23 21:19:08.762] I (25) boot: efuse block revision: v1.3
[2026-05-23 21:19:08.764] I (25) boot.esp32c3: SPI Speed      : 80MHz
[2026-05-23 21:19:08.765] I (25) boot.esp32c3: SPI Mode       : DIO
[2026-05-23 21:19:08.767] I (26) boot.esp32c3: SPI Flash Size : 2MB
[2026-05-23 21:19:08.774] I (26) boot: Enabling RNG early entropy source...
[2026-05-23 21:19:08.776] I (27) boot: Partition Table:
[2026-05-23 21:19:08.781] I (27) boot: ## Label            Usage          Type ST Offset   Length
[2026-05-23 21:19:08.785] I (28) boot:  0 nvs              WiFi data        01 02 00009000 00006000
[2026-05-23 21:19:08.787] I (29) boot:  1 phy_init         RF data          01 01 0000f000 00001000
[2026-05-23 21:19:08.793] I (29) boot:  2 factory          factory app      00 00 00010000 00100000
[2026-05-23 21:19:08.796] I (30) boot: End of partition table
[2026-05-23 21:19:08.799] I (31) esp_image: segment 0: paddr=00010020 vaddr=3c0a0020 size=19850h (104528) map
[2026-05-23 21:19:08.804] I (48) esp_image: segment 1: paddr=00029878 vaddr=3fc95000 size=02da0h ( 11680) load
[2026-05-23 21:19:08.809] I (51) esp_image: segment 2: paddr=0002c620 vaddr=40380000 size=039f8h ( 14840) load
[2026-05-23 21:19:08.818] I (54) esp_image: segment 3: paddr=00030020 vaddr=42000020 size=990b4h (626868) map
[2026-05-23 21:19:08.822] I (154) esp_image: segment 4: paddr=000c90dc vaddr=403839f8 size=114f8h ( 70904) load
[2026-05-23 21:19:08.832] I (167) esp_image: segment 5: paddr=000da5dc vaddr=50000200 size=0001ch (    28) load
[2026-05-23 21:19:08.838] I (174) boot: Loaded app from partition at offset 0x10000
[2026-05-23 21:19:08.842] I (175) boot: Disabling RNG early entropy source...
[2026-05-23 21:19:08.843] I (176) cpu_start: Unicore app
[2026-05-23 21:19:08.851] I (184) cpu_start: Pro cpu start user code
[2026-05-23 21:19:08.853] I (184) cpu_start: cpu freq: 160000000 Hz
[2026-05-23 21:19:08.854] I (185) app_init: Application information:
[2026-05-23 21:19:08.857] I (185) app_init: Project name:     sensor_acquirer
[2026-05-23 21:19:08.860] I (185) app_init: App version:      v1.0-171-gbbe0783
[2026-05-23 21:19:08.861] I (186) app_init: Compile time:     May 23 2026 14:30:40
[2026-05-23 21:19:08.862] I (186) app_init: ELF file SHA256:  0e7d705e7...
[2026-05-23 21:19:08.863] I (187) app_init: ESP-IDF:          v5.4.1
[2026-05-23 21:19:08.863] I (187) efuse_init: Min chip rev:     v0.3
[2026-05-23 21:19:08.864] I (188) efuse_init: Max chip rev:     v1.99
[2026-05-23 21:19:08.865] I (188) efuse_init: Chip rev:         v0.4
[2026-05-23 21:19:08.866] I (189) heap_init: Initializing. RAM available for dynamic allocation:
[2026-05-23 21:19:08.867] I (190) heap_init: At 3FC9C130 len 00023ED0 (143 KiB): RAM
[2026-05-23 21:19:08.868] I (190) heap_init: At 3FCC0000 len 0001C710 (113 KiB): Retention RAM
[2026-05-23 21:19:08.869] I (191) heap_init: At 3FCDC710 len 00002950 (10 KiB): Retention RAM
[2026-05-23 21:19:08.870] I (192) heap_init: At 5000021C len 00001DCC (7 KiB): RTCRAM
[2026-05-23 21:19:08.871] I (193) spi_flash: detected chip: generic
[2026-05-23 21:19:08.871] I (193) spi_flash: flash io: dio
[2026-05-23 21:19:08.873] W (193) spi_flash: Detected size(4096k) larger than the size in the binary image header(2048k). Using the size in the binary image header.
[2026-05-23 21:19:08.875] I (195) sleep_gpio: Configure to isolate all GPIO pins in sleep state
[2026-05-23 21:19:08.876] I (196) sleep_gpio: Enable automatic switching of GPIO sleep configuration
[2026-05-23 21:19:08.876] I (197) main_task: Started on CPU0
[2026-05-23 21:19:08.877] I (197) main_task: Calling app_main()
[2026-05-23 21:19:08.878] WCAN_CFG_WAIT v=1
# UART boot config sent: wcan v=1 role=idle transport=MULTICAST test_duration_ms=30000 host_wait_time_ms=5000
[2026-05-23 21:19:08.879] WCAN_CFG_WAIT v=1
[2026-05-23 21:19:10.561] WCAN_CFG_ACK
[2026-05-23 21:19:10.562] WCAN_CFG_ACK
[2026-05-23 21:19:10.562] WCAN_TEST_READY role=idle
# Waiting for phased test start
# UART test start sent: WCAN_TEST_START at 2026-05-23T21:19:28.755725
[2026-05-23 21:19:29.056] WCAN_TEST_END role=idle

# Monitor stopped: 2026-05-23T21:19:29.056400
