# Monitor started: 2026-05-23T15:34:16.339742
# Port: /dev/ttyACM0, Baud: 921600, Timeout: 35.000s after WCAN_TEST_START

# UART boot config: wcan v=1 role=sensor transport=BROADCAST test_duration_ms=30000 host_wait_time_ms=5000 base=0xd0 count=1 hz=1000 linger=100
[2026-05-23 15:34:16.341] ESP-ROM:esp32c3-api1-20210207
[2026-05-23 15:34:16.341] Build:Feb  7 2021
[2026-05-23 15:34:16.344] rst:0x15 (USB_UART_CHIP_RESET),boot:0xd (SPI_FAST_FLASH_BOOT)
[2026-05-23 15:34:16.346] Saved PC:0x40384eba
[2026-05-23 15:34:16.346] SPIWP:0xee
[2026-05-23 15:34:16.349] mode:DIO, clock div:1
[2026-05-23 15:34:16.354] load:0x3fcd5820,len:0x1574
[2026-05-23 15:34:16.356] load:0x403cc710,len:0xc30
[2026-05-23 15:34:16.360] load:0x403ce710,len:0x2fa0
[2026-05-23 15:34:16.365] entry 0x403cc71a
[2026-05-23 15:34:16.366] I (24) boot: ESP-IDF v5.4.1 2nd stage bootloader
[2026-05-23 15:34:16.368] I (24) boot: compile time May 20 2026 00:05:32
[2026-05-23 15:34:16.369] I (25) boot: chip revision: v0.4
[2026-05-23 15:34:16.370] I (25) boot: efuse block revision: v1.3
[2026-05-23 15:34:16.372] I (25) boot.esp32c3: SPI Speed      : 80MHz
[2026-05-23 15:34:16.373] I (25) boot.esp32c3: SPI Mode       : DIO
[2026-05-23 15:34:16.374] I (26) boot.esp32c3: SPI Flash Size : 2MB
[2026-05-23 15:34:16.377] I (26) boot: Enabling RNG early entropy source...
[2026-05-23 15:34:16.383] I (27) boot: Partition Table:
[2026-05-23 15:34:16.388] I (27) boot: ## Label            Usage          Type ST Offset   Length
[2026-05-23 15:34:16.389] I (28) boot:  0 nvs              WiFi data        01 02 00009000 00006000
[2026-05-23 15:34:16.391] I (29) boot:  1 phy_init         RF data          01 01 0000f000 00001000
[2026-05-23 15:34:16.392] I (29) boot:  2 factory          factory app      00 00 00010000 00100000
[2026-05-23 15:34:16.393] I (30) boot: End of partition table
[2026-05-23 15:34:16.395] I (31) esp_image: segment 0: paddr=00010020 vaddr=3c0a0020 size=1977ch (104316) map
[2026-05-23 15:34:16.397] I (48) esp_image: segment 1: paddr=000297a4 vaddr=3fc95200 size=02da0h ( 11680) load
[2026-05-23 15:34:16.399] I (51) esp_image: segment 2: paddr=0002c54c vaddr=40380000 size=03acch ( 15052) load
[2026-05-23 15:34:16.402] I (54) esp_image: segment 3: paddr=00030020 vaddr=42000020 size=9942ch (627756) map
[2026-05-23 15:34:16.407] I (154) esp_image: segment 4: paddr=000c9454 vaddr=40383acc size=11614h ( 71188) load
[2026-05-23 15:34:16.410] I (168) esp_image: segment 5: paddr=000daa70 vaddr=50000200 size=0001ch (    28) load
[2026-05-23 15:34:16.413] I (175) boot: Loaded app from partition at offset 0x10000
[2026-05-23 15:34:16.415] I (175) boot: Disabling RNG early entropy source...
[2026-05-23 15:34:16.416] I (176) cpu_start: Unicore app
[2026-05-23 15:34:16.417] I (185) cpu_start: Pro cpu start user code
[2026-05-23 15:34:16.420] I (185) cpu_start: cpu freq: 160000000 Hz
[2026-05-23 15:34:16.423] I (185) app_init: Application information:
[2026-05-23 15:34:16.435] I (185) app_init: Project name:     sensor_acquirer
[2026-05-23 15:34:16.440] I (185) app_init: App version:      v1.0-171-gbbe0783
[2026-05-23 15:34:16.441] I (186) app_init: Compile time:     May 23 2026 14:30:31
[2026-05-23 15:34:16.442] I (187) app_init: ELF file SHA256:  493679023...
[2026-05-23 15:34:16.444] I (187) app_init: ESP-IDF:          v5.4.1
[2026-05-23 15:34:16.449] I (188) efuse_init: Min chip rev:     v0.3
[2026-05-23 15:34:16.463] I (188) efuse_init: Max chip rev:     v1.99
[2026-05-23 15:34:16.468] I (189) efuse_init: Chip rev:         v0.4
[2026-05-23 15:34:16.477] I (189) heap_init: Initializing. RAM available for dynamic allocation:
[2026-05-23 15:34:16.480] I (190) heap_init: At 3FC9C340 len 00023CC0 (143 KiB): RAM
[2026-05-23 15:34:16.482] I (190) heap_init: At 3FCC0000 len 0001C710 (113 KiB): Retention RAM
[2026-05-23 15:34:16.486] I (191) heap_init: At 3FCDC710 len 00002950 (10 KiB): Retention RAM
[2026-05-23 15:34:16.488] I (192) heap_init: At 5000021C len 00001DCC (7 KiB): RTCRAM
[2026-05-23 15:34:16.489] I (194) spi_flash: detected chip: generic
[2026-05-23 15:34:16.491] I (194) spi_flash: flash io: dio
[2026-05-23 15:34:16.493] W (194) spi_flash: Detected size(4096k) larger than the size in the binary image header(2048k). Using the size in the binary image header.
[2026-05-23 15:34:16.494] I (196) sleep_gpio: Configure to isolate all GPIO pins in sleep state
[2026-05-23 15:34:16.495] I (196) sleep_gpio: Enable automatic switching of GPIO sleep configuration
[2026-05-23 15:34:16.496] I (197) main_task: Started on CPU0
[2026-05-23 15:34:16.496] I (197) main_task: Calling app_main()
[2026-05-23 15:34:16.496] WCAN_CFG_WAIT v=1
# UART boot config sent: wcan v=1 role=sensor transport=BROADCAST test_duration_ms=30000 host_wait_time_ms=5000 base=0xd0 count=1 hz=1000 linger=100
[2026-05-23 15:34:16.497] WCAN_CFG_WAIT v=1
[2026-05-23 15:34:18.957] WCAN_CFG_ACK
[2026-05-23 15:34:18.958] WCAN_CFG_ACK
[2026-05-23 15:34:18.964] I (2821) pp: pp rom version: 9387209
[2026-05-23 15:34:18.970] I (2822) net80211: net80211 rom version: 9387209
[2026-05-23 15:34:18.977] I (2823) wifi:wifi driver task: 3fca77a4, prio:23, stack:6656, core=0
[2026-05-23 15:34:18.983] I (2827) wifi:wifi firmware version: 79fa3f41ba
[2026-05-23 15:34:18.986] I (2827) wifi:wifi certification version: v7.0
[2026-05-23 15:34:18.989] I (2827) wifi:config NVS flash: enabled
[2026-05-23 15:34:18.993] I (2827) wifi:config nano formatting: disabled
[2026-05-23 15:34:18.996] I (2828) wifi:Init data frame dynamic rx buffer num: 32
[2026-05-23 15:34:18.998] I (2828) wifi:Init static rx mgmt buffer num: 5
[2026-05-23 15:34:19.000] I (2829) wifi:Init management short buffer num: 32
[2026-05-23 15:34:19.002] I (2829) wifi:Init dynamic tx buffer num: 32
[2026-05-23 15:34:19.004] I (2830) wifi:Init static tx FG buffer num: 2
[2026-05-23 15:34:19.006] I (2830) wifi:Init static rx buffer size: 1600
[2026-05-23 15:34:19.007] I (2831) wifi:Init static rx buffer num: 10
[2026-05-23 15:34:19.008] I (2831) wifi:Init dynamic rx buffer num: 32
[2026-05-23 15:34:19.009] I (2832) wifi_init: rx ba win: 6
[2026-05-23 15:34:19.010] I (2833) wifi_init: accept mbox: 6
[2026-05-23 15:34:19.011] I (2833) wifi_init: tcpip mbox: 32
[2026-05-23 15:34:19.011] I (2833) wifi_init: udp mbox: 6
[2026-05-23 15:34:19.012] I (2833) wifi_init: tcp mbox: 6
[2026-05-23 15:34:19.013] I (2834) wifi_init: tcp tx win: 5760
[2026-05-23 15:34:19.014] I (2834) wifi_init: tcp rx win: 5760
[2026-05-23 15:34:19.015] I (2835) wifi_init: tcp mss: 1440
[2026-05-23 15:34:19.016] I (2835) wifi_init: WiFi IRAM OP enabled
[2026-05-23 15:34:19.017] I (2835) wifi_init: WiFi RX IRAM OP enabled
[2026-05-23 15:34:19.018] I (2836) phy_init: phy_version 1200,2b7123f9,Feb 18 2025,15:22:21
[2026-05-23 15:34:19.019] I (2872) wifi:mode : sta (54:32:04:8c:0b:8c)
[2026-05-23 15:34:19.020] I (2873) wifi:enable tsf
[2026-05-23 15:34:19.020] I (2876) ESPNOW: espnow [version: 2.0] init
[2026-05-23 15:34:19.021] WCAN_TEST_READY role=sensor
# Waiting for phased test start
# UART test start sent: WCAN_TEST_START at 2026-05-23T15:34:19.032190
[2026-05-23 15:34:19.853] P(FAIL):3515:d0:0:0:100:101
[2026-05-23 15:34:20.178] P(FAIL):3838:d0:1:101:201:101
[2026-05-23 15:34:20.496] P(FAIL):4158:d0:2:202:302:101
[2026-05-23 15:34:20.915] P(FAIL):4577:d0:10:1010:1110:101
[2026-05-23 15:34:21.390] P(FAIL):5052:d0:15:1515:1615:101
[2026-05-23 15:34:22.161] P(FAIL):5823:d0:23:2323:2423:101
[2026-05-23 15:34:22.622] P(FAIL):6285:d0:25:2525:2625:101
[2026-05-23 15:34:23.421] P(FAIL):7083:d0:36:3636:3736:101
[2026-05-23 15:34:23.875] P(FAIL):7537:d0:40:4040:4140:101
[2026-05-23 15:34:24.284] P(FAIL):7947:d0:43:4343:4443:101
[2026-05-23 15:34:24.707] P(FAIL):8369:d0:45:4545:4645:101
[2026-05-23 15:34:25.048] P(FAIL):8710:d0:48:4848:4948:101
[2026-05-23 15:34:25.396] P(FAIL):9058:d0:52:5252:5352:101
[2026-05-23 15:34:25.764] P(FAIL):9426:d0:54:5454:5554:101
[2026-05-23 15:34:26.134] P(FAIL):9796:d0:56:5656:5756:101
[2026-05-23 15:34:26.236] S(FAIL):9898:d0:0:6666:6795:130
[2026-05-23 15:34:27.188] P(FAIL):10850:d0:72:7428:7528:101
[2026-05-23 15:34:27.507] P(FAIL):11169:d0:74:7630:7730:101
[2026-05-23 15:34:27.834] P(FAIL):11496:d0:77:7933:8033:101
[2026-05-23 15:34:28.252] P(FAIL):11914:d0:79:8135:8235:101
[2026-05-23 15:34:28.585] S(FAIL):12247:d0:0:6897:6922:26
[2026-05-23 15:34:28.622] P(FAIL):12284:d0:80:8236:8336:101
[2026-05-23 15:34:28.824] S(FAIL):12486:d0:0:9246:9282:37
[2026-05-23 15:34:28.966] P(FAIL):12629:d0:82:8438:8538:101
[2026-05-23 15:34:29.387] P(FAIL):13050:d0:88:9044:9144:101
[2026-05-23 15:34:31.089] P(FAIL):14751:d0:108:11245:11345:101
[2026-05-23 15:34:49.428] P(FAIL):33090:d0:290:29627:29727:101
[2026-05-23 15:34:50.228] P(FAIL):33890:d0:291:29728:29828:101
[2026-05-23 15:34:50.352] WCAN_BATCH id=0xd0 count=294 avg_hz=9.79 avg_points=100.89 min_points=69 max_points=101 avg_interval_ms=102.15 min_interval_ms=100.79 max_interval_ms=245.05 avg_dispatch_ms=4.64 max_dispatch_ms=11.04 dispatched_count=364 avg_queue_wait_ms=182.90 max_queue_wait_ms=1058.80
[2026-05-23 15:34:50.356] WCAN_SENSOR_END generated=29998 avg_hz=1000.00
[2026-05-23 15:34:50.358] S(FAIL):34002:d0:0:9485:9628:144
[2026-05-23 15:34:50.372] WCAN_MEASURES elapsed_ms=29999 heap_start_free=126648 heap_end_free=141436 heap_start_min_free=124496 heap_end_min_free=123820 heap_start_largest=98304 heap_end_largest=98304 airtime_us_total=1683914 packets_sent_total=364 sensor_send_failures_total=337
[2026-05-23 15:34:50.373] WCAN_TEST_END role=sensor

# Monitor stopped: 2026-05-23T15:34:50.373975
