# Monitor started: 2026-05-23T15:34:16.339699
# Port: /dev/ttyACM1, Baud: 921600, Timeout: 35.000s after WCAN_TEST_START

# UART boot config: wcan v=1 role=sensor transport=BROADCAST test_duration_ms=30000 host_wait_time_ms=5000 base=0xe0 count=1 hz=1000 linger=100
[2026-05-23 15:34:16.341] ESP-ROM:esp32c3-api1-20210207
[2026-05-23 15:34:16.341] Build:Feb  7 2021
[2026-05-23 15:34:16.349] rst:0x15 (USB_UART_CHIP_RESET),boot:0xd (SPI_FAST_FLASH_BOOT)
[2026-05-23 15:34:16.351] Saved PC:0x40384eba
[2026-05-23 15:34:16.352] SPIWP:0xee
[2026-05-23 15:34:16.355] mode:DIO, clock div:1
[2026-05-23 15:34:16.355] load:0x3fcd5820,len:0x1574
[2026-05-23 15:34:16.356] load:0x403cc710,len:0xc30
[2026-05-23 15:34:16.358] load:0x403ce710,len:0x2fa0
[2026-05-23 15:34:16.358] entry 0x403cc71a
[2026-05-23 15:34:16.361] I (24) boot: ESP-IDF v5.4.1 2nd stage bootloader
[2026-05-23 15:34:16.362] I (24) boot: compile time May 20 2026 00:05:32
[2026-05-23 15:34:16.363] I (25) boot: chip revision: v0.4
[2026-05-23 15:34:16.364] I (25) boot: efuse block revision: v1.3
[2026-05-23 15:34:16.371] I (25) boot.esp32c3: SPI Speed      : 80MHz
[2026-05-23 15:34:16.381] I (25) boot.esp32c3: SPI Mode       : DIO
[2026-05-23 15:34:16.384] I (26) boot.esp32c3: SPI Flash Size : 2MB
[2026-05-23 15:34:16.390] I (26) boot: Enabling RNG early entropy source...
[2026-05-23 15:34:16.391] I (27) boot: Partition Table:
[2026-05-23 15:34:16.395] I (27) boot: ## Label            Usage          Type ST Offset   Length
[2026-05-23 15:34:16.398] I (28) boot:  0 nvs              WiFi data        01 02 00009000 00006000
[2026-05-23 15:34:16.401] I (29) boot:  1 phy_init         RF data          01 01 0000f000 00001000
[2026-05-23 15:34:16.402] I (29) boot:  2 factory          factory app      00 00 00010000 00100000
[2026-05-23 15:34:16.403] I (30) boot: End of partition table
[2026-05-23 15:34:16.405] I (31) esp_image: segment 0: paddr=00010020 vaddr=3c0a0020 size=1977ch (104316) map
[2026-05-23 15:34:16.408] I (48) esp_image: segment 1: paddr=000297a4 vaddr=3fc95200 size=02da0h ( 11680) load
[2026-05-23 15:34:16.411] I (51) esp_image: segment 2: paddr=0002c54c vaddr=40380000 size=03acch ( 15052) load
[2026-05-23 15:34:16.413] I (54) esp_image: segment 3: paddr=00030020 vaddr=42000020 size=9942ch (627756) map
[2026-05-23 15:34:16.415] I (154) esp_image: segment 4: paddr=000c9454 vaddr=40383acc size=11614h ( 71188) load
[2026-05-23 15:34:16.425] I (168) esp_image: segment 5: paddr=000daa70 vaddr=50000200 size=0001ch (    28) load
[2026-05-23 15:34:16.428] I (175) boot: Loaded app from partition at offset 0x10000
[2026-05-23 15:34:16.438] I (175) boot: Disabling RNG early entropy source...
[2026-05-23 15:34:16.445] I (176) cpu_start: Unicore app
[2026-05-23 15:34:16.450] I (185) cpu_start: Pro cpu start user code
[2026-05-23 15:34:16.453] I (185) cpu_start: cpu freq: 160000000 Hz
[2026-05-23 15:34:16.459] I (185) app_init: Application information:
[2026-05-23 15:34:16.465] I (185) app_init: Project name:     sensor_acquirer
[2026-05-23 15:34:16.469] I (185) app_init: App version:      v1.0-171-gbbe0783
[2026-05-23 15:34:16.469] I (186) app_init: Compile time:     May 23 2026 14:30:31
[2026-05-23 15:34:16.471] I (187) app_init: ELF file SHA256:  493679023...
[2026-05-23 15:34:16.472] I (187) app_init: ESP-IDF:          v5.4.1
[2026-05-23 15:34:16.473] I (188) efuse_init: Min chip rev:     v0.3
[2026-05-23 15:34:16.476] I (188) efuse_init: Max chip rev:     v1.99
[2026-05-23 15:34:16.476] I (189) efuse_init: Chip rev:         v0.4
[2026-05-23 15:34:16.479] I (189) heap_init: Initializing. RAM available for dynamic allocation:
[2026-05-23 15:34:16.482] I (190) heap_init: At 3FC9C340 len 00023CC0 (143 KiB): RAM
[2026-05-23 15:34:16.483] I (191) heap_init: At 3FCC0000 len 0001C710 (113 KiB): Retention RAM
[2026-05-23 15:34:16.484] I (191) heap_init: At 3FCDC710 len 00002950 (10 KiB): Retention RAM
[2026-05-23 15:34:16.486] I (192) heap_init: At 5000021C len 00001DCC (7 KiB): RTCRAM
[2026-05-23 15:34:16.487] I (194) spi_flash: detected chip: generic
[2026-05-23 15:34:16.488] I (194) spi_flash: flash io: dio
[2026-05-23 15:34:16.492] W (194) spi_flash: Detected size(4096k) larger than the size in the binary image header(2048k). Using the size in the binary image header.
[2026-05-23 15:34:16.493] I (196) sleep_gpio: Configure to isolate all GPIO pins in sleep state
[2026-05-23 15:34:16.494] I (196) sleep_gpio: Enable automatic switching of GPIO sleep configuration
[2026-05-23 15:34:16.495] I (197) main_task: Started on CPU0
[2026-05-23 15:34:16.495] I (197) main_task: Calling app_main()
[2026-05-23 15:34:16.496] WCAN_CFG_WAIT v=1
# UART boot config sent: wcan v=1 role=sensor transport=BROADCAST test_duration_ms=30000 host_wait_time_ms=5000 base=0xe0 count=1 hz=1000 linger=100
[2026-05-23 15:34:16.496] WCAN_CFG_WAIT v=1
[2026-05-23 15:34:18.956] WCAN_CFG_ACK
[2026-05-23 15:34:18.957] WCAN_CFG_ACK
[2026-05-23 15:34:18.961] I (2820) pp: pp rom version: 9387209
[2026-05-23 15:34:18.966] I (2821) net80211: net80211 rom version: 9387209
[2026-05-23 15:34:18.973] I (2822) wifi:wifi driver task: 3fca7720, prio:23, stack:6656, core=0
[2026-05-23 15:34:18.976] I (2826) wifi:wifi firmware version: 79fa3f41ba
[2026-05-23 15:34:18.982] I (2826) wifi:wifi certification version: v7.0
[2026-05-23 15:34:18.984] I (2826) wifi:config NVS flash: enabled
[2026-05-23 15:34:18.988] I (2826) wifi:config nano formatting: disabled
[2026-05-23 15:34:18.991] I (2827) wifi:Init data frame dynamic rx buffer num: 32
[2026-05-23 15:34:18.995] I (2827) wifi:Init static rx mgmt buffer num: 5
[2026-05-23 15:34:18.997] I (2828) wifi:Init management short buffer num: 32
[2026-05-23 15:34:18.999] I (2828) wifi:Init dynamic tx buffer num: 32
[2026-05-23 15:34:19.001] I (2829) wifi:Init static tx FG buffer num: 2
[2026-05-23 15:34:19.003] I (2829) wifi:Init static rx buffer size: 1600
[2026-05-23 15:34:19.005] I (2830) wifi:Init static rx buffer num: 10
[2026-05-23 15:34:19.006] I (2830) wifi:Init dynamic rx buffer num: 32
[2026-05-23 15:34:19.007] I (2831) wifi_init: rx ba win: 6
[2026-05-23 15:34:19.008] I (2832) wifi_init: accept mbox: 6
[2026-05-23 15:34:19.009] I (2832) wifi_init: tcpip mbox: 32
[2026-05-23 15:34:19.010] I (2832) wifi_init: udp mbox: 6
[2026-05-23 15:34:19.010] I (2832) wifi_init: tcp mbox: 6
[2026-05-23 15:34:19.011] I (2833) wifi_init: tcp tx win: 5760
[2026-05-23 15:34:19.012] I (2833) wifi_init: tcp rx win: 5760
[2026-05-23 15:34:19.013] I (2834) wifi_init: tcp mss: 1440
[2026-05-23 15:34:19.015] I (2834) wifi_init: WiFi IRAM OP enabled
[2026-05-23 15:34:19.016] I (2834) wifi_init: WiFi RX IRAM OP enabled
[2026-05-23 15:34:19.017] I (2835) phy_init: phy_version 1200,2b7123f9,Feb 18 2025,15:22:21
[2026-05-23 15:34:19.018] I (2873) wifi:mode : sta (74:4d:bd:e1:d5:b8)
[2026-05-23 15:34:19.019] I (2874) wifi:enable tsf
[2026-05-23 15:34:19.020] I (2876) ESPNOW: espnow [version: 2.0] init
[2026-05-23 15:34:19.020] WCAN_TEST_READY role=sensor
# Waiting for phased test start
# UART test start sent: WCAN_TEST_START at 2026-05-23T15:34:19.031749
[2026-05-23 15:34:19.848] P(FAIL):3510:e0:0:0:100:101
[2026-05-23 15:34:20.173] P(FAIL):3834:e0:1:101:201:101
[2026-05-23 15:34:20.542] P(FAIL):4204:e0:3:303:403:101
[2026-05-23 15:34:20.939] P(FAIL):4601:e0:5:505:605:101
[2026-05-23 15:34:21.040] S(FAIL):4703:e0:0:1515:1599:85
[2026-05-23 15:34:21.326] P(FAIL):4988:e0:6:606:706:101
[2026-05-23 15:34:21.798] P(FAIL):5460:e0:12:1212:1312:101
[2026-05-23 15:34:22.034] S(FAIL):5696:e0:0:1701:1986:286
[2026-05-23 15:34:22.164] P(FAIL):5826:e0:13:1313:1413:101
[2026-05-23 15:34:22.266] S(FAIL):5928:e0:0:2694:2824:131
[2026-05-23 15:34:22.550] P(FAIL):6213:e0:14:1414:1514:101
[2026-05-23 15:34:22.956] S(FAIL):6618:e0:0:2926:3211:286
[2026-05-23 15:34:22.965] P(FAIL):6627:e0:18:2189:2289:101
[2026-05-23 15:34:23.066] S(FAIL):6728:e0:0:3616:3624:9
[2026-05-23 15:34:23.199] S(FAIL):6861:e0:0:3726:3757:32
[2026-05-23 15:34:23.527] P(FAIL):7189:e0:20:2391:2491:101
[2026-05-23 15:34:23.629] S(FAIL):7291:e0:0:3859:4187:329
[2026-05-23 15:34:23.933] P(FAIL):7596:e0:21:2492:2592:101
[2026-05-23 15:34:24.036] S(FAIL):7698:e0:0:4289:4594:306
[2026-05-23 15:34:24.313] P(FAIL):7976:e0:22:2593:2693:101
[2026-05-23 15:34:24.416] S(FAIL):8078:e0:0:4696:4974:279
[2026-05-23 15:34:24.597] P(FAIL):8259:e0:23:2825:2925:101
[2026-05-23 15:34:24.961] P(FAIL):8623:e0:27:3515:3615:101
[2026-05-23 15:34:25.415] P(FAIL):9077:e0:33:5258:5358:101
[2026-05-23 15:34:25.778] P(FAIL):9440:e0:36:5561:5661:101
[2026-05-23 15:34:26.012] S(FAIL):9674:e0:0:5076:5257:182
[2026-05-23 15:34:26.142] P(FAIL):9804:e0:37:5662:5762:101
[2026-05-23 15:34:26.244] S(FAIL):9906:e0:0:6672:6802:131
[2026-05-23 15:34:26.467] P(FAIL):10129:e0:38:5763:5863:101
[2026-05-23 15:34:26.569] S(FAIL):10231:e0:0:6904:7127:224
[2026-05-23 15:34:26.852] P(FAIL):10514:e0:39:5864:5964:101
[2026-05-23 15:34:27.257] S(FAIL):10919:e0:0:7229:7512:284
[2026-05-23 15:34:27.329] P(FAIL):10992:e0:43:6268:6368:101
[2026-05-23 15:34:27.633] S(FAIL):11295:e0:0:7917:7989:73
[2026-05-23 15:34:27.684] P(FAIL):11346:e0:46:6571:6671:101
[2026-05-23 15:34:28.185] P(FAIL):11847:e0:55:8192:8292:101
[2026-05-23 15:34:29.326] P(FAIL):12988:e0:68:9556:9656:101
[2026-05-23 15:34:49.583] P(FAIL):33245:e0:267:29655:29755:101
[2026-05-23 15:34:50.355] WCAN_BATCH id=0xe0 count=271 avg_hz=9.01 avg_points=100.78 min_points=41 max_points=101 avg_interval_ms=110.96 min_interval_ms=100.91 max_interval_ms=429.94 avg_dispatch_ms=4.65 max_dispatch_ms=11.11 dispatched_count=346 avg_queue_wait_ms=398.86 max_queue_wait_ms=2225.74
[2026-05-23 15:34:50.359] WCAN_SENSOR_END generated=29998 avg_hz=1000.00
[2026-05-23 15:34:50.362] S(FAIL):34003:e0:0:8293:8343:51
[2026-05-23 15:34:50.374] WCAN_MEASURES elapsed_ms=29999 heap_start_free=126780 heap_end_free=141568 heap_start_min_free=124628 heap_end_min_free=123952 heap_start_largest=98304 heap_end_largest=98304 airtime_us_total=1606655 packets_sent_total=346 sensor_send_failures_total=2688
[2026-05-23 15:34:50.374] WCAN_TEST_END role=sensor

# Monitor stopped: 2026-05-23T15:34:50.374843
