# Monitor started: 2026-05-23T15:18:38.479077
# Port: /dev/ttyACM1, Baud: 921600, Timeout: 35.000s after WCAN_TEST_START

# UART boot config: wcan v=1 role=sensor transport=BROADCAST test_duration_ms=30000 host_wait_time_ms=5000 base=0xe0 count=1 hz=750 linger=100
[2026-05-23 15:18:38.496] ESP-ROM:esp32c3-api1-20210207
[2026-05-23 15:18:38.501] Build:Feb  7 2021
[2026-05-23 15:18:38.526] rst:0x15 (USB_UART_CHIP_RESET),boot:0xd (SPI_FAST_FLASH_BOOT)
[2026-05-23 15:18:38.530] Saved PC:0x40384eba
[2026-05-23 15:18:38.532] SPIWP:0xee
[2026-05-23 15:18:38.536] mode:DIO, clock div:1
[2026-05-23 15:18:38.545] load:0x3fcd5820,len:0x1574
[2026-05-23 15:18:38.551] load:0x403cc710,len:0xc30
[2026-05-23 15:18:38.555] load:0x403ce710,len:0x2fa0
[2026-05-23 15:18:38.556] entry 0x403cc71a
[2026-05-23 15:18:38.564] I (24) boot: ESP-IDF v5.4.1 2nd stage bootloader
[2026-05-23 15:18:38.567] I (24) boot: compile time May 20 2026 00:05:32
[2026-05-23 15:18:38.571] I (25) boot: chip revision: v0.4
[2026-05-23 15:18:38.578] I (25) boot: efuse block revision: v1.3
[2026-05-23 15:18:38.586] I (25) boot.esp32c3: SPI Speed      : 80MHz
[2026-05-23 15:18:38.588] I (25) boot.esp32c3: SPI Mode       : DIO
[2026-05-23 15:18:38.591] I (26) boot.esp32c3: SPI Flash Size : 2MB
[2026-05-23 15:18:38.593] I (26) boot: Enabling RNG early entropy source...
[2026-05-23 15:18:38.593] I (27) boot: Partition Table:
[2026-05-23 15:18:38.602] I (27) boot: ## Label            Usage          Type ST Offset   Length
[2026-05-23 15:18:38.605] I (28) boot:  0 nvs              WiFi data        01 02 00009000 00006000
[2026-05-23 15:18:38.609] I (29) boot:  1 phy_init         RF data          01 01 0000f000 00001000
[2026-05-23 15:18:38.613] I (29) boot:  2 factory          factory app      00 00 00010000 00100000
[2026-05-23 15:18:38.614] I (30) boot: End of partition table
[2026-05-23 15:18:38.616] I (31) esp_image: segment 0: paddr=00010020 vaddr=3c0a0020 size=1977ch (104316) map
[2026-05-23 15:18:38.619] I (48) esp_image: segment 1: paddr=000297a4 vaddr=3fc95200 size=02da0h ( 11680) load
[2026-05-23 15:18:38.621] I (51) esp_image: segment 2: paddr=0002c54c vaddr=40380000 size=03acch ( 15052) load
[2026-05-23 15:18:38.625] I (54) esp_image: segment 3: paddr=00030020 vaddr=42000020 size=9942ch (627756) map
[2026-05-23 15:18:38.632] I (154) esp_image: segment 4: paddr=000c9454 vaddr=40383acc size=11614h ( 71188) load
[2026-05-23 15:18:38.638] I (168) esp_image: segment 5: paddr=000daa70 vaddr=50000200 size=0001ch (    28) load
[2026-05-23 15:18:38.641] I (175) boot: Loaded app from partition at offset 0x10000
[2026-05-23 15:18:38.644] I (175) boot: Disabling RNG early entropy source...
[2026-05-23 15:18:38.646] I (176) cpu_start: Unicore app
[2026-05-23 15:18:38.648] I (185) cpu_start: Pro cpu start user code
[2026-05-23 15:18:38.650] I (185) cpu_start: cpu freq: 160000000 Hz
[2026-05-23 15:18:38.651] I (185) app_init: Application information:
[2026-05-23 15:18:38.655] I (185) app_init: Project name:     sensor_acquirer
[2026-05-23 15:18:38.655] I (185) app_init: App version:      v1.0-171-gbbe0783
[2026-05-23 15:18:38.662] I (186) app_init: Compile time:     May 23 2026 14:30:31
[2026-05-23 15:18:38.671] I (187) app_init: ELF file SHA256:  493679023...
[2026-05-23 15:18:38.674] I (187) app_init: ESP-IDF:          v5.4.1
[2026-05-23 15:18:38.681] I (188) efuse_init: Min chip rev:     v0.3
[2026-05-23 15:18:38.682] I (188) efuse_init: Max chip rev:     v1.99
[2026-05-23 15:18:38.683] I (189) efuse_init: Chip rev:         v0.4
[2026-05-23 15:18:38.684] I (189) heap_init: Initializing. RAM available for dynamic allocation:
[2026-05-23 15:18:38.685] I (190) heap_init: At 3FC9C340 len 00023CC0 (143 KiB): RAM
[2026-05-23 15:18:38.686] I (191) heap_init: At 3FCC0000 len 0001C710 (113 KiB): Retention RAM
[2026-05-23 15:18:38.687] I (191) heap_init: At 3FCDC710 len 00002950 (10 KiB): Retention RAM
[2026-05-23 15:18:38.688] I (192) heap_init: At 5000021C len 00001DCC (7 KiB): RTCRAM
[2026-05-23 15:18:38.688] I (194) spi_flash: detected chip: generic
[2026-05-23 15:18:38.688] I (194) spi_flash: flash io: dio
[2026-05-23 15:18:38.690] W (194) spi_flash: Detected size(4096k) larger than the size in the binary image header(2048k). Using the size in the binary image header.
[2026-05-23 15:18:38.690] I (196) sleep_gpio: Configure to isolate all GPIO pins in sleep state
[2026-05-23 15:18:38.691] I (196) sleep_gpio: Enable automatic switching of GPIO sleep configuration
[2026-05-23 15:18:38.691] I (197) main_task: Started on CPU0
[2026-05-23 15:18:38.691] I (197) main_task: Calling app_main()
[2026-05-23 15:18:38.691] WCAN_CFG_WAIT v=1
# UART boot config sent: wcan v=1 role=sensor transport=BROADCAST test_duration_ms=30000 host_wait_time_ms=5000 base=0xe0 count=1 hz=750 linger=100
[2026-05-23 15:18:38.691] WCAN_CFG_WAIT v=1
[2026-05-23 15:18:41.137] WCAN_CFG_ACK
[2026-05-23 15:18:41.140] WCAN_CFG_ACK
[2026-05-23 15:18:41.144] I (2862) pp: pp rom version: 9387209
[2026-05-23 15:18:41.149] I (2863) net80211: net80211 rom version: 9387209
[2026-05-23 15:18:41.158] I (2864) wifi:wifi driver task: 3fca7720, prio:23, stack:6656, core=0
[2026-05-23 15:18:41.162] I (2868) wifi:wifi firmware version: 79fa3f41ba
[2026-05-23 15:18:41.165] I (2868) wifi:wifi certification version: v7.0
[2026-05-23 15:18:41.169] I (2868) wifi:config NVS flash: enabled
[2026-05-23 15:18:41.172] I (2868) wifi:config nano formatting: disabled
[2026-05-23 15:18:41.175] I (2869) wifi:Init data frame dynamic rx buffer num: 32
[2026-05-23 15:18:41.177] I (2869) wifi:Init static rx mgmt buffer num: 5
[2026-05-23 15:18:41.179] I (2870) wifi:Init management short buffer num: 32
[2026-05-23 15:18:41.181] I (2870) wifi:Init dynamic tx buffer num: 32
[2026-05-23 15:18:41.182] I (2871) wifi:Init static tx FG buffer num: 2
[2026-05-23 15:18:41.184] I (2871) wifi:Init static rx buffer size: 1600
[2026-05-23 15:18:41.185] I (2872) wifi:Init static rx buffer num: 10
[2026-05-23 15:18:41.187] I (2872) wifi:Init dynamic rx buffer num: 32
[2026-05-23 15:18:41.188] I (2873) wifi_init: rx ba win: 6
[2026-05-23 15:18:41.189] I (2874) wifi_init: accept mbox: 6
[2026-05-23 15:18:41.190] I (2874) wifi_init: tcpip mbox: 32
[2026-05-23 15:18:41.191] I (2874) wifi_init: udp mbox: 6
[2026-05-23 15:18:41.191] I (2874) wifi_init: tcp mbox: 6
[2026-05-23 15:18:41.192] I (2875) wifi_init: tcp tx win: 5760
[2026-05-23 15:18:41.193] I (2875) wifi_init: tcp rx win: 5760
[2026-05-23 15:18:41.194] I (2876) wifi_init: tcp mss: 1440
[2026-05-23 15:18:41.195] I (2876) wifi_init: WiFi IRAM OP enabled
[2026-05-23 15:18:41.196] I (2876) wifi_init: WiFi RX IRAM OP enabled
[2026-05-23 15:18:41.197] I (2877) phy_init: phy_version 1200,2b7123f9,Feb 18 2025,15:22:21
[2026-05-23 15:18:41.199] I (2911) wifi:mode : sta (74:4d:bd:e1:d5:b8)
[2026-05-23 15:18:41.199] I (2912) wifi:enable tsf
[2026-05-23 15:18:41.200] I (2914) ESPNOW: espnow [version: 2.0] init
[2026-05-23 15:18:41.200] WCAN_TEST_READY role=sensor
# Waiting for phased test start
# UART test start sent: WCAN_TEST_START at 2026-05-23T15:18:41.211582
[2026-05-23 15:18:44.021] P(FAIL):5545:e0:20:1520:1595:76
[2026-05-23 15:18:44.431] P(FAIL):5954:e0:21:1596:1671:76
[2026-05-23 15:18:44.863] P(FAIL):6386:e0:27:2052:2127:76
[2026-05-23 15:18:46.650] P(FAIL):8173:e0:46:3496:3571:76
[2026-05-23 15:18:50.740] P(FAIL):12263:e0:86:6536:6611:76
[2026-05-23 15:18:51.157] P(FAIL):12680:e0:87:6612:6687:76
[2026-05-23 15:18:52.393] P(FAIL):13916:e0:103:7828:7903:76
[2026-05-23 15:18:55.004] P(FAIL):16527:e0:128:9728:9803:76
[2026-05-23 15:18:56.996] P(FAIL):18519:e0:148:11248:11323:76
[2026-05-23 15:19:00.243] P(FAIL):21766:e0:181:13756:13831:76
[2026-05-23 15:19:02.036] P(FAIL):23559:e0:199:15124:15199:76
[2026-05-23 15:19:02.588] P(FAIL):24111:e0:203:15428:15503:76
[2026-05-23 15:19:02.981] P(FAIL):24504:e0:205:15580:15655:76
[2026-05-23 15:19:03.393] P(FAIL):24916:e0:209:15884:15959:76
[2026-05-23 15:19:03.779] P(FAIL):25301:e0:212:16112:16187:76
[2026-05-23 15:19:04.114] P(FAIL):25637:e0:213:16188:16263:76
[2026-05-23 15:19:04.454] P(FAIL):25976:e0:217:16492:16567:76
[2026-05-23 15:19:04.621] S(FAIL):26144:e0:0:16948:16951:4
[2026-05-23 15:19:04.835] P(FAIL):26358:e0:218:16568:16643:76
[2026-05-23 15:19:05.230] P(FAIL):26753:e0:226:17180:17255:76
[2026-05-23 15:19:05.591] P(FAIL):27114:e0:227:17256:17331:76
[2026-05-23 15:19:05.848] S(FAIL):27371:e0:0:17332:17492:161
[2026-05-23 15:19:05.913] P(FAIL):27436:e0:228:17493:17568:76
[2026-05-23 15:19:06.289] P(FAIL):27812:e0:233:17873:17948:76
[2026-05-23 15:19:06.653] P(FAIL):28176:e0:239:18378:18453:76
[2026-05-23 15:19:07.394] P(FAIL):28917:e0:248:19062:19137:76
[2026-05-23 15:19:11.787] P(FAIL):33310:e0:290:22254:22329:76
[2026-05-23 15:19:12.530] WCAN_BATCH id=0xe0 count=294 avg_hz=9.78 avg_points=75.82 min_points=23 max_points=76 avg_interval_ms=102.28 min_interval_ms=101.17 max_interval_ms=316.06 avg_dispatch_ms=3.75 max_dispatch_ms=11.67 dispatched_count=366 avg_queue_wait_ms=169.01 max_queue_wait_ms=1031.45
[2026-05-23 15:19:12.533] WCAN_SENSOR_END generated=22504 avg_hz=750.19
[2026-05-23 15:19:12.535] S(FAIL):34041:e0:0:18253:18301:49
[2026-05-23 15:19:12.545] WCAN_MEASURES elapsed_ms=29999 heap_start_free=126780 heap_end_free=141568 heap_start_min_free=126456 heap_end_min_free=125892 heap_start_largest=98304 heap_end_largest=98304 airtime_us_total=1370071 packets_sent_total=366 sensor_send_failures_total=214
[2026-05-23 15:19:12.545] WCAN_TEST_END role=sensor

# Monitor stopped: 2026-05-23T15:19:12.545637
