# Monitor started: 2026-05-23T15:18:38.480191
# Port: /dev/ttyACM0, Baud: 921600, Timeout: 35.000s after WCAN_TEST_START

# UART boot config: wcan v=1 role=sensor transport=BROADCAST test_duration_ms=30000 host_wait_time_ms=5000 base=0xd0 count=1 hz=750 linger=100
[2026-05-23 15:18:38.487] ESP-ROM:esp32c3-api1-20210207
[2026-05-23 15:18:38.492] Build:Feb  7 2021
[2026-05-23 15:18:38.517] rst:0x15 (USB_UART_CHIP_RESET),boot:0xd (SPI_FAST_FLASH_BOOT)
[2026-05-23 15:18:38.527] Saved PC:0x40384eba
[2026-05-23 15:18:38.532] SPIWP:0xee
[2026-05-23 15:18:38.537] mode:DIO, clock div:1
[2026-05-23 15:18:38.540] load:0x3fcd5820,len:0x1574
[2026-05-23 15:18:38.544] load:0x403cc710,len:0xc30
[2026-05-23 15:18:38.550] load:0x403ce710,len:0x2fa0
[2026-05-23 15:18:38.553] entry 0x403cc71a
[2026-05-23 15:18:38.558] I (24) boot: ESP-IDF v5.4.1 2nd stage bootloader
[2026-05-23 15:18:38.560] I (24) boot: compile time May 20 2026 00:05:32
[2026-05-23 15:18:38.563] I (25) boot: chip revision: v0.4
[2026-05-23 15:18:38.566] I (25) boot: efuse block revision: v1.3
[2026-05-23 15:18:38.568] I (25) boot.esp32c3: SPI Speed      : 80MHz
[2026-05-23 15:18:38.572] I (25) boot.esp32c3: SPI Mode       : DIO
[2026-05-23 15:18:38.573] I (26) boot.esp32c3: SPI Flash Size : 2MB
[2026-05-23 15:18:38.575] I (26) boot: Enabling RNG early entropy source...
[2026-05-23 15:18:38.576] I (27) boot: Partition Table:
[2026-05-23 15:18:38.578] I (27) boot: ## Label            Usage          Type ST Offset   Length
[2026-05-23 15:18:38.581] I (28) boot:  0 nvs              WiFi data        01 02 00009000 00006000
[2026-05-23 15:18:38.583] I (29) boot:  1 phy_init         RF data          01 01 0000f000 00001000
[2026-05-23 15:18:38.586] I (29) boot:  2 factory          factory app      00 00 00010000 00100000
[2026-05-23 15:18:38.589] I (30) boot: End of partition table
[2026-05-23 15:18:38.596] I (31) esp_image: segment 0: paddr=00010020 vaddr=3c0a0020 size=1977ch (104316) map
[2026-05-23 15:18:38.614] I (48) esp_image: segment 1: paddr=000297a4 vaddr=3fc95200 size=02da0h ( 11680) load
[2026-05-23 15:18:38.624] I (51) esp_image: segment 2: paddr=0002c54c vaddr=40380000 size=03acch ( 15052) load
[2026-05-23 15:18:38.628] I (54) esp_image: segment 3: paddr=00030020 vaddr=42000020 size=9942ch (627756) map
[2026-05-23 15:18:38.633] I (154) esp_image: segment 4: paddr=000c9454 vaddr=40383acc size=11614h ( 71188) load
[2026-05-23 15:18:38.635] I (168) esp_image: segment 5: paddr=000daa70 vaddr=50000200 size=0001ch (    28) load
[2026-05-23 15:18:38.637] I (175) boot: Loaded app from partition at offset 0x10000
[2026-05-23 15:18:38.642] I (175) boot: Disabling RNG early entropy source...
[2026-05-23 15:18:38.643] I (176) cpu_start: Unicore app
[2026-05-23 15:18:38.645] I (185) cpu_start: Pro cpu start user code
[2026-05-23 15:18:38.655] I (185) cpu_start: cpu freq: 160000000 Hz
[2026-05-23 15:18:38.658] I (185) app_init: Application information:
[2026-05-23 15:18:38.660] I (185) app_init: Project name:     sensor_acquirer
[2026-05-23 15:18:38.662] I (185) app_init: App version:      v1.0-171-gbbe0783
[2026-05-23 15:18:38.663] I (186) app_init: Compile time:     May 23 2026 14:30:31
[2026-05-23 15:18:38.665] I (186) app_init: ELF file SHA256:  493679023...
[2026-05-23 15:18:38.667] I (187) app_init: ESP-IDF:          v5.4.1
[2026-05-23 15:18:38.667] I (187) efuse_init: Min chip rev:     v0.3
[2026-05-23 15:18:38.668] I (188) efuse_init: Max chip rev:     v1.99
[2026-05-23 15:18:38.669] I (188) efuse_init: Chip rev:         v0.4
[2026-05-23 15:18:38.671] I (189) heap_init: Initializing. RAM available for dynamic allocation:
[2026-05-23 15:18:38.674] I (190) heap_init: At 3FC9C340 len 00023CC0 (143 KiB): RAM
[2026-05-23 15:18:38.675] I (190) heap_init: At 3FCC0000 len 0001C710 (113 KiB): Retention RAM
[2026-05-23 15:18:38.676] I (191) heap_init: At 3FCDC710 len 00002950 (10 KiB): Retention RAM
[2026-05-23 15:18:38.677] I (192) heap_init: At 5000021C len 00001DCC (7 KiB): RTCRAM
[2026-05-23 15:18:38.678] I (193) spi_flash: detected chip: generic
[2026-05-23 15:18:38.678] I (194) spi_flash: flash io: dio
[2026-05-23 15:18:38.682] W (194) spi_flash: Detected size(4096k) larger than the size in the binary image header(2048k). Using the size in the binary image header.
[2026-05-23 15:18:38.683] I (195) sleep_gpio: Configure to isolate all GPIO pins in sleep state
[2026-05-23 15:18:38.684] I (196) sleep_gpio: Enable automatic switching of GPIO sleep configuration
[2026-05-23 15:18:38.685] I (197) main_task: Started on CPU0
[2026-05-23 15:18:38.686] I (197) main_task: Calling app_main()
[2026-05-23 15:18:38.686] WCAN_CFG_WAIT v=1
# UART boot config sent: wcan v=1 role=sensor transport=BROADCAST test_duration_ms=30000 host_wait_time_ms=5000 base=0xd0 count=1 hz=750 linger=100
[2026-05-23 15:18:38.687] WCAN_CFG_WAIT v=1
[2026-05-23 15:18:41.139] WCAN_CFG_ACK
[2026-05-23 15:18:41.140] WCAN_CFG_ACK
[2026-05-23 15:18:41.146] I (2862) pp: pp rom version: 9387209
[2026-05-23 15:18:41.154] I (2863) net80211: net80211 rom version: 9387209
[2026-05-23 15:18:41.163] I (2864) wifi:wifi driver task: 3fca77a4, prio:23, stack:6656, core=0
[2026-05-23 15:18:41.166] I (2868) wifi:wifi firmware version: 79fa3f41ba
[2026-05-23 15:18:41.170] I (2868) wifi:wifi certification version: v7.0
[2026-05-23 15:18:41.172] I (2868) wifi:config NVS flash: enabled
[2026-05-23 15:18:41.175] I (2868) wifi:config nano formatting: disabled
[2026-05-23 15:18:41.177] I (2869) wifi:Init data frame dynamic rx buffer num: 32
[2026-05-23 15:18:41.179] I (2869) wifi:Init static rx mgmt buffer num: 5
[2026-05-23 15:18:41.180] I (2870) wifi:Init management short buffer num: 32
[2026-05-23 15:18:41.182] I (2870) wifi:Init dynamic tx buffer num: 32
[2026-05-23 15:18:41.183] I (2871) wifi:Init static tx FG buffer num: 2
[2026-05-23 15:18:41.185] I (2871) wifi:Init static rx buffer size: 1600
[2026-05-23 15:18:41.186] I (2872) wifi:Init static rx buffer num: 10
[2026-05-23 15:18:41.187] I (2872) wifi:Init dynamic rx buffer num: 32
[2026-05-23 15:18:41.188] I (2873) wifi_init: rx ba win: 6
[2026-05-23 15:18:41.189] I (2874) wifi_init: accept mbox: 6
[2026-05-23 15:18:41.190] I (2874) wifi_init: tcpip mbox: 32
[2026-05-23 15:18:41.190] I (2874) wifi_init: udp mbox: 6
[2026-05-23 15:18:41.191] I (2874) wifi_init: tcp mbox: 6
[2026-05-23 15:18:41.192] I (2875) wifi_init: tcp tx win: 5760
[2026-05-23 15:18:41.192] I (2875) wifi_init: tcp rx win: 5760
[2026-05-23 15:18:41.193] I (2876) wifi_init: tcp mss: 1440
[2026-05-23 15:18:41.194] I (2876) wifi_init: WiFi IRAM OP enabled
[2026-05-23 15:18:41.195] I (2876) wifi_init: WiFi RX IRAM OP enabled
[2026-05-23 15:18:41.196] I (2877) phy_init: phy_version 1200,2b7123f9,Feb 18 2025,15:22:21
[2026-05-23 15:18:41.197] I (2911) wifi:mode : sta (54:32:04:8c:0b:8c)
[2026-05-23 15:18:41.198] I (2912) wifi:enable tsf
[2026-05-23 15:18:41.198] I (2915) ESPNOW: espnow [version: 2.0] init
[2026-05-23 15:18:41.199] WCAN_TEST_READY role=sensor
# Waiting for phased test start
# UART test start sent: WCAN_TEST_START at 2026-05-23T15:18:41.211779
[2026-05-23 15:18:42.024] P(FAIL):3547:d0:0:0:75:76
[2026-05-23 15:18:42.348] P(FAIL):3871:d0:1:76:151:76
[2026-05-23 15:18:42.805] P(FAIL):4328:d0:8:608:683:76
[2026-05-23 15:18:43.239] P(FAIL):4762:d0:12:912:987:76
[2026-05-23 15:18:43.642] P(FAIL):5165:d0:13:988:1063:76
[2026-05-23 15:18:43.996] P(FAIL):5518:d0:15:1140:1215:76
[2026-05-23 15:18:44.361] P(FAIL):5884:d0:22:1672:1747:76
[2026-05-23 15:18:45.439] P(FAIL):6962:d0:34:2584:2659:76
[2026-05-23 15:18:45.852] P(FAIL):7375:d0:38:2888:2963:76
[2026-05-23 15:18:46.266] P(FAIL):7789:d0:42:3192:3267:76
[2026-05-23 15:18:46.691] P(FAIL):8214:d0:45:3420:3495:76
[2026-05-23 15:18:47.153] P(FAIL):8676:d0:51:3876:3951:76
[2026-05-23 15:18:47.554] P(FAIL):9077:d0:55:4180:4255:76
[2026-05-23 15:18:48.006] P(FAIL):9529:d0:59:4484:4559:76
[2026-05-23 15:18:48.438] P(FAIL):9961:d0:64:4864:4939:76
[2026-05-23 15:18:48.894] P(FAIL):10417:d0:68:5168:5243:76
[2026-05-23 15:18:49.304] P(FAIL):10827:d0:72:5472:5547:76
[2026-05-23 15:18:49.654] P(FAIL):11177:d0:75:5700:5775:76
[2026-05-23 15:18:50.093] P(FAIL):11616:d0:80:6080:6155:76
[2026-05-23 15:18:50.458] P(FAIL):11981:d0:84:6384:6459:76
[2026-05-23 15:18:51.559] P(FAIL):13082:d0:95:7220:7295:76
[2026-05-23 15:18:52.249] P(FAIL):13772:d0:101:7676:7751:76
[2026-05-23 15:18:52.618] P(FAIL):14141:d0:104:7904:7979:76
[2026-05-23 15:18:53.084] P(FAIL):14607:d0:109:8284:8359:76
[2026-05-23 15:18:53.508] P(FAIL):15031:d0:114:8664:8739:76
[2026-05-23 15:18:53.937] P(FAIL):15460:d0:118:8968:9043:76
[2026-05-23 15:18:54.577] P(FAIL):16100:d0:124:9424:9499:76
[2026-05-23 15:18:54.924] P(FAIL):16447:d0:127:9652:9727:76
[2026-05-23 15:18:55.438] P(FAIL):16961:d0:133:10108:10183:76
[2026-05-23 15:18:55.882] P(FAIL):17405:d0:138:10488:10563:76
[2026-05-23 15:18:56.234] P(FAIL):17757:d0:141:10716:10791:76
[2026-05-23 15:18:56.689] P(FAIL):18212:d0:145:11020:11095:76
[2026-05-23 15:18:57.654] P(FAIL):19177:d0:155:11780:11855:76
[2026-05-23 15:18:57.990] P(FAIL):19513:d0:159:12084:12159:76
[2026-05-23 15:18:58.361] P(FAIL):19884:d0:162:12312:12387:76
[2026-05-23 15:18:58.765] P(FAIL):20288:d0:166:12616:12691:76
[2026-05-23 15:18:59.139] P(FAIL):20661:d0:167:12692:12767:76
[2026-05-23 15:18:59.505] P(FAIL):21027:d0:169:12844:12919:76
[2026-05-23 15:18:59.868] P(FAIL):21391:d0:177:13452:13527:76
[2026-05-23 15:19:00.600] P(FAIL):22123:d0:184:13984:14059:76
[2026-05-23 15:19:01.032] P(FAIL):22555:d0:188:14288:14363:76
[2026-05-23 15:19:01.405] P(FAIL):22928:d0:190:14440:14515:76
[2026-05-23 15:19:01.746] P(FAIL):23269:d0:191:14516:14591:76
[2026-05-23 15:19:02.164] P(FAIL):23687:d0:198:15048:15123:76
[2026-05-23 15:19:02.505] P(FAIL):24028:d0:203:15428:15503:76
[2026-05-23 15:19:03.345] P(FAIL):24867:d0:211:16036:16111:76
[2026-05-23 15:19:05.548] P(FAIL):27071:d0:233:17708:17783:76
[2026-05-23 15:19:05.939] P(FAIL):27461:d0:237:18012:18087:76
[2026-05-23 15:19:06.314] P(FAIL):27837:d0:238:18088:18163:76
[2026-05-23 15:19:06.643] P(FAIL):28166:d0:239:18164:18239:76
[2026-05-23 15:19:07.013] P(FAIL):28535:d0:240:18240:18315:76
[2026-05-23 15:19:07.418] S(FAIL):28940:d0:0:19000:19125:126
[2026-05-23 15:19:07.471] P(FAIL):28994:d0:244:18544:18619:76
[2026-05-23 15:19:11.554] P(FAIL):33076:d0:290:22207:22282:76
[2026-05-23 15:19:12.353] P(FAIL):33876:d0:291:22283:22358:76
[2026-05-23 15:19:12.531] WCAN_BATCH id=0xd0 count=294 avg_hz=9.80 avg_points=75.98 min_points=70 max_points=76 avg_interval_ms=102.07 min_interval_ms=101.13 max_interval_ms=269.29 avg_dispatch_ms=4.12 max_dispatch_ms=12.46 dispatched_count=457 avg_queue_wait_ms=194.58 max_queue_wait_ms=1033.22
[2026-05-23 15:19:12.533] WCAN_SENSOR_END generated=22504 avg_hz=750.19
[2026-05-23 15:19:12.535] S(FAIL):34041:d0:0:19430:19470:41
[2026-05-23 15:19:12.545] WCAN_MEASURES elapsed_ms=29999 heap_start_free=126648 heap_end_free=141280 heap_start_min_free=126324 heap_end_min_free=125760 heap_start_largest=98304 heap_end_largest=98304 airtime_us_total=1877246 packets_sent_total=457 sensor_send_failures_total=167
[2026-05-23 15:19:12.545] WCAN_TEST_END role=sensor

# Monitor stopped: 2026-05-23T15:19:12.545761
