# Monitor started: 2026-05-23T20:08:16.442814
# Port: /dev/ttyACM0, Baud: 921600, Timeout: 35.000s after WCAN_TEST_START

# UART boot config: wcan v=1 role=sensor transport=MULTICAST test_duration_ms=30000 host_wait_time_ms=5000 base=0xd0 count=3 hz=200 linger=100
[2026-05-23 20:08:16.452] ESP-ROM:esp32c3-api1-20210207
[2026-05-23 20:08:16.455] Build:Feb  7 2021
[2026-05-23 20:08:16.479] rst:0x15 (USB_UART_CHIP_RESET),boot:0xd (SPI_FAST_FLASH_BOOT)
[2026-05-23 20:08:16.485] Saved PC:0x40384eba
[2026-05-23 20:08:16.488] SPIWP:0xee
[2026-05-23 20:08:16.498] mode:DIO, clock div:1
[2026-05-23 20:08:16.508] load:0x3fcd5820,len:0x1574
[2026-05-23 20:08:16.513] load:0x403cc710,len:0xc30
[2026-05-23 20:08:16.520] load:0x403ce710,len:0x2fa0
[2026-05-23 20:08:16.521] entry 0x403cc71a
[2026-05-23 20:08:16.525] I (24) boot: ESP-IDF v5.4.1 2nd stage bootloader
[2026-05-23 20:08:16.528] I (24) boot: compile time May 19 2026 23:41:33
[2026-05-23 20:08:16.529] I (24) boot: chip revision: v0.4
[2026-05-23 20:08:16.540] I (25) boot: efuse block revision: v1.3
[2026-05-23 20:08:16.550] I (25) boot.esp32c3: SPI Speed      : 80MHz
[2026-05-23 20:08:16.550] I (25) boot.esp32c3: SPI Mode       : DIO
[2026-05-23 20:08:16.552] I (26) boot.esp32c3: SPI Flash Size : 2MB
[2026-05-23 20:08:16.555] I (26) boot: Enabling RNG early entropy source...
[2026-05-23 20:08:16.557] I (27) boot: Partition Table:
[2026-05-23 20:08:16.559] I (27) boot: ## Label            Usage          Type ST Offset   Length
[2026-05-23 20:08:16.572] I (28) boot:  0 nvs              WiFi data        01 02 00009000 00006000
[2026-05-23 20:08:16.582] I (29) boot:  1 phy_init         RF data          01 01 0000f000 00001000
[2026-05-23 20:08:16.589] I (29) boot:  2 factory          factory app      00 00 00010000 00100000
[2026-05-23 20:08:16.594] I (30) boot: End of partition table
[2026-05-23 20:08:16.606] I (31) esp_image: segment 0: paddr=00010020 vaddr=3c0a0020 size=19850h (104528) map
[2026-05-23 20:08:16.609] I (48) esp_image: segment 1: paddr=00029878 vaddr=3fc95000 size=02da0h ( 11680) load
[2026-05-23 20:08:16.613] I (51) esp_image: segment 2: paddr=0002c620 vaddr=40380000 size=039f8h ( 14840) load
[2026-05-23 20:08:16.616] I (54) esp_image: segment 3: paddr=00030020 vaddr=42000020 size=990b4h (626868) map
[2026-05-23 20:08:16.619] I (154) esp_image: segment 4: paddr=000c90dc vaddr=403839f8 size=114f8h ( 70904) load
[2026-05-23 20:08:16.621] I (168) esp_image: segment 5: paddr=000da5dc vaddr=50000200 size=0001ch (    28) load
[2026-05-23 20:08:16.622] I (174) boot: Loaded app from partition at offset 0x10000
[2026-05-23 20:08:16.627] I (175) boot: Disabling RNG early entropy source...
[2026-05-23 20:08:16.628] I (176) cpu_start: Unicore app
[2026-05-23 20:08:16.631] I (184) cpu_start: Pro cpu start user code
[2026-05-23 20:08:16.634] I (184) cpu_start: cpu freq: 160000000 Hz
[2026-05-23 20:08:16.636] I (185) app_init: Application information:
[2026-05-23 20:08:16.637] I (185) app_init: Project name:     sensor_acquirer
[2026-05-23 20:08:16.648] I (185) app_init: App version:      v1.0-171-gbbe0783
[2026-05-23 20:08:16.651] I (186) app_init: Compile time:     May 23 2026 14:30:40
[2026-05-23 20:08:16.652] I (186) app_init: ELF file SHA256:  0e7d705e7...
[2026-05-23 20:08:16.655] I (187) app_init: ESP-IDF:          v5.4.1
[2026-05-23 20:08:16.656] I (187) efuse_init: Min chip rev:     v0.3
[2026-05-23 20:08:16.656] I (188) efuse_init: Max chip rev:     v1.99
[2026-05-23 20:08:16.658] I (188) efuse_init: Chip rev:         v0.4
[2026-05-23 20:08:16.660] I (189) heap_init: Initializing. RAM available for dynamic allocation:
[2026-05-23 20:08:16.661] I (190) heap_init: At 3FC9C130 len 00023ED0 (143 KiB): RAM
[2026-05-23 20:08:16.662] I (190) heap_init: At 3FCC0000 len 0001C710 (113 KiB): Retention RAM
[2026-05-23 20:08:16.664] I (191) heap_init: At 3FCDC710 len 00002950 (10 KiB): Retention RAM
[2026-05-23 20:08:16.665] I (192) heap_init: At 5000021C len 00001DCC (7 KiB): RTCRAM
[2026-05-23 20:08:16.666] I (193) spi_flash: detected chip: generic
[2026-05-23 20:08:16.666] I (193) spi_flash: flash io: dio
[2026-05-23 20:08:16.668] W (193) spi_flash: Detected size(4096k) larger than the size in the binary image header(2048k). Using the size in the binary image header.
[2026-05-23 20:08:16.669] I (195) sleep_gpio: Configure to isolate all GPIO pins in sleep state
[2026-05-23 20:08:16.669] I (196) sleep_gpio: Enable automatic switching of GPIO sleep configuration
[2026-05-23 20:08:16.669] I (197) main_task: Started on CPU0
[2026-05-23 20:08:16.670] I (197) main_task: Calling app_main()
[2026-05-23 20:08:16.670] WCAN_CFG_WAIT v=1
# UART boot config sent: wcan v=1 role=sensor transport=MULTICAST test_duration_ms=30000 host_wait_time_ms=5000 base=0xd0 count=3 hz=200 linger=100
[2026-05-23 20:08:16.670] WCAN_CFG_WAIT v=1
[2026-05-23 20:08:19.110] WCAN_CFG_ACK
[2026-05-23 20:08:19.111] WCAN_CFG_ACK
[2026-05-23 20:08:19.119] I (2872) pp: pp rom version: 9387209
[2026-05-23 20:08:19.125] I (2873) net80211: net80211 rom version: 9387209
[2026-05-23 20:08:19.134] I (2874) wifi:wifi driver task: 3fca7594, prio:23, stack:6656, core=0
[2026-05-23 20:08:19.138] I (2878) wifi:wifi firmware version: 79fa3f41ba
[2026-05-23 20:08:19.141] I (2878) wifi:wifi certification version: v7.0
[2026-05-23 20:08:19.144] I (2878) wifi:config NVS flash: enabled
[2026-05-23 20:08:19.148] I (2878) wifi:config nano formatting: disabled
[2026-05-23 20:08:19.150] I (2879) wifi:Init data frame dynamic rx buffer num: 32
[2026-05-23 20:08:19.152] I (2879) wifi:Init static rx mgmt buffer num: 5
[2026-05-23 20:08:19.154] I (2880) wifi:Init management short buffer num: 32
[2026-05-23 20:08:19.155] I (2880) wifi:Init dynamic tx buffer num: 32
[2026-05-23 20:08:19.157] I (2881) wifi:Init static tx FG buffer num: 2
[2026-05-23 20:08:19.158] I (2881) wifi:Init static rx buffer size: 1600
[2026-05-23 20:08:19.160] I (2882) wifi:Init static rx buffer num: 10
[2026-05-23 20:08:19.161] I (2882) wifi:Init dynamic rx buffer num: 32
[2026-05-23 20:08:19.163] I (2883) wifi_init: rx ba win: 6
[2026-05-23 20:08:19.164] I (2884) wifi_init: accept mbox: 6
[2026-05-23 20:08:19.165] I (2884) wifi_init: tcpip mbox: 32
[2026-05-23 20:08:19.166] I (2884) wifi_init: udp mbox: 6
[2026-05-23 20:08:19.167] I (2884) wifi_init: tcp mbox: 6
[2026-05-23 20:08:19.168] I (2885) wifi_init: tcp tx win: 5760
[2026-05-23 20:08:19.169] I (2885) wifi_init: tcp rx win: 5760
[2026-05-23 20:08:19.170] I (2886) wifi_init: tcp mss: 1440
[2026-05-23 20:08:19.170] I (2886) wifi_init: WiFi IRAM OP enabled
[2026-05-23 20:08:19.170] I (2886) wifi_init: WiFi RX IRAM OP enabled
[2026-05-23 20:08:19.171] I (2887) phy_init: phy_version 1200,2b7123f9,Feb 18 2025,15:22:21
[2026-05-23 20:08:19.171] I (2920) wifi:mode : sta (54:32:04:8c:0b:8c)
[2026-05-23 20:08:19.171] I (2921) wifi:enable tsf
[2026-05-23 20:08:19.171] I (2924) ESPNOW: espnow [version: 2.0] init
[2026-05-23 20:08:19.172] WCAN_TEST_READY role=sensor
# Waiting for phased test start
# UART test start sent: WCAN_TEST_START at 2026-05-23T20:08:19.183207
[2026-05-23 20:08:49.510] WCAN_BATCH id=0xd0 count=285 avg_hz=9.52 avg_points=21.00 min_points=21 max_points=21 avg_interval_ms=105.00 min_interval_ms=104.94 max_interval_ms=105.04 avg_dispatch_ms=3.54 max_dispatch_ms=13.13 dispatched_count=285 avg_queue_wait_ms=0.14 max_queue_wait_ms=0.28
[2026-05-23 20:08:49.513] WCAN_BATCH id=0xd1 count=285 avg_hz=9.52 avg_points=21.00 min_points=21 max_points=21 avg_interval_ms=105.00 min_interval_ms=104.93 max_interval_ms=105.04 avg_dispatch_ms=3.75 max_dispatch_ms=11.93 dispatched_count=285 avg_queue_wait_ms=3.73 max_queue_wait_ms=13.30
[2026-05-23 20:08:49.516] WCAN_BATCH id=0xd2 count=285 avg_hz=9.52 avg_points=21.00 min_points=21 max_points=21 avg_interval_ms=105.00 min_interval_ms=104.93 max_interval_ms=105.04 avg_dispatch_ms=3.64 max_dispatch_ms=9.24 dispatched_count=285 avg_queue_wait_ms=7.56 max_queue_wait_ms=17.97
[2026-05-23 20:08:49.517] WCAN_SENSOR_END generated=5998 avg_hz=199.97
[2026-05-23 20:08:49.519] WCAN_MEASURES elapsed_ms=29999 heap_start_free=66296 heap_end_free=78044 heap_start_min_free=66280 heap_end_min_free=65084 heap_start_largest=47104 heap_end_largest=47104 airtime_us_total=3104134 packets_sent_total=855 sensor_send_failures_total=0
[2026-05-23 20:08:49.520] WCAN_TEST_END role=sensor

# Monitor stopped: 2026-05-23T20:08:49.520140
