# Monitor started: 2026-05-23T14:42:25.490536
# Port: /dev/ttyACM1, Baud: 921600, Timeout: 35.000s after WCAN_TEST_START

# UART boot config: wcan v=1 role=sensor transport=BROADCAST test_duration_ms=30000 host_wait_time_ms=5000 base=0xe0 count=1 hz=10 linger=100
[2026-05-23 14:42:25.498] ESP-ROM:esp32c3-api1-20210207
[2026-05-23 14:42:25.500] Build:Feb  7 2021
[2026-05-23 14:42:25.517] rst:0x15 (USB_UART_CHIP_RESET),boot:0xd (SPI_FAST_FLASH_BOOT)
[2026-05-23 14:42:25.521] Saved PC:0x40384eba
[2026-05-23 14:42:25.529] SPIWP:0xee
[2026-05-23 14:42:25.537] mode:DIO, clock div:1
[2026-05-23 14:42:25.546] load:0x3fcd5820,len:0x1574
[2026-05-23 14:42:25.557] load:0x403cc710,len:0xc30
[2026-05-23 14:42:25.560] load:0x403ce710,len:0x2fa0
[2026-05-23 14:42:25.566] entry 0x403cc71a
[2026-05-23 14:42:25.572] I (24) boot: ESP-IDF v5.4.1 2nd stage bootloader
[2026-05-23 14:42:25.590] I (24) boot: compile time May 20 2026 00:05:32
[2026-05-23 14:42:25.594] I (25) boot: chip revision: v0.4
[2026-05-23 14:42:25.614] I (25) boot: efuse block revision: v1.3
[2026-05-23 14:42:25.617] I (25) boot.esp32c3: SPI Speed      : 80MHz
[2026-05-23 14:42:25.618] I (25) boot.esp32c3: SPI Mode       : DIO
[2026-05-23 14:42:25.619] I (26) boot.esp32c3: SPI Flash Size : 2MB
[2026-05-23 14:42:25.622] I (26) boot: Enabling RNG early entropy source...
[2026-05-23 14:42:25.625] I (27) boot: Partition Table:
[2026-05-23 14:42:25.652] I (27) boot: ## Label            Usage          Type ST Offset   Length
[2026-05-23 14:42:25.666] I (28) boot:  0 nvs              WiFi data        01 02 00009000 00006000
[2026-05-23 14:42:25.671] I (29) boot:  1 phy_init         RF data          01 01 0000f000 00001000
[2026-05-23 14:42:25.672] I (29) boot:  2 factory          factory app      00 00 00010000 00100000
[2026-05-23 14:42:25.673] I (30) boot: End of partition table
[2026-05-23 14:42:25.674] I (31) esp_image: segment 0: paddr=00010020 vaddr=3c0a0020 size=1977ch (104316) map
[2026-05-23 14:42:25.676] I (48) esp_image: segment 1: paddr=000297a4 vaddr=3fc95200 size=02da0h ( 11680) load
[2026-05-23 14:42:25.677] I (51) esp_image: segment 2: paddr=0002c54c vaddr=40380000 size=03acch ( 15052) load
[2026-05-23 14:42:25.679] I (54) esp_image: segment 3: paddr=00030020 vaddr=42000020 size=9942ch (627756) map
[2026-05-23 14:42:25.680] I (154) esp_image: segment 4: paddr=000c9454 vaddr=40383acc size=11614h ( 71188) load
[2026-05-23 14:42:25.682] I (168) esp_image: segment 5: paddr=000daa70 vaddr=50000200 size=0001ch (    28) load
[2026-05-23 14:42:25.683] I (175) boot: Loaded app from partition at offset 0x10000
[2026-05-23 14:42:25.683] I (175) boot: Disabling RNG early entropy source...
[2026-05-23 14:42:25.684] I (176) cpu_start: Unicore app
[2026-05-23 14:42:25.685] I (185) cpu_start: Pro cpu start user code
[2026-05-23 14:42:25.685] I (185) cpu_start: cpu freq: 160000000 Hz
[2026-05-23 14:42:25.686] I (185) app_init: Application information:
[2026-05-23 14:42:25.687] I (185) app_init: Project name:     sensor_acquirer
[2026-05-23 14:42:25.688] I (185) app_init: App version:      v1.0-171-gbbe0783
[2026-05-23 14:42:25.689] I (186) app_init: Compile time:     May 23 2026 14:30:31
[2026-05-23 14:42:25.690] I (187) app_init: ELF file SHA256:  493679023...
[2026-05-23 14:42:25.691] I (187) app_init: ESP-IDF:          v5.4.1
[2026-05-23 14:42:25.691] I (188) efuse_init: Min chip rev:     v0.3
[2026-05-23 14:42:25.692] I (188) efuse_init: Max chip rev:     v1.99
[2026-05-23 14:42:25.693] I (189) efuse_init: Chip rev:         v0.4
[2026-05-23 14:42:25.694] I (189) heap_init: Initializing. RAM available for dynamic allocation:
[2026-05-23 14:42:25.695] I (190) heap_init: At 3FC9C340 len 00023CC0 (143 KiB): RAM
[2026-05-23 14:42:25.696] I (191) heap_init: At 3FCC0000 len 0001C710 (113 KiB): Retention RAM
[2026-05-23 14:42:25.697] I (191) heap_init: At 3FCDC710 len 00002950 (10 KiB): Retention RAM
[2026-05-23 14:42:25.698] I (192) heap_init: At 5000021C len 00001DCC (7 KiB): RTCRAM
[2026-05-23 14:42:25.698] I (194) spi_flash: detected chip: generic
[2026-05-23 14:42:25.698] I (194) spi_flash: flash io: dio
[2026-05-23 14:42:25.699] W (194) spi_flash: Detected size(4096k) larger than the size in the binary image header(2048k). Using the size in the binary image header.
[2026-05-23 14:42:25.700] I (196) sleep_gpio: Configure to isolate all GPIO pins in sleep state
[2026-05-23 14:42:25.700] I (196) sleep_gpio: Enable automatic switching of GPIO sleep configuration
[2026-05-23 14:42:25.700] I (197) main_task: Started on CPU0
[2026-05-23 14:42:25.701] I (197) main_task: Calling app_main()
[2026-05-23 14:42:25.701] WCAN_CFG_WAIT v=1
# UART boot config sent: wcan v=1 role=sensor transport=BROADCAST test_duration_ms=30000 host_wait_time_ms=5000 base=0xe0 count=1 hz=10 linger=100
[2026-05-23 14:42:25.702] WCAN_CFG_WAIT v=1
[2026-05-23 14:42:28.128] WCAN_CFG_ACK
[2026-05-23 14:42:28.128] WCAN_CFG_ACK
[2026-05-23 14:42:28.133] I (2842) pp: pp rom version: 9387209
[2026-05-23 14:42:28.134] I (2843) net80211: net80211 rom version: 9387209
[2026-05-23 14:42:28.135] I (2844) wifi:wifi driver task: 3fca7720, prio:23, stack:6656, core=0
[2026-05-23 14:42:28.140] I (2848) wifi:wifi firmware version: 79fa3f41ba
[2026-05-23 14:42:28.141] I (2848) wifi:wifi certification version: v7.0
[2026-05-23 14:42:28.141] I (2848) wifi:config NVS flash: enabled
[2026-05-23 14:42:28.142] I (2848) wifi:config nano formatting: disabled
[2026-05-23 14:42:28.143] I (2849) wifi:Init data frame dynamic rx buffer num: 32
[2026-05-23 14:42:28.144] I (2849) wifi:Init static rx mgmt buffer num: 5
[2026-05-23 14:42:28.145] I (2850) wifi:Init management short buffer num: 32
[2026-05-23 14:42:28.146] I (2850) wifi:Init dynamic tx buffer num: 32
[2026-05-23 14:42:28.147] I (2851) wifi:Init static tx FG buffer num: 2
[2026-05-23 14:42:28.147] I (2851) wifi:Init static rx buffer size: 1600
[2026-05-23 14:42:28.148] I (2852) wifi:Init static rx buffer num: 10
[2026-05-23 14:42:28.149] I (2852) wifi:Init dynamic rx buffer num: 32
[2026-05-23 14:42:28.149] I (2853) wifi_init: rx ba win: 6
[2026-05-23 14:42:28.150] I (2854) wifi_init: accept mbox: 6
[2026-05-23 14:42:28.150] I (2854) wifi_init: tcpip mbox: 32
[2026-05-23 14:42:28.151] I (2854) wifi_init: udp mbox: 6
[2026-05-23 14:42:28.151] I (2854) wifi_init: tcp mbox: 6
[2026-05-23 14:42:28.152] I (2855) wifi_init: tcp tx win: 5760
[2026-05-23 14:42:28.153] I (2855) wifi_init: tcp rx win: 5760
[2026-05-23 14:42:28.153] I (2856) wifi_init: tcp mss: 1440
[2026-05-23 14:42:28.154] I (2856) wifi_init: WiFi IRAM OP enabled
[2026-05-23 14:42:28.155] I (2856) wifi_init: WiFi RX IRAM OP enabled
[2026-05-23 14:42:28.155] I (2857) phy_init: phy_version 1200,2b7123f9,Feb 18 2025,15:22:21
[2026-05-23 14:42:28.184] I (2892) wifi:mode : sta (74:4d:bd:e1:d5:b8)
[2026-05-23 14:42:28.184] I (2893) wifi:enable tsf
[2026-05-23 14:42:28.188] I (2895) ESPNOW: espnow [version: 2.0] init
[2026-05-23 14:42:28.188] WCAN_TEST_READY role=sensor
# Waiting for phased test start
# UART test start sent: WCAN_TEST_START at 2026-05-23T14:42:28.200741
[2026-05-23 14:42:29.099] P(FAIL):3611:e0:0:0:1:2
[2026-05-23 14:42:29.425] P(FAIL):3937:e0:2:4:5:2
[2026-05-23 14:42:29.872] P(FAIL):4384:e0:4:8:9:2
[2026-05-23 14:42:30.252] P(FAIL):4764:e0:6:12:13:2
[2026-05-23 14:42:30.677] P(FAIL):5189:e0:8:16:17:2
[2026-05-23 14:42:31.100] P(FAIL):5612:e0:10:20:21:2
[2026-05-23 14:42:31.443] P(FAIL):5955:e0:12:24:25:2
[2026-05-23 14:42:31.878] P(FAIL):6389:e0:14:28:29:2
[2026-05-23 14:42:32.232] P(FAIL):6744:e0:16:32:33:2
[2026-05-23 14:42:32.914] P(FAIL):7426:e0:19:38:39:2
[2026-05-23 14:42:33.500] P(FAIL):8012:e0:22:44:45:2
[2026-05-23 14:42:33.838] P(FAIL):8350:e0:24:48:49:2
[2026-05-23 14:42:34.483] P(FAIL):8995:e0:27:54:55:2
[2026-05-23 14:42:34.845] P(FAIL):9357:e0:29:58:59:2
[2026-05-23 14:42:35.283] P(FAIL):9795:e0:31:62:63:2
[2026-05-23 14:42:35.699] P(FAIL):10211:e0:33:66:67:2
[2026-05-23 14:42:36.070] P(FAIL):10582:e0:35:70:71:2
[2026-05-23 14:42:36.422] P(FAIL):10934:e0:37:74:75:2
[2026-05-23 14:42:37.080] P(FAIL):11592:e0:40:80:81:2
[2026-05-23 14:42:38.149] P(FAIL):12661:e0:45:90:91:2
[2026-05-23 14:42:38.677] P(FAIL):13189:e0:48:96:97:2
[2026-05-23 14:42:39.066] P(FAIL):13578:e0:50:100:101:2
[2026-05-23 14:42:39.415] P(FAIL):13927:e0:52:104:105:2
[2026-05-23 14:42:39.806] P(FAIL):14318:e0:54:108:109:2
[2026-05-23 14:42:40.258] P(FAIL):14770:e0:56:112:113:2
[2026-05-23 14:42:40.668] P(FAIL):15180:e0:58:116:117:2
[2026-05-23 14:42:41.488] P(FAIL):16000:e0:62:124:125:2
[2026-05-23 14:42:41.855] P(FAIL):16367:e0:64:128:129:2
[2026-05-23 14:42:42.315] P(FAIL):16827:e0:66:132:133:2
[2026-05-23 14:42:42.816] P(FAIL):17328:e0:69:138:139:2
[2026-05-23 14:42:43.354] P(FAIL):17866:e0:71:142:143:2
[2026-05-23 14:42:43.910] P(FAIL):18422:e0:74:148:149:2
[2026-05-23 14:42:44.482] P(FAIL):18994:e0:77:154:155:2
[2026-05-23 14:42:44.901] P(FAIL):19413:e0:79:158:159:2
[2026-05-23 14:42:45.907] P(FAIL):20419:e0:84:168:169:2
[2026-05-23 14:42:46.191] P(FAIL):20703:e0:86:172:173:2
[2026-05-23 14:42:47.681] P(FAIL):22192:e0:93:186:187:2
[2026-05-23 14:42:48.053] P(FAIL):22565:e0:95:190:191:2
[2026-05-23 14:42:48.430] P(FAIL):22942:e0:97:194:195:2
[2026-05-23 14:42:48.855] P(FAIL):23367:e0:99:198:199:2
[2026-05-23 14:42:49.275] P(FAIL):23787:e0:101:202:203:2
[2026-05-23 14:42:50.022] P(FAIL):24534:e0:105:210:211:2
[2026-05-23 14:42:50.354] P(FAIL):24866:e0:107:214:215:2
[2026-05-23 14:42:50.878] P(FAIL):25389:e0:109:218:219:2
[2026-05-23 14:42:51.289] P(FAIL):25801:e0:111:222:223:2
[2026-05-23 14:42:51.685] P(FAIL):26196:e0:113:226:227:2
[2026-05-23 14:42:52.087] P(FAIL):26599:e0:115:230:231:2
[2026-05-23 14:42:52.852] P(FAIL):27364:e0:119:238:239:2
[2026-05-23 14:42:53.215] P(FAIL):27727:e0:121:242:243:2
[2026-05-23 14:42:53.681] P(FAIL):28193:e0:123:246:247:2
[2026-05-23 14:42:53.977] P(FAIL):28488:e0:125:250:251:2
[2026-05-23 14:42:54.469] P(FAIL):28981:e0:127:254:255:2
[2026-05-23 14:42:54.858] P(FAIL):29369:e0:129:258:259:2
[2026-05-23 14:42:55.230] P(FAIL):29742:e0:131:262:263:2
[2026-05-23 14:42:56.660] P(FAIL):31172:e0:138:276:277:2
[2026-05-23 14:42:57.044] P(FAIL):31556:e0:140:280:281:2
[2026-05-23 14:42:57.437] P(FAIL):31948:e0:142:284:285:2
[2026-05-23 14:42:57.856] P(FAIL):32368:e0:144:288:289:2
[2026-05-23 14:42:58.252] P(FAIL):32764:e0:146:292:293:2
[2026-05-23 14:42:58.591] P(FAIL):33102:e0:147:294:295:2
[2026-05-23 14:42:59.390] P(FAIL):33902:e0:148:296:297:2
[2026-05-23 14:42:59.524] WCAN_BATCH id=0xe0 count=150 avg_hz=5.00 avg_points=1.99 min_points=1 max_points=2 avg_interval_ms=200.00 min_interval_ms=199.88 max_interval_ms=200.14 avg_dispatch_ms=1.30 max_dispatch_ms=4.22 dispatched_count=328 avg_queue_wait_ms=127.18 max_queue_wait_ms=379.75
[2026-05-23 14:42:59.527] WCAN_SENSOR_END generated=298 avg_hz=9.97
[2026-05-23 14:42:59.542] WCAN_MEASURES elapsed_ms=29999 heap_start_free=126780 heap_end_free=141412 heap_start_min_free=126756 heap_end_min_free=126488 heap_start_largest=98304 heap_end_largest=98304 airtime_us_total=421912 packets_sent_total=328 sensor_send_failures_total=0
[2026-05-23 14:42:59.543] WCAN_TEST_END role=sensor

# Monitor stopped: 2026-05-23T14:42:59.543336
