# Monitor started: 2026-05-23T14:42:25.490360
# Port: /dev/ttyACM0, Baud: 921600, Timeout: 35.000s after WCAN_TEST_START

# UART boot config: wcan v=1 role=sensor transport=BROADCAST test_duration_ms=30000 host_wait_time_ms=5000 base=0xd0 count=1 hz=10 linger=100
[2026-05-23 14:42:25.507] ESP-ROM:esp32c3-api1-20210207
[2026-05-23 14:42:25.515] Build:Feb  7 2021
[2026-05-23 14:42:25.534] rst:0x15 (USB_UART_CHIP_RESET),boot:0xd (SPI_FAST_FLASH_BOOT)
[2026-05-23 14:42:25.543] Saved PC:0x40384eba
[2026-05-23 14:42:25.548] SPIWP:0xee
[2026-05-23 14:42:25.555] mode:DIO, clock div:1
[2026-05-23 14:42:25.571] load:0x3fcd5820,len:0x1574
[2026-05-23 14:42:25.572] load:0x403cc710,len:0xc30
[2026-05-23 14:42:25.578] load:0x403ce710,len:0x2fa0
[2026-05-23 14:42:25.579] entry 0x403cc71a
[2026-05-23 14:42:25.581] I (24) boot: ESP-IDF v5.4.1 2nd stage bootloader
[2026-05-23 14:42:25.591] I (24) boot: compile time May 20 2026 00:05:32
[2026-05-23 14:42:25.599] I (25) boot: chip revision: v0.4
[2026-05-23 14:42:25.602] I (25) boot: efuse block revision: v1.3
[2026-05-23 14:42:25.606] I (25) boot.esp32c3: SPI Speed      : 80MHz
[2026-05-23 14:42:25.610] I (25) boot.esp32c3: SPI Mode       : DIO
[2026-05-23 14:42:25.619] I (26) boot.esp32c3: SPI Flash Size : 2MB
[2026-05-23 14:42:25.622] I (26) boot: Enabling RNG early entropy source...
[2026-05-23 14:42:25.624] I (27) boot: Partition Table:
[2026-05-23 14:42:25.635] I (27) boot: ## Label            Usage          Type ST Offset   Length
[2026-05-23 14:42:25.639] I (28) boot:  0 nvs              WiFi data        01 02 00009000 00006000
[2026-05-23 14:42:25.641] I (29) boot:  1 phy_init         RF data          01 01 0000f000 00001000
[2026-05-23 14:42:25.645] I (29) boot:  2 factory          factory app      00 00 00010000 00100000
[2026-05-23 14:42:25.646] I (30) boot: End of partition table
[2026-05-23 14:42:25.649] I (31) esp_image: segment 0: paddr=00010020 vaddr=3c0a0020 size=1977ch (104316) map
[2026-05-23 14:42:25.656] I (48) esp_image: segment 1: paddr=000297a4 vaddr=3fc95200 size=02da0h ( 11680) load
[2026-05-23 14:42:25.666] I (51) esp_image: segment 2: paddr=0002c54c vaddr=40380000 size=03acch ( 15052) load
[2026-05-23 14:42:25.668] I (54) esp_image: segment 3: paddr=00030020 vaddr=42000020 size=9942ch (627756) map
[2026-05-23 14:42:25.669] I (154) esp_image: segment 4: paddr=000c9454 vaddr=40383acc size=11614h ( 71188) load
[2026-05-23 14:42:25.671] I (168) esp_image: segment 5: paddr=000daa70 vaddr=50000200 size=0001ch (    28) load
[2026-05-23 14:42:25.672] I (175) boot: Loaded app from partition at offset 0x10000
[2026-05-23 14:42:25.673] I (175) boot: Disabling RNG early entropy source...
[2026-05-23 14:42:25.674] I (176) cpu_start: Unicore app
[2026-05-23 14:42:25.675] I (185) cpu_start: Pro cpu start user code
[2026-05-23 14:42:25.675] I (185) cpu_start: cpu freq: 160000000 Hz
[2026-05-23 14:42:25.676] I (185) app_init: Application information:
[2026-05-23 14:42:25.677] I (185) app_init: Project name:     sensor_acquirer
[2026-05-23 14:42:25.678] I (185) app_init: App version:      v1.0-171-gbbe0783
[2026-05-23 14:42:25.679] I (186) app_init: Compile time:     May 23 2026 14:30:31
[2026-05-23 14:42:25.680] I (187) app_init: ELF file SHA256:  493679023...
[2026-05-23 14:42:25.681] I (187) app_init: ESP-IDF:          v5.4.1
[2026-05-23 14:42:25.682] I (188) efuse_init: Min chip rev:     v0.3
[2026-05-23 14:42:25.683] I (188) efuse_init: Max chip rev:     v1.99
[2026-05-23 14:42:25.683] I (189) efuse_init: Chip rev:         v0.4
[2026-05-23 14:42:25.685] I (189) heap_init: Initializing. RAM available for dynamic allocation:
[2026-05-23 14:42:25.686] I (190) heap_init: At 3FC9C340 len 00023CC0 (143 KiB): RAM
[2026-05-23 14:42:25.687] I (190) heap_init: At 3FCC0000 len 0001C710 (113 KiB): Retention RAM
[2026-05-23 14:42:25.688] I (191) heap_init: At 3FCDC710 len 00002950 (10 KiB): Retention RAM
[2026-05-23 14:42:25.689] I (192) heap_init: At 5000021C len 00001DCC (7 KiB): RTCRAM
[2026-05-23 14:42:25.690] I (194) spi_flash: detected chip: generic
[2026-05-23 14:42:25.691] I (194) spi_flash: flash io: dio
[2026-05-23 14:42:25.693] W (194) spi_flash: Detected size(4096k) larger than the size in the binary image header(2048k). Using the size in the binary image header.
[2026-05-23 14:42:25.694] I (196) sleep_gpio: Configure to isolate all GPIO pins in sleep state
[2026-05-23 14:42:25.696] I (196) sleep_gpio: Enable automatic switching of GPIO sleep configuration
[2026-05-23 14:42:25.696] I (197) main_task: Started on CPU0
[2026-05-23 14:42:25.697] I (197) main_task: Calling app_main()
[2026-05-23 14:42:25.697] WCAN_CFG_WAIT v=1
# UART boot config sent: wcan v=1 role=sensor transport=BROADCAST test_duration_ms=30000 host_wait_time_ms=5000 base=0xd0 count=1 hz=10 linger=100
[2026-05-23 14:42:25.701] WCAN_CFG_WAIT v=1
[2026-05-23 14:42:28.128] WCAN_CFG_ACK
[2026-05-23 14:42:28.128] WCAN_CFG_ACK
[2026-05-23 14:42:28.133] I (2842) pp: pp rom version: 9387209
[2026-05-23 14:42:28.134] I (2843) net80211: net80211 rom version: 9387209
[2026-05-23 14:42:28.135] I (2844) wifi:wifi driver task: 3fca77a4, prio:23, stack:6656, core=0
[2026-05-23 14:42:28.139] I (2848) wifi:wifi firmware version: 79fa3f41ba
[2026-05-23 14:42:28.140] I (2848) wifi:wifi certification version: v7.0
[2026-05-23 14:42:28.141] I (2848) wifi:config NVS flash: enabled
[2026-05-23 14:42:28.142] I (2848) wifi:config nano formatting: disabled
[2026-05-23 14:42:28.143] I (2849) wifi:Init data frame dynamic rx buffer num: 32
[2026-05-23 14:42:28.143] I (2849) wifi:Init static rx mgmt buffer num: 5
[2026-05-23 14:42:28.144] I (2850) wifi:Init management short buffer num: 32
[2026-05-23 14:42:28.145] I (2850) wifi:Init dynamic tx buffer num: 32
[2026-05-23 14:42:28.146] I (2851) wifi:Init static tx FG buffer num: 2
[2026-05-23 14:42:28.147] I (2851) wifi:Init static rx buffer size: 1600
[2026-05-23 14:42:28.147] I (2852) wifi:Init static rx buffer num: 10
[2026-05-23 14:42:28.148] I (2852) wifi:Init dynamic rx buffer num: 32
[2026-05-23 14:42:28.149] I (2853) wifi_init: rx ba win: 6
[2026-05-23 14:42:28.149] I (2854) wifi_init: accept mbox: 6
[2026-05-23 14:42:28.150] I (2854) wifi_init: tcpip mbox: 32
[2026-05-23 14:42:28.150] I (2854) wifi_init: udp mbox: 6
[2026-05-23 14:42:28.151] I (2854) wifi_init: tcp mbox: 6
[2026-05-23 14:42:28.151] I (2855) wifi_init: tcp tx win: 5760
[2026-05-23 14:42:28.152] I (2855) wifi_init: tcp rx win: 5760
[2026-05-23 14:42:28.153] I (2856) wifi_init: tcp mss: 1440
[2026-05-23 14:42:28.153] I (2856) wifi_init: WiFi IRAM OP enabled
[2026-05-23 14:42:28.154] I (2856) wifi_init: WiFi RX IRAM OP enabled
[2026-05-23 14:42:28.155] I (2857) phy_init: phy_version 1200,2b7123f9,Feb 18 2025,15:22:21
[2026-05-23 14:42:28.183] I (2892) wifi:mode : sta (54:32:04:8c:0b:8c)
[2026-05-23 14:42:28.184] I (2893) wifi:enable tsf
[2026-05-23 14:42:28.187] I (2895) ESPNOW: espnow [version: 2.0] init
[2026-05-23 14:42:28.188] WCAN_TEST_READY role=sensor
# Waiting for phased test start
# UART test start sent: WCAN_TEST_START at 2026-05-23T14:42:28.199397
[2026-05-23 14:42:37.545] P(FAIL):12057:d0:42:84:85:2
[2026-05-23 14:42:41.086] P(FAIL):15598:d0:60:120:121:2
[2026-05-23 14:42:44.043] P(FAIL):18555:d0:75:150:151:2
[2026-05-23 14:42:45.455] P(FAIL):19967:d0:82:164:165:2
[2026-05-23 14:42:46.315] P(FAIL):20827:d0:86:172:173:2
[2026-05-23 14:42:46.802] P(FAIL):21314:d0:89:178:179:2
[2026-05-23 14:42:47.143] P(FAIL):21655:d0:90:180:181:2
[2026-05-23 14:42:49.653] P(FAIL):24165:d0:103:206:207:2
[2026-05-23 14:42:52.431] P(FAIL):26943:d0:117:234:235:2
[2026-05-23 14:42:55.714] P(FAIL):30226:d0:133:266:267:2
[2026-05-23 14:42:56.287] P(FAIL):30799:d0:136:272:273:2
[2026-05-23 14:42:58.792] P(FAIL):33304:d0:148:296:297:2
[2026-05-23 14:42:59.525] WCAN_BATCH id=0xd0 count=150 avg_hz=5.00 avg_points=1.99 min_points=1 max_points=2 avg_interval_ms=200.00 min_interval_ms=199.96 max_interval_ms=200.04 avg_dispatch_ms=1.35 max_dispatch_ms=8.90 dispatched_count=186 avg_queue_wait_ms=46.63 max_queue_wait_ms=369.75
[2026-05-23 14:42:59.529] WCAN_SENSOR_END generated=298 avg_hz=9.97
[2026-05-23 14:42:59.543] WCAN_MEASURES elapsed_ms=29999 heap_start_free=126648 heap_end_free=141436 heap_start_min_free=126624 heap_end_min_free=126356 heap_start_largest=98304 heap_end_largest=98304 airtime_us_total=249891 packets_sent_total=186 sensor_send_failures_total=0
[2026-05-23 14:42:59.543] WCAN_TEST_END role=sensor

# Monitor stopped: 2026-05-23T14:42:59.543895
