# Monitor started: 2026-05-23T18:11:47.619775
# Port: /dev/ttyACM0, Baud: 921600, Timeout: 35.000s after WCAN_TEST_START

# UART boot config: wcan v=1 role=sensor transport=BROADCAST test_duration_ms=30000 host_wait_time_ms=5000 base=0xd0 count=1 hz=750 linger=100
[2026-05-23 18:11:47.620] ESP-ROM:esp32c3-api1-20210207
[2026-05-23 18:11:47.621] Build:Feb  7 2021
[2026-05-23 18:11:47.622] rst:0x15 (USB_UART_CHIP_RESET),boot:0xd (SPI_FAST_FLASH_BOOT)
[2026-05-23 18:11:47.625] Saved PC:0x40384eba
[2026-05-23 18:11:47.626] SPIWP:0xee
[2026-05-23 18:11:47.627] mode:DIO, clock div:1
[2026-05-23 18:11:47.630] load:0x3fcd5820,len:0x1574
[2026-05-23 18:11:47.632] load:0x403cc710,len:0xc30
[2026-05-23 18:11:47.635] load:0x403ce710,len:0x2fa0
[2026-05-23 18:11:47.636] entry 0x403cc71a
[2026-05-23 18:11:47.640] I (24) boot: ESP-IDF v5.4.1 2nd stage bootloader
[2026-05-23 18:11:47.643] I (24) boot: compile time May 20 2026 00:05:32
[2026-05-23 18:11:47.644] I (24) boot: chip revision: v0.4
[2026-05-23 18:11:47.646] I (25) boot: efuse block revision: v1.3
[2026-05-23 18:11:47.648] I (25) boot.esp32c3: SPI Speed      : 80MHz
[2026-05-23 18:11:47.649] I (25) boot.esp32c3: SPI Mode       : DIO
[2026-05-23 18:11:47.653] I (26) boot.esp32c3: SPI Flash Size : 2MB
[2026-05-23 18:11:47.660] I (26) boot: Enabling RNG early entropy source...
[2026-05-23 18:11:47.661] I (27) boot: Partition Table:
[2026-05-23 18:11:47.664] I (27) boot: ## Label            Usage          Type ST Offset   Length
[2026-05-23 18:11:47.668] I (28) boot:  0 nvs              WiFi data        01 02 00009000 00006000
[2026-05-23 18:11:47.681] I (29) boot:  1 phy_init         RF data          01 01 0000f000 00001000
[2026-05-23 18:11:47.686] I (29) boot:  2 factory          factory app      00 00 00010000 00100000
[2026-05-23 18:11:47.687] I (30) boot: End of partition table
[2026-05-23 18:11:47.689] I (31) esp_image: segment 0: paddr=00010020 vaddr=3c0a0020 size=1977ch (104316) map
[2026-05-23 18:11:47.692] I (48) esp_image: segment 1: paddr=000297a4 vaddr=3fc95200 size=02da0h ( 11680) load
[2026-05-23 18:11:47.693] I (51) esp_image: segment 2: paddr=0002c54c vaddr=40380000 size=03acch ( 15052) load
[2026-05-23 18:11:47.696] I (54) esp_image: segment 3: paddr=00030020 vaddr=42000020 size=9942ch (627756) map
[2026-05-23 18:11:47.702] I (154) esp_image: segment 4: paddr=000c9454 vaddr=40383acc size=11614h ( 71188) load
[2026-05-23 18:11:47.708] I (168) esp_image: segment 5: paddr=000daa70 vaddr=50000200 size=0001ch (    28) load
[2026-05-23 18:11:47.709] I (175) boot: Loaded app from partition at offset 0x10000
[2026-05-23 18:11:47.711] I (175) boot: Disabling RNG early entropy source...
[2026-05-23 18:11:47.714] I (176) cpu_start: Unicore app
[2026-05-23 18:11:47.716] I (185) cpu_start: Pro cpu start user code
[2026-05-23 18:11:47.719] I (185) cpu_start: cpu freq: 160000000 Hz
[2026-05-23 18:11:47.725] I (185) app_init: Application information:
[2026-05-23 18:11:47.728] I (185) app_init: Project name:     sensor_acquirer
[2026-05-23 18:11:47.730] I (185) app_init: App version:      v1.0-171-gbbe0783
[2026-05-23 18:11:47.733] I (186) app_init: Compile time:     May 23 2026 14:30:31
[2026-05-23 18:11:47.736] I (186) app_init: ELF file SHA256:  493679023...
[2026-05-23 18:11:47.737] I (187) app_init: ESP-IDF:          v5.4.1
[2026-05-23 18:11:47.739] I (187) efuse_init: Min chip rev:     v0.3
[2026-05-23 18:11:47.744] I (188) efuse_init: Max chip rev:     v1.99
[2026-05-23 18:11:47.746] I (188) efuse_init: Chip rev:         v0.4
[2026-05-23 18:11:47.748] I (189) heap_init: Initializing. RAM available for dynamic allocation:
[2026-05-23 18:11:47.750] I (190) heap_init: At 3FC9C340 len 00023CC0 (143 KiB): RAM
[2026-05-23 18:11:47.752] I (190) heap_init: At 3FCC0000 len 0001C710 (113 KiB): Retention RAM
[2026-05-23 18:11:47.753] I (191) heap_init: At 3FCDC710 len 00002950 (10 KiB): Retention RAM
[2026-05-23 18:11:47.756] I (192) heap_init: At 5000021C len 00001DCC (7 KiB): RTCRAM
[2026-05-23 18:11:47.757] I (193) spi_flash: detected chip: generic
[2026-05-23 18:11:47.758] I (194) spi_flash: flash io: dio
[2026-05-23 18:11:47.762] W (194) spi_flash: Detected size(4096k) larger than the size in the binary image header(2048k). Using the size in the binary image header.
[2026-05-23 18:11:47.766] I (195) sleep_gpio: Configure to isolate all GPIO pins in sleep state
[2026-05-23 18:11:47.769] I (196) sleep_gpio: Enable automatic switching of GPIO sleep configuration
[2026-05-23 18:11:47.771] I (197) main_task: Started on CPU0
[2026-05-23 18:11:47.772] I (197) main_task: Calling app_main()
[2026-05-23 18:11:47.773] WCAN_CFG_WAIT v=1
# UART boot config sent: wcan v=1 role=sensor transport=BROADCAST test_duration_ms=30000 host_wait_time_ms=5000 base=0xd0 count=1 hz=750 linger=100
[2026-05-23 18:11:47.774] WCAN_CFG_WAIT v=1
[2026-05-23 18:11:50.213] WCAN_CFG_ACK
[2026-05-23 18:11:50.213] WCAN_CFG_ACK
[2026-05-23 18:11:50.217] I (2797) pp: pp rom version: 9387209
[2026-05-23 18:11:50.218] I (2798) net80211: net80211 rom version: 9387209
[2026-05-23 18:11:50.219] I (2799) wifi:wifi driver task: 3fca77a4, prio:23, stack:6656, core=0
[2026-05-23 18:11:50.223] I (2803) wifi:wifi firmware version: 79fa3f41ba
[2026-05-23 18:11:50.223] I (2803) wifi:wifi certification version: v7.0
[2026-05-23 18:11:50.224] I (2803) wifi:config NVS flash: enabled
[2026-05-23 18:11:50.224] I (2803) wifi:config nano formatting: disabled
[2026-05-23 18:11:50.225] I (2804) wifi:Init data frame dynamic rx buffer num: 32
[2026-05-23 18:11:50.225] I (2804) wifi:Init static rx mgmt buffer num: 5
[2026-05-23 18:11:50.226] I (2805) wifi:Init management short buffer num: 32
[2026-05-23 18:11:50.226] I (2805) wifi:Init dynamic tx buffer num: 32
[2026-05-23 18:11:50.226] I (2806) wifi:Init static tx FG buffer num: 2
[2026-05-23 18:11:50.227] I (2806) wifi:Init static rx buffer size: 1600
[2026-05-23 18:11:50.227] I (2807) wifi:Init static rx buffer num: 10
[2026-05-23 18:11:50.228] I (2807) wifi:Init dynamic rx buffer num: 32
[2026-05-23 18:11:50.229] I (2809) wifi_init: rx ba win: 6
[2026-05-23 18:11:50.229] I (2809) wifi_init: accept mbox: 6
[2026-05-23 18:11:50.229] I (2809) wifi_init: tcpip mbox: 32
[2026-05-23 18:11:50.230] I (2809) wifi_init: udp mbox: 6
[2026-05-23 18:11:50.230] I (2809) wifi_init: tcp mbox: 6
[2026-05-23 18:11:50.230] I (2810) wifi_init: tcp tx win: 5760
[2026-05-23 18:11:50.230] I (2810) wifi_init: tcp rx win: 5760
[2026-05-23 18:11:50.231] I (2811) wifi_init: tcp mss: 1440
[2026-05-23 18:11:50.231] I (2811) wifi_init: WiFi IRAM OP enabled
[2026-05-23 18:11:50.232] I (2811) wifi_init: WiFi RX IRAM OP enabled
[2026-05-23 18:11:50.233] I (2812) phy_init: phy_version 1200,2b7123f9,Feb 18 2025,15:22:21
[2026-05-23 18:11:50.279] I (2858) wifi:mode : sta (54:32:04:8c:0b:8c)
[2026-05-23 18:11:50.279] I (2859) wifi:enable tsf
[2026-05-23 18:11:50.282] I (2861) ESPNOW: espnow [version: 2.0] init
[2026-05-23 18:11:50.283] WCAN_TEST_READY role=sensor
# Waiting for phased test start
# UART test start sent: WCAN_TEST_START at 2026-05-23T18:11:50.308344
[2026-05-23 18:12:20.827] P(FAIL):33210:d0:293:22268:22343:76
[2026-05-23 18:12:21.611] WCAN_BATCH id=0xd0 count=297 avg_hz=9.87 avg_points=75.77 min_points=9 max_points=76 avg_interval_ms=101.31 min_interval_ms=101.25 max_interval_ms=101.34 avg_dispatch_ms=3.76 max_dispatch_ms=10.76 dispatched_count=296 avg_queue_wait_ms=0.99 max_queue_wait_ms=170.18
[2026-05-23 18:12:21.611] WCAN_SENSOR_END generated=22504 avg_hz=750.19
[2026-05-23 18:12:21.614] WCAN_MEASURES elapsed_ms=29999 heap_start_free=126648 heap_end_free=141436 heap_start_min_free=126648 heap_end_min_free=126084 heap_start_largest=98304 heap_end_largest=98304 airtime_us_total=1110089 packets_sent_total=296 sensor_send_failures_total=0
[2026-05-23 18:12:21.614] WCAN_TEST_END role=sensor

# Monitor stopped: 2026-05-23T18:12:21.614579
