# Monitor started: 2026-05-23T16:46:16.622852
# Port: /dev/ttyACM0, Baud: 921600, Timeout: 35.000s after WCAN_TEST_START

# UART boot config: wcan v=1 role=sensor transport=BROADCAST test_duration_ms=30000 host_wait_time_ms=5000 base=0xd0 count=1 hz=10 linger=0
[2026-05-23 16:46:16.634] ESP-ROM:esp32c3-api1-20210207
[2026-05-23 16:46:16.635] Build:Feb  7 2021
[2026-05-23 16:46:16.644] rst:0x15 (USB_UART_CHIP_RESET),boot:0xd (SPI_FAST_FLASH_BOOT)
[2026-05-23 16:46:16.651] Saved PC:0x40384eba
[2026-05-23 16:46:16.660] SPIWP:0xee
[2026-05-23 16:46:16.664] mode:DIO, clock div:1
[2026-05-23 16:46:16.673] load:0x3fcd5820,len:0x1574
[2026-05-23 16:46:16.675] load:0x403cc710,len:0xc30
[2026-05-23 16:46:16.678] load:0x403ce710,len:0x2fa0
[2026-05-23 16:46:16.680] entry 0x403cc71a
[2026-05-23 16:46:16.682] I (24) boot: ESP-IDF v5.4.1 2nd stage bootloader
[2026-05-23 16:46:16.686] I (24) boot: compile time May 20 2026 00:05:32
[2026-05-23 16:46:16.688] I (25) boot: chip revision: v0.4
[2026-05-23 16:46:16.689] I (25) boot: efuse block revision: v1.3
[2026-05-23 16:46:16.695] I (25) boot.esp32c3: SPI Speed      : 80MHz
[2026-05-23 16:46:16.697] I (25) boot.esp32c3: SPI Mode       : DIO
[2026-05-23 16:46:16.700] I (26) boot.esp32c3: SPI Flash Size : 2MB
[2026-05-23 16:46:16.703] I (26) boot: Enabling RNG early entropy source...
[2026-05-23 16:46:16.705] I (27) boot: Partition Table:
[2026-05-23 16:46:16.708] I (27) boot: ## Label            Usage          Type ST Offset   Length
[2026-05-23 16:46:16.717] I (28) boot:  0 nvs              WiFi data        01 02 00009000 00006000
[2026-05-23 16:46:16.727] I (29) boot:  1 phy_init         RF data          01 01 0000f000 00001000
[2026-05-23 16:46:16.741] I (29) boot:  2 factory          factory app      00 00 00010000 00100000
[2026-05-23 16:46:16.745] I (30) boot: End of partition table
[2026-05-23 16:46:16.751] I (31) esp_image: segment 0: paddr=00010020 vaddr=3c0a0020 size=1977ch (104316) map
[2026-05-23 16:46:16.756] I (48) esp_image: segment 1: paddr=000297a4 vaddr=3fc95200 size=02da0h ( 11680) load
[2026-05-23 16:46:16.758] I (51) esp_image: segment 2: paddr=0002c54c vaddr=40380000 size=03acch ( 15052) load
[2026-05-23 16:46:16.763] I (54) esp_image: segment 3: paddr=00030020 vaddr=42000020 size=9942ch (627756) map
[2026-05-23 16:46:16.766] I (154) esp_image: segment 4: paddr=000c9454 vaddr=40383acc size=11614h ( 71188) load
[2026-05-23 16:46:16.772] I (168) esp_image: segment 5: paddr=000daa70 vaddr=50000200 size=0001ch (    28) load
[2026-05-23 16:46:16.774] I (175) boot: Loaded app from partition at offset 0x10000
[2026-05-23 16:46:16.781] I (175) boot: Disabling RNG early entropy source...
[2026-05-23 16:46:16.786] I (176) cpu_start: Unicore app
[2026-05-23 16:46:16.788] I (185) cpu_start: Pro cpu start user code
[2026-05-23 16:46:16.790] I (185) cpu_start: cpu freq: 160000000 Hz
[2026-05-23 16:46:16.792] I (185) app_init: Application information:
[2026-05-23 16:46:16.793] I (185) app_init: Project name:     sensor_acquirer
[2026-05-23 16:46:16.795] I (185) app_init: App version:      v1.0-171-gbbe0783
[2026-05-23 16:46:16.795] I (186) app_init: Compile time:     May 23 2026 14:30:31
[2026-05-23 16:46:16.796] I (186) app_init: ELF file SHA256:  493679023...
[2026-05-23 16:46:16.797] I (187) app_init: ESP-IDF:          v5.4.1
[2026-05-23 16:46:16.798] I (187) efuse_init: Min chip rev:     v0.3
[2026-05-23 16:46:16.799] I (188) efuse_init: Max chip rev:     v1.99
[2026-05-23 16:46:16.799] I (188) efuse_init: Chip rev:         v0.4
[2026-05-23 16:46:16.801] I (189) heap_init: Initializing. RAM available for dynamic allocation:
[2026-05-23 16:46:16.802] I (190) heap_init: At 3FC9C340 len 00023CC0 (143 KiB): RAM
[2026-05-23 16:46:16.803] I (190) heap_init: At 3FCC0000 len 0001C710 (113 KiB): Retention RAM
[2026-05-23 16:46:16.804] I (191) heap_init: At 3FCDC710 len 00002950 (10 KiB): Retention RAM
[2026-05-23 16:46:16.805] I (192) heap_init: At 5000021C len 00001DCC (7 KiB): RTCRAM
[2026-05-23 16:46:16.806] I (193) spi_flash: detected chip: generic
[2026-05-23 16:46:16.806] I (193) spi_flash: flash io: dio
[2026-05-23 16:46:16.809] W (194) spi_flash: Detected size(4096k) larger than the size in the binary image header(2048k). Using the size in the binary image header.
[2026-05-23 16:46:16.810] I (195) sleep_gpio: Configure to isolate all GPIO pins in sleep state
[2026-05-23 16:46:16.810] I (196) sleep_gpio: Enable automatic switching of GPIO sleep configuration
[2026-05-23 16:46:16.811] I (197) main_task: Started on CPU0
[2026-05-23 16:46:16.811] I (197) main_task: Calling app_main()
[2026-05-23 16:46:16.811] WCAN_CFG_WAIT v=1
# UART boot config sent: wcan v=1 role=sensor transport=BROADCAST test_duration_ms=30000 host_wait_time_ms=5000 base=0xd0 count=1 hz=10 linger=0
[2026-05-23 16:46:16.811] WCAN_CFG_WAIT v=1
[2026-05-23 16:46:19.191] WCAN_CFG_ACK
[2026-05-23 16:46:19.191] WCAN_CFG_ACK
[2026-05-23 16:46:19.196] I (2773) pp: pp rom version: 9387209
[2026-05-23 16:46:19.196] I (2774) net80211: net80211 rom version: 9387209
[2026-05-23 16:46:19.198] I (2775) wifi:wifi driver task: 3fca77a4, prio:23, stack:6656, core=0
[2026-05-23 16:46:19.203] I (2779) wifi:wifi firmware version: 79fa3f41ba
[2026-05-23 16:46:19.204] I (2779) wifi:wifi certification version: v7.0
[2026-05-23 16:46:19.205] I (2779) wifi:config NVS flash: enabled
[2026-05-23 16:46:19.206] I (2779) wifi:config nano formatting: disabled
[2026-05-23 16:46:19.207] I (2780) wifi:Init data frame dynamic rx buffer num: 32
[2026-05-23 16:46:19.208] I (2780) wifi:Init static rx mgmt buffer num: 5
[2026-05-23 16:46:19.210] I (2781) wifi:Init management short buffer num: 32
[2026-05-23 16:46:19.211] I (2781) wifi:Init dynamic tx buffer num: 32
[2026-05-23 16:46:19.212] I (2782) wifi:Init static tx FG buffer num: 2
[2026-05-23 16:46:19.213] I (2782) wifi:Init static rx buffer size: 1600
[2026-05-23 16:46:19.214] I (2783) wifi:Init static rx buffer num: 10
[2026-05-23 16:46:19.215] I (2783) wifi:Init dynamic rx buffer num: 32
[2026-05-23 16:46:19.216] I (2784) wifi_init: rx ba win: 6
[2026-05-23 16:46:19.217] I (2785) wifi_init: accept mbox: 6
[2026-05-23 16:46:19.218] I (2785) wifi_init: tcpip mbox: 32
[2026-05-23 16:46:19.219] I (2785) wifi_init: udp mbox: 6
[2026-05-23 16:46:19.219] I (2785) wifi_init: tcp mbox: 6
[2026-05-23 16:46:19.220] I (2786) wifi_init: tcp tx win: 5760
[2026-05-23 16:46:19.220] I (2786) wifi_init: tcp rx win: 5760
[2026-05-23 16:46:19.220] I (2787) wifi_init: tcp mss: 1440
[2026-05-23 16:46:19.221] I (2787) wifi_init: WiFi IRAM OP enabled
[2026-05-23 16:46:19.221] I (2787) wifi_init: WiFi RX IRAM OP enabled
[2026-05-23 16:46:19.222] I (2788) phy_init: phy_version 1200,2b7123f9,Feb 18 2025,15:22:21
[2026-05-23 16:46:19.248] I (2824) wifi:mode : sta (54:32:04:8c:0b:8c)
[2026-05-23 16:46:19.248] I (2825) wifi:enable tsf
[2026-05-23 16:46:19.251] I (2828) ESPNOW: espnow [version: 2.0] init
[2026-05-23 16:46:19.252] WCAN_TEST_READY role=sensor
# Waiting for phased test start
# UART test start sent: WCAN_TEST_START at 2026-05-23T16:46:19.263659
[2026-05-23 16:46:20.063] P(FAIL):3443:d0:0:0:0:1
[2026-05-23 16:46:20.371] P(FAIL):3751:d0:4:4:4:1
[2026-05-23 16:46:23.142] P(FAIL):6522:d0:31:31:31:1
[2026-05-23 16:46:23.695] P(FAIL):7075:d0:36:36:36:1
[2026-05-23 16:46:26.386] P(FAIL):9766:d0:64:64:64:1
[2026-05-23 16:46:27.319] P(FAIL):10699:d0:73:73:73:1
[2026-05-23 16:46:28.799] P(FAIL):12179:d0:88:88:88:1
[2026-05-23 16:46:33.715] P(FAIL):17095:d0:137:137:137:1
[2026-05-23 16:46:35.687] P(FAIL):19067:d0:157:157:157:1
[2026-05-23 16:46:40.172] P(FAIL):23552:d0:201:201:201:1
[2026-05-23 16:46:43.376] P(FAIL):26756:d0:234:234:234:1
[2026-05-23 16:46:44.367] P(FAIL):27747:d0:244:244:244:1
[2026-05-23 16:46:44.676] P(FAIL):28056:d0:247:247:247:1
[2026-05-23 16:46:48.546] P(FAIL):31926:d0:286:286:286:1
[2026-05-23 16:46:49.498] P(FAIL):32878:d0:295:295:295:1
[2026-05-23 16:46:50.196] P(FAIL):33576:d0:296:296:296:1
[2026-05-23 16:46:50.579] WCAN_BATCH id=0xd0 count=299 avg_hz=10.00 avg_points=1.00 min_points=1 max_points=1 avg_interval_ms=100.00 min_interval_ms=99.97 max_interval_ms=100.04 avg_dispatch_ms=1.57 max_dispatch_ms=9.78 dispatched_count=356 avg_queue_wait_ms=42.01 max_queue_wait_ms=322.23
[2026-05-23 16:46:50.579] WCAN_SENSOR_END generated=298 avg_hz=9.97
[2026-05-23 16:46:50.581] WCAN_MEASURES elapsed_ms=29999 heap_start_free=126648 heap_end_free=141280 heap_start_min_free=126648 heap_end_min_free=126356 heap_start_largest=98304 heap_end_largest=98304 airtime_us_total=554096 packets_sent_total=356 sensor_send_failures_total=0
[2026-05-23 16:46:50.581] WCAN_TEST_END role=sensor

# Monitor stopped: 2026-05-23T16:46:50.581696
