# Monitor started: 2026-05-23T16:46:16.622035
# Port: /dev/ttyACM1, Baud: 921600, Timeout: 35.000s after WCAN_TEST_START

# UART boot config: wcan v=1 role=sensor transport=BROADCAST test_duration_ms=30000 host_wait_time_ms=5000 base=0xe0 count=1 hz=10 linger=0
[2026-05-23 16:46:16.637] ESP-ROM:esp32c3-api1-20210207
[2026-05-23 16:46:16.637] Build:Feb  7 2021
[2026-05-23 16:46:16.647] rst:0x15 (USB_UART_CHIP_RESET),boot:0xd (SPI_FAST_FLASH_BOOT)
[2026-05-23 16:46:16.648] Saved PC:0x40384eba
[2026-05-23 16:46:16.660] SPIWP:0xee
[2026-05-23 16:46:16.664] mode:DIO, clock div:1
[2026-05-23 16:46:16.672] load:0x3fcd5820,len:0x1574
[2026-05-23 16:46:16.674] load:0x403cc710,len:0xc30
[2026-05-23 16:46:16.676] load:0x403ce710,len:0x2fa0
[2026-05-23 16:46:16.678] entry 0x403cc71a
[2026-05-23 16:46:16.679] I (24) boot: ESP-IDF v5.4.1 2nd stage bootloader
[2026-05-23 16:46:16.682] I (24) boot: compile time May 20 2026 00:05:32
[2026-05-23 16:46:16.684] I (25) boot: chip revision: v0.4
[2026-05-23 16:46:16.685] I (25) boot: efuse block revision: v1.3
[2026-05-23 16:46:16.691] I (25) boot.esp32c3: SPI Speed      : 80MHz
[2026-05-23 16:46:16.696] I (25) boot.esp32c3: SPI Mode       : DIO
[2026-05-23 16:46:16.698] I (26) boot.esp32c3: SPI Flash Size : 2MB
[2026-05-23 16:46:16.703] I (26) boot: Enabling RNG early entropy source...
[2026-05-23 16:46:16.707] I (27) boot: Partition Table:
[2026-05-23 16:46:16.712] I (27) boot: ## Label            Usage          Type ST Offset   Length
[2026-05-23 16:46:16.715] I (28) boot:  0 nvs              WiFi data        01 02 00009000 00006000
[2026-05-23 16:46:16.723] I (29) boot:  1 phy_init         RF data          01 01 0000f000 00001000
[2026-05-23 16:46:16.726] I (29) boot:  2 factory          factory app      00 00 00010000 00100000
[2026-05-23 16:46:16.726] I (30) boot: End of partition table
[2026-05-23 16:46:16.729] I (31) esp_image: segment 0: paddr=00010020 vaddr=3c0a0020 size=1977ch (104316) map
[2026-05-23 16:46:16.732] I (48) esp_image: segment 1: paddr=000297a4 vaddr=3fc95200 size=02da0h ( 11680) load
[2026-05-23 16:46:16.739] I (51) esp_image: segment 2: paddr=0002c54c vaddr=40380000 size=03acch ( 15052) load
[2026-05-23 16:46:16.743] I (54) esp_image: segment 3: paddr=00030020 vaddr=42000020 size=9942ch (627756) map
[2026-05-23 16:46:16.745] I (154) esp_image: segment 4: paddr=000c9454 vaddr=40383acc size=11614h ( 71188) load
[2026-05-23 16:46:16.750] I (168) esp_image: segment 5: paddr=000daa70 vaddr=50000200 size=0001ch (    28) load
[2026-05-23 16:46:16.752] I (175) boot: Loaded app from partition at offset 0x10000
[2026-05-23 16:46:16.754] I (175) boot: Disabling RNG early entropy source...
[2026-05-23 16:46:16.756] I (176) cpu_start: Unicore app
[2026-05-23 16:46:16.759] I (185) cpu_start: Pro cpu start user code
[2026-05-23 16:46:16.771] I (185) cpu_start: cpu freq: 160000000 Hz
[2026-05-23 16:46:16.777] I (185) app_init: Application information:
[2026-05-23 16:46:16.780] I (185) app_init: Project name:     sensor_acquirer
[2026-05-23 16:46:16.781] I (185) app_init: App version:      v1.0-171-gbbe0783
[2026-05-23 16:46:16.787] I (186) app_init: Compile time:     May 23 2026 14:30:31
[2026-05-23 16:46:16.789] I (187) app_init: ELF file SHA256:  493679023...
[2026-05-23 16:46:16.790] I (187) app_init: ESP-IDF:          v5.4.1
[2026-05-23 16:46:16.792] I (188) efuse_init: Min chip rev:     v0.3
[2026-05-23 16:46:16.793] I (188) efuse_init: Max chip rev:     v1.99
[2026-05-23 16:46:16.795] I (189) efuse_init: Chip rev:         v0.4
[2026-05-23 16:46:16.796] I (189) heap_init: Initializing. RAM available for dynamic allocation:
[2026-05-23 16:46:16.797] I (190) heap_init: At 3FC9C340 len 00023CC0 (143 KiB): RAM
[2026-05-23 16:46:16.798] I (190) heap_init: At 3FCC0000 len 0001C710 (113 KiB): Retention RAM
[2026-05-23 16:46:16.800] I (191) heap_init: At 3FCDC710 len 00002950 (10 KiB): Retention RAM
[2026-05-23 16:46:16.800] I (192) heap_init: At 5000021C len 00001DCC (7 KiB): RTCRAM
[2026-05-23 16:46:16.801] I (194) spi_flash: detected chip: generic
[2026-05-23 16:46:16.802] I (194) spi_flash: flash io: dio
[2026-05-23 16:46:16.804] W (194) spi_flash: Detected size(4096k) larger than the size in the binary image header(2048k). Using the size in the binary image header.
[2026-05-23 16:46:16.806] I (196) sleep_gpio: Configure to isolate all GPIO pins in sleep state
[2026-05-23 16:46:16.807] I (196) sleep_gpio: Enable automatic switching of GPIO sleep configuration
[2026-05-23 16:46:16.808] I (197) main_task: Started on CPU0
[2026-05-23 16:46:16.808] I (197) main_task: Calling app_main()
[2026-05-23 16:46:16.809] WCAN_CFG_WAIT v=1
# UART boot config sent: wcan v=1 role=sensor transport=BROADCAST test_duration_ms=30000 host_wait_time_ms=5000 base=0xe0 count=1 hz=10 linger=0
[2026-05-23 16:46:16.810] WCAN_CFG_WAIT v=1
[2026-05-23 16:46:19.189] WCAN_CFG_ACK
[2026-05-23 16:46:19.189] WCAN_CFG_ACK
[2026-05-23 16:46:19.193] I (2771) pp: pp rom version: 9387209
[2026-05-23 16:46:19.194] I (2772) net80211: net80211 rom version: 9387209
[2026-05-23 16:46:19.195] I (2773) wifi:wifi driver task: 3fca7720, prio:23, stack:6656, core=0
[2026-05-23 16:46:19.199] I (2777) wifi:wifi firmware version: 79fa3f41ba
[2026-05-23 16:46:19.200] I (2777) wifi:wifi certification version: v7.0
[2026-05-23 16:46:19.200] I (2777) wifi:config NVS flash: enabled
[2026-05-23 16:46:19.200] I (2777) wifi:config nano formatting: disabled
[2026-05-23 16:46:19.201] I (2778) wifi:Init data frame dynamic rx buffer num: 32
[2026-05-23 16:46:19.201] I (2778) wifi:Init static rx mgmt buffer num: 5
[2026-05-23 16:46:19.203] I (2779) wifi:Init management short buffer num: 32
[2026-05-23 16:46:19.204] I (2779) wifi:Init dynamic tx buffer num: 32
[2026-05-23 16:46:19.205] I (2780) wifi:Init static tx FG buffer num: 2
[2026-05-23 16:46:19.206] I (2780) wifi:Init static rx buffer size: 1600
[2026-05-23 16:46:19.208] I (2781) wifi:Init static rx buffer num: 10
[2026-05-23 16:46:19.209] I (2781) wifi:Init dynamic rx buffer num: 32
[2026-05-23 16:46:19.209] I (2782) wifi_init: rx ba win: 6
[2026-05-23 16:46:19.210] I (2783) wifi_init: accept mbox: 6
[2026-05-23 16:46:19.211] I (2783) wifi_init: tcpip mbox: 32
[2026-05-23 16:46:19.212] I (2783) wifi_init: udp mbox: 6
[2026-05-23 16:46:19.213] I (2783) wifi_init: tcp mbox: 6
[2026-05-23 16:46:19.214] I (2784) wifi_init: tcp tx win: 5760
[2026-05-23 16:46:19.215] I (2784) wifi_init: tcp rx win: 5760
[2026-05-23 16:46:19.216] I (2785) wifi_init: tcp mss: 1440
[2026-05-23 16:46:19.217] I (2785) wifi_init: WiFi IRAM OP enabled
[2026-05-23 16:46:19.218] I (2785) wifi_init: WiFi RX IRAM OP enabled
[2026-05-23 16:46:19.220] I (2786) phy_init: phy_version 1200,2b7123f9,Feb 18 2025,15:22:21
[2026-05-23 16:46:19.246] I (2823) wifi:mode : sta (74:4d:bd:e1:d5:b8)
[2026-05-23 16:46:19.246] I (2823) wifi:enable tsf
[2026-05-23 16:46:19.249] I (2826) ESPNOW: espnow [version: 2.0] init
[2026-05-23 16:46:19.250] WCAN_TEST_READY role=sensor
# Waiting for phased test start
# UART test start sent: WCAN_TEST_START at 2026-05-23T16:46:19.263747
[2026-05-23 16:46:20.383] P(FAIL):3763:e0:4:4:4:1
[2026-05-23 16:46:31.615] P(FAIL):14996:e0:116:116:116:1
[2026-05-23 16:46:44.750] P(FAIL):28131:e0:247:247:247:1
[2026-05-23 16:46:49.607] P(FAIL):32988:e0:296:296:296:1
[2026-05-23 16:46:50.408] P(FAIL):33788:e0:297:297:297:1
[2026-05-23 16:46:50.573] WCAN_BATCH id=0xe0 count=299 avg_hz=10.00 avg_points=1.00 min_points=1 max_points=1 avg_interval_ms=100.00 min_interval_ms=99.98 max_interval_ms=100.03 avg_dispatch_ms=1.17 max_dispatch_ms=5.87 dispatched_count=309 avg_queue_wait_ms=10.86 max_queue_wait_ms=294.77
[2026-05-23 16:46:50.574] WCAN_SENSOR_END generated=298 avg_hz=9.97
[2026-05-23 16:46:50.579] WCAN_MEASURES elapsed_ms=29999 heap_start_free=126780 heap_end_free=141568 heap_start_min_free=126780 heap_end_min_free=126488 heap_start_largest=98304 heap_end_largest=98304 airtime_us_total=357016 packets_sent_total=309 sensor_send_failures_total=0
[2026-05-23 16:46:50.580] WCAN_TEST_END role=sensor

# Monitor stopped: 2026-05-23T16:46:50.580239
