# Monitor started: 2026-05-23T16:13:18.947100
# Port: /dev/ttyACM1, Baud: 921600, Timeout: 35.000s after WCAN_TEST_START

# UART boot config: wcan v=1 role=sensor transport=BROADCAST test_duration_ms=30000 host_wait_time_ms=5000 base=0xe0 count=3 hz=750 linger=100
[2026-05-23 16:13:18.949] ESP-ROM:esp32c3-api1-20210207
[2026-05-23 16:13:18.958] Build:Feb  7 2021
[2026-05-23 16:13:18.987] rst:0x15 (USB_UART_CHIP_RESET),boot:0xd (SPI_FAST_FLASH_BOOT)
[2026-05-23 16:13:19.000] Saved PC:0x40384eba
[2026-05-23 16:13:19.003] SPIWP:0xee
[2026-05-23 16:13:19.013] mode:DIO, clock div:1
[2026-05-23 16:13:19.016] load:0x3fcd5820,len:0x1574
[2026-05-23 16:13:19.018] load:0x403cc710,len:0xc30
[2026-05-23 16:13:19.020] load:0x403ce710,len:0x2fa0
[2026-05-23 16:13:19.020] entry 0x403cc71a
[2026-05-23 16:13:19.022] I (24) boot: ESP-IDF v5.4.1 2nd stage bootloader
[2026-05-23 16:13:19.023] I (24) boot: compile time May 20 2026 00:05:32
[2026-05-23 16:13:19.025] I (25) boot: chip revision: v0.4
[2026-05-23 16:13:19.027] I (25) boot: efuse block revision: v1.3
[2026-05-23 16:13:19.029] I (25) boot.esp32c3: SPI Speed      : 80MHz
[2026-05-23 16:13:19.033] I (25) boot.esp32c3: SPI Mode       : DIO
[2026-05-23 16:13:19.035] I (26) boot.esp32c3: SPI Flash Size : 2MB
[2026-05-23 16:13:19.037] I (26) boot: Enabling RNG early entropy source...
[2026-05-23 16:13:19.038] I (27) boot: Partition Table:
[2026-05-23 16:13:19.039] I (27) boot: ## Label            Usage          Type ST Offset   Length
[2026-05-23 16:13:19.040] I (28) boot:  0 nvs              WiFi data        01 02 00009000 00006000
[2026-05-23 16:13:19.045] I (29) boot:  1 phy_init         RF data          01 01 0000f000 00001000
[2026-05-23 16:13:19.053] I (29) boot:  2 factory          factory app      00 00 00010000 00100000
[2026-05-23 16:13:19.059] I (30) boot: End of partition table
[2026-05-23 16:13:19.066] I (31) esp_image: segment 0: paddr=00010020 vaddr=3c0a0020 size=1977ch (104316) map
[2026-05-23 16:13:19.070] I (48) esp_image: segment 1: paddr=000297a4 vaddr=3fc95200 size=02da0h ( 11680) load
[2026-05-23 16:13:19.076] I (51) esp_image: segment 2: paddr=0002c54c vaddr=40380000 size=03acch ( 15052) load
[2026-05-23 16:13:19.078] I (54) esp_image: segment 3: paddr=00030020 vaddr=42000020 size=9942ch (627756) map
[2026-05-23 16:13:19.081] I (154) esp_image: segment 4: paddr=000c9454 vaddr=40383acc size=11614h ( 71188) load
[2026-05-23 16:13:19.082] I (168) esp_image: segment 5: paddr=000daa70 vaddr=50000200 size=0001ch (    28) load
[2026-05-23 16:13:19.084] I (175) boot: Loaded app from partition at offset 0x10000
[2026-05-23 16:13:19.087] I (175) boot: Disabling RNG early entropy source...
[2026-05-23 16:13:19.088] I (176) cpu_start: Unicore app
[2026-05-23 16:13:19.090] I (185) cpu_start: Pro cpu start user code
[2026-05-23 16:13:19.091] I (185) cpu_start: cpu freq: 160000000 Hz
[2026-05-23 16:13:19.092] I (185) app_init: Application information:
[2026-05-23 16:13:19.096] I (185) app_init: Project name:     sensor_acquirer
[2026-05-23 16:13:19.097] I (185) app_init: App version:      v1.0-171-gbbe0783
[2026-05-23 16:13:19.099] I (186) app_init: Compile time:     May 23 2026 14:30:31
[2026-05-23 16:13:19.100] I (187) app_init: ELF file SHA256:  493679023...
[2026-05-23 16:13:19.101] I (187) app_init: ESP-IDF:          v5.4.1
[2026-05-23 16:13:19.103] I (188) efuse_init: Min chip rev:     v0.3
[2026-05-23 16:13:19.104] I (188) efuse_init: Max chip rev:     v1.99
[2026-05-23 16:13:19.105] I (189) efuse_init: Chip rev:         v0.4
[2026-05-23 16:13:19.109] I (189) heap_init: Initializing. RAM available for dynamic allocation:
[2026-05-23 16:13:19.119] I (190) heap_init: At 3FC9C340 len 00023CC0 (143 KiB): RAM
[2026-05-23 16:13:19.131] I (191) heap_init: At 3FCC0000 len 0001C710 (113 KiB): Retention RAM
[2026-05-23 16:13:19.142] I (191) heap_init: At 3FCDC710 len 00002950 (10 KiB): Retention RAM
[2026-05-23 16:13:19.147] I (192) heap_init: At 5000021C len 00001DCC (7 KiB): RTCRAM
[2026-05-23 16:13:19.148] I (194) spi_flash: detected chip: generic
[2026-05-23 16:13:19.149] I (194) spi_flash: flash io: dio
[2026-05-23 16:13:19.151] W (194) spi_flash: Detected size(4096k) larger than the size in the binary image header(2048k). Using the size in the binary image header.
[2026-05-23 16:13:19.154] I (196) sleep_gpio: Configure to isolate all GPIO pins in sleep state
[2026-05-23 16:13:19.156] I (196) sleep_gpio: Enable automatic switching of GPIO sleep configuration
[2026-05-23 16:13:19.156] I (197) main_task: Started on CPU0
[2026-05-23 16:13:19.157] I (197) main_task: Calling app_main()
[2026-05-23 16:13:19.157] WCAN_CFG_WAIT v=1
# UART boot config sent: wcan v=1 role=sensor transport=BROADCAST test_duration_ms=30000 host_wait_time_ms=5000 base=0xe0 count=3 hz=750 linger=100
[2026-05-23 16:13:19.157] WCAN_CFG_WAIT v=1
[2026-05-23 16:13:21.605] WCAN_CFG_ACK
[2026-05-23 16:13:21.606] WCAN_CFG_ACK
[2026-05-23 16:13:21.610] I (2862) pp: pp rom version: 9387209
[2026-05-23 16:13:21.612] I (2863) net80211: net80211 rom version: 9387209
[2026-05-23 16:13:21.614] I (2864) wifi:wifi driver task: 3fca7720, prio:23, stack:6656, core=0
[2026-05-23 16:13:21.617] I (2868) wifi:wifi firmware version: 79fa3f41ba
[2026-05-23 16:13:21.618] I (2868) wifi:wifi certification version: v7.0
[2026-05-23 16:13:21.619] I (2868) wifi:config NVS flash: enabled
[2026-05-23 16:13:21.620] I (2868) wifi:config nano formatting: disabled
[2026-05-23 16:13:21.622] I (2869) wifi:Init data frame dynamic rx buffer num: 32
[2026-05-23 16:13:21.623] I (2869) wifi:Init static rx mgmt buffer num: 5
[2026-05-23 16:13:21.624] I (2870) wifi:Init management short buffer num: 32
[2026-05-23 16:13:21.625] I (2870) wifi:Init dynamic tx buffer num: 32
[2026-05-23 16:13:21.626] I (2871) wifi:Init static tx FG buffer num: 2
[2026-05-23 16:13:21.628] I (2871) wifi:Init static rx buffer size: 1600
[2026-05-23 16:13:21.629] I (2872) wifi:Init static rx buffer num: 10
[2026-05-23 16:13:21.631] I (2872) wifi:Init dynamic rx buffer num: 32
[2026-05-23 16:13:21.632] I (2873) wifi_init: rx ba win: 6
[2026-05-23 16:13:21.633] I (2874) wifi_init: accept mbox: 6
[2026-05-23 16:13:21.634] I (2874) wifi_init: tcpip mbox: 32
[2026-05-23 16:13:21.635] I (2874) wifi_init: udp mbox: 6
[2026-05-23 16:13:21.636] I (2874) wifi_init: tcp mbox: 6
[2026-05-23 16:13:21.637] I (2875) wifi_init: tcp tx win: 5760
[2026-05-23 16:13:21.638] I (2875) wifi_init: tcp rx win: 5760
[2026-05-23 16:13:21.639] I (2876) wifi_init: tcp mss: 1440
[2026-05-23 16:13:21.641] I (2876) wifi_init: WiFi IRAM OP enabled
[2026-05-23 16:13:21.642] I (2876) wifi_init: WiFi RX IRAM OP enabled
[2026-05-23 16:13:21.644] I (2877) phy_init: phy_version 1200,2b7123f9,Feb 18 2025,15:22:21
[2026-05-23 16:13:21.661] I (2911) wifi:mode : sta (74:4d:bd:e1:d5:b8)
[2026-05-23 16:13:21.663] I (2912) wifi:enable tsf
[2026-05-23 16:13:21.665] I (2915) ESPNOW: espnow [version: 2.0] init
[2026-05-23 16:13:21.666] WCAN_TEST_READY role=sensor
# Waiting for phased test start
# UART test start sent: WCAN_TEST_START at 2026-05-23T16:13:21.678048
[2026-05-23 16:13:22.489] P(FAIL):3545:e1:1:0:75:76
[2026-05-23 16:13:22.494] P(FAIL):3549:e2:2:0:75:76
[2026-05-23 16:13:22.812] P(FAIL):3867:e0:12:304:379:76
[2026-05-23 16:13:22.819] P(FAIL):3874:e2:5:76:151:76
[2026-05-23 16:13:22.826] P(FAIL):3881:e1:7:152:227:76
[2026-05-23 16:13:23.130] P(FAIL):4185:e2:8:152:227:76
[2026-05-23 16:13:23.188] P(FAIL):4243:e1:10:228:303:76
[2026-05-23 16:13:23.199] P(FAIL):4254:e0:21:532:607:76
[2026-05-23 16:13:23.556] P(FAIL):4611:e1:19:456:531:76
[2026-05-23 16:13:23.562] P(FAIL):4617:e0:27:684:759:76
[2026-05-23 16:13:23.592] P(FAIL):4647:e2:35:836:911:76
[2026-05-23 16:13:23.926] P(FAIL):4981:e0:30:760:835:76
[2026-05-23 16:13:23.972] P(FAIL):5027:e1:28:684:759:76
[2026-05-23 16:13:24.374] P(FAIL):5429:e2:58:1444:1519:76
[2026-05-23 16:13:24.381] P(FAIL):5436:e1:52:1292:1367:76
[2026-05-23 16:13:24.743] P(FAIL):5798:e2:67:1672:1747:76
[2026-05-23 16:13:24.757] P(FAIL):5812:e1:55:1368:1443:76
[2026-05-23 16:13:24.986] S(FAIL):6040:e1:0:1444:1489:46
[2026-05-23 16:13:25.090] P(FAIL):6146:e1:59:1490:1565:76
[2026-05-23 16:13:25.181] P(FAIL):6237:e2:79:1976:2051:76
[2026-05-23 16:13:25.515] P(FAIL):6570:e0:89:2280:2355:76
[2026-05-23 16:13:25.549] P(FAIL):6604:e1:80:2022:2097:76
[2026-05-23 16:13:25.942] P(FAIL):6997:e2:102:2584:2659:76
[2026-05-23 16:13:25.968] P(FAIL):7023:e0:101:2584:2659:76
[2026-05-23 16:13:26.424] P(FAIL):7480:e2:117:2964:3039:76
[2026-05-23 16:13:26.838] P(FAIL):7893:e2:129:3268:3343:76
[2026-05-23 16:13:27.220] P(FAIL):8275:e0:140:3572:3647:76
[2026-05-23 16:13:27.266] P(FAIL):8321:e2:138:3496:3571:76
[2026-05-23 16:13:27.554] P(FAIL):8609:e0:143:3648:3723:76
[2026-05-23 16:13:27.898] P(FAIL):8953:e2:162:4104:4179:76
[2026-05-23 16:13:27.922] P(FAIL):8977:e0:149:3800:3875:76
[2026-05-23 16:13:28.267] P(FAIL):9322:e0:155:3952:4027:76
[2026-05-23 16:13:28.639] P(FAIL):9694:e0:158:4028:4103:76
[2026-05-23 16:13:28.741] S(FAIL):9795:e0:0:4788:4990:203
[2026-05-23 16:13:28.977] P(FAIL):10032:e0:161:4104:4179:76
[2026-05-23 16:13:29.079] S(FAIL):10134:e0:0:5067:5244:178
[2026-05-23 16:13:29.330] P(FAIL):10385:e0:164:4180:4255:76
[2026-05-23 16:13:29.707] P(FAIL):10762:e0:176:4484:4559:76
[2026-05-23 16:13:30.208] P(FAIL):11263:e1:219:5750:5825:76
[2026-05-23 16:13:52.030] P(FAIL):33085:e2:868:22192:22267:76
[2026-05-23 16:13:52.199] P(FAIL):33254:e1:870:22242:22317:76
[2026-05-23 16:13:52.203] P(FAIL):33258:e0:869:22230:22305:76
[2026-05-23 16:13:52.830] P(FAIL):33885:e2:871:22268:22343:76
[2026-05-23 16:13:52.988] WCAN_BATCH id=0xe0 count=289 avg_hz=9.62 avg_points=75.90 min_points=47 max_points=76 avg_interval_ms=103.95 min_interval_ms=101.25 max_interval_ms=371.89 avg_dispatch_ms=3.60 max_dispatch_ms=6.82 dispatched_count=330 avg_queue_wait_ms=155.42 max_queue_wait_ms=1570.66
[2026-05-23 16:13:52.991] WCAN_BATCH id=0xe1 count=295 avg_hz=9.82 avg_points=75.86 min_points=35 max_points=76 avg_interval_ms=101.88 min_interval_ms=101.20 max_interval_ms=208.00 avg_dispatch_ms=3.57 max_dispatch_ms=8.90 dispatched_count=324 avg_queue_wait_ms=104.38 max_queue_wait_ms=919.19
[2026-05-23 16:13:52.994] WCAN_BATCH id=0xe2 count=297 avg_hz=9.87 avg_points=75.77 min_points=9 max_points=76 avg_interval_ms=101.31 min_interval_ms=101.22 max_interval_ms=101.36 avg_dispatch_ms=3.61 max_dispatch_ms=10.16 dispatched_count=332 avg_queue_wait_ms=62.64 max_queue_wait_ms=776.76
[2026-05-23 16:13:52.994] WCAN_SENSOR_END generated=22504 avg_hz=750.19
[2026-05-23 16:13:52.995] S(FAIL):34048:e0:0:5321:5509:189
[2026-05-23 16:13:52.995] S(FAIL):34049:e1:0:2250:2329:80
[2026-05-23 16:13:52.998] WCAN_MEASURES elapsed_ms=29999 heap_start_free=88072 heap_end_free=109780 heap_start_min_free=88072 heap_end_min_free=87420 heap_start_largest=65536 heap_end_largest=77824 airtime_us_total=3534474 packets_sent_total=986 sensor_send_failures_total=696
[2026-05-23 16:13:52.998] WCAN_TEST_END role=sensor

# Monitor stopped: 2026-05-23T16:13:52.998621
