# Monitor started: 2026-05-23T21:46:23.776226
# Port: /dev/ttyACM0, Baud: 921600, Timeout: 35.000s after WCAN_TEST_START

# UART boot config: wcan v=1 role=sensor transport=MULTICAST test_duration_ms=30000 host_wait_time_ms=5000 base=0xd0 count=1 hz=10 linger=100
[2026-05-23 21:46:23.777] ESP-ROM:esp32c3-api1-20210207
[2026-05-23 21:46:23.777] Build:Feb  7 2021
[2026-05-23 21:46:23.779] rst:0x15 (USB_UART_CHIP_RESET),boot:0xd (SPI_FAST_FLASH_BOOT)
[2026-05-23 21:46:23.781] Saved PC:0x40384eba
[2026-05-23 21:46:23.781] SPIWP:0xee
[2026-05-23 21:46:23.781] mode:DIO, clock div:1
[2026-05-23 21:46:23.782] load:0x3fcd5820,len:0x1574
[2026-05-23 21:46:23.783] load:0x403cc710,len:0xc30
[2026-05-23 21:46:23.784] load:0x403ce710,len:0x2fa0
[2026-05-23 21:46:23.785] entry 0x403cc71a
[2026-05-23 21:46:23.786] I (24) boot: ESP-IDF v5.4.1 2nd stage bootloader
[2026-05-23 21:46:23.787] I (24) boot: compile time May 19 2026 23:41:33
[2026-05-23 21:46:23.788] I (25) boot: chip revision: v0.4
[2026-05-23 21:46:23.789] I (25) boot: efuse block revision: v1.3
[2026-05-23 21:46:23.790] I (25) boot.esp32c3: SPI Speed      : 80MHz
[2026-05-23 21:46:23.791] I (25) boot.esp32c3: SPI Mode       : DIO
[2026-05-23 21:46:23.793] I (26) boot.esp32c3: SPI Flash Size : 2MB
[2026-05-23 21:46:23.793] I (26) boot: Enabling RNG early entropy source...
[2026-05-23 21:46:23.794] I (27) boot: Partition Table:
[2026-05-23 21:46:23.797] I (27) boot: ## Label            Usage          Type ST Offset   Length
[2026-05-23 21:46:23.798] I (28) boot:  0 nvs              WiFi data        01 02 00009000 00006000
[2026-05-23 21:46:23.801] I (29) boot:  1 phy_init         RF data          01 01 0000f000 00001000
[2026-05-23 21:46:23.802] I (29) boot:  2 factory          factory app      00 00 00010000 00100000
[2026-05-23 21:46:23.804] I (30) boot: End of partition table
[2026-05-23 21:46:23.806] I (31) esp_image: segment 0: paddr=00010020 vaddr=3c0a0020 size=19850h (104528) map
[2026-05-23 21:46:23.808] I (48) esp_image: segment 1: paddr=00029878 vaddr=3fc95000 size=02da0h ( 11680) load
[2026-05-23 21:46:23.812] I (51) esp_image: segment 2: paddr=0002c620 vaddr=40380000 size=039f8h ( 14840) load
[2026-05-23 21:46:23.814] I (54) esp_image: segment 3: paddr=00030020 vaddr=42000020 size=990b4h (626868) map
[2026-05-23 21:46:23.816] I (154) esp_image: segment 4: paddr=000c90dc vaddr=403839f8 size=114f8h ( 70904) load
[2026-05-23 21:46:23.818] I (168) esp_image: segment 5: paddr=000da5dc vaddr=50000200 size=0001ch (    28) load
[2026-05-23 21:46:23.822] I (174) boot: Loaded app from partition at offset 0x10000
[2026-05-23 21:46:23.845] I (175) boot: Disabling RNG early entropy source...
[2026-05-23 21:46:23.852] I (176) cpu_start: Unicore app
[2026-05-23 21:46:23.862] I (184) cpu_start: Pro cpu start user code
[2026-05-23 21:46:23.866] I (185) cpu_start: cpu freq: 160000000 Hz
[2026-05-23 21:46:23.870] I (185) app_init: Application information:
[2026-05-23 21:46:23.872] I (185) app_init: Project name:     sensor_acquirer
[2026-05-23 21:46:23.874] I (185) app_init: App version:      v1.0-171-gbbe0783
[2026-05-23 21:46:23.886] I (186) app_init: Compile time:     May 23 2026 14:30:40
[2026-05-23 21:46:23.887] I (186) app_init: ELF file SHA256:  0e7d705e7...
[2026-05-23 21:46:23.896] I (187) app_init: ESP-IDF:          v5.4.1
[2026-05-23 21:46:23.898] I (187) efuse_init: Min chip rev:     v0.3
[2026-05-23 21:46:23.900] I (188) efuse_init: Max chip rev:     v1.99
[2026-05-23 21:46:23.909] I (188) efuse_init: Chip rev:         v0.4
[2026-05-23 21:46:23.911] I (189) heap_init: Initializing. RAM available for dynamic allocation:
[2026-05-23 21:46:23.912] I (190) heap_init: At 3FC9C130 len 00023ED0 (143 KiB): RAM
[2026-05-23 21:46:23.913] I (190) heap_init: At 3FCC0000 len 0001C710 (113 KiB): Retention RAM
[2026-05-23 21:46:23.914] I (191) heap_init: At 3FCDC710 len 00002950 (10 KiB): Retention RAM
[2026-05-23 21:46:23.915] I (192) heap_init: At 5000021C len 00001DCC (7 KiB): RTCRAM
[2026-05-23 21:46:23.916] I (193) spi_flash: detected chip: generic
[2026-05-23 21:46:23.917] I (193) spi_flash: flash io: dio
[2026-05-23 21:46:23.919] W (193) spi_flash: Detected size(4096k) larger than the size in the binary image header(2048k). Using the size in the binary image header.
[2026-05-23 21:46:23.920] I (195) sleep_gpio: Configure to isolate all GPIO pins in sleep state
[2026-05-23 21:46:23.921] I (196) sleep_gpio: Enable automatic switching of GPIO sleep configuration
[2026-05-23 21:46:23.922] I (197) main_task: Started on CPU0
[2026-05-23 21:46:23.922] I (197) main_task: Calling app_main()
[2026-05-23 21:46:23.923] WCAN_CFG_WAIT v=1
# UART boot config sent: wcan v=1 role=sensor transport=MULTICAST test_duration_ms=30000 host_wait_time_ms=5000 base=0xd0 count=1 hz=10 linger=100
[2026-05-23 21:46:23.925] WCAN_CFG_WAIT v=1
[2026-05-23 21:46:26.343] WCAN_CFG_ACK
[2026-05-23 21:46:26.343] WCAN_CFG_ACK
[2026-05-23 21:46:26.348] I (2771) pp: pp rom version: 9387209
[2026-05-23 21:46:26.348] I (2772) net80211: net80211 rom version: 9387209
[2026-05-23 21:46:26.350] I (2773) wifi:wifi driver task: 3fca7594, prio:23, stack:6656, core=0
[2026-05-23 21:46:26.353] I (2777) wifi:wifi firmware version: 79fa3f41ba
[2026-05-23 21:46:26.354] I (2777) wifi:wifi certification version: v7.0
[2026-05-23 21:46:26.354] I (2777) wifi:config NVS flash: enabled
[2026-05-23 21:46:26.354] I (2777) wifi:config nano formatting: disabled
[2026-05-23 21:46:26.355] I (2778) wifi:Init data frame dynamic rx buffer num: 32
[2026-05-23 21:46:26.356] I (2778) wifi:Init static rx mgmt buffer num: 5
[2026-05-23 21:46:26.357] I (2779) wifi:Init management short buffer num: 32
[2026-05-23 21:46:26.358] I (2779) wifi:Init dynamic tx buffer num: 32
[2026-05-23 21:46:26.359] I (2780) wifi:Init static tx FG buffer num: 2
[2026-05-23 21:46:26.360] I (2780) wifi:Init static rx buffer size: 1600
[2026-05-23 21:46:26.360] I (2781) wifi:Init static rx buffer num: 10
[2026-05-23 21:46:26.361] I (2781) wifi:Init dynamic rx buffer num: 32
[2026-05-23 21:46:26.362] I (2782) wifi_init: rx ba win: 6
[2026-05-23 21:46:26.362] I (2783) wifi_init: accept mbox: 6
[2026-05-23 21:46:26.363] I (2783) wifi_init: tcpip mbox: 32
[2026-05-23 21:46:26.364] I (2783) wifi_init: udp mbox: 6
[2026-05-23 21:46:26.364] I (2783) wifi_init: tcp mbox: 6
[2026-05-23 21:46:26.365] I (2784) wifi_init: tcp tx win: 5760
[2026-05-23 21:46:26.366] I (2784) wifi_init: tcp rx win: 5760
[2026-05-23 21:46:26.366] I (2785) wifi_init: tcp mss: 1440
[2026-05-23 21:46:26.367] I (2785) wifi_init: WiFi IRAM OP enabled
[2026-05-23 21:46:26.368] I (2785) wifi_init: WiFi RX IRAM OP enabled
[2026-05-23 21:46:26.369] I (2786) phy_init: phy_version 1200,2b7123f9,Feb 18 2025,15:22:21
[2026-05-23 21:46:26.397] I (2820) wifi:mode : sta (54:32:04:8c:0b:8c)
[2026-05-23 21:46:26.397] I (2820) wifi:enable tsf
[2026-05-23 21:46:26.400] I (2823) ESPNOW: espnow [version: 2.0] init
[2026-05-23 21:46:26.401] WCAN_TEST_READY role=sensor
# Waiting for phased test start
# UART test start sent: WCAN_TEST_START at 2026-05-23T21:46:26.415009
[2026-05-23 21:46:56.754] WCAN_BATCH id=0xd0 count=150 avg_hz=5.00 avg_points=1.99 min_points=1 max_points=2 avg_interval_ms=200.00 min_interval_ms=199.94 max_interval_ms=200.03 avg_dispatch_ms=1.89 max_dispatch_ms=7.28 dispatched_count=150 avg_queue_wait_ms=0.12 max_queue_wait_ms=0.24
[2026-05-23 21:46:56.757] WCAN_SENSOR_END generated=298 avg_hz=9.97
[2026-05-23 21:46:56.772] WCAN_MEASURES elapsed_ms=29999 heap_start_free=97564 heap_end_free=113720 heap_start_min_free=97564 heap_end_min_free=97264 heap_start_largest=77824 heap_end_largest=81920 airtime_us_total=281713 packets_sent_total=150 sensor_send_failures_total=0
[2026-05-23 21:46:56.774] WCAN_TEST_END role=sensor

# Monitor stopped: 2026-05-23T21:46:56.774466
