# Monitor started: 2026-05-23T16:53:20.483014
# Port: /dev/ttyACM1, Baud: 921600, Timeout: 35.000s after WCAN_TEST_START

# UART boot config: wcan v=1 role=idle transport=BROADCAST test_duration_ms=30000 host_wait_time_ms=5000
[2026-05-23 16:53:20.493] ESP-ROM:esp32c3-api1-20210207
[2026-05-23 16:53:20.497] Build:Feb  7 2021
[2026-05-23 16:53:20.517] rst:0x15 (USB_UART_CHIP_RESET),boot:0xd (SPI_FAST_FLASH_BOOT)
[2026-05-23 16:53:20.522] Saved PC:0x40384eba
[2026-05-23 16:53:20.523] SPIWP:0xee
[2026-05-23 16:53:20.524] mode:DIO, clock div:1
[2026-05-23 16:53:20.525] load:0x3fcd5820,len:0x1574
[2026-05-23 16:53:20.526] load:0x403cc710,len:0xc30
[2026-05-23 16:53:20.527] load:0x403ce710,len:0x2fa0
[2026-05-23 16:53:20.528] entry 0x403cc71a
[2026-05-23 16:53:20.530] I (24) boot: ESP-IDF v5.4.1 2nd stage bootloader
[2026-05-23 16:53:20.534] I (24) boot: compile time May 20 2026 00:05:32
[2026-05-23 16:53:20.537] I (25) boot: chip revision: v0.4
[2026-05-23 16:53:20.544] I (25) boot: efuse block revision: v1.3
[2026-05-23 16:53:20.546] I (25) boot.esp32c3: SPI Speed      : 80MHz
[2026-05-23 16:53:20.548] I (25) boot.esp32c3: SPI Mode       : DIO
[2026-05-23 16:53:20.551] I (26) boot.esp32c3: SPI Flash Size : 2MB
[2026-05-23 16:53:20.558] I (26) boot: Enabling RNG early entropy source...
[2026-05-23 16:53:20.561] I (27) boot: Partition Table:
[2026-05-23 16:53:20.564] I (27) boot: ## Label            Usage          Type ST Offset   Length
[2026-05-23 16:53:20.569] I (28) boot:  0 nvs              WiFi data        01 02 00009000 00006000
[2026-05-23 16:53:20.577] I (29) boot:  1 phy_init         RF data          01 01 0000f000 00001000
[2026-05-23 16:53:20.582] I (29) boot:  2 factory          factory app      00 00 00010000 00100000
[2026-05-23 16:53:20.589] I (30) boot: End of partition table
[2026-05-23 16:53:20.591] I (31) esp_image: segment 0: paddr=00010020 vaddr=3c0a0020 size=1977ch (104316) map
[2026-05-23 16:53:20.597] I (48) esp_image: segment 1: paddr=000297a4 vaddr=3fc95200 size=02da0h ( 11680) load
[2026-05-23 16:53:20.602] I (51) esp_image: segment 2: paddr=0002c54c vaddr=40380000 size=03acch ( 15052) load
[2026-05-23 16:53:20.607] I (54) esp_image: segment 3: paddr=00030020 vaddr=42000020 size=9942ch (627756) map
[2026-05-23 16:53:20.611] I (154) esp_image: segment 4: paddr=000c9454 vaddr=40383acc size=11614h ( 71188) load
[2026-05-23 16:53:20.617] I (168) esp_image: segment 5: paddr=000daa70 vaddr=50000200 size=0001ch (    28) load
[2026-05-23 16:53:20.618] I (175) boot: Loaded app from partition at offset 0x10000
[2026-05-23 16:53:20.621] I (175) boot: Disabling RNG early entropy source...
[2026-05-23 16:53:20.622] I (176) cpu_start: Unicore app
[2026-05-23 16:53:20.622] I (185) cpu_start: Pro cpu start user code
[2026-05-23 16:53:20.624] I (185) cpu_start: cpu freq: 160000000 Hz
[2026-05-23 16:53:20.625] I (185) app_init: Application information:
[2026-05-23 16:53:20.631] I (185) app_init: Project name:     sensor_acquirer
[2026-05-23 16:53:20.634] I (185) app_init: App version:      v1.0-171-gbbe0783
[2026-05-23 16:53:20.636] I (186) app_init: Compile time:     May 23 2026 14:30:31
[2026-05-23 16:53:20.637] I (187) app_init: ELF file SHA256:  493679023...
[2026-05-23 16:53:20.639] I (187) app_init: ESP-IDF:          v5.4.1
[2026-05-23 16:53:20.644] I (188) efuse_init: Min chip rev:     v0.3
[2026-05-23 16:53:20.650] I (188) efuse_init: Max chip rev:     v1.99
[2026-05-23 16:53:20.654] I (189) efuse_init: Chip rev:         v0.4
[2026-05-23 16:53:20.655] I (189) heap_init: Initializing. RAM available for dynamic allocation:
[2026-05-23 16:53:20.657] I (190) heap_init: At 3FC9C340 len 00023CC0 (143 KiB): RAM
[2026-05-23 16:53:20.660] I (191) heap_init: At 3FCC0000 len 0001C710 (113 KiB): Retention RAM
[2026-05-23 16:53:20.661] I (191) heap_init: At 3FCDC710 len 00002950 (10 KiB): Retention RAM
[2026-05-23 16:53:20.662] I (192) heap_init: At 5000021C len 00001DCC (7 KiB): RTCRAM
[2026-05-23 16:53:20.663] I (194) spi_flash: detected chip: generic
[2026-05-23 16:53:20.664] I (194) spi_flash: flash io: dio
[2026-05-23 16:53:20.667] W (194) spi_flash: Detected size(4096k) larger than the size in the binary image header(2048k). Using the size in the binary image header.
[2026-05-23 16:53:20.669] I (196) sleep_gpio: Configure to isolate all GPIO pins in sleep state
[2026-05-23 16:53:20.670] I (196) sleep_gpio: Enable automatic switching of GPIO sleep configuration
[2026-05-23 16:53:20.671] I (197) main_task: Started on CPU0
[2026-05-23 16:53:20.672] I (197) main_task: Calling app_main()
[2026-05-23 16:53:20.672] WCAN_CFG_WAIT v=1
# UART boot config sent: wcan v=1 role=idle transport=BROADCAST test_duration_ms=30000 host_wait_time_ms=5000
[2026-05-23 16:53:20.673] WCAN_CFG_WAIT v=1
[2026-05-23 16:53:22.352] WCAN_CFG_ACK
[2026-05-23 16:53:22.352] WCAN_CFG_ACK
[2026-05-23 16:53:22.352] WCAN_TEST_READY role=idle
# Waiting for phased test start
# UART test start sent: WCAN_TEST_START at 2026-05-23T16:53:22.375635
[2026-05-23 16:53:22.677] WCAN_TEST_END role=idle

# Monitor stopped: 2026-05-23T16:53:22.677206
