# Monitor started: 2026-05-23T16:46:59.239377
# Port: /dev/ttyACM1, Baud: 921600, Timeout: 35.000s after WCAN_TEST_START

# UART boot config: wcan v=1 role=sensor transport=BROADCAST test_duration_ms=30000 host_wait_time_ms=5000 base=0xe0 count=1 hz=10 linger=0
[2026-05-23 16:46:59.240] ESP-ROM:esp32c3-api1-20210207
[2026-05-23 16:46:59.243] Build:Feb  7 2021
[2026-05-23 16:46:59.263] rst:0x15 (USB_UART_CHIP_RESET),boot:0xd (SPI_FAST_FLASH_BOOT)
[2026-05-23 16:46:59.269] Saved PC:0x40384eba
[2026-05-23 16:46:59.272] SPIWP:0xee
[2026-05-23 16:46:59.289] mode:DIO, clock div:1
[2026-05-23 16:46:59.297] load:0x3fcd5820,len:0x1574
[2026-05-23 16:46:59.305] load:0x403cc710,len:0xc30
[2026-05-23 16:46:59.310] load:0x403ce710,len:0x2fa0
[2026-05-23 16:46:59.317] entry 0x403cc71a
[2026-05-23 16:46:59.323] I (24) boot: ESP-IDF v5.4.1 2nd stage bootloader
[2026-05-23 16:46:59.326] I (24) boot: compile time May 20 2026 00:05:32
[2026-05-23 16:46:59.331] I (25) boot: chip revision: v0.4
[2026-05-23 16:46:59.332] I (25) boot: efuse block revision: v1.3
[2026-05-23 16:46:59.335] I (25) boot.esp32c3: SPI Speed      : 80MHz
[2026-05-23 16:46:59.340] I (25) boot.esp32c3: SPI Mode       : DIO
[2026-05-23 16:46:59.343] I (26) boot.esp32c3: SPI Flash Size : 2MB
[2026-05-23 16:46:59.345] I (26) boot: Enabling RNG early entropy source...
[2026-05-23 16:46:59.346] I (27) boot: Partition Table:
[2026-05-23 16:46:59.351] I (27) boot: ## Label            Usage          Type ST Offset   Length
[2026-05-23 16:46:59.353] I (28) boot:  0 nvs              WiFi data        01 02 00009000 00006000
[2026-05-23 16:46:59.355] I (29) boot:  1 phy_init         RF data          01 01 0000f000 00001000
[2026-05-23 16:46:59.357] I (29) boot:  2 factory          factory app      00 00 00010000 00100000
[2026-05-23 16:46:59.359] I (30) boot: End of partition table
[2026-05-23 16:46:59.362] I (31) esp_image: segment 0: paddr=00010020 vaddr=3c0a0020 size=1977ch (104316) map
[2026-05-23 16:46:59.365] I (48) esp_image: segment 1: paddr=000297a4 vaddr=3fc95200 size=02da0h ( 11680) load
[2026-05-23 16:46:59.370] I (51) esp_image: segment 2: paddr=0002c54c vaddr=40380000 size=03acch ( 15052) load
[2026-05-23 16:46:59.375] I (54) esp_image: segment 3: paddr=00030020 vaddr=42000020 size=9942ch (627756) map
[2026-05-23 16:46:59.379] I (154) esp_image: segment 4: paddr=000c9454 vaddr=40383acc size=11614h ( 71188) load
[2026-05-23 16:46:59.383] I (168) esp_image: segment 5: paddr=000daa70 vaddr=50000200 size=0001ch (    28) load
[2026-05-23 16:46:59.386] I (175) boot: Loaded app from partition at offset 0x10000
[2026-05-23 16:46:59.387] I (175) boot: Disabling RNG early entropy source...
[2026-05-23 16:46:59.388] I (176) cpu_start: Unicore app
[2026-05-23 16:46:59.390] I (185) cpu_start: Pro cpu start user code
[2026-05-23 16:46:59.393] I (185) cpu_start: cpu freq: 160000000 Hz
[2026-05-23 16:46:59.395] I (185) app_init: Application information:
[2026-05-23 16:46:59.397] I (185) app_init: Project name:     sensor_acquirer
[2026-05-23 16:46:59.399] I (185) app_init: App version:      v1.0-171-gbbe0783
[2026-05-23 16:46:59.403] I (186) app_init: Compile time:     May 23 2026 14:30:31
[2026-05-23 16:46:59.405] I (187) app_init: ELF file SHA256:  493679023...
[2026-05-23 16:46:59.407] I (187) app_init: ESP-IDF:          v5.4.1
[2026-05-23 16:46:59.408] I (188) efuse_init: Min chip rev:     v0.3
[2026-05-23 16:46:59.410] I (188) efuse_init: Max chip rev:     v1.99
[2026-05-23 16:46:59.411] I (189) efuse_init: Chip rev:         v0.4
[2026-05-23 16:46:59.418] I (189) heap_init: Initializing. RAM available for dynamic allocation:
[2026-05-23 16:46:59.422] I (190) heap_init: At 3FC9C340 len 00023CC0 (143 KiB): RAM
[2026-05-23 16:46:59.424] I (191) heap_init: At 3FCC0000 len 0001C710 (113 KiB): Retention RAM
[2026-05-23 16:46:59.426] I (191) heap_init: At 3FCDC710 len 00002950 (10 KiB): Retention RAM
[2026-05-23 16:46:59.429] I (192) heap_init: At 5000021C len 00001DCC (7 KiB): RTCRAM
[2026-05-23 16:46:59.431] I (194) spi_flash: detected chip: generic
[2026-05-23 16:46:59.434] I (194) spi_flash: flash io: dio
[2026-05-23 16:46:59.437] W (194) spi_flash: Detected size(4096k) larger than the size in the binary image header(2048k). Using the size in the binary image header.
[2026-05-23 16:46:59.438] I (196) sleep_gpio: Configure to isolate all GPIO pins in sleep state
[2026-05-23 16:46:59.445] I (196) sleep_gpio: Enable automatic switching of GPIO sleep configuration
[2026-05-23 16:46:59.446] I (197) main_task: Started on CPU0
[2026-05-23 16:46:59.448] I (197) main_task: Calling app_main()
[2026-05-23 16:46:59.449] WCAN_CFG_WAIT v=1
# UART boot config sent: wcan v=1 role=sensor transport=BROADCAST test_duration_ms=30000 host_wait_time_ms=5000 base=0xe0 count=1 hz=10 linger=0
[2026-05-23 16:46:59.451] WCAN_CFG_WAIT v=1
[2026-05-23 16:47:01.837] WCAN_CFG_ACK
[2026-05-23 16:47:01.838] WCAN_CFG_ACK
[2026-05-23 16:47:01.842] I (2802) pp: pp rom version: 9387209
[2026-05-23 16:47:01.842] I (2803) net80211: net80211 rom version: 9387209
[2026-05-23 16:47:01.844] I (2804) wifi:wifi driver task: 3fca7720, prio:23, stack:6656, core=0
[2026-05-23 16:47:01.848] I (2808) wifi:wifi firmware version: 79fa3f41ba
[2026-05-23 16:47:01.849] I (2808) wifi:wifi certification version: v7.0
[2026-05-23 16:47:01.849] I (2808) wifi:config NVS flash: enabled
[2026-05-23 16:47:01.850] I (2808) wifi:config nano formatting: disabled
[2026-05-23 16:47:01.850] I (2809) wifi:Init data frame dynamic rx buffer num: 32
[2026-05-23 16:47:01.850] I (2809) wifi:Init static rx mgmt buffer num: 5
[2026-05-23 16:47:01.851] I (2810) wifi:Init management short buffer num: 32
[2026-05-23 16:47:01.852] I (2810) wifi:Init dynamic tx buffer num: 32
[2026-05-23 16:47:01.853] I (2811) wifi:Init static tx FG buffer num: 2
[2026-05-23 16:47:01.854] I (2811) wifi:Init static rx buffer size: 1600
[2026-05-23 16:47:01.855] I (2812) wifi:Init static rx buffer num: 10
[2026-05-23 16:47:01.856] I (2812) wifi:Init dynamic rx buffer num: 32
[2026-05-23 16:47:01.857] I (2814) wifi_init: rx ba win: 6
[2026-05-23 16:47:01.857] I (2814) wifi_init: accept mbox: 6
[2026-05-23 16:47:01.858] I (2814) wifi_init: tcpip mbox: 32
[2026-05-23 16:47:01.859] I (2814) wifi_init: udp mbox: 6
[2026-05-23 16:47:01.860] I (2814) wifi_init: tcp mbox: 6
[2026-05-23 16:47:01.861] I (2815) wifi_init: tcp tx win: 5760
[2026-05-23 16:47:01.862] I (2815) wifi_init: tcp rx win: 5760
[2026-05-23 16:47:01.863] I (2816) wifi_init: tcp mss: 1440
[2026-05-23 16:47:01.864] I (2816) wifi_init: WiFi IRAM OP enabled
[2026-05-23 16:47:01.865] I (2816) wifi_init: WiFi RX IRAM OP enabled
[2026-05-23 16:47:01.866] I (2817) phy_init: phy_version 1200,2b7123f9,Feb 18 2025,15:22:21
[2026-05-23 16:47:01.892] I (2852) wifi:mode : sta (74:4d:bd:e1:d5:b8)
[2026-05-23 16:47:01.893] I (2853) wifi:enable tsf
[2026-05-23 16:47:01.896] I (2855) ESPNOW: espnow [version: 2.0] init
[2026-05-23 16:47:01.897] WCAN_TEST_READY role=sensor
# Waiting for phased test start
# UART test start sent: WCAN_TEST_START at 2026-05-23T16:47:01.909663
[2026-05-23 16:47:03.029] P(FAIL):3792:e0:4:4:4:1
[2026-05-23 16:47:03.461] P(FAIL):4224:e0:8:8:8:1
[2026-05-23 16:47:05.685] P(FAIL):6448:e0:30:30:30:1
[2026-05-23 16:47:12.061] P(FAIL):12824:e0:93:93:93:1
[2026-05-23 16:47:18.230] P(FAIL):18993:e0:155:155:155:1
[2026-05-23 16:47:19.245] P(FAIL):20008:e0:165:165:165:1
[2026-05-23 16:47:21.169] P(FAIL):21932:e0:185:185:185:1
[2026-05-23 16:47:21.642] P(FAIL):22405:e0:190:190:190:1
[2026-05-23 16:47:25.956] P(FAIL):26719:e0:233:233:233:1
[2026-05-23 16:47:28.723] P(FAIL):29486:e0:261:261:261:1
[2026-05-23 16:47:30.146] P(FAIL):30909:e0:275:275:275:1
[2026-05-23 16:47:31.087] P(FAIL):31850:e0:284:284:284:1
[2026-05-23 16:47:32.048] P(FAIL):32811:e0:294:294:294:1
[2026-05-23 16:47:32.630] P(FAIL):33393:e0:295:295:295:1
[2026-05-23 16:47:33.230] WCAN_BATCH id=0xe0 count=299 avg_hz=10.00 avg_points=1.00 min_points=1 max_points=1 avg_interval_ms=100.00 min_interval_ms=99.95 max_interval_ms=100.04 avg_dispatch_ms=2.06 max_dispatch_ms=50.41 dispatched_count=337 avg_queue_wait_ms=40.78 max_queue_wait_ms=345.79
[2026-05-23 16:47:33.233] WCAN_SENSOR_END generated=298 avg_hz=9.97
[2026-05-23 16:47:33.249] WCAN_MEASURES elapsed_ms=29999 heap_start_free=126780 heap_end_free=141412 heap_start_min_free=126780 heap_end_min_free=126488 heap_start_largest=98304 heap_end_largest=98304 airtime_us_total=691349 packets_sent_total=337 sensor_send_failures_total=0
[2026-05-23 16:47:33.251] WCAN_TEST_END role=sensor

# Monitor stopped: 2026-05-23T16:47:33.251352
