# Monitor started: 2026-05-23T16:46:59.240303
# Port: /dev/ttyACM0, Baud: 921600, Timeout: 35.000s after WCAN_TEST_START

# UART boot config: wcan v=1 role=sensor transport=BROADCAST test_duration_ms=30000 host_wait_time_ms=5000 base=0xd0 count=1 hz=10 linger=0
[2026-05-23 16:46:59.246] ESP-ROM:esp32c3-api1-20210207
[2026-05-23 16:46:59.256] Build:Feb  7 2021
[2026-05-23 16:46:59.280] rst:0x15 (USB_UART_CHIP_RESET),boot:0xd (SPI_FAST_FLASH_BOOT)
[2026-05-23 16:46:59.289] Saved PC:0x40384eba
[2026-05-23 16:46:59.293] SPIWP:0xee
[2026-05-23 16:46:59.296] mode:DIO, clock div:1
[2026-05-23 16:46:59.308] load:0x3fcd5820,len:0x1574
[2026-05-23 16:46:59.311] load:0x403cc710,len:0xc30
[2026-05-23 16:46:59.317] load:0x403ce710,len:0x2fa0
[2026-05-23 16:46:59.319] entry 0x403cc71a
[2026-05-23 16:46:59.324] I (24) boot: ESP-IDF v5.4.1 2nd stage bootloader
[2026-05-23 16:46:59.328] I (24) boot: compile time May 20 2026 00:05:32
[2026-05-23 16:46:59.332] I (25) boot: chip revision: v0.4
[2026-05-23 16:46:59.333] I (25) boot: efuse block revision: v1.3
[2026-05-23 16:46:59.340] I (25) boot.esp32c3: SPI Speed      : 80MHz
[2026-05-23 16:46:59.344] I (25) boot.esp32c3: SPI Mode       : DIO
[2026-05-23 16:46:59.351] I (26) boot.esp32c3: SPI Flash Size : 2MB
[2026-05-23 16:46:59.361] I (26) boot: Enabling RNG early entropy source...
[2026-05-23 16:46:59.366] I (27) boot: Partition Table:
[2026-05-23 16:46:59.372] I (27) boot: ## Label            Usage          Type ST Offset   Length
[2026-05-23 16:46:59.379] I (28) boot:  0 nvs              WiFi data        01 02 00009000 00006000
[2026-05-23 16:46:59.381] I (29) boot:  1 phy_init         RF data          01 01 0000f000 00001000
[2026-05-23 16:46:59.384] I (29) boot:  2 factory          factory app      00 00 00010000 00100000
[2026-05-23 16:46:59.385] I (30) boot: End of partition table
[2026-05-23 16:46:59.389] I (31) esp_image: segment 0: paddr=00010020 vaddr=3c0a0020 size=1977ch (104316) map
[2026-05-23 16:46:59.394] I (48) esp_image: segment 1: paddr=000297a4 vaddr=3fc95200 size=02da0h ( 11680) load
[2026-05-23 16:46:59.400] I (51) esp_image: segment 2: paddr=0002c54c vaddr=40380000 size=03acch ( 15052) load
[2026-05-23 16:46:59.409] I (54) esp_image: segment 3: paddr=00030020 vaddr=42000020 size=9942ch (627756) map
[2026-05-23 16:46:59.413] I (154) esp_image: segment 4: paddr=000c9454 vaddr=40383acc size=11614h ( 71188) load
[2026-05-23 16:46:59.416] I (168) esp_image: segment 5: paddr=000daa70 vaddr=50000200 size=0001ch (    28) load
[2026-05-23 16:46:59.427] I (175) boot: Loaded app from partition at offset 0x10000
[2026-05-23 16:46:59.428] I (175) boot: Disabling RNG early entropy source...
[2026-05-23 16:46:59.430] I (176) cpu_start: Unicore app
[2026-05-23 16:46:59.433] I (185) cpu_start: Pro cpu start user code
[2026-05-23 16:46:59.433] I (185) cpu_start: cpu freq: 160000000 Hz
[2026-05-23 16:46:59.439] I (185) app_init: Application information:
[2026-05-23 16:46:59.442] I (185) app_init: Project name:     sensor_acquirer
[2026-05-23 16:46:59.446] I (185) app_init: App version:      v1.0-171-gbbe0783
[2026-05-23 16:46:59.449] I (186) app_init: Compile time:     May 23 2026 14:30:31
[2026-05-23 16:46:59.452] I (186) app_init: ELF file SHA256:  493679023...
[2026-05-23 16:46:59.453] I (187) app_init: ESP-IDF:          v5.4.1
[2026-05-23 16:46:59.454] I (187) efuse_init: Min chip rev:     v0.3
[2026-05-23 16:46:59.455] I (188) efuse_init: Max chip rev:     v1.99
[2026-05-23 16:46:59.456] I (188) efuse_init: Chip rev:         v0.4
[2026-05-23 16:46:59.457] I (189) heap_init: Initializing. RAM available for dynamic allocation:
[2026-05-23 16:46:59.458] I (190) heap_init: At 3FC9C340 len 00023CC0 (143 KiB): RAM
[2026-05-23 16:46:59.458] I (190) heap_init: At 3FCC0000 len 0001C710 (113 KiB): Retention RAM
[2026-05-23 16:46:59.458] I (191) heap_init: At 3FCDC710 len 00002950 (10 KiB): Retention RAM
[2026-05-23 16:46:59.459] I (192) heap_init: At 5000021C len 00001DCC (7 KiB): RTCRAM
[2026-05-23 16:46:59.459] I (193) spi_flash: detected chip: generic
[2026-05-23 16:46:59.459] I (193) spi_flash: flash io: dio
[2026-05-23 16:46:59.460] W (194) spi_flash: Detected size(4096k) larger than the size in the binary image header(2048k). Using the size in the binary image header.
[2026-05-23 16:46:59.460] I (195) sleep_gpio: Configure to isolate all GPIO pins in sleep state
[2026-05-23 16:46:59.461] I (196) sleep_gpio: Enable automatic switching of GPIO sleep configuration
[2026-05-23 16:46:59.461] I (197) main_task: Started on CPU0
[2026-05-23 16:46:59.461] I (197) main_task: Calling app_main()
[2026-05-23 16:46:59.461] WCAN_CFG_WAIT v=1
# UART boot config sent: wcan v=1 role=sensor transport=BROADCAST test_duration_ms=30000 host_wait_time_ms=5000 base=0xd0 count=1 hz=10 linger=0
[2026-05-23 16:46:59.462] WCAN_CFG_WAIT v=1
[2026-05-23 16:47:01.841] WCAN_CFG_ACK
[2026-05-23 16:47:01.841] WCAN_CFG_ACK
[2026-05-23 16:47:01.846] I (2805) pp: pp rom version: 9387209
[2026-05-23 16:47:01.846] I (2806) net80211: net80211 rom version: 9387209
[2026-05-23 16:47:01.848] I (2807) wifi:wifi driver task: 3fca77a4, prio:23, stack:6656, core=0
[2026-05-23 16:47:01.852] I (2811) wifi:wifi firmware version: 79fa3f41ba
[2026-05-23 16:47:01.853] I (2811) wifi:wifi certification version: v7.0
[2026-05-23 16:47:01.855] I (2811) wifi:config NVS flash: enabled
[2026-05-23 16:47:01.856] I (2811) wifi:config nano formatting: disabled
[2026-05-23 16:47:01.857] I (2812) wifi:Init data frame dynamic rx buffer num: 32
[2026-05-23 16:47:01.858] I (2812) wifi:Init static rx mgmt buffer num: 5
[2026-05-23 16:47:01.859] I (2813) wifi:Init management short buffer num: 32
[2026-05-23 16:47:01.860] I (2813) wifi:Init dynamic tx buffer num: 32
[2026-05-23 16:47:01.862] I (2814) wifi:Init static tx FG buffer num: 2
[2026-05-23 16:47:01.863] I (2814) wifi:Init static rx buffer size: 1600
[2026-05-23 16:47:01.864] I (2815) wifi:Init static rx buffer num: 10
[2026-05-23 16:47:01.865] I (2815) wifi:Init dynamic rx buffer num: 32
[2026-05-23 16:47:01.866] I (2816) wifi_init: rx ba win: 6
[2026-05-23 16:47:01.866] I (2817) wifi_init: accept mbox: 6
[2026-05-23 16:47:01.866] I (2817) wifi_init: tcpip mbox: 32
[2026-05-23 16:47:01.867] I (2817) wifi_init: udp mbox: 6
[2026-05-23 16:47:01.867] I (2817) wifi_init: tcp mbox: 6
[2026-05-23 16:47:01.867] I (2818) wifi_init: tcp tx win: 5760
[2026-05-23 16:47:01.867] I (2818) wifi_init: tcp rx win: 5760
[2026-05-23 16:47:01.867] I (2819) wifi_init: tcp mss: 1440
[2026-05-23 16:47:01.868] I (2819) wifi_init: WiFi IRAM OP enabled
[2026-05-23 16:47:01.868] I (2819) wifi_init: WiFi RX IRAM OP enabled
[2026-05-23 16:47:01.868] I (2820) phy_init: phy_version 1200,2b7123f9,Feb 18 2025,15:22:21
[2026-05-23 16:47:01.894] I (2853) wifi:mode : sta (54:32:04:8c:0b:8c)
[2026-05-23 16:47:01.894] I (2854) wifi:enable tsf
[2026-05-23 16:47:01.898] I (2857) ESPNOW: espnow [version: 2.0] init
[2026-05-23 16:47:01.899] WCAN_TEST_READY role=sensor
# Waiting for phased test start
# UART test start sent: WCAN_TEST_START at 2026-05-23T16:47:01.909953
[2026-05-23 16:47:02.709] P(FAIL):3471:d0:0:0:0:1
[2026-05-23 16:47:03.019] P(FAIL):3781:d0:4:4:4:1
[2026-05-23 16:47:07.618] P(FAIL):8380:d0:50:50:50:1
[2026-05-23 16:47:07.979] P(FAIL):8741:d0:51:51:51:1
[2026-05-23 16:47:08.643] P(FAIL):9406:d0:60:60:60:1
[2026-05-23 16:47:16.308] P(FAIL):17070:d0:136:136:136:1
[2026-05-23 16:47:16.645] P(FAIL):17408:d0:140:140:140:1
[2026-05-23 16:47:19.990] P(FAIL):20753:d0:174:174:174:1
[2026-05-23 16:47:20.368] P(FAIL):21130:d0:177:177:177:1
[2026-05-23 16:47:22.140] P(FAIL):22903:d0:195:195:195:1
[2026-05-23 16:47:22.697] P(FAIL):23459:d0:200:200:200:1
[2026-05-23 16:47:23.376] P(FAIL):24138:d0:208:208:208:1
[2026-05-23 16:47:23.763] P(FAIL):24525:d0:211:211:211:1
[2026-05-23 16:47:24.089] P(FAIL):24851:d0:215:215:215:1
[2026-05-23 16:47:24.542] P(FAIL):25304:d0:219:219:219:1
[2026-05-23 16:47:25.532] P(FAIL):26294:d0:229:229:229:1
[2026-05-23 16:47:26.357] P(FAIL):27119:d0:237:237:237:1
[2026-05-23 16:47:26.780] P(FAIL):27542:d0:241:241:241:1
[2026-05-23 16:47:27.153] P(FAIL):27915:d0:245:245:245:1
[2026-05-23 16:47:27.578] P(FAIL):28340:d0:249:249:249:1
[2026-05-23 16:47:28.042] P(FAIL):28805:d0:254:254:254:1
[2026-05-23 16:47:29.221] P(FAIL):29983:d0:266:266:266:1
[2026-05-23 16:47:29.670] P(FAIL):30432:d0:270:270:270:1
[2026-05-23 16:47:30.500] P(FAIL):31262:d0:279:279:279:1
[2026-05-23 16:47:31.683] P(FAIL):32445:d0:290:290:290:1
[2026-05-23 16:47:32.315] P(FAIL):33077:d0:296:296:296:1
[2026-05-23 16:47:33.115] P(FAIL):33877:d0:297:297:297:1
[2026-05-23 16:47:33.236] WCAN_BATCH id=0xd0 count=299 avg_hz=10.00 avg_points=1.00 min_points=1 max_points=1 avg_interval_ms=100.00 min_interval_ms=99.85 max_interval_ms=100.14 avg_dispatch_ms=2.40 max_dispatch_ms=53.28 dispatched_count=402 avg_queue_wait_ms=68.37 max_queue_wait_ms=488.78
[2026-05-23 16:47:33.238] WCAN_SENSOR_END generated=298 avg_hz=9.97
[2026-05-23 16:47:33.253] WCAN_MEASURES elapsed_ms=29999 heap_start_free=126648 heap_end_free=141280 heap_start_min_free=126648 heap_end_min_free=126356 heap_start_largest=98304 heap_end_largest=98304 airtime_us_total=959905 packets_sent_total=402 sensor_send_failures_total=0
[2026-05-23 16:47:33.253] WCAN_TEST_END role=sensor

# Monitor stopped: 2026-05-23T16:47:33.253684
