# Monitor started: 2026-05-23T18:26:49.720441
# Port: /dev/ttyACM1, Baud: 921600, Timeout: 35.000s after WCAN_TEST_START

# UART boot config: wcan v=1 role=sensor transport=BROADCAST test_duration_ms=30000 host_wait_time_ms=5000 base=0xe0 count=1 hz=200 linger=100
[2026-05-23 18:26:49.730] ESP-ROM:esp32c3-api1-20210207
[2026-05-23 18:26:49.740] Build:Feb  7 2021
[2026-05-23 18:26:49.771] rst:0x15 (USB_UART_CHIP_RESET),boot:0xd (SPI_FAST_FLASH_BOOT)
[2026-05-23 18:26:49.778] Saved PC:0x40384eba
[2026-05-23 18:26:49.782] SPIWP:0xee
[2026-05-23 18:26:49.786] mode:DIO, clock div:1
[2026-05-23 18:26:49.795] load:0x3fcd5820,len:0x1574
[2026-05-23 18:26:49.799] load:0x403cc710,len:0xc30
[2026-05-23 18:26:49.802] load:0x403ce710,len:0x2fa0
[2026-05-23 18:26:49.804] entry 0x403cc71a
[2026-05-23 18:26:49.813] I (24) boot: ESP-IDF v5.4.1 2nd stage bootloader
[2026-05-23 18:26:49.816] I (24) boot: compile time May 20 2026 00:05:32
[2026-05-23 18:26:49.817] I (24) boot: chip revision: v0.4
[2026-05-23 18:26:49.819] I (25) boot: efuse block revision: v1.3
[2026-05-23 18:26:49.823] I (25) boot.esp32c3: SPI Speed      : 80MHz
[2026-05-23 18:26:49.827] I (25) boot.esp32c3: SPI Mode       : DIO
[2026-05-23 18:26:49.828] I (26) boot.esp32c3: SPI Flash Size : 2MB
[2026-05-23 18:26:49.831] I (26) boot: Enabling RNG early entropy source...
[2026-05-23 18:26:49.833] I (27) boot: Partition Table:
[2026-05-23 18:26:49.835] I (27) boot: ## Label            Usage          Type ST Offset   Length
[2026-05-23 18:26:49.840] I (28) boot:  0 nvs              WiFi data        01 02 00009000 00006000
[2026-05-23 18:26:49.842] I (29) boot:  1 phy_init         RF data          01 01 0000f000 00001000
[2026-05-23 18:26:49.845] I (29) boot:  2 factory          factory app      00 00 00010000 00100000
[2026-05-23 18:26:49.846] I (30) boot: End of partition table
[2026-05-23 18:26:49.847] I (31) esp_image: segment 0: paddr=00010020 vaddr=3c0a0020 size=1977ch (104316) map
[2026-05-23 18:26:49.853] I (48) esp_image: segment 1: paddr=000297a4 vaddr=3fc95200 size=02da0h ( 11680) load
[2026-05-23 18:26:49.856] I (51) esp_image: segment 2: paddr=0002c54c vaddr=40380000 size=03acch ( 15052) load
[2026-05-23 18:26:49.859] I (54) esp_image: segment 3: paddr=00030020 vaddr=42000020 size=9942ch (627756) map
[2026-05-23 18:26:49.863] I (154) esp_image: segment 4: paddr=000c9454 vaddr=40383acc size=11614h ( 71188) load
[2026-05-23 18:26:49.867] I (168) esp_image: segment 5: paddr=000daa70 vaddr=50000200 size=0001ch (    28) load
[2026-05-23 18:26:49.869] I (175) boot: Loaded app from partition at offset 0x10000
[2026-05-23 18:26:49.871] I (175) boot: Disabling RNG early entropy source...
[2026-05-23 18:26:49.873] I (176) cpu_start: Unicore app
[2026-05-23 18:26:49.874] I (185) cpu_start: Pro cpu start user code
[2026-05-23 18:26:49.876] I (185) cpu_start: cpu freq: 160000000 Hz
[2026-05-23 18:26:49.879] I (185) app_init: Application information:
[2026-05-23 18:26:49.890] I (185) app_init: Project name:     sensor_acquirer
[2026-05-23 18:26:49.892] I (185) app_init: App version:      v1.0-171-gbbe0783
[2026-05-23 18:26:49.895] I (186) app_init: Compile time:     May 23 2026 14:30:31
[2026-05-23 18:26:49.897] I (187) app_init: ELF file SHA256:  493679023...
[2026-05-23 18:26:49.899] I (187) app_init: ESP-IDF:          v5.4.1
[2026-05-23 18:26:49.900] I (188) efuse_init: Min chip rev:     v0.3
[2026-05-23 18:26:49.901] I (188) efuse_init: Max chip rev:     v1.99
[2026-05-23 18:26:49.903] I (189) efuse_init: Chip rev:         v0.4
[2026-05-23 18:26:49.906] I (189) heap_init: Initializing. RAM available for dynamic allocation:
[2026-05-23 18:26:49.908] I (190) heap_init: At 3FC9C340 len 00023CC0 (143 KiB): RAM
[2026-05-23 18:26:49.911] I (191) heap_init: At 3FCC0000 len 0001C710 (113 KiB): Retention RAM
[2026-05-23 18:26:49.912] I (191) heap_init: At 3FCDC710 len 00002950 (10 KiB): Retention RAM
[2026-05-23 18:26:49.914] I (192) heap_init: At 5000021C len 00001DCC (7 KiB): RTCRAM
[2026-05-23 18:26:49.914] I (194) spi_flash: detected chip: generic
[2026-05-23 18:26:49.916] I (194) spi_flash: flash io: dio
[2026-05-23 18:26:49.919] W (194) spi_flash: Detected size(4096k) larger than the size in the binary image header(2048k). Using the size in the binary image header.
[2026-05-23 18:26:49.920] I (196) sleep_gpio: Configure to isolate all GPIO pins in sleep state
[2026-05-23 18:26:49.922] I (196) sleep_gpio: Enable automatic switching of GPIO sleep configuration
[2026-05-23 18:26:49.924] I (197) main_task: Started on CPU0
[2026-05-23 18:26:49.927] I (197) main_task: Calling app_main()
[2026-05-23 18:26:49.929] WCAN_CFG_WAIT v=1
# UART boot config sent: wcan v=1 role=sensor transport=BROADCAST test_duration_ms=30000 host_wait_time_ms=5000 base=0xe0 count=1 hz=200 linger=100
[2026-05-23 18:26:49.931] WCAN_CFG_WAIT v=1
[2026-05-23 18:26:52.379] WCAN_CFG_ACK
[2026-05-23 18:26:52.379] WCAN_CFG_ACK
[2026-05-23 18:26:52.384] I (2862) pp: pp rom version: 9387209
[2026-05-23 18:26:52.386] I (2863) net80211: net80211 rom version: 9387209
[2026-05-23 18:26:52.388] I (2864) wifi:wifi driver task: 3fca7720, prio:23, stack:6656, core=0
[2026-05-23 18:26:52.390] I (2868) wifi:wifi firmware version: 79fa3f41ba
[2026-05-23 18:26:52.391] I (2868) wifi:wifi certification version: v7.0
[2026-05-23 18:26:52.392] I (2868) wifi:config NVS flash: enabled
[2026-05-23 18:26:52.393] I (2868) wifi:config nano formatting: disabled
[2026-05-23 18:26:52.394] I (2869) wifi:Init data frame dynamic rx buffer num: 32
[2026-05-23 18:26:52.396] I (2869) wifi:Init static rx mgmt buffer num: 5
[2026-05-23 18:26:52.397] I (2870) wifi:Init management short buffer num: 32
[2026-05-23 18:26:52.398] I (2870) wifi:Init dynamic tx buffer num: 32
[2026-05-23 18:26:52.398] I (2871) wifi:Init static tx FG buffer num: 2
[2026-05-23 18:26:52.399] I (2871) wifi:Init static rx buffer size: 1600
[2026-05-23 18:26:52.400] I (2872) wifi:Init static rx buffer num: 10
[2026-05-23 18:26:52.402] I (2872) wifi:Init dynamic rx buffer num: 32
[2026-05-23 18:26:52.402] I (2873) wifi_init: rx ba win: 6
[2026-05-23 18:26:52.403] I (2874) wifi_init: accept mbox: 6
[2026-05-23 18:26:52.404] I (2874) wifi_init: tcpip mbox: 32
[2026-05-23 18:26:52.404] I (2874) wifi_init: udp mbox: 6
[2026-05-23 18:26:52.405] I (2874) wifi_init: tcp mbox: 6
[2026-05-23 18:26:52.406] I (2875) wifi_init: tcp tx win: 5760
[2026-05-23 18:26:52.407] I (2875) wifi_init: tcp rx win: 5760
[2026-05-23 18:26:52.407] I (2876) wifi_init: tcp mss: 1440
[2026-05-23 18:26:52.408] I (2876) wifi_init: WiFi IRAM OP enabled
[2026-05-23 18:26:52.409] I (2876) wifi_init: WiFi RX IRAM OP enabled
[2026-05-23 18:26:52.411] I (2877) phy_init: phy_version 1200,2b7123f9,Feb 18 2025,15:22:21
[2026-05-23 18:26:52.434] I (2912) wifi:mode : sta (74:4d:bd:e1:d5:b8)
[2026-05-23 18:26:52.435] I (2912) wifi:enable tsf
[2026-05-23 18:26:52.437] I (2915) ESPNOW: espnow [version: 2.0] init
[2026-05-23 18:26:52.438] WCAN_TEST_READY role=sensor
# Waiting for phased test start
# UART test start sent: WCAN_TEST_START at 2026-05-23T18:26:52.450166
[2026-05-23 18:26:58.434] P(FAIL):8716:e0:49:1029:1049:21
[2026-05-23 18:27:01.046] P(FAIL):11328:e0:74:1554:1574:21
[2026-05-23 18:27:09.327] P(FAIL):19609:e0:153:3213:3233:21
[2026-05-23 18:27:11.633] P(FAIL):21915:e0:175:3675:3695:21
[2026-05-23 18:27:19.474] P(FAIL):29756:e0:251:5271:5291:21
[2026-05-23 18:27:22.183] P(FAIL):32465:e0:276:5796:5816:21
[2026-05-23 18:27:22.826] P(FAIL):33108:e0:282:5922:5942:21
[2026-05-23 18:27:23.626] P(FAIL):33908:e0:283:5943:5963:21
[2026-05-23 18:27:23.764] WCAN_BATCH id=0xe0 count=286 avg_hz=9.52 avg_points=20.98 min_points=14 max_points=21 avg_interval_ms=105.00 min_interval_ms=104.91 max_interval_ms=105.14 avg_dispatch_ms=1.85 max_dispatch_ms=5.51 dispatched_count=304 avg_queue_wait_ms=22.57 max_queue_wait_ms=335.75
[2026-05-23 18:27:23.765] WCAN_SENSOR_END generated=5998 avg_hz=199.97
[2026-05-23 18:27:23.769] WCAN_MEASURES elapsed_ms=29999 heap_start_free=126780 heap_end_free=141568 heap_start_min_free=124628 heap_end_min_free=124288 heap_start_largest=98304 heap_end_largest=98304 airtime_us_total=558405 packets_sent_total=304 sensor_send_failures_total=0
[2026-05-23 18:27:23.770] WCAN_TEST_END role=sensor

# Monitor stopped: 2026-05-23T18:27:23.770213
