# Monitor started: 2026-05-23T14:50:58.408484
# Port: /dev/ttyACM0, Baud: 921600, Timeout: 35.000s after WCAN_TEST_START

# UART boot config: wcan v=1 role=sensor transport=BROADCAST test_duration_ms=30000 host_wait_time_ms=5000 base=0xd0 count=1 hz=100 linger=100
[2026-05-23 14:50:58.414] ESP-ROM:esp32c3-api1-20210207
[2026-05-23 14:50:58.423] Build:Feb  7 2021
[2026-05-23 14:50:58.449] rst:0x15 (USB_UART_CHIP_RESET),boot:0xd (SPI_FAST_FLASH_BOOT)
[2026-05-23 14:50:58.452] Saved PC:0x40384eba
[2026-05-23 14:50:58.454] SPIWP:0xee
[2026-05-23 14:50:58.457] mode:DIO, clock div:1
[2026-05-23 14:50:58.459] load:0x3fcd5820,len:0x1574
[2026-05-23 14:50:58.465] load:0x403cc710,len:0xc30
[2026-05-23 14:50:58.466] load:0x403ce710,len:0x2fa0
[2026-05-23 14:50:58.468] entry 0x403cc71a
[2026-05-23 14:50:58.469] I (24) boot: ESP-IDF v5.4.1 2nd stage bootloader
[2026-05-23 14:50:58.472] I (24) boot: compile time May 20 2026 00:05:32
[2026-05-23 14:50:58.473] I (25) boot: chip revision: v0.4
[2026-05-23 14:50:58.475] I (25) boot: efuse block revision: v1.3
[2026-05-23 14:50:58.477] I (25) boot.esp32c3: SPI Speed      : 80MHz
[2026-05-23 14:50:58.478] I (25) boot.esp32c3: SPI Mode       : DIO
[2026-05-23 14:50:58.480] I (26) boot.esp32c3: SPI Flash Size : 2MB
[2026-05-23 14:50:58.495] I (26) boot: Enabling RNG early entropy source...
[2026-05-23 14:50:58.496] I (27) boot: Partition Table:
[2026-05-23 14:50:58.500] I (27) boot: ## Label            Usage          Type ST Offset   Length
[2026-05-23 14:50:58.509] I (28) boot:  0 nvs              WiFi data        01 02 00009000 00006000
[2026-05-23 14:50:58.512] I (29) boot:  1 phy_init         RF data          01 01 0000f000 00001000
[2026-05-23 14:50:58.514] I (29) boot:  2 factory          factory app      00 00 00010000 00100000
[2026-05-23 14:50:58.523] I (30) boot: End of partition table
[2026-05-23 14:50:58.530] I (31) esp_image: segment 0: paddr=00010020 vaddr=3c0a0020 size=1977ch (104316) map
[2026-05-23 14:50:58.532] I (48) esp_image: segment 1: paddr=000297a4 vaddr=3fc95200 size=02da0h ( 11680) load
[2026-05-23 14:50:58.536] I (51) esp_image: segment 2: paddr=0002c54c vaddr=40380000 size=03acch ( 15052) load
[2026-05-23 14:50:58.538] I (54) esp_image: segment 3: paddr=00030020 vaddr=42000020 size=9942ch (627756) map
[2026-05-23 14:50:58.540] I (154) esp_image: segment 4: paddr=000c9454 vaddr=40383acc size=11614h ( 71188) load
[2026-05-23 14:50:58.541] I (168) esp_image: segment 5: paddr=000daa70 vaddr=50000200 size=0001ch (    28) load
[2026-05-23 14:50:58.551] I (175) boot: Loaded app from partition at offset 0x10000
[2026-05-23 14:50:58.556] I (175) boot: Disabling RNG early entropy source...
[2026-05-23 14:50:58.558] I (176) cpu_start: Unicore app
[2026-05-23 14:50:58.559] I (185) cpu_start: Pro cpu start user code
[2026-05-23 14:50:58.561] I (185) cpu_start: cpu freq: 160000000 Hz
[2026-05-23 14:50:58.571] I (185) app_init: Application information:
[2026-05-23 14:50:58.577] I (185) app_init: Project name:     sensor_acquirer
[2026-05-23 14:50:58.581] I (185) app_init: App version:      v1.0-171-gbbe0783
[2026-05-23 14:50:58.589] I (186) app_init: Compile time:     May 23 2026 14:30:31
[2026-05-23 14:50:58.590] I (186) app_init: ELF file SHA256:  493679023...
[2026-05-23 14:50:58.593] I (187) app_init: ESP-IDF:          v5.4.1
[2026-05-23 14:50:58.597] I (187) efuse_init: Min chip rev:     v0.3
[2026-05-23 14:50:58.600] I (188) efuse_init: Max chip rev:     v1.99
[2026-05-23 14:50:58.601] I (188) efuse_init: Chip rev:         v0.4
[2026-05-23 14:50:58.603] I (189) heap_init: Initializing. RAM available for dynamic allocation:
[2026-05-23 14:50:58.604] I (190) heap_init: At 3FC9C340 len 00023CC0 (143 KiB): RAM
[2026-05-23 14:50:58.606] I (190) heap_init: At 3FCC0000 len 0001C710 (113 KiB): Retention RAM
[2026-05-23 14:50:58.608] I (191) heap_init: At 3FCDC710 len 00002950 (10 KiB): Retention RAM
[2026-05-23 14:50:58.610] I (192) heap_init: At 5000021C len 00001DCC (7 KiB): RTCRAM
[2026-05-23 14:50:58.611] I (193) spi_flash: detected chip: generic
[2026-05-23 14:50:58.612] I (193) spi_flash: flash io: dio
[2026-05-23 14:50:58.615] W (194) spi_flash: Detected size(4096k) larger than the size in the binary image header(2048k). Using the size in the binary image header.
[2026-05-23 14:50:58.615] I (195) sleep_gpio: Configure to isolate all GPIO pins in sleep state
[2026-05-23 14:50:58.616] I (196) sleep_gpio: Enable automatic switching of GPIO sleep configuration
[2026-05-23 14:50:58.616] I (197) main_task: Started on CPU0
[2026-05-23 14:50:58.616] I (197) main_task: Calling app_main()
[2026-05-23 14:50:58.616] WCAN_CFG_WAIT v=1
# UART boot config sent: wcan v=1 role=sensor transport=BROADCAST test_duration_ms=30000 host_wait_time_ms=5000 base=0xd0 count=1 hz=100 linger=100
[2026-05-23 14:50:58.616] WCAN_CFG_WAIT v=1
[2026-05-23 14:51:01.068] WCAN_CFG_ACK
[2026-05-23 14:51:01.069] WCAN_CFG_ACK
[2026-05-23 14:51:01.075] I (2862) pp: pp rom version: 9387209
[2026-05-23 14:51:01.080] I (2863) net80211: net80211 rom version: 9387209
[2026-05-23 14:51:01.086] I (2864) wifi:wifi driver task: 3fca77a4, prio:23, stack:6656, core=0
[2026-05-23 14:51:01.091] I (2868) wifi:wifi firmware version: 79fa3f41ba
[2026-05-23 14:51:01.095] I (2868) wifi:wifi certification version: v7.0
[2026-05-23 14:51:01.099] I (2868) wifi:config NVS flash: enabled
[2026-05-23 14:51:01.103] I (2868) wifi:config nano formatting: disabled
[2026-05-23 14:51:01.107] I (2869) wifi:Init data frame dynamic rx buffer num: 32
[2026-05-23 14:51:01.110] I (2869) wifi:Init static rx mgmt buffer num: 5
[2026-05-23 14:51:01.112] I (2870) wifi:Init management short buffer num: 32
[2026-05-23 14:51:01.114] I (2870) wifi:Init dynamic tx buffer num: 32
[2026-05-23 14:51:01.116] I (2871) wifi:Init static tx FG buffer num: 2
[2026-05-23 14:51:01.117] I (2871) wifi:Init static rx buffer size: 1600
[2026-05-23 14:51:01.119] I (2872) wifi:Init static rx buffer num: 10
[2026-05-23 14:51:01.120] I (2872) wifi:Init dynamic rx buffer num: 32
[2026-05-23 14:51:01.122] I (2873) wifi_init: rx ba win: 6
[2026-05-23 14:51:01.123] I (2874) wifi_init: accept mbox: 6
[2026-05-23 14:51:01.123] I (2874) wifi_init: tcpip mbox: 32
[2026-05-23 14:51:01.124] I (2874) wifi_init: udp mbox: 6
[2026-05-23 14:51:01.125] I (2874) wifi_init: tcp mbox: 6
[2026-05-23 14:51:01.126] I (2875) wifi_init: tcp tx win: 5760
[2026-05-23 14:51:01.127] I (2875) wifi_init: tcp rx win: 5760
[2026-05-23 14:51:01.127] I (2876) wifi_init: tcp mss: 1440
[2026-05-23 14:51:01.128] I (2876) wifi_init: WiFi IRAM OP enabled
[2026-05-23 14:51:01.130] I (2876) wifi_init: WiFi RX IRAM OP enabled
[2026-05-23 14:51:01.131] I (2877) phy_init: phy_version 1200,2b7123f9,Feb 18 2025,15:22:21
[2026-05-23 14:51:01.132] I (2912) wifi:mode : sta (54:32:04:8c:0b:8c)
[2026-05-23 14:51:01.133] I (2912) wifi:enable tsf
[2026-05-23 14:51:01.134] I (2915) ESPNOW: espnow [version: 2.0] init
[2026-05-23 14:51:01.134] WCAN_TEST_READY role=sensor
# Waiting for phased test start
# UART test start sent: WCAN_TEST_START at 2026-05-23T14:51:01.146094
[2026-05-23 14:51:06.326] P(FAIL):7920:d0:40:440:450:11
[2026-05-23 14:51:20.652] P(FAIL):22246:d0:170:1870:1880:11
[2026-05-23 14:51:25.558] P(FAIL):27152:d0:215:2365:2375:11
[2026-05-23 14:51:31.467] P(FAIL):33061:d0:269:2959:2969:11
[2026-05-23 14:51:32.267] P(FAIL):33861:d0:270:2970:2980:11
[2026-05-23 14:51:32.451] WCAN_BATCH id=0xd0 count=273 avg_hz=9.09 avg_points=10.99 min_points=7 max_points=11 avg_interval_ms=110.00 min_interval_ms=109.94 max_interval_ms=110.06 avg_dispatch_ms=1.67 max_dispatch_ms=14.48 dispatched_count=286 avg_queue_wait_ms=13.54 max_queue_wait_ms=296.74
[2026-05-23 14:51:32.452] WCAN_SENSOR_END generated=2998 avg_hz=99.97
[2026-05-23 14:51:32.457] WCAN_MEASURES elapsed_ms=29999 heap_start_free=126648 heap_end_free=141436 heap_start_min_free=126648 heap_end_min_free=126288 heap_start_largest=98304 heap_end_largest=98304 airtime_us_total=474594 packets_sent_total=286 sensor_send_failures_total=0
[2026-05-23 14:51:32.458] WCAN_TEST_END role=sensor

# Monitor stopped: 2026-05-23T14:51:32.458092
