# Monitor started: 2026-05-23T14:50:58.407677
# Port: /dev/ttyACM1, Baud: 921600, Timeout: 35.000s after WCAN_TEST_START

# UART boot config: wcan v=1 role=sensor transport=BROADCAST test_duration_ms=30000 host_wait_time_ms=5000 base=0xe0 count=1 hz=100 linger=100
[2026-05-23 14:50:58.415] ESP-ROM:esp32c3-api1-20210207
[2026-05-23 14:50:58.425] Build:Feb  7 2021
[2026-05-23 14:50:58.443] rst:0x15 (USB_UART_CHIP_RESET),boot:0xd (SPI_FAST_FLASH_BOOT)
[2026-05-23 14:50:58.449] Saved PC:0x40384eba
[2026-05-23 14:50:58.451] SPIWP:0xee
[2026-05-23 14:50:58.457] mode:DIO, clock div:1
[2026-05-23 14:50:58.458] load:0x3fcd5820,len:0x1574
[2026-05-23 14:50:58.464] load:0x403cc710,len:0xc30
[2026-05-23 14:50:58.466] load:0x403ce710,len:0x2fa0
[2026-05-23 14:50:58.468] entry 0x403cc71a
[2026-05-23 14:50:58.470] I (24) boot: ESP-IDF v5.4.1 2nd stage bootloader
[2026-05-23 14:50:58.476] I (24) boot: compile time May 20 2026 00:05:32
[2026-05-23 14:50:58.477] I (25) boot: chip revision: v0.4
[2026-05-23 14:50:58.494] I (25) boot: efuse block revision: v1.3
[2026-05-23 14:50:58.496] I (25) boot.esp32c3: SPI Speed      : 80MHz
[2026-05-23 14:50:58.498] I (25) boot.esp32c3: SPI Mode       : DIO
[2026-05-23 14:50:58.501] I (26) boot.esp32c3: SPI Flash Size : 2MB
[2026-05-23 14:50:58.502] I (26) boot: Enabling RNG early entropy source...
[2026-05-23 14:50:58.506] I (27) boot: Partition Table:
[2026-05-23 14:50:58.507] I (27) boot: ## Label            Usage          Type ST Offset   Length
[2026-05-23 14:50:58.512] I (28) boot:  0 nvs              WiFi data        01 02 00009000 00006000
[2026-05-23 14:50:58.518] I (29) boot:  1 phy_init         RF data          01 01 0000f000 00001000
[2026-05-23 14:50:58.521] I (29) boot:  2 factory          factory app      00 00 00010000 00100000
[2026-05-23 14:50:58.522] I (30) boot: End of partition table
[2026-05-23 14:50:58.531] I (31) esp_image: segment 0: paddr=00010020 vaddr=3c0a0020 size=1977ch (104316) map
[2026-05-23 14:50:58.551] I (48) esp_image: segment 1: paddr=000297a4 vaddr=3fc95200 size=02da0h ( 11680) load
[2026-05-23 14:50:58.555] I (51) esp_image: segment 2: paddr=0002c54c vaddr=40380000 size=03acch ( 15052) load
[2026-05-23 14:50:58.562] I (54) esp_image: segment 3: paddr=00030020 vaddr=42000020 size=9942ch (627756) map
[2026-05-23 14:50:58.565] I (154) esp_image: segment 4: paddr=000c9454 vaddr=40383acc size=11614h ( 71188) load
[2026-05-23 14:50:58.567] I (168) esp_image: segment 5: paddr=000daa70 vaddr=50000200 size=0001ch (    28) load
[2026-05-23 14:50:58.568] I (175) boot: Loaded app from partition at offset 0x10000
[2026-05-23 14:50:58.568] I (175) boot: Disabling RNG early entropy source...
[2026-05-23 14:50:58.569] I (176) cpu_start: Unicore app
[2026-05-23 14:50:58.570] I (185) cpu_start: Pro cpu start user code
[2026-05-23 14:50:58.570] I (185) cpu_start: cpu freq: 160000000 Hz
[2026-05-23 14:50:58.571] I (185) app_init: Application information:
[2026-05-23 14:50:58.572] I (185) app_init: Project name:     sensor_acquirer
[2026-05-23 14:50:58.573] I (185) app_init: App version:      v1.0-171-gbbe0783
[2026-05-23 14:50:58.577] I (186) app_init: Compile time:     May 23 2026 14:30:31
[2026-05-23 14:50:58.579] I (187) app_init: ELF file SHA256:  493679023...
[2026-05-23 14:50:58.581] I (187) app_init: ESP-IDF:          v5.4.1
[2026-05-23 14:50:58.584] I (188) efuse_init: Min chip rev:     v0.3
[2026-05-23 14:50:58.587] I (188) efuse_init: Max chip rev:     v1.99
[2026-05-23 14:50:58.593] I (189) efuse_init: Chip rev:         v0.4
[2026-05-23 14:50:58.595] I (189) heap_init: Initializing. RAM available for dynamic allocation:
[2026-05-23 14:50:58.596] I (190) heap_init: At 3FC9C340 len 00023CC0 (143 KiB): RAM
[2026-05-23 14:50:58.597] I (191) heap_init: At 3FCC0000 len 0001C710 (113 KiB): Retention RAM
[2026-05-23 14:50:58.600] I (191) heap_init: At 3FCDC710 len 00002950 (10 KiB): Retention RAM
[2026-05-23 14:50:58.601] I (192) heap_init: At 5000021C len 00001DCC (7 KiB): RTCRAM
[2026-05-23 14:50:58.603] I (194) spi_flash: detected chip: generic
[2026-05-23 14:50:58.604] I (194) spi_flash: flash io: dio
[2026-05-23 14:50:58.607] W (194) spi_flash: Detected size(4096k) larger than the size in the binary image header(2048k). Using the size in the binary image header.
[2026-05-23 14:50:58.609] I (196) sleep_gpio: Configure to isolate all GPIO pins in sleep state
[2026-05-23 14:50:58.611] I (196) sleep_gpio: Enable automatic switching of GPIO sleep configuration
[2026-05-23 14:50:58.612] I (197) main_task: Started on CPU0
[2026-05-23 14:50:58.613] I (197) main_task: Calling app_main()
[2026-05-23 14:50:58.614] WCAN_CFG_WAIT v=1
# UART boot config sent: wcan v=1 role=sensor transport=BROADCAST test_duration_ms=30000 host_wait_time_ms=5000 base=0xe0 count=1 hz=100 linger=100
[2026-05-23 14:50:58.615] WCAN_CFG_WAIT v=1
[2026-05-23 14:51:01.066] WCAN_CFG_ACK
[2026-05-23 14:51:01.069] WCAN_CFG_ACK
[2026-05-23 14:51:01.072] I (2862) pp: pp rom version: 9387209
[2026-05-23 14:51:01.077] I (2863) net80211: net80211 rom version: 9387209
[2026-05-23 14:51:01.084] I (2864) wifi:wifi driver task: 3fca7720, prio:23, stack:6656, core=0
[2026-05-23 14:51:01.089] I (2868) wifi:wifi firmware version: 79fa3f41ba
[2026-05-23 14:51:01.093] I (2868) wifi:wifi certification version: v7.0
[2026-05-23 14:51:01.097] I (2868) wifi:config NVS flash: enabled
[2026-05-23 14:51:01.101] I (2868) wifi:config nano formatting: disabled
[2026-05-23 14:51:01.106] I (2869) wifi:Init data frame dynamic rx buffer num: 32
[2026-05-23 14:51:01.109] I (2869) wifi:Init static rx mgmt buffer num: 5
[2026-05-23 14:51:01.111] I (2870) wifi:Init management short buffer num: 32
[2026-05-23 14:51:01.113] I (2870) wifi:Init dynamic tx buffer num: 32
[2026-05-23 14:51:01.115] I (2871) wifi:Init static tx FG buffer num: 2
[2026-05-23 14:51:01.117] I (2871) wifi:Init static rx buffer size: 1600
[2026-05-23 14:51:01.118] I (2872) wifi:Init static rx buffer num: 10
[2026-05-23 14:51:01.120] I (2872) wifi:Init dynamic rx buffer num: 32
[2026-05-23 14:51:01.121] I (2873) wifi_init: rx ba win: 6
[2026-05-23 14:51:01.122] I (2874) wifi_init: accept mbox: 6
[2026-05-23 14:51:01.124] I (2874) wifi_init: tcpip mbox: 32
[2026-05-23 14:51:01.125] I (2874) wifi_init: udp mbox: 6
[2026-05-23 14:51:01.126] I (2874) wifi_init: tcp mbox: 6
[2026-05-23 14:51:01.127] I (2875) wifi_init: tcp tx win: 5760
[2026-05-23 14:51:01.128] I (2875) wifi_init: tcp rx win: 5760
[2026-05-23 14:51:01.128] I (2876) wifi_init: tcp mss: 1440
[2026-05-23 14:51:01.130] I (2876) wifi_init: WiFi IRAM OP enabled
[2026-05-23 14:51:01.130] I (2876) wifi_init: WiFi RX IRAM OP enabled
[2026-05-23 14:51:01.132] I (2877) phy_init: phy_version 1200,2b7123f9,Feb 18 2025,15:22:21
[2026-05-23 14:51:01.133] I (2912) wifi:mode : sta (74:4d:bd:e1:d5:b8)
[2026-05-23 14:51:01.133] I (2912) wifi:enable tsf
[2026-05-23 14:51:01.135] I (2915) ESPNOW: espnow [version: 2.0] init
[2026-05-23 14:51:01.135] WCAN_TEST_READY role=sensor
# Waiting for phased test start
# UART test start sent: WCAN_TEST_START at 2026-05-23T14:51:01.146595
[2026-05-23 14:51:01.948] P(FAIL):3543:e0:0:0:10:11
[2026-05-23 14:51:02.296] P(FAIL):3890:e0:4:44:54:11
[2026-05-23 14:51:02.798] P(FAIL):4393:e0:8:88:98:11
[2026-05-23 14:51:03.268] P(FAIL):4863:e0:12:132:142:11
[2026-05-23 14:51:03.732] P(FAIL):5327:e0:16:176:186:11
[2026-05-23 14:51:04.128] P(FAIL):5723:e0:20:220:230:11
[2026-05-23 14:51:04.575] P(FAIL):6169:e0:24:264:274:11
[2026-05-23 14:51:05.061] P(FAIL):6656:e0:28:308:318:11
[2026-05-23 14:51:05.453] P(FAIL):7047:e0:33:363:373:11
[2026-05-23 14:51:05.895] P(FAIL):7489:e0:36:396:406:11
[2026-05-23 14:51:06.797] P(FAIL):8392:e0:44:484:494:11
[2026-05-23 14:51:07.173] P(FAIL):8767:e0:48:528:538:11
[2026-05-23 14:51:07.599] P(FAIL):9193:e0:52:572:582:11
[2026-05-23 14:51:07.944] P(FAIL):9538:e0:55:605:615:11
[2026-05-23 14:51:08.490] P(FAIL):10084:e0:59:649:659:11
[2026-05-23 14:51:08.937] P(FAIL):10532:e0:64:704:714:11
[2026-05-23 14:51:09.329] P(FAIL):10923:e0:68:748:758:11
[2026-05-23 14:51:09.786] P(FAIL):11381:e0:72:792:802:11
[2026-05-23 14:51:10.120] P(FAIL):11714:e0:75:825:835:11
[2026-05-23 14:51:10.496] P(FAIL):12090:e0:78:858:868:11
[2026-05-23 14:51:10.878] P(FAIL):12472:e0:82:902:912:11
[2026-05-23 14:51:11.314] P(FAIL):12909:e0:85:935:945:11
[2026-05-23 14:51:11.643] P(FAIL):13238:e0:89:979:989:11
[2026-05-23 14:51:12.067] P(FAIL):13661:e0:92:1012:1022:11
[2026-05-23 14:51:12.447] P(FAIL):14041:e0:96:1056:1066:11
[2026-05-23 14:51:12.841] P(FAIL):14435:e0:97:1067:1077:11
[2026-05-23 14:51:13.284] P(FAIL):14879:e0:103:1133:1143:11
[2026-05-23 14:51:13.628] P(FAIL):15222:e0:107:1177:1187:11
[2026-05-23 14:51:14.056] P(FAIL):15650:e0:110:1210:1220:11
[2026-05-23 14:51:14.451] P(FAIL):16045:e0:114:1254:1264:11
[2026-05-23 14:51:14.802] P(FAIL):16396:e0:118:1298:1308:11
[2026-05-23 14:51:15.216] P(FAIL):16810:e0:121:1331:1341:11
[2026-05-23 14:51:15.685] P(FAIL):17279:e0:125:1375:1385:11
[2026-05-23 14:51:15.997] P(FAIL):17591:e0:129:1419:1429:11
[2026-05-23 14:51:16.430] P(FAIL):18024:e0:132:1452:1462:11
[2026-05-23 14:51:16.899] P(FAIL):18493:e0:136:1496:1506:11
[2026-05-23 14:51:17.343] P(FAIL):18937:e0:140:1540:1550:11
[2026-05-23 14:51:17.727] P(FAIL):19322:e0:144:1584:1594:11
[2026-05-23 14:51:18.096] P(FAIL):19690:e0:148:1628:1638:11
[2026-05-23 14:51:18.551] P(FAIL):20145:e0:151:1661:1671:11
[2026-05-23 14:51:18.954] P(FAIL):20548:e0:155:1705:1715:11
[2026-05-23 14:51:19.380] P(FAIL):20975:e0:159:1749:1759:11
[2026-05-23 14:51:19.833] P(FAIL):21427:e0:163:1793:1803:11
[2026-05-23 14:51:20.255] P(FAIL):21849:e0:167:1837:1847:11
[2026-05-23 14:51:21.041] P(FAIL):22635:e0:174:1914:1924:11
[2026-05-23 14:51:21.459] P(FAIL):23053:e0:178:1958:1968:11
[2026-05-23 14:51:22.074] P(FAIL):23668:e0:183:2013:2023:11
[2026-05-23 14:51:22.500] P(FAIL):24095:e0:187:2057:2067:11
[2026-05-23 14:51:22.842] P(FAIL):24436:e0:191:2101:2111:11
[2026-05-23 14:51:23.262] P(FAIL):24856:e0:194:2134:2144:11
[2026-05-23 14:51:23.674] P(FAIL):25268:e0:198:2178:2188:11
[2026-05-23 14:51:24.157] P(FAIL):25751:e0:202:2222:2232:11
[2026-05-23 14:51:24.491] P(FAIL):26085:e0:206:2266:2276:11
[2026-05-23 14:51:24.942] P(FAIL):26536:e0:210:2310:2320:11
[2026-05-23 14:51:25.944] P(FAIL):27538:e0:219:2409:2419:11
[2026-05-23 14:51:26.364] P(FAIL):27959:e0:222:2442:2452:11
[2026-05-23 14:51:26.807] P(FAIL):28401:e0:226:2486:2496:11
[2026-05-23 14:51:27.288] P(FAIL):28883:e0:230:2530:2540:11
[2026-05-23 14:51:27.767] P(FAIL):29361:e0:235:2585:2595:11
[2026-05-23 14:51:28.217] P(FAIL):29811:e0:239:2629:2639:11
[2026-05-23 14:51:28.645] P(FAIL):30239:e0:243:2673:2683:11
[2026-05-23 14:51:29.096] P(FAIL):30690:e0:247:2717:2727:11
[2026-05-23 14:51:29.482] P(FAIL):31076:e0:251:2761:2771:11
[2026-05-23 14:51:29.776] P(FAIL):31371:e0:254:2794:2804:11
[2026-05-23 14:51:30.149] P(FAIL):31743:e0:257:2827:2837:11
[2026-05-23 14:51:30.631] P(FAIL):32226:e0:261:2871:2881:11
[2026-05-23 14:51:31.061] P(FAIL):32655:e0:265:2915:2925:11
[2026-05-23 14:51:31.509] P(FAIL):33103:e0:269:2959:2969:11
[2026-05-23 14:51:32.309] P(FAIL):33903:e0:270:2970:2980:11
[2026-05-23 14:51:32.454] WCAN_BATCH id=0xe0 count=273 avg_hz=9.09 avg_points=10.99 min_points=7 max_points=11 avg_interval_ms=110.00 min_interval_ms=109.89 max_interval_ms=110.11 avg_dispatch_ms=1.91 max_dispatch_ms=13.18 dispatched_count=479 avg_queue_wait_ms=135.28 max_queue_wait_ms=516.76
[2026-05-23 14:51:32.454] WCAN_SENSOR_END generated=2998 avg_hz=99.97
[2026-05-23 14:51:32.458] WCAN_MEASURES elapsed_ms=29999 heap_start_free=126780 heap_end_free=141568 heap_start_min_free=126780 heap_end_min_free=126420 heap_start_largest=98304 heap_end_largest=98304 airtime_us_total=909374 packets_sent_total=479 sensor_send_failures_total=0
[2026-05-23 14:51:32.458] WCAN_TEST_END role=sensor

# Monitor stopped: 2026-05-23T14:51:32.458954
