# Monitor started: 2026-05-23T15:32:08.148606
# Port: /dev/ttyACM1, Baud: 921600, Timeout: 35.000s after WCAN_TEST_START

# UART boot config: wcan v=1 role=sensor transport=BROADCAST test_duration_ms=30000 host_wait_time_ms=5000 base=0xe0 count=1 hz=1000 linger=100
[2026-05-23 15:32:08.160] ESP-ROM:esp32c3-api1-20210207
[2026-05-23 15:32:08.166] Build:Feb  7 2021
[2026-05-23 15:32:08.185] rst:0x15 (USB_UART_CHIP_RESET),boot:0xd (SPI_FAST_FLASH_BOOT)
[2026-05-23 15:32:08.192] Saved PC:0x40384eba
[2026-05-23 15:32:08.197] SPIWP:0xee
[2026-05-23 15:32:08.210] mode:DIO, clock div:1
[2026-05-23 15:32:08.217] load:0x3fcd5820,len:0x1574
[2026-05-23 15:32:08.225] load:0x403cc710,len:0xc30
[2026-05-23 15:32:08.230] load:0x403ce710,len:0x2fa0
[2026-05-23 15:32:08.231] entry 0x403cc71a
[2026-05-23 15:32:08.235] I (24) boot: ESP-IDF v5.4.1 2nd stage bootloader
[2026-05-23 15:32:08.236] I (24) boot: compile time May 20 2026 00:05:32
[2026-05-23 15:32:08.237] I (25) boot: chip revision: v0.4
[2026-05-23 15:32:08.239] I (25) boot: efuse block revision: v1.3
[2026-05-23 15:32:08.241] I (25) boot.esp32c3: SPI Speed      : 80MHz
[2026-05-23 15:32:08.242] I (25) boot.esp32c3: SPI Mode       : DIO
[2026-05-23 15:32:08.242] I (26) boot.esp32c3: SPI Flash Size : 2MB
[2026-05-23 15:32:08.244] I (26) boot: Enabling RNG early entropy source...
[2026-05-23 15:32:08.245] I (27) boot: Partition Table:
[2026-05-23 15:32:08.251] I (27) boot: ## Label            Usage          Type ST Offset   Length
[2026-05-23 15:32:08.253] I (28) boot:  0 nvs              WiFi data        01 02 00009000 00006000
[2026-05-23 15:32:08.260] I (29) boot:  1 phy_init         RF data          01 01 0000f000 00001000
[2026-05-23 15:32:08.264] I (29) boot:  2 factory          factory app      00 00 00010000 00100000
[2026-05-23 15:32:08.267] I (30) boot: End of partition table
[2026-05-23 15:32:08.281] I (31) esp_image: segment 0: paddr=00010020 vaddr=3c0a0020 size=1977ch (104316) map
[2026-05-23 15:32:08.284] I (48) esp_image: segment 1: paddr=000297a4 vaddr=3fc95200 size=02da0h ( 11680) load
[2026-05-23 15:32:08.287] I (51) esp_image: segment 2: paddr=0002c54c vaddr=40380000 size=03acch ( 15052) load
[2026-05-23 15:32:08.288] I (54) esp_image: segment 3: paddr=00030020 vaddr=42000020 size=9942ch (627756) map
[2026-05-23 15:32:08.290] I (154) esp_image: segment 4: paddr=000c9454 vaddr=40383acc size=11614h ( 71188) load
[2026-05-23 15:32:08.291] I (168) esp_image: segment 5: paddr=000daa70 vaddr=50000200 size=0001ch (    28) load
[2026-05-23 15:32:08.292] I (175) boot: Loaded app from partition at offset 0x10000
[2026-05-23 15:32:08.294] I (175) boot: Disabling RNG early entropy source...
[2026-05-23 15:32:08.300] I (176) cpu_start: Unicore app
[2026-05-23 15:32:08.301] I (185) cpu_start: Pro cpu start user code
[2026-05-23 15:32:08.304] I (185) cpu_start: cpu freq: 160000000 Hz
[2026-05-23 15:32:08.307] I (185) app_init: Application information:
[2026-05-23 15:32:08.313] I (185) app_init: Project name:     sensor_acquirer
[2026-05-23 15:32:08.315] I (185) app_init: App version:      v1.0-171-gbbe0783
[2026-05-23 15:32:08.316] I (186) app_init: Compile time:     May 23 2026 14:30:31
[2026-05-23 15:32:08.317] I (187) app_init: ELF file SHA256:  493679023...
[2026-05-23 15:32:08.321] I (187) app_init: ESP-IDF:          v5.4.1
[2026-05-23 15:32:08.322] I (188) efuse_init: Min chip rev:     v0.3
[2026-05-23 15:32:08.324] I (188) efuse_init: Max chip rev:     v1.99
[2026-05-23 15:32:08.329] I (189) efuse_init: Chip rev:         v0.4
[2026-05-23 15:32:08.342] I (189) heap_init: Initializing. RAM available for dynamic allocation:
[2026-05-23 15:32:08.343] I (190) heap_init: At 3FC9C340 len 00023CC0 (143 KiB): RAM
[2026-05-23 15:32:08.344] I (191) heap_init: At 3FCC0000 len 0001C710 (113 KiB): Retention RAM
[2026-05-23 15:32:08.346] I (191) heap_init: At 3FCDC710 len 00002950 (10 KiB): Retention RAM
[2026-05-23 15:32:08.347] I (192) heap_init: At 5000021C len 00001DCC (7 KiB): RTCRAM
[2026-05-23 15:32:08.347] I (194) spi_flash: detected chip: generic
[2026-05-23 15:32:08.348] I (194) spi_flash: flash io: dio
[2026-05-23 15:32:08.350] W (194) spi_flash: Detected size(4096k) larger than the size in the binary image header(2048k). Using the size in the binary image header.
[2026-05-23 15:32:08.351] I (196) sleep_gpio: Configure to isolate all GPIO pins in sleep state
[2026-05-23 15:32:08.353] I (196) sleep_gpio: Enable automatic switching of GPIO sleep configuration
[2026-05-23 15:32:08.353] I (197) main_task: Started on CPU0
[2026-05-23 15:32:08.354] I (197) main_task: Calling app_main()
[2026-05-23 15:32:08.354] WCAN_CFG_WAIT v=1
# UART boot config sent: wcan v=1 role=sensor transport=BROADCAST test_duration_ms=30000 host_wait_time_ms=5000 base=0xe0 count=1 hz=1000 linger=100
[2026-05-23 15:32:08.355] WCAN_CFG_WAIT v=1
[2026-05-23 15:32:10.828] WCAN_CFG_ACK
[2026-05-23 15:32:10.829] WCAN_CFG_ACK
[2026-05-23 15:32:10.834] I (2882) pp: pp rom version: 9387209
[2026-05-23 15:32:10.839] I (2883) net80211: net80211 rom version: 9387209
[2026-05-23 15:32:10.846] I (2884) wifi:wifi driver task: 3fca7720, prio:23, stack:6656, core=0
[2026-05-23 15:32:10.849] I (2888) wifi:wifi firmware version: 79fa3f41ba
[2026-05-23 15:32:10.854] I (2888) wifi:wifi certification version: v7.0
[2026-05-23 15:32:10.858] I (2888) wifi:config NVS flash: enabled
[2026-05-23 15:32:10.861] I (2888) wifi:config nano formatting: disabled
[2026-05-23 15:32:10.864] I (2889) wifi:Init data frame dynamic rx buffer num: 32
[2026-05-23 15:32:10.865] I (2889) wifi:Init static rx mgmt buffer num: 5
[2026-05-23 15:32:10.867] I (2890) wifi:Init management short buffer num: 32
[2026-05-23 15:32:10.869] I (2890) wifi:Init dynamic tx buffer num: 32
[2026-05-23 15:32:10.870] I (2891) wifi:Init static tx FG buffer num: 2
[2026-05-23 15:32:10.872] I (2891) wifi:Init static rx buffer size: 1600
[2026-05-23 15:32:10.873] I (2892) wifi:Init static rx buffer num: 10
[2026-05-23 15:32:10.874] I (2892) wifi:Init dynamic rx buffer num: 32
[2026-05-23 15:32:10.875] I (2893) wifi_init: rx ba win: 6
[2026-05-23 15:32:10.876] I (2894) wifi_init: accept mbox: 6
[2026-05-23 15:32:10.876] I (2894) wifi_init: tcpip mbox: 32
[2026-05-23 15:32:10.877] I (2894) wifi_init: udp mbox: 6
[2026-05-23 15:32:10.878] I (2894) wifi_init: tcp mbox: 6
[2026-05-23 15:32:10.879] I (2895) wifi_init: tcp tx win: 5760
[2026-05-23 15:32:10.880] I (2895) wifi_init: tcp rx win: 5760
[2026-05-23 15:32:10.880] I (2896) wifi_init: tcp mss: 1440
[2026-05-23 15:32:10.881] I (2896) wifi_init: WiFi IRAM OP enabled
[2026-05-23 15:32:10.882] I (2896) wifi_init: WiFi RX IRAM OP enabled
[2026-05-23 15:32:10.884] I (2897) phy_init: phy_version 1200,2b7123f9,Feb 18 2025,15:22:21
[2026-05-23 15:32:10.884] I (2932) wifi:mode : sta (74:4d:bd:e1:d5:b8)
[2026-05-23 15:32:10.885] I (2932) wifi:enable tsf
[2026-05-23 15:32:10.886] I (2935) ESPNOW: espnow [version: 2.0] init
[2026-05-23 15:32:10.886] WCAN_TEST_READY role=sensor
# Waiting for phased test start
# UART test start sent: WCAN_TEST_START at 2026-05-23T15:32:10.897681
[2026-05-23 15:32:11.715] P(FAIL):3569:e0:0:0:100:101
[2026-05-23 15:32:12.176] P(FAIL):4030:e0:5:505:605:101
[2026-05-23 15:32:12.572] P(FAIL):4426:e0:9:909:1009:101
[2026-05-23 15:32:13.026] P(FAIL):4880:e0:13:1313:1413:101
[2026-05-23 15:32:13.488] P(FAIL):5342:e0:18:1818:1918:101
[2026-05-23 15:32:13.928] P(FAIL):5781:e0:22:2222:2322:101
[2026-05-23 15:32:14.759] P(FAIL):6613:e0:30:3030:3130:101
[2026-05-23 15:32:15.165] P(FAIL):7018:e0:31:3131:3231:101
[2026-05-23 15:32:15.442] P(FAIL):7296:e0:32:3232:3332:101
[2026-05-23 15:32:15.925] P(FAIL):7777:e0:42:4242:4342:101
[2026-05-23 15:32:16.360] P(FAIL):8214:e0:46:4646:4746:101
[2026-05-23 15:32:16.819] P(FAIL):8672:e0:51:5151:5251:101
[2026-05-23 15:32:17.228] P(FAIL):9081:e0:55:5555:5655:101
[2026-05-23 15:32:17.685] P(FAIL):9539:e0:59:5959:6059:101
[2026-05-23 15:32:18.154] P(FAIL):10008:e0:64:6464:6564:101
[2026-05-23 15:32:18.623] P(FAIL):10477:e0:69:6969:7069:101
[2026-05-23 15:32:18.981] P(FAIL):10834:e0:70:7070:7170:101
[2026-05-23 15:32:19.300] P(FAIL):11153:e0:71:7171:7271:101
[2026-05-23 15:32:19.722] P(FAIL):11575:e0:80:8080:8180:101
[2026-05-23 15:32:20.123] P(FAIL):11976:e0:84:8484:8584:101
[2026-05-23 15:32:20.614] P(FAIL):12468:e0:88:8888:8988:101
[2026-05-23 15:32:21.208] P(FAIL):13061:e0:94:9494:9594:101
[2026-05-23 15:32:21.630] P(FAIL):13484:e0:98:9898:9998:101
[2026-05-23 15:32:22.419] P(FAIL):14273:e0:106:10706:10806:101
[2026-05-23 15:32:22.930] P(FAIL):14783:e0:111:11211:11311:101
[2026-05-23 15:32:23.356] P(FAIL):15210:e0:116:11716:11816:101
[2026-05-23 15:32:23.812] P(FAIL):15665:e0:120:12120:12220:101
[2026-05-23 15:32:24.219] P(FAIL):16072:e0:125:12625:12725:101
[2026-05-23 15:32:24.591] P(FAIL):16444:e0:128:12928:13028:101
[2026-05-23 15:32:25.050] P(FAIL):16904:e0:132:13332:13432:101
[2026-05-23 15:32:25.408] P(FAIL):17261:e0:137:13837:13937:101
[2026-05-23 15:32:25.815] P(FAIL):17668:e0:140:14140:14240:101
[2026-05-23 15:32:26.377] P(FAIL):18230:e0:145:14645:14745:101
[2026-05-23 15:32:26.852] P(FAIL):18705:e0:150:15150:15250:101
[2026-05-23 15:32:27.287] P(FAIL):19140:e0:155:15655:15755:101
[2026-05-23 15:32:27.723] P(FAIL):19576:e0:159:16059:16159:101
[2026-05-23 15:32:28.052] P(FAIL):19905:e0:163:16463:16563:101
[2026-05-23 15:32:28.510] P(FAIL):20363:e0:167:16867:16967:101
[2026-05-23 15:32:28.904] P(FAIL):20757:e0:171:17271:17371:101
[2026-05-23 15:32:29.302] P(FAIL):21155:e0:175:17675:17775:101
[2026-05-23 15:32:29.716] P(FAIL):21570:e0:179:18079:18179:101
[2026-05-23 15:32:30.131] P(FAIL):21984:e0:183:18483:18583:101
[2026-05-23 15:32:30.549] P(FAIL):22402:e0:187:18887:18987:101
[2026-05-23 15:32:30.950] P(FAIL):22803:e0:191:19291:19391:101
[2026-05-23 15:32:31.339] P(FAIL):23193:e0:195:19695:19795:101
[2026-05-23 15:32:31.696] P(FAIL):23549:e0:197:19897:19997:101
[2026-05-23 15:32:32.238] P(FAIL):24092:e0:204:20604:20704:101
[2026-05-23 15:32:32.651] P(FAIL):24504:e0:208:21008:21108:101
[2026-05-23 15:32:33.248] P(FAIL):25101:e0:213:21513:21613:101
[2026-05-23 15:32:33.824] P(FAIL):25677:e0:220:22220:22320:101
[2026-05-23 15:32:34.161] P(FAIL):26014:e0:222:22422:22522:101
[2026-05-23 15:32:34.567] P(FAIL):26421:e0:227:22927:23027:101
[2026-05-23 15:32:36.196] P(FAIL):28050:e0:242:24442:24542:101
[2026-05-23 15:32:36.710] P(FAIL):28563:e0:247:24947:25047:101
[2026-05-23 15:32:37.117] P(FAIL):28970:e0:252:25452:25552:101
[2026-05-23 15:32:37.516] P(FAIL):29369:e0:256:25856:25956:101
[2026-05-23 15:32:37.955] P(FAIL):29808:e0:260:26260:26360:101
[2026-05-23 15:32:38.325] P(FAIL):30178:e0:263:26563:26663:101
[2026-05-23 15:32:38.793] P(FAIL):30646:e0:269:27169:27269:101
[2026-05-23 15:32:39.368] P(FAIL):31222:e0:274:27674:27774:101
[2026-05-23 15:32:39.836] P(FAIL):31689:e0:279:28179:28279:101
[2026-05-23 15:32:40.346] P(FAIL):32199:e0:283:28583:28683:101
[2026-05-23 15:32:40.867] P(FAIL):32720:e0:289:29189:29289:101
[2026-05-23 15:32:41.415] P(FAIL):33268:e0:293:29593:29693:101
[2026-05-23 15:32:42.234] WCAN_BATCH id=0xe0 count=298 avg_hz=9.90 avg_points=100.67 min_points=2 max_points=101 avg_interval_ms=101.00 min_interval_ms=100.75 max_interval_ms=101.25 avg_dispatch_ms=5.03 max_dispatch_ms=13.25 dispatched_count=492 avg_queue_wait_ms=170.09 max_queue_wait_ms=848.78
[2026-05-23 15:32:42.238] WCAN_SENSOR_END generated=29998 avg_hz=1000.00
[2026-05-23 15:32:42.250] WCAN_MEASURES elapsed_ms=29999 heap_start_free=126780 heap_end_free=141568 heap_start_min_free=124628 heap_end_min_free=123952 heap_start_largest=98304 heap_end_largest=98304 airtime_us_total=2472102 packets_sent_total=492 sensor_send_failures_total=0
[2026-05-23 15:32:42.251] WCAN_TEST_END role=sensor

# Monitor stopped: 2026-05-23T15:32:42.251224
