# Monitor started: 2026-05-23T15:32:08.148797
# Port: /dev/ttyACM0, Baud: 921600, Timeout: 35.000s after WCAN_TEST_START

# UART boot config: wcan v=1 role=sensor transport=BROADCAST test_duration_ms=30000 host_wait_time_ms=5000 base=0xd0 count=1 hz=1000 linger=100
[2026-05-23 15:32:08.157] ESP-ROM:esp32c3-api1-20210207
[2026-05-23 15:32:08.163] Build:Feb  7 2021
[2026-05-23 15:32:08.185] rst:0x15 (USB_UART_CHIP_RESET),boot:0xd (SPI_FAST_FLASH_BOOT)
[2026-05-23 15:32:08.194] Saved PC:0x40384eba
[2026-05-23 15:32:08.197] SPIWP:0xee
[2026-05-23 15:32:08.203] mode:DIO, clock div:1
[2026-05-23 15:32:08.210] load:0x3fcd5820,len:0x1574
[2026-05-23 15:32:08.217] load:0x403cc710,len:0xc30
[2026-05-23 15:32:08.227] load:0x403ce710,len:0x2fa0
[2026-05-23 15:32:08.229] entry 0x403cc71a
[2026-05-23 15:32:08.238] I (24) boot: ESP-IDF v5.4.1 2nd stage bootloader
[2026-05-23 15:32:08.246] I (24) boot: compile time May 20 2026 00:05:32
[2026-05-23 15:32:08.248] I (25) boot: chip revision: v0.4
[2026-05-23 15:32:08.249] I (25) boot: efuse block revision: v1.3
[2026-05-23 15:32:08.254] I (25) boot.esp32c3: SPI Speed      : 80MHz
[2026-05-23 15:32:08.256] I (25) boot.esp32c3: SPI Mode       : DIO
[2026-05-23 15:32:08.259] I (26) boot.esp32c3: SPI Flash Size : 2MB
[2026-05-23 15:32:08.264] I (26) boot: Enabling RNG early entropy source...
[2026-05-23 15:32:08.265] I (27) boot: Partition Table:
[2026-05-23 15:32:08.269] I (27) boot: ## Label            Usage          Type ST Offset   Length
[2026-05-23 15:32:08.273] I (28) boot:  0 nvs              WiFi data        01 02 00009000 00006000
[2026-05-23 15:32:08.275] I (29) boot:  1 phy_init         RF data          01 01 0000f000 00001000
[2026-05-23 15:32:08.278] I (29) boot:  2 factory          factory app      00 00 00010000 00100000
[2026-05-23 15:32:08.285] I (30) boot: End of partition table
[2026-05-23 15:32:08.296] I (31) esp_image: segment 0: paddr=00010020 vaddr=3c0a0020 size=1977ch (104316) map
[2026-05-23 15:32:08.299] I (48) esp_image: segment 1: paddr=000297a4 vaddr=3fc95200 size=02da0h ( 11680) load
[2026-05-23 15:32:08.304] I (51) esp_image: segment 2: paddr=0002c54c vaddr=40380000 size=03acch ( 15052) load
[2026-05-23 15:32:08.308] I (54) esp_image: segment 3: paddr=00030020 vaddr=42000020 size=9942ch (627756) map
[2026-05-23 15:32:08.310] I (154) esp_image: segment 4: paddr=000c9454 vaddr=40383acc size=11614h ( 71188) load
[2026-05-23 15:32:08.311] I (168) esp_image: segment 5: paddr=000daa70 vaddr=50000200 size=0001ch (    28) load
[2026-05-23 15:32:08.314] I (175) boot: Loaded app from partition at offset 0x10000
[2026-05-23 15:32:08.319] I (175) boot: Disabling RNG early entropy source...
[2026-05-23 15:32:08.320] I (176) cpu_start: Unicore app
[2026-05-23 15:32:08.323] I (185) cpu_start: Pro cpu start user code
[2026-05-23 15:32:08.326] I (185) cpu_start: cpu freq: 160000000 Hz
[2026-05-23 15:32:08.328] I (185) app_init: Application information:
[2026-05-23 15:32:08.329] I (185) app_init: Project name:     sensor_acquirer
[2026-05-23 15:32:08.330] I (185) app_init: App version:      v1.0-171-gbbe0783
[2026-05-23 15:32:08.333] I (186) app_init: Compile time:     May 23 2026 14:30:31
[2026-05-23 15:32:08.336] I (187) app_init: ELF file SHA256:  493679023...
[2026-05-23 15:32:08.338] I (187) app_init: ESP-IDF:          v5.4.1
[2026-05-23 15:32:08.339] I (188) efuse_init: Min chip rev:     v0.3
[2026-05-23 15:32:08.339] I (188) efuse_init: Max chip rev:     v1.99
[2026-05-23 15:32:08.341] I (189) efuse_init: Chip rev:         v0.4
[2026-05-23 15:32:08.342] I (189) heap_init: Initializing. RAM available for dynamic allocation:
[2026-05-23 15:32:08.344] I (190) heap_init: At 3FC9C340 len 00023CC0 (143 KiB): RAM
[2026-05-23 15:32:08.345] I (190) heap_init: At 3FCC0000 len 0001C710 (113 KiB): Retention RAM
[2026-05-23 15:32:08.346] I (191) heap_init: At 3FCDC710 len 00002950 (10 KiB): Retention RAM
[2026-05-23 15:32:08.348] I (192) heap_init: At 5000021C len 00001DCC (7 KiB): RTCRAM
[2026-05-23 15:32:08.348] I (194) spi_flash: detected chip: generic
[2026-05-23 15:32:08.349] I (194) spi_flash: flash io: dio
[2026-05-23 15:32:08.351] W (194) spi_flash: Detected size(4096k) larger than the size in the binary image header(2048k). Using the size in the binary image header.
[2026-05-23 15:32:08.352] I (195) sleep_gpio: Configure to isolate all GPIO pins in sleep state
[2026-05-23 15:32:08.353] I (196) sleep_gpio: Enable automatic switching of GPIO sleep configuration
[2026-05-23 15:32:08.354] I (197) main_task: Started on CPU0
[2026-05-23 15:32:08.354] I (197) main_task: Calling app_main()
[2026-05-23 15:32:08.355] WCAN_CFG_WAIT v=1
# UART boot config sent: wcan v=1 role=sensor transport=BROADCAST test_duration_ms=30000 host_wait_time_ms=5000 base=0xd0 count=1 hz=1000 linger=100
[2026-05-23 15:32:08.356] WCAN_CFG_WAIT v=1
[2026-05-23 15:32:10.827] WCAN_CFG_ACK
[2026-05-23 15:32:10.828] WCAN_CFG_ACK
[2026-05-23 15:32:10.835] I (2882) pp: pp rom version: 9387209
[2026-05-23 15:32:10.839] I (2883) net80211: net80211 rom version: 9387209
[2026-05-23 15:32:10.845] I (2884) wifi:wifi driver task: 3fca77a4, prio:23, stack:6656, core=0
[2026-05-23 15:32:10.849] I (2888) wifi:wifi firmware version: 79fa3f41ba
[2026-05-23 15:32:10.853] I (2888) wifi:wifi certification version: v7.0
[2026-05-23 15:32:10.856] I (2888) wifi:config NVS flash: enabled
[2026-05-23 15:32:10.859] I (2888) wifi:config nano formatting: disabled
[2026-05-23 15:32:10.862] I (2889) wifi:Init data frame dynamic rx buffer num: 32
[2026-05-23 15:32:10.864] I (2889) wifi:Init static rx mgmt buffer num: 5
[2026-05-23 15:32:10.866] I (2890) wifi:Init management short buffer num: 32
[2026-05-23 15:32:10.868] I (2890) wifi:Init dynamic tx buffer num: 32
[2026-05-23 15:32:10.869] I (2891) wifi:Init static tx FG buffer num: 2
[2026-05-23 15:32:10.871] I (2891) wifi:Init static rx buffer size: 1600
[2026-05-23 15:32:10.872] I (2892) wifi:Init static rx buffer num: 10
[2026-05-23 15:32:10.873] I (2892) wifi:Init dynamic rx buffer num: 32
[2026-05-23 15:32:10.874] I (2893) wifi_init: rx ba win: 6
[2026-05-23 15:32:10.875] I (2894) wifi_init: accept mbox: 6
[2026-05-23 15:32:10.876] I (2894) wifi_init: tcpip mbox: 32
[2026-05-23 15:32:10.877] I (2894) wifi_init: udp mbox: 6
[2026-05-23 15:32:10.878] I (2894) wifi_init: tcp mbox: 6
[2026-05-23 15:32:10.879] I (2895) wifi_init: tcp tx win: 5760
[2026-05-23 15:32:10.879] I (2895) wifi_init: tcp rx win: 5760
[2026-05-23 15:32:10.880] I (2896) wifi_init: tcp mss: 1440
[2026-05-23 15:32:10.881] I (2896) wifi_init: WiFi IRAM OP enabled
[2026-05-23 15:32:10.882] I (2896) wifi_init: WiFi RX IRAM OP enabled
[2026-05-23 15:32:10.883] I (2897) phy_init: phy_version 1200,2b7123f9,Feb 18 2025,15:22:21
[2026-05-23 15:32:10.884] I (2931) wifi:mode : sta (54:32:04:8c:0b:8c)
[2026-05-23 15:32:10.884] I (2931) wifi:enable tsf
[2026-05-23 15:32:10.885] I (2934) ESPNOW: espnow [version: 2.0] init
[2026-05-23 15:32:10.886] WCAN_TEST_READY role=sensor
# Waiting for phased test start
# UART test start sent: WCAN_TEST_START at 2026-05-23T15:32:10.897723
[2026-05-23 15:32:11.711] P(FAIL):3565:d0:0:0:100:101
[2026-05-23 15:32:12.034] P(FAIL):3888:d0:1:101:201:101
[2026-05-23 15:32:12.490] P(FAIL):4343:d0:8:808:908:101
[2026-05-23 15:32:12.923] P(FAIL):4777:d0:12:1212:1312:101
[2026-05-23 15:32:13.328] P(FAIL):5182:d0:13:1313:1413:101
[2026-05-23 15:32:13.804] P(FAIL):5658:d0:21:2121:2221:101
[2026-05-23 15:32:14.285] P(FAIL):6139:d0:25:2525:2625:101
[2026-05-23 15:32:15.154] P(FAIL):7008:d0:34:3434:3534:101
[2026-05-23 15:32:15.633] P(FAIL):7487:d0:39:3939:4039:101
[2026-05-23 15:32:15.987] P(FAIL):7841:d0:42:4242:4342:101
[2026-05-23 15:32:16.494] P(FAIL):8348:d0:48:4848:4948:101
[2026-05-23 15:32:16.918] P(FAIL):8772:d0:52:5252:5352:101
[2026-05-23 15:32:17.324] P(FAIL):9178:d0:56:5656:5756:101
[2026-05-23 15:32:17.786] P(FAIL):9640:d0:60:6060:6160:101
[2026-05-23 15:32:18.257] P(FAIL):10111:d0:65:6565:6665:101
[2026-05-23 15:32:19.172] P(FAIL):11025:d0:74:7474:7574:101
[2026-05-23 15:32:19.934] P(FAIL):11788:d0:82:8282:8382:101
[2026-05-23 15:32:20.434] P(FAIL):12288:d0:87:8787:8887:101
[2026-05-23 15:32:20.888] P(FAIL):12742:d0:91:9191:9291:101
[2026-05-23 15:32:21.225] P(FAIL):13079:d0:94:9494:9594:101
[2026-05-23 15:32:21.581] P(FAIL):13434:d0:95:9595:9695:101
[2026-05-23 15:32:22.014] P(FAIL):13868:d0:102:10302:10402:101
[2026-05-23 15:32:22.542] P(FAIL):14396:d0:107:10807:10907:101
[2026-05-23 15:32:23.068] P(FAIL):14921:d0:112:11312:11412:101
[2026-05-23 15:32:23.430] P(FAIL):15284:d0:117:11817:11917:101
[2026-05-23 15:32:23.903] P(FAIL):15757:d0:120:12120:12220:101
[2026-05-23 15:32:24.726] P(FAIL):16580:d0:129:13029:13129:101
[2026-05-23 15:32:25.095] P(FAIL):16948:d0:132:13332:13432:101
[2026-05-23 15:32:25.916] P(FAIL):17770:d0:142:14342:14442:101
[2026-05-23 15:32:26.327] P(FAIL):18180:d0:143:14443:14543:101
[2026-05-23 15:32:26.955] P(FAIL):18808:d0:151:15251:15351:101
[2026-05-23 15:32:27.505] P(FAIL):19359:d0:157:15857:15957:101
[2026-05-23 15:32:27.893] P(FAIL):19746:d0:161:16261:16361:101
[2026-05-23 15:32:28.337] P(FAIL):20190:d0:165:16665:16765:101
[2026-05-23 15:32:28.753] P(FAIL):20606:d0:169:17069:17169:101
[2026-05-23 15:32:29.188] P(FAIL):21041:d0:174:17574:17674:101
[2026-05-23 15:32:29.595] P(FAIL):21448:d0:178:17978:18078:101
[2026-05-23 15:32:30.009] P(FAIL):21862:d0:182:18382:18482:101
[2026-05-23 15:32:30.872] P(FAIL):22726:d0:190:19190:19290:101
[2026-05-23 15:32:31.343] P(FAIL):23197:d0:195:19695:19795:101
[2026-05-23 15:32:31.743] P(FAIL):23597:d0:196:19796:19896:101
[2026-05-23 15:32:32.403] P(FAIL):24256:d0:206:20806:20906:101
[2026-05-23 15:32:32.821] P(FAIL):24674:d0:209:21109:21209:101
[2026-05-23 15:32:33.132] P(FAIL):24985:d0:210:21210:21310:101
[2026-05-23 15:32:33.592] P(FAIL):25445:d0:217:21917:22017:101
[2026-05-23 15:32:33.950] P(FAIL):25803:d0:221:22321:22421:101
[2026-05-23 15:32:34.522] P(FAIL):26376:d0:227:22927:23027:101
[2026-05-23 15:32:34.902] P(FAIL):26755:d0:230:23230:23330:101
[2026-05-23 15:32:35.240] P(FAIL):27093:d0:231:23331:23431:101
[2026-05-23 15:32:35.622] P(FAIL):27475:d0:233:23533:23633:101
[2026-05-23 15:32:35.922] P(FAIL):27775:d0:235:23735:23835:101
[2026-05-23 15:32:36.784] P(FAIL):28637:d0:248:25048:25148:101
[2026-05-23 15:32:37.164] P(FAIL):29017:d0:253:25553:25653:101
[2026-05-23 15:32:37.598] P(FAIL):29451:d0:254:25654:25754:101
[2026-05-23 15:32:38.061] P(FAIL):29914:d0:261:26361:26461:101
[2026-05-23 15:32:38.429] P(FAIL):30282:d0:264:26664:26764:101
[2026-05-23 15:32:38.763] P(FAIL):30616:d0:269:27169:27269:101
[2026-05-23 15:32:39.147] P(FAIL):31000:d0:272:27472:27572:101
[2026-05-23 15:32:39.577] P(FAIL):31430:d0:276:27876:27976:101
[2026-05-23 15:32:40.043] P(FAIL):31896:d0:281:28381:28481:101
[2026-05-23 15:32:40.497] P(FAIL):32350:d0:285:28785:28885:101
[2026-05-23 15:32:40.808] P(FAIL):32661:d0:286:28886:28986:101
[2026-05-23 15:32:41.269] P(FAIL):33122:d0:293:29593:29693:101
[2026-05-23 15:32:42.068] P(FAIL):33922:d0:294:29694:29794:101
[2026-05-23 15:32:42.228] WCAN_BATCH id=0xd0 count=298 avg_hz=9.90 avg_points=100.67 min_points=2 max_points=101 avg_interval_ms=101.00 min_interval_ms=100.73 max_interval_ms=101.23 avg_dispatch_ms=5.06 max_dispatch_ms=11.53 dispatched_count=492 avg_queue_wait_ms=192.84 max_queue_wait_ms=806.79
[2026-05-23 15:32:42.233] WCAN_SENSOR_END generated=29998 avg_hz=1000.00
[2026-05-23 15:32:42.249] WCAN_MEASURES elapsed_ms=29999 heap_start_free=126648 heap_end_free=141280 heap_start_min_free=124496 heap_end_min_free=123820 heap_start_largest=98304 heap_end_largest=98304 airtime_us_total=2483103 packets_sent_total=492 sensor_send_failures_total=0
[2026-05-23 15:32:42.250] WCAN_TEST_END role=sensor

# Monitor stopped: 2026-05-23T15:32:42.250436
