# Monitor started: 2026-05-23T17:46:10.967360
# Port: /dev/ttyACM0, Baud: 921600, Timeout: 35.000s after WCAN_TEST_START

# UART boot config: wcan v=1 role=sensor transport=BROADCAST test_duration_ms=30000 host_wait_time_ms=5000 base=0xd0 count=1 hz=10 linger=100
[2026-05-23 17:46:10.968] ESP-ROM:esp32c3-api1-20210207
[2026-05-23 17:46:10.971] Build:Feb  7 2021
[2026-05-23 17:46:10.991] rst:0x15 (USB_UART_CHIP_RESET),boot:0xd (SPI_FAST_FLASH_BOOT)
[2026-05-23 17:46:10.998] Saved PC:0x40384eba
[2026-05-23 17:46:10.999] SPIWP:0xee
[2026-05-23 17:46:11.000] mode:DIO, clock div:1
[2026-05-23 17:46:11.003] load:0x3fcd5820,len:0x1574
[2026-05-23 17:46:11.009] load:0x403cc710,len:0xc30
[2026-05-23 17:46:11.012] load:0x403ce710,len:0x2fa0
[2026-05-23 17:46:11.015] entry 0x403cc71a
[2026-05-23 17:46:11.021] I (24) boot: ESP-IDF v5.4.1 2nd stage bootloader
[2026-05-23 17:46:11.029] I (24) boot: compile time May 20 2026 00:05:32
[2026-05-23 17:46:11.035] I (25) boot: chip revision: v0.4
[2026-05-23 17:46:11.039] I (25) boot: efuse block revision: v1.3
[2026-05-23 17:46:11.042] I (25) boot.esp32c3: SPI Speed      : 80MHz
[2026-05-23 17:46:11.045] I (25) boot.esp32c3: SPI Mode       : DIO
[2026-05-23 17:46:11.048] I (26) boot.esp32c3: SPI Flash Size : 2MB
[2026-05-23 17:46:11.050] I (26) boot: Enabling RNG early entropy source...
[2026-05-23 17:46:11.053] I (27) boot: Partition Table:
[2026-05-23 17:46:11.069] I (27) boot: ## Label            Usage          Type ST Offset   Length
[2026-05-23 17:46:11.079] I (28) boot:  0 nvs              WiFi data        01 02 00009000 00006000
[2026-05-23 17:46:11.093] I (29) boot:  1 phy_init         RF data          01 01 0000f000 00001000
[2026-05-23 17:46:11.102] I (29) boot:  2 factory          factory app      00 00 00010000 00100000
[2026-05-23 17:46:11.112] I (30) boot: End of partition table
[2026-05-23 17:46:11.115] I (31) esp_image: segment 0: paddr=00010020 vaddr=3c0a0020 size=1977ch (104316) map
[2026-05-23 17:46:11.119] I (48) esp_image: segment 1: paddr=000297a4 vaddr=3fc95200 size=02da0h ( 11680) load
[2026-05-23 17:46:11.121] I (51) esp_image: segment 2: paddr=0002c54c vaddr=40380000 size=03acch ( 15052) load
[2026-05-23 17:46:11.124] I (54) esp_image: segment 3: paddr=00030020 vaddr=42000020 size=9942ch (627756) map
[2026-05-23 17:46:11.125] I (154) esp_image: segment 4: paddr=000c9454 vaddr=40383acc size=11614h ( 71188) load
[2026-05-23 17:46:11.127] I (168) esp_image: segment 5: paddr=000daa70 vaddr=50000200 size=0001ch (    28) load
[2026-05-23 17:46:11.128] I (175) boot: Loaded app from partition at offset 0x10000
[2026-05-23 17:46:11.129] I (175) boot: Disabling RNG early entropy source...
[2026-05-23 17:46:11.130] I (176) cpu_start: Unicore app
[2026-05-23 17:46:11.131] I (185) cpu_start: Pro cpu start user code
[2026-05-23 17:46:11.131] I (185) cpu_start: cpu freq: 160000000 Hz
[2026-05-23 17:46:11.132] I (185) app_init: Application information:
[2026-05-23 17:46:11.133] I (185) app_init: Project name:     sensor_acquirer
[2026-05-23 17:46:11.134] I (185) app_init: App version:      v1.0-171-gbbe0783
[2026-05-23 17:46:11.135] I (186) app_init: Compile time:     May 23 2026 14:30:31
[2026-05-23 17:46:11.137] I (187) app_init: ELF file SHA256:  493679023...
[2026-05-23 17:46:11.138] I (187) app_init: ESP-IDF:          v5.4.1
[2026-05-23 17:46:11.138] I (188) efuse_init: Min chip rev:     v0.3
[2026-05-23 17:46:11.139] I (188) efuse_init: Max chip rev:     v1.99
[2026-05-23 17:46:11.140] I (189) efuse_init: Chip rev:         v0.4
[2026-05-23 17:46:11.141] I (189) heap_init: Initializing. RAM available for dynamic allocation:
[2026-05-23 17:46:11.142] I (190) heap_init: At 3FC9C340 len 00023CC0 (143 KiB): RAM
[2026-05-23 17:46:11.143] I (190) heap_init: At 3FCC0000 len 0001C710 (113 KiB): Retention RAM
[2026-05-23 17:46:11.144] I (191) heap_init: At 3FCDC710 len 00002950 (10 KiB): Retention RAM
[2026-05-23 17:46:11.145] I (192) heap_init: At 5000021C len 00001DCC (7 KiB): RTCRAM
[2026-05-23 17:46:11.146] I (194) spi_flash: detected chip: generic
[2026-05-23 17:46:11.147] I (194) spi_flash: flash io: dio
[2026-05-23 17:46:11.150] W (194) spi_flash: Detected size(4096k) larger than the size in the binary image header(2048k). Using the size in the binary image header.
[2026-05-23 17:46:11.151] I (195) sleep_gpio: Configure to isolate all GPIO pins in sleep state
[2026-05-23 17:46:11.152] I (196) sleep_gpio: Enable automatic switching of GPIO sleep configuration
[2026-05-23 17:46:11.153] I (197) main_task: Started on CPU0
[2026-05-23 17:46:11.153] I (197) main_task: Calling app_main()
[2026-05-23 17:46:11.153] WCAN_CFG_WAIT v=1
# UART boot config sent: wcan v=1 role=sensor transport=BROADCAST test_duration_ms=30000 host_wait_time_ms=5000 base=0xd0 count=1 hz=10 linger=100
[2026-05-23 17:46:11.153] WCAN_CFG_WAIT v=1
[2026-05-23 17:46:13.573] WCAN_CFG_ACK
[2026-05-23 17:46:13.574] WCAN_CFG_ACK
[2026-05-23 17:46:13.583] I (2810) pp: pp rom version: 9387209
[2026-05-23 17:46:13.588] I (2811) net80211: net80211 rom version: 9387209
[2026-05-23 17:46:13.594] I (2812) wifi:wifi driver task: 3fca77a4, prio:23, stack:6656, core=0
[2026-05-23 17:46:13.598] I (2816) wifi:wifi firmware version: 79fa3f41ba
[2026-05-23 17:46:13.604] I (2816) wifi:wifi certification version: v7.0
[2026-05-23 17:46:13.607] I (2816) wifi:config NVS flash: enabled
[2026-05-23 17:46:13.612] I (2816) wifi:config nano formatting: disabled
[2026-05-23 17:46:13.615] I (2817) wifi:Init data frame dynamic rx buffer num: 32
[2026-05-23 17:46:13.618] I (2817) wifi:Init static rx mgmt buffer num: 5
[2026-05-23 17:46:13.620] I (2818) wifi:Init management short buffer num: 32
[2026-05-23 17:46:13.622] I (2818) wifi:Init dynamic tx buffer num: 32
[2026-05-23 17:46:13.623] I (2819) wifi:Init static tx FG buffer num: 2
[2026-05-23 17:46:13.625] I (2819) wifi:Init static rx buffer size: 1600
[2026-05-23 17:46:13.626] I (2820) wifi:Init static rx buffer num: 10
[2026-05-23 17:46:13.629] I (2820) wifi:Init dynamic rx buffer num: 32
[2026-05-23 17:46:13.630] I (2821) wifi_init: rx ba win: 6
[2026-05-23 17:46:13.631] I (2822) wifi_init: accept mbox: 6
[2026-05-23 17:46:13.632] I (2822) wifi_init: tcpip mbox: 32
[2026-05-23 17:46:13.633] I (2822) wifi_init: udp mbox: 6
[2026-05-23 17:46:13.634] I (2822) wifi_init: tcp mbox: 6
[2026-05-23 17:46:13.635] I (2823) wifi_init: tcp tx win: 5760
[2026-05-23 17:46:13.636] I (2823) wifi_init: tcp rx win: 5760
[2026-05-23 17:46:13.636] I (2824) wifi_init: tcp mss: 1440
[2026-05-23 17:46:13.637] I (2824) wifi_init: WiFi IRAM OP enabled
[2026-05-23 17:46:13.638] I (2824) wifi_init: WiFi RX IRAM OP enabled
[2026-05-23 17:46:13.639] I (2825) phy_init: phy_version 1200,2b7123f9,Feb 18 2025,15:22:21
[2026-05-23 17:46:13.640] I (2859) wifi:mode : sta (54:32:04:8c:0b:8c)
[2026-05-23 17:46:13.640] I (2860) wifi:enable tsf
[2026-05-23 17:46:13.641] I (2863) ESPNOW: espnow [version: 2.0] init
[2026-05-23 17:46:13.641] WCAN_TEST_READY role=sensor
# Waiting for phased test start
# UART test start sent: WCAN_TEST_START at 2026-05-23T17:46:13.652471
[2026-05-23 17:46:44.364] P(FAIL):33399:d0:148:296:297:2
[2026-05-23 17:46:44.970] WCAN_BATCH id=0xd0 count=150 avg_hz=5.00 avg_points=1.99 min_points=1 max_points=2 avg_interval_ms=200.00 min_interval_ms=199.96 max_interval_ms=200.03 avg_dispatch_ms=1.54 max_dispatch_ms=4.30 dispatched_count=152 avg_queue_wait_ms=2.15 max_queue_wait_ms=112.74
[2026-05-23 17:46:44.973] WCAN_SENSOR_END generated=298 avg_hz=9.97
[2026-05-23 17:46:44.986] WCAN_MEASURES elapsed_ms=29999 heap_start_free=126648 heap_end_free=141436 heap_start_min_free=126648 heap_end_min_free=126356 heap_start_largest=98304 heap_end_largest=98304 airtime_us_total=232383 packets_sent_total=152 sensor_send_failures_total=0
[2026-05-23 17:46:44.987] WCAN_TEST_END role=sensor

# Monitor stopped: 2026-05-23T17:46:44.987096
