# Monitor started: 2026-04-22T17:56:11.677865
# Port: COM24, Baud: 115200, Duration: 30s

[2026-04-22 17:56:11.680] size�ets Jul 29 2019 12:21:46
[2026-04-22 17:56:11.680] 
[2026-04-22 17:56:11.680] rst:0x1 (POWERON_RESET),boot:0x13 (SPI_FAST_FLASH_BOOT)
[2026-04-22 17:56:11.684] configsip: 0, SPIWP:0xee
[2026-04-22 17:56:11.690] clk_drv:0x00,q_drv:0x00,d_drv:0x00,cs0_drv:0x00,hd_drv:0x00,wp_drv:0x00
[2026-04-22 17:56:11.690] mode:DIO, clock div:2
[2026-04-22 17:56:11.691] load:0x3fff0030,len:6276
[2026-04-22 17:56:11.694] load:0x40078000,len:15748
[2026-04-22 17:56:11.696] load:0x40080400,len:4
[2026-04-22 17:56:11.698] ho 8 tail 4 room 4
[2026-04-22 17:56:11.701] load:0x40080404,len:3860
[2026-04-22 17:56:11.703] entry 0x4008063c
[2026-04-22 17:56:11.708] I (31) boot: ESP-IDF v5.4.1 2nd stage bootloader
[2026-04-22 17:56:11.714] I (31) boot: compile time Apr 22 2026 16:40:53
[2026-04-22 17:56:11.718] I (31) boot: Multicore bootloader
[2026-04-22 17:56:11.721] I (32) boot: chip revision: v3.1
[2026-04-22 17:56:11.725] I (35) boot.esp32: SPI Speed      : 40MHz
[2026-04-22 17:56:11.729] I (39) boot.esp32: SPI Mode       : DIO
[2026-04-22 17:56:11.733] I (43) boot.esp32: SPI Flash Size : 2MB
[2026-04-22 17:56:11.737] I (46) boot: Enabling RNG early entropy source...
[2026-04-22 17:56:11.741] I (51) boot: Partition Table:
[2026-04-22 17:56:11.749] I (53) boot: ## Label            Usage          Type ST Offset   Length
[2026-04-22 17:56:11.756] I (60) boot:  0 nvs              WiFi data        01 02 00009000 00006000
[2026-04-22 17:56:11.763] I (66) boot:  1 phy_init         RF data          01 01 0000f000 00001000
[2026-04-22 17:56:11.769] I (73) boot:  2 factory          factory app      00 00 00010000 00100000
[2026-04-22 17:56:11.773] I (79) boot: End of partition table
[2026-04-22 17:56:11.781] I (82) esp_image: segment 0: paddr=00010020 vaddr=3f400020 size=18654h ( 99924) map
[2026-04-22 17:56:11.790] I (124) esp_image: segment 1: paddr=0002867c vaddr=3ff80000 size=0001ch (    28) load
[2026-04-22 17:56:11.796] I (124) esp_image: segment 2: paddr=000286a0 vaddr=3ffb0000 size=03ea8h ( 16040) load
[2026-04-22 17:56:11.805] I (134) esp_image: segment 3: paddr=0002c550 vaddr=40080000 size=03ac8h ( 15048) load
[2026-04-22 17:56:11.814] I (141) esp_image: segment 4: paddr=00030020 vaddr=400d0020 size=7ff84h (524164) map
[2026-04-22 17:56:11.824] I (322) esp_image: segment 5: paddr=000affac vaddr=40083ac8 size=14260h ( 82528) load
[2026-04-22 17:56:11.828] I (366) boot: Loaded app from partition at offset 0x10000
[2026-04-22 17:56:11.831] I (366) boot: Disabling RNG early entropy source...
[2026-04-22 17:56:11.835] I (376) cpu_start: Multicore app
[2026-04-22 17:56:11.837] I (385) cpu_start: Pro cpu start user code
[2026-04-22 17:56:11.838] I (385) cpu_start: cpu freq: 160000000 Hz
[2026-04-22 17:56:11.843] I (385) app_init: Application information:
[2026-04-22 17:56:11.849] I (385) app_init: Project name:     sensor_acquirer
[2026-04-22 17:56:11.854] I (389) app_init: App version:      e468f2b-dirty
[2026-04-22 17:56:11.858] I (394) app_init: Compile time:     Apr 22 2026 16:39:58
[2026-04-22 17:56:11.862] I (399) app_init: ELF file SHA256:  91b0c478b...
[2026-04-22 17:56:11.866] I (403) app_init: ESP-IDF:          v5.4.1
[2026-04-22 17:56:11.869] I (407) efuse_init: Min chip rev:     v0.0
[2026-04-22 17:56:11.874] I (411) efuse_init: Max chip rev:     v3.99
[2026-04-22 17:56:11.878] I (415) efuse_init: Chip rev:         v3.1
[2026-04-22 17:56:11.885] I (419) heap_init: Initializing. RAM available for dynamic allocation:
[2026-04-22 17:56:11.891] I (425) heap_init: At 3FFAE6E0 len 00001920 (6 KiB): DRAM
[2026-04-22 17:56:11.896] I (430) heap_init: At 3FFB82B8 len 00027D48 (159 KiB): DRAM
[2026-04-22 17:56:11.902] I (435) heap_init: At 3FFE0440 len 00003AE0 (14 KiB): D/IRAM
[2026-04-22 17:56:11.909] I (441) heap_init: At 3FFE4350 len 0001BCB0 (111 KiB): D/IRAM
[2026-04-22 17:56:11.915] I (446) heap_init: At 40097D28 len 000082D8 (32 KiB): IRAM
[2026-04-22 17:56:11.919] I (453) spi_flash: detected chip: generic
[2026-04-22 17:56:11.921] I (455) spi_flash: flash io: dio
[2026-04-22 17:56:11.934] W (458) spi_flash: Detected size(4096k) larger than the size in the binary image header(2048k). Using the size in the binary image header.
[2026-04-22 17:56:11.937] I (471) main_task: Started on CPU0
[2026-04-22 17:56:11.942] I (481) main_task: Calling app_main()
[2026-04-22 17:56:11.946] I (491) MAIN: MAC: 28:05:a5:31:c9:78
[2026-04-22 17:56:11.951] I (501) wifi:wifi driver task: 3ffc067c, prio:23, stack:6656, core=0
[2026-04-22 17:56:11.956] I (501) wifi:wifi firmware version: 79fa3f41ba
[2026-04-22 17:56:11.961] I (501) wifi:wifi certification version: v7.0
[2026-04-22 17:56:11.966] I (501) wifi:config NVS flash: enabled
[2026-04-22 17:56:11.972] I (501) wifi:config nano formatting: disabled
[2026-04-22 17:56:11.979] I (511) wifi:Init data frame dynamic rx buffer num: 32
[2026-04-22 17:56:11.985] I (511) wifi:Init static rx mgmt buffer num: 5
[2026-04-22 17:56:11.992] I (521) wifi:Init management short buffer num: 32
[2026-04-22 17:56:11.999] I (521) wifi:Init dynamic tx buffer num: 32
[2026-04-22 17:56:12.006] I (521) wifi:Init static rx buffer size: 1600
[2026-04-22 17:56:12.011] I (531) wifi:Init static rx buffer num: 10
[2026-04-22 17:56:12.019] I (531) wifi:Init dynamic rx buffer num: 32
[2026-04-22 17:56:12.023] I (541) wifi_init: rx ba win: 6
[2026-04-22 17:56:12.028] I (541) wifi_init: accept mbox: 6
[2026-04-22 17:56:12.033] I (541) wifi_init: tcpip mbox: 32
[2026-04-22 17:56:12.037] I (551) wifi_init: udp mbox: 6
[2026-04-22 17:56:12.041] I (551) wifi_init: tcp mbox: 6
[2026-04-22 17:56:12.045] I (551) wifi_init: tcp tx win: 5760
[2026-04-22 17:56:12.050] I (551) wifi_init: tcp rx win: 5760
[2026-04-22 17:56:12.053] I (561) wifi_init: tcp mss: 1440
[2026-04-22 17:56:12.059] I (561) wifi_init: WiFi IRAM OP enabled
[2026-04-22 17:56:12.066] I (561) wifi_init: WiFi RX IRAM OP enabled
[2026-04-22 17:56:12.075] I (571) phy_init: phy_version 4860,6b7a6e5,Feb  6 2025,14:47:07
[2026-04-22 17:56:12.081] I (661) wifi:mode : softAP (28:05:a5:31:c9:79)
[2026-04-22 17:56:12.087] I (661) wifi:Total power save buffer number: 16
[2026-04-22 17:56:12.093] I (661) wifi:Init max length of beacon: 752/752
[2026-04-22 17:56:12.099] I (671) wifi:Init max length of beacon: 752/752
[2026-04-22 17:56:12.101] I (671) MAIN: WiFi initialized
[2026-04-22 17:56:12.107] I (671) MAIN: SENSOR mode — CAN ID: 0xc978
[2026-04-22 17:56:12.111] I (681) ESPNOW: espnow [version: 2.0] init
[2026-04-22 17:56:12.116] I (681) SEND: Send processing task started
[2026-04-22 17:56:12.122] I (681) RECV: Receive processing task started
[2026-04-22 17:56:12.127] I (691) WCAN: WCAN initialized
[2026-04-22 17:56:12.135] I (691) ReadDataTask: ReadDataTask started with CAN ID 0xc978
[2026-04-22 17:56:12.139] I (701) ReadDataTask: Sent counter=0
[2026-04-22 17:56:12.144] I (701) main_task: Returned from app_main()
[2026-04-22 17:56:12.881] I (1701) ReadDataTask: Sent counter=1
[2026-04-22 17:56:13.880] I (2701) ReadDataTask: Sent counter=2
[2026-04-22 17:56:14.880] I (3701) ReadDataTask: Sent counter=3
[2026-04-22 17:56:15.880] I (4701) ReadDataTask: Sent counter=4
[2026-04-22 17:56:16.886] I (5701) ReadDataTask: Sent counter=5
[2026-04-22 17:56:17.881] I (6701) ReadDataTask: Sent counter=6
[2026-04-22 17:56:18.880] I (7701) ReadDataTask: Sent counter=7
[2026-04-22 17:56:19.880] I (8701) ReadDataTask: Sent counter=8
[2026-04-22 17:56:20.880] I (9701) ReadDataTask: Sent counter=9
[2026-04-22 17:56:21.084] W (9901) RESEND: Timeout reached, resending 0000c978... Attempt: 1 of 3
[2026-04-22 17:56:21.880] I (10701) ReadDataTask: Sent counter=10
[2026-04-22 17:56:22.880] I (11701) ReadDataTask: Sent counter=11
[2026-04-22 17:56:23.880] I (12701) ReadDataTask: Sent counter=12
[2026-04-22 17:56:24.881] I (13701) ReadDataTask: Sent counter=13
[2026-04-22 17:56:25.881] I (14701) ReadDataTask: Sent counter=14
[2026-04-22 17:56:26.881] I (15701) ReadDataTask: Sent counter=15
[2026-04-22 17:56:27.880] I (16701) ReadDataTask: Sent counter=16
[2026-04-22 17:56:28.880] I (17701) ReadDataTask: Sent counter=17
[2026-04-22 17:56:29.881] I (18701) ReadDataTask: Sent counter=18
[2026-04-22 17:56:30.881] I (19701) ReadDataTask: Sent counter=19
[2026-04-22 17:56:31.882] I (20701) ReadDataTask: Sent counter=20
[2026-04-22 17:56:32.881] I (21701) ReadDataTask: Sent counter=21
[2026-04-22 17:56:33.881] I (22701) ReadDataTask: Sent counter=22
[2026-04-22 17:56:34.881] I (23701) ReadDataTask: Sent counter=23
[2026-04-22 17:56:35.882] I (24701) ReadDataTask: Sent counter=24
[2026-04-22 17:56:36.881] I (25701) ReadDataTask: Sent counter=25
[2026-04-22 17:56:37.882] I (26701) ReadDataTask: Sent counter=26
[2026-04-22 17:56:38.881] I (27701) ReadDataTask: Sent counter=27
[2026-04-22 17:56:39.883] I (28701) ReadDataTask: Sent counter=28
[2026-04-22 17:56:40.883] I (29701) ReadDataTask: Sent counter=29
[2026-04-22 17:56:41.881] I (30701) ReadDataTask: Sent counter=30

# Monitor stopped: 2026-04-22T17:56:41.881897
