# Monitor started: 2026-04-22T17:39:57.811504
# Port: COM24, Baud: 115200, Duration: 30s

[2026-04-22 17:39:57.811] size=18614h ( 9�ets Jul 29 2019 12:21:46
[2026-04-22 17:39:57.812] 
[2026-04-22 17:39:57.815] rst:0x1 (POWERON_RESET),boot:0x13 (SPI_FAST_FLASH_BOOT)
[2026-04-22 17:39:57.815] configsip: 0, SPIWP:0xee
[2026-04-22 17:39:57.820] clk_drv:0x00,q_drv:0x00,d_drv:0x00,cs0_drv:0x00,hd_drv:0x00,wp_drv:0x00
[2026-04-22 17:39:57.820] mode:DIO, clock div:2
[2026-04-22 17:39:57.820] load:0x3fff0030,len:6276
[2026-04-22 17:39:57.821] load:0x40078000,len:15748
[2026-04-22 17:39:57.821] load:0x40080400,len:4
[2026-04-22 17:39:57.821] ho 8 tail 4 room 4
[2026-04-22 17:39:57.823] load:0x40080404,len:3860
[2026-04-22 17:39:57.825] entry 0x4008063c
[2026-04-22 17:39:57.829] I (31) boot: ESP-IDF v5.4.1 2nd stage bootloader
[2026-04-22 17:39:57.833] I (31) boot: compile time Apr 22 2026 16:37:35
[2026-04-22 17:39:57.835] I (31) boot: Multicore bootloader
[2026-04-22 17:39:57.839] I (32) boot: chip revision: v3.1
[2026-04-22 17:39:57.842] I (35) boot.esp32: SPI Speed      : 40MHz
[2026-04-22 17:39:57.845] I (39) boot.esp32: SPI Mode       : DIO
[2026-04-22 17:39:57.849] I (43) boot.esp32: SPI Flash Size : 2MB
[2026-04-22 17:39:57.853] I (46) boot: Enabling RNG early entropy source...
[2026-04-22 17:39:57.857] I (51) boot: Partition Table:
[2026-04-22 17:39:57.864] I (53) boot: ## Label            Usage          Type ST Offset   Length
[2026-04-22 17:39:57.870] I (60) boot:  0 nvs              WiFi data        01 02 00009000 00006000
[2026-04-22 17:39:57.876] I (66) boot:  1 phy_init         RF data          01 01 0000f000 00001000
[2026-04-22 17:39:57.883] I (73) boot:  2 factory          factory app      00 00 00010000 00100000
[2026-04-22 17:39:57.887] I (79) boot: End of partition table
[2026-04-22 17:39:57.893] I (82) esp_image: segment 0: paddr=00010020 vaddr=3f400020 size=18614h ( 99860) map
[2026-04-22 17:39:57.902] I (124) esp_image: segment 1: paddr=0002863c vaddr=3ff80000 size=0001ch (    28) load
[2026-04-22 17:39:57.910] I (124) esp_image: segment 2: paddr=00028660 vaddr=3ffb0000 size=03ea8h ( 16040) load
[2026-04-22 17:39:57.916] I (134) esp_image: segment 3: paddr=0002c510 vaddr=40080000 size=03b08h ( 15112) load
[2026-04-22 17:39:57.924] I (141) esp_image: segment 4: paddr=00030020 vaddr=400d0020 size=7fee8h (524008) map
[2026-04-22 17:39:57.930] I (322) esp_image: segment 5: paddr=000aff10 vaddr=40083b08 size=14220h ( 82464) load
[2026-04-22 17:39:57.935] I (366) boot: Loaded app from partition at offset 0x10000
[2026-04-22 17:39:57.940] I (366) boot: Disabling RNG early entropy source...
[2026-04-22 17:39:57.943] I (376) cpu_start: Multicore app
[2026-04-22 17:39:57.946] I (384) cpu_start: Pro cpu start user code
[2026-04-22 17:39:57.950] I (385) cpu_start: cpu freq: 160000000 Hz
[2026-04-22 17:39:57.953] I (385) app_init: Application information:
[2026-04-22 17:39:57.958] I (385) app_init: Project name:     sensor_acquirer
[2026-04-22 17:39:57.962] I (389) app_init: App version:      e468f2b-dirty
[2026-04-22 17:39:57.967] I (394) app_init: Compile time:     Apr 22 2026 16:36:49
[2026-04-22 17:39:57.971] I (399) app_init: ELF file SHA256:  bbb0bee62...
[2026-04-22 17:39:57.975] I (403) app_init: ESP-IDF:          v5.4.1
[2026-04-22 17:39:57.978] I (407) efuse_init: Min chip rev:     v0.0
[2026-04-22 17:39:57.982] I (411) efuse_init: Max chip rev:     v3.99
[2026-04-22 17:39:57.986] I (415) efuse_init: Chip rev:         v3.1
[2026-04-22 17:39:57.992] I (419) heap_init: Initializing. RAM available for dynamic allocation:
[2026-04-22 17:39:57.998] I (425) heap_init: At 3FFAE6E0 len 00001920 (6 KiB): DRAM
[2026-04-22 17:39:58.003] I (430) heap_init: At 3FFB82B8 len 00027D48 (159 KiB): DRAM
[2026-04-22 17:39:58.007] I (435) heap_init: At 3FFE0440 len 00003AE0 (14 KiB): D/IRAM
[2026-04-22 17:39:58.013] I (441) heap_init: At 3FFE4350 len 0001BCB0 (111 KiB): D/IRAM
[2026-04-22 17:39:58.017] I (446) heap_init: At 40097D28 len 000082D8 (32 KiB): IRAM
[2026-04-22 17:39:58.022] I (453) spi_flash: detected chip: generic
[2026-04-22 17:39:58.025] I (455) spi_flash: flash io: dio
[2026-04-22 17:39:58.037] W (458) spi_flash: Detected size(4096k) larger than the size in the binary image header(2048k). Using the size in the binary image header.
[2026-04-22 17:39:58.040] I (471) main_task: Started on CPU0
[2026-04-22 17:39:58.044] I (481) main_task: Calling app_main()
[2026-04-22 17:39:58.047] I (491) MAIN: MAC: 28:05:a5:31:c9:78
[2026-04-22 17:39:58.054] I (501) wifi:wifi driver task: 3ffc067c, prio:23, stack:6656, core=0
[2026-04-22 17:39:58.056] I (501) wifi:wifi firmware version: 79fa3f41ba
[2026-04-22 17:39:58.059] I (501) wifi:wifi certification version: v7.0
[2026-04-22 17:39:58.063] I (501) wifi:config NVS flash: enabled
[2026-04-22 17:39:58.067] I (501) wifi:config nano formatting: disabled
[2026-04-22 17:39:58.072] I (511) wifi:Init data frame dynamic rx buffer num: 32
[2026-04-22 17:39:58.075] I (511) wifi:Init static rx mgmt buffer num: 5
[2026-04-22 17:39:58.080] I (521) wifi:Init management short buffer num: 32
[2026-04-22 17:39:58.083] I (521) wifi:Init dynamic tx buffer num: 32
[2026-04-22 17:39:58.087] I (521) wifi:Init static rx buffer size: 1600
[2026-04-22 17:39:58.091] I (531) wifi:Init static rx buffer num: 10
[2026-04-22 17:39:58.094] I (531) wifi:Init dynamic rx buffer num: 32
[2026-04-22 17:39:58.097] I (541) wifi_init: rx ba win: 6
[2026-04-22 17:39:58.100] I (541) wifi_init: accept mbox: 6
[2026-04-22 17:39:58.103] I (541) wifi_init: tcpip mbox: 32
[2026-04-22 17:39:58.105] I (551) wifi_init: udp mbox: 6
[2026-04-22 17:39:58.107] I (551) wifi_init: tcp mbox: 6
[2026-04-22 17:39:58.111] I (551) wifi_init: tcp tx win: 5760
[2026-04-22 17:39:58.115] I (551) wifi_init: tcp rx win: 5760
[2026-04-22 17:39:58.117] I (561) wifi_init: tcp mss: 1440
[2026-04-22 17:39:58.121] I (561) wifi_init: WiFi IRAM OP enabled
[2026-04-22 17:39:58.124] I (561) wifi_init: WiFi RX IRAM OP enabled
[2026-04-22 17:39:58.127] I (571) phy_init: phy_version 4860,6b7a6e5,Feb  6 2025,14:47:07
[2026-04-22 17:39:58.128] I (661) wifi:mode : softAP (28:05:a5:31:c9:79)
[2026-04-22 17:39:58.131] I (661) wifi:Total power save buffer number: 16
[2026-04-22 17:39:58.132] I (661) wifi:Init max length of beacon: 752/752
[2026-04-22 17:39:58.136] I (661) wifi:Init max length of beacon: 752/752
[2026-04-22 17:39:58.138] I (671) MAIN: WiFi initialized
[2026-04-22 17:39:58.141] I (671) MAIN: RECEIVER mode — accepting all CAN IDs
[2026-04-22 17:39:58.147] I (671) ESPNOW: espnow [version: 2.0] init
[2026-04-22 17:39:58.152] I (681) SEND: Send processing task started
[2026-04-22 17:39:58.157] I (681) RECV: Receive processing task started
[2026-04-22 17:39:58.162] I (681) WCAN: WCAN initialized
[2026-04-22 17:39:58.168] I (691) main_task: Returned from app_main()
[2026-04-22 17:39:58.174] I (701) USER-RECV: Received [5d10] len=4 counter=0
[2026-04-22 17:39:59.004] I (1691) USER-RECV: Received [5d10] len=4 counter=1
[2026-04-22 17:40:00.004] I (2691) USER-RECV: Received [5d10] len=4 counter=2
[2026-04-22 17:40:01.004] I (3691) USER-RECV: Received [5d10] len=4 counter=3
[2026-04-22 17:40:02.004] I (4691) USER-RECV: Received [5d10] len=4 counter=4
[2026-04-22 17:40:03.004] I (5691) USER-RECV: Received [5d10] len=4 counter=5
[2026-04-22 17:40:04.004] I (6691) USER-RECV: Received [5d10] len=4 counter=6
[2026-04-22 17:40:05.005] I (7691) USER-RECV: Received [5d10] len=4 counter=7
[2026-04-22 17:40:06.004] I (8691) USER-RECV: Received [5d10] len=4 counter=8
[2026-04-22 17:40:07.004] I (9691) USER-RECV: Received [5d10] len=4 counter=9
[2026-04-22 17:40:08.005] I (10691) USER-RECV: Received [5d10] len=4 counter=10
[2026-04-22 17:40:09.005] I (11691) USER-RECV: Received [5d10] len=4 counter=11
[2026-04-22 17:40:10.005] I (12691) USER-RECV: Received [5d10] len=4 counter=12
[2026-04-22 17:40:11.005] I (13691) USER-RECV: Received [5d10] len=4 counter=13
[2026-04-22 17:40:12.005] I (14691) USER-RECV: Received [5d10] len=4 counter=14
[2026-04-22 17:40:13.007] I (15691) USER-RECV: Received [5d10] len=4 counter=15
[2026-04-22 17:40:14.005] I (16691) USER-RECV: Received [5d10] len=4 counter=16
[2026-04-22 17:40:15.005] I (17691) USER-RECV: Received [5d10] len=4 counter=17
[2026-04-22 17:40:16.005] I (18691) USER-RECV: Received [5d10] len=4 counter=18
[2026-04-22 17:40:17.006] I (19691) USER-RECV: Received [5d10] len=4 counter=19
[2026-04-22 17:40:18.006] I (20691) USER-RECV: Received [5d10] len=4 counter=20
[2026-04-22 17:40:19.006] I (21691) USER-RECV: Received [5d10] len=4 counter=21
[2026-04-22 17:40:20.006] I (22691) USER-RECV: Received [5d10] len=4 counter=22
[2026-04-22 17:40:21.006] I (23691) USER-RECV: Received [5d10] len=4 counter=23
[2026-04-22 17:40:22.007] I (24691) USER-RECV: Received [5d10] len=4 counter=24
[2026-04-22 17:40:23.006] I (25691) USER-RECV: Received [5d10] len=4 counter=25
[2026-04-22 17:40:24.007] I (26691) USER-RECV: Received [5d10] len=4 counter=26
[2026-04-22 17:40:25.006] I (27691) USER-RECV: Received [5d10] len=4 counter=27
[2026-04-22 17:40:26.006] I (28691) USER-RECV: Received [5d10] len=4 counter=28
[2026-04-22 17:40:27.007] I (29691) USER-RECV: Received [5d10] len=4 counter=29
[2026-04-22 17:40:28.006] I (30691) USER-RECV: Received [5d10] len=4 counter=30

# Monitor stopped: 2026-04-22T17:40:28.006744
