# Monitor started: 2026-05-23T20:32:38.428404
# Port: /dev/ttyACM0, Baud: 921600, Timeout: 35.000s after WCAN_TEST_START

# UART boot config: wcan v=1 role=sensor transport=MULTICAST test_duration_ms=30000 host_wait_time_ms=5000 base=0xd0 count=3 hz=1000 linger=100
[2026-05-23 20:32:38.436] ESP-ROM:esp32c3-api1-20210207
[2026-05-23 20:32:38.445] Build:Feb  7 2021
[2026-05-23 20:32:38.467] rst:0x15 (USB_UART_CHIP_RESET),boot:0xd (SPI_FAST_FLASH_BOOT)
[2026-05-23 20:32:38.478] Saved PC:0x40384eba
[2026-05-23 20:32:38.486] SPIWP:0xee
[2026-05-23 20:32:38.494] mode:DIO, clock div:1
[2026-05-23 20:32:38.503] load:0x3fcd5820,len:0x1574
[2026-05-23 20:32:38.510] load:0x403cc710,len:0xc30
[2026-05-23 20:32:38.514] load:0x403ce710,len:0x2fa0
[2026-05-23 20:32:38.515] entry 0x403cc71a
[2026-05-23 20:32:38.520] I (24) boot: ESP-IDF v5.4.1 2nd stage bootloader
[2026-05-23 20:32:38.522] I (24) boot: compile time May 19 2026 23:41:33
[2026-05-23 20:32:38.523] I (25) boot: chip revision: v0.4
[2026-05-23 20:32:38.524] I (25) boot: efuse block revision: v1.3
[2026-05-23 20:32:38.526] I (25) boot.esp32c3: SPI Speed      : 80MHz
[2026-05-23 20:32:38.528] I (25) boot.esp32c3: SPI Mode       : DIO
[2026-05-23 20:32:38.541] I (26) boot.esp32c3: SPI Flash Size : 2MB
[2026-05-23 20:32:38.554] I (26) boot: Enabling RNG early entropy source...
[2026-05-23 20:32:38.560] I (27) boot: Partition Table:
[2026-05-23 20:32:38.566] I (27) boot: ## Label            Usage          Type ST Offset   Length
[2026-05-23 20:32:38.567] I (28) boot:  0 nvs              WiFi data        01 02 00009000 00006000
[2026-05-23 20:32:38.577] I (29) boot:  1 phy_init         RF data          01 01 0000f000 00001000
[2026-05-23 20:32:38.580] I (29) boot:  2 factory          factory app      00 00 00010000 00100000
[2026-05-23 20:32:38.582] I (30) boot: End of partition table
[2026-05-23 20:32:38.587] I (31) esp_image: segment 0: paddr=00010020 vaddr=3c0a0020 size=19850h (104528) map
[2026-05-23 20:32:38.592] I (48) esp_image: segment 1: paddr=00029878 vaddr=3fc95000 size=02da0h ( 11680) load
[2026-05-23 20:32:38.599] I (51) esp_image: segment 2: paddr=0002c620 vaddr=40380000 size=039f8h ( 14840) load
[2026-05-23 20:32:38.601] I (54) esp_image: segment 3: paddr=00030020 vaddr=42000020 size=990b4h (626868) map
[2026-05-23 20:32:38.605] I (154) esp_image: segment 4: paddr=000c90dc vaddr=403839f8 size=114f8h ( 70904) load
[2026-05-23 20:32:38.606] I (168) esp_image: segment 5: paddr=000da5dc vaddr=50000200 size=0001ch (    28) load
[2026-05-23 20:32:38.612] I (174) boot: Loaded app from partition at offset 0x10000
[2026-05-23 20:32:38.619] I (175) boot: Disabling RNG early entropy source...
[2026-05-23 20:32:38.622] I (176) cpu_start: Unicore app
[2026-05-23 20:32:38.629] I (184) cpu_start: Pro cpu start user code
[2026-05-23 20:32:38.632] I (185) cpu_start: cpu freq: 160000000 Hz
[2026-05-23 20:32:38.634] I (185) app_init: Application information:
[2026-05-23 20:32:38.637] I (185) app_init: Project name:     sensor_acquirer
[2026-05-23 20:32:38.638] I (185) app_init: App version:      v1.0-171-gbbe0783
[2026-05-23 20:32:38.639] I (186) app_init: Compile time:     May 23 2026 14:30:40
[2026-05-23 20:32:38.640] I (186) app_init: ELF file SHA256:  0e7d705e7...
[2026-05-23 20:32:38.641] I (187) app_init: ESP-IDF:          v5.4.1
[2026-05-23 20:32:38.641] I (187) efuse_init: Min chip rev:     v0.3
[2026-05-23 20:32:38.642] I (188) efuse_init: Max chip rev:     v1.99
[2026-05-23 20:32:38.644] I (188) efuse_init: Chip rev:         v0.4
[2026-05-23 20:32:38.646] I (189) heap_init: Initializing. RAM available for dynamic allocation:
[2026-05-23 20:32:38.647] I (190) heap_init: At 3FC9C130 len 00023ED0 (143 KiB): RAM
[2026-05-23 20:32:38.648] I (190) heap_init: At 3FCC0000 len 0001C710 (113 KiB): Retention RAM
[2026-05-23 20:32:38.649] I (191) heap_init: At 3FCDC710 len 00002950 (10 KiB): Retention RAM
[2026-05-23 20:32:38.650] I (192) heap_init: At 5000021C len 00001DCC (7 KiB): RTCRAM
[2026-05-23 20:32:38.651] I (193) spi_flash: detected chip: generic
[2026-05-23 20:32:38.651] I (193) spi_flash: flash io: dio
[2026-05-23 20:32:38.654] W (193) spi_flash: Detected size(4096k) larger than the size in the binary image header(2048k). Using the size in the binary image header.
[2026-05-23 20:32:38.655] I (195) sleep_gpio: Configure to isolate all GPIO pins in sleep state
[2026-05-23 20:32:38.656] I (196) sleep_gpio: Enable automatic switching of GPIO sleep configuration
[2026-05-23 20:32:38.657] I (197) main_task: Started on CPU0
[2026-05-23 20:32:38.657] I (197) main_task: Calling app_main()
[2026-05-23 20:32:38.657] WCAN_CFG_WAIT v=1
# UART boot config sent: wcan v=1 role=sensor transport=MULTICAST test_duration_ms=30000 host_wait_time_ms=5000 base=0xd0 count=3 hz=1000 linger=100
[2026-05-23 20:32:38.658] WCAN_CFG_WAIT v=1
[2026-05-23 20:32:41.117] WCAN_CFG_ACK
[2026-05-23 20:32:41.117] WCAN_CFG_ACK
[2026-05-23 20:32:41.122] I (2893) pp: pp rom version: 9387209
[2026-05-23 20:32:41.122] I (2894) net80211: net80211 rom version: 9387209
[2026-05-23 20:32:41.124] I (2895) wifi:wifi driver task: 3fca7594, prio:23, stack:6656, core=0
[2026-05-23 20:32:41.128] I (2899) wifi:wifi firmware version: 79fa3f41ba
[2026-05-23 20:32:41.128] I (2899) wifi:wifi certification version: v7.0
[2026-05-23 20:32:41.129] I (2899) wifi:config NVS flash: enabled
[2026-05-23 20:32:41.129] I (2899) wifi:config nano formatting: disabled
[2026-05-23 20:32:41.129] I (2900) wifi:Init data frame dynamic rx buffer num: 32
[2026-05-23 20:32:41.130] I (2900) wifi:Init static rx mgmt buffer num: 5
[2026-05-23 20:32:41.130] I (2901) wifi:Init management short buffer num: 32
[2026-05-23 20:32:41.130] I (2901) wifi:Init dynamic tx buffer num: 32
[2026-05-23 20:32:41.131] I (2902) wifi:Init static tx FG buffer num: 2
[2026-05-23 20:32:41.131] I (2902) wifi:Init static rx buffer size: 1600
[2026-05-23 20:32:41.132] I (2903) wifi:Init static rx buffer num: 10
[2026-05-23 20:32:41.132] I (2903) wifi:Init dynamic rx buffer num: 32
[2026-05-23 20:32:41.133] I (2904) wifi_init: rx ba win: 6
[2026-05-23 20:32:41.134] I (2905) wifi_init: accept mbox: 6
[2026-05-23 20:32:41.134] I (2905) wifi_init: tcpip mbox: 32
[2026-05-23 20:32:41.134] I (2905) wifi_init: udp mbox: 6
[2026-05-23 20:32:41.134] I (2905) wifi_init: tcp mbox: 6
[2026-05-23 20:32:41.135] I (2906) wifi_init: tcp tx win: 5760
[2026-05-23 20:32:41.135] I (2906) wifi_init: tcp rx win: 5760
[2026-05-23 20:32:41.135] I (2907) wifi_init: tcp mss: 1440
[2026-05-23 20:32:41.136] I (2907) wifi_init: WiFi IRAM OP enabled
[2026-05-23 20:32:41.136] I (2907) wifi_init: WiFi RX IRAM OP enabled
[2026-05-23 20:32:41.137] I (2908) phy_init: phy_version 1200,2b7123f9,Feb 18 2025,15:22:21
[2026-05-23 20:32:41.172] I (2943) wifi:mode : sta (54:32:04:8c:0b:8c)
[2026-05-23 20:32:41.172] I (2943) wifi:enable tsf
[2026-05-23 20:32:41.175] I (2946) ESPNOW: espnow [version: 2.0] init
[2026-05-23 20:32:41.176] WCAN_TEST_READY role=sensor
# Waiting for phased test start
# UART test start sent: WCAN_TEST_START at 2026-05-23T20:32:41.187664
[2026-05-23 20:33:11.522] WCAN_BATCH id=0xd0 count=297 avg_hz=9.90 avg_points=101.00 min_points=101 max_points=101 avg_interval_ms=101.00 min_interval_ms=100.82 max_interval_ms=101.18 avg_dispatch_ms=8.16 max_dispatch_ms=14.67 dispatched_count=297 avg_queue_wait_ms=0.13 max_queue_wait_ms=0.27
[2026-05-23 20:33:11.526] WCAN_BATCH id=0xd1 count=297 avg_hz=9.90 avg_points=101.00 min_points=101 max_points=101 avg_interval_ms=101.00 min_interval_ms=100.81 max_interval_ms=101.20 avg_dispatch_ms=8.40 max_dispatch_ms=16.97 dispatched_count=297 avg_queue_wait_ms=8.35 max_queue_wait_ms=14.89
[2026-05-23 20:33:11.531] WCAN_BATCH id=0xd2 count=297 avg_hz=9.90 avg_points=101.00 min_points=101 max_points=101 avg_interval_ms=101.00 min_interval_ms=100.81 max_interval_ms=101.20 avg_dispatch_ms=5.61 max_dispatch_ms=13.40 dispatched_count=297 avg_queue_wait_ms=16.83 max_queue_wait_ms=23.87
[2026-05-23 20:33:11.532] WCAN_SENSOR_END generated=29998 avg_hz=1000.00
[2026-05-23 20:33:11.536] WCAN_MEASURES elapsed_ms=29999 heap_start_free=66296 heap_end_free=82516 heap_start_min_free=66280 heap_end_min_free=65464 heap_start_largest=47104 heap_end_largest=47104 airtime_us_total=6573047 packets_sent_total=891 sensor_send_failures_total=0
[2026-05-23 20:33:11.536] WCAN_TEST_END role=sensor

# Monitor stopped: 2026-05-23T20:33:11.536967
