# Monitor started: 2026-05-23T15:27:51.624164
# Port: /dev/ttyACM0, Baud: 921600, Timeout: 35.000s after WCAN_TEST_START

# UART boot config: wcan v=1 role=sensor transport=BROADCAST test_duration_ms=30000 host_wait_time_ms=5000 base=0xd0 count=1 hz=1000 linger=100
[2026-05-23 15:27:51.625] ESP-ROM:esp32c3-api1-20210207
[2026-05-23 15:27:51.632] Build:Feb  7 2021
[2026-05-23 15:27:51.647] rst:0x15 (USB_UART_CHIP_RESET),boot:0xd (SPI_FAST_FLASH_BOOT)
[2026-05-23 15:27:51.654] Saved PC:0x40384eba
[2026-05-23 15:27:51.660] SPIWP:0xee
[2026-05-23 15:27:51.669] mode:DIO, clock div:1
[2026-05-23 15:27:51.678] load:0x3fcd5820,len:0x1574
[2026-05-23 15:27:51.685] load:0x403cc710,len:0xc30
[2026-05-23 15:27:51.699] load:0x403ce710,len:0x2fa0
[2026-05-23 15:27:51.707] entry 0x403cc71a
[2026-05-23 15:27:51.725] I (24) boot: ESP-IDF v5.4.1 2nd stage bootloader
[2026-05-23 15:27:51.726] I (24) boot: compile time May 20 2026 00:05:32
[2026-05-23 15:27:51.731] I (25) boot: chip revision: v0.4
[2026-05-23 15:27:51.733] I (25) boot: efuse block revision: v1.3
[2026-05-23 15:27:51.734] I (25) boot.esp32c3: SPI Speed      : 80MHz
[2026-05-23 15:27:51.737] I (25) boot.esp32c3: SPI Mode       : DIO
[2026-05-23 15:27:51.738] I (26) boot.esp32c3: SPI Flash Size : 2MB
[2026-05-23 15:27:51.738] I (26) boot: Enabling RNG early entropy source...
[2026-05-23 15:27:51.740] I (27) boot: Partition Table:
[2026-05-23 15:27:51.741] I (27) boot: ## Label            Usage          Type ST Offset   Length
[2026-05-23 15:27:51.744] I (28) boot:  0 nvs              WiFi data        01 02 00009000 00006000
[2026-05-23 15:27:51.752] I (29) boot:  1 phy_init         RF data          01 01 0000f000 00001000
[2026-05-23 15:27:51.761] I (29) boot:  2 factory          factory app      00 00 00010000 00100000
[2026-05-23 15:27:51.763] I (30) boot: End of partition table
[2026-05-23 15:27:51.766] I (31) esp_image: segment 0: paddr=00010020 vaddr=3c0a0020 size=1977ch (104316) map
[2026-05-23 15:27:51.768] I (48) esp_image: segment 1: paddr=000297a4 vaddr=3fc95200 size=02da0h ( 11680) load
[2026-05-23 15:27:51.771] I (51) esp_image: segment 2: paddr=0002c54c vaddr=40380000 size=03acch ( 15052) load
[2026-05-23 15:27:51.774] I (54) esp_image: segment 3: paddr=00030020 vaddr=42000020 size=9942ch (627756) map
[2026-05-23 15:27:51.783] I (154) esp_image: segment 4: paddr=000c9454 vaddr=40383acc size=11614h ( 71188) load
[2026-05-23 15:27:51.787] I (168) esp_image: segment 5: paddr=000daa70 vaddr=50000200 size=0001ch (    28) load
[2026-05-23 15:27:51.791] I (175) boot: Loaded app from partition at offset 0x10000
[2026-05-23 15:27:51.794] I (175) boot: Disabling RNG early entropy source...
[2026-05-23 15:27:51.796] I (176) cpu_start: Unicore app
[2026-05-23 15:27:51.799] I (185) cpu_start: Pro cpu start user code
[2026-05-23 15:27:51.802] I (185) cpu_start: cpu freq: 160000000 Hz
[2026-05-23 15:27:51.804] I (185) app_init: Application information:
[2026-05-23 15:27:51.805] I (185) app_init: Project name:     sensor_acquirer
[2026-05-23 15:27:51.806] I (185) app_init: App version:      v1.0-171-gbbe0783
[2026-05-23 15:27:51.807] I (186) app_init: Compile time:     May 23 2026 14:30:31
[2026-05-23 15:27:51.809] I (187) app_init: ELF file SHA256:  493679023...
[2026-05-23 15:27:51.810] I (187) app_init: ESP-IDF:          v5.4.1
[2026-05-23 15:27:51.814] I (188) efuse_init: Min chip rev:     v0.3
[2026-05-23 15:27:51.815] I (188) efuse_init: Max chip rev:     v1.99
[2026-05-23 15:27:51.816] I (189) efuse_init: Chip rev:         v0.4
[2026-05-23 15:27:51.817] I (189) heap_init: Initializing. RAM available for dynamic allocation:
[2026-05-23 15:27:51.818] I (190) heap_init: At 3FC9C340 len 00023CC0 (143 KiB): RAM
[2026-05-23 15:27:51.820] I (190) heap_init: At 3FCC0000 len 0001C710 (113 KiB): Retention RAM
[2026-05-23 15:27:51.822] I (191) heap_init: At 3FCDC710 len 00002950 (10 KiB): Retention RAM
[2026-05-23 15:27:51.823] I (192) heap_init: At 5000021C len 00001DCC (7 KiB): RTCRAM
[2026-05-23 15:27:51.824] I (194) spi_flash: detected chip: generic
[2026-05-23 15:27:51.825] I (194) spi_flash: flash io: dio
[2026-05-23 15:27:51.828] W (194) spi_flash: Detected size(4096k) larger than the size in the binary image header(2048k). Using the size in the binary image header.
[2026-05-23 15:27:51.829] I (196) sleep_gpio: Configure to isolate all GPIO pins in sleep state
[2026-05-23 15:27:51.830] I (196) sleep_gpio: Enable automatic switching of GPIO sleep configuration
[2026-05-23 15:27:51.831] I (197) main_task: Started on CPU0
[2026-05-23 15:27:51.832] I (197) main_task: Calling app_main()
[2026-05-23 15:27:51.833] WCAN_CFG_WAIT v=1
# UART boot config sent: wcan v=1 role=sensor transport=BROADCAST test_duration_ms=30000 host_wait_time_ms=5000 base=0xd0 count=1 hz=1000 linger=100
[2026-05-23 15:27:51.837] WCAN_CFG_WAIT v=1
[2026-05-23 15:27:54.302] WCAN_CFG_ACK
[2026-05-23 15:27:54.303] WCAN_CFG_ACK
[2026-05-23 15:27:54.307] I (2882) pp: pp rom version: 9387209
[2026-05-23 15:27:54.308] I (2883) net80211: net80211 rom version: 9387209
[2026-05-23 15:27:54.310] I (2884) wifi:wifi driver task: 3fca77a4, prio:23, stack:6656, core=0
[2026-05-23 15:27:54.313] I (2888) wifi:wifi firmware version: 79fa3f41ba
[2026-05-23 15:27:54.314] I (2888) wifi:wifi certification version: v7.0
[2026-05-23 15:27:54.315] I (2888) wifi:config NVS flash: enabled
[2026-05-23 15:27:54.316] I (2888) wifi:config nano formatting: disabled
[2026-05-23 15:27:54.318] I (2889) wifi:Init data frame dynamic rx buffer num: 32
[2026-05-23 15:27:54.319] I (2889) wifi:Init static rx mgmt buffer num: 5
[2026-05-23 15:27:54.321] I (2890) wifi:Init management short buffer num: 32
[2026-05-23 15:27:54.323] I (2890) wifi:Init dynamic tx buffer num: 32
[2026-05-23 15:27:54.325] I (2891) wifi:Init static tx FG buffer num: 2
[2026-05-23 15:27:54.327] I (2891) wifi:Init static rx buffer size: 1600
[2026-05-23 15:27:54.328] I (2892) wifi:Init static rx buffer num: 10
[2026-05-23 15:27:54.329] I (2892) wifi:Init dynamic rx buffer num: 32
[2026-05-23 15:27:54.330] I (2893) wifi_init: rx ba win: 6
[2026-05-23 15:27:54.330] I (2894) wifi_init: accept mbox: 6
[2026-05-23 15:27:54.331] I (2894) wifi_init: tcpip mbox: 32
[2026-05-23 15:27:54.332] I (2894) wifi_init: udp mbox: 6
[2026-05-23 15:27:54.333] I (2894) wifi_init: tcp mbox: 6
[2026-05-23 15:27:54.333] I (2895) wifi_init: tcp tx win: 5760
[2026-05-23 15:27:54.334] I (2895) wifi_init: tcp rx win: 5760
[2026-05-23 15:27:54.335] I (2896) wifi_init: tcp mss: 1440
[2026-05-23 15:27:54.336] I (2896) wifi_init: WiFi IRAM OP enabled
[2026-05-23 15:27:54.337] I (2896) wifi_init: WiFi RX IRAM OP enabled
[2026-05-23 15:27:54.338] I (2897) phy_init: phy_version 1200,2b7123f9,Feb 18 2025,15:22:21
[2026-05-23 15:27:54.359] I (2934) wifi:mode : sta (54:32:04:8c:0b:8c)
[2026-05-23 15:27:54.360] I (2934) wifi:enable tsf
[2026-05-23 15:27:54.362] I (2937) ESPNOW: espnow [version: 2.0] init
[2026-05-23 15:27:54.363] WCAN_TEST_READY role=sensor
# Waiting for phased test start
# UART test start sent: WCAN_TEST_START at 2026-05-23T15:27:54.375816
[2026-05-23 15:27:55.190] P(FAIL):3568:d0:0:0:100:101
[2026-05-23 15:27:55.512] P(FAIL):3891:d0:1:101:201:101
[2026-05-23 15:27:55.967] P(FAIL):4345:d0:8:808:908:101
[2026-05-23 15:27:56.401] P(FAIL):4779:d0:12:1212:1312:101
[2026-05-23 15:27:56.878] P(FAIL):5256:d0:17:1717:1817:101
[2026-05-23 15:27:57.283] P(FAIL):5661:d0:21:2121:2221:101
[2026-05-23 15:27:57.760] P(FAIL):6138:d0:25:2525:2625:101
[2026-05-23 15:27:58.224] P(FAIL):6602:d0:30:3030:3130:101
[2026-05-23 15:27:58.573] P(FAIL):6952:d0:35:3535:3635:101
[2026-05-23 15:27:59.001] P(FAIL):7379:d0:38:3838:3938:101
[2026-05-23 15:27:59.405] P(FAIL):7783:d0:42:4242:4342:101
[2026-05-23 15:27:59.771] P(FAIL):8149:d0:46:4646:4746:101
[2026-05-23 15:28:00.194] P(FAIL):8572:d0:50:5050:5150:101
[2026-05-23 15:28:00.598] P(FAIL):8976:d0:54:5454:5554:101
[2026-05-23 15:28:01.063] P(FAIL):9441:d0:58:5858:5958:101
[2026-05-23 15:28:01.531] P(FAIL):9909:d0:63:6363:6463:101
[2026-05-23 15:28:02.302] P(FAIL):10680:d0:71:7171:7271:101
[2026-05-23 15:28:02.699] P(FAIL):11077:d0:75:7575:7675:101
[2026-05-23 15:28:03.172] P(FAIL):11550:d0:79:7979:8079:101
[2026-05-23 15:28:03.600] P(FAIL):11978:d0:84:8484:8584:101
[2026-05-23 15:28:04.042] P(FAIL):12420:d0:88:8888:8988:101
[2026-05-23 15:28:04.399] P(FAIL):12777:d0:92:9292:9392:101
[2026-05-23 15:28:04.884] P(FAIL):13262:d0:96:9696:9796:101
[2026-05-23 15:28:05.300] P(FAIL):13678:d0:97:9797:9897:101
[2026-05-23 15:28:05.796] P(FAIL):14174:d0:105:10605:10705:101
[2026-05-23 15:28:06.308] P(FAIL):14686:d0:110:11110:11210:101
[2026-05-23 15:28:06.733] P(FAIL):15111:d0:115:11615:11715:101
[2026-05-23 15:28:07.189] P(FAIL):15567:d0:119:12019:12119:101
[2026-05-23 15:28:07.846] P(FAIL):16224:d0:126:12726:12826:101
[2026-05-23 15:28:08.222] P(FAIL):16601:d0:130:13130:13230:101
[2026-05-23 15:28:08.682] P(FAIL):17060:d0:134:13534:13634:101
[2026-05-23 15:28:09.005] P(FAIL):17383:d0:138:13938:14038:101
[2026-05-23 15:28:09.408] P(FAIL):17786:d0:141:14241:14341:101
[2026-05-23 15:28:09.854] P(FAIL):18233:d0:145:14645:14745:101
[2026-05-23 15:28:10.330] P(FAIL):18708:d0:150:15150:15250:101
[2026-05-23 15:28:10.810] P(FAIL):19188:d0:156:15756:15856:101
[2026-05-23 15:28:11.202] P(FAIL):19580:d0:159:16059:16159:101
[2026-05-23 15:28:11.531] P(FAIL):19909:d0:163:16463:16563:101
[2026-05-23 15:28:11.902] P(FAIL):20281:d0:166:16766:16866:101
[2026-05-23 15:28:12.260] P(FAIL):20638:d0:170:17170:17270:101
[2026-05-23 15:28:12.668] P(FAIL):21046:d0:174:17574:17674:101
[2026-05-23 15:28:13.083] P(FAIL):21461:d0:178:17978:18078:101
[2026-05-23 15:28:13.524] P(FAIL):21902:d0:182:18382:18482:101
[2026-05-23 15:28:13.906] P(FAIL):22284:d0:186:18786:18886:101
[2026-05-23 15:28:14.299] P(FAIL):22677:d0:190:19190:19290:101
[2026-05-23 15:28:14.780] P(FAIL):23158:d0:194:19594:19694:101
[2026-05-23 15:28:15.127] P(FAIL):23505:d0:195:19695:19795:101
[2026-05-23 15:28:15.586] P(FAIL):23964:d0:202:20402:20502:101
[2026-05-23 15:28:16.366] P(FAIL):24745:d0:210:21210:21310:101
[2026-05-23 15:28:17.030] P(FAIL):25408:d0:217:21917:22017:101
[2026-05-23 15:28:17.395] P(FAIL):25773:d0:221:22321:22421:101
[2026-05-23 15:28:17.775] P(FAIL):26153:d0:224:22624:22724:101
[2026-05-23 15:28:18.120] P(FAIL):26498:d0:227:22927:23027:101
[2026-05-23 15:28:18.502] P(FAIL):26880:d0:232:23432:23532:101
[2026-05-23 15:28:18.871] P(FAIL):27249:d0:235:23735:23835:101
[2026-05-23 15:28:19.310] P(FAIL):27687:d0:239:24139:24239:101
[2026-05-23 15:28:19.702] P(FAIL):28080:d0:243:24543:24643:101
[2026-05-23 15:28:20.117] P(FAIL):28495:d0:247:24947:25047:101
[2026-05-23 15:28:20.905] P(FAIL):29282:d0:255:25755:25855:101
[2026-05-23 15:28:21.404] P(FAIL):29782:d0:260:26260:26360:101
[2026-05-23 15:28:21.741] P(FAIL):30119:d0:264:26664:26764:101
[2026-05-23 15:28:22.551] P(FAIL):30929:d0:271:27371:27471:101
[2026-05-23 15:28:22.937] P(FAIL):31315:d0:273:27573:27673:101
[2026-05-23 15:28:23.691] P(FAIL):32069:d0:283:28583:28683:101
[2026-05-23 15:28:24.078] P(FAIL):32456:d0:287:28987:29087:101
[2026-05-23 15:28:24.530] P(FAIL):32908:d0:291:29391:29491:101
[2026-05-23 15:28:25.117] P(FAIL):33495:d0:292:29492:29592:101
[2026-05-23 15:28:25.687] WCAN_BATCH id=0xd0 count=298 avg_hz=9.90 avg_points=100.67 min_points=2 max_points=101 avg_interval_ms=101.00 min_interval_ms=100.89 max_interval_ms=101.09 avg_dispatch_ms=4.93 max_dispatch_ms=10.76 dispatched_count=497 avg_queue_wait_ms=155.33 max_queue_wait_ms=617.28
[2026-05-23 15:28:25.687] WCAN_SENSOR_END generated=29998 avg_hz=1000.00
[2026-05-23 15:28:25.690] WCAN_MEASURES elapsed_ms=29999 heap_start_free=126648 heap_end_free=141280 heap_start_min_free=124496 heap_end_min_free=123820 heap_start_largest=98304 heap_end_largest=98304 airtime_us_total=2447724 packets_sent_total=497 sensor_send_failures_total=0
[2026-05-23 15:28:25.690] WCAN_TEST_END role=sensor

# Monitor stopped: 2026-05-23T15:28:25.690630
