# Monitor started: 2026-05-23T19:21:24.792121
# Port: /dev/ttyACM1, Baud: 921600, Timeout: 35.000s after WCAN_TEST_START

# UART boot config: wcan v=1 role=sensor transport=MULTICAST test_duration_ms=30000 host_wait_time_ms=5000 base=0xe0 count=1 hz=750 linger=100
[2026-05-23 19:21:24.802] ESP-ROM:esp32c3-api1-20210207
[2026-05-23 19:21:24.808] Build:Feb  7 2021
[2026-05-23 19:21:24.845] rst:0x15 (USB_UART_CHIP_RESET),boot:0xd (SPI_FAST_FLASH_BOOT)
[2026-05-23 19:21:24.847] Saved PC:0x40384eba
[2026-05-23 19:21:24.850] SPIWP:0xee
[2026-05-23 19:21:24.851] mode:DIO, clock div:1
[2026-05-23 19:21:24.852] load:0x3fcd5820,len:0x1574
[2026-05-23 19:21:24.853] load:0x403cc710,len:0xc30
[2026-05-23 19:21:24.855] load:0x403ce710,len:0x2fa0
[2026-05-23 19:21:24.855] entry 0x403cc71a
[2026-05-23 19:21:24.856] I (24) boot: ESP-IDF v5.4.1 2nd stage bootloader
[2026-05-23 19:21:24.858] I (24) boot: compile time May 19 2026 23:41:33
[2026-05-23 19:21:24.859] I (24) boot: chip revision: v0.4
[2026-05-23 19:21:24.860] I (25) boot: efuse block revision: v1.3
[2026-05-23 19:21:24.862] I (25) boot.esp32c3: SPI Speed      : 80MHz
[2026-05-23 19:21:24.863] I (25) boot.esp32c3: SPI Mode       : DIO
[2026-05-23 19:21:24.864] I (26) boot.esp32c3: SPI Flash Size : 2MB
[2026-05-23 19:21:24.866] I (26) boot: Enabling RNG early entropy source...
[2026-05-23 19:21:24.867] I (27) boot: Partition Table:
[2026-05-23 19:21:24.868] I (27) boot: ## Label            Usage          Type ST Offset   Length
[2026-05-23 19:21:24.873] I (28) boot:  0 nvs              WiFi data        01 02 00009000 00006000
[2026-05-23 19:21:24.881] I (29) boot:  1 phy_init         RF data          01 01 0000f000 00001000
[2026-05-23 19:21:24.883] I (29) boot:  2 factory          factory app      00 00 00010000 00100000
[2026-05-23 19:21:24.885] I (30) boot: End of partition table
[2026-05-23 19:21:24.897] I (31) esp_image: segment 0: paddr=00010020 vaddr=3c0a0020 size=19850h (104528) map
[2026-05-23 19:21:24.898] I (48) esp_image: segment 1: paddr=00029878 vaddr=3fc95000 size=02da0h ( 11680) load
[2026-05-23 19:21:24.903] I (51) esp_image: segment 2: paddr=0002c620 vaddr=40380000 size=039f8h ( 14840) load
[2026-05-23 19:21:24.908] I (54) esp_image: segment 3: paddr=00030020 vaddr=42000020 size=990b4h (626868) map
[2026-05-23 19:21:24.912] I (154) esp_image: segment 4: paddr=000c90dc vaddr=403839f8 size=114f8h ( 70904) load
[2026-05-23 19:21:24.920] I (168) esp_image: segment 5: paddr=000da5dc vaddr=50000200 size=0001ch (    28) load
[2026-05-23 19:21:24.926] I (175) boot: Loaded app from partition at offset 0x10000
[2026-05-23 19:21:24.928] I (175) boot: Disabling RNG early entropy source...
[2026-05-23 19:21:24.934] I (176) cpu_start: Unicore app
[2026-05-23 19:21:24.936] I (185) cpu_start: Pro cpu start user code
[2026-05-23 19:21:24.936] I (185) cpu_start: cpu freq: 160000000 Hz
[2026-05-23 19:21:24.938] I (185) app_init: Application information:
[2026-05-23 19:21:24.940] I (185) app_init: Project name:     sensor_acquirer
[2026-05-23 19:21:24.943] I (185) app_init: App version:      v1.0-171-gbbe0783
[2026-05-23 19:21:24.950] I (186) app_init: Compile time:     May 23 2026 14:30:40
[2026-05-23 19:21:24.952] I (187) app_init: ELF file SHA256:  0e7d705e7...
[2026-05-23 19:21:24.958] I (187) app_init: ESP-IDF:          v5.4.1
[2026-05-23 19:21:24.961] I (188) efuse_init: Min chip rev:     v0.3
[2026-05-23 19:21:24.964] I (188) efuse_init: Max chip rev:     v1.99
[2026-05-23 19:21:24.965] I (189) efuse_init: Chip rev:         v0.4
[2026-05-23 19:21:24.968] I (189) heap_init: Initializing. RAM available for dynamic allocation:
[2026-05-23 19:21:24.971] I (190) heap_init: At 3FC9C130 len 00023ED0 (143 KiB): RAM
[2026-05-23 19:21:24.975] I (190) heap_init: At 3FCC0000 len 0001C710 (113 KiB): Retention RAM
[2026-05-23 19:21:24.977] I (191) heap_init: At 3FCDC710 len 00002950 (10 KiB): Retention RAM
[2026-05-23 19:21:24.981] I (192) heap_init: At 5000021C len 00001DCC (7 KiB): RTCRAM
[2026-05-23 19:21:24.983] I (194) spi_flash: detected chip: generic
[2026-05-23 19:21:24.984] I (194) spi_flash: flash io: dio
[2026-05-23 19:21:24.988] W (194) spi_flash: Detected size(4096k) larger than the size in the binary image header(2048k). Using the size in the binary image header.
[2026-05-23 19:21:24.989] I (195) sleep_gpio: Configure to isolate all GPIO pins in sleep state
[2026-05-23 19:21:24.990] I (196) sleep_gpio: Enable automatic switching of GPIO sleep configuration
[2026-05-23 19:21:24.991] I (197) main_task: Started on CPU0
[2026-05-23 19:21:24.992] I (197) main_task: Calling app_main()
[2026-05-23 19:21:24.992] WCAN_CFG_WAIT v=1
# UART boot config sent: wcan v=1 role=sensor transport=MULTICAST test_duration_ms=30000 host_wait_time_ms=5000 base=0xe0 count=1 hz=750 linger=100
[2026-05-23 19:21:24.993] WCAN_CFG_WAIT v=1
[2026-05-23 19:21:27.451] WCAN_CFG_ACK
[2026-05-23 19:21:27.452] WCAN_CFG_ACK
[2026-05-23 19:21:27.458] I (2862) pp: pp rom version: 9387209
[2026-05-23 19:21:27.462] I (2863) net80211: net80211 rom version: 9387209
[2026-05-23 19:21:27.468] I (2864) wifi:wifi driver task: 3fca7510, prio:23, stack:6656, core=0
[2026-05-23 19:21:27.473] I (2868) wifi:wifi firmware version: 79fa3f41ba
[2026-05-23 19:21:27.476] I (2868) wifi:wifi certification version: v7.0
[2026-05-23 19:21:27.481] I (2868) wifi:config NVS flash: enabled
[2026-05-23 19:21:27.484] I (2868) wifi:config nano formatting: disabled
[2026-05-23 19:21:27.490] I (2869) wifi:Init data frame dynamic rx buffer num: 32
[2026-05-23 19:21:27.493] I (2869) wifi:Init static rx mgmt buffer num: 5
[2026-05-23 19:21:27.495] I (2870) wifi:Init management short buffer num: 32
[2026-05-23 19:21:27.497] I (2870) wifi:Init dynamic tx buffer num: 32
[2026-05-23 19:21:27.499] I (2871) wifi:Init static tx FG buffer num: 2
[2026-05-23 19:21:27.500] I (2872) wifi:Init static rx buffer size: 1600
[2026-05-23 19:21:27.502] I (2872) wifi:Init static rx buffer num: 10
[2026-05-23 19:21:27.503] I (2872) wifi:Init dynamic rx buffer num: 32
[2026-05-23 19:21:27.504] I (2874) wifi_init: rx ba win: 6
[2026-05-23 19:21:27.505] I (2874) wifi_init: accept mbox: 6
[2026-05-23 19:21:27.505] I (2874) wifi_init: tcpip mbox: 32
[2026-05-23 19:21:27.506] I (2874) wifi_init: udp mbox: 6
[2026-05-23 19:21:27.507] I (2874) wifi_init: tcp mbox: 6
[2026-05-23 19:21:27.509] I (2875) wifi_init: tcp tx win: 5760
[2026-05-23 19:21:27.510] I (2875) wifi_init: tcp rx win: 5760
[2026-05-23 19:21:27.510] I (2876) wifi_init: tcp mss: 1440
[2026-05-23 19:21:27.512] I (2876) wifi_init: WiFi IRAM OP enabled
[2026-05-23 19:21:27.512] I (2876) wifi_init: WiFi RX IRAM OP enabled
[2026-05-23 19:21:27.514] I (2877) phy_init: phy_version 1200,2b7123f9,Feb 18 2025,15:22:21
[2026-05-23 19:21:27.515] I (2913) wifi:mode : sta (74:4d:bd:e1:d5:b8)
[2026-05-23 19:21:27.516] I (2913) wifi:enable tsf
[2026-05-23 19:21:27.517] I (2916) ESPNOW: espnow [version: 2.0] init
[2026-05-23 19:21:27.517] WCAN_TEST_READY role=sensor
# Waiting for phased test start
# UART test start sent: WCAN_TEST_START at 2026-05-23T19:21:27.528471
[2026-05-23 19:21:57.865] WCAN_BATCH id=0xe0 count=296 avg_hz=9.87 avg_points=76.00 min_points=76 max_points=76 avg_interval_ms=101.31 min_interval_ms=101.21 max_interval_ms=101.43 avg_dispatch_ms=4.13 max_dispatch_ms=14.32 dispatched_count=296 avg_queue_wait_ms=0.11 max_queue_wait_ms=0.24
[2026-05-23 19:21:57.870] WCAN_SENSOR_END generated=22504 avg_hz=750.19
[2026-05-23 19:21:57.882] WCAN_MEASURES elapsed_ms=29999 heap_start_free=97696 heap_end_free=109420 heap_start_min_free=97696 heap_end_min_free=97068 heap_start_largest=77824 heap_end_largest=77824 airtime_us_total=1215528 packets_sent_total=296 sensor_send_failures_total=0
[2026-05-23 19:21:57.883] WCAN_TEST_END role=sensor

# Monitor stopped: 2026-05-23T19:21:57.883830
