# Monitor started: 2026-05-23T14:52:23.941151
# Port: /dev/ttyACM0, Baud: 921600, Timeout: 35.000s after WCAN_TEST_START

# UART boot config: wcan v=1 role=sensor transport=BROADCAST test_duration_ms=30000 host_wait_time_ms=5000 base=0xd0 count=1 hz=100 linger=100
[2026-05-23 14:52:23.950] ESP-ROM:esp32c3-api1-20210207
[2026-05-23 14:52:23.957] Build:Feb  7 2021
[2026-05-23 14:52:23.976] rst:0x15 (USB_UART_CHIP_RESET),boot:0xd (SPI_FAST_FLASH_BOOT)
[2026-05-23 14:52:23.984] Saved PC:0x40384eba
[2026-05-23 14:52:23.989] SPIWP:0xee
[2026-05-23 14:52:23.995] mode:DIO, clock div:1
[2026-05-23 14:52:24.003] load:0x3fcd5820,len:0x1574
[2026-05-23 14:52:24.019] load:0x403cc710,len:0xc30
[2026-05-23 14:52:24.025] load:0x403ce710,len:0x2fa0
[2026-05-23 14:52:24.029] entry 0x403cc71a
[2026-05-23 14:52:24.039] I (24) boot: ESP-IDF v5.4.1 2nd stage bootloader
[2026-05-23 14:52:24.042] I (24) boot: compile time May 20 2026 00:05:32
[2026-05-23 14:52:24.056] I (25) boot: chip revision: v0.4
[2026-05-23 14:52:24.065] I (25) boot: efuse block revision: v1.3
[2026-05-23 14:52:24.072] I (25) boot.esp32c3: SPI Speed      : 80MHz
[2026-05-23 14:52:24.081] I (25) boot.esp32c3: SPI Mode       : DIO
[2026-05-23 14:52:24.084] I (26) boot.esp32c3: SPI Flash Size : 2MB
[2026-05-23 14:52:24.092] I (26) boot: Enabling RNG early entropy source...
[2026-05-23 14:52:24.097] I (27) boot: Partition Table:
[2026-05-23 14:52:24.104] I (27) boot: ## Label            Usage          Type ST Offset   Length
[2026-05-23 14:52:24.109] I (28) boot:  0 nvs              WiFi data        01 02 00009000 00006000
[2026-05-23 14:52:24.110] I (29) boot:  1 phy_init         RF data          01 01 0000f000 00001000
[2026-05-23 14:52:24.111] I (29) boot:  2 factory          factory app      00 00 00010000 00100000
[2026-05-23 14:52:24.112] I (30) boot: End of partition table
[2026-05-23 14:52:24.113] I (31) esp_image: segment 0: paddr=00010020 vaddr=3c0a0020 size=1977ch (104316) map
[2026-05-23 14:52:24.119] I (48) esp_image: segment 1: paddr=000297a4 vaddr=3fc95200 size=02da0h ( 11680) load
[2026-05-23 14:52:24.126] I (51) esp_image: segment 2: paddr=0002c54c vaddr=40380000 size=03acch ( 15052) load
[2026-05-23 14:52:24.134] I (54) esp_image: segment 3: paddr=00030020 vaddr=42000020 size=9942ch (627756) map
[2026-05-23 14:52:24.137] I (154) esp_image: segment 4: paddr=000c9454 vaddr=40383acc size=11614h ( 71188) load
[2026-05-23 14:52:24.142] I (168) esp_image: segment 5: paddr=000daa70 vaddr=50000200 size=0001ch (    28) load
[2026-05-23 14:52:24.144] I (175) boot: Loaded app from partition at offset 0x10000
[2026-05-23 14:52:24.145] I (175) boot: Disabling RNG early entropy source...
[2026-05-23 14:52:24.147] I (176) cpu_start: Unicore app
[2026-05-23 14:52:24.148] I (185) cpu_start: Pro cpu start user code
[2026-05-23 14:52:24.150] I (185) cpu_start: cpu freq: 160000000 Hz
[2026-05-23 14:52:24.150] I (185) app_init: Application information:
[2026-05-23 14:52:24.151] I (185) app_init: Project name:     sensor_acquirer
[2026-05-23 14:52:24.152] I (185) app_init: App version:      v1.0-171-gbbe0783
[2026-05-23 14:52:24.153] I (186) app_init: Compile time:     May 23 2026 14:30:31
[2026-05-23 14:52:24.154] I (187) app_init: ELF file SHA256:  493679023...
[2026-05-23 14:52:24.154] I (187) app_init: ESP-IDF:          v5.4.1
[2026-05-23 14:52:24.155] I (188) efuse_init: Min chip rev:     v0.3
[2026-05-23 14:52:24.156] I (188) efuse_init: Max chip rev:     v1.99
[2026-05-23 14:52:24.156] I (189) efuse_init: Chip rev:         v0.4
[2026-05-23 14:52:24.158] I (189) heap_init: Initializing. RAM available for dynamic allocation:
[2026-05-23 14:52:24.158] I (190) heap_init: At 3FC9C340 len 00023CC0 (143 KiB): RAM
[2026-05-23 14:52:24.160] I (190) heap_init: At 3FCC0000 len 0001C710 (113 KiB): Retention RAM
[2026-05-23 14:52:24.161] I (191) heap_init: At 3FCDC710 len 00002950 (10 KiB): Retention RAM
[2026-05-23 14:52:24.162] I (192) heap_init: At 5000021C len 00001DCC (7 KiB): RTCRAM
[2026-05-23 14:52:24.162] I (194) spi_flash: detected chip: generic
[2026-05-23 14:52:24.163] I (194) spi_flash: flash io: dio
[2026-05-23 14:52:24.165] W (194) spi_flash: Detected size(4096k) larger than the size in the binary image header(2048k). Using the size in the binary image header.
[2026-05-23 14:52:24.166] I (196) sleep_gpio: Configure to isolate all GPIO pins in sleep state
[2026-05-23 14:52:24.167] I (196) sleep_gpio: Enable automatic switching of GPIO sleep configuration
[2026-05-23 14:52:24.168] I (197) main_task: Started on CPU0
[2026-05-23 14:52:24.169] I (197) main_task: Calling app_main()
[2026-05-23 14:52:24.169] WCAN_CFG_WAIT v=1
# UART boot config sent: wcan v=1 role=sensor transport=BROADCAST test_duration_ms=30000 host_wait_time_ms=5000 base=0xd0 count=1 hz=100 linger=100
[2026-05-23 14:52:24.170] WCAN_CFG_WAIT v=1
[2026-05-23 14:52:26.610] WCAN_CFG_ACK
[2026-05-23 14:52:26.611] WCAN_CFG_ACK
[2026-05-23 14:52:26.616] I (2872) pp: pp rom version: 9387209
[2026-05-23 14:52:26.620] I (2873) net80211: net80211 rom version: 9387209
[2026-05-23 14:52:26.626] I (2874) wifi:wifi driver task: 3fca77a4, prio:23, stack:6656, core=0
[2026-05-23 14:52:26.630] I (2878) wifi:wifi firmware version: 79fa3f41ba
[2026-05-23 14:52:26.634] I (2878) wifi:wifi certification version: v7.0
[2026-05-23 14:52:26.638] I (2878) wifi:config NVS flash: enabled
[2026-05-23 14:52:26.642] I (2878) wifi:config nano formatting: disabled
[2026-05-23 14:52:26.645] I (2879) wifi:Init data frame dynamic rx buffer num: 32
[2026-05-23 14:52:26.649] I (2879) wifi:Init static rx mgmt buffer num: 5
[2026-05-23 14:52:26.651] I (2880) wifi:Init management short buffer num: 32
[2026-05-23 14:52:26.652] I (2880) wifi:Init dynamic tx buffer num: 32
[2026-05-23 14:52:26.654] I (2881) wifi:Init static tx FG buffer num: 2
[2026-05-23 14:52:26.655] I (2881) wifi:Init static rx buffer size: 1600
[2026-05-23 14:52:26.657] I (2882) wifi:Init static rx buffer num: 10
[2026-05-23 14:52:26.658] I (2882) wifi:Init dynamic rx buffer num: 32
[2026-05-23 14:52:26.659] I (2883) wifi_init: rx ba win: 6
[2026-05-23 14:52:26.660] I (2884) wifi_init: accept mbox: 6
[2026-05-23 14:52:26.661] I (2884) wifi_init: tcpip mbox: 32
[2026-05-23 14:52:26.662] I (2884) wifi_init: udp mbox: 6
[2026-05-23 14:52:26.663] I (2884) wifi_init: tcp mbox: 6
[2026-05-23 14:52:26.664] I (2885) wifi_init: tcp tx win: 5760
[2026-05-23 14:52:26.664] I (2885) wifi_init: tcp rx win: 5760
[2026-05-23 14:52:26.665] I (2886) wifi_init: tcp mss: 1440
[2026-05-23 14:52:26.666] I (2886) wifi_init: WiFi IRAM OP enabled
[2026-05-23 14:52:26.667] I (2886) wifi_init: WiFi RX IRAM OP enabled
[2026-05-23 14:52:26.668] I (2887) phy_init: phy_version 1200,2b7123f9,Feb 18 2025,15:22:21
[2026-05-23 14:52:26.669] I (2922) wifi:mode : sta (54:32:04:8c:0b:8c)
[2026-05-23 14:52:26.670] I (2922) wifi:enable tsf
[2026-05-23 14:52:26.671] I (2925) ESPNOW: espnow [version: 2.0] init
[2026-05-23 14:52:26.671] WCAN_TEST_READY role=sensor
# Waiting for phased test start
# UART test start sent: WCAN_TEST_START at 2026-05-23T14:52:26.683778
[2026-05-23 14:52:29.800] P(FAIL):5861:d0:21:231:241:11
[2026-05-23 14:52:31.908] P(FAIL):7969:d0:40:440:450:11
[2026-05-23 14:52:34.242] P(FAIL):10304:d0:62:682:692:11
[2026-05-23 14:52:40.094] P(FAIL):16155:d0:115:1265:1275:11
[2026-05-23 14:52:46.088] P(FAIL):22149:d0:169:1859:1869:11
[2026-05-23 14:52:49.544] P(FAIL):25605:d0:201:2211:2221:11
[2026-05-23 14:52:50.250] P(FAIL):26311:d0:208:2288:2298:11
[2026-05-23 14:52:52.793] P(FAIL):28854:d0:230:2530:2540:11
[2026-05-23 14:52:53.202] P(FAIL):29263:d0:232:2552:2562:11
[2026-05-23 14:52:53.977] P(FAIL):30037:d0:241:2651:2661:11
[2026-05-23 14:52:54.299] P(FAIL):30360:d0:243:2673:2683:11
[2026-05-23 14:52:57.025] P(FAIL):33086:d0:269:2959:2969:11
[2026-05-23 14:52:57.825] P(FAIL):33886:d0:270:2970:2980:11
[2026-05-23 14:52:58.005] WCAN_BATCH id=0xd0 count=273 avg_hz=9.09 avg_points=10.99 min_points=7 max_points=11 avg_interval_ms=110.00 min_interval_ms=109.78 max_interval_ms=110.21 avg_dispatch_ms=1.68 max_dispatch_ms=27.28 dispatched_count=309 avg_queue_wait_ms=43.87 max_queue_wait_ms=519.77
[2026-05-23 14:52:58.007] WCAN_SENSOR_END generated=2998 avg_hz=99.97
[2026-05-23 14:52:58.017] WCAN_MEASURES elapsed_ms=29999 heap_start_free=126648 heap_end_free=141436 heap_start_min_free=126588 heap_end_min_free=126288 heap_start_largest=98304 heap_end_largest=98304 airtime_us_total=515218 packets_sent_total=309 sensor_send_failures_total=0
[2026-05-23 14:52:58.017] WCAN_TEST_END role=sensor

# Monitor stopped: 2026-05-23T14:52:58.017978
