# Monitor started: 2026-05-23T14:52:23.939381
# Port: /dev/ttyACM1, Baud: 921600, Timeout: 35.000s after WCAN_TEST_START

# UART boot config: wcan v=1 role=sensor transport=BROADCAST test_duration_ms=30000 host_wait_time_ms=5000 base=0xe0 count=1 hz=100 linger=100
[2026-05-23 14:52:23.940] ESP-ROM:esp32c3-api1-20210207
[2026-05-23 14:52:23.940] Build:Feb  7 2021
[2026-05-23 14:52:23.949] rst:0x15 (USB_UART_CHIP_RESET),boot:0xd (SPI_FAST_FLASH_BOOT)
[2026-05-23 14:52:23.956] Saved PC:0x40384eba
[2026-05-23 14:52:23.964] SPIWP:0xee
[2026-05-23 14:52:23.972] mode:DIO, clock div:1
[2026-05-23 14:52:23.982] load:0x3fcd5820,len:0x1574
[2026-05-23 14:52:23.988] load:0x403cc710,len:0xc30
[2026-05-23 14:52:24.000] load:0x403ce710,len:0x2fa0
[2026-05-23 14:52:24.005] entry 0x403cc71a
[2026-05-23 14:52:24.023] I (24) boot: ESP-IDF v5.4.1 2nd stage bootloader
[2026-05-23 14:52:24.039] I (24) boot: compile time May 20 2026 00:05:32
[2026-05-23 14:52:24.050] I (25) boot: chip revision: v0.4
[2026-05-23 14:52:24.061] I (25) boot: efuse block revision: v1.3
[2026-05-23 14:52:24.066] I (25) boot.esp32c3: SPI Speed      : 80MHz
[2026-05-23 14:52:24.067] I (25) boot.esp32c3: SPI Mode       : DIO
[2026-05-23 14:52:24.069] I (26) boot.esp32c3: SPI Flash Size : 2MB
[2026-05-23 14:52:24.071] I (26) boot: Enabling RNG early entropy source...
[2026-05-23 14:52:24.072] I (27) boot: Partition Table:
[2026-05-23 14:52:24.084] I (27) boot: ## Label            Usage          Type ST Offset   Length
[2026-05-23 14:52:24.090] I (28) boot:  0 nvs              WiFi data        01 02 00009000 00006000
[2026-05-23 14:52:24.092] I (29) boot:  1 phy_init         RF data          01 01 0000f000 00001000
[2026-05-23 14:52:24.096] I (29) boot:  2 factory          factory app      00 00 00010000 00100000
[2026-05-23 14:52:24.097] I (30) boot: End of partition table
[2026-05-23 14:52:24.100] I (31) esp_image: segment 0: paddr=00010020 vaddr=3c0a0020 size=1977ch (104316) map
[2026-05-23 14:52:24.102] I (48) esp_image: segment 1: paddr=000297a4 vaddr=3fc95200 size=02da0h ( 11680) load
[2026-05-23 14:52:24.106] I (51) esp_image: segment 2: paddr=0002c54c vaddr=40380000 size=03acch ( 15052) load
[2026-05-23 14:52:24.116] I (54) esp_image: segment 3: paddr=00030020 vaddr=42000020 size=9942ch (627756) map
[2026-05-23 14:52:24.122] I (154) esp_image: segment 4: paddr=000c9454 vaddr=40383acc size=11614h ( 71188) load
[2026-05-23 14:52:24.131] I (168) esp_image: segment 5: paddr=000daa70 vaddr=50000200 size=0001ch (    28) load
[2026-05-23 14:52:24.136] I (175) boot: Loaded app from partition at offset 0x10000
[2026-05-23 14:52:24.145] I (175) boot: Disabling RNG early entropy source...
[2026-05-23 14:52:24.146] I (176) cpu_start: Unicore app
[2026-05-23 14:52:24.148] I (185) cpu_start: Pro cpu start user code
[2026-05-23 14:52:24.149] I (185) cpu_start: cpu freq: 160000000 Hz
[2026-05-23 14:52:24.150] I (185) app_init: Application information:
[2026-05-23 14:52:24.151] I (185) app_init: Project name:     sensor_acquirer
[2026-05-23 14:52:24.152] I (185) app_init: App version:      v1.0-171-gbbe0783
[2026-05-23 14:52:24.153] I (186) app_init: Compile time:     May 23 2026 14:30:31
[2026-05-23 14:52:24.154] I (187) app_init: ELF file SHA256:  493679023...
[2026-05-23 14:52:24.154] I (187) app_init: ESP-IDF:          v5.4.1
[2026-05-23 14:52:24.155] I (188) efuse_init: Min chip rev:     v0.3
[2026-05-23 14:52:24.156] I (188) efuse_init: Max chip rev:     v1.99
[2026-05-23 14:52:24.157] I (189) efuse_init: Chip rev:         v0.4
[2026-05-23 14:52:24.158] I (189) heap_init: Initializing. RAM available for dynamic allocation:
[2026-05-23 14:52:24.159] I (190) heap_init: At 3FC9C340 len 00023CC0 (143 KiB): RAM
[2026-05-23 14:52:24.160] I (191) heap_init: At 3FCC0000 len 0001C710 (113 KiB): Retention RAM
[2026-05-23 14:52:24.161] I (191) heap_init: At 3FCDC710 len 00002950 (10 KiB): Retention RAM
[2026-05-23 14:52:24.162] I (192) heap_init: At 5000021C len 00001DCC (7 KiB): RTCRAM
[2026-05-23 14:52:24.163] I (194) spi_flash: detected chip: generic
[2026-05-23 14:52:24.163] I (194) spi_flash: flash io: dio
[2026-05-23 14:52:24.165] W (194) spi_flash: Detected size(4096k) larger than the size in the binary image header(2048k). Using the size in the binary image header.
[2026-05-23 14:52:24.166] I (196) sleep_gpio: Configure to isolate all GPIO pins in sleep state
[2026-05-23 14:52:24.168] I (196) sleep_gpio: Enable automatic switching of GPIO sleep configuration
[2026-05-23 14:52:24.168] I (197) main_task: Started on CPU0
[2026-05-23 14:52:24.169] I (197) main_task: Calling app_main()
[2026-05-23 14:52:24.169] WCAN_CFG_WAIT v=1
# UART boot config sent: wcan v=1 role=sensor transport=BROADCAST test_duration_ms=30000 host_wait_time_ms=5000 base=0xe0 count=1 hz=100 linger=100
[2026-05-23 14:52:24.170] WCAN_CFG_WAIT v=1
[2026-05-23 14:52:26.611] WCAN_CFG_ACK
[2026-05-23 14:52:26.612] WCAN_CFG_ACK
[2026-05-23 14:52:26.618] I (2874) pp: pp rom version: 9387209
[2026-05-23 14:52:26.622] I (2875) net80211: net80211 rom version: 9387209
[2026-05-23 14:52:26.628] I (2876) wifi:wifi driver task: 3fca7720, prio:23, stack:6656, core=0
[2026-05-23 14:52:26.631] I (2880) wifi:wifi firmware version: 79fa3f41ba
[2026-05-23 14:52:26.636] I (2880) wifi:wifi certification version: v7.0
[2026-05-23 14:52:26.639] I (2880) wifi:config NVS flash: enabled
[2026-05-23 14:52:26.644] I (2880) wifi:config nano formatting: disabled
[2026-05-23 14:52:26.647] I (2881) wifi:Init data frame dynamic rx buffer num: 32
[2026-05-23 14:52:26.649] I (2881) wifi:Init static rx mgmt buffer num: 5
[2026-05-23 14:52:26.652] I (2882) wifi:Init management short buffer num: 32
[2026-05-23 14:52:26.654] I (2882) wifi:Init dynamic tx buffer num: 32
[2026-05-23 14:52:26.655] I (2883) wifi:Init static tx FG buffer num: 2
[2026-05-23 14:52:26.657] I (2883) wifi:Init static rx buffer size: 1600
[2026-05-23 14:52:26.659] I (2884) wifi:Init static rx buffer num: 10
[2026-05-23 14:52:26.660] I (2884) wifi:Init dynamic rx buffer num: 32
[2026-05-23 14:52:26.661] I (2885) wifi_init: rx ba win: 6
[2026-05-23 14:52:26.663] I (2886) wifi_init: accept mbox: 6
[2026-05-23 14:52:26.664] I (2886) wifi_init: tcpip mbox: 32
[2026-05-23 14:52:26.665] I (2886) wifi_init: udp mbox: 6
[2026-05-23 14:52:26.665] I (2886) wifi_init: tcp mbox: 6
[2026-05-23 14:52:26.666] I (2887) wifi_init: tcp tx win: 5760
[2026-05-23 14:52:26.667] I (2887) wifi_init: tcp rx win: 5760
[2026-05-23 14:52:26.668] I (2888) wifi_init: tcp mss: 1440
[2026-05-23 14:52:26.669] I (2888) wifi_init: WiFi IRAM OP enabled
[2026-05-23 14:52:26.670] I (2888) wifi_init: WiFi RX IRAM OP enabled
[2026-05-23 14:52:26.671] I (2889) phy_init: phy_version 1200,2b7123f9,Feb 18 2025,15:22:21
[2026-05-23 14:52:26.672] I (2924) wifi:mode : sta (74:4d:bd:e1:d5:b8)
[2026-05-23 14:52:26.672] I (2924) wifi:enable tsf
[2026-05-23 14:52:26.672] I (2927) ESPNOW: espnow [version: 2.0] init
[2026-05-23 14:52:26.672] WCAN_TEST_READY role=sensor
# Waiting for phased test start
# UART test start sent: WCAN_TEST_START at 2026-05-23T14:52:26.683441
[2026-05-23 14:52:27.491] P(FAIL):3554:e0:0:0:10:11
[2026-05-23 14:52:27.836] P(FAIL):3899:e0:4:44:54:11
[2026-05-23 14:52:28.220] P(FAIL):4283:e0:7:77:87:11
[2026-05-23 14:52:28.581] P(FAIL):4642:e0:10:110:120:11
[2026-05-23 14:52:28.984] P(FAIL):5047:e0:12:132:142:11
[2026-05-23 14:52:29.350] P(FAIL):5413:e0:17:187:197:11
[2026-05-23 14:52:29.744] P(FAIL):5807:e0:21:231:241:11
[2026-05-23 14:52:30.256] P(FAIL):6319:e0:25:275:285:11
[2026-05-23 14:52:30.786] P(FAIL):6849:e0:30:330:340:11
[2026-05-23 14:52:31.139] P(FAIL):7202:e0:34:374:384:11
[2026-05-23 14:52:31.495] P(FAIL):7558:e0:37:407:417:11
[2026-05-23 14:52:31.878] P(FAIL):7941:e0:40:440:450:11
[2026-05-23 14:52:32.232] P(FAIL):8295:e0:44:484:494:11
[2026-05-23 14:52:32.614] P(FAIL):8677:e0:47:517:527:11
[2026-05-23 14:52:33.056] P(FAIL):9119:e0:51:561:571:11
[2026-05-23 14:52:33.557] P(FAIL):9620:e0:55:605:615:11
[2026-05-23 14:52:33.914] P(FAIL):9977:e0:59:649:659:11
[2026-05-23 14:52:34.281] P(FAIL):10344:e0:62:682:692:11
[2026-05-23 14:52:34.694] P(FAIL):10757:e0:66:726:736:11
[2026-05-23 14:52:35.126] P(FAIL):11189:e0:70:770:780:11
[2026-05-23 14:52:35.462] P(FAIL):11525:e0:72:792:802:11
[2026-05-23 14:52:35.951] P(FAIL):12014:e0:77:847:857:11
[2026-05-23 14:52:36.358] P(FAIL):12421:e0:81:891:901:11
[2026-05-23 14:52:36.758] P(FAIL):12821:e0:85:935:945:11
[2026-05-23 14:52:37.166] P(FAIL):13229:e0:88:968:978:11
[2026-05-23 14:52:37.622] P(FAIL):13685:e0:92:1012:1022:11
[2026-05-23 14:52:38.056] P(FAIL):14119:e0:96:1056:1066:11
[2026-05-23 14:52:38.466] P(FAIL):14529:e0:100:1100:1110:11
[2026-05-23 14:52:38.870] P(FAIL):14933:e0:104:1144:1154:11
[2026-05-23 14:52:39.334] P(FAIL):15397:e0:108:1188:1198:11
[2026-05-23 14:52:39.695] P(FAIL):15758:e0:110:1210:1220:11
[2026-05-23 14:52:40.505] P(FAIL):16568:e0:119:1309:1319:11
[2026-05-23 14:52:40.815] P(FAIL):16878:e0:122:1342:1352:11
[2026-05-23 14:52:41.183] P(FAIL):17246:e0:125:1375:1385:11
[2026-05-23 14:52:41.548] P(FAIL):17611:e0:129:1419:1429:11
[2026-05-23 14:52:42.016] P(FAIL):18079:e0:132:1452:1462:11
[2026-05-23 14:52:42.488] P(FAIL):18550:e0:136:1496:1506:11
[2026-05-23 14:52:42.885] P(FAIL):18948:e0:140:1540:1550:11
[2026-05-23 14:52:43.263] P(FAIL):19326:e0:144:1584:1594:11
[2026-05-23 14:52:43.527] P(FAIL):19590:e0:147:1617:1627:11
[2026-05-23 14:52:43.975] P(FAIL):20038:e0:150:1650:1660:11
[2026-05-23 14:52:44.386] P(FAIL):20449:e0:154:1694:1704:11
[2026-05-23 14:52:44.813] P(FAIL):20876:e0:158:1738:1748:11
[2026-05-23 14:52:45.256] P(FAIL):21319:e0:162:1782:1792:11
[2026-05-23 14:52:45.677] P(FAIL):21739:e0:166:1826:1836:11
[2026-05-23 14:52:46.467] P(FAIL):22530:e0:173:1903:1913:11
[2026-05-23 14:52:47.001] P(FAIL):23064:e0:178:1958:1968:11
[2026-05-23 14:52:47.341] P(FAIL):23403:e0:181:1991:2001:11
[2026-05-23 14:52:47.786] P(FAIL):23849:e0:185:2035:2045:11
[2026-05-23 14:52:48.223] P(FAIL):24286:e0:189:2079:2089:11
[2026-05-23 14:52:48.825] P(FAIL):24888:e0:194:2134:2144:11
[2026-05-23 14:52:49.205] P(FAIL):25268:e0:198:2178:2188:11
[2026-05-23 14:52:49.557] P(FAIL):25619:e0:201:2211:2221:11
[2026-05-23 14:52:49.978] P(FAIL):26041:e0:205:2255:2265:11
[2026-05-23 14:52:50.264] P(FAIL):26327:e0:207:2277:2287:11
[2026-05-23 14:52:50.593] P(FAIL):26656:e0:211:2321:2331:11
[2026-05-23 14:52:50.982] P(FAIL):27044:e0:214:2354:2364:11
[2026-05-23 14:52:51.440] P(FAIL):27503:e0:218:2398:2408:11
[2026-05-23 14:52:51.881] P(FAIL):27943:e0:222:2442:2452:11
[2026-05-23 14:52:52.391] P(FAIL):28454:e0:226:2486:2496:11
[2026-05-23 14:52:52.817] P(FAIL):28880:e0:230:2530:2540:11
[2026-05-23 14:52:53.228] P(FAIL):29291:e0:231:2541:2551:11
[2026-05-23 14:52:53.608] P(FAIL):29670:e0:235:2585:2595:11
[2026-05-23 14:52:53.978] P(FAIL):30039:e0:237:2607:2617:11
[2026-05-23 14:52:54.312] P(FAIL):30374:e0:238:2618:2628:11
[2026-05-23 14:52:57.066] P(FAIL):33128:e0:269:2963:2973:11
[2026-05-23 14:52:57.865] P(FAIL):33928:e0:270:2974:2984:11
[2026-05-23 14:52:58.006] WCAN_BATCH id=0xe0 count=273 avg_hz=9.08 avg_points=10.97 min_points=3 max_points=11 avg_interval_ms=110.15 min_interval_ms=109.84 max_interval_ms=150.05 avg_dispatch_ms=1.67 max_dispatch_ms=55.15 dispatched_count=469 avg_queue_wait_ms=159.76 max_queue_wait_ms=961.77
[2026-05-23 14:52:58.009] WCAN_SENSOR_END generated=2998 avg_hz=99.97
[2026-05-23 14:52:58.010] S(FAIL):34054:e0:0:2728:2731:4
[2026-05-23 14:52:58.018] WCAN_MEASURES elapsed_ms=29999 heap_start_free=126780 heap_end_free=141568 heap_start_min_free=126720 heap_end_min_free=126420 heap_start_largest=98304 heap_end_largest=98304 airtime_us_total=777379 packets_sent_total=469 sensor_send_failures_total=4
[2026-05-23 14:52:58.018] WCAN_TEST_END role=sensor

# Monitor stopped: 2026-05-23T14:52:58.018876
