# Monitor started: 2026-05-23T20:12:26.783709
# Port: /dev/ttyACM0, Baud: 921600, Timeout: 35.000s after WCAN_TEST_START

# UART boot config: wcan v=1 role=sensor transport=MULTICAST test_duration_ms=30000 host_wait_time_ms=5000 base=0xd0 count=3 hz=200 linger=100
[2026-05-23 20:12:26.791] ESP-ROM:esp32c3-api1-20210207
[2026-05-23 20:12:26.800] Build:Feb  7 2021
[2026-05-23 20:12:26.821] rst:0x15 (USB_UART_CHIP_RESET),boot:0xd (SPI_FAST_FLASH_BOOT)
[2026-05-23 20:12:26.828] Saved PC:0x40384eba
[2026-05-23 20:12:26.831] SPIWP:0xee
[2026-05-23 20:12:26.838] mode:DIO, clock div:1
[2026-05-23 20:12:26.849] load:0x3fcd5820,len:0x1574
[2026-05-23 20:12:26.851] load:0x403cc710,len:0xc30
[2026-05-23 20:12:26.854] load:0x403ce710,len:0x2fa0
[2026-05-23 20:12:26.856] entry 0x403cc71a
[2026-05-23 20:12:26.863] I (24) boot: ESP-IDF v5.4.1 2nd stage bootloader
[2026-05-23 20:12:26.868] I (24) boot: compile time May 19 2026 23:41:33
[2026-05-23 20:12:26.880] I (25) boot: chip revision: v0.4
[2026-05-23 20:12:26.882] I (25) boot: efuse block revision: v1.3
[2026-05-23 20:12:26.883] I (25) boot.esp32c3: SPI Speed      : 80MHz
[2026-05-23 20:12:26.883] I (25) boot.esp32c3: SPI Mode       : DIO
[2026-05-23 20:12:26.884] I (26) boot.esp32c3: SPI Flash Size : 2MB
[2026-05-23 20:12:26.888] I (26) boot: Enabling RNG early entropy source...
[2026-05-23 20:12:26.889] I (27) boot: Partition Table:
[2026-05-23 20:12:26.893] I (27) boot: ## Label            Usage          Type ST Offset   Length
[2026-05-23 20:12:26.902] I (28) boot:  0 nvs              WiFi data        01 02 00009000 00006000
[2026-05-23 20:12:26.908] I (29) boot:  1 phy_init         RF data          01 01 0000f000 00001000
[2026-05-23 20:12:26.912] I (29) boot:  2 factory          factory app      00 00 00010000 00100000
[2026-05-23 20:12:26.913] I (30) boot: End of partition table
[2026-05-23 20:12:26.918] I (31) esp_image: segment 0: paddr=00010020 vaddr=3c0a0020 size=19850h (104528) map
[2026-05-23 20:12:26.921] I (48) esp_image: segment 1: paddr=00029878 vaddr=3fc95000 size=02da0h ( 11680) load
[2026-05-23 20:12:26.925] I (51) esp_image: segment 2: paddr=0002c620 vaddr=40380000 size=039f8h ( 14840) load
[2026-05-23 20:12:26.927] I (54) esp_image: segment 3: paddr=00030020 vaddr=42000020 size=990b4h (626868) map
[2026-05-23 20:12:26.933] I (154) esp_image: segment 4: paddr=000c90dc vaddr=403839f8 size=114f8h ( 70904) load
[2026-05-23 20:12:26.939] I (168) esp_image: segment 5: paddr=000da5dc vaddr=50000200 size=0001ch (    28) load
[2026-05-23 20:12:26.942] I (174) boot: Loaded app from partition at offset 0x10000
[2026-05-23 20:12:26.945] I (175) boot: Disabling RNG early entropy source...
[2026-05-23 20:12:26.946] I (176) cpu_start: Unicore app
[2026-05-23 20:12:26.950] I (184) cpu_start: Pro cpu start user code
[2026-05-23 20:12:26.953] I (184) cpu_start: cpu freq: 160000000 Hz
[2026-05-23 20:12:26.956] I (185) app_init: Application information:
[2026-05-23 20:12:26.960] I (185) app_init: Project name:     sensor_acquirer
[2026-05-23 20:12:26.966] I (185) app_init: App version:      v1.0-171-gbbe0783
[2026-05-23 20:12:26.970] I (186) app_init: Compile time:     May 23 2026 14:30:40
[2026-05-23 20:12:26.974] I (186) app_init: ELF file SHA256:  0e7d705e7...
[2026-05-23 20:12:26.975] I (187) app_init: ESP-IDF:          v5.4.1
[2026-05-23 20:12:26.977] I (187) efuse_init: Min chip rev:     v0.3
[2026-05-23 20:12:26.980] I (188) efuse_init: Max chip rev:     v1.99
[2026-05-23 20:12:26.983] I (188) efuse_init: Chip rev:         v0.4
[2026-05-23 20:12:26.985] I (189) heap_init: Initializing. RAM available for dynamic allocation:
[2026-05-23 20:12:26.996] I (190) heap_init: At 3FC9C130 len 00023ED0 (143 KiB): RAM
[2026-05-23 20:12:26.997] I (190) heap_init: At 3FCC0000 len 0001C710 (113 KiB): Retention RAM
[2026-05-23 20:12:26.998] I (191) heap_init: At 3FCDC710 len 00002950 (10 KiB): Retention RAM
[2026-05-23 20:12:26.999] I (192) heap_init: At 5000021C len 00001DCC (7 KiB): RTCRAM
[2026-05-23 20:12:27.000] I (193) spi_flash: detected chip: generic
[2026-05-23 20:12:27.001] I (193) spi_flash: flash io: dio
[2026-05-23 20:12:27.003] W (193) spi_flash: Detected size(4096k) larger than the size in the binary image header(2048k). Using the size in the binary image header.
[2026-05-23 20:12:27.005] I (195) sleep_gpio: Configure to isolate all GPIO pins in sleep state
[2026-05-23 20:12:27.006] I (196) sleep_gpio: Enable automatic switching of GPIO sleep configuration
[2026-05-23 20:12:27.007] I (197) main_task: Started on CPU0
[2026-05-23 20:12:27.007] I (197) main_task: Calling app_main()
[2026-05-23 20:12:27.007] WCAN_CFG_WAIT v=1
# UART boot config sent: wcan v=1 role=sensor transport=MULTICAST test_duration_ms=30000 host_wait_time_ms=5000 base=0xd0 count=3 hz=200 linger=100
[2026-05-23 20:12:27.008] WCAN_CFG_WAIT v=1
[2026-05-23 20:12:29.448] WCAN_CFG_ACK
[2026-05-23 20:12:29.448] WCAN_CFG_ACK
[2026-05-23 20:12:29.455] I (2868) pp: pp rom version: 9387209
[2026-05-23 20:12:29.460] I (2869) net80211: net80211 rom version: 9387209
[2026-05-23 20:12:29.469] I (2870) wifi:wifi driver task: 3fca7594, prio:23, stack:6656, core=0
[2026-05-23 20:12:29.473] I (2874) wifi:wifi firmware version: 79fa3f41ba
[2026-05-23 20:12:29.477] I (2874) wifi:wifi certification version: v7.0
[2026-05-23 20:12:29.480] I (2874) wifi:config NVS flash: enabled
[2026-05-23 20:12:29.484] I (2874) wifi:config nano formatting: disabled
[2026-05-23 20:12:29.488] I (2875) wifi:Init data frame dynamic rx buffer num: 32
[2026-05-23 20:12:29.490] I (2875) wifi:Init static rx mgmt buffer num: 5
[2026-05-23 20:12:29.492] I (2876) wifi:Init management short buffer num: 32
[2026-05-23 20:12:29.494] I (2876) wifi:Init dynamic tx buffer num: 32
[2026-05-23 20:12:29.496] I (2877) wifi:Init static tx FG buffer num: 2
[2026-05-23 20:12:29.497] I (2877) wifi:Init static rx buffer size: 1600
[2026-05-23 20:12:29.498] I (2878) wifi:Init static rx buffer num: 10
[2026-05-23 20:12:29.500] I (2878) wifi:Init dynamic rx buffer num: 32
[2026-05-23 20:12:29.500] I (2879) wifi_init: rx ba win: 6
[2026-05-23 20:12:29.501] I (2880) wifi_init: accept mbox: 6
[2026-05-23 20:12:29.502] I (2880) wifi_init: tcpip mbox: 32
[2026-05-23 20:12:29.503] I (2880) wifi_init: udp mbox: 6
[2026-05-23 20:12:29.504] I (2880) wifi_init: tcp mbox: 6
[2026-05-23 20:12:29.505] I (2881) wifi_init: tcp tx win: 5760
[2026-05-23 20:12:29.505] I (2881) wifi_init: tcp rx win: 5760
[2026-05-23 20:12:29.506] I (2882) wifi_init: tcp mss: 1440
[2026-05-23 20:12:29.507] I (2882) wifi_init: WiFi IRAM OP enabled
[2026-05-23 20:12:29.508] I (2882) wifi_init: WiFi RX IRAM OP enabled
[2026-05-23 20:12:29.510] I (2883) phy_init: phy_version 1200,2b7123f9,Feb 18 2025,15:22:21
[2026-05-23 20:12:29.511] I (2918) wifi:mode : sta (54:32:04:8c:0b:8c)
[2026-05-23 20:12:29.512] I (2918) wifi:enable tsf
[2026-05-23 20:12:29.513] I (2922) ESPNOW: espnow [version: 2.0] init
[2026-05-23 20:12:29.514] WCAN_TEST_READY role=sensor
# Waiting for phased test start
# UART test start sent: WCAN_TEST_START at 2026-05-23T20:12:29.525169
[2026-05-23 20:12:59.863] WCAN_BATCH id=0xd0 count=285 avg_hz=9.52 avg_points=21.00 min_points=21 max_points=21 avg_interval_ms=105.00 min_interval_ms=104.91 max_interval_ms=105.11 avg_dispatch_ms=4.39 max_dispatch_ms=14.71 dispatched_count=285 avg_queue_wait_ms=0.15 max_queue_wait_ms=0.28
[2026-05-23 20:12:59.878] WCAN_BATCH id=0xd1 count=285 avg_hz=9.52 avg_points=21.00 min_points=21 max_points=21 avg_interval_ms=105.00 min_interval_ms=104.90 max_interval_ms=105.12 avg_dispatch_ms=3.74 max_dispatch_ms=12.26 dispatched_count=285 avg_queue_wait_ms=4.60 max_queue_wait_ms=14.90
[2026-05-23 20:12:59.886] WCAN_BATCH id=0xd2 count=285 avg_hz=9.52 avg_points=21.00 min_points=21 max_points=21 avg_interval_ms=105.00 min_interval_ms=104.90 max_interval_ms=105.12 avg_dispatch_ms=4.18 max_dispatch_ms=17.81 dispatched_count=285 avg_queue_wait_ms=8.41 max_queue_wait_ms=19.05
[2026-05-23 20:12:59.888] WCAN_SENSOR_END generated=5998 avg_hz=199.97
[2026-05-23 20:12:59.894] WCAN_MEASURES elapsed_ms=29999 heap_start_free=66296 heap_end_free=78044 heap_start_min_free=66280 heap_end_min_free=64940 heap_start_largest=47104 heap_end_largest=47104 airtime_us_total=3497134 packets_sent_total=855 sensor_send_failures_total=0
[2026-05-23 20:12:59.894] WCAN_TEST_END role=sensor

# Monitor stopped: 2026-05-23T20:12:59.894433
