# Monitor started: 2026-05-23T14:44:33.733268
# Port: /dev/ttyACM1, Baud: 921600, Timeout: 35.000s after WCAN_TEST_START

# UART boot config: wcan v=1 role=sensor transport=BROADCAST test_duration_ms=30000 host_wait_time_ms=5000 base=0xe0 count=1 hz=100 linger=100
[2026-05-23 14:44:33.733] ESP-ROM:esp32c3-api1-20210207
[2026-05-23 14:44:33.733] Build:Feb  7 2021
[2026-05-23 14:44:33.734] rst:0x15 (USB_UART_CHIP_RESET),boot:0xd (SPI_FAST_FLASH_BOOT)
[2026-05-23 14:44:33.734] Saved PC:0x40384eba
[2026-05-23 14:44:33.734] SPIWP:0xee
[2026-05-23 14:44:33.735] mode:DIO, clock div:1
[2026-05-23 14:44:33.735] load:0x3fcd5820,len:0x1574
[2026-05-23 14:44:33.736] load:0x403cc710,len:0xc30
[2026-05-23 14:44:33.738] load:0x403ce710,len:0x2fa0
[2026-05-23 14:44:33.740] entry 0x403cc71a
[2026-05-23 14:44:33.746] I (24) boot: ESP-IDF v5.4.1 2nd stage bootloader
[2026-05-23 14:44:33.752] I (24) boot: compile time May 20 2026 00:05:32
[2026-05-23 14:44:33.764] I (25) boot: chip revision: v0.4
[2026-05-23 14:44:33.778] I (25) boot: efuse block revision: v1.3
[2026-05-23 14:44:33.789] I (25) boot.esp32c3: SPI Speed      : 80MHz
[2026-05-23 14:44:33.790] I (25) boot.esp32c3: SPI Mode       : DIO
[2026-05-23 14:44:33.792] I (26) boot.esp32c3: SPI Flash Size : 2MB
[2026-05-23 14:44:33.797] I (26) boot: Enabling RNG early entropy source...
[2026-05-23 14:44:33.802] I (27) boot: Partition Table:
[2026-05-23 14:44:33.805] I (27) boot: ## Label            Usage          Type ST Offset   Length
[2026-05-23 14:44:33.811] I (28) boot:  0 nvs              WiFi data        01 02 00009000 00006000
[2026-05-23 14:44:33.818] I (29) boot:  1 phy_init         RF data          01 01 0000f000 00001000
[2026-05-23 14:44:33.829] I (29) boot:  2 factory          factory app      00 00 00010000 00100000
[2026-05-23 14:44:33.833] I (30) boot: End of partition table
[2026-05-23 14:44:33.836] I (31) esp_image: segment 0: paddr=00010020 vaddr=3c0a0020 size=1977ch (104316) map
[2026-05-23 14:44:33.842] I (48) esp_image: segment 1: paddr=000297a4 vaddr=3fc95200 size=02da0h ( 11680) load
[2026-05-23 14:44:33.847] I (51) esp_image: segment 2: paddr=0002c54c vaddr=40380000 size=03acch ( 15052) load
[2026-05-23 14:44:33.853] I (54) esp_image: segment 3: paddr=00030020 vaddr=42000020 size=9942ch (627756) map
[2026-05-23 14:44:33.859] I (154) esp_image: segment 4: paddr=000c9454 vaddr=40383acc size=11614h ( 71188) load
[2026-05-23 14:44:33.863] I (168) esp_image: segment 5: paddr=000daa70 vaddr=50000200 size=0001ch (    28) load
[2026-05-23 14:44:33.864] I (175) boot: Loaded app from partition at offset 0x10000
[2026-05-23 14:44:33.865] I (175) boot: Disabling RNG early entropy source...
[2026-05-23 14:44:33.866] I (176) cpu_start: Unicore app
[2026-05-23 14:44:33.870] I (185) cpu_start: Pro cpu start user code
[2026-05-23 14:44:33.870] I (185) cpu_start: cpu freq: 160000000 Hz
[2026-05-23 14:44:33.872] I (185) app_init: Application information:
[2026-05-23 14:44:33.874] I (185) app_init: Project name:     sensor_acquirer
[2026-05-23 14:44:33.878] I (185) app_init: App version:      v1.0-171-gbbe0783
[2026-05-23 14:44:33.879] I (186) app_init: Compile time:     May 23 2026 14:30:31
[2026-05-23 14:44:33.880] I (187) app_init: ELF file SHA256:  493679023...
[2026-05-23 14:44:33.882] I (187) app_init: ESP-IDF:          v5.4.1
[2026-05-23 14:44:33.886] I (188) efuse_init: Min chip rev:     v0.3
[2026-05-23 14:44:33.888] I (188) efuse_init: Max chip rev:     v1.99
[2026-05-23 14:44:33.891] I (189) efuse_init: Chip rev:         v0.4
[2026-05-23 14:44:33.899] I (189) heap_init: Initializing. RAM available for dynamic allocation:
[2026-05-23 14:44:33.903] I (190) heap_init: At 3FC9C340 len 00023CC0 (143 KiB): RAM
[2026-05-23 14:44:33.907] I (190) heap_init: At 3FCC0000 len 0001C710 (113 KiB): Retention RAM
[2026-05-23 14:44:33.909] I (191) heap_init: At 3FCDC710 len 00002950 (10 KiB): Retention RAM
[2026-05-23 14:44:33.912] I (192) heap_init: At 5000021C len 00001DCC (7 KiB): RTCRAM
[2026-05-23 14:44:33.916] I (194) spi_flash: detected chip: generic
[2026-05-23 14:44:33.917] I (194) spi_flash: flash io: dio
[2026-05-23 14:44:33.919] W (194) spi_flash: Detected size(4096k) larger than the size in the binary image header(2048k). Using the size in the binary image header.
[2026-05-23 14:44:33.920] I (196) sleep_gpio: Configure to isolate all GPIO pins in sleep state
[2026-05-23 14:44:33.921] I (196) sleep_gpio: Enable automatic switching of GPIO sleep configuration
[2026-05-23 14:44:33.922] I (197) main_task: Started on CPU0
[2026-05-23 14:44:33.922] I (197) main_task: Calling app_main()
[2026-05-23 14:44:33.922] WCAN_CFG_WAIT v=1
# UART boot config sent: wcan v=1 role=sensor transport=BROADCAST test_duration_ms=30000 host_wait_time_ms=5000 base=0xe0 count=1 hz=100 linger=100
[2026-05-23 14:44:33.922] WCAN_CFG_WAIT v=1
[2026-05-23 14:44:36.363] WCAN_CFG_ACK
[2026-05-23 14:44:36.363] WCAN_CFG_ACK
[2026-05-23 14:44:36.368] I (2833) pp: pp rom version: 9387209
[2026-05-23 14:44:36.369] I (2834) net80211: net80211 rom version: 9387209
[2026-05-23 14:44:36.371] I (2835) wifi:wifi driver task: 3fca7720, prio:23, stack:6656, core=0
[2026-05-23 14:44:36.374] I (2839) wifi:wifi firmware version: 79fa3f41ba
[2026-05-23 14:44:36.375] I (2839) wifi:wifi certification version: v7.0
[2026-05-23 14:44:36.376] I (2839) wifi:config NVS flash: enabled
[2026-05-23 14:44:36.377] I (2839) wifi:config nano formatting: disabled
[2026-05-23 14:44:36.378] I (2840) wifi:Init data frame dynamic rx buffer num: 32
[2026-05-23 14:44:36.379] I (2840) wifi:Init static rx mgmt buffer num: 5
[2026-05-23 14:44:36.380] I (2841) wifi:Init management short buffer num: 32
[2026-05-23 14:44:36.381] I (2841) wifi:Init dynamic tx buffer num: 32
[2026-05-23 14:44:36.382] I (2842) wifi:Init static tx FG buffer num: 2
[2026-05-23 14:44:36.384] I (2842) wifi:Init static rx buffer size: 1600
[2026-05-23 14:44:36.385] I (2843) wifi:Init static rx buffer num: 10
[2026-05-23 14:44:36.386] I (2843) wifi:Init dynamic rx buffer num: 32
[2026-05-23 14:44:36.386] I (2844) wifi_init: rx ba win: 6
[2026-05-23 14:44:36.387] I (2845) wifi_init: accept mbox: 6
[2026-05-23 14:44:36.388] I (2845) wifi_init: tcpip mbox: 32
[2026-05-23 14:44:36.389] I (2845) wifi_init: udp mbox: 6
[2026-05-23 14:44:36.390] I (2845) wifi_init: tcp mbox: 6
[2026-05-23 14:44:36.391] I (2846) wifi_init: tcp tx win: 5760
[2026-05-23 14:44:36.392] I (2846) wifi_init: tcp rx win: 5760
[2026-05-23 14:44:36.392] I (2847) wifi_init: tcp mss: 1440
[2026-05-23 14:44:36.393] I (2847) wifi_init: WiFi IRAM OP enabled
[2026-05-23 14:44:36.394] I (2847) wifi_init: WiFi RX IRAM OP enabled
[2026-05-23 14:44:36.396] I (2848) phy_init: phy_version 1200,2b7123f9,Feb 18 2025,15:22:21
[2026-05-23 14:44:36.417] I (2882) wifi:mode : sta (74:4d:bd:e1:d5:b8)
[2026-05-23 14:44:36.418] I (2883) wifi:enable tsf
[2026-05-23 14:44:36.421] I (2886) ESPNOW: espnow [version: 2.0] init
[2026-05-23 14:44:36.421] WCAN_TEST_READY role=sensor
# Waiting for phased test start
# UART test start sent: WCAN_TEST_START at 2026-05-23T14:44:36.433503
[2026-05-23 14:45:06.765] P(FAIL):33033:e0:269:2959:2969:11
[2026-05-23 14:45:07.564] P(FAIL):33833:e0:270:2970:2980:11
[2026-05-23 14:45:07.747] WCAN_BATCH id=0xe0 count=273 avg_hz=9.09 avg_points=10.99 min_points=7 max_points=11 avg_interval_ms=110.00 min_interval_ms=109.96 max_interval_ms=110.03 avg_dispatch_ms=1.53 max_dispatch_ms=4.73 dispatched_count=273 avg_queue_wait_ms=1.85 max_queue_wait_ms=241.74
[2026-05-23 14:45:07.748] WCAN_SENSOR_END generated=2998 avg_hz=99.97
[2026-05-23 14:45:07.752] WCAN_MEASURES elapsed_ms=29999 heap_start_free=126780 heap_end_free=141568 heap_start_min_free=126780 heap_end_min_free=126480 heap_start_largest=98304 heap_end_largest=98304 airtime_us_total=414042 packets_sent_total=273 sensor_send_failures_total=0
[2026-05-23 14:45:07.753] WCAN_TEST_END role=sensor

# Monitor stopped: 2026-05-23T14:45:07.753070
