# Monitor started: 2026-05-23T19:53:24.496901
# Port: /dev/ttyACM0, Baud: 921600, Timeout: 35.000s after WCAN_TEST_START

# UART boot config: wcan v=1 role=sensor transport=MULTICAST test_duration_ms=30000 host_wait_time_ms=5000 base=0xd0 count=3 hz=100 linger=100
[2026-05-23 19:53:24.497] ESP-ROM:esp32c3-api1-20210207
[2026-05-23 19:53:24.498] Build:Feb  7 2021
[2026-05-23 19:53:24.499] rst:0x15 (USB_UART_CHIP_RESET),boot:0xd (SPI_FAST_FLASH_BOOT)
[2026-05-23 19:53:24.499] Saved PC:0x40384eba
[2026-05-23 19:53:24.506] SPIWP:0xee
[2026-05-23 19:53:24.514] mode:DIO, clock div:1
[2026-05-23 19:53:24.523] load:0x3fcd5820,len:0x1574
[2026-05-23 19:53:24.531] load:0x403cc710,len:0xc30
[2026-05-23 19:53:24.542] load:0x403ce710,len:0x2fa0
[2026-05-23 19:53:24.548] entry 0x403cc71a
[2026-05-23 19:53:24.566] I (24) boot: ESP-IDF v5.4.1 2nd stage bootloader
[2026-05-23 19:53:24.570] I (24) boot: compile time May 19 2026 23:41:33
[2026-05-23 19:53:24.573] I (24) boot: chip revision: v0.4
[2026-05-23 19:53:24.577] I (25) boot: efuse block revision: v1.3
[2026-05-23 19:53:24.581] I (25) boot.esp32c3: SPI Speed      : 80MHz
[2026-05-23 19:53:24.584] I (25) boot.esp32c3: SPI Mode       : DIO
[2026-05-23 19:53:24.585] I (26) boot.esp32c3: SPI Flash Size : 2MB
[2026-05-23 19:53:24.590] I (26) boot: Enabling RNG early entropy source...
[2026-05-23 19:53:24.592] I (27) boot: Partition Table:
[2026-05-23 19:53:24.594] I (27) boot: ## Label            Usage          Type ST Offset   Length
[2026-05-23 19:53:24.597] I (28) boot:  0 nvs              WiFi data        01 02 00009000 00006000
[2026-05-23 19:53:24.598] I (29) boot:  1 phy_init         RF data          01 01 0000f000 00001000
[2026-05-23 19:53:24.600] I (29) boot:  2 factory          factory app      00 00 00010000 00100000
[2026-05-23 19:53:24.601] I (30) boot: End of partition table
[2026-05-23 19:53:24.604] I (31) esp_image: segment 0: paddr=00010020 vaddr=3c0a0020 size=19850h (104528) map
[2026-05-23 19:53:24.605] I (48) esp_image: segment 1: paddr=00029878 vaddr=3fc95000 size=02da0h ( 11680) load
[2026-05-23 19:53:24.607] I (51) esp_image: segment 2: paddr=0002c620 vaddr=40380000 size=039f8h ( 14840) load
[2026-05-23 19:53:24.609] I (54) esp_image: segment 3: paddr=00030020 vaddr=42000020 size=990b4h (626868) map
[2026-05-23 19:53:24.613] I (154) esp_image: segment 4: paddr=000c90dc vaddr=403839f8 size=114f8h ( 70904) load
[2026-05-23 19:53:24.620] I (168) esp_image: segment 5: paddr=000da5dc vaddr=50000200 size=0001ch (    28) load
[2026-05-23 19:53:24.621] I (174) boot: Loaded app from partition at offset 0x10000
[2026-05-23 19:53:24.622] I (175) boot: Disabling RNG early entropy source...
[2026-05-23 19:53:24.623] I (176) cpu_start: Unicore app
[2026-05-23 19:53:24.627] I (184) cpu_start: Pro cpu start user code
[2026-05-23 19:53:24.644] I (184) cpu_start: cpu freq: 160000000 Hz
[2026-05-23 19:53:24.657] I (185) app_init: Application information:
[2026-05-23 19:53:24.663] I (185) app_init: Project name:     sensor_acquirer
[2026-05-23 19:53:24.669] I (185) app_init: App version:      v1.0-171-gbbe0783
[2026-05-23 19:53:24.672] I (186) app_init: Compile time:     May 23 2026 14:30:40
[2026-05-23 19:53:24.675] I (186) app_init: ELF file SHA256:  0e7d705e7...
[2026-05-23 19:53:24.678] I (187) app_init: ESP-IDF:          v5.4.1
[2026-05-23 19:53:24.681] I (187) efuse_init: Min chip rev:     v0.3
[2026-05-23 19:53:24.683] I (188) efuse_init: Max chip rev:     v1.99
[2026-05-23 19:53:24.683] I (188) efuse_init: Chip rev:         v0.4
[2026-05-23 19:53:24.684] I (189) heap_init: Initializing. RAM available for dynamic allocation:
[2026-05-23 19:53:24.685] I (190) heap_init: At 3FC9C130 len 00023ED0 (143 KiB): RAM
[2026-05-23 19:53:24.686] I (190) heap_init: At 3FCC0000 len 0001C710 (113 KiB): Retention RAM
[2026-05-23 19:53:24.687] I (191) heap_init: At 3FCDC710 len 00002950 (10 KiB): Retention RAM
[2026-05-23 19:53:24.688] I (192) heap_init: At 5000021C len 00001DCC (7 KiB): RTCRAM
[2026-05-23 19:53:24.689] I (193) spi_flash: detected chip: generic
[2026-05-23 19:53:24.689] I (193) spi_flash: flash io: dio
[2026-05-23 19:53:24.694] W (193) spi_flash: Detected size(4096k) larger than the size in the binary image header(2048k). Using the size in the binary image header.
[2026-05-23 19:53:24.697] I (195) sleep_gpio: Configure to isolate all GPIO pins in sleep state
[2026-05-23 19:53:24.700] I (196) sleep_gpio: Enable automatic switching of GPIO sleep configuration
[2026-05-23 19:53:24.701] I (197) main_task: Started on CPU0
[2026-05-23 19:53:24.702] I (197) main_task: Calling app_main()
[2026-05-23 19:53:24.702] WCAN_CFG_WAIT v=1
# UART boot config sent: wcan v=1 role=sensor transport=MULTICAST test_duration_ms=30000 host_wait_time_ms=5000 base=0xd0 count=3 hz=100 linger=100
[2026-05-23 19:53:24.703] WCAN_CFG_WAIT v=1
[2026-05-23 19:53:27.155] WCAN_CFG_ACK
[2026-05-23 19:53:27.155] WCAN_CFG_ACK
[2026-05-23 19:53:27.160] I (2862) pp: pp rom version: 9387209
[2026-05-23 19:53:27.161] I (2863) net80211: net80211 rom version: 9387209
[2026-05-23 19:53:27.163] I (2864) wifi:wifi driver task: 3fca7594, prio:23, stack:6656, core=0
[2026-05-23 19:53:27.166] I (2868) wifi:wifi firmware version: 79fa3f41ba
[2026-05-23 19:53:27.167] I (2868) wifi:wifi certification version: v7.0
[2026-05-23 19:53:27.168] I (2868) wifi:config NVS flash: enabled
[2026-05-23 19:53:27.169] I (2869) wifi:config nano formatting: disabled
[2026-05-23 19:53:27.170] I (2869) wifi:Init data frame dynamic rx buffer num: 32
[2026-05-23 19:53:27.171] I (2869) wifi:Init static rx mgmt buffer num: 5
[2026-05-23 19:53:27.172] I (2870) wifi:Init management short buffer num: 32
[2026-05-23 19:53:27.173] I (2870) wifi:Init dynamic tx buffer num: 32
[2026-05-23 19:53:27.174] I (2871) wifi:Init static tx FG buffer num: 2
[2026-05-23 19:53:27.175] I (2871) wifi:Init static rx buffer size: 1600
[2026-05-23 19:53:27.176] I (2872) wifi:Init static rx buffer num: 10
[2026-05-23 19:53:27.177] I (2872) wifi:Init dynamic rx buffer num: 32
[2026-05-23 19:53:27.178] I (2874) wifi_init: rx ba win: 6
[2026-05-23 19:53:27.179] I (2874) wifi_init: accept mbox: 6
[2026-05-23 19:53:27.180] I (2874) wifi_init: tcpip mbox: 32
[2026-05-23 19:53:27.181] I (2874) wifi_init: udp mbox: 6
[2026-05-23 19:53:27.182] I (2874) wifi_init: tcp mbox: 6
[2026-05-23 19:53:27.182] I (2875) wifi_init: tcp tx win: 5760
[2026-05-23 19:53:27.183] I (2875) wifi_init: tcp rx win: 5760
[2026-05-23 19:53:27.184] I (2876) wifi_init: tcp mss: 1440
[2026-05-23 19:53:27.185] I (2876) wifi_init: WiFi IRAM OP enabled
[2026-05-23 19:53:27.186] I (2876) wifi_init: WiFi RX IRAM OP enabled
[2026-05-23 19:53:27.187] I (2877) phy_init: phy_version 1200,2b7123f9,Feb 18 2025,15:22:21
[2026-05-23 19:53:27.210] I (2911) wifi:mode : sta (54:32:04:8c:0b:8c)
[2026-05-23 19:53:27.210] I (2912) wifi:enable tsf
[2026-05-23 19:53:27.213] I (2915) ESPNOW: espnow [version: 2.0] init
[2026-05-23 19:53:27.214] WCAN_TEST_READY role=sensor
# Waiting for phased test start
# UART test start sent: WCAN_TEST_START at 2026-05-23T19:53:27.225618
[2026-05-23 19:53:57.558] WCAN_BATCH id=0xd0 count=272 avg_hz=9.09 avg_points=11.00 min_points=11 max_points=11 avg_interval_ms=110.00 min_interval_ms=109.89 max_interval_ms=110.10 avg_dispatch_ms=2.08 max_dispatch_ms=5.86 dispatched_count=272 avg_queue_wait_ms=0.15 max_queue_wait_ms=0.29
[2026-05-23 19:53:57.564] WCAN_BATCH id=0xd1 count=272 avg_hz=9.09 avg_points=11.00 min_points=11 max_points=11 avg_interval_ms=110.00 min_interval_ms=109.88 max_interval_ms=110.09 avg_dispatch_ms=1.32 max_dispatch_ms=6.37 dispatched_count=272 avg_queue_wait_ms=2.29 max_queue_wait_ms=6.08
[2026-05-23 19:53:57.570] WCAN_BATCH id=0xd2 count=272 avg_hz=9.09 avg_points=11.00 min_points=11 max_points=11 avg_interval_ms=110.00 min_interval_ms=109.88 max_interval_ms=110.09 avg_dispatch_ms=1.40 max_dispatch_ms=4.92 dispatched_count=272 avg_queue_wait_ms=3.68 max_queue_wait_ms=8.75
[2026-05-23 19:53:57.571] WCAN_SENSOR_END generated=2998 avg_hz=99.97
[2026-05-23 19:53:57.576] WCAN_MEASURES elapsed_ms=29999 heap_start_free=66296 heap_end_free=77856 heap_start_min_free=66296 heap_end_min_free=64268 heap_start_largest=47104 heap_end_largest=47104 airtime_us_total=1296913 packets_sent_total=816 sensor_send_failures_total=0
[2026-05-23 19:53:57.576] WCAN_TEST_END role=sensor

# Monitor stopped: 2026-05-23T19:53:57.577026
