# Monitor started: 2026-05-23T17:08:56.108553
# Port: /dev/ttyACM1, Baud: 921600, Timeout: 35.000s after WCAN_TEST_START

# UART boot config: wcan v=1 role=idle transport=BROADCAST test_duration_ms=30000 host_wait_time_ms=5000
[2026-05-23 17:08:56.119] ESP-ROM:esp32c3-api1-20210207
[2026-05-23 17:08:56.125] Build:Feb  7 2021
[2026-05-23 17:08:56.147] rst:0x15 (USB_UART_CHIP_RESET),boot:0xd (SPI_FAST_FLASH_BOOT)
[2026-05-23 17:08:56.158] Saved PC:0x40384eba
[2026-05-23 17:08:56.160] SPIWP:0xee
[2026-05-23 17:08:56.172] mode:DIO, clock div:1
[2026-05-23 17:08:56.185] load:0x3fcd5820,len:0x1574
[2026-05-23 17:08:56.188] load:0x403cc710,len:0xc30
[2026-05-23 17:08:56.192] load:0x403ce710,len:0x2fa0
[2026-05-23 17:08:56.193] entry 0x403cc71a
[2026-05-23 17:08:56.203] I (24) boot: ESP-IDF v5.4.1 2nd stage bootloader
[2026-05-23 17:08:56.204] I (24) boot: compile time May 20 2026 00:05:32
[2026-05-23 17:08:56.206] I (25) boot: chip revision: v0.4
[2026-05-23 17:08:56.207] I (25) boot: efuse block revision: v1.3
[2026-05-23 17:08:56.212] I (25) boot.esp32c3: SPI Speed      : 80MHz
[2026-05-23 17:08:56.218] I (25) boot.esp32c3: SPI Mode       : DIO
[2026-05-23 17:08:56.220] I (26) boot.esp32c3: SPI Flash Size : 2MB
[2026-05-23 17:08:56.223] I (26) boot: Enabling RNG early entropy source...
[2026-05-23 17:08:56.224] I (27) boot: Partition Table:
[2026-05-23 17:08:56.231] I (27) boot: ## Label            Usage          Type ST Offset   Length
[2026-05-23 17:08:56.237] I (28) boot:  0 nvs              WiFi data        01 02 00009000 00006000
[2026-05-23 17:08:56.239] I (29) boot:  1 phy_init         RF data          01 01 0000f000 00001000
[2026-05-23 17:08:56.242] I (29) boot:  2 factory          factory app      00 00 00010000 00100000
[2026-05-23 17:08:56.244] I (30) boot: End of partition table
[2026-05-23 17:08:56.247] I (31) esp_image: segment 0: paddr=00010020 vaddr=3c0a0020 size=1977ch (104316) map
[2026-05-23 17:08:56.250] I (48) esp_image: segment 1: paddr=000297a4 vaddr=3fc95200 size=02da0h ( 11680) load
[2026-05-23 17:08:56.257] I (51) esp_image: segment 2: paddr=0002c54c vaddr=40380000 size=03acch ( 15052) load
[2026-05-23 17:08:56.263] I (54) esp_image: segment 3: paddr=00030020 vaddr=42000020 size=9942ch (627756) map
[2026-05-23 17:08:56.264] I (154) esp_image: segment 4: paddr=000c9454 vaddr=40383acc size=11614h ( 71188) load
[2026-05-23 17:08:56.275] I (168) esp_image: segment 5: paddr=000daa70 vaddr=50000200 size=0001ch (    28) load
[2026-05-23 17:08:56.281] I (175) boot: Loaded app from partition at offset 0x10000
[2026-05-23 17:08:56.283] I (175) boot: Disabling RNG early entropy source...
[2026-05-23 17:08:56.289] I (176) cpu_start: Unicore app
[2026-05-23 17:08:56.291] I (185) cpu_start: Pro cpu start user code
[2026-05-23 17:08:56.294] I (185) cpu_start: cpu freq: 160000000 Hz
[2026-05-23 17:08:56.294] I (185) app_init: Application information:
[2026-05-23 17:08:56.297] I (185) app_init: Project name:     sensor_acquirer
[2026-05-23 17:08:56.297] I (185) app_init: App version:      v1.0-171-gbbe0783
[2026-05-23 17:08:56.298] I (186) app_init: Compile time:     May 23 2026 14:30:31
[2026-05-23 17:08:56.299] I (187) app_init: ELF file SHA256:  493679023...
[2026-05-23 17:08:56.300] I (187) app_init: ESP-IDF:          v5.4.1
[2026-05-23 17:08:56.301] I (188) efuse_init: Min chip rev:     v0.3
[2026-05-23 17:08:56.302] I (188) efuse_init: Max chip rev:     v1.99
[2026-05-23 17:08:56.303] I (189) efuse_init: Chip rev:         v0.4
[2026-05-23 17:08:56.304] I (189) heap_init: Initializing. RAM available for dynamic allocation:
[2026-05-23 17:08:56.305] I (190) heap_init: At 3FC9C340 len 00023CC0 (143 KiB): RAM
[2026-05-23 17:08:56.306] I (191) heap_init: At 3FCC0000 len 0001C710 (113 KiB): Retention RAM
[2026-05-23 17:08:56.307] I (191) heap_init: At 3FCDC710 len 00002950 (10 KiB): Retention RAM
[2026-05-23 17:08:56.308] I (192) heap_init: At 5000021C len 00001DCC (7 KiB): RTCRAM
[2026-05-23 17:08:56.309] I (194) spi_flash: detected chip: generic
[2026-05-23 17:08:56.310] I (194) spi_flash: flash io: dio
[2026-05-23 17:08:56.312] W (194) spi_flash: Detected size(4096k) larger than the size in the binary image header(2048k). Using the size in the binary image header.
[2026-05-23 17:08:56.314] I (196) sleep_gpio: Configure to isolate all GPIO pins in sleep state
[2026-05-23 17:08:56.315] I (196) sleep_gpio: Enable automatic switching of GPIO sleep configuration
[2026-05-23 17:08:56.316] I (197) main_task: Started on CPU0
[2026-05-23 17:08:56.317] I (197) main_task: Calling app_main()
[2026-05-23 17:08:56.317] WCAN_CFG_WAIT v=1
# UART boot config sent: wcan v=1 role=idle transport=BROADCAST test_duration_ms=30000 host_wait_time_ms=5000
[2026-05-23 17:08:56.317] WCAN_CFG_WAIT v=1
[2026-05-23 17:08:58.006] WCAN_CFG_ACK
[2026-05-23 17:08:58.007] WCAN_CFG_ACK
[2026-05-23 17:08:58.007] WCAN_TEST_READY role=idle
# Waiting for phased test start
# UART test start sent: WCAN_TEST_START at 2026-05-23T17:08:58.806254
[2026-05-23 17:08:59.106] WCAN_TEST_END role=idle

# Monitor stopped: 2026-05-23T17:08:59.106517
