# Monitor started: 2026-04-22T17:57:05.291101
# Port: COM10, Baud: 115200, Duration: 30s

[2026-04-22 17:57:05.292] I (101) esp_image: segment 2: paddr=0002aee4 vaddr=40380000 sizeESP-ROM:esp32c3-api1-20210207
[2026-04-22 17:57:05.292] Build:Feb  7 2021
[2026-04-22 17:57:05.293] rst:0x15 (USB_UART_CHIP_RESET),boot:0xd (SPI_FAST_FLASH_BOOT)
[2026-04-22 17:57:05.293] Saved PC:0x40384ec6
[2026-04-22 17:57:05.293] SPIWP:0xee
[2026-04-22 17:57:05.293] mode:DIO, clock div:1
[2026-04-22 17:57:05.293] load:0x3fcd5820,len:0x1574
[2026-04-22 17:57:05.293] load:0x403cc710,len:0xc30
[2026-04-22 17:57:05.294] load:0x403ce710,len:0x2f64
[2026-04-22 17:57:05.297] entry 0x403cc71a
[2026-04-22 17:57:05.304] I (24) boot: ESP-IDF v5.4.1 2nd stage bootloader
[2026-04-22 17:57:05.310] I (24) boot: compile time Apr 22 2026 16:20:48
[2026-04-22 17:57:05.314] I (24) boot: chip revision: v0.4
[2026-04-22 17:57:05.318] I (25) boot: efuse block revision: v1.3
[2026-04-22 17:57:05.324] I (28) boot.esp32c3: SPI Speed      : 80MHz
[2026-04-22 17:57:05.329] I (32) boot.esp32c3: SPI Mode       : DIO
[2026-04-22 17:57:05.334] I (36) boot.esp32c3: SPI Flash Size : 2MB
[2026-04-22 17:57:05.340] I (39) boot: Enabling RNG early entropy source...
[2026-04-22 17:57:05.343] I (44) boot: Partition Table:
[2026-04-22 17:57:05.352] I (46) boot: ## Label            Usage          Type ST Offset   Length
[2026-04-22 17:57:05.361] I (53) boot:  0 nvs              WiFi data        01 02 00009000 00006000
[2026-04-22 17:57:05.370] I (59) boot:  1 phy_init         RF data          01 01 0000f000 00001000
[2026-04-22 17:57:05.379] I (66) boot:  2 factory          factory app      00 00 00010000 00100000
[2026-04-22 17:57:05.384] I (72) boot: End of partition table
[2026-04-22 17:57:05.396] I (76) esp_image: segment 0: paddr=00010020 vaddr=3c090020 size=18114h ( 98580) map
[2026-04-22 17:57:05.408] I (99) esp_image: segment 1: paddr=0002813c vaddr=3fc94000 size=02da0h ( 11680) load
[2026-04-22 17:57:05.421] I (101) esp_image: segment 2: paddr=0002aee4 vaddr=40380000 size=05134h ( 20788) load
[2026-04-22 17:57:05.432] I (106) esp_image: segment 3: paddr=00030020 vaddr=42000020 size=8eaa8h (584360) map
[2026-04-22 17:57:05.444] I (203) esp_image: segment 4: paddr=000bead0 vaddr=40385134 size=0ede8h ( 60904) load
[2026-04-22 17:57:05.456] I (215) esp_image: segment 5: paddr=000cd8c0 vaddr=50000200 size=0001ch (    28) load
[2026-04-22 17:57:05.464] I (221) boot: Loaded app from partition at offset 0x10000
[2026-04-22 17:57:05.471] I (221) boot: Disabling RNG early entropy source...
[2026-04-22 17:57:05.476] I (232) cpu_start: Unicore app
[2026-04-22 17:57:05.484] I (241) cpu_start: Pro cpu start user code
[2026-04-22 17:57:05.489] I (241) cpu_start: cpu freq: 160000000 Hz
[2026-04-22 17:57:05.493] I (241) app_init: Application information:
[2026-04-22 17:57:05.501] I (241) app_init: Project name:     sensor_acquirer
[2026-04-22 17:57:05.507] I (245) app_init: App version:      e468f2b-dirty
[2026-04-22 17:57:05.515] I (250) app_init: Compile time:     Apr 22 2026 16:19:54
[2026-04-22 17:57:05.522] I (255) app_init: ELF file SHA256:  21c97d479...
[2026-04-22 17:57:05.527] I (259) app_init: ESP-IDF:          v5.4.1
[2026-04-22 17:57:05.532] I (263) efuse_init: Min chip rev:     v0.3
[2026-04-22 17:57:05.537] I (267) efuse_init: Max chip rev:     v1.99
[2026-04-22 17:57:05.543] I (271) efuse_init: Chip rev:         v0.4
[2026-04-22 17:57:05.555] I (275) heap_init: Initializing. RAM available for dynamic allocation:
[2026-04-22 17:57:05.564] I (281) heap_init: At 3FC9B1B0 len 00024E50 (147 KiB): RAM
[2026-04-22 17:57:05.575] I (286) heap_init: At 3FCC0000 len 0001C710 (113 KiB): Retention RAM
[2026-04-22 17:57:05.587] I (292) heap_init: At 3FCDC710 len 00002950 (10 KiB): Retention RAM
[2026-04-22 17:57:05.595] I (298) heap_init: At 5000021C len 00001DCC (7 KiB): RTCRAM
[2026-04-22 17:57:05.600] I (304) spi_flash: detected chip: generic
[2026-04-22 17:57:05.604] I (307) spi_flash: flash io: dio
[2026-04-22 17:57:05.620] W (310) spi_flash: Detected size(4096k) larger than the size in the binary image header(2048k). Using the size in the binary image header.
[2026-04-22 17:57:05.624] I (323) sleep_gpio: Configure to isolate all GPIO pins in sleep state
[2026-04-22 17:57:05.635] I (329) sleep_gpio: Enable automatic switching of GPIO sleep configuration
[2026-04-22 17:57:05.640] I (335) main_task: Started on CPU0
[2026-04-22 17:57:05.647] I (335) main_task: Calling app_main()
[2026-04-22 17:57:05.654] I (335) MAIN: MAC: 74:4d:bd:e1:d5:b8
[2026-04-22 17:57:05.660] I (345) pp: pp rom version: 9387209
[2026-04-22 17:57:05.666] I (345) net80211: net80211 rom version: 9387209
[2026-04-22 17:57:05.676] I (355) wifi:wifi driver task: 3fca4114, prio:23, stack:6656, core=0
[2026-04-22 17:57:05.683] I (355) wifi:wifi firmware version: 79fa3f41ba
[2026-04-22 17:57:05.689] I (355) wifi:wifi certification version: v7.0
[2026-04-22 17:57:05.696] I (365) wifi:config NVS flash: enabled
[2026-04-22 17:57:05.702] I (365) wifi:config nano formatting: disabled
[2026-04-22 17:57:05.710] I (365) wifi:Init data frame dynamic rx buffer num: 32
[2026-04-22 17:57:05.717] I (375) wifi:Init static rx mgmt buffer num: 5
[2026-04-22 17:57:05.724] I (375) wifi:Init management short buffer num: 32
[2026-04-22 17:57:05.730] I (385) wifi:Init dynamic tx buffer num: 32
[2026-04-22 17:57:05.738] I (385) wifi:Init static tx FG buffer num: 2
[2026-04-22 17:57:05.743] I (395) wifi:Init static rx buffer size: 1600
[2026-04-22 17:57:05.749] I (395) wifi:Init static rx buffer num: 10
[2026-04-22 17:57:05.755] I (395) wifi:Init dynamic rx buffer num: 32
[2026-04-22 17:57:05.758] I (405) wifi_init: rx ba win: 6
[2026-04-22 17:57:05.760] I (405) wifi_init: accept mbox: 6
[2026-04-22 17:57:05.763] I (405) wifi_init: tcpip mbox: 32
[2026-04-22 17:57:05.765] I (415) wifi_init: udp mbox: 6
[2026-04-22 17:57:05.768] I (415) wifi_init: tcp mbox: 6
[2026-04-22 17:57:05.771] I (415) wifi_init: tcp tx win: 5760
[2026-04-22 17:57:05.774] I (415) wifi_init: tcp rx win: 5760
[2026-04-22 17:57:05.777] I (425) wifi_init: tcp mss: 1440
[2026-04-22 17:57:05.780] I (425) wifi_init: WiFi IRAM OP enabled
[2026-04-22 17:57:05.783] I (425) wifi_init: WiFi RX IRAM OP enabled
[2026-04-22 17:57:05.786] I (435) phy_init: phy_version 1200,2b7123f9,Feb 18 2025,15:22:21
[2026-04-22 17:57:05.788] I (475) wifi:mode : softAP (74:4d:bd:e1:d5:b9)
[2026-04-22 17:57:05.791] I (475) wifi:Total power save buffer number: 16
[2026-04-22 17:57:05.794] I (475) wifi:Init max length of beacon: 752/752
[2026-04-22 17:57:05.796] I (475) wifi:Init max length of beacon: 752/752
[2026-04-22 17:57:05.797] I (475) MAIN: WiFi initialized
[2026-04-22 17:57:05.799] I (485) MAIN: RECEIVER mode — accepting all CAN IDs
[2026-04-22 17:57:05.801] I (485) ESPNOW: espnow [version: 2.0] init
[2026-04-22 17:57:05.804] I (495) SEND: Send processing task started
[2026-04-22 17:57:05.806] I (495) RECV: Receive processing task started
[2026-04-22 17:57:05.808] I (495) WCAN: WCAN initialized
[2026-04-22 17:57:05.810] I (505) main_task: Returned from app_main()
[2026-04-22 17:57:05.811] I (895) USER-RECV: Received [c978] len=4 counter=0
[2026-04-22 17:57:05.811] I (905) USER-RECV: Received [5d10] len=4 counter=0
[2026-04-22 17:57:05.812] I (1095) USER-RECV: Received [d6d0] len=4 counter=0
[2026-04-22 17:57:06.490] I (1895) USER-RECV: Received [c978] len=4 counter=1
[2026-04-22 17:57:06.490] I (1895) USER-RECV: Received [5d10] len=4 counter=1
[2026-04-22 17:57:06.498] I (1905) USER-RECV: Received [d6d0] len=4 counter=1
[2026-04-22 17:57:07.489] I (2895) USER-RECV: Received [c978] len=4 counter=2
[2026-04-22 17:57:07.490] I (2895) USER-RECV: Received [5d10] len=4 counter=2
[2026-04-22 17:57:07.498] I (2905) USER-RECV: Received [d6d0] len=4 counter=2
[2026-04-22 17:57:08.491] I (3895) USER-RECV: Received [c978] len=4 counter=3
[2026-04-22 17:57:08.492] I (3895) USER-RECV: Received [5d10] len=4 counter=3
[2026-04-22 17:57:08.499] I (3905) USER-RECV: Received [d6d0] len=4 counter=3
[2026-04-22 17:57:09.491] I (4895) USER-RECV: Received [c978] len=4 counter=4
[2026-04-22 17:57:09.492] I (4895) USER-RECV: Received [5d10] len=4 counter=4
[2026-04-22 17:57:09.498] I (4905) USER-RECV: Received [d6d0] len=4 counter=4
[2026-04-22 17:57:10.490] I (5895) USER-RECV: Received [c978] len=4 counter=5
[2026-04-22 17:57:10.498] I (5905) USER-RECV: Received [d6d0] len=4 counter=5
[2026-04-22 17:57:11.491] I (6895) USER-RECV: Received [c978] len=4 counter=6
[2026-04-22 17:57:11.493] I (6895) USER-RECV: Received [5d10] len=4 counter=6
[2026-04-22 17:57:11.501] I (6905) USER-RECV: Received [d6d0] len=4 counter=6
[2026-04-22 17:57:12.488] I (7895) USER-RECV: Received [c978] len=4 counter=7
[2026-04-22 17:57:12.489] I (7895) USER-RECV: Received [5d10] len=4 counter=7
[2026-04-22 17:57:12.499] I (7905) USER-RECV: Received [d6d0] len=4 counter=7
[2026-04-22 17:57:13.488] I (8895) USER-RECV: Received [c978] len=4 counter=8
[2026-04-22 17:57:13.489] I (8895) USER-RECV: Received [5d10] len=4 counter=8
[2026-04-22 17:57:13.499] I (8905) USER-RECV: Received [d6d0] len=4 counter=8
[2026-04-22 17:57:14.490] I (9895) USER-RECV: Received [c978] len=4 counter=9
[2026-04-22 17:57:14.490] I (9895) USER-RECV: Received [5d10] len=4 counter=9
[2026-04-22 17:57:14.503] I (9905) USER-RECV: Received [d6d0] len=4 counter=9
[2026-04-22 17:57:15.492] I (10895) USER-RECV: Received [c978] len=4 counter=10
[2026-04-22 17:57:15.495] I (10895) USER-RECV: Received [5d10] len=4 counter=10
[2026-04-22 17:57:15.503] I (10905) USER-RECV: Received [d6d0] len=4 counter=10
[2026-04-22 17:57:16.491] I (11895) USER-RECV: Received [c978] len=4 counter=11
[2026-04-22 17:57:16.491] I (11895) USER-RECV: Received [5d10] len=4 counter=11
[2026-04-22 17:57:16.499] I (11905) USER-RECV: Received [d6d0] len=4 counter=11
[2026-04-22 17:57:17.487] I (12895) USER-RECV: Received [c978] len=4 counter=12
[2026-04-22 17:57:17.488] I (12895) USER-RECV: Received [5d10] len=4 counter=12
[2026-04-22 17:57:17.499] I (12905) USER-RECV: Received [d6d0] len=4 counter=12
[2026-04-22 17:57:18.490] I (13895) USER-RECV: Received [c978] len=4 counter=13
[2026-04-22 17:57:18.491] I (13895) USER-RECV: Received [5d10] len=4 counter=13
[2026-04-22 17:57:18.499] I (13905) USER-RECV: Received [d6d0] len=4 counter=13
[2026-04-22 17:57:19.490] I (14895) USER-RECV: Received [c978] len=4 counter=14
[2026-04-22 17:57:19.491] I (14895) USER-RECV: Received [5d10] len=4 counter=14
[2026-04-22 17:57:19.502] I (14905) USER-RECV: Received [d6d0] len=4 counter=14
[2026-04-22 17:57:20.490] I (15895) USER-RECV: Received [c978] len=4 counter=15
[2026-04-22 17:57:20.491] I (15895) USER-RECV: Received [5d10] len=4 counter=15
[2026-04-22 17:57:20.499] I (15905) USER-RECV: Received [d6d0] len=4 counter=15
[2026-04-22 17:57:21.489] I (16895) USER-RECV: Received [c978] len=4 counter=16
[2026-04-22 17:57:21.490] I (16895) USER-RECV: Received [5d10] len=4 counter=16
[2026-04-22 17:57:21.504] I (16905) USER-RECV: Received [d6d0] len=4 counter=16
[2026-04-22 17:57:22.491] I (17895) USER-RECV: Received [5d10] len=4 counter=17
[2026-04-22 17:57:22.503] I (17905) USER-RECV: Received [d6d0] len=4 counter=17
[2026-04-22 17:57:22.689] I (18095) USER-RECV: Received [c978] len=4 counter=17
[2026-04-22 17:57:23.490] I (18895) USER-RECV: Received [c978] len=4 counter=18
[2026-04-22 17:57:23.491] I (18895) USER-RECV: Received [5d10] len=4 counter=18
[2026-04-22 17:57:23.501] I (18905) USER-RECV: Received [d6d0] len=4 counter=18
[2026-04-22 17:57:24.490] I (19895) USER-RECV: Received [c978] len=4 counter=19
[2026-04-22 17:57:24.491] I (19895) USER-RECV: Received [5d10] len=4 counter=19
[2026-04-22 17:57:24.499] I (19905) USER-RECV: Received [d6d0] len=4 counter=19
[2026-04-22 17:57:25.491] I (20895) USER-RECV: Received [c978] len=4 counter=20
[2026-04-22 17:57:25.491] I (20895) USER-RECV: Received [5d10] len=4 counter=20
[2026-04-22 17:57:25.499] I (20905) USER-RECV: Received [d6d0] len=4 counter=20
[2026-04-22 17:57:26.491] I (21895) USER-RECV: Received [c978] len=4 counter=21
[2026-04-22 17:57:26.491] I (21895) USER-RECV: Received [5d10] len=4 counter=21
[2026-04-22 17:57:26.500] I (21905) USER-RECV: Received [d6d0] len=4 counter=21
[2026-04-22 17:57:27.491] I (22895) USER-RECV: Received [5d10] len=4 counter=22
[2026-04-22 17:57:27.492] I (22895) USER-RECV: Received [c978] len=4 counter=22
[2026-04-22 17:57:27.500] I (22905) USER-RECV: Received [d6d0] len=4 counter=22
[2026-04-22 17:57:28.492] I (23895) USER-RECV: Received [c978] len=4 counter=23
[2026-04-22 17:57:28.492] I (23895) USER-RECV: Received [5d10] len=4 counter=23
[2026-04-22 17:57:28.499] I (23905) USER-RECV: Received [d6d0] len=4 counter=23
[2026-04-22 17:57:29.491] I (24895) USER-RECV: Received [c978] len=4 counter=24
[2026-04-22 17:57:29.492] I (24895) USER-RECV: Received [5d10] len=4 counter=24
[2026-04-22 17:57:29.500] I (24905) USER-RECV: Received [d6d0] len=4 counter=24
[2026-04-22 17:57:30.491] I (25895) USER-RECV: Received [c978] len=4 counter=25
[2026-04-22 17:57:30.492] I (25895) USER-RECV: Received [5d10] len=4 counter=25
[2026-04-22 17:57:30.500] I (25905) USER-RECV: Received [d6d0] len=4 counter=25
[2026-04-22 17:57:31.491] I (26895) USER-RECV: Received [c978] len=4 counter=26
[2026-04-22 17:57:31.492] I (26895) USER-RECV: Received [5d10] len=4 counter=26
[2026-04-22 17:57:31.704] I (27105) USER-RECV: Received [d6d0] len=4 counter=26
[2026-04-22 17:57:32.491] I (27895) USER-RECV: Received [c978] len=4 counter=27
[2026-04-22 17:57:32.492] I (27895) USER-RECV: Received [5d10] len=4 counter=27
[2026-04-22 17:57:32.500] I (27905) USER-RECV: Received [d6d0] len=4 counter=27
[2026-04-22 17:57:33.492] I (28895) USER-RECV: Received [c978] len=4 counter=28
[2026-04-22 17:57:33.494] I (28895) USER-RECV: Received [5d10] len=4 counter=28
[2026-04-22 17:57:33.501] I (28905) USER-RECV: Received [d6d0] len=4 counter=28
[2026-04-22 17:57:34.492] I (29895) USER-RECV: Received [c978] len=4 counter=29
[2026-04-22 17:57:34.494] I (29895) USER-RECV: Received [5d10] len=4 counter=29
[2026-04-22 17:57:34.500] I (29905) USER-RECV: Received [d6d0] len=4 counter=29
[2026-04-22 17:57:35.491] I (30895) USER-RECV: Received [c978] len=4 counter=30

# Monitor stopped: 2026-04-22T17:57:35.491783
