# Monitor started: 2026-05-23T18:07:31.271423
# Port: /dev/ttyACM1, Baud: 921600, Timeout: 35.000s after WCAN_TEST_START

# UART boot config: wcan v=1 role=sensor transport=BROADCAST test_duration_ms=30000 host_wait_time_ms=5000 base=0xe0 count=1 hz=200 linger=100
[2026-05-23 18:07:31.280] ESP-ROM:esp32c3-api1-20210207
[2026-05-23 18:07:31.288] Build:Feb  7 2021
[2026-05-23 18:07:31.310] rst:0x15 (USB_UART_CHIP_RESET),boot:0xd (SPI_FAST_FLASH_BOOT)
[2026-05-23 18:07:31.315] Saved PC:0x40384eba
[2026-05-23 18:07:31.320] SPIWP:0xee
[2026-05-23 18:07:31.324] mode:DIO, clock div:1
[2026-05-23 18:07:31.329] load:0x3fcd5820,len:0x1574
[2026-05-23 18:07:31.336] load:0x403cc710,len:0xc30
[2026-05-23 18:07:31.341] load:0x403ce710,len:0x2fa0
[2026-05-23 18:07:31.344] entry 0x403cc71a
[2026-05-23 18:07:31.353] I (24) boot: ESP-IDF v5.4.1 2nd stage bootloader
[2026-05-23 18:07:31.356] I (24) boot: compile time May 20 2026 00:05:32
[2026-05-23 18:07:31.360] I (25) boot: chip revision: v0.4
[2026-05-23 18:07:31.368] I (25) boot: efuse block revision: v1.3
[2026-05-23 18:07:31.371] I (25) boot.esp32c3: SPI Speed      : 80MHz
[2026-05-23 18:07:31.372] I (25) boot.esp32c3: SPI Mode       : DIO
[2026-05-23 18:07:31.376] I (26) boot.esp32c3: SPI Flash Size : 2MB
[2026-05-23 18:07:31.381] I (26) boot: Enabling RNG early entropy source...
[2026-05-23 18:07:31.384] I (27) boot: Partition Table:
[2026-05-23 18:07:31.394] I (27) boot: ## Label            Usage          Type ST Offset   Length
[2026-05-23 18:07:31.406] I (28) boot:  0 nvs              WiFi data        01 02 00009000 00006000
[2026-05-23 18:07:31.425] I (29) boot:  1 phy_init         RF data          01 01 0000f000 00001000
[2026-05-23 18:07:31.431] I (29) boot:  2 factory          factory app      00 00 00010000 00100000
[2026-05-23 18:07:31.433] I (30) boot: End of partition table
[2026-05-23 18:07:31.437] I (31) esp_image: segment 0: paddr=00010020 vaddr=3c0a0020 size=1977ch (104316) map
[2026-05-23 18:07:31.438] I (48) esp_image: segment 1: paddr=000297a4 vaddr=3fc95200 size=02da0h ( 11680) load
[2026-05-23 18:07:31.441] I (51) esp_image: segment 2: paddr=0002c54c vaddr=40380000 size=03acch ( 15052) load
[2026-05-23 18:07:31.442] I (54) esp_image: segment 3: paddr=00030020 vaddr=42000020 size=9942ch (627756) map
[2026-05-23 18:07:31.444] I (154) esp_image: segment 4: paddr=000c9454 vaddr=40383acc size=11614h ( 71188) load
[2026-05-23 18:07:31.445] I (168) esp_image: segment 5: paddr=000daa70 vaddr=50000200 size=0001ch (    28) load
[2026-05-23 18:07:31.446] I (175) boot: Loaded app from partition at offset 0x10000
[2026-05-23 18:07:31.447] I (175) boot: Disabling RNG early entropy source...
[2026-05-23 18:07:31.448] I (176) cpu_start: Unicore app
[2026-05-23 18:07:31.449] I (185) cpu_start: Pro cpu start user code
[2026-05-23 18:07:31.450] I (185) cpu_start: cpu freq: 160000000 Hz
[2026-05-23 18:07:31.450] I (185) app_init: Application information:
[2026-05-23 18:07:31.451] I (185) app_init: Project name:     sensor_acquirer
[2026-05-23 18:07:31.452] I (185) app_init: App version:      v1.0-171-gbbe0783
[2026-05-23 18:07:31.453] I (186) app_init: Compile time:     May 23 2026 14:30:31
[2026-05-23 18:07:31.454] I (187) app_init: ELF file SHA256:  493679023...
[2026-05-23 18:07:31.455] I (187) app_init: ESP-IDF:          v5.4.1
[2026-05-23 18:07:31.456] I (188) efuse_init: Min chip rev:     v0.3
[2026-05-23 18:07:31.457] I (188) efuse_init: Max chip rev:     v1.99
[2026-05-23 18:07:31.457] I (189) efuse_init: Chip rev:         v0.4
[2026-05-23 18:07:31.459] I (189) heap_init: Initializing. RAM available for dynamic allocation:
[2026-05-23 18:07:31.460] I (190) heap_init: At 3FC9C340 len 00023CC0 (143 KiB): RAM
[2026-05-23 18:07:31.461] I (191) heap_init: At 3FCC0000 len 0001C710 (113 KiB): Retention RAM
[2026-05-23 18:07:31.462] I (191) heap_init: At 3FCDC710 len 00002950 (10 KiB): Retention RAM
[2026-05-23 18:07:31.464] I (192) heap_init: At 5000021C len 00001DCC (7 KiB): RTCRAM
[2026-05-23 18:07:31.465] I (194) spi_flash: detected chip: generic
[2026-05-23 18:07:31.465] I (194) spi_flash: flash io: dio
[2026-05-23 18:07:31.466] W (194) spi_flash: Detected size(4096k) larger than the size in the binary image header(2048k). Using the size in the binary image header.
[2026-05-23 18:07:31.466] I (196) sleep_gpio: Configure to isolate all GPIO pins in sleep state
[2026-05-23 18:07:31.467] I (196) sleep_gpio: Enable automatic switching of GPIO sleep configuration
[2026-05-23 18:07:31.467] I (197) main_task: Started on CPU0
[2026-05-23 18:07:31.467] I (197) main_task: Calling app_main()
[2026-05-23 18:07:31.467] WCAN_CFG_WAIT v=1
# UART boot config sent: wcan v=1 role=sensor transport=BROADCAST test_duration_ms=30000 host_wait_time_ms=5000 base=0xe0 count=1 hz=200 linger=100
[2026-05-23 18:07:31.468] WCAN_CFG_WAIT v=1
[2026-05-23 18:07:33.908] WCAN_CFG_ACK
[2026-05-23 18:07:33.908] WCAN_CFG_ACK
[2026-05-23 18:07:33.915] I (2840) pp: pp rom version: 9387209
[2026-05-23 18:07:33.920] I (2841) net80211: net80211 rom version: 9387209
[2026-05-23 18:07:33.926] I (2842) wifi:wifi driver task: 3fca7720, prio:23, stack:6656, core=0
[2026-05-23 18:07:33.932] I (2846) wifi:wifi firmware version: 79fa3f41ba
[2026-05-23 18:07:33.936] I (2846) wifi:wifi certification version: v7.0
[2026-05-23 18:07:33.939] I (2846) wifi:config NVS flash: enabled
[2026-05-23 18:07:33.943] I (2846) wifi:config nano formatting: disabled
[2026-05-23 18:07:33.947] I (2847) wifi:Init data frame dynamic rx buffer num: 32
[2026-05-23 18:07:33.952] I (2847) wifi:Init static rx mgmt buffer num: 5
[2026-05-23 18:07:33.955] I (2848) wifi:Init management short buffer num: 32
[2026-05-23 18:07:33.957] I (2848) wifi:Init dynamic tx buffer num: 32
[2026-05-23 18:07:33.960] I (2849) wifi:Init static tx FG buffer num: 2
[2026-05-23 18:07:33.961] I (2849) wifi:Init static rx buffer size: 1600
[2026-05-23 18:07:33.963] I (2850) wifi:Init static rx buffer num: 10
[2026-05-23 18:07:33.965] I (2850) wifi:Init dynamic rx buffer num: 32
[2026-05-23 18:07:33.965] I (2851) wifi_init: rx ba win: 6
[2026-05-23 18:07:33.967] I (2852) wifi_init: accept mbox: 6
[2026-05-23 18:07:33.968] I (2852) wifi_init: tcpip mbox: 32
[2026-05-23 18:07:33.969] I (2852) wifi_init: udp mbox: 6
[2026-05-23 18:07:33.969] I (2852) wifi_init: tcp mbox: 6
[2026-05-23 18:07:33.970] I (2853) wifi_init: tcp tx win: 5760
[2026-05-23 18:07:33.971] I (2853) wifi_init: tcp rx win: 5760
[2026-05-23 18:07:33.972] I (2854) wifi_init: tcp mss: 1440
[2026-05-23 18:07:33.973] I (2854) wifi_init: WiFi IRAM OP enabled
[2026-05-23 18:07:33.973] I (2854) wifi_init: WiFi RX IRAM OP enabled
[2026-05-23 18:07:33.973] I (2855) phy_init: phy_version 1200,2b7123f9,Feb 18 2025,15:22:21
[2026-05-23 18:07:33.990] I (2918) wifi:mode : sta (74:4d:bd:e1:d5:b8)
[2026-05-23 18:07:33.991] I (2919) wifi:enable tsf
[2026-05-23 18:07:33.994] I (2922) ESPNOW: espnow [version: 2.0] init
[2026-05-23 18:07:33.995] WCAN_TEST_READY role=sensor
# Waiting for phased test start
# UART test start sent: WCAN_TEST_START at 2026-05-23T18:07:34.006419
[2026-05-23 18:07:36.546] P(FAIL):5277:e0:17:357:377:21
[2026-05-23 18:07:37.714] P(FAIL):6445:e0:28:588:608:21
[2026-05-23 18:07:42.485] P(FAIL):11216:e0:74:1554:1574:21
[2026-05-23 18:07:44.758] P(FAIL):13489:e0:95:1995:2015:21
[2026-05-23 18:07:48.944] P(FAIL):17675:e0:135:2835:2855:21
[2026-05-23 18:07:53.190] P(FAIL):21920:e0:176:3696:3716:21
[2026-05-23 18:07:57.048] P(FAIL):25778:e0:213:4473:4493:21
[2026-05-23 18:07:58.855] P(FAIL):27586:e0:229:4809:4829:21
[2026-05-23 18:08:01.208] P(FAIL):29938:e0:252:5292:5312:21
[2026-05-23 18:08:04.377] P(FAIL):33107:e0:282:5922:5942:21
[2026-05-23 18:08:05.176] P(FAIL):33907:e0:283:5943:5963:21
[2026-05-23 18:08:05.318] WCAN_BATCH id=0xe0 count=286 avg_hz=9.52 avg_points=20.98 min_points=14 max_points=21 avg_interval_ms=105.00 min_interval_ms=104.88 max_interval_ms=105.10 avg_dispatch_ms=2.06 max_dispatch_ms=8.43 dispatched_count=313 avg_queue_wait_ms=26.66 max_queue_wait_ms=310.76
[2026-05-23 18:08:05.318] WCAN_SENSOR_END generated=5998 avg_hz=199.97
[2026-05-23 18:08:05.321] WCAN_MEASURES elapsed_ms=29999 heap_start_free=126780 heap_end_free=141568 heap_start_min_free=126680 heap_end_min_free=126340 heap_start_largest=98304 heap_end_largest=98304 airtime_us_total=640680 packets_sent_total=313 sensor_send_failures_total=0
[2026-05-23 18:08:05.321] WCAN_TEST_END role=sensor

# Monitor stopped: 2026-05-23T18:08:05.321517
