# Monitor started: 2026-05-23T18:07:31.271233
# Port: /dev/ttyACM0, Baud: 921600, Timeout: 35.000s after WCAN_TEST_START

# UART boot config: wcan v=1 role=sensor transport=BROADCAST test_duration_ms=30000 host_wait_time_ms=5000 base=0xd0 count=1 hz=200 linger=100
[2026-05-23 18:07:31.283] ESP-ROM:esp32c3-api1-20210207
[2026-05-23 18:07:31.289] Build:Feb  7 2021
[2026-05-23 18:07:31.305] rst:0x15 (USB_UART_CHIP_RESET),boot:0xd (SPI_FAST_FLASH_BOOT)
[2026-05-23 18:07:31.316] Saved PC:0x40384eba
[2026-05-23 18:07:31.320] SPIWP:0xee
[2026-05-23 18:07:31.323] mode:DIO, clock div:1
[2026-05-23 18:07:31.325] load:0x3fcd5820,len:0x1574
[2026-05-23 18:07:31.327] load:0x403cc710,len:0xc30
[2026-05-23 18:07:31.331] load:0x403ce710,len:0x2fa0
[2026-05-23 18:07:31.331] entry 0x403cc71a
[2026-05-23 18:07:31.334] I (24) boot: ESP-IDF v5.4.1 2nd stage bootloader
[2026-05-23 18:07:31.352] I (24) boot: compile time May 20 2026 00:05:32
[2026-05-23 18:07:31.353] I (25) boot: chip revision: v0.4
[2026-05-23 18:07:31.370] I (25) boot: efuse block revision: v1.3
[2026-05-23 18:07:31.371] I (25) boot.esp32c3: SPI Speed      : 80MHz
[2026-05-23 18:07:31.373] I (25) boot.esp32c3: SPI Mode       : DIO
[2026-05-23 18:07:31.374] I (26) boot.esp32c3: SPI Flash Size : 2MB
[2026-05-23 18:07:31.377] I (26) boot: Enabling RNG early entropy source...
[2026-05-23 18:07:31.379] I (27) boot: Partition Table:
[2026-05-23 18:07:31.383] I (27) boot: ## Label            Usage          Type ST Offset   Length
[2026-05-23 18:07:31.389] I (28) boot:  0 nvs              WiFi data        01 02 00009000 00006000
[2026-05-23 18:07:31.392] I (29) boot:  1 phy_init         RF data          01 01 0000f000 00001000
[2026-05-23 18:07:31.396] I (29) boot:  2 factory          factory app      00 00 00010000 00100000
[2026-05-23 18:07:31.397] I (30) boot: End of partition table
[2026-05-23 18:07:31.400] I (31) esp_image: segment 0: paddr=00010020 vaddr=3c0a0020 size=1977ch (104316) map
[2026-05-23 18:07:31.403] I (48) esp_image: segment 1: paddr=000297a4 vaddr=3fc95200 size=02da0h ( 11680) load
[2026-05-23 18:07:31.405] I (51) esp_image: segment 2: paddr=0002c54c vaddr=40380000 size=03acch ( 15052) load
[2026-05-23 18:07:31.408] I (54) esp_image: segment 3: paddr=00030020 vaddr=42000020 size=9942ch (627756) map
[2026-05-23 18:07:31.416] I (154) esp_image: segment 4: paddr=000c9454 vaddr=40383acc size=11614h ( 71188) load
[2026-05-23 18:07:31.425] I (168) esp_image: segment 5: paddr=000daa70 vaddr=50000200 size=0001ch (    28) load
[2026-05-23 18:07:31.427] I (175) boot: Loaded app from partition at offset 0x10000
[2026-05-23 18:07:31.429] I (175) boot: Disabling RNG early entropy source...
[2026-05-23 18:07:31.430] I (176) cpu_start: Unicore app
[2026-05-23 18:07:31.433] I (185) cpu_start: Pro cpu start user code
[2026-05-23 18:07:31.438] I (185) cpu_start: cpu freq: 160000000 Hz
[2026-05-23 18:07:31.439] I (185) app_init: Application information:
[2026-05-23 18:07:31.441] I (185) app_init: Project name:     sensor_acquirer
[2026-05-23 18:07:31.442] I (185) app_init: App version:      v1.0-171-gbbe0783
[2026-05-23 18:07:31.443] I (186) app_init: Compile time:     May 23 2026 14:30:31
[2026-05-23 18:07:31.444] I (186) app_init: ELF file SHA256:  493679023...
[2026-05-23 18:07:31.445] I (187) app_init: ESP-IDF:          v5.4.1
[2026-05-23 18:07:31.446] I (187) efuse_init: Min chip rev:     v0.3
[2026-05-23 18:07:31.446] I (188) efuse_init: Max chip rev:     v1.99
[2026-05-23 18:07:31.447] I (188) efuse_init: Chip rev:         v0.4
[2026-05-23 18:07:31.449] I (189) heap_init: Initializing. RAM available for dynamic allocation:
[2026-05-23 18:07:31.450] I (190) heap_init: At 3FC9C340 len 00023CC0 (143 KiB): RAM
[2026-05-23 18:07:31.452] I (190) heap_init: At 3FCC0000 len 0001C710 (113 KiB): Retention RAM
[2026-05-23 18:07:31.453] I (191) heap_init: At 3FCDC710 len 00002950 (10 KiB): Retention RAM
[2026-05-23 18:07:31.454] I (192) heap_init: At 5000021C len 00001DCC (7 KiB): RTCRAM
[2026-05-23 18:07:31.455] I (193) spi_flash: detected chip: generic
[2026-05-23 18:07:31.456] I (194) spi_flash: flash io: dio
[2026-05-23 18:07:31.459] W (194) spi_flash: Detected size(4096k) larger than the size in the binary image header(2048k). Using the size in the binary image header.
[2026-05-23 18:07:31.460] I (195) sleep_gpio: Configure to isolate all GPIO pins in sleep state
[2026-05-23 18:07:31.461] I (196) sleep_gpio: Enable automatic switching of GPIO sleep configuration
[2026-05-23 18:07:31.462] I (197) main_task: Started on CPU0
[2026-05-23 18:07:31.463] I (197) main_task: Calling app_main()
[2026-05-23 18:07:31.464] WCAN_CFG_WAIT v=1
# UART boot config sent: wcan v=1 role=sensor transport=BROADCAST test_duration_ms=30000 host_wait_time_ms=5000 base=0xd0 count=1 hz=200 linger=100
[2026-05-23 18:07:31.465] WCAN_CFG_WAIT v=1
[2026-05-23 18:07:33.904] WCAN_CFG_ACK
[2026-05-23 18:07:33.905] WCAN_CFG_ACK
[2026-05-23 18:07:33.909] I (2837) pp: pp rom version: 9387209
[2026-05-23 18:07:33.911] I (2838) net80211: net80211 rom version: 9387209
[2026-05-23 18:07:33.914] I (2839) wifi:wifi driver task: 3fca77a4, prio:23, stack:6656, core=0
[2026-05-23 18:07:33.920] I (2843) wifi:wifi firmware version: 79fa3f41ba
[2026-05-23 18:07:33.924] I (2843) wifi:wifi certification version: v7.0
[2026-05-23 18:07:33.929] I (2843) wifi:config NVS flash: enabled
[2026-05-23 18:07:33.933] I (2843) wifi:config nano formatting: disabled
[2026-05-23 18:07:33.937] I (2844) wifi:Init data frame dynamic rx buffer num: 32
[2026-05-23 18:07:33.941] I (2844) wifi:Init static rx mgmt buffer num: 5
[2026-05-23 18:07:33.945] I (2845) wifi:Init management short buffer num: 32
[2026-05-23 18:07:33.949] I (2845) wifi:Init dynamic tx buffer num: 32
[2026-05-23 18:07:33.953] I (2846) wifi:Init static tx FG buffer num: 2
[2026-05-23 18:07:33.956] I (2846) wifi:Init static rx buffer size: 1600
[2026-05-23 18:07:33.958] I (2847) wifi:Init static rx buffer num: 10
[2026-05-23 18:07:33.960] I (2847) wifi:Init dynamic rx buffer num: 32
[2026-05-23 18:07:33.961] I (2849) wifi_init: rx ba win: 6
[2026-05-23 18:07:33.963] I (2849) wifi_init: accept mbox: 6
[2026-05-23 18:07:33.964] I (2849) wifi_init: tcpip mbox: 32
[2026-05-23 18:07:33.965] I (2849) wifi_init: udp mbox: 6
[2026-05-23 18:07:33.966] I (2849) wifi_init: tcp mbox: 6
[2026-05-23 18:07:33.967] I (2850) wifi_init: tcp tx win: 5760
[2026-05-23 18:07:33.968] I (2850) wifi_init: tcp rx win: 5760
[2026-05-23 18:07:33.969] I (2851) wifi_init: tcp mss: 1440
[2026-05-23 18:07:33.970] I (2851) wifi_init: WiFi IRAM OP enabled
[2026-05-23 18:07:33.971] I (2851) wifi_init: WiFi RX IRAM OP enabled
[2026-05-23 18:07:33.972] I (2852) phy_init: phy_version 1200,2b7123f9,Feb 18 2025,15:22:21
[2026-05-23 18:07:33.976] I (2905) wifi:mode : sta (54:32:04:8c:0b:8c)
[2026-05-23 18:07:33.977] I (2905) wifi:enable tsf
[2026-05-23 18:07:33.980] I (2908) ESPNOW: espnow [version: 2.0] init
[2026-05-23 18:07:33.981] WCAN_TEST_READY role=sensor
# Waiting for phased test start
# UART test start sent: WCAN_TEST_START at 2026-05-23T18:07:34.005963
[2026-05-23 18:07:41.602] P(FAIL):10333:d0:65:1365:1385:21
[2026-05-23 18:08:04.353] P(FAIL):33084:d0:282:5922:5942:21
[2026-05-23 18:08:05.153] P(FAIL):33884:d0:283:5943:5963:21
[2026-05-23 18:08:05.309] WCAN_BATCH id=0xd0 count=286 avg_hz=9.52 avg_points=20.98 min_points=14 max_points=21 avg_interval_ms=105.00 min_interval_ms=104.92 max_interval_ms=105.08 avg_dispatch_ms=2.13 max_dispatch_ms=6.58 dispatched_count=291 avg_queue_wait_ms=6.21 max_queue_wait_ms=293.76
[2026-05-23 18:08:05.309] WCAN_SENSOR_END generated=5998 avg_hz=199.97
[2026-05-23 18:08:05.312] WCAN_MEASURES elapsed_ms=29999 heap_start_free=126648 heap_end_free=141280 heap_start_min_free=126548 heap_end_min_free=126208 heap_start_largest=98304 heap_end_largest=98304 airtime_us_total=617931 packets_sent_total=291 sensor_send_failures_total=0
[2026-05-23 18:08:05.313] WCAN_TEST_END role=sensor

# Monitor stopped: 2026-05-23T18:08:05.313053
