# Monitor started: 2026-05-23T15:32:50.913695
# Port: /dev/ttyACM1, Baud: 921600, Timeout: 35.000s after WCAN_TEST_START

# UART boot config: wcan v=1 role=sensor transport=BROADCAST test_duration_ms=30000 host_wait_time_ms=5000 base=0xe0 count=1 hz=1000 linger=100
[2026-05-23 15:32:50.913] ESP-ROM:esp32c3-api1-20210207
[2026-05-23 15:32:50.914] Build:Feb  7 2021
[2026-05-23 15:32:50.920] rst:0x15 (USB_UART_CHIP_RESET),boot:0xd (SPI_FAST_FLASH_BOOT)
[2026-05-23 15:32:50.923] Saved PC:0x40384eba
[2026-05-23 15:32:50.923] SPIWP:0xee
[2026-05-23 15:32:50.927] mode:DIO, clock div:1
[2026-05-23 15:32:50.929] load:0x3fcd5820,len:0x1574
[2026-05-23 15:32:50.930] load:0x403cc710,len:0xc30
[2026-05-23 15:32:50.932] load:0x403ce710,len:0x2fa0
[2026-05-23 15:32:50.932] entry 0x403cc71a
[2026-05-23 15:32:50.934] I (24) boot: ESP-IDF v5.4.1 2nd stage bootloader
[2026-05-23 15:32:50.936] I (24) boot: compile time May 20 2026 00:05:32
[2026-05-23 15:32:50.937] I (25) boot: chip revision: v0.4
[2026-05-23 15:32:50.938] I (25) boot: efuse block revision: v1.3
[2026-05-23 15:32:50.940] I (25) boot.esp32c3: SPI Speed      : 80MHz
[2026-05-23 15:32:50.943] I (25) boot.esp32c3: SPI Mode       : DIO
[2026-05-23 15:32:50.945] I (26) boot.esp32c3: SPI Flash Size : 2MB
[2026-05-23 15:32:50.946] I (26) boot: Enabling RNG early entropy source...
[2026-05-23 15:32:50.948] I (27) boot: Partition Table:
[2026-05-23 15:32:50.952] I (27) boot: ## Label            Usage          Type ST Offset   Length
[2026-05-23 15:32:50.956] I (28) boot:  0 nvs              WiFi data        01 02 00009000 00006000
[2026-05-23 15:32:50.968] I (29) boot:  1 phy_init         RF data          01 01 0000f000 00001000
[2026-05-23 15:32:50.981] I (29) boot:  2 factory          factory app      00 00 00010000 00100000
[2026-05-23 15:32:50.983] I (30) boot: End of partition table
[2026-05-23 15:32:50.987] I (31) esp_image: segment 0: paddr=00010020 vaddr=3c0a0020 size=1977ch (104316) map
[2026-05-23 15:32:50.990] I (48) esp_image: segment 1: paddr=000297a4 vaddr=3fc95200 size=02da0h ( 11680) load
[2026-05-23 15:32:50.994] I (51) esp_image: segment 2: paddr=0002c54c vaddr=40380000 size=03acch ( 15052) load
[2026-05-23 15:32:51.001] I (54) esp_image: segment 3: paddr=00030020 vaddr=42000020 size=9942ch (627756) map
[2026-05-23 15:32:51.004] I (154) esp_image: segment 4: paddr=000c9454 vaddr=40383acc size=11614h ( 71188) load
[2026-05-23 15:32:51.007] I (168) esp_image: segment 5: paddr=000daa70 vaddr=50000200 size=0001ch (    28) load
[2026-05-23 15:32:51.013] I (175) boot: Loaded app from partition at offset 0x10000
[2026-05-23 15:32:51.015] I (175) boot: Disabling RNG early entropy source...
[2026-05-23 15:32:51.015] I (176) cpu_start: Unicore app
[2026-05-23 15:32:51.018] I (185) cpu_start: Pro cpu start user code
[2026-05-23 15:32:51.023] I (185) cpu_start: cpu freq: 160000000 Hz
[2026-05-23 15:32:51.025] I (185) app_init: Application information:
[2026-05-23 15:32:51.027] I (185) app_init: Project name:     sensor_acquirer
[2026-05-23 15:32:51.028] I (185) app_init: App version:      v1.0-171-gbbe0783
[2026-05-23 15:32:51.032] I (186) app_init: Compile time:     May 23 2026 14:30:31
[2026-05-23 15:32:51.034] I (187) app_init: ELF file SHA256:  493679023...
[2026-05-23 15:32:51.038] I (187) app_init: ESP-IDF:          v5.4.1
[2026-05-23 15:32:51.039] I (188) efuse_init: Min chip rev:     v0.3
[2026-05-23 15:32:51.041] I (188) efuse_init: Max chip rev:     v1.99
[2026-05-23 15:32:51.042] I (189) efuse_init: Chip rev:         v0.4
[2026-05-23 15:32:51.046] I (189) heap_init: Initializing. RAM available for dynamic allocation:
[2026-05-23 15:32:51.050] I (190) heap_init: At 3FC9C340 len 00023CC0 (143 KiB): RAM
[2026-05-23 15:32:51.053] I (191) heap_init: At 3FCC0000 len 0001C710 (113 KiB): Retention RAM
[2026-05-23 15:32:51.055] I (191) heap_init: At 3FCDC710 len 00002950 (10 KiB): Retention RAM
[2026-05-23 15:32:51.058] I (192) heap_init: At 5000021C len 00001DCC (7 KiB): RTCRAM
[2026-05-23 15:32:51.060] I (194) spi_flash: detected chip: generic
[2026-05-23 15:32:51.063] I (194) spi_flash: flash io: dio
[2026-05-23 15:32:51.066] W (194) spi_flash: Detected size(4096k) larger than the size in the binary image header(2048k). Using the size in the binary image header.
[2026-05-23 15:32:51.067] I (196) sleep_gpio: Configure to isolate all GPIO pins in sleep state
[2026-05-23 15:32:51.068] I (196) sleep_gpio: Enable automatic switching of GPIO sleep configuration
[2026-05-23 15:32:51.069] I (197) main_task: Started on CPU0
[2026-05-23 15:32:51.070] I (197) main_task: Calling app_main()
[2026-05-23 15:32:51.070] WCAN_CFG_WAIT v=1
# UART boot config sent: wcan v=1 role=sensor transport=BROADCAST test_duration_ms=30000 host_wait_time_ms=5000 base=0xe0 count=1 hz=1000 linger=100
[2026-05-23 15:32:51.071] WCAN_CFG_WAIT v=1
[2026-05-23 15:32:53.530] WCAN_CFG_ACK
[2026-05-23 15:32:53.530] WCAN_CFG_ACK
[2026-05-23 15:32:53.535] I (2820) pp: pp rom version: 9387209
[2026-05-23 15:32:53.535] I (2821) net80211: net80211 rom version: 9387209
[2026-05-23 15:32:53.537] I (2822) wifi:wifi driver task: 3fca7720, prio:23, stack:6656, core=0
[2026-05-23 15:32:53.541] I (2826) wifi:wifi firmware version: 79fa3f41ba
[2026-05-23 15:32:53.541] I (2826) wifi:wifi certification version: v7.0
[2026-05-23 15:32:53.542] I (2826) wifi:config NVS flash: enabled
[2026-05-23 15:32:53.543] I (2826) wifi:config nano formatting: disabled
[2026-05-23 15:32:53.543] I (2827) wifi:Init data frame dynamic rx buffer num: 32
[2026-05-23 15:32:53.544] I (2827) wifi:Init static rx mgmt buffer num: 5
[2026-05-23 15:32:53.544] I (2828) wifi:Init management short buffer num: 32
[2026-05-23 15:32:53.545] I (2828) wifi:Init dynamic tx buffer num: 32
[2026-05-23 15:32:53.545] I (2829) wifi:Init static tx FG buffer num: 2
[2026-05-23 15:32:53.546] I (2829) wifi:Init static rx buffer size: 1600
[2026-05-23 15:32:53.547] I (2830) wifi:Init static rx buffer num: 10
[2026-05-23 15:32:53.547] I (2830) wifi:Init dynamic rx buffer num: 32
[2026-05-23 15:32:53.548] I (2831) wifi_init: rx ba win: 6
[2026-05-23 15:32:53.548] I (2832) wifi_init: accept mbox: 6
[2026-05-23 15:32:53.549] I (2832) wifi_init: tcpip mbox: 32
[2026-05-23 15:32:53.550] I (2832) wifi_init: udp mbox: 6
[2026-05-23 15:32:53.550] I (2832) wifi_init: tcp mbox: 6
[2026-05-23 15:32:53.551] I (2833) wifi_init: tcp tx win: 5760
[2026-05-23 15:32:53.551] I (2833) wifi_init: tcp rx win: 5760
[2026-05-23 15:32:53.552] I (2834) wifi_init: tcp mss: 1440
[2026-05-23 15:32:53.553] I (2834) wifi_init: WiFi IRAM OP enabled
[2026-05-23 15:32:53.554] I (2834) wifi_init: WiFi RX IRAM OP enabled
[2026-05-23 15:32:53.554] I (2835) phy_init: phy_version 1200,2b7123f9,Feb 18 2025,15:22:21
[2026-05-23 15:32:53.590] I (2875) wifi:mode : sta (74:4d:bd:e1:d5:b8)
[2026-05-23 15:32:53.591] I (2876) wifi:enable tsf
[2026-05-23 15:32:53.594] I (2879) ESPNOW: espnow [version: 2.0] init
[2026-05-23 15:32:53.595] WCAN_TEST_READY role=sensor
# Waiting for phased test start
# UART test start sent: WCAN_TEST_START at 2026-05-23T15:32:53.624108
[2026-05-23 15:32:54.762] P(FAIL):3845:e0:4:404:504:101
[2026-05-23 15:32:55.593] P(FAIL):4681:e0:12:1212:1312:101
[2026-05-23 15:32:57.799] P(FAIL):6887:e0:34:3434:3534:101
[2026-05-23 15:33:02.872] P(FAIL):11960:e0:84:8484:8584:101
[2026-05-23 15:33:04.393] P(FAIL):13481:e0:99:9999:10099:101
[2026-05-23 15:33:06.884] P(FAIL):15972:e0:124:12524:12624:101
[2026-05-23 15:33:11.219] P(FAIL):20307:e0:167:16867:16967:101
[2026-05-23 15:33:12.479] P(FAIL):21567:e0:179:18079:18179:101
[2026-05-23 15:33:13.263] P(FAIL):22351:e0:187:18887:18987:101
[2026-05-23 15:33:14.389] P(FAIL):23477:e0:199:20099:20199:101
[2026-05-23 15:33:15.166] P(FAIL):24254:e0:206:20806:20906:101
[2026-05-23 15:33:20.643] P(FAIL):29731:e0:260:26260:26360:101
[2026-05-23 15:33:23.211] P(FAIL):32299:e0:285:28785:28885:101
[2026-05-23 15:33:23.562] P(FAIL):32649:e0:288:29088:29188:101
[2026-05-23 15:33:23.907] P(FAIL):32995:e0:293:29593:29693:101
[2026-05-23 15:33:24.606] P(FAIL):33694:e0:294:29694:29794:101
[2026-05-23 15:33:24.930] WCAN_BATCH id=0xe0 count=298 avg_hz=9.90 avg_points=100.67 min_points=2 max_points=101 avg_interval_ms=101.00 min_interval_ms=100.89 max_interval_ms=101.11 avg_dispatch_ms=4.65 max_dispatch_ms=13.02 dispatched_count=344 avg_queue_wait_ms=47.09 max_queue_wait_ms=392.76
[2026-05-23 15:33:24.931] WCAN_SENSOR_END generated=29998 avg_hz=1000.00
[2026-05-23 15:33:24.939] WCAN_MEASURES elapsed_ms=29999 heap_start_free=126780 heap_end_free=141568 heap_start_min_free=124628 heap_end_min_free=123952 heap_start_largest=98304 heap_end_largest=98304 airtime_us_total=1596953 packets_sent_total=344 sensor_send_failures_total=0
[2026-05-23 15:33:24.941] WCAN_TEST_END role=sensor

# Monitor stopped: 2026-05-23T15:33:24.941380
