# Monitor started: 2026-05-23T15:32:50.914333
# Port: /dev/ttyACM0, Baud: 921600, Timeout: 35.000s after WCAN_TEST_START

# UART boot config: wcan v=1 role=sensor transport=BROADCAST test_duration_ms=30000 host_wait_time_ms=5000 base=0xd0 count=1 hz=1000 linger=100
[2026-05-23 15:32:50.915] ESP-ROM:esp32c3-api1-20210207
[2026-05-23 15:32:50.915] Build:Feb  7 2021
[2026-05-23 15:32:50.917] rst:0x15 (USB_UART_CHIP_RESET),boot:0xd (SPI_FAST_FLASH_BOOT)
[2026-05-23 15:32:50.920] Saved PC:0x40384eba
[2026-05-23 15:32:50.921] SPIWP:0xee
[2026-05-23 15:32:50.921] mode:DIO, clock div:1
[2026-05-23 15:32:50.924] load:0x3fcd5820,len:0x1574
[2026-05-23 15:32:50.924] load:0x403cc710,len:0xc30
[2026-05-23 15:32:50.925] load:0x403ce710,len:0x2fa0
[2026-05-23 15:32:50.927] entry 0x403cc71a
[2026-05-23 15:32:50.929] I (24) boot: ESP-IDF v5.4.1 2nd stage bootloader
[2026-05-23 15:32:50.933] I (24) boot: compile time May 20 2026 00:05:32
[2026-05-23 15:32:50.936] I (25) boot: chip revision: v0.4
[2026-05-23 15:32:50.944] I (25) boot: efuse block revision: v1.3
[2026-05-23 15:32:50.947] I (25) boot.esp32c3: SPI Speed      : 80MHz
[2026-05-23 15:32:50.952] I (25) boot.esp32c3: SPI Mode       : DIO
[2026-05-23 15:32:50.955] I (26) boot.esp32c3: SPI Flash Size : 2MB
[2026-05-23 15:32:50.957] I (26) boot: Enabling RNG early entropy source...
[2026-05-23 15:32:50.961] I (27) boot: Partition Table:
[2026-05-23 15:32:50.970] I (27) boot: ## Label            Usage          Type ST Offset   Length
[2026-05-23 15:32:50.975] I (28) boot:  0 nvs              WiFi data        01 02 00009000 00006000
[2026-05-23 15:32:50.978] I (29) boot:  1 phy_init         RF data          01 01 0000f000 00001000
[2026-05-23 15:32:50.983] I (29) boot:  2 factory          factory app      00 00 00010000 00100000
[2026-05-23 15:32:50.986] I (30) boot: End of partition table
[2026-05-23 15:32:50.991] I (31) esp_image: segment 0: paddr=00010020 vaddr=3c0a0020 size=1977ch (104316) map
[2026-05-23 15:32:50.995] I (48) esp_image: segment 1: paddr=000297a4 vaddr=3fc95200 size=02da0h ( 11680) load
[2026-05-23 15:32:50.998] I (51) esp_image: segment 2: paddr=0002c54c vaddr=40380000 size=03acch ( 15052) load
[2026-05-23 15:32:51.010] I (54) esp_image: segment 3: paddr=00030020 vaddr=42000020 size=9942ch (627756) map
[2026-05-23 15:32:51.016] I (154) esp_image: segment 4: paddr=000c9454 vaddr=40383acc size=11614h ( 71188) load
[2026-05-23 15:32:51.019] I (168) esp_image: segment 5: paddr=000daa70 vaddr=50000200 size=0001ch (    28) load
[2026-05-23 15:32:51.026] I (175) boot: Loaded app from partition at offset 0x10000
[2026-05-23 15:32:51.030] I (175) boot: Disabling RNG early entropy source...
[2026-05-23 15:32:51.031] I (176) cpu_start: Unicore app
[2026-05-23 15:32:51.033] I (185) cpu_start: Pro cpu start user code
[2026-05-23 15:32:51.035] I (185) cpu_start: cpu freq: 160000000 Hz
[2026-05-23 15:32:51.038] I (185) app_init: Application information:
[2026-05-23 15:32:51.044] I (185) app_init: Project name:     sensor_acquirer
[2026-05-23 15:32:51.051] I (185) app_init: App version:      v1.0-171-gbbe0783
[2026-05-23 15:32:51.055] I (186) app_init: Compile time:     May 23 2026 14:30:31
[2026-05-23 15:32:51.057] I (186) app_init: ELF file SHA256:  493679023...
[2026-05-23 15:32:51.058] I (187) app_init: ESP-IDF:          v5.4.1
[2026-05-23 15:32:51.061] I (187) efuse_init: Min chip rev:     v0.3
[2026-05-23 15:32:51.062] I (188) efuse_init: Max chip rev:     v1.99
[2026-05-23 15:32:51.063] I (188) efuse_init: Chip rev:         v0.4
[2026-05-23 15:32:51.065] I (189) heap_init: Initializing. RAM available for dynamic allocation:
[2026-05-23 15:32:51.066] I (190) heap_init: At 3FC9C340 len 00023CC0 (143 KiB): RAM
[2026-05-23 15:32:51.067] I (190) heap_init: At 3FCC0000 len 0001C710 (113 KiB): Retention RAM
[2026-05-23 15:32:51.069] I (191) heap_init: At 3FCDC710 len 00002950 (10 KiB): Retention RAM
[2026-05-23 15:32:51.070] I (192) heap_init: At 5000021C len 00001DCC (7 KiB): RTCRAM
[2026-05-23 15:32:51.070] I (193) spi_flash: detected chip: generic
[2026-05-23 15:32:51.071] I (194) spi_flash: flash io: dio
[2026-05-23 15:32:51.072] W (194) spi_flash: Detected size(4096k) larger than the size in the binary image header(2048k). Using the size in the binary image header.
[2026-05-23 15:32:51.072] I (195) sleep_gpio: Configure to isolate all GPIO pins in sleep state
[2026-05-23 15:32:51.072] I (196) sleep_gpio: Enable automatic switching of GPIO sleep configuration
[2026-05-23 15:32:51.073] I (197) main_task: Started on CPU0
[2026-05-23 15:32:51.073] I (197) main_task: Calling app_main()
[2026-05-23 15:32:51.073] WCAN_CFG_WAIT v=1
# UART boot config sent: wcan v=1 role=sensor transport=BROADCAST test_duration_ms=30000 host_wait_time_ms=5000 base=0xd0 count=1 hz=1000 linger=100
[2026-05-23 15:32:51.073] WCAN_CFG_WAIT v=1
[2026-05-23 15:32:53.553] WCAN_CFG_ACK
[2026-05-23 15:32:53.553] WCAN_CFG_ACK
[2026-05-23 15:32:53.557] I (2842) pp: pp rom version: 9387209
[2026-05-23 15:32:53.558] I (2843) net80211: net80211 rom version: 9387209
[2026-05-23 15:32:53.559] I (2844) wifi:wifi driver task: 3fca77a4, prio:23, stack:6656, core=0
[2026-05-23 15:32:53.563] I (2848) wifi:wifi firmware version: 79fa3f41ba
[2026-05-23 15:32:53.563] I (2848) wifi:wifi certification version: v7.0
[2026-05-23 15:32:53.564] I (2848) wifi:config NVS flash: enabled
[2026-05-23 15:32:53.564] I (2848) wifi:config nano formatting: disabled
[2026-05-23 15:32:53.565] I (2849) wifi:Init data frame dynamic rx buffer num: 32
[2026-05-23 15:32:53.566] I (2849) wifi:Init static rx mgmt buffer num: 5
[2026-05-23 15:32:53.566] I (2850) wifi:Init management short buffer num: 32
[2026-05-23 15:32:53.567] I (2850) wifi:Init dynamic tx buffer num: 32
[2026-05-23 15:32:53.567] I (2851) wifi:Init static tx FG buffer num: 2
[2026-05-23 15:32:53.568] I (2851) wifi:Init static rx buffer size: 1600
[2026-05-23 15:32:53.568] I (2852) wifi:Init static rx buffer num: 10
[2026-05-23 15:32:53.569] I (2852) wifi:Init dynamic rx buffer num: 32
[2026-05-23 15:32:53.569] I (2854) wifi_init: rx ba win: 6
[2026-05-23 15:32:53.570] I (2854) wifi_init: accept mbox: 6
[2026-05-23 15:32:53.570] I (2854) wifi_init: tcpip mbox: 32
[2026-05-23 15:32:53.570] I (2854) wifi_init: udp mbox: 6
[2026-05-23 15:32:53.571] I (2854) wifi_init: tcp mbox: 6
[2026-05-23 15:32:53.571] I (2855) wifi_init: tcp tx win: 5760
[2026-05-23 15:32:53.571] I (2855) wifi_init: tcp rx win: 5760
[2026-05-23 15:32:53.572] I (2856) wifi_init: tcp mss: 1440
[2026-05-23 15:32:53.572] I (2856) wifi_init: WiFi IRAM OP enabled
[2026-05-23 15:32:53.573] I (2856) wifi_init: WiFi RX IRAM OP enabled
[2026-05-23 15:32:53.573] I (2857) phy_init: phy_version 1200,2b7123f9,Feb 18 2025,15:22:21
[2026-05-23 15:32:53.609] I (2894) wifi:mode : sta (54:32:04:8c:0b:8c)
[2026-05-23 15:32:53.609] I (2894) wifi:enable tsf
[2026-05-23 15:32:53.612] I (2897) ESPNOW: espnow [version: 2.0] init
[2026-05-23 15:32:53.613] WCAN_TEST_READY role=sensor
# Waiting for phased test start
# UART test start sent: WCAN_TEST_START at 2026-05-23T15:32:53.624546
[2026-05-23 15:32:55.220] P(FAIL):4309:d0:8:808:908:101
[2026-05-23 15:32:56.589] P(FAIL):5677:d0:21:2121:2221:101
[2026-05-23 15:32:57.409] P(FAIL):6497:d0:30:3030:3130:101
[2026-05-23 15:32:58.283] P(FAIL):7371:d0:38:3838:3938:101
[2026-05-23 15:32:59.014] P(FAIL):8102:d0:46:4646:4746:101
[2026-05-23 15:33:00.548] P(FAIL):9636:d0:61:6161:6261:101
[2026-05-23 15:33:00.933] P(FAIL):10021:d0:65:6565:6665:101
[2026-05-23 15:33:01.345] P(FAIL):10433:d0:69:6969:7069:101
[2026-05-23 15:33:02.048] P(FAIL):11136:d0:76:7676:7776:101
[2026-05-23 15:33:02.503] P(FAIL):11591:d0:80:8080:8180:101
[2026-05-23 15:33:02.876] P(FAIL):11964:d0:82:8282:8382:101
[2026-05-23 15:33:03.191] P(FAIL):12279:d0:83:8383:8483:101
[2026-05-23 15:33:03.834] P(FAIL):12922:d0:93:9393:9493:101
[2026-05-23 15:33:04.857] P(FAIL):13945:d0:103:10403:10503:101
[2026-05-23 15:33:06.049] P(FAIL):15137:d0:115:11615:11715:101
[2026-05-23 15:33:06.390] P(FAIL):15478:d0:116:11716:11816:101
[2026-05-23 15:33:07.661] P(FAIL):16749:d0:132:13332:13432:101
[2026-05-23 15:33:08.032] P(FAIL):17120:d0:133:13433:13533:101
[2026-05-23 15:33:08.414] P(FAIL):17502:d0:135:13635:13735:101
[2026-05-23 15:33:09.233] P(FAIL):18321:d0:147:14847:14947:101
[2026-05-23 15:33:10.219] P(FAIL):19307:d0:157:15857:15957:101
[2026-05-23 15:33:12.101] P(FAIL):21189:d0:175:17675:17775:101
[2026-05-23 15:33:12.522] P(FAIL):21610:d0:177:17877:17977:101
[2026-05-23 15:33:13.299] P(FAIL):22387:d0:187:18887:18987:101
[2026-05-23 15:33:13.662] P(FAIL):22750:d0:188:18988:19088:101
[2026-05-23 15:33:13.943] P(FAIL):23031:d0:189:19089:19189:101
[2026-05-23 15:33:14.443] P(FAIL):23531:d0:199:20099:20199:101
[2026-05-23 15:33:15.266] P(FAIL):24354:d0:207:20907:21007:101
[2026-05-23 15:33:16.005] P(FAIL):25093:d0:214:21614:21714:101
[2026-05-23 15:33:16.371] P(FAIL):25459:d0:215:21715:21815:101
[2026-05-23 15:33:17.139] P(FAIL):26227:d0:225:22725:22825:101
[2026-05-23 15:33:17.547] P(FAIL):26635:d0:228:23028:23128:101
[2026-05-23 15:33:18.814] P(FAIL):27902:d0:242:24442:24542:101
[2026-05-23 15:33:19.704] P(FAIL):28792:d0:250:25250:25350:101
[2026-05-23 15:33:20.283] P(FAIL):29371:d0:257:25957:26057:101
[2026-05-23 15:33:20.620] P(FAIL):29708:d0:259:26159:26259:101
[2026-05-23 15:33:21.006] P(FAIL):30094:d0:264:26664:26764:101
[2026-05-23 15:33:21.981] P(FAIL):31068:d0:273:27573:27673:101
[2026-05-23 15:33:22.389] P(FAIL):31476:d0:275:27775:27875:101
[2026-05-23 15:33:22.767] P(FAIL):31855:d0:276:27876:27976:101
[2026-05-23 15:33:23.253] P(FAIL):32340:d0:286:28886:28986:101
[2026-05-23 15:33:23.994] P(FAIL):33082:d0:293:29593:29693:101
[2026-05-23 15:33:24.794] P(FAIL):33882:d0:294:29694:29794:101
[2026-05-23 15:33:24.944] WCAN_BATCH id=0xd0 count=298 avg_hz=9.90 avg_points=100.67 min_points=2 max_points=101 avg_interval_ms=101.00 min_interval_ms=100.85 max_interval_ms=101.15 avg_dispatch_ms=4.89 max_dispatch_ms=9.94 dispatched_count=433 avg_queue_wait_ms=162.61 max_queue_wait_ms=797.79
[2026-05-23 15:33:24.945] WCAN_SENSOR_END generated=29998 avg_hz=1000.00
[2026-05-23 15:33:24.949] WCAN_MEASURES elapsed_ms=29999 heap_start_free=126648 heap_end_free=141436 heap_start_min_free=124496 heap_end_min_free=123820 heap_start_largest=98304 heap_end_largest=98304 airtime_us_total=2112985 packets_sent_total=433 sensor_send_failures_total=0
[2026-05-23 15:33:24.949] WCAN_TEST_END role=sensor

# Monitor stopped: 2026-05-23T15:33:24.949892
