# Monitor started: 2026-05-23T21:52:39.157122
# Port: /dev/ttyACM0, Baud: 921600, Timeout: 35.000s after WCAN_TEST_START

# UART boot config: wcan v=1 role=sensor transport=MULTICAST test_duration_ms=30000 host_wait_time_ms=5000 base=0xd0 count=1 hz=100 linger=100
[2026-05-23 21:52:39.157] ESP-ROM:esp32c3-api1-20210207
[2026-05-23 21:52:39.158] Build:Feb  7 2021
[2026-05-23 21:52:39.179] rst:0x15 (USB_UART_CHIP_RESET),boot:0xd (SPI_FAST_FLASH_BOOT)
[2026-05-23 21:52:39.191] Saved PC:0x40384eba
[2026-05-23 21:52:39.200] SPIWP:0xee
[2026-05-23 21:52:39.203] mode:DIO, clock div:1
[2026-05-23 21:52:39.220] load:0x3fcd5820,len:0x1574
[2026-05-23 21:52:39.225] load:0x403cc710,len:0xc30
[2026-05-23 21:52:39.229] load:0x403ce710,len:0x2fa0
[2026-05-23 21:52:39.233] entry 0x403cc71a
[2026-05-23 21:52:39.237] I (24) boot: ESP-IDF v5.4.1 2nd stage bootloader
[2026-05-23 21:52:39.242] I (24) boot: compile time May 19 2026 23:41:33
[2026-05-23 21:52:39.245] I (24) boot: chip revision: v0.4
[2026-05-23 21:52:39.252] I (25) boot: efuse block revision: v1.3
[2026-05-23 21:52:39.259] I (25) boot.esp32c3: SPI Speed      : 80MHz
[2026-05-23 21:52:39.269] I (25) boot.esp32c3: SPI Mode       : DIO
[2026-05-23 21:52:39.276] I (26) boot.esp32c3: SPI Flash Size : 2MB
[2026-05-23 21:52:39.283] I (26) boot: Enabling RNG early entropy source...
[2026-05-23 21:52:39.286] I (27) boot: Partition Table:
[2026-05-23 21:52:39.295] I (27) boot: ## Label            Usage          Type ST Offset   Length
[2026-05-23 21:52:39.296] I (28) boot:  0 nvs              WiFi data        01 02 00009000 00006000
[2026-05-23 21:52:39.302] I (29) boot:  1 phy_init         RF data          01 01 0000f000 00001000
[2026-05-23 21:52:39.315] I (29) boot:  2 factory          factory app      00 00 00010000 00100000
[2026-05-23 21:52:39.323] I (30) boot: End of partition table
[2026-05-23 21:52:39.328] I (31) esp_image: segment 0: paddr=00010020 vaddr=3c0a0020 size=19850h (104528) map
[2026-05-23 21:52:39.335] I (48) esp_image: segment 1: paddr=00029878 vaddr=3fc95000 size=02da0h ( 11680) load
[2026-05-23 21:52:39.336] I (51) esp_image: segment 2: paddr=0002c620 vaddr=40380000 size=039f8h ( 14840) load
[2026-05-23 21:52:39.338] I (54) esp_image: segment 3: paddr=00030020 vaddr=42000020 size=990b4h (626868) map
[2026-05-23 21:52:39.340] I (154) esp_image: segment 4: paddr=000c90dc vaddr=403839f8 size=114f8h ( 70904) load
[2026-05-23 21:52:39.342] I (168) esp_image: segment 5: paddr=000da5dc vaddr=50000200 size=0001ch (    28) load
[2026-05-23 21:52:39.345] I (174) boot: Loaded app from partition at offset 0x10000
[2026-05-23 21:52:39.346] I (175) boot: Disabling RNG early entropy source...
[2026-05-23 21:52:39.348] I (176) cpu_start: Unicore app
[2026-05-23 21:52:39.350] I (184) cpu_start: Pro cpu start user code
[2026-05-23 21:52:39.351] I (185) cpu_start: cpu freq: 160000000 Hz
[2026-05-23 21:52:39.352] I (185) app_init: Application information:
[2026-05-23 21:52:39.353] I (185) app_init: Project name:     sensor_acquirer
[2026-05-23 21:52:39.355] I (185) app_init: App version:      v1.0-171-gbbe0783
[2026-05-23 21:52:39.356] I (186) app_init: Compile time:     May 23 2026 14:30:40
[2026-05-23 21:52:39.357] I (186) app_init: ELF file SHA256:  0e7d705e7...
[2026-05-23 21:52:39.357] I (187) app_init: ESP-IDF:          v5.4.1
[2026-05-23 21:52:39.358] I (187) efuse_init: Min chip rev:     v0.3
[2026-05-23 21:52:39.361] I (188) efuse_init: Max chip rev:     v1.99
[2026-05-23 21:52:39.364] I (188) efuse_init: Chip rev:         v0.4
[2026-05-23 21:52:39.370] I (189) heap_init: Initializing. RAM available for dynamic allocation:
[2026-05-23 21:52:39.374] I (190) heap_init: At 3FC9C130 len 00023ED0 (143 KiB): RAM
[2026-05-23 21:52:39.376] I (190) heap_init: At 3FCC0000 len 0001C710 (113 KiB): Retention RAM
[2026-05-23 21:52:39.378] I (191) heap_init: At 3FCDC710 len 00002950 (10 KiB): Retention RAM
[2026-05-23 21:52:39.380] I (192) heap_init: At 5000021C len 00001DCC (7 KiB): RTCRAM
[2026-05-23 21:52:39.381] I (193) spi_flash: detected chip: generic
[2026-05-23 21:52:39.382] I (193) spi_flash: flash io: dio
[2026-05-23 21:52:39.387] W (194) spi_flash: Detected size(4096k) larger than the size in the binary image header(2048k). Using the size in the binary image header.
[2026-05-23 21:52:39.390] I (195) sleep_gpio: Configure to isolate all GPIO pins in sleep state
[2026-05-23 21:52:39.392] I (196) sleep_gpio: Enable automatic switching of GPIO sleep configuration
[2026-05-23 21:52:39.392] I (197) main_task: Started on CPU0
[2026-05-23 21:52:39.393] I (197) main_task: Calling app_main()
[2026-05-23 21:52:39.394] WCAN_CFG_WAIT v=1
# UART boot config sent: wcan v=1 role=sensor transport=MULTICAST test_duration_ms=30000 host_wait_time_ms=5000 base=0xd0 count=1 hz=100 linger=100
[2026-05-23 21:52:39.395] WCAN_CFG_WAIT v=1
[2026-05-23 21:52:41.834] WCAN_CFG_ACK
[2026-05-23 21:52:41.834] WCAN_CFG_ACK
[2026-05-23 21:52:41.839] I (2881) pp: pp rom version: 9387209
[2026-05-23 21:52:41.840] I (2882) net80211: net80211 rom version: 9387209
[2026-05-23 21:52:41.841] I (2883) wifi:wifi driver task: 3fca7594, prio:23, stack:6656, core=0
[2026-05-23 21:52:41.845] I (2887) wifi:wifi firmware version: 79fa3f41ba
[2026-05-23 21:52:41.846] I (2887) wifi:wifi certification version: v7.0
[2026-05-23 21:52:41.847] I (2887) wifi:config NVS flash: enabled
[2026-05-23 21:52:41.848] I (2887) wifi:config nano formatting: disabled
[2026-05-23 21:52:41.848] I (2888) wifi:Init data frame dynamic rx buffer num: 32
[2026-05-23 21:52:41.849] I (2888) wifi:Init static rx mgmt buffer num: 5
[2026-05-23 21:52:41.850] I (2889) wifi:Init management short buffer num: 32
[2026-05-23 21:52:41.851] I (2889) wifi:Init dynamic tx buffer num: 32
[2026-05-23 21:52:41.852] I (2890) wifi:Init static tx FG buffer num: 2
[2026-05-23 21:52:41.852] I (2890) wifi:Init static rx buffer size: 1600
[2026-05-23 21:52:41.853] I (2891) wifi:Init static rx buffer num: 10
[2026-05-23 21:52:41.854] I (2891) wifi:Init dynamic rx buffer num: 32
[2026-05-23 21:52:41.855] I (2892) wifi_init: rx ba win: 6
[2026-05-23 21:52:41.855] I (2893) wifi_init: accept mbox: 6
[2026-05-23 21:52:41.856] I (2893) wifi_init: tcpip mbox: 32
[2026-05-23 21:52:41.856] I (2893) wifi_init: udp mbox: 6
[2026-05-23 21:52:41.857] I (2893) wifi_init: tcp mbox: 6
[2026-05-23 21:52:41.857] I (2894) wifi_init: tcp tx win: 5760
[2026-05-23 21:52:41.858] I (2894) wifi_init: tcp rx win: 5760
[2026-05-23 21:52:41.859] I (2895) wifi_init: tcp mss: 1440
[2026-05-23 21:52:41.859] I (2895) wifi_init: WiFi IRAM OP enabled
[2026-05-23 21:52:41.860] I (2895) wifi_init: WiFi RX IRAM OP enabled
[2026-05-23 21:52:41.861] I (2896) phy_init: phy_version 1200,2b7123f9,Feb 18 2025,15:22:21
[2026-05-23 21:52:41.891] I (2933) wifi:mode : sta (54:32:04:8c:0b:8c)
[2026-05-23 21:52:41.892] I (2933) wifi:enable tsf
[2026-05-23 21:52:41.895] I (2936) ESPNOW: espnow [version: 2.0] init
[2026-05-23 21:52:41.895] WCAN_TEST_READY role=sensor
# Waiting for phased test start
# UART test start sent: WCAN_TEST_START at 2026-05-23T21:52:41.907292
[2026-05-23 21:53:12.240] WCAN_BATCH id=0xd0 count=272 avg_hz=9.09 avg_points=11.00 min_points=11 max_points=11 avg_interval_ms=110.00 min_interval_ms=109.93 max_interval_ms=110.07 avg_dispatch_ms=1.92 max_dispatch_ms=8.75 dispatched_count=272 avg_queue_wait_ms=0.12 max_queue_wait_ms=0.29
[2026-05-23 21:53:12.241] WCAN_SENSOR_END generated=2998 avg_hz=99.97
[2026-05-23 21:53:12.245] WCAN_MEASURES elapsed_ms=29999 heap_start_free=97564 heap_end_free=109280 heap_start_min_free=97484 heap_end_min_free=97232 heap_start_largest=77824 heap_end_largest=77824 airtime_us_total=516463 packets_sent_total=272 sensor_send_failures_total=0
[2026-05-23 21:53:12.245] WCAN_TEST_END role=sensor

# Monitor stopped: 2026-05-23T21:53:12.245951
