# Monitor started: 2026-05-13T04:13:43.677002
# Port: /dev/ttyACM1, Baud: 921600, Duration: 30s

# UART boot config: wcan v=1 role=idle transport=UNICAST
[2026-05-13 04:13:43.677] ESP-ROM:esp32c3-api1-20210207
[2026-05-13 04:13:43.678] Build:Feb  7 2021
[2026-05-13 04:13:43.679] rst:0x15 (USB_UART_CHIP_RESET),boot:0xd (SPI_FAST_FLASH_BOOT)
[2026-05-13 04:13:43.679] Saved PC:0x40384eae
[2026-05-13 04:13:43.680] SPIWP:0xee
[2026-05-13 04:13:43.680] mode:DIO, clock div:1
[2026-05-13 04:13:43.681] load:0x3fcd5820,len:0x1574
[2026-05-13 04:13:43.681] load:0x403cc710,len:0xc30
[2026-05-13 04:13:43.681] load:0x403ce710,len:0x2fa0
[2026-05-13 04:13:43.682] entry 0x403cc71a
[2026-05-13 04:13:43.683] I (24) boot: ESP-IDF v5.4.1 2nd stage bootloader
[2026-05-13 04:13:43.684] I (24) boot: compile time May 12 2026 19:49:19
[2026-05-13 04:13:43.684] I (25) boot: chip revision: v0.4
[2026-05-13 04:13:43.685] I (25) boot: efuse block revision: v1.3
[2026-05-13 04:13:43.686] I (25) boot.esp32c3: SPI Speed      : 80MHz
[2026-05-13 04:13:43.686] I (25) boot.esp32c3: SPI Mode       : DIO
[2026-05-13 04:13:43.687] I (26) boot.esp32c3: SPI Flash Size : 2MB
[2026-05-13 04:13:43.688] I (26) boot: Enabling RNG early entropy source...
[2026-05-13 04:13:43.689] I (27) boot: Partition Table:
[2026-05-13 04:13:43.690] I (27) boot: ## Label            Usage          Type ST Offset   Length
[2026-05-13 04:13:43.691] I (28) boot:  0 nvs              WiFi data        01 02 00009000 00006000
[2026-05-13 04:13:43.693] I (29) boot:  1 phy_init         RF data          01 01 0000f000 00001000
[2026-05-13 04:13:43.694] I (29) boot:  2 factory          factory app      00 00 00010000 00100000
[2026-05-13 04:13:43.695] I (30) boot: End of partition table
[2026-05-13 04:13:43.696] I (31) esp_image: segment 0: paddr=00010020 vaddr=3c0a0020 size=1a0c8h (106696) map
[2026-05-13 04:13:43.698] I (49) esp_image: segment 1: paddr=0002a0f0 vaddr=3fc95400 size=02db0h ( 11696) load
[2026-05-13 04:13:43.700] I (51) esp_image: segment 2: paddr=0002cea8 vaddr=40380000 size=03170h ( 12656) load
[2026-05-13 04:13:43.701] I (54) esp_image: segment 3: paddr=00030020 vaddr=42000020 size=94510h (607504) map
[2026-05-13 04:13:43.703] I (151) esp_image: segment 4: paddr=000c4538 vaddr=40383170 size=1223ch ( 74300) load
[2026-05-13 04:13:43.704] I (165) esp_image: segment 5: paddr=000d677c vaddr=50000200 size=0001ch (    28) load
[2026-05-13 04:13:43.705] I (172) boot: Loaded app from partition at offset 0x10000
[2026-05-13 04:13:43.706] I (172) boot: Disabling RNG early entropy source...
[2026-05-13 04:13:43.707] I (174) cpu_start: Unicore app
[2026-05-13 04:13:43.708] I (182) cpu_start: Pro cpu start user code
[2026-05-13 04:13:43.708] I (182) cpu_start: cpu freq: 160000000 Hz
[2026-05-13 04:13:43.709] I (182) app_init: Application information:
[2026-05-13 04:13:43.709] I (182) app_init: Project name:     sensor_acquirer
[2026-05-13 04:13:43.710] I (183) app_init: App version:      v1.0-60-gb67991a-dirty
[2026-05-13 04:13:43.711] I (183) app_init: Compile time:     May 12 2026 19:49:10
[2026-05-13 04:13:43.711] I (184) app_init: ELF file SHA256:  b80335c0b...
[2026-05-13 04:13:43.712] I (185) app_init: ESP-IDF:          v5.4.1
[2026-05-13 04:13:43.712] I (185) efuse_init: Min chip rev:     v0.3
[2026-05-13 04:13:43.713] I (186) efuse_init: Max chip rev:     v1.99
[2026-05-13 04:13:43.714] I (186) efuse_init: Chip rev:         v0.4
[2026-05-13 04:13:43.715] I (187) heap_init: Initializing. RAM available for dynamic allocation:
[2026-05-13 04:13:43.715] I (187) heap_init: At 3FC9CF80 len 00023080 (140 KiB): RAM
[2026-05-13 04:13:43.716] I (188) heap_init: At 3FCC0000 len 0001C710 (113 KiB): Retention RAM
[2026-05-13 04:13:43.717] I (189) heap_init: At 3FCDC710 len 00002950 (10 KiB): Retention RAM
[2026-05-13 04:13:43.717] I (189) heap_init: At 5000021C len 00001DCC (7 KiB): RTCRAM
[2026-05-13 04:13:43.718] I (191) spi_flash: detected chip: generic
[2026-05-13 04:13:43.718] I (191) spi_flash: flash io: dio
[2026-05-13 04:13:43.719] W (191) spi_flash: Detected size(4096k) larger than the size in the binary image header(2048k). Using the size in the binary image header.
[2026-05-13 04:13:43.720] I (193) sleep_gpio: Configure to isolate all GPIO pins in sleep state
[2026-05-13 04:13:43.720] I (193) sleep_gpio: Enable automatic switching of GPIO sleep configuration
[2026-05-13 04:13:43.720] I (194) main_task: Started on CPU0
[2026-05-13 04:13:43.721] I (194) main_task: Calling app_main()
[2026-05-13 04:13:43.721] I (194) BOOT_TS: us=5220
[2026-05-13 04:13:43.721] I (195) BOOT_CONFIG: waiting for UART config
[2026-05-13 04:13:43.721] WCAN_CFG_WAIT v=1
# UART boot config sent: wcan v=1 role=idle transport=UNICAST
[2026-05-13 04:13:43.722] WCAN_CFG_WAIT v=1
[2026-05-13 04:13:44.454] I (976) BOOT_CONFIG: accepted role=idle transport=UNICAST
[2026-05-13 04:13:44.454] WCAN_CFG_ACK
# Waiting for coordinated capture start
[2026-05-13 04:13:44.461] WCAN_CFG_ACK
[2026-05-13 04:13:44.486] I (976) MAIN: IDLE mode - stopping before NVS/Wi-Fi initialization
[2026-05-13 04:13:44.496] I (976) main_task: Returned from app_main()

# Monitor stopped: 2026-05-13T04:14:14.530448
