# Monitor started: 2026-05-23T14:32:27.505192
# Port: /dev/ttyACM1, Baud: 921600, Timeout: 35.000s after WCAN_TEST_START

# UART boot config: wcan v=1 role=sensor transport=BROADCAST test_duration_ms=30000 host_wait_time_ms=5000 base=0xe0 count=1 hz=10 linger=100
[2026-05-23 14:32:27.505] ESP-ROM:esp32c3-api1-20210207
[2026-05-23 14:32:27.505] Build:Feb  7 2021
[2026-05-23 14:32:27.506] rst:0x15 (USB_UART_CHIP_RESET),boot:0xd (SPI_FAST_FLASH_BOOT)
[2026-05-23 14:32:27.506] Saved PC:0x40384eba
[2026-05-23 14:32:27.506] SPIWP:0xee
[2026-05-23 14:32:27.507] mode:DIO, clock div:1
[2026-05-23 14:32:27.508] load:0x3fcd5820,len:0x1574
[2026-05-23 14:32:27.510] load:0x403cc710,len:0xc30
[2026-05-23 14:32:27.510] load:0x403ce710,len:0x2fa0
[2026-05-23 14:32:27.510] entry 0x403cc71a
[2026-05-23 14:32:27.516] I (24) boot: ESP-IDF v5.4.1 2nd stage bootloader
[2026-05-23 14:32:27.522] I (24) boot: compile time May 20 2026 00:05:32
[2026-05-23 14:32:27.530] I (25) boot: chip revision: v0.4
[2026-05-23 14:32:27.536] I (25) boot: efuse block revision: v1.3
[2026-05-23 14:32:27.540] I (25) boot.esp32c3: SPI Speed      : 80MHz
[2026-05-23 14:32:27.549] I (25) boot.esp32c3: SPI Mode       : DIO
[2026-05-23 14:32:27.552] I (26) boot.esp32c3: SPI Flash Size : 2MB
[2026-05-23 14:32:27.554] I (26) boot: Enabling RNG early entropy source...
[2026-05-23 14:32:27.557] I (27) boot: Partition Table:
[2026-05-23 14:32:27.567] I (27) boot: ## Label            Usage          Type ST Offset   Length
[2026-05-23 14:32:27.568] I (28) boot:  0 nvs              WiFi data        01 02 00009000 00006000
[2026-05-23 14:32:27.572] I (29) boot:  1 phy_init         RF data          01 01 0000f000 00001000
[2026-05-23 14:32:27.586] I (29) boot:  2 factory          factory app      00 00 00010000 00100000
[2026-05-23 14:32:27.591] I (30) boot: End of partition table
[2026-05-23 14:32:27.599] I (31) esp_image: segment 0: paddr=00010020 vaddr=3c0a0020 size=1977ch (104316) map
[2026-05-23 14:32:27.606] I (48) esp_image: segment 1: paddr=000297a4 vaddr=3fc95200 size=02da0h ( 11680) load
[2026-05-23 14:32:27.609] I (51) esp_image: segment 2: paddr=0002c54c vaddr=40380000 size=03acch ( 15052) load
[2026-05-23 14:32:27.614] I (54) esp_image: segment 3: paddr=00030020 vaddr=42000020 size=9942ch (627756) map
[2026-05-23 14:32:27.620] I (154) esp_image: segment 4: paddr=000c9454 vaddr=40383acc size=11614h ( 71188) load
[2026-05-23 14:32:27.622] I (168) esp_image: segment 5: paddr=000daa70 vaddr=50000200 size=0001ch (    28) load
[2026-05-23 14:32:27.623] I (175) boot: Loaded app from partition at offset 0x10000
[2026-05-23 14:32:27.624] I (175) boot: Disabling RNG early entropy source...
[2026-05-23 14:32:27.625] I (176) cpu_start: Unicore app
[2026-05-23 14:32:27.626] I (185) cpu_start: Pro cpu start user code
[2026-05-23 14:32:27.628] I (185) cpu_start: cpu freq: 160000000 Hz
[2026-05-23 14:32:27.628] I (185) app_init: Application information:
[2026-05-23 14:32:27.632] I (185) app_init: Project name:     sensor_acquirer
[2026-05-23 14:32:27.642] I (185) app_init: App version:      v1.0-171-gbbe0783
[2026-05-23 14:32:27.646] I (186) app_init: Compile time:     May 23 2026 14:30:31
[2026-05-23 14:32:27.649] I (187) app_init: ELF file SHA256:  493679023...
[2026-05-23 14:32:27.652] I (187) app_init: ESP-IDF:          v5.4.1
[2026-05-23 14:32:27.652] I (188) efuse_init: Min chip rev:     v0.3
[2026-05-23 14:32:27.654] I (188) efuse_init: Max chip rev:     v1.99
[2026-05-23 14:32:27.655] I (189) efuse_init: Chip rev:         v0.4
[2026-05-23 14:32:27.662] I (189) heap_init: Initializing. RAM available for dynamic allocation:
[2026-05-23 14:32:27.665] I (190) heap_init: At 3FC9C340 len 00023CC0 (143 KiB): RAM
[2026-05-23 14:32:27.667] I (191) heap_init: At 3FCC0000 len 0001C710 (113 KiB): Retention RAM
[2026-05-23 14:32:27.668] I (191) heap_init: At 3FCDC710 len 00002950 (10 KiB): Retention RAM
[2026-05-23 14:32:27.669] I (192) heap_init: At 5000021C len 00001DCC (7 KiB): RTCRAM
[2026-05-23 14:32:27.670] I (194) spi_flash: detected chip: generic
[2026-05-23 14:32:27.670] I (194) spi_flash: flash io: dio
[2026-05-23 14:32:27.672] W (194) spi_flash: Detected size(4096k) larger than the size in the binary image header(2048k). Using the size in the binary image header.
[2026-05-23 14:32:27.674] I (196) sleep_gpio: Configure to isolate all GPIO pins in sleep state
[2026-05-23 14:32:27.675] I (196) sleep_gpio: Enable automatic switching of GPIO sleep configuration
[2026-05-23 14:32:27.675] I (197) main_task: Started on CPU0
[2026-05-23 14:32:27.676] I (197) main_task: Calling app_main()
[2026-05-23 14:32:27.676] WCAN_CFG_WAIT v=1
# UART boot config sent: wcan v=1 role=sensor transport=BROADCAST test_duration_ms=30000 host_wait_time_ms=5000 base=0xe0 count=1 hz=10 linger=100
[2026-05-23 14:32:27.677] WCAN_CFG_WAIT v=1
[2026-05-23 14:32:30.104] WCAN_CFG_ACK
[2026-05-23 14:32:30.104] WCAN_CFG_ACK
[2026-05-23 14:32:30.109] I (2802) pp: pp rom version: 9387209
[2026-05-23 14:32:30.110] I (2803) net80211: net80211 rom version: 9387209
[2026-05-23 14:32:30.112] I (2804) wifi:wifi driver task: 3fca7720, prio:23, stack:6656, core=0
[2026-05-23 14:32:30.115] I (2808) wifi:wifi firmware version: 79fa3f41ba
[2026-05-23 14:32:30.116] I (2808) wifi:wifi certification version: v7.0
[2026-05-23 14:32:30.117] I (2808) wifi:config NVS flash: enabled
[2026-05-23 14:32:30.118] I (2808) wifi:config nano formatting: disabled
[2026-05-23 14:32:30.119] I (2809) wifi:Init data frame dynamic rx buffer num: 32
[2026-05-23 14:32:30.120] I (2809) wifi:Init static rx mgmt buffer num: 5
[2026-05-23 14:32:30.121] I (2810) wifi:Init management short buffer num: 32
[2026-05-23 14:32:30.122] I (2810) wifi:Init dynamic tx buffer num: 32
[2026-05-23 14:32:30.123] I (2811) wifi:Init static tx FG buffer num: 2
[2026-05-23 14:32:30.124] I (2811) wifi:Init static rx buffer size: 1600
[2026-05-23 14:32:30.125] I (2812) wifi:Init static rx buffer num: 10
[2026-05-23 14:32:30.126] I (2812) wifi:Init dynamic rx buffer num: 32
[2026-05-23 14:32:30.128] I (2813) wifi_init: rx ba win: 6
[2026-05-23 14:32:30.130] I (2814) wifi_init: accept mbox: 6
[2026-05-23 14:32:30.132] I (2814) wifi_init: tcpip mbox: 32
[2026-05-23 14:32:30.134] I (2814) wifi_init: udp mbox: 6
[2026-05-23 14:32:30.136] I (2814) wifi_init: tcp mbox: 6
[2026-05-23 14:32:30.137] I (2815) wifi_init: tcp tx win: 5760
[2026-05-23 14:32:30.138] I (2815) wifi_init: tcp rx win: 5760
[2026-05-23 14:32:30.140] I (2816) wifi_init: tcp mss: 1440
[2026-05-23 14:32:30.141] I (2816) wifi_init: WiFi IRAM OP enabled
[2026-05-23 14:32:30.142] I (2816) wifi_init: WiFi RX IRAM OP enabled
[2026-05-23 14:32:30.144] I (2817) phy_init: phy_version 1200,2b7123f9,Feb 18 2025,15:22:21
[2026-05-23 14:32:30.163] I (2856) wifi:mode : sta (74:4d:bd:e1:d5:b8)
[2026-05-23 14:32:30.163] I (2857) wifi:enable tsf
[2026-05-23 14:32:30.166] I (2860) ESPNOW: espnow [version: 2.0] init
[2026-05-23 14:32:30.167] WCAN_TEST_READY role=sensor
# Waiting for phased test start
# UART test start sent: WCAN_TEST_START at 2026-05-23T14:32:30.178448
[2026-05-23 14:33:00.763] P(FAIL):33259:e0:148:296:297:2
[2026-05-23 14:33:01.492] WCAN_BATCH id=0xe0 count=150 avg_hz=5.00 avg_points=1.99 min_points=1 max_points=2 avg_interval_ms=200.00 min_interval_ms=199.97 max_interval_ms=200.02 avg_dispatch_ms=1.49 max_dispatch_ms=6.31 dispatched_count=151 avg_queue_wait_ms=1.92 max_queue_wait_ms=167.72
[2026-05-23 14:33:01.493] WCAN_SENSOR_END generated=298 avg_hz=9.97
[2026-05-23 14:33:01.494] WCAN_MEASURES elapsed_ms=29999 heap_start_free=126780 heap_end_free=141568 heap_start_min_free=126780 heap_end_min_free=126512 heap_start_largest=98304 heap_end_largest=98304 airtime_us_total=224060 packets_sent_total=151 sensor_send_failures_total=0
[2026-05-23 14:33:01.494] WCAN_TEST_END role=sensor

# Monitor stopped: 2026-05-23T14:33:01.494432
