# Monitor started: 2026-05-23T15:17:55.730524
# Port: /dev/ttyACM1, Baud: 921600, Timeout: 35.000s after WCAN_TEST_START

# UART boot config: wcan v=1 role=sensor transport=BROADCAST test_duration_ms=30000 host_wait_time_ms=5000 base=0xe0 count=1 hz=750 linger=100
[2026-05-23 15:17:55.731] ESP-ROM:esp32c3-api1-20210207
[2026-05-23 15:17:55.740] Build:Feb  7 2021
[2026-05-23 15:17:55.767] rst:0x15 (USB_UART_CHIP_RESET),boot:0xd (SPI_FAST_FLASH_BOOT)
[2026-05-23 15:17:55.774] Saved PC:0x40384eba
[2026-05-23 15:17:55.780] SPIWP:0xee
[2026-05-23 15:17:55.798] mode:DIO, clock div:1
[2026-05-23 15:17:55.804] load:0x3fcd5820,len:0x1574
[2026-05-23 15:17:55.805] load:0x403cc710,len:0xc30
[2026-05-23 15:17:55.809] load:0x403ce710,len:0x2fa0
[2026-05-23 15:17:55.809] entry 0x403cc71a
[2026-05-23 15:17:55.811] I (24) boot: ESP-IDF v5.4.1 2nd stage bootloader
[2026-05-23 15:17:55.814] I (24) boot: compile time May 20 2026 00:05:32
[2026-05-23 15:17:55.816] I (25) boot: chip revision: v0.4
[2026-05-23 15:17:55.817] I (25) boot: efuse block revision: v1.3
[2026-05-23 15:17:55.819] I (25) boot.esp32c3: SPI Speed      : 80MHz
[2026-05-23 15:17:55.820] I (25) boot.esp32c3: SPI Mode       : DIO
[2026-05-23 15:17:55.821] I (26) boot.esp32c3: SPI Flash Size : 2MB
[2026-05-23 15:17:55.822] I (26) boot: Enabling RNG early entropy source...
[2026-05-23 15:17:55.823] I (27) boot: Partition Table:
[2026-05-23 15:17:55.825] I (27) boot: ## Label            Usage          Type ST Offset   Length
[2026-05-23 15:17:55.830] I (28) boot:  0 nvs              WiFi data        01 02 00009000 00006000
[2026-05-23 15:17:55.835] I (29) boot:  1 phy_init         RF data          01 01 0000f000 00001000
[2026-05-23 15:17:55.839] I (29) boot:  2 factory          factory app      00 00 00010000 00100000
[2026-05-23 15:17:55.840] I (30) boot: End of partition table
[2026-05-23 15:17:55.843] I (31) esp_image: segment 0: paddr=00010020 vaddr=3c0a0020 size=1977ch (104316) map
[2026-05-23 15:17:55.845] I (48) esp_image: segment 1: paddr=000297a4 vaddr=3fc95200 size=02da0h ( 11680) load
[2026-05-23 15:17:55.848] I (51) esp_image: segment 2: paddr=0002c54c vaddr=40380000 size=03acch ( 15052) load
[2026-05-23 15:17:55.853] I (54) esp_image: segment 3: paddr=00030020 vaddr=42000020 size=9942ch (627756) map
[2026-05-23 15:17:55.856] I (154) esp_image: segment 4: paddr=000c9454 vaddr=40383acc size=11614h ( 71188) load
[2026-05-23 15:17:55.859] I (168) esp_image: segment 5: paddr=000daa70 vaddr=50000200 size=0001ch (    28) load
[2026-05-23 15:17:55.861] I (175) boot: Loaded app from partition at offset 0x10000
[2026-05-23 15:17:55.869] I (175) boot: Disabling RNG early entropy source...
[2026-05-23 15:17:55.877] I (176) cpu_start: Unicore app
[2026-05-23 15:17:55.882] I (185) cpu_start: Pro cpu start user code
[2026-05-23 15:17:55.883] I (185) cpu_start: cpu freq: 160000000 Hz
[2026-05-23 15:17:55.885] I (185) app_init: Application information:
[2026-05-23 15:17:55.886] I (185) app_init: Project name:     sensor_acquirer
[2026-05-23 15:17:55.890] I (185) app_init: App version:      v1.0-171-gbbe0783
[2026-05-23 15:17:55.892] I (186) app_init: Compile time:     May 23 2026 14:30:31
[2026-05-23 15:17:55.897] I (187) app_init: ELF file SHA256:  493679023...
[2026-05-23 15:17:55.898] I (187) app_init: ESP-IDF:          v5.4.1
[2026-05-23 15:17:55.901] I (188) efuse_init: Min chip rev:     v0.3
[2026-05-23 15:17:55.903] I (188) efuse_init: Max chip rev:     v1.99
[2026-05-23 15:17:55.908] I (189) efuse_init: Chip rev:         v0.4
[2026-05-23 15:17:55.910] I (189) heap_init: Initializing. RAM available for dynamic allocation:
[2026-05-23 15:17:55.911] I (190) heap_init: At 3FC9C340 len 00023CC0 (143 KiB): RAM
[2026-05-23 15:17:55.912] I (191) heap_init: At 3FCC0000 len 0001C710 (113 KiB): Retention RAM
[2026-05-23 15:17:55.913] I (191) heap_init: At 3FCDC710 len 00002950 (10 KiB): Retention RAM
[2026-05-23 15:17:55.914] I (192) heap_init: At 5000021C len 00001DCC (7 KiB): RTCRAM
[2026-05-23 15:17:55.915] I (194) spi_flash: detected chip: generic
[2026-05-23 15:17:55.915] I (194) spi_flash: flash io: dio
[2026-05-23 15:17:55.918] W (194) spi_flash: Detected size(4096k) larger than the size in the binary image header(2048k). Using the size in the binary image header.
[2026-05-23 15:17:55.919] I (196) sleep_gpio: Configure to isolate all GPIO pins in sleep state
[2026-05-23 15:17:55.920] I (196) sleep_gpio: Enable automatic switching of GPIO sleep configuration
[2026-05-23 15:17:55.921] I (197) main_task: Started on CPU0
[2026-05-23 15:17:55.921] I (197) main_task: Calling app_main()
[2026-05-23 15:17:55.922] WCAN_CFG_WAIT v=1
# UART boot config sent: wcan v=1 role=sensor transport=BROADCAST test_duration_ms=30000 host_wait_time_ms=5000 base=0xe0 count=1 hz=750 linger=100
[2026-05-23 15:17:55.923] WCAN_CFG_WAIT v=1
[2026-05-23 15:17:58.362] WCAN_CFG_ACK
[2026-05-23 15:17:58.362] WCAN_CFG_ACK
[2026-05-23 15:17:58.367] I (2835) pp: pp rom version: 9387209
[2026-05-23 15:17:58.368] I (2836) net80211: net80211 rom version: 9387209
[2026-05-23 15:17:58.370] I (2837) wifi:wifi driver task: 3fca7720, prio:23, stack:6656, core=0
[2026-05-23 15:17:58.373] I (2841) wifi:wifi firmware version: 79fa3f41ba
[2026-05-23 15:17:58.374] I (2841) wifi:wifi certification version: v7.0
[2026-05-23 15:17:58.375] I (2841) wifi:config NVS flash: enabled
[2026-05-23 15:17:58.377] I (2841) wifi:config nano formatting: disabled
[2026-05-23 15:17:58.379] I (2842) wifi:Init data frame dynamic rx buffer num: 32
[2026-05-23 15:17:58.380] I (2842) wifi:Init static rx mgmt buffer num: 5
[2026-05-23 15:17:58.381] I (2843) wifi:Init management short buffer num: 32
[2026-05-23 15:17:58.382] I (2843) wifi:Init dynamic tx buffer num: 32
[2026-05-23 15:17:58.384] I (2844) wifi:Init static tx FG buffer num: 2
[2026-05-23 15:17:58.385] I (2844) wifi:Init static rx buffer size: 1600
[2026-05-23 15:17:58.386] I (2845) wifi:Init static rx buffer num: 10
[2026-05-23 15:17:58.387] I (2845) wifi:Init dynamic rx buffer num: 32
[2026-05-23 15:17:58.388] I (2846) wifi_init: rx ba win: 6
[2026-05-23 15:17:58.390] I (2847) wifi_init: accept mbox: 6
[2026-05-23 15:17:58.391] I (2847) wifi_init: tcpip mbox: 32
[2026-05-23 15:17:58.392] I (2847) wifi_init: udp mbox: 6
[2026-05-23 15:17:58.393] I (2847) wifi_init: tcp mbox: 6
[2026-05-23 15:17:58.394] I (2848) wifi_init: tcp tx win: 5760
[2026-05-23 15:17:58.395] I (2848) wifi_init: tcp rx win: 5760
[2026-05-23 15:17:58.396] I (2849) wifi_init: tcp mss: 1440
[2026-05-23 15:17:58.397] I (2849) wifi_init: WiFi IRAM OP enabled
[2026-05-23 15:17:58.399] I (2849) wifi_init: WiFi RX IRAM OP enabled
[2026-05-23 15:17:58.400] I (2850) phy_init: phy_version 1200,2b7123f9,Feb 18 2025,15:22:21
[2026-05-23 15:17:58.416] I (2884) wifi:mode : sta (74:4d:bd:e1:d5:b8)
[2026-05-23 15:17:58.417] I (2885) wifi:enable tsf
[2026-05-23 15:17:58.420] I (2888) ESPNOW: espnow [version: 2.0] init
[2026-05-23 15:17:58.421] WCAN_TEST_READY role=sensor
# Waiting for phased test start
# UART test start sent: WCAN_TEST_START at 2026-05-23T15:17:58.432639
[2026-05-23 15:17:59.242] P(FAIL):3514:e0:0:0:75:76
[2026-05-23 15:17:59.575] P(FAIL):3846:e0:2:152:227:76
[2026-05-23 15:18:00.027] P(FAIL):4299:e0:8:608:683:76
[2026-05-23 15:18:00.457] P(FAIL):4729:e0:12:912:987:76
[2026-05-23 15:18:00.938] P(FAIL):5210:e0:17:1292:1367:76
[2026-05-23 15:18:01.342] P(FAIL):5614:e0:21:1596:1671:76
[2026-05-23 15:18:01.677] P(FAIL):5949:e0:22:1672:1747:76
[2026-05-23 15:18:02.094] P(FAIL):6366:e0:23:1748:1823:76
[2026-05-23 15:18:04.200] P(FAIL):8472:e0:49:3731:3806:76
[2026-05-23 15:18:04.548] P(FAIL):8820:e0:52:3959:4034:76
[2026-05-23 15:18:15.672] P(FAIL):19943:e0:163:12395:12470:76
[2026-05-23 15:18:28.829] P(FAIL):33100:e0:292:22199:22274:76
[2026-05-23 15:18:29.628] P(FAIL):33900:e0:293:22275:22350:76
[2026-05-23 15:18:29.743] WCAN_BATCH id=0xe0 count=297 avg_hz=9.87 avg_points=75.75 min_points=2 max_points=76 avg_interval_ms=101.34 min_interval_ms=101.23 max_interval_ms=110.69 avg_dispatch_ms=3.71 max_dispatch_ms=8.57 dispatched_count=329 avg_queue_wait_ms=59.95 max_queue_wait_ms=851.37
[2026-05-23 15:18:29.744] WCAN_SENSOR_END generated=22504 avg_hz=750.19
[2026-05-23 15:18:29.744] S(FAIL):34015:e0:0:2508:2514:7
[2026-05-23 15:18:29.747] WCAN_MEASURES elapsed_ms=29999 heap_start_free=126780 heap_end_free=141568 heap_start_min_free=126456 heap_end_min_free=125892 heap_start_largest=98304 heap_end_largest=98304 airtime_us_total=1216077 packets_sent_total=329 sensor_send_failures_total=7
[2026-05-23 15:18:29.747] WCAN_TEST_END role=sensor

# Monitor stopped: 2026-05-23T15:18:29.747641
