# Monitor started: 2026-05-23T17:49:44.521404
# Port: /dev/ttyACM1, Baud: 921600, Timeout: 35.000s after WCAN_TEST_START

# UART boot config: wcan v=1 role=sensor transport=BROADCAST test_duration_ms=30000 host_wait_time_ms=5000 base=0xe0 count=1 hz=10 linger=100
[2026-05-23 17:49:44.522] ESP-ROM:esp32c3-api1-20210207
[2026-05-23 17:49:44.522] Build:Feb  7 2021
[2026-05-23 17:49:44.525] rst:0x15 (USB_UART_CHIP_RESET),boot:0xd (SPI_FAST_FLASH_BOOT)
[2026-05-23 17:49:44.527] Saved PC:0x40384eba
[2026-05-23 17:49:44.529] SPIWP:0xee
[2026-05-23 17:49:44.530] mode:DIO, clock div:1
[2026-05-23 17:49:44.532] load:0x3fcd5820,len:0x1574
[2026-05-23 17:49:44.535] load:0x403cc710,len:0xc30
[2026-05-23 17:49:44.537] load:0x403ce710,len:0x2fa0
[2026-05-23 17:49:44.538] entry 0x403cc71a
[2026-05-23 17:49:44.540] I (24) boot: ESP-IDF v5.4.1 2nd stage bootloader
[2026-05-23 17:49:44.544] I (24) boot: compile time May 20 2026 00:05:32
[2026-05-23 17:49:44.545] I (24) boot: chip revision: v0.4
[2026-05-23 17:49:44.549] I (25) boot: efuse block revision: v1.3
[2026-05-23 17:49:44.552] I (25) boot.esp32c3: SPI Speed      : 80MHz
[2026-05-23 17:49:44.554] I (25) boot.esp32c3: SPI Mode       : DIO
[2026-05-23 17:49:44.556] I (26) boot.esp32c3: SPI Flash Size : 2MB
[2026-05-23 17:49:44.558] I (26) boot: Enabling RNG early entropy source...
[2026-05-23 17:49:44.561] I (27) boot: Partition Table:
[2026-05-23 17:49:44.566] I (27) boot: ## Label            Usage          Type ST Offset   Length
[2026-05-23 17:49:44.573] I (28) boot:  0 nvs              WiFi data        01 02 00009000 00006000
[2026-05-23 17:49:44.577] I (29) boot:  1 phy_init         RF data          01 01 0000f000 00001000
[2026-05-23 17:49:44.583] I (29) boot:  2 factory          factory app      00 00 00010000 00100000
[2026-05-23 17:49:44.586] I (30) boot: End of partition table
[2026-05-23 17:49:44.594] I (31) esp_image: segment 0: paddr=00010020 vaddr=3c0a0020 size=1977ch (104316) map
[2026-05-23 17:49:44.605] I (48) esp_image: segment 1: paddr=000297a4 vaddr=3fc95200 size=02da0h ( 11680) load
[2026-05-23 17:49:44.611] I (51) esp_image: segment 2: paddr=0002c54c vaddr=40380000 size=03acch ( 15052) load
[2026-05-23 17:49:44.614] I (54) esp_image: segment 3: paddr=00030020 vaddr=42000020 size=9942ch (627756) map
[2026-05-23 17:49:44.618] I (154) esp_image: segment 4: paddr=000c9454 vaddr=40383acc size=11614h ( 71188) load
[2026-05-23 17:49:44.622] I (168) esp_image: segment 5: paddr=000daa70 vaddr=50000200 size=0001ch (    28) load
[2026-05-23 17:49:44.625] I (175) boot: Loaded app from partition at offset 0x10000
[2026-05-23 17:49:44.627] I (175) boot: Disabling RNG early entropy source...
[2026-05-23 17:49:44.630] I (176) cpu_start: Unicore app
[2026-05-23 17:49:44.632] I (185) cpu_start: Pro cpu start user code
[2026-05-23 17:49:44.634] I (185) cpu_start: cpu freq: 160000000 Hz
[2026-05-23 17:49:44.639] I (185) app_init: Application information:
[2026-05-23 17:49:44.642] I (185) app_init: Project name:     sensor_acquirer
[2026-05-23 17:49:44.646] I (185) app_init: App version:      v1.0-171-gbbe0783
[2026-05-23 17:49:44.652] I (186) app_init: Compile time:     May 23 2026 14:30:31
[2026-05-23 17:49:44.655] I (187) app_init: ELF file SHA256:  493679023...
[2026-05-23 17:49:44.658] I (187) app_init: ESP-IDF:          v5.4.1
[2026-05-23 17:49:44.663] I (188) efuse_init: Min chip rev:     v0.3
[2026-05-23 17:49:44.668] I (188) efuse_init: Max chip rev:     v1.99
[2026-05-23 17:49:44.673] I (189) efuse_init: Chip rev:         v0.4
[2026-05-23 17:49:44.676] I (189) heap_init: Initializing. RAM available for dynamic allocation:
[2026-05-23 17:49:44.678] I (190) heap_init: At 3FC9C340 len 00023CC0 (143 KiB): RAM
[2026-05-23 17:49:44.681] I (190) heap_init: At 3FCC0000 len 0001C710 (113 KiB): Retention RAM
[2026-05-23 17:49:44.682] I (191) heap_init: At 3FCDC710 len 00002950 (10 KiB): Retention RAM
[2026-05-23 17:49:44.684] I (192) heap_init: At 5000021C len 00001DCC (7 KiB): RTCRAM
[2026-05-23 17:49:44.684] I (194) spi_flash: detected chip: generic
[2026-05-23 17:49:44.685] I (194) spi_flash: flash io: dio
[2026-05-23 17:49:44.688] W (194) spi_flash: Detected size(4096k) larger than the size in the binary image header(2048k). Using the size in the binary image header.
[2026-05-23 17:49:44.689] I (196) sleep_gpio: Configure to isolate all GPIO pins in sleep state
[2026-05-23 17:49:44.691] I (196) sleep_gpio: Enable automatic switching of GPIO sleep configuration
[2026-05-23 17:49:44.692] I (197) main_task: Started on CPU0
[2026-05-23 17:49:44.692] I (197) main_task: Calling app_main()
[2026-05-23 17:49:44.693] WCAN_CFG_WAIT v=1
# UART boot config sent: wcan v=1 role=sensor transport=BROADCAST test_duration_ms=30000 host_wait_time_ms=5000 base=0xe0 count=1 hz=10 linger=100
[2026-05-23 17:49:44.694] WCAN_CFG_WAIT v=1
[2026-05-23 17:49:47.120] WCAN_CFG_ACK
[2026-05-23 17:49:47.120] WCAN_CFG_ACK
[2026-05-23 17:49:47.125] I (2802) pp: pp rom version: 9387209
[2026-05-23 17:49:47.126] I (2802) net80211: net80211 rom version: 9387209
[2026-05-23 17:49:47.127] I (2804) wifi:wifi driver task: 3fca7720, prio:23, stack:6656, core=0
[2026-05-23 17:49:47.131] I (2808) wifi:wifi firmware version: 79fa3f41ba
[2026-05-23 17:49:47.132] I (2808) wifi:wifi certification version: v7.0
[2026-05-23 17:49:47.133] I (2808) wifi:config NVS flash: enabled
[2026-05-23 17:49:47.134] I (2808) wifi:config nano formatting: disabled
[2026-05-23 17:49:47.135] I (2809) wifi:Init data frame dynamic rx buffer num: 32
[2026-05-23 17:49:47.137] I (2809) wifi:Init static rx mgmt buffer num: 5
[2026-05-23 17:49:47.138] I (2810) wifi:Init management short buffer num: 32
[2026-05-23 17:49:47.139] I (2810) wifi:Init dynamic tx buffer num: 32
[2026-05-23 17:49:47.140] I (2811) wifi:Init static tx FG buffer num: 2
[2026-05-23 17:49:47.141] I (2811) wifi:Init static rx buffer size: 1600
[2026-05-23 17:49:47.143] I (2812) wifi:Init static rx buffer num: 10
[2026-05-23 17:49:47.144] I (2812) wifi:Init dynamic rx buffer num: 32
[2026-05-23 17:49:47.145] I (2813) wifi_init: rx ba win: 6
[2026-05-23 17:49:47.146] I (2814) wifi_init: accept mbox: 6
[2026-05-23 17:49:47.147] I (2814) wifi_init: tcpip mbox: 32
[2026-05-23 17:49:47.148] I (2814) wifi_init: udp mbox: 6
[2026-05-23 17:49:47.149] I (2814) wifi_init: tcp mbox: 6
[2026-05-23 17:49:47.150] I (2815) wifi_init: tcp tx win: 5760
[2026-05-23 17:49:47.151] I (2815) wifi_init: tcp rx win: 5760
[2026-05-23 17:49:47.152] I (2816) wifi_init: tcp mss: 1440
[2026-05-23 17:49:47.153] I (2816) wifi_init: WiFi IRAM OP enabled
[2026-05-23 17:49:47.154] I (2816) wifi_init: WiFi RX IRAM OP enabled
[2026-05-23 17:49:47.155] I (2817) phy_init: phy_version 1200,2b7123f9,Feb 18 2025,15:22:21
[2026-05-23 17:49:47.175] I (2852) wifi:mode : sta (74:4d:bd:e1:d5:b8)
[2026-05-23 17:49:47.176] I (2853) wifi:enable tsf
[2026-05-23 17:49:47.179] I (2856) ESPNOW: espnow [version: 2.0] init
[2026-05-23 17:49:47.179] WCAN_TEST_READY role=sensor
# Waiting for phased test start
# UART test start sent: WCAN_TEST_START at 2026-05-23T17:49:47.191634
[2026-05-23 17:50:17.779] P(FAIL):33260:e0:148:296:297:2
[2026-05-23 17:50:18.504] WCAN_BATCH id=0xe0 count=150 avg_hz=5.00 avg_points=1.99 min_points=1 max_points=2 avg_interval_ms=200.00 min_interval_ms=199.97 max_interval_ms=200.03 avg_dispatch_ms=1.61 max_dispatch_ms=5.06 dispatched_count=151 avg_queue_wait_ms=1.94 max_queue_wait_ms=169.72
[2026-05-23 17:50:18.505] WCAN_SENSOR_END generated=298 avg_hz=9.97
[2026-05-23 17:50:18.509] WCAN_MEASURES elapsed_ms=29999 heap_start_free=126780 heap_end_free=141568 heap_start_min_free=126756 heap_end_min_free=126488 heap_start_largest=98304 heap_end_largest=98304 airtime_us_total=240922 packets_sent_total=151 sensor_send_failures_total=0
[2026-05-23 17:50:18.509] WCAN_TEST_END role=sensor

# Monitor stopped: 2026-05-23T17:50:18.509974
