# Monitor started: 2026-05-23T17:49:44.521307
# Port: /dev/ttyACM0, Baud: 921600, Timeout: 35.000s after WCAN_TEST_START

# UART boot config: wcan v=1 role=sensor transport=BROADCAST test_duration_ms=30000 host_wait_time_ms=5000 base=0xd0 count=1 hz=10 linger=100
[2026-05-23 17:49:44.522] ESP-ROM:esp32c3-api1-20210207
[2026-05-23 17:49:44.523] Build:Feb  7 2021
[2026-05-23 17:49:44.528] rst:0x15 (USB_UART_CHIP_RESET),boot:0xd (SPI_FAST_FLASH_BOOT)
[2026-05-23 17:49:44.529] Saved PC:0x40384eba
[2026-05-23 17:49:44.530] SPIWP:0xee
[2026-05-23 17:49:44.532] mode:DIO, clock div:1
[2026-05-23 17:49:44.534] load:0x3fcd5820,len:0x1574
[2026-05-23 17:49:44.538] load:0x403cc710,len:0xc30
[2026-05-23 17:49:44.543] load:0x403ce710,len:0x2fa0
[2026-05-23 17:49:44.544] entry 0x403cc71a
[2026-05-23 17:49:44.550] I (24) boot: ESP-IDF v5.4.1 2nd stage bootloader
[2026-05-23 17:49:44.554] I (24) boot: compile time May 20 2026 00:05:32
[2026-05-23 17:49:44.557] I (25) boot: chip revision: v0.4
[2026-05-23 17:49:44.560] I (25) boot: efuse block revision: v1.3
[2026-05-23 17:49:44.564] I (25) boot.esp32c3: SPI Speed      : 80MHz
[2026-05-23 17:49:44.567] I (25) boot.esp32c3: SPI Mode       : DIO
[2026-05-23 17:49:44.569] I (26) boot.esp32c3: SPI Flash Size : 2MB
[2026-05-23 17:49:44.572] I (26) boot: Enabling RNG early entropy source...
[2026-05-23 17:49:44.573] I (27) boot: Partition Table:
[2026-05-23 17:49:44.579] I (27) boot: ## Label            Usage          Type ST Offset   Length
[2026-05-23 17:49:44.590] I (28) boot:  0 nvs              WiFi data        01 02 00009000 00006000
[2026-05-23 17:49:44.596] I (29) boot:  1 phy_init         RF data          01 01 0000f000 00001000
[2026-05-23 17:49:44.601] I (29) boot:  2 factory          factory app      00 00 00010000 00100000
[2026-05-23 17:49:44.603] I (30) boot: End of partition table
[2026-05-23 17:49:44.604] I (31) esp_image: segment 0: paddr=00010020 vaddr=3c0a0020 size=1977ch (104316) map
[2026-05-23 17:49:44.608] I (48) esp_image: segment 1: paddr=000297a4 vaddr=3fc95200 size=02da0h ( 11680) load
[2026-05-23 17:49:44.615] I (51) esp_image: segment 2: paddr=0002c54c vaddr=40380000 size=03acch ( 15052) load
[2026-05-23 17:49:44.626] I (54) esp_image: segment 3: paddr=00030020 vaddr=42000020 size=9942ch (627756) map
[2026-05-23 17:49:44.631] I (154) esp_image: segment 4: paddr=000c9454 vaddr=40383acc size=11614h ( 71188) load
[2026-05-23 17:49:44.638] I (168) esp_image: segment 5: paddr=000daa70 vaddr=50000200 size=0001ch (    28) load
[2026-05-23 17:49:44.641] I (175) boot: Loaded app from partition at offset 0x10000
[2026-05-23 17:49:44.645] I (175) boot: Disabling RNG early entropy source...
[2026-05-23 17:49:44.649] I (176) cpu_start: Unicore app
[2026-05-23 17:49:44.652] I (185) cpu_start: Pro cpu start user code
[2026-05-23 17:49:44.656] I (185) cpu_start: cpu freq: 160000000 Hz
[2026-05-23 17:49:44.659] I (185) app_init: Application information:
[2026-05-23 17:49:44.662] I (185) app_init: Project name:     sensor_acquirer
[2026-05-23 17:49:44.665] I (185) app_init: App version:      v1.0-171-gbbe0783
[2026-05-23 17:49:44.670] I (186) app_init: Compile time:     May 23 2026 14:30:31
[2026-05-23 17:49:44.672] I (186) app_init: ELF file SHA256:  493679023...
[2026-05-23 17:49:44.674] I (187) app_init: ESP-IDF:          v5.4.1
[2026-05-23 17:49:44.675] I (187) efuse_init: Min chip rev:     v0.3
[2026-05-23 17:49:44.677] I (188) efuse_init: Max chip rev:     v1.99
[2026-05-23 17:49:44.679] I (188) efuse_init: Chip rev:         v0.4
[2026-05-23 17:49:44.682] I (189) heap_init: Initializing. RAM available for dynamic allocation:
[2026-05-23 17:49:44.683] I (190) heap_init: At 3FC9C340 len 00023CC0 (143 KiB): RAM
[2026-05-23 17:49:44.684] I (190) heap_init: At 3FCC0000 len 0001C710 (113 KiB): Retention RAM
[2026-05-23 17:49:44.685] I (191) heap_init: At 3FCDC710 len 00002950 (10 KiB): Retention RAM
[2026-05-23 17:49:44.686] I (192) heap_init: At 5000021C len 00001DCC (7 KiB): RTCRAM
[2026-05-23 17:49:44.687] I (193) spi_flash: detected chip: generic
[2026-05-23 17:49:44.687] I (194) spi_flash: flash io: dio
[2026-05-23 17:49:44.689] W (194) spi_flash: Detected size(4096k) larger than the size in the binary image header(2048k). Using the size in the binary image header.
[2026-05-23 17:49:44.690] I (195) sleep_gpio: Configure to isolate all GPIO pins in sleep state
[2026-05-23 17:49:44.691] I (196) sleep_gpio: Enable automatic switching of GPIO sleep configuration
[2026-05-23 17:49:44.692] I (197) main_task: Started on CPU0
[2026-05-23 17:49:44.693] I (197) main_task: Calling app_main()
[2026-05-23 17:49:44.693] WCAN_CFG_WAIT v=1
# UART boot config sent: wcan v=1 role=sensor transport=BROADCAST test_duration_ms=30000 host_wait_time_ms=5000 base=0xd0 count=1 hz=10 linger=100
[2026-05-23 17:49:44.694] WCAN_CFG_WAIT v=1
[2026-05-23 17:49:47.119] WCAN_CFG_ACK
[2026-05-23 17:49:47.120] WCAN_CFG_ACK
[2026-05-23 17:49:47.124] I (2802) pp: pp rom version: 9387209
[2026-05-23 17:49:47.125] I (2803) net80211: net80211 rom version: 9387209
[2026-05-23 17:49:47.127] I (2804) wifi:wifi driver task: 3fca77a4, prio:23, stack:6656, core=0
[2026-05-23 17:49:47.131] I (2808) wifi:wifi firmware version: 79fa3f41ba
[2026-05-23 17:49:47.132] I (2808) wifi:wifi certification version: v7.0
[2026-05-23 17:49:47.133] I (2808) wifi:config NVS flash: enabled
[2026-05-23 17:49:47.134] I (2808) wifi:config nano formatting: disabled
[2026-05-23 17:49:47.135] I (2809) wifi:Init data frame dynamic rx buffer num: 32
[2026-05-23 17:49:47.136] I (2809) wifi:Init static rx mgmt buffer num: 5
[2026-05-23 17:49:47.138] I (2810) wifi:Init management short buffer num: 32
[2026-05-23 17:49:47.139] I (2810) wifi:Init dynamic tx buffer num: 32
[2026-05-23 17:49:47.140] I (2811) wifi:Init static tx FG buffer num: 2
[2026-05-23 17:49:47.141] I (2811) wifi:Init static rx buffer size: 1600
[2026-05-23 17:49:47.142] I (2812) wifi:Init static rx buffer num: 10
[2026-05-23 17:49:47.143] I (2812) wifi:Init dynamic rx buffer num: 32
[2026-05-23 17:49:47.143] I (2813) wifi_init: rx ba win: 6
[2026-05-23 17:49:47.144] I (2814) wifi_init: accept mbox: 6
[2026-05-23 17:49:47.145] I (2814) wifi_init: tcpip mbox: 32
[2026-05-23 17:49:47.146] I (2814) wifi_init: udp mbox: 6
[2026-05-23 17:49:47.147] I (2814) wifi_init: tcp mbox: 6
[2026-05-23 17:49:47.148] I (2815) wifi_init: tcp tx win: 5760
[2026-05-23 17:49:47.150] I (2815) wifi_init: tcp rx win: 5760
[2026-05-23 17:49:47.151] I (2816) wifi_init: tcp mss: 1440
[2026-05-23 17:49:47.152] I (2816) wifi_init: WiFi IRAM OP enabled
[2026-05-23 17:49:47.153] I (2816) wifi_init: WiFi RX IRAM OP enabled
[2026-05-23 17:49:47.155] I (2817) phy_init: phy_version 1200,2b7123f9,Feb 18 2025,15:22:21
[2026-05-23 17:49:47.175] I (2852) wifi:mode : sta (54:32:04:8c:0b:8c)
[2026-05-23 17:49:47.176] I (2853) wifi:enable tsf
[2026-05-23 17:49:47.178] I (2856) ESPNOW: espnow [version: 2.0] init
[2026-05-23 17:49:47.179] WCAN_TEST_READY role=sensor
# Waiting for phased test start
# UART test start sent: WCAN_TEST_START at 2026-05-23T17:49:47.190398
[2026-05-23 17:49:48.672] P(FAIL):4153:d0:3:6:7:2
[2026-05-23 17:49:49.252] P(FAIL):4733:d0:6:12:13:2
[2026-05-23 17:49:57.096] P(FAIL):12577:d0:45:90:91:2
[2026-05-23 17:49:59.263] P(FAIL):14744:d0:56:112:113:2
[2026-05-23 17:50:01.111] P(FAIL):16592:d0:65:130:131:2
[2026-05-23 17:50:02.058] P(FAIL):17539:d0:70:140:141:2
[2026-05-23 17:50:04.047] P(FAIL):19528:d0:80:160:161:2
[2026-05-23 17:50:12.029] P(FAIL):27510:d0:120:240:241:2
[2026-05-23 17:50:14.208] P(FAIL):29689:d0:131:262:263:2
[2026-05-23 17:50:14.909] P(FAIL):30390:d0:134:268:269:2
[2026-05-23 17:50:17.906] P(FAIL):33387:d0:148:296:297:2
[2026-05-23 17:50:18.505] WCAN_BATCH id=0xd0 count=150 avg_hz=5.00 avg_points=1.99 min_points=1 max_points=2 avg_interval_ms=200.00 min_interval_ms=199.97 max_interval_ms=200.03 avg_dispatch_ms=1.32 max_dispatch_ms=7.18 dispatched_count=181 avg_queue_wait_ms=41.36 max_queue_wait_ms=338.75
[2026-05-23 17:50:18.506] WCAN_SENSOR_END generated=298 avg_hz=9.97
[2026-05-23 17:50:18.510] WCAN_MEASURES elapsed_ms=29999 heap_start_free=126648 heap_end_free=141280 heap_start_min_free=126624 heap_end_min_free=126356 heap_start_largest=98304 heap_end_largest=98304 airtime_us_total=237316 packets_sent_total=181 sensor_send_failures_total=0
[2026-05-23 17:50:18.510] WCAN_TEST_END role=sensor

# Monitor stopped: 2026-05-23T17:50:18.510638
