# Monitor started: 2026-05-23T20:22:13.123930
# Port: /dev/ttyACM0, Baud: 921600, Timeout: 35.000s after WCAN_TEST_START

# UART boot config: wcan v=1 role=sensor transport=MULTICAST test_duration_ms=30000 host_wait_time_ms=5000 base=0xd0 count=3 hz=750 linger=100
[2026-05-23 20:22:13.126] ESP-ROM:esp32c3-api1-20210207
[2026-05-23 20:22:13.128] Build:Feb  7 2021
[2026-05-23 20:22:13.146] rst:0x15 (USB_UART_CHIP_RESET),boot:0xd (SPI_FAST_FLASH_BOOT)
[2026-05-23 20:22:13.156] Saved PC:0x40384eba
[2026-05-23 20:22:13.160] SPIWP:0xee
[2026-05-23 20:22:13.164] mode:DIO, clock div:1
[2026-05-23 20:22:13.175] load:0x3fcd5820,len:0x1574
[2026-05-23 20:22:13.181] load:0x403cc710,len:0xc30
[2026-05-23 20:22:13.183] load:0x403ce710,len:0x2fa0
[2026-05-23 20:22:13.186] entry 0x403cc71a
[2026-05-23 20:22:13.190] I (24) boot: ESP-IDF v5.4.1 2nd stage bootloader
[2026-05-23 20:22:13.196] I (24) boot: compile time May 19 2026 23:41:33
[2026-05-23 20:22:13.197] I (25) boot: chip revision: v0.4
[2026-05-23 20:22:13.198] I (25) boot: efuse block revision: v1.3
[2026-05-23 20:22:13.199] I (25) boot.esp32c3: SPI Speed      : 80MHz
[2026-05-23 20:22:13.201] I (25) boot.esp32c3: SPI Mode       : DIO
[2026-05-23 20:22:13.202] I (26) boot.esp32c3: SPI Flash Size : 2MB
[2026-05-23 20:22:13.206] I (26) boot: Enabling RNG early entropy source...
[2026-05-23 20:22:13.207] I (27) boot: Partition Table:
[2026-05-23 20:22:13.215] I (27) boot: ## Label            Usage          Type ST Offset   Length
[2026-05-23 20:22:13.218] I (28) boot:  0 nvs              WiFi data        01 02 00009000 00006000
[2026-05-23 20:22:13.220] I (29) boot:  1 phy_init         RF data          01 01 0000f000 00001000
[2026-05-23 20:22:13.224] I (29) boot:  2 factory          factory app      00 00 00010000 00100000
[2026-05-23 20:22:13.226] I (30) boot: End of partition table
[2026-05-23 20:22:13.232] I (31) esp_image: segment 0: paddr=00010020 vaddr=3c0a0020 size=19850h (104528) map
[2026-05-23 20:22:13.234] I (48) esp_image: segment 1: paddr=00029878 vaddr=3fc95000 size=02da0h ( 11680) load
[2026-05-23 20:22:13.237] I (51) esp_image: segment 2: paddr=0002c620 vaddr=40380000 size=039f8h ( 14840) load
[2026-05-23 20:22:13.241] I (54) esp_image: segment 3: paddr=00030020 vaddr=42000020 size=990b4h (626868) map
[2026-05-23 20:22:13.244] I (154) esp_image: segment 4: paddr=000c90dc vaddr=403839f8 size=114f8h ( 70904) load
[2026-05-23 20:22:13.245] I (168) esp_image: segment 5: paddr=000da5dc vaddr=50000200 size=0001ch (    28) load
[2026-05-23 20:22:13.247] I (174) boot: Loaded app from partition at offset 0x10000
[2026-05-23 20:22:13.248] I (175) boot: Disabling RNG early entropy source...
[2026-05-23 20:22:13.250] I (176) cpu_start: Unicore app
[2026-05-23 20:22:13.255] I (185) cpu_start: Pro cpu start user code
[2026-05-23 20:22:13.257] I (185) cpu_start: cpu freq: 160000000 Hz
[2026-05-23 20:22:13.258] I (185) app_init: Application information:
[2026-05-23 20:22:13.260] I (185) app_init: Project name:     sensor_acquirer
[2026-05-23 20:22:13.262] I (185) app_init: App version:      v1.0-171-gbbe0783
[2026-05-23 20:22:13.264] I (186) app_init: Compile time:     May 23 2026 14:30:40
[2026-05-23 20:22:13.265] I (186) app_init: ELF file SHA256:  0e7d705e7...
[2026-05-23 20:22:13.266] I (187) app_init: ESP-IDF:          v5.4.1
[2026-05-23 20:22:13.270] I (187) efuse_init: Min chip rev:     v0.3
[2026-05-23 20:22:13.279] I (188) efuse_init: Max chip rev:     v1.99
[2026-05-23 20:22:13.282] I (188) efuse_init: Chip rev:         v0.4
[2026-05-23 20:22:13.286] I (189) heap_init: Initializing. RAM available for dynamic allocation:
[2026-05-23 20:22:13.291] I (190) heap_init: At 3FC9C130 len 00023ED0 (143 KiB): RAM
[2026-05-23 20:22:13.295] I (190) heap_init: At 3FCC0000 len 0001C710 (113 KiB): Retention RAM
[2026-05-23 20:22:13.296] I (191) heap_init: At 3FCDC710 len 00002950 (10 KiB): Retention RAM
[2026-05-23 20:22:13.297] I (192) heap_init: At 5000021C len 00001DCC (7 KiB): RTCRAM
[2026-05-23 20:22:13.298] I (193) spi_flash: detected chip: generic
[2026-05-23 20:22:13.299] I (193) spi_flash: flash io: dio
[2026-05-23 20:22:13.307] W (194) spi_flash: Detected size(4096k) larger than the size in the binary image header(2048k). Using the size in the binary image header.
[2026-05-23 20:22:13.309] I (195) sleep_gpio: Configure to isolate all GPIO pins in sleep state
[2026-05-23 20:22:13.324] I (196) sleep_gpio: Enable automatic switching of GPIO sleep configuration
[2026-05-23 20:22:13.326] I (197) main_task: Started on CPU0
[2026-05-23 20:22:13.329] I (197) main_task: Calling app_main()
[2026-05-23 20:22:13.330] WCAN_CFG_WAIT v=1
# UART boot config sent: wcan v=1 role=sensor transport=MULTICAST test_duration_ms=30000 host_wait_time_ms=5000 base=0xd0 count=3 hz=750 linger=100
[2026-05-23 20:22:13.331] WCAN_CFG_WAIT v=1
[2026-05-23 20:22:15.783] WCAN_CFG_ACK
[2026-05-23 20:22:15.783] WCAN_CFG_ACK
[2026-05-23 20:22:15.789] I (2862) pp: pp rom version: 9387209
[2026-05-23 20:22:15.794] I (2863) net80211: net80211 rom version: 9387209
[2026-05-23 20:22:15.801] I (2864) wifi:wifi driver task: 3fca7594, prio:23, stack:6656, core=0
[2026-05-23 20:22:15.805] I (2868) wifi:wifi firmware version: 79fa3f41ba
[2026-05-23 20:22:15.810] I (2868) wifi:wifi certification version: v7.0
[2026-05-23 20:22:15.813] I (2868) wifi:config NVS flash: enabled
[2026-05-23 20:22:15.817] I (2868) wifi:config nano formatting: disabled
[2026-05-23 20:22:15.821] I (2869) wifi:Init data frame dynamic rx buffer num: 32
[2026-05-23 20:22:15.823] I (2869) wifi:Init static rx mgmt buffer num: 5
[2026-05-23 20:22:15.825] I (2870) wifi:Init management short buffer num: 32
[2026-05-23 20:22:15.827] I (2870) wifi:Init dynamic tx buffer num: 32
[2026-05-23 20:22:15.830] I (2871) wifi:Init static tx FG buffer num: 2
[2026-05-23 20:22:15.831] I (2871) wifi:Init static rx buffer size: 1600
[2026-05-23 20:22:15.833] I (2872) wifi:Init static rx buffer num: 10
[2026-05-23 20:22:15.835] I (2872) wifi:Init dynamic rx buffer num: 32
[2026-05-23 20:22:15.835] I (2874) wifi_init: rx ba win: 6
[2026-05-23 20:22:15.836] I (2874) wifi_init: accept mbox: 6
[2026-05-23 20:22:15.837] I (2874) wifi_init: tcpip mbox: 32
[2026-05-23 20:22:15.838] I (2874) wifi_init: udp mbox: 6
[2026-05-23 20:22:15.839] I (2874) wifi_init: tcp mbox: 6
[2026-05-23 20:22:15.840] I (2875) wifi_init: tcp tx win: 5760
[2026-05-23 20:22:15.841] I (2875) wifi_init: tcp rx win: 5760
[2026-05-23 20:22:15.841] I (2876) wifi_init: tcp mss: 1440
[2026-05-23 20:22:15.842] I (2876) wifi_init: WiFi IRAM OP enabled
[2026-05-23 20:22:15.843] I (2876) wifi_init: WiFi RX IRAM OP enabled
[2026-05-23 20:22:15.845] I (2877) phy_init: phy_version 1200,2b7123f9,Feb 18 2025,15:22:21
[2026-05-23 20:22:15.846] I (2912) wifi:mode : sta (54:32:04:8c:0b:8c)
[2026-05-23 20:22:15.846] I (2913) wifi:enable tsf
[2026-05-23 20:22:15.846] I (2916) ESPNOW: espnow [version: 2.0] init
[2026-05-23 20:22:15.847] WCAN_TEST_READY role=sensor
# Waiting for phased test start
# UART test start sent: WCAN_TEST_START at 2026-05-23T20:22:15.858161
[2026-05-23 20:22:46.198] WCAN_BATCH id=0xd0 count=296 avg_hz=9.87 avg_points=76.00 min_points=76 max_points=76 avg_interval_ms=101.31 min_interval_ms=101.28 max_interval_ms=101.33 avg_dispatch_ms=6.27 max_dispatch_ms=20.66 dispatched_count=296 avg_queue_wait_ms=0.17 max_queue_wait_ms=0.30
[2026-05-23 20:22:46.212] WCAN_BATCH id=0xd1 count=296 avg_hz=9.87 avg_points=76.00 min_points=76 max_points=76 avg_interval_ms=101.31 min_interval_ms=101.26 max_interval_ms=101.35 avg_dispatch_ms=8.12 max_dispatch_ms=35.66 dispatched_count=296 avg_queue_wait_ms=6.51 max_queue_wait_ms=20.93
[2026-05-23 20:22:46.220] WCAN_BATCH id=0xd2 count=296 avg_hz=9.87 avg_points=76.00 min_points=76 max_points=76 avg_interval_ms=101.31 min_interval_ms=101.26 max_interval_ms=101.35 avg_dispatch_ms=7.98 max_dispatch_ms=28.23 dispatched_count=296 avg_queue_wait_ms=14.71 max_queue_wait_ms=42.27
[2026-05-23 20:22:46.221] WCAN_SENSOR_END generated=22504 avg_hz=750.19
[2026-05-23 20:22:46.226] WCAN_MEASURES elapsed_ms=29999 heap_start_free=66296 heap_end_free=75856 heap_start_min_free=66296 heap_end_min_free=62512 heap_start_largest=47104 heap_end_largest=43008 airtime_us_total=6612544 packets_sent_total=888 sensor_send_failures_total=0
[2026-05-23 20:22:46.227] WCAN_TEST_END role=sensor

# Monitor stopped: 2026-05-23T20:22:46.227193
