# Monitor started: 2026-05-23T14:38:09.064614
# Port: /dev/ttyACM0, Baud: 921600, Timeout: 35.000s after WCAN_TEST_START

# UART boot config: wcan v=1 role=sensor transport=BROADCAST test_duration_ms=30000 host_wait_time_ms=5000 base=0xd0 count=1 hz=10 linger=100
[2026-05-23 14:38:09.072] ESP-ROM:esp32c3-api1-20210207
[2026-05-23 14:38:09.077] Build:Feb  7 2021
[2026-05-23 14:38:09.092] rst:0x15 (USB_UART_CHIP_RESET),boot:0xd (SPI_FAST_FLASH_BOOT)
[2026-05-23 14:38:09.105] Saved PC:0x40384eba
[2026-05-23 14:38:09.108] SPIWP:0xee
[2026-05-23 14:38:09.116] mode:DIO, clock div:1
[2026-05-23 14:38:09.120] load:0x3fcd5820,len:0x1574
[2026-05-23 14:38:09.125] load:0x403cc710,len:0xc30
[2026-05-23 14:38:09.133] load:0x403ce710,len:0x2fa0
[2026-05-23 14:38:09.141] entry 0x403cc71a
[2026-05-23 14:38:09.144] I (24) boot: ESP-IDF v5.4.1 2nd stage bootloader
[2026-05-23 14:38:09.151] I (24) boot: compile time May 20 2026 00:05:32
[2026-05-23 14:38:09.159] I (25) boot: chip revision: v0.4
[2026-05-23 14:38:09.164] I (25) boot: efuse block revision: v1.3
[2026-05-23 14:38:09.169] I (25) boot.esp32c3: SPI Speed      : 80MHz
[2026-05-23 14:38:09.173] I (25) boot.esp32c3: SPI Mode       : DIO
[2026-05-23 14:38:09.175] I (26) boot.esp32c3: SPI Flash Size : 2MB
[2026-05-23 14:38:09.176] I (26) boot: Enabling RNG early entropy source...
[2026-05-23 14:38:09.177] I (27) boot: Partition Table:
[2026-05-23 14:38:09.181] I (27) boot: ## Label            Usage          Type ST Offset   Length
[2026-05-23 14:38:09.187] I (28) boot:  0 nvs              WiFi data        01 02 00009000 00006000
[2026-05-23 14:38:09.189] I (29) boot:  1 phy_init         RF data          01 01 0000f000 00001000
[2026-05-23 14:38:09.192] I (29) boot:  2 factory          factory app      00 00 00010000 00100000
[2026-05-23 14:38:09.194] I (30) boot: End of partition table
[2026-05-23 14:38:09.197] I (31) esp_image: segment 0: paddr=00010020 vaddr=3c0a0020 size=1977ch (104316) map
[2026-05-23 14:38:09.199] I (48) esp_image: segment 1: paddr=000297a4 vaddr=3fc95200 size=02da0h ( 11680) load
[2026-05-23 14:38:09.202] I (51) esp_image: segment 2: paddr=0002c54c vaddr=40380000 size=03acch ( 15052) load
[2026-05-23 14:38:09.204] I (54) esp_image: segment 3: paddr=00030020 vaddr=42000020 size=9942ch (627756) map
[2026-05-23 14:38:09.206] I (154) esp_image: segment 4: paddr=000c9454 vaddr=40383acc size=11614h ( 71188) load
[2026-05-23 14:38:09.209] I (168) esp_image: segment 5: paddr=000daa70 vaddr=50000200 size=0001ch (    28) load
[2026-05-23 14:38:09.210] I (175) boot: Loaded app from partition at offset 0x10000
[2026-05-23 14:38:09.211] I (175) boot: Disabling RNG early entropy source...
[2026-05-23 14:38:09.213] I (176) cpu_start: Unicore app
[2026-05-23 14:38:09.215] I (185) cpu_start: Pro cpu start user code
[2026-05-23 14:38:09.218] I (185) cpu_start: cpu freq: 160000000 Hz
[2026-05-23 14:38:09.222] I (185) app_init: Application information:
[2026-05-23 14:38:09.225] I (185) app_init: Project name:     sensor_acquirer
[2026-05-23 14:38:09.227] I (185) app_init: App version:      v1.0-171-gbbe0783
[2026-05-23 14:38:09.230] I (186) app_init: Compile time:     May 23 2026 14:30:31
[2026-05-23 14:38:09.233] I (187) app_init: ELF file SHA256:  493679023...
[2026-05-23 14:38:09.234] I (187) app_init: ESP-IDF:          v5.4.1
[2026-05-23 14:38:09.235] I (188) efuse_init: Min chip rev:     v0.3
[2026-05-23 14:38:09.236] I (188) efuse_init: Max chip rev:     v1.99
[2026-05-23 14:38:09.238] I (189) efuse_init: Chip rev:         v0.4
[2026-05-23 14:38:09.241] I (189) heap_init: Initializing. RAM available for dynamic allocation:
[2026-05-23 14:38:09.242] I (190) heap_init: At 3FC9C340 len 00023CC0 (143 KiB): RAM
[2026-05-23 14:38:09.244] I (190) heap_init: At 3FCC0000 len 0001C710 (113 KiB): Retention RAM
[2026-05-23 14:38:09.246] I (191) heap_init: At 3FCDC710 len 00002950 (10 KiB): Retention RAM
[2026-05-23 14:38:09.248] I (192) heap_init: At 5000021C len 00001DCC (7 KiB): RTCRAM
[2026-05-23 14:38:09.249] I (194) spi_flash: detected chip: generic
[2026-05-23 14:38:09.250] I (194) spi_flash: flash io: dio
[2026-05-23 14:38:09.255] W (194) spi_flash: Detected size(4096k) larger than the size in the binary image header(2048k). Using the size in the binary image header.
[2026-05-23 14:38:09.257] I (196) sleep_gpio: Configure to isolate all GPIO pins in sleep state
[2026-05-23 14:38:09.260] I (196) sleep_gpio: Enable automatic switching of GPIO sleep configuration
[2026-05-23 14:38:09.261] I (197) main_task: Started on CPU0
[2026-05-23 14:38:09.262] I (197) main_task: Calling app_main()
[2026-05-23 14:38:09.262] WCAN_CFG_WAIT v=1
# UART boot config sent: wcan v=1 role=sensor transport=BROADCAST test_duration_ms=30000 host_wait_time_ms=5000 base=0xd0 count=1 hz=10 linger=100
[2026-05-23 14:38:09.264] WCAN_CFG_WAIT v=1
[2026-05-23 14:38:11.703] WCAN_CFG_ACK
[2026-05-23 14:38:11.703] WCAN_CFG_ACK
[2026-05-23 14:38:11.709] I (2842) pp: pp rom version: 9387209
[2026-05-23 14:38:11.715] I (2843) net80211: net80211 rom version: 9387209
[2026-05-23 14:38:11.720] I (2844) wifi:wifi driver task: 3fca77a4, prio:23, stack:6656, core=0
[2026-05-23 14:38:11.724] I (2848) wifi:wifi firmware version: 79fa3f41ba
[2026-05-23 14:38:11.728] I (2848) wifi:wifi certification version: v7.0
[2026-05-23 14:38:11.732] I (2848) wifi:config NVS flash: enabled
[2026-05-23 14:38:11.735] I (2848) wifi:config nano formatting: disabled
[2026-05-23 14:38:11.739] I (2849) wifi:Init data frame dynamic rx buffer num: 32
[2026-05-23 14:38:11.741] I (2849) wifi:Init static rx mgmt buffer num: 5
[2026-05-23 14:38:11.744] I (2850) wifi:Init management short buffer num: 32
[2026-05-23 14:38:11.746] I (2850) wifi:Init dynamic tx buffer num: 32
[2026-05-23 14:38:11.748] I (2851) wifi:Init static tx FG buffer num: 2
[2026-05-23 14:38:11.749] I (2851) wifi:Init static rx buffer size: 1600
[2026-05-23 14:38:11.751] I (2852) wifi:Init static rx buffer num: 10
[2026-05-23 14:38:11.753] I (2852) wifi:Init dynamic rx buffer num: 32
[2026-05-23 14:38:11.754] I (2854) wifi_init: rx ba win: 6
[2026-05-23 14:38:11.755] I (2854) wifi_init: accept mbox: 6
[2026-05-23 14:38:11.756] I (2854) wifi_init: tcpip mbox: 32
[2026-05-23 14:38:11.756] I (2854) wifi_init: udp mbox: 6
[2026-05-23 14:38:11.757] I (2854) wifi_init: tcp mbox: 6
[2026-05-23 14:38:11.758] I (2855) wifi_init: tcp tx win: 5760
[2026-05-23 14:38:11.759] I (2855) wifi_init: tcp rx win: 5760
[2026-05-23 14:38:11.760] I (2856) wifi_init: tcp mss: 1440
[2026-05-23 14:38:11.761] I (2856) wifi_init: WiFi IRAM OP enabled
[2026-05-23 14:38:11.761] I (2856) wifi_init: WiFi RX IRAM OP enabled
[2026-05-23 14:38:11.763] I (2857) phy_init: phy_version 1200,2b7123f9,Feb 18 2025,15:22:21
[2026-05-23 14:38:11.764] I (2891) wifi:mode : sta (54:32:04:8c:0b:8c)
[2026-05-23 14:38:11.764] I (2891) wifi:enable tsf
[2026-05-23 14:38:11.765] I (2894) ESPNOW: espnow [version: 2.0] init
[2026-05-23 14:38:11.765] WCAN_TEST_READY role=sensor
# Waiting for phased test start
# UART test start sent: WCAN_TEST_START at 2026-05-23T14:38:11.776204
[2026-05-23 14:38:12.674] P(FAIL):3612:d0:0:0:1:2
[2026-05-23 14:38:12.997] P(FAIL):3935:d0:2:4:5:2
[2026-05-23 14:38:13.446] P(FAIL):4384:d0:4:8:9:2
[2026-05-23 14:38:13.827] P(FAIL):4765:d0:6:12:13:2
[2026-05-23 14:38:14.446] P(FAIL):5384:d0:9:18:19:2
[2026-05-23 14:38:14.901] P(FAIL):5839:d0:11:22:23:2
[2026-05-23 14:38:15.850] P(FAIL):6788:d0:16:32:33:2
[2026-05-23 14:38:16.449] P(FAIL):7387:d0:19:38:39:2
[2026-05-23 14:38:16.887] P(FAIL):7825:d0:21:42:43:2
[2026-05-23 14:38:17.474] P(FAIL):8412:d0:24:48:49:2
[2026-05-23 14:38:17.818] P(FAIL):8756:d0:26:52:53:2
[2026-05-23 14:38:18.455] P(FAIL):9393:d0:29:58:59:2
[2026-05-23 14:38:18.818] P(FAIL):9756:d0:31:62:63:2
[2026-05-23 14:38:19.257] P(FAIL):10195:d0:33:66:67:2
[2026-05-23 14:38:19.670] P(FAIL):10608:d0:35:70:71:2
[2026-05-23 14:38:20.042] P(FAIL):10980:d0:37:74:75:2
[2026-05-23 14:38:20.393] P(FAIL):11331:d0:39:78:79:2
[2026-05-23 14:38:21.217] P(FAIL):12155:d0:43:86:87:2
[2026-05-23 14:38:21.923] P(FAIL):12861:d0:46:92:93:2
[2026-05-23 14:38:22.407] P(FAIL):13345:d0:49:98:99:2
[2026-05-23 14:38:22.819] P(FAIL):13757:d0:51:102:103:2
[2026-05-23 14:38:23.172] P(FAIL):14110:d0:53:106:107:2
[2026-05-23 14:38:23.611] P(FAIL):14549:d0:55:110:111:2
[2026-05-23 14:38:24.007] P(FAIL):14945:d0:57:114:115:2
[2026-05-23 14:38:24.413] P(FAIL):15351:d0:59:118:119:2
[2026-05-23 14:38:24.838] P(FAIL):15776:d0:61:122:123:2
[2026-05-23 14:38:25.381] P(FAIL):16319:d0:64:128:129:2
[2026-05-23 14:38:25.837] P(FAIL):16775:d0:66:132:133:2
[2026-05-23 14:38:26.324] P(FAIL):17262:d0:69:138:139:2
[2026-05-23 14:38:26.868] P(FAIL):17805:d0:71:142:143:2
[2026-05-23 14:38:27.221] P(FAIL):18158:d0:73:146:147:2
[2026-05-23 14:38:28.473] P(FAIL):19411:d0:79:158:159:2
[2026-05-23 14:38:28.878] P(FAIL):19815:d0:81:162:163:2
[2026-05-23 14:38:29.480] P(FAIL):20418:d0:84:168:169:2
[2026-05-23 14:38:30.202] P(FAIL):21140:d0:88:176:177:2
[2026-05-23 14:38:30.696] P(FAIL):21634:d0:90:180:181:2
[2026-05-23 14:38:31.427] P(FAIL):22364:d0:94:188:189:2
[2026-05-23 14:38:31.802] P(FAIL):22740:d0:96:192:193:2
[2026-05-23 14:38:32.228] P(FAIL):23166:d0:98:196:197:2
[2026-05-23 14:38:32.652] P(FAIL):23590:d0:100:200:201:2
[2026-05-23 14:38:33.018] P(FAIL):23956:d0:102:204:205:2
[2026-05-23 14:38:33.338] P(FAIL):24275:d0:104:208:209:2
[2026-05-23 14:38:33.833] P(FAIL):24771:d0:106:212:213:2
[2026-05-23 14:38:34.463] P(FAIL):25400:d0:109:218:219:2
[2026-05-23 14:38:34.856] P(FAIL):25794:d0:111:222:223:2
[2026-05-23 14:38:35.259] P(FAIL):26197:d0:113:226:227:2
[2026-05-23 14:38:35.604] P(FAIL):26542:d0:115:230:231:2
[2026-05-23 14:38:35.941] P(FAIL):26878:d0:117:234:235:2
[2026-05-23 14:38:36.424] P(FAIL):27362:d0:119:238:239:2
[2026-05-23 14:38:37.150] P(FAIL):28088:d0:123:246:247:2
[2026-05-23 14:38:37.822] P(FAIL):28760:d0:126:252:253:2
[2026-05-23 14:38:38.247] P(FAIL):29184:d0:128:256:257:2
[2026-05-23 14:38:38.617] P(FAIL):29555:d0:130:260:261:2
[2026-05-23 14:38:38.988] P(FAIL):29926:d0:132:264:265:2
[2026-05-23 14:38:39.598] P(FAIL):30536:d0:135:270:271:2
[2026-05-23 14:38:40.018] P(FAIL):30955:d0:137:274:275:2
[2026-05-23 14:38:40.436] P(FAIL):31373:d0:139:278:279:2
[2026-05-23 14:38:40.837] P(FAIL):31775:d0:141:282:283:2
[2026-05-23 14:38:41.193] P(FAIL):32131:d0:143:286:287:2
[2026-05-23 14:38:41.637] P(FAIL):32574:d0:145:290:291:2
[2026-05-23 14:38:42.020] P(FAIL):32957:d0:147:294:295:2
[2026-05-23 14:38:42.721] P(FAIL):33659:d0:148:296:297:2
[2026-05-23 14:38:43.098] WCAN_BATCH id=0xd0 count=150 avg_hz=5.00 avg_points=1.99 min_points=1 max_points=2 avg_interval_ms=200.00 min_interval_ms=199.96 max_interval_ms=200.04 avg_dispatch_ms=1.55 max_dispatch_ms=12.05 dispatched_count=338 avg_queue_wait_ms=123.37 max_queue_wait_ms=328.75
[2026-05-23 14:38:43.101] WCAN_SENSOR_END generated=298 avg_hz=9.97
[2026-05-23 14:38:43.115] WCAN_MEASURES elapsed_ms=29999 heap_start_free=126648 heap_end_free=141280 heap_start_min_free=126648 heap_end_min_free=126348 heap_start_largest=98304 heap_end_largest=98304 airtime_us_total=521347 packets_sent_total=338 sensor_send_failures_total=0
[2026-05-23 14:38:43.116] WCAN_TEST_END role=sensor

# Monitor stopped: 2026-05-23T14:38:43.116354
