# Monitor started: 2026-04-22T17:48:05.401009
# Port: COM10, Baud: 115200, Duration: 30s

[2026-04-22 17:48:05.402] I (101) esp_image: segment 2: paddr=0002aee4 vaddr=40380000 sizeESP-ROM:esp32c3-api1-20210207
[2026-04-22 17:48:05.402] Build:Feb  7 2021
[2026-04-22 17:48:05.403] rst:0x15 (USB_UART_CHIP_RESET),boot:0xd (SPI_FAST_FLASH_BOOT)
[2026-04-22 17:48:05.403] Saved PC:0x40384ec6
[2026-04-22 17:48:05.403] SPIWP:0xee
[2026-04-22 17:48:05.403] mode:DIO, clock div:1
[2026-04-22 17:48:05.403] load:0x3fcd5820,len:0x1574
[2026-04-22 17:48:05.404] load:0x403cc710,len:0xc30
[2026-04-22 17:48:05.404] load:0x403ce710,len:0x2f64
[2026-04-22 17:48:05.404] entry 0x403cc71a
[2026-04-22 17:48:05.404] I (24) boot: ESP-IDF v5.4.1 2nd stage bootloader
[2026-04-22 17:48:05.409] I (24) boot: compile time Apr 22 2026 16:20:48
[2026-04-22 17:48:05.413] I (24) boot: chip revision: v0.4
[2026-04-22 17:48:05.418] I (25) boot: efuse block revision: v1.3
[2026-04-22 17:48:05.423] I (28) boot.esp32c3: SPI Speed      : 80MHz
[2026-04-22 17:48:05.427] I (32) boot.esp32c3: SPI Mode       : DIO
[2026-04-22 17:48:05.431] I (36) boot.esp32c3: SPI Flash Size : 2MB
[2026-04-22 17:48:05.436] I (39) boot: Enabling RNG early entropy source...
[2026-04-22 17:48:05.439] I (44) boot: Partition Table:
[2026-04-22 17:48:05.446] I (46) boot: ## Label            Usage          Type ST Offset   Length
[2026-04-22 17:48:05.453] I (53) boot:  0 nvs              WiFi data        01 02 00009000 00006000
[2026-04-22 17:48:05.462] I (59) boot:  1 phy_init         RF data          01 01 0000f000 00001000
[2026-04-22 17:48:05.469] I (66) boot:  2 factory          factory app      00 00 00010000 00100000
[2026-04-22 17:48:05.473] I (72) boot: End of partition table
[2026-04-22 17:48:05.482] I (76) esp_image: segment 0: paddr=00010020 vaddr=3c090020 size=18114h ( 98580) map
[2026-04-22 17:48:05.491] I (99) esp_image: segment 1: paddr=0002813c vaddr=3fc94000 size=02da0h ( 11680) load
[2026-04-22 17:48:05.501] I (101) esp_image: segment 2: paddr=0002aee4 vaddr=40380000 size=05134h ( 20788) load
[2026-04-22 17:48:05.511] I (106) esp_image: segment 3: paddr=00030020 vaddr=42000020 size=8eaa8h (584360) map
[2026-04-22 17:48:05.519] I (203) esp_image: segment 4: paddr=000bead0 vaddr=40385134 size=0ede8h ( 60904) load
[2026-04-22 17:48:05.530] I (215) esp_image: segment 5: paddr=000cd8c0 vaddr=50000200 size=0001ch (    28) load
[2026-04-22 17:48:05.537] I (221) boot: Loaded app from partition at offset 0x10000
[2026-04-22 17:48:05.543] I (221) boot: Disabling RNG early entropy source...
[2026-04-22 17:48:05.546] I (232) cpu_start: Unicore app
[2026-04-22 17:48:05.550] I (241) cpu_start: Pro cpu start user code
[2026-04-22 17:48:05.555] I (241) cpu_start: cpu freq: 160000000 Hz
[2026-04-22 17:48:05.560] I (241) app_init: Application information:
[2026-04-22 17:48:05.566] I (241) app_init: Project name:     sensor_acquirer
[2026-04-22 17:48:05.572] I (245) app_init: App version:      e468f2b-dirty
[2026-04-22 17:48:05.578] I (250) app_init: Compile time:     Apr 22 2026 16:19:54
[2026-04-22 17:48:05.583] I (255) app_init: ELF file SHA256:  21c97d479...
[2026-04-22 17:48:05.588] I (259) app_init: ESP-IDF:          v5.4.1
[2026-04-22 17:48:05.593] I (263) efuse_init: Min chip rev:     v0.3
[2026-04-22 17:48:05.597] I (267) efuse_init: Max chip rev:     v1.99
[2026-04-22 17:48:05.601] I (271) efuse_init: Chip rev:         v0.4
[2026-04-22 17:48:05.610] I (275) heap_init: Initializing. RAM available for dynamic allocation:
[2026-04-22 17:48:05.616] I (281) heap_init: At 3FC9B1B0 len 00024E50 (147 KiB): RAM
[2026-04-22 17:48:05.623] I (286) heap_init: At 3FCC0000 len 0001C710 (113 KiB): Retention RAM
[2026-04-22 17:48:05.630] I (292) heap_init: At 3FCDC710 len 00002950 (10 KiB): Retention RAM
[2026-04-22 17:48:05.636] I (298) heap_init: At 5000021C len 00001DCC (7 KiB): RTCRAM
[2026-04-22 17:48:05.641] I (304) spi_flash: detected chip: generic
[2026-04-22 17:48:05.644] I (307) spi_flash: flash io: dio
[2026-04-22 17:48:05.660] W (310) spi_flash: Detected size(4096k) larger than the size in the binary image header(2048k). Using the size in the binary image header.
[2026-04-22 17:48:05.667] I (323) sleep_gpio: Configure to isolate all GPIO pins in sleep state
[2026-04-22 17:48:05.677] I (329) sleep_gpio: Enable automatic switching of GPIO sleep configuration
[2026-04-22 17:48:05.680] I (335) main_task: Started on CPU0
[2026-04-22 17:48:05.684] I (335) main_task: Calling app_main()
[2026-04-22 17:48:05.688] I (335) MAIN: MAC: 74:4d:bd:e1:d5:b8
[2026-04-22 17:48:05.692] I (345) pp: pp rom version: 9387209
[2026-04-22 17:48:05.693] I (345) net80211: net80211 rom version: 9387209
[2026-04-22 17:48:05.699] I (355) wifi:wifi driver task: 3fca4090, prio:23, stack:6656, core=0
[2026-04-22 17:48:05.705] I (355) wifi:wifi firmware version: 79fa3f41ba
[2026-04-22 17:48:05.711] I (355) wifi:wifi certification version: v7.0
[2026-04-22 17:48:05.719] I (365) wifi:config NVS flash: enabled
[2026-04-22 17:48:05.729] I (365) wifi:config nano formatting: disabled
[2026-04-22 17:48:05.738] I (365) wifi:Init data frame dynamic rx buffer num: 32
[2026-04-22 17:48:05.746] I (375) wifi:Init static rx mgmt buffer num: 5
[2026-04-22 17:48:05.754] I (375) wifi:Init management short buffer num: 32
[2026-04-22 17:48:05.762] I (385) wifi:Init dynamic tx buffer num: 32
[2026-04-22 17:48:05.769] I (385) wifi:Init static tx FG buffer num: 2
[2026-04-22 17:48:05.774] I (395) wifi:Init static rx buffer size: 1600
[2026-04-22 17:48:05.779] I (395) wifi:Init static rx buffer num: 10
[2026-04-22 17:48:05.784] I (395) wifi:Init dynamic rx buffer num: 32
[2026-04-22 17:48:05.788] I (405) wifi_init: rx ba win: 6
[2026-04-22 17:48:05.791] I (405) wifi_init: accept mbox: 6
[2026-04-22 17:48:05.794] I (405) wifi_init: tcpip mbox: 32
[2026-04-22 17:48:05.796] I (415) wifi_init: udp mbox: 6
[2026-04-22 17:48:05.797] I (415) wifi_init: tcp mbox: 6
[2026-04-22 17:48:05.799] I (415) wifi_init: tcp tx win: 5760
[2026-04-22 17:48:05.800] I (415) wifi_init: tcp rx win: 5760
[2026-04-22 17:48:05.801] I (425) wifi_init: tcp mss: 1440
[2026-04-22 17:48:05.801] I (425) wifi_init: WiFi IRAM OP enabled
[2026-04-22 17:48:05.802] I (425) wifi_init: WiFi RX IRAM OP enabled
[2026-04-22 17:48:05.802] I (435) phy_init: phy_version 1200,2b7123f9,Feb 18 2025,15:22:21
[2026-04-22 17:48:05.803] I (475) wifi:mode : softAP (74:4d:bd:e1:d5:b9)
[2026-04-22 17:48:05.803] I (475) wifi:Total power save buffer number: 16
[2026-04-22 17:48:05.804] I (475) wifi:Init max length of beacon: 752/752
[2026-04-22 17:48:05.804] I (475) wifi:Init max length of beacon: 752/752
[2026-04-22 17:48:05.804] I (485) MAIN: WiFi initialized
[2026-04-22 17:48:05.805] I (485) MAIN: RECEIVER mode — accepting all CAN IDs
[2026-04-22 17:48:05.805] I (485) ESPNOW: espnow [version: 2.0] init
[2026-04-22 17:48:05.805] I (495) SEND: Send processing task started
[2026-04-22 17:48:05.806] I (495) RECV: Receive processing task started
[2026-04-22 17:48:05.806] I (505) WCAN: WCAN initialized
[2026-04-22 17:48:05.806] I (505) main_task: Returned from app_main()
[2026-04-22 17:48:05.807] I (905) USER-RECV: Received [5d10] len=4 counter=0
[2026-04-22 17:48:05.807] I (915) USER-RECV: Received [c978] len=4 counter=0
[2026-04-22 17:48:06.607] I (1905) USER-RECV: Received [c978] len=4 counter=1
[2026-04-22 17:48:06.608] I (1905) USER-RECV: Received [5d10] len=4 counter=1
[2026-04-22 17:48:07.607] I (2905) USER-RECV: Received [c978] len=4 counter=2
[2026-04-22 17:48:07.609] I (2905) USER-RECV: Received [5d10] len=4 counter=2
[2026-04-22 17:48:08.610] I (3905) USER-RECV: Received [c978] len=4 counter=3
[2026-04-22 17:48:08.611] I (3905) USER-RECV: Received [5d10] len=4 counter=3
[2026-04-22 17:48:09.608] I (4905) USER-RECV: Received [c978] len=4 counter=4
[2026-04-22 17:48:09.610] I (4905) USER-RECV: Received [5d10] len=4 counter=4
[2026-04-22 17:48:10.608] I (5905) USER-RECV: Received [c978] len=4 counter=5
[2026-04-22 17:48:10.609] I (5905) USER-RECV: Received [5d10] len=4 counter=5
[2026-04-22 17:48:11.607] I (6905) USER-RECV: Received [c978] len=4 counter=6
[2026-04-22 17:48:11.610] I (6905) USER-RECV: Received [5d10] len=4 counter=6
[2026-04-22 17:48:12.607] I (7905) USER-RECV: Received [c978] len=4 counter=7
[2026-04-22 17:48:12.608] I (7905) USER-RECV: Received [5d10] len=4 counter=7
[2026-04-22 17:48:13.609] I (8905) USER-RECV: Received [c978] len=4 counter=8
[2026-04-22 17:48:13.610] I (8905) USER-RECV: Received [5d10] len=4 counter=8
[2026-04-22 17:48:14.609] I (9905) USER-RECV: Received [c978] len=4 counter=9
[2026-04-22 17:48:14.610] I (9905) USER-RECV: Received [5d10] len=4 counter=9
[2026-04-22 17:48:15.607] I (10905) USER-RECV: Received [c978] len=4 counter=10
[2026-04-22 17:48:15.608] I (10905) USER-RECV: Received [5d10] len=4 counter=10
[2026-04-22 17:48:16.608] I (11905) USER-RECV: Received [c978] len=4 counter=11
[2026-04-22 17:48:16.808] I (12105) USER-RECV: Received [5d10] len=4 counter=11
[2026-04-22 17:48:17.608] I (12905) USER-RECV: Received [c978] len=4 counter=12
[2026-04-22 17:48:17.609] I (12905) USER-RECV: Received [5d10] len=4 counter=12
[2026-04-22 17:48:18.609] I (13905) USER-RECV: Received [c978] len=4 counter=13
[2026-04-22 17:48:18.609] I (13905) USER-RECV: Received [5d10] len=4 counter=13
[2026-04-22 17:48:19.609] I (14905) USER-RECV: Received [c978] len=4 counter=14
[2026-04-22 17:48:19.610] I (14905) USER-RECV: Received [5d10] len=4 counter=14
[2026-04-22 17:48:20.609] I (15905) USER-RECV: Received [c978] len=4 counter=15
[2026-04-22 17:48:20.609] I (15905) USER-RECV: Received [5d10] len=4 counter=15
[2026-04-22 17:48:21.609] I (16905) USER-RECV: Received [c978] len=4 counter=16
[2026-04-22 17:48:21.611] I (16905) USER-RECV: Received [5d10] len=4 counter=16
[2026-04-22 17:48:22.609] I (17905) USER-RECV: Received [c978] len=4 counter=17
[2026-04-22 17:48:22.611] I (17905) USER-RECV: Received [5d10] len=4 counter=17
[2026-04-22 17:48:23.609] I (18905) USER-RECV: Received [c978] len=4 counter=18
[2026-04-22 17:48:23.609] I (18905) USER-RECV: Received [5d10] len=4 counter=18
[2026-04-22 17:48:24.609] I (19905) USER-RECV: Received [c978] len=4 counter=19
[2026-04-22 17:48:24.611] I (19905) USER-RECV: Received [5d10] len=4 counter=19
[2026-04-22 17:48:25.611] I (20905) USER-RECV: Received [c978] len=4 counter=20
[2026-04-22 17:48:25.611] I (20905) USER-RECV: Received [5d10] len=4 counter=20
[2026-04-22 17:48:26.610] I (21905) USER-RECV: Received [c978] len=4 counter=21
[2026-04-22 17:48:26.612] I (21905) USER-RECV: Received [5d10] len=4 counter=21
[2026-04-22 17:48:27.609] I (22905) USER-RECV: Received [c978] len=4 counter=22
[2026-04-22 17:48:27.611] I (22905) USER-RECV: Received [5d10] len=4 counter=22
[2026-04-22 17:48:28.608] I (23905) USER-RECV: Received [c978] len=4 counter=23
[2026-04-22 17:48:28.609] I (23905) USER-RECV: Received [5d10] len=4 counter=23
[2026-04-22 17:48:29.610] I (24905) USER-RECV: Received [c978] len=4 counter=24
[2026-04-22 17:48:29.611] I (24905) USER-RECV: Received [5d10] len=4 counter=24
[2026-04-22 17:48:30.608] I (25905) USER-RECV: Received [c978] len=4 counter=25
[2026-04-22 17:48:30.609] I (25905) USER-RECV: Received [5d10] len=4 counter=25
[2026-04-22 17:48:31.609] I (26905) USER-RECV: Received [c978] len=4 counter=26
[2026-04-22 17:48:31.611] I (26905) USER-RECV: Received [5d10] len=4 counter=26
[2026-04-22 17:48:32.609] I (27905) USER-RECV: Received [c978] len=4 counter=27
[2026-04-22 17:48:32.611] I (27905) USER-RECV: Received [5d10] len=4 counter=27
[2026-04-22 17:48:33.610] I (28905) USER-RECV: Received [c978] len=4 counter=28
[2026-04-22 17:48:33.612] I (28905) USER-RECV: Received [5d10] len=4 counter=28
[2026-04-22 17:48:34.610] I (29905) USER-RECV: Received [c978] len=4 counter=29
[2026-04-22 17:48:34.610] I (29905) USER-RECV: Received [5d10] len=4 counter=29
[2026-04-22 17:48:35.610] I (30905) USER-RECV: Received [c978] len=4 counter=30

# Monitor stopped: 2026-04-22T17:48:35.610327
