# Monitor started: 2026-05-14T14:22:32.107177
# Port: /dev/ttyACM0, Baud: 921600, Duration: 30s

# UART boot config: wcan v=1 role=idle transport=MULTICAST
[2026-05-14 14:22:32.107] ESP-ROM:esp32c3-api1-20210207
[2026-05-14 14:22:32.108] Build:Feb  7 2021
[2026-05-14 14:22:32.110] rst:0x15 (USB_UART_CHIP_RESET),boot:0xd (SPI_FAST_FLASH_BOOT)
[2026-05-14 14:22:32.111] Saved PC:0x40384eae
[2026-05-14 14:22:32.111] SPIWP:0xee
[2026-05-14 14:22:32.112] mode:DIO, clock div:1
[2026-05-14 14:22:32.113] load:0x3fcd5820,len:0x1574
[2026-05-14 14:22:32.113] load:0x403cc710,len:0xc30
[2026-05-14 14:22:32.114] load:0x403ce710,len:0x2fa0
[2026-05-14 14:22:32.114] entry 0x403cc71a
[2026-05-14 14:22:32.114] I (24) boot: ESP-IDF v5.4.1 2nd stage bootloader
[2026-05-14 14:22:32.115] I (24) boot: compile time May 14 2026 13:41:10
[2026-05-14 14:22:32.115] I (25) boot: chip revision: v0.4
[2026-05-14 14:22:32.116] I (25) boot: efuse block revision: v1.3
[2026-05-14 14:22:32.116] I (25) boot.esp32c3: SPI Speed      : 80MHz
[2026-05-14 14:22:32.117] I (25) boot.esp32c3: SPI Mode       : DIO
[2026-05-14 14:22:32.117] I (26) boot.esp32c3: SPI Flash Size : 2MB
[2026-05-14 14:22:32.117] I (26) boot: Enabling RNG early entropy source...
[2026-05-14 14:22:32.118] I (27) boot: Partition Table:
[2026-05-14 14:22:32.118] I (27) boot: ## Label            Usage          Type ST Offset   Length
[2026-05-14 14:22:32.119] I (28) boot:  0 nvs              WiFi data        01 02 00009000 00006000
[2026-05-14 14:22:32.119] I (29) boot:  1 phy_init         RF data          01 01 0000f000 00001000
[2026-05-14 14:22:32.120] I (29) boot:  2 factory          factory app      00 00 00010000 00100000
[2026-05-14 14:22:32.120] I (30) boot: End of partition table
[2026-05-14 14:22:32.121] I (31) esp_image: segment 0: paddr=00010020 vaddr=3c0a0020 size=1a290h (107152) map
[2026-05-14 14:22:32.121] I (49) esp_image: segment 1: paddr=0002a2b8 vaddr=3fc95400 size=02db0h ( 11696) load
[2026-05-14 14:22:32.122] I (51) esp_image: segment 2: paddr=0002d070 vaddr=40380000 size=02fa8h ( 12200) load
[2026-05-14 14:22:32.122] I (54) esp_image: segment 3: paddr=00030020 vaddr=42000020 size=94b54h (609108) map
[2026-05-14 14:22:32.123] I (151) esp_image: segment 4: paddr=000c4b7c vaddr=40382fa8 size=12404h ( 74756) load
[2026-05-14 14:22:32.124] I (165) esp_image: segment 5: paddr=000d6f88 vaddr=50000200 size=0001ch (    28) load
[2026-05-14 14:22:32.124] I (172) boot: Loaded app from partition at offset 0x10000
[2026-05-14 14:22:32.125] I (172) boot: Disabling RNG early entropy source...
[2026-05-14 14:22:32.125] I (174) cpu_start: Unicore app
[2026-05-14 14:22:32.125] I (182) cpu_start: Pro cpu start user code
[2026-05-14 14:22:32.126] I (182) cpu_start: cpu freq: 160000000 Hz
[2026-05-14 14:22:32.126] I (183) app_init: Application information:
[2026-05-14 14:22:32.126] I (183) app_init: Project name:     sensor_acquirer
[2026-05-14 14:22:32.127] I (183) app_init: App version:      v1.0-62-g249db07-dirty
[2026-05-14 14:22:32.127] I (184) app_init: Compile time:     May 14 2026 13:41:02
[2026-05-14 14:22:32.128] I (184) app_init: ELF file SHA256:  79702dda8...
[2026-05-14 14:22:32.128] I (185) app_init: ESP-IDF:          v5.4.1
[2026-05-14 14:22:32.128] I (185) efuse_init: Min chip rev:     v0.3
[2026-05-14 14:22:32.129] I (186) efuse_init: Max chip rev:     v1.99
[2026-05-14 14:22:32.129] I (186) efuse_init: Chip rev:         v0.4
[2026-05-14 14:22:32.129] I (187) heap_init: Initializing. RAM available for dynamic allocation:
[2026-05-14 14:22:32.130] I (188) heap_init: At 3FC9CFB0 len 00023050 (140 KiB): RAM
[2026-05-14 14:22:32.130] I (188) heap_init: At 3FCC0000 len 0001C710 (113 KiB): Retention RAM
[2026-05-14 14:22:32.131] I (189) heap_init: At 3FCDC710 len 00002950 (10 KiB): Retention RAM
[2026-05-14 14:22:32.131] I (190) heap_init: At 5000021C len 00001DCC (7 KiB): RTCRAM
[2026-05-14 14:22:32.132] I (191) spi_flash: detected chip: generic
[2026-05-14 14:22:32.132] I (191) spi_flash: flash io: dio
[2026-05-14 14:22:32.133] W (191) spi_flash: Detected size(4096k) larger than the size in the binary image header(2048k). Using the size in the binary image header.
[2026-05-14 14:22:32.133] I (193) sleep_gpio: Configure to isolate all GPIO pins in sleep state
[2026-05-14 14:22:32.134] I (194) sleep_gpio: Enable automatic switching of GPIO sleep configuration
[2026-05-14 14:22:32.134] I (195) main_task: Started on CPU0
[2026-05-14 14:22:32.135] I (195) main_task: Calling app_main()
[2026-05-14 14:22:32.135] I (195) BOOT_TS: us=5197
[2026-05-14 14:22:32.135] I (196) BOOT_CONFIG: waiting for UART config
[2026-05-14 14:22:32.135] WCAN_CFG_WAIT v=1
# UART boot config sent: wcan v=1 role=idle transport=MULTICAST
[2026-05-14 14:22:32.136] WCAN_CFG_WAIT v=1
[2026-05-14 14:22:32.897] I (989) BOOT_CONFIG: accepted role=idle transport=MULTICAST
[2026-05-14 14:22:32.897] WCAN_CFG_ACK
# Waiting for coordinated capture start
[2026-05-14 14:22:32.906] WCAN_CFG_ACK
[2026-05-14 14:22:32.923] I (989) MAIN: IDLE mode - stopping before NVS/Wi-Fi initialization
[2026-05-14 14:22:32.940] I (989) main_task: Returned from app_main()

# Monitor stopped: 2026-05-14T14:23:02.973031
