# Monitor started: 2026-05-23T15:19:21.269159
# Port: /dev/ttyACM0, Baud: 921600, Timeout: 35.000s after WCAN_TEST_START

# UART boot config: wcan v=1 role=sensor transport=BROADCAST test_duration_ms=30000 host_wait_time_ms=5000 base=0xd0 count=1 hz=750 linger=100
[2026-05-23 15:19:21.275] ESP-ROM:esp32c3-api1-20210207
[2026-05-23 15:19:21.280] Build:Feb  7 2021
[2026-05-23 15:19:21.301] rst:0x15 (USB_UART_CHIP_RESET),boot:0xd (SPI_FAST_FLASH_BOOT)
[2026-05-23 15:19:21.309] Saved PC:0x40384eba
[2026-05-23 15:19:21.313] SPIWP:0xee
[2026-05-23 15:19:21.323] mode:DIO, clock div:1
[2026-05-23 15:19:21.326] load:0x3fcd5820,len:0x1574
[2026-05-23 15:19:21.327] load:0x403cc710,len:0xc30
[2026-05-23 15:19:21.328] load:0x403ce710,len:0x2fa0
[2026-05-23 15:19:21.329] entry 0x403cc71a
[2026-05-23 15:19:21.331] I (24) boot: ESP-IDF v5.4.1 2nd stage bootloader
[2026-05-23 15:19:21.332] I (24) boot: compile time May 20 2026 00:05:32
[2026-05-23 15:19:21.334] I (25) boot: chip revision: v0.4
[2026-05-23 15:19:21.334] I (25) boot: efuse block revision: v1.3
[2026-05-23 15:19:21.336] I (25) boot.esp32c3: SPI Speed      : 80MHz
[2026-05-23 15:19:21.338] I (25) boot.esp32c3: SPI Mode       : DIO
[2026-05-23 15:19:21.340] I (26) boot.esp32c3: SPI Flash Size : 2MB
[2026-05-23 15:19:21.341] I (26) boot: Enabling RNG early entropy source...
[2026-05-23 15:19:21.342] I (27) boot: Partition Table:
[2026-05-23 15:19:21.345] I (27) boot: ## Label            Usage          Type ST Offset   Length
[2026-05-23 15:19:21.352] I (28) boot:  0 nvs              WiFi data        01 02 00009000 00006000
[2026-05-23 15:19:21.358] I (29) boot:  1 phy_init         RF data          01 01 0000f000 00001000
[2026-05-23 15:19:21.361] I (29) boot:  2 factory          factory app      00 00 00010000 00100000
[2026-05-23 15:19:21.362] I (30) boot: End of partition table
[2026-05-23 15:19:21.365] I (31) esp_image: segment 0: paddr=00010020 vaddr=3c0a0020 size=1977ch (104316) map
[2026-05-23 15:19:21.368] I (48) esp_image: segment 1: paddr=000297a4 vaddr=3fc95200 size=02da0h ( 11680) load
[2026-05-23 15:19:21.373] I (51) esp_image: segment 2: paddr=0002c54c vaddr=40380000 size=03acch ( 15052) load
[2026-05-23 15:19:21.374] I (54) esp_image: segment 3: paddr=00030020 vaddr=42000020 size=9942ch (627756) map
[2026-05-23 15:19:21.383] I (154) esp_image: segment 4: paddr=000c9454 vaddr=40383acc size=11614h ( 71188) load
[2026-05-23 15:19:21.386] I (168) esp_image: segment 5: paddr=000daa70 vaddr=50000200 size=0001ch (    28) load
[2026-05-23 15:19:21.390] I (175) boot: Loaded app from partition at offset 0x10000
[2026-05-23 15:19:21.391] I (175) boot: Disabling RNG early entropy source...
[2026-05-23 15:19:21.394] I (176) cpu_start: Unicore app
[2026-05-23 15:19:21.397] I (185) cpu_start: Pro cpu start user code
[2026-05-23 15:19:21.401] I (185) cpu_start: cpu freq: 160000000 Hz
[2026-05-23 15:19:21.410] I (185) app_init: Application information:
[2026-05-23 15:19:21.422] I (185) app_init: Project name:     sensor_acquirer
[2026-05-23 15:19:21.424] I (185) app_init: App version:      v1.0-171-gbbe0783
[2026-05-23 15:19:21.427] I (186) app_init: Compile time:     May 23 2026 14:30:31
[2026-05-23 15:19:21.429] I (186) app_init: ELF file SHA256:  493679023...
[2026-05-23 15:19:21.431] I (187) app_init: ESP-IDF:          v5.4.1
[2026-05-23 15:19:21.433] I (187) efuse_init: Min chip rev:     v0.3
[2026-05-23 15:19:21.435] I (188) efuse_init: Max chip rev:     v1.99
[2026-05-23 15:19:21.436] I (188) efuse_init: Chip rev:         v0.4
[2026-05-23 15:19:21.438] I (189) heap_init: Initializing. RAM available for dynamic allocation:
[2026-05-23 15:19:21.440] I (190) heap_init: At 3FC9C340 len 00023CC0 (143 KiB): RAM
[2026-05-23 15:19:21.445] I (190) heap_init: At 3FCC0000 len 0001C710 (113 KiB): Retention RAM
[2026-05-23 15:19:21.447] I (191) heap_init: At 3FCDC710 len 00002950 (10 KiB): Retention RAM
[2026-05-23 15:19:21.449] I (192) heap_init: At 5000021C len 00001DCC (7 KiB): RTCRAM
[2026-05-23 15:19:21.450] I (193) spi_flash: detected chip: generic
[2026-05-23 15:19:21.451] I (193) spi_flash: flash io: dio
[2026-05-23 15:19:21.457] W (194) spi_flash: Detected size(4096k) larger than the size in the binary image header(2048k). Using the size in the binary image header.
[2026-05-23 15:19:21.461] I (195) sleep_gpio: Configure to isolate all GPIO pins in sleep state
[2026-05-23 15:19:21.462] I (196) sleep_gpio: Enable automatic switching of GPIO sleep configuration
[2026-05-23 15:19:21.463] I (197) main_task: Started on CPU0
[2026-05-23 15:19:21.464] I (197) main_task: Calling app_main()
[2026-05-23 15:19:21.465] WCAN_CFG_WAIT v=1
# UART boot config sent: wcan v=1 role=sensor transport=BROADCAST test_duration_ms=30000 host_wait_time_ms=5000 base=0xd0 count=1 hz=750 linger=100
[2026-05-23 15:19:21.467] WCAN_CFG_WAIT v=1
[2026-05-23 15:19:23.905] WCAN_CFG_ACK
[2026-05-23 15:19:23.906] WCAN_CFG_ACK
[2026-05-23 15:19:23.910] I (2840) pp: pp rom version: 9387209
[2026-05-23 15:19:23.911] I (2841) net80211: net80211 rom version: 9387209
[2026-05-23 15:19:23.913] I (2842) wifi:wifi driver task: 3fca77a4, prio:23, stack:6656, core=0
[2026-05-23 15:19:23.916] I (2846) wifi:wifi firmware version: 79fa3f41ba
[2026-05-23 15:19:23.917] I (2846) wifi:wifi certification version: v7.0
[2026-05-23 15:19:23.918] I (2846) wifi:config NVS flash: enabled
[2026-05-23 15:19:23.919] I (2846) wifi:config nano formatting: disabled
[2026-05-23 15:19:23.920] I (2847) wifi:Init data frame dynamic rx buffer num: 32
[2026-05-23 15:19:23.921] I (2847) wifi:Init static rx mgmt buffer num: 5
[2026-05-23 15:19:23.922] I (2848) wifi:Init management short buffer num: 32
[2026-05-23 15:19:23.923] I (2848) wifi:Init dynamic tx buffer num: 32
[2026-05-23 15:19:23.924] I (2849) wifi:Init static tx FG buffer num: 2
[2026-05-23 15:19:23.925] I (2849) wifi:Init static rx buffer size: 1600
[2026-05-23 15:19:23.926] I (2850) wifi:Init static rx buffer num: 10
[2026-05-23 15:19:23.927] I (2850) wifi:Init dynamic rx buffer num: 32
[2026-05-23 15:19:23.931] I (2851) wifi_init: rx ba win: 6
[2026-05-23 15:19:23.935] I (2852) wifi_init: accept mbox: 6
[2026-05-23 15:19:23.940] I (2852) wifi_init: tcpip mbox: 32
[2026-05-23 15:19:23.944] I (2852) wifi_init: udp mbox: 6
[2026-05-23 15:19:23.947] I (2852) wifi_init: tcp mbox: 6
[2026-05-23 15:19:23.950] I (2853) wifi_init: tcp tx win: 5760
[2026-05-23 15:19:23.952] I (2853) wifi_init: tcp rx win: 5760
[2026-05-23 15:19:23.954] I (2854) wifi_init: tcp mss: 1440
[2026-05-23 15:19:23.956] I (2854) wifi_init: WiFi IRAM OP enabled
[2026-05-23 15:19:23.958] I (2854) wifi_init: WiFi RX IRAM OP enabled
[2026-05-23 15:19:23.961] I (2855) phy_init: phy_version 1200,2b7123f9,Feb 18 2025,15:22:21
[2026-05-23 15:19:23.965] I (2894) wifi:mode : sta (54:32:04:8c:0b:8c)
[2026-05-23 15:19:23.966] I (2894) wifi:enable tsf
[2026-05-23 15:19:23.968] I (2897) ESPNOW: espnow [version: 2.0] init
[2026-05-23 15:19:23.969] WCAN_TEST_READY role=sensor
# Waiting for phased test start
# UART test start sent: WCAN_TEST_START at 2026-05-23T15:19:23.997093
[2026-05-23 15:19:25.871] P(FAIL):4604:d0:11:836:911:76
[2026-05-23 15:19:26.382] P(FAIL):5115:d0:16:1216:1291:76
[2026-05-23 15:19:27.178] P(FAIL):5911:d0:24:1824:1899:76
[2026-05-23 15:19:30.532] P(FAIL):9265:d0:57:4332:4407:76
[2026-05-23 15:19:30.923] P(FAIL):9656:d0:58:4408:4483:76
[2026-05-23 15:19:32.315] P(FAIL):11048:d0:75:5700:5775:76
[2026-05-23 15:19:47.583] P(FAIL):26316:d0:225:17100:17175:76
[2026-05-23 15:19:54.716] P(FAIL):33449:d0:293:22268:22343:76
[2026-05-23 15:19:55.302] WCAN_BATCH id=0xd0 count=297 avg_hz=9.87 avg_points=75.77 min_points=9 max_points=76 avg_interval_ms=101.31 min_interval_ms=101.23 max_interval_ms=101.38 avg_dispatch_ms=3.78 max_dispatch_ms=8.94 dispatched_count=316 avg_queue_wait_ms=29.33 max_queue_wait_ms=546.77
[2026-05-23 15:19:55.303] WCAN_SENSOR_END generated=22504 avg_hz=750.19
[2026-05-23 15:19:55.316] WCAN_MEASURES elapsed_ms=29999 heap_start_free=126648 heap_end_free=141280 heap_start_min_free=126324 heap_end_min_free=125760 heap_start_largest=98304 heap_end_largest=98304 airtime_us_total=1190417 packets_sent_total=316 sensor_send_failures_total=0
[2026-05-23 15:19:55.319] WCAN_TEST_END role=sensor

# Monitor stopped: 2026-05-23T15:19:55.319636
