# Monitor started: 2026-05-23T18:26:06.964553
# Port: /dev/ttyACM0, Baud: 921600, Timeout: 35.000s after WCAN_TEST_START

# UART boot config: wcan v=1 role=sensor transport=BROADCAST test_duration_ms=30000 host_wait_time_ms=5000 base=0xd0 count=1 hz=200 linger=100
[2026-05-23 18:26:06.966] ESP-ROM:esp32c3-api1-20210207
[2026-05-23 18:26:06.971] Build:Feb  7 2021
[2026-05-23 18:26:07.002] rst:0x15 (USB_UART_CHIP_RESET),boot:0xd (SPI_FAST_FLASH_BOOT)
[2026-05-23 18:26:07.010] Saved PC:0x40384eba
[2026-05-23 18:26:07.017] SPIWP:0xee
[2026-05-23 18:26:07.023] mode:DIO, clock div:1
[2026-05-23 18:26:07.032] load:0x3fcd5820,len:0x1574
[2026-05-23 18:26:07.038] load:0x403cc710,len:0xc30
[2026-05-23 18:26:07.041] load:0x403ce710,len:0x2fa0
[2026-05-23 18:26:07.046] entry 0x403cc71a
[2026-05-23 18:26:07.050] I (24) boot: ESP-IDF v5.4.1 2nd stage bootloader
[2026-05-23 18:26:07.055] I (24) boot: compile time May 20 2026 00:05:32
[2026-05-23 18:26:07.058] I (25) boot: chip revision: v0.4
[2026-05-23 18:26:07.059] I (25) boot: efuse block revision: v1.3
[2026-05-23 18:26:07.061] I (25) boot.esp32c3: SPI Speed      : 80MHz
[2026-05-23 18:26:07.066] I (25) boot.esp32c3: SPI Mode       : DIO
[2026-05-23 18:26:07.067] I (26) boot.esp32c3: SPI Flash Size : 2MB
[2026-05-23 18:26:07.075] I (26) boot: Enabling RNG early entropy source...
[2026-05-23 18:26:07.080] I (27) boot: Partition Table:
[2026-05-23 18:26:07.087] I (27) boot: ## Label            Usage          Type ST Offset   Length
[2026-05-23 18:26:07.100] I (28) boot:  0 nvs              WiFi data        01 02 00009000 00006000
[2026-05-23 18:26:07.102] I (29) boot:  1 phy_init         RF data          01 01 0000f000 00001000
[2026-05-23 18:26:07.106] I (29) boot:  2 factory          factory app      00 00 00010000 00100000
[2026-05-23 18:26:07.110] I (30) boot: End of partition table
[2026-05-23 18:26:07.111] I (31) esp_image: segment 0: paddr=00010020 vaddr=3c0a0020 size=1977ch (104316) map
[2026-05-23 18:26:07.124] I (48) esp_image: segment 1: paddr=000297a4 vaddr=3fc95200 size=02da0h ( 11680) load
[2026-05-23 18:26:07.127] I (51) esp_image: segment 2: paddr=0002c54c vaddr=40380000 size=03acch ( 15052) load
[2026-05-23 18:26:07.132] I (54) esp_image: segment 3: paddr=00030020 vaddr=42000020 size=9942ch (627756) map
[2026-05-23 18:26:07.134] I (154) esp_image: segment 4: paddr=000c9454 vaddr=40383acc size=11614h ( 71188) load
[2026-05-23 18:26:07.136] I (168) esp_image: segment 5: paddr=000daa70 vaddr=50000200 size=0001ch (    28) load
[2026-05-23 18:26:07.137] I (175) boot: Loaded app from partition at offset 0x10000
[2026-05-23 18:26:07.139] I (175) boot: Disabling RNG early entropy source...
[2026-05-23 18:26:07.139] I (176) cpu_start: Unicore app
[2026-05-23 18:26:07.140] I (185) cpu_start: Pro cpu start user code
[2026-05-23 18:26:07.142] I (185) cpu_start: cpu freq: 160000000 Hz
[2026-05-23 18:26:07.145] I (185) app_init: Application information:
[2026-05-23 18:26:07.149] I (185) app_init: Project name:     sensor_acquirer
[2026-05-23 18:26:07.152] I (185) app_init: App version:      v1.0-171-gbbe0783
[2026-05-23 18:26:07.156] I (186) app_init: Compile time:     May 23 2026 14:30:31
[2026-05-23 18:26:07.157] I (187) app_init: ELF file SHA256:  493679023...
[2026-05-23 18:26:07.159] I (187) app_init: ESP-IDF:          v5.4.1
[2026-05-23 18:26:07.162] I (188) efuse_init: Min chip rev:     v0.3
[2026-05-23 18:26:07.164] I (188) efuse_init: Max chip rev:     v1.99
[2026-05-23 18:26:07.166] I (189) efuse_init: Chip rev:         v0.4
[2026-05-23 18:26:07.170] I (189) heap_init: Initializing. RAM available for dynamic allocation:
[2026-05-23 18:26:07.172] I (190) heap_init: At 3FC9C340 len 00023CC0 (143 KiB): RAM
[2026-05-23 18:26:07.177] I (190) heap_init: At 3FCC0000 len 0001C710 (113 KiB): Retention RAM
[2026-05-23 18:26:07.182] I (191) heap_init: At 3FCDC710 len 00002950 (10 KiB): Retention RAM
[2026-05-23 18:26:07.185] I (192) heap_init: At 5000021C len 00001DCC (7 KiB): RTCRAM
[2026-05-23 18:26:07.186] I (194) spi_flash: detected chip: generic
[2026-05-23 18:26:07.190] I (194) spi_flash: flash io: dio
[2026-05-23 18:26:07.192] W (194) spi_flash: Detected size(4096k) larger than the size in the binary image header(2048k). Using the size in the binary image header.
[2026-05-23 18:26:07.193] I (196) sleep_gpio: Configure to isolate all GPIO pins in sleep state
[2026-05-23 18:26:07.194] I (196) sleep_gpio: Enable automatic switching of GPIO sleep configuration
[2026-05-23 18:26:07.195] I (197) main_task: Started on CPU0
[2026-05-23 18:26:07.195] I (197) main_task: Calling app_main()
[2026-05-23 18:26:07.196] WCAN_CFG_WAIT v=1
# UART boot config sent: wcan v=1 role=sensor transport=BROADCAST test_duration_ms=30000 host_wait_time_ms=5000 base=0xd0 count=1 hz=200 linger=100
[2026-05-23 18:26:07.197] WCAN_CFG_WAIT v=1
[2026-05-23 18:26:09.636] WCAN_CFG_ACK
[2026-05-23 18:26:09.636] WCAN_CFG_ACK
[2026-05-23 18:26:09.641] I (2875) pp: pp rom version: 9387209
[2026-05-23 18:26:09.642] I (2876) net80211: net80211 rom version: 9387209
[2026-05-23 18:26:09.644] I (2877) wifi:wifi driver task: 3fca77a4, prio:23, stack:6656, core=0
[2026-05-23 18:26:09.647] I (2881) wifi:wifi firmware version: 79fa3f41ba
[2026-05-23 18:26:09.648] I (2881) wifi:wifi certification version: v7.0
[2026-05-23 18:26:09.649] I (2881) wifi:config NVS flash: enabled
[2026-05-23 18:26:09.650] I (2881) wifi:config nano formatting: disabled
[2026-05-23 18:26:09.651] I (2882) wifi:Init data frame dynamic rx buffer num: 32
[2026-05-23 18:26:09.652] I (2882) wifi:Init static rx mgmt buffer num: 5
[2026-05-23 18:26:09.653] I (2883) wifi:Init management short buffer num: 32
[2026-05-23 18:26:09.654] I (2883) wifi:Init dynamic tx buffer num: 32
[2026-05-23 18:26:09.654] I (2884) wifi:Init static tx FG buffer num: 2
[2026-05-23 18:26:09.655] I (2884) wifi:Init static rx buffer size: 1600
[2026-05-23 18:26:09.656] I (2885) wifi:Init static rx buffer num: 10
[2026-05-23 18:26:09.656] I (2885) wifi:Init dynamic rx buffer num: 32
[2026-05-23 18:26:09.657] I (2886) wifi_init: rx ba win: 6
[2026-05-23 18:26:09.657] I (2887) wifi_init: accept mbox: 6
[2026-05-23 18:26:09.658] I (2887) wifi_init: tcpip mbox: 32
[2026-05-23 18:26:09.658] I (2887) wifi_init: udp mbox: 6
[2026-05-23 18:26:09.659] I (2887) wifi_init: tcp mbox: 6
[2026-05-23 18:26:09.659] I (2888) wifi_init: tcp tx win: 5760
[2026-05-23 18:26:09.659] I (2888) wifi_init: tcp rx win: 5760
[2026-05-23 18:26:09.660] I (2889) wifi_init: tcp mss: 1440
[2026-05-23 18:26:09.660] I (2889) wifi_init: WiFi IRAM OP enabled
[2026-05-23 18:26:09.661] I (2889) wifi_init: WiFi RX IRAM OP enabled
[2026-05-23 18:26:09.661] I (2890) phy_init: phy_version 1200,2b7123f9,Feb 18 2025,15:22:21
[2026-05-23 18:26:09.690] I (2924) wifi:mode : sta (54:32:04:8c:0b:8c)
[2026-05-23 18:26:09.690] I (2925) wifi:enable tsf
[2026-05-23 18:26:09.693] I (2928) ESPNOW: espnow [version: 2.0] init
[2026-05-23 18:26:09.694] WCAN_TEST_READY role=sensor
# Waiting for phased test start
# UART test start sent: WCAN_TEST_START at 2026-05-23T18:26:09.705520
[2026-05-23 18:26:16.055] P(FAIL):9093:d0:53:1113:1133:21
[2026-05-23 18:26:21.788] P(FAIL):14826:d0:108:2268:2288:21
[2026-05-23 18:26:30.471] P(FAIL):23509:d0:190:3990:4010:21
[2026-05-23 18:26:30.840] P(FAIL):23878:d0:193:4053:4073:21
[2026-05-23 18:26:31.193] P(FAIL):24231:d0:194:4074:4094:21
[2026-05-23 18:26:33.678] P(FAIL):26716:d0:221:4641:4661:21
[2026-05-23 18:26:40.086] P(FAIL):33124:d0:282:5922:5942:21
[2026-05-23 18:26:40.886] P(FAIL):33924:d0:283:5943:5963:21
[2026-05-23 18:26:41.020] WCAN_BATCH id=0xd0 count=286 avg_hz=9.52 avg_points=20.98 min_points=14 max_points=21 avg_interval_ms=105.00 min_interval_ms=104.89 max_interval_ms=105.13 avg_dispatch_ms=1.86 max_dispatch_ms=4.58 dispatched_count=304 avg_queue_wait_ms=30.79 max_queue_wait_ms=641.77
[2026-05-23 18:26:41.021] WCAN_SENSOR_END generated=5998 avg_hz=199.97
[2026-05-23 18:26:41.026] WCAN_MEASURES elapsed_ms=29999 heap_start_free=126648 heap_end_free=141436 heap_start_min_free=126324 heap_end_min_free=125984 heap_start_largest=98304 heap_end_largest=98304 airtime_us_total=563820 packets_sent_total=304 sensor_send_failures_total=0
[2026-05-23 18:26:41.027] WCAN_TEST_END role=sensor

# Monitor stopped: 2026-05-23T18:26:41.027513
