# Monitor started: 2026-05-23T18:05:23.030553
# Port: /dev/ttyACM1, Baud: 921600, Timeout: 35.000s after WCAN_TEST_START

# UART boot config: wcan v=1 role=sensor transport=BROADCAST test_duration_ms=30000 host_wait_time_ms=5000 base=0xe0 count=1 hz=200 linger=100
[2026-05-23 18:05:23.035] ESP-ROM:esp32c3-api1-20210207
[2026-05-23 18:05:23.041] Build:Feb  7 2021
[2026-05-23 18:05:23.063] rst:0x15 (USB_UART_CHIP_RESET),boot:0xd (SPI_FAST_FLASH_BOOT)
[2026-05-23 18:05:23.073] Saved PC:0x40384eba
[2026-05-23 18:05:23.078] SPIWP:0xee
[2026-05-23 18:05:23.083] mode:DIO, clock div:1
[2026-05-23 18:05:23.088] load:0x3fcd5820,len:0x1574
[2026-05-23 18:05:23.092] load:0x403cc710,len:0xc30
[2026-05-23 18:05:23.095] load:0x403ce710,len:0x2fa0
[2026-05-23 18:05:23.099] entry 0x403cc71a
[2026-05-23 18:05:23.101] I (24) boot: ESP-IDF v5.4.1 2nd stage bootloader
[2026-05-23 18:05:23.102] I (24) boot: compile time May 20 2026 00:05:32
[2026-05-23 18:05:23.103] I (24) boot: chip revision: v0.4
[2026-05-23 18:05:23.104] I (25) boot: efuse block revision: v1.3
[2026-05-23 18:05:23.106] I (25) boot.esp32c3: SPI Speed      : 80MHz
[2026-05-23 18:05:23.108] I (25) boot.esp32c3: SPI Mode       : DIO
[2026-05-23 18:05:23.110] I (26) boot.esp32c3: SPI Flash Size : 2MB
[2026-05-23 18:05:23.114] I (26) boot: Enabling RNG early entropy source...
[2026-05-23 18:05:23.117] I (27) boot: Partition Table:
[2026-05-23 18:05:23.122] I (27) boot: ## Label            Usage          Type ST Offset   Length
[2026-05-23 18:05:23.128] I (28) boot:  0 nvs              WiFi data        01 02 00009000 00006000
[2026-05-23 18:05:23.134] I (29) boot:  1 phy_init         RF data          01 01 0000f000 00001000
[2026-05-23 18:05:23.138] I (29) boot:  2 factory          factory app      00 00 00010000 00100000
[2026-05-23 18:05:23.140] I (30) boot: End of partition table
[2026-05-23 18:05:23.144] I (31) esp_image: segment 0: paddr=00010020 vaddr=3c0a0020 size=1977ch (104316) map
[2026-05-23 18:05:23.151] I (48) esp_image: segment 1: paddr=000297a4 vaddr=3fc95200 size=02da0h ( 11680) load
[2026-05-23 18:05:23.164] I (51) esp_image: segment 2: paddr=0002c54c vaddr=40380000 size=03acch ( 15052) load
[2026-05-23 18:05:23.178] I (54) esp_image: segment 3: paddr=00030020 vaddr=42000020 size=9942ch (627756) map
[2026-05-23 18:05:23.180] I (154) esp_image: segment 4: paddr=000c9454 vaddr=40383acc size=11614h ( 71188) load
[2026-05-23 18:05:23.183] I (168) esp_image: segment 5: paddr=000daa70 vaddr=50000200 size=0001ch (    28) load
[2026-05-23 18:05:23.184] I (175) boot: Loaded app from partition at offset 0x10000
[2026-05-23 18:05:23.189] I (175) boot: Disabling RNG early entropy source...
[2026-05-23 18:05:23.191] I (176) cpu_start: Unicore app
[2026-05-23 18:05:23.192] I (185) cpu_start: Pro cpu start user code
[2026-05-23 18:05:23.194] I (185) cpu_start: cpu freq: 160000000 Hz
[2026-05-23 18:05:23.196] I (185) app_init: Application information:
[2026-05-23 18:05:23.198] I (185) app_init: Project name:     sensor_acquirer
[2026-05-23 18:05:23.199] I (185) app_init: App version:      v1.0-171-gbbe0783
[2026-05-23 18:05:23.202] I (186) app_init: Compile time:     May 23 2026 14:30:31
[2026-05-23 18:05:23.205] I (187) app_init: ELF file SHA256:  493679023...
[2026-05-23 18:05:23.206] I (187) app_init: ESP-IDF:          v5.4.1
[2026-05-23 18:05:23.212] I (188) efuse_init: Min chip rev:     v0.3
[2026-05-23 18:05:23.215] I (188) efuse_init: Max chip rev:     v1.99
[2026-05-23 18:05:23.220] I (189) efuse_init: Chip rev:         v0.4
[2026-05-23 18:05:23.223] I (189) heap_init: Initializing. RAM available for dynamic allocation:
[2026-05-23 18:05:23.228] I (190) heap_init: At 3FC9C340 len 00023CC0 (143 KiB): RAM
[2026-05-23 18:05:23.233] I (191) heap_init: At 3FCC0000 len 0001C710 (113 KiB): Retention RAM
[2026-05-23 18:05:23.237] I (191) heap_init: At 3FCDC710 len 00002950 (10 KiB): Retention RAM
[2026-05-23 18:05:23.238] I (192) heap_init: At 5000021C len 00001DCC (7 KiB): RTCRAM
[2026-05-23 18:05:23.239] I (194) spi_flash: detected chip: generic
[2026-05-23 18:05:23.240] I (194) spi_flash: flash io: dio
[2026-05-23 18:05:23.242] W (194) spi_flash: Detected size(4096k) larger than the size in the binary image header(2048k). Using the size in the binary image header.
[2026-05-23 18:05:23.243] I (196) sleep_gpio: Configure to isolate all GPIO pins in sleep state
[2026-05-23 18:05:23.245] I (196) sleep_gpio: Enable automatic switching of GPIO sleep configuration
[2026-05-23 18:05:23.245] I (197) main_task: Started on CPU0
[2026-05-23 18:05:23.246] I (197) main_task: Calling app_main()
[2026-05-23 18:05:23.246] WCAN_CFG_WAIT v=1
# UART boot config sent: wcan v=1 role=sensor transport=BROADCAST test_duration_ms=30000 host_wait_time_ms=5000 base=0xe0 count=1 hz=200 linger=100
[2026-05-23 18:05:23.247] WCAN_CFG_WAIT v=1
[2026-05-23 18:05:25.689] WCAN_CFG_ACK
[2026-05-23 18:05:25.689] WCAN_CFG_ACK
[2026-05-23 18:05:25.693] I (2862) pp: pp rom version: 9387209
[2026-05-23 18:05:25.694] I (2863) net80211: net80211 rom version: 9387209
[2026-05-23 18:05:25.696] I (2864) wifi:wifi driver task: 3fca7720, prio:23, stack:6656, core=0
[2026-05-23 18:05:25.699] I (2868) wifi:wifi firmware version: 79fa3f41ba
[2026-05-23 18:05:25.699] I (2868) wifi:wifi certification version: v7.0
[2026-05-23 18:05:25.701] I (2868) wifi:config NVS flash: enabled
[2026-05-23 18:05:25.702] I (2868) wifi:config nano formatting: disabled
[2026-05-23 18:05:25.704] I (2869) wifi:Init data frame dynamic rx buffer num: 32
[2026-05-23 18:05:25.706] I (2869) wifi:Init static rx mgmt buffer num: 5
[2026-05-23 18:05:25.708] I (2870) wifi:Init management short buffer num: 32
[2026-05-23 18:05:25.709] I (2870) wifi:Init dynamic tx buffer num: 32
[2026-05-23 18:05:25.711] I (2871) wifi:Init static tx FG buffer num: 2
[2026-05-23 18:05:25.713] I (2871) wifi:Init static rx buffer size: 1600
[2026-05-23 18:05:25.715] I (2872) wifi:Init static rx buffer num: 10
[2026-05-23 18:05:25.716] I (2872) wifi:Init dynamic rx buffer num: 32
[2026-05-23 18:05:25.717] I (2873) wifi_init: rx ba win: 6
[2026-05-23 18:05:25.718] I (2874) wifi_init: accept mbox: 6
[2026-05-23 18:05:25.719] I (2874) wifi_init: tcpip mbox: 32
[2026-05-23 18:05:25.720] I (2874) wifi_init: udp mbox: 6
[2026-05-23 18:05:25.720] I (2874) wifi_init: tcp mbox: 6
[2026-05-23 18:05:25.720] I (2875) wifi_init: tcp tx win: 5760
[2026-05-23 18:05:25.720] I (2875) wifi_init: tcp rx win: 5760
[2026-05-23 18:05:25.721] I (2876) wifi_init: tcp mss: 1440
[2026-05-23 18:05:25.721] I (2876) wifi_init: WiFi IRAM OP enabled
[2026-05-23 18:05:25.721] I (2876) wifi_init: WiFi RX IRAM OP enabled
[2026-05-23 18:05:25.721] I (2877) phy_init: phy_version 1200,2b7123f9,Feb 18 2025,15:22:21
[2026-05-23 18:05:25.745] I (2913) wifi:mode : sta (74:4d:bd:e1:d5:b8)
[2026-05-23 18:05:25.746] I (2914) wifi:enable tsf
[2026-05-23 18:05:25.749] I (2917) ESPNOW: espnow [version: 2.0] init
[2026-05-23 18:05:25.749] WCAN_TEST_READY role=sensor
# Waiting for phased test start
# UART test start sent: WCAN_TEST_START at 2026-05-23T18:05:25.761231
[2026-05-23 18:05:30.703] P(FAIL):7675:e0:40:840:860:21
[2026-05-23 18:05:38.794] P(FAIL):15766:e0:117:2457:2477:21
[2026-05-23 18:05:39.210] P(FAIL):16181:e0:121:2541:2561:21
[2026-05-23 18:05:40.079] P(FAIL):17051:e0:129:2709:2729:21
[2026-05-23 18:05:40.837] P(FAIL):17808:e0:136:2856:2876:21
[2026-05-23 18:05:41.123] P(FAIL):18094:e0:140:2940:2960:21
[2026-05-23 18:05:49.809] P(FAIL):26780:e0:222:4662:4682:21
[2026-05-23 18:05:56.104] P(FAIL):33076:e0:282:5922:5942:21
[2026-05-23 18:05:56.904] P(FAIL):33876:e0:283:5943:5963:21
[2026-05-23 18:05:57.094] WCAN_BATCH id=0xe0 count=286 avg_hz=9.52 avg_points=20.98 min_points=14 max_points=21 avg_interval_ms=105.00 min_interval_ms=104.94 max_interval_ms=105.07 avg_dispatch_ms=2.01 max_dispatch_ms=7.05 dispatched_count=307 avg_queue_wait_ms=21.72 max_queue_wait_ms=280.76
[2026-05-23 18:05:57.097] WCAN_SENSOR_END generated=5998 avg_hz=199.97
[2026-05-23 18:05:57.112] WCAN_MEASURES elapsed_ms=29999 heap_start_free=126780 heap_end_free=141568 heap_start_min_free=126680 heap_end_min_free=126340 heap_start_largest=98304 heap_end_largest=98304 airtime_us_total=614623 packets_sent_total=307 sensor_send_failures_total=0
[2026-05-23 18:05:57.113] WCAN_TEST_END role=sensor

# Monitor stopped: 2026-05-23T18:05:57.113406
