# Monitor started: 2026-05-23T18:05:23.031687
# Port: /dev/ttyACM0, Baud: 921600, Timeout: 35.000s after WCAN_TEST_START

# UART boot config: wcan v=1 role=sensor transport=BROADCAST test_duration_ms=30000 host_wait_time_ms=5000 base=0xd0 count=1 hz=200 linger=100
[2026-05-23 18:05:23.045] ESP-ROM:esp32c3-api1-20210207
[2026-05-23 18:05:23.051] Build:Feb  7 2021
[2026-05-23 18:05:23.066] rst:0x15 (USB_UART_CHIP_RESET),boot:0xd (SPI_FAST_FLASH_BOOT)
[2026-05-23 18:05:23.071] Saved PC:0x40384eba
[2026-05-23 18:05:23.076] SPIWP:0xee
[2026-05-23 18:05:23.081] mode:DIO, clock div:1
[2026-05-23 18:05:23.088] load:0x3fcd5820,len:0x1574
[2026-05-23 18:05:23.091] load:0x403cc710,len:0xc30
[2026-05-23 18:05:23.094] load:0x403ce710,len:0x2fa0
[2026-05-23 18:05:23.099] entry 0x403cc71a
[2026-05-23 18:05:23.101] I (24) boot: ESP-IDF v5.4.1 2nd stage bootloader
[2026-05-23 18:05:23.109] I (24) boot: compile time May 20 2026 00:05:32
[2026-05-23 18:05:23.112] I (25) boot: chip revision: v0.4
[2026-05-23 18:05:23.115] I (25) boot: efuse block revision: v1.3
[2026-05-23 18:05:23.120] I (25) boot.esp32c3: SPI Speed      : 80MHz
[2026-05-23 18:05:23.123] I (25) boot.esp32c3: SPI Mode       : DIO
[2026-05-23 18:05:23.127] I (26) boot.esp32c3: SPI Flash Size : 2MB
[2026-05-23 18:05:23.133] I (26) boot: Enabling RNG early entropy source...
[2026-05-23 18:05:23.134] I (27) boot: Partition Table:
[2026-05-23 18:05:23.137] I (27) boot: ## Label            Usage          Type ST Offset   Length
[2026-05-23 18:05:23.142] I (28) boot:  0 nvs              WiFi data        01 02 00009000 00006000
[2026-05-23 18:05:23.149] I (29) boot:  1 phy_init         RF data          01 01 0000f000 00001000
[2026-05-23 18:05:23.152] I (29) boot:  2 factory          factory app      00 00 00010000 00100000
[2026-05-23 18:05:23.153] I (30) boot: End of partition table
[2026-05-23 18:05:23.155] I (31) esp_image: segment 0: paddr=00010020 vaddr=3c0a0020 size=1977ch (104316) map
[2026-05-23 18:05:23.158] I (48) esp_image: segment 1: paddr=000297a4 vaddr=3fc95200 size=02da0h ( 11680) load
[2026-05-23 18:05:23.159] I (51) esp_image: segment 2: paddr=0002c54c vaddr=40380000 size=03acch ( 15052) load
[2026-05-23 18:05:23.163] I (54) esp_image: segment 3: paddr=00030020 vaddr=42000020 size=9942ch (627756) map
[2026-05-23 18:05:23.169] I (154) esp_image: segment 4: paddr=000c9454 vaddr=40383acc size=11614h ( 71188) load
[2026-05-23 18:05:23.174] I (168) esp_image: segment 5: paddr=000daa70 vaddr=50000200 size=0001ch (    28) load
[2026-05-23 18:05:23.175] I (175) boot: Loaded app from partition at offset 0x10000
[2026-05-23 18:05:23.179] I (175) boot: Disabling RNG early entropy source...
[2026-05-23 18:05:23.185] I (176) cpu_start: Unicore app
[2026-05-23 18:05:23.187] I (185) cpu_start: Pro cpu start user code
[2026-05-23 18:05:23.189] I (185) cpu_start: cpu freq: 160000000 Hz
[2026-05-23 18:05:23.195] I (185) app_init: Application information:
[2026-05-23 18:05:23.201] I (185) app_init: Project name:     sensor_acquirer
[2026-05-23 18:05:23.203] I (185) app_init: App version:      v1.0-171-gbbe0783
[2026-05-23 18:05:23.211] I (186) app_init: Compile time:     May 23 2026 14:30:31
[2026-05-23 18:05:23.214] I (186) app_init: ELF file SHA256:  493679023...
[2026-05-23 18:05:23.216] I (187) app_init: ESP-IDF:          v5.4.1
[2026-05-23 18:05:23.220] I (187) efuse_init: Min chip rev:     v0.3
[2026-05-23 18:05:23.222] I (188) efuse_init: Max chip rev:     v1.99
[2026-05-23 18:05:23.227] I (188) efuse_init: Chip rev:         v0.4
[2026-05-23 18:05:23.231] I (189) heap_init: Initializing. RAM available for dynamic allocation:
[2026-05-23 18:05:23.233] I (190) heap_init: At 3FC9C340 len 00023CC0 (143 KiB): RAM
[2026-05-23 18:05:23.234] I (190) heap_init: At 3FCC0000 len 0001C710 (113 KiB): Retention RAM
[2026-05-23 18:05:23.235] I (191) heap_init: At 3FCDC710 len 00002950 (10 KiB): Retention RAM
[2026-05-23 18:05:23.236] I (192) heap_init: At 5000021C len 00001DCC (7 KiB): RTCRAM
[2026-05-23 18:05:23.238] I (193) spi_flash: detected chip: generic
[2026-05-23 18:05:23.239] I (193) spi_flash: flash io: dio
[2026-05-23 18:05:23.241] W (194) spi_flash: Detected size(4096k) larger than the size in the binary image header(2048k). Using the size in the binary image header.
[2026-05-23 18:05:23.242] I (195) sleep_gpio: Configure to isolate all GPIO pins in sleep state
[2026-05-23 18:05:23.244] I (196) sleep_gpio: Enable automatic switching of GPIO sleep configuration
[2026-05-23 18:05:23.244] I (197) main_task: Started on CPU0
[2026-05-23 18:05:23.245] I (197) main_task: Calling app_main()
[2026-05-23 18:05:23.246] WCAN_CFG_WAIT v=1
# UART boot config sent: wcan v=1 role=sensor transport=BROADCAST test_duration_ms=30000 host_wait_time_ms=5000 base=0xd0 count=1 hz=200 linger=100
[2026-05-23 18:05:23.246] WCAN_CFG_WAIT v=1
[2026-05-23 18:05:25.689] WCAN_CFG_ACK
[2026-05-23 18:05:25.690] WCAN_CFG_ACK
[2026-05-23 18:05:25.694] I (2862) pp: pp rom version: 9387209
[2026-05-23 18:05:25.695] I (2863) net80211: net80211 rom version: 9387209
[2026-05-23 18:05:25.696] I (2864) wifi:wifi driver task: 3fca77a4, prio:23, stack:6656, core=0
[2026-05-23 18:05:25.700] I (2868) wifi:wifi firmware version: 79fa3f41ba
[2026-05-23 18:05:25.701] I (2868) wifi:wifi certification version: v7.0
[2026-05-23 18:05:25.702] I (2868) wifi:config NVS flash: enabled
[2026-05-23 18:05:25.703] I (2868) wifi:config nano formatting: disabled
[2026-05-23 18:05:25.705] I (2869) wifi:Init data frame dynamic rx buffer num: 32
[2026-05-23 18:05:25.706] I (2869) wifi:Init static rx mgmt buffer num: 5
[2026-05-23 18:05:25.707] I (2870) wifi:Init management short buffer num: 32
[2026-05-23 18:05:25.708] I (2870) wifi:Init dynamic tx buffer num: 32
[2026-05-23 18:05:25.709] I (2871) wifi:Init static tx FG buffer num: 2
[2026-05-23 18:05:25.710] I (2871) wifi:Init static rx buffer size: 1600
[2026-05-23 18:05:25.710] I (2872) wifi:Init static rx buffer num: 10
[2026-05-23 18:05:25.711] I (2872) wifi:Init dynamic rx buffer num: 32
[2026-05-23 18:05:25.712] I (2873) wifi_init: rx ba win: 6
[2026-05-23 18:05:25.712] I (2874) wifi_init: accept mbox: 6
[2026-05-23 18:05:25.713] I (2874) wifi_init: tcpip mbox: 32
[2026-05-23 18:05:25.714] I (2874) wifi_init: udp mbox: 6
[2026-05-23 18:05:25.714] I (2874) wifi_init: tcp mbox: 6
[2026-05-23 18:05:25.715] I (2875) wifi_init: tcp tx win: 5760
[2026-05-23 18:05:25.716] I (2875) wifi_init: tcp rx win: 5760
[2026-05-23 18:05:25.717] I (2876) wifi_init: tcp mss: 1440
[2026-05-23 18:05:25.717] I (2876) wifi_init: WiFi IRAM OP enabled
[2026-05-23 18:05:25.718] I (2876) wifi_init: WiFi RX IRAM OP enabled
[2026-05-23 18:05:25.720] I (2877) phy_init: phy_version 1200,2b7123f9,Feb 18 2025,15:22:21
[2026-05-23 18:05:25.746] I (2913) wifi:mode : sta (54:32:04:8c:0b:8c)
[2026-05-23 18:05:25.746] I (2913) wifi:enable tsf
[2026-05-23 18:05:25.749] I (2916) ESPNOW: espnow [version: 2.0] init
[2026-05-23 18:05:25.750] WCAN_TEST_READY role=sensor
# Waiting for phased test start
# UART test start sent: WCAN_TEST_START at 2026-05-23T18:05:25.761378
[2026-05-23 18:05:26.571] P(FAIL):3542:d0:0:0:20:21
[2026-05-23 18:05:26.897] P(FAIL):3864:d0:4:84:104:21
[2026-05-23 18:05:27.362] P(FAIL):4333:d0:8:168:188:21
[2026-05-23 18:05:27.796] P(FAIL):4767:d0:12:252:272:21
[2026-05-23 18:05:28.217] P(FAIL):5188:d0:16:336:356:21
[2026-05-23 18:05:28.641] P(FAIL):5612:d0:20:420:440:21
[2026-05-23 18:05:29.135] P(FAIL):6106:d0:24:504:524:21
[2026-05-23 18:05:29.618] P(FAIL):6589:d0:29:609:629:21
[2026-05-23 18:05:29.908] P(FAIL):6879:d0:33:693:713:21
[2026-05-23 18:05:30.335] P(FAIL):7306:d0:36:756:776:21
[2026-05-23 18:05:31.301] P(FAIL):8272:d0:45:945:965:21
[2026-05-23 18:05:31.682] P(FAIL):8653:d0:49:1029:1049:21
[2026-05-23 18:05:32.047] P(FAIL):9018:d0:53:1113:1133:21
[2026-05-23 18:05:32.390] P(FAIL):9361:d0:56:1176:1196:21
[2026-05-23 18:05:32.881] P(FAIL):9852:d0:60:1260:1280:21
[2026-05-23 18:05:33.237] P(FAIL):10208:d0:64:1344:1364:21
[2026-05-23 18:05:33.610] P(FAIL):10581:d0:68:1428:1448:21
[2026-05-23 18:05:33.929] P(FAIL):10900:d0:71:1491:1511:21
[2026-05-23 18:05:34.246] P(FAIL):11217:d0:74:1554:1574:21
[2026-05-23 18:05:34.619] P(FAIL):11590:d0:77:1617:1637:21
[2026-05-23 18:05:35.002] P(FAIL):11973:d0:81:1701:1721:21
[2026-05-23 18:05:35.461] P(FAIL):12432:d0:85:1785:1805:21
[2026-05-23 18:05:35.827] P(FAIL):12798:d0:89:1869:1889:21
[2026-05-23 18:05:36.239] P(FAIL):13210:d0:92:1932:1952:21
[2026-05-23 18:05:36.623] P(FAIL):13594:d0:96:2016:2036:21
[2026-05-23 18:05:37.282] P(FAIL):14253:d0:102:2142:2162:21
[2026-05-23 18:05:37.705] P(FAIL):14676:d0:106:2226:2246:21
[2026-05-23 18:05:38.020] P(FAIL):14991:d0:110:2310:2330:21
[2026-05-23 18:05:38.458] P(FAIL):15428:d0:113:2373:2393:21
[2026-05-23 18:05:38.823] P(FAIL):15794:d0:115:2415:2435:21
[2026-05-23 18:05:39.703] P(FAIL):16674:d0:126:2646:2666:21
[2026-05-23 18:05:40.456] P(FAIL):17427:d0:133:2793:2813:21
[2026-05-23 18:05:40.710] P(FAIL):17681:d0:135:2835:2855:21
[2026-05-23 18:05:41.619] P(FAIL):18590:d0:143:3003:3023:21
[2026-05-23 18:05:42.107] P(FAIL):19078:d0:148:3108:3128:21
[2026-05-23 18:05:42.463] P(FAIL):19433:d0:152:3192:3212:21
[2026-05-23 18:05:43.026] P(FAIL):19997:d0:157:3297:3317:21
[2026-05-23 18:05:43.384] P(FAIL):20355:d0:161:3381:3401:21
[2026-05-23 18:05:43.761] P(FAIL):20732:d0:164:3444:3464:21
[2026-05-23 18:05:44.148] P(FAIL):21119:d0:168:3528:3548:21
[2026-05-23 18:05:44.540] P(FAIL):21510:d0:172:3612:3632:21
[2026-05-23 18:05:44.973] P(FAIL):21943:d0:176:3696:3716:21
[2026-05-23 18:05:45.413] P(FAIL):22384:d0:180:3780:3800:21
[2026-05-23 18:05:45.846] P(FAIL):22817:d0:184:3864:3884:21
[2026-05-23 18:05:46.513] P(FAIL):23484:d0:190:3990:4010:21
[2026-05-23 18:05:46.921] P(FAIL):23891:d0:194:4074:4094:21
[2026-05-23 18:05:47.431] P(FAIL):24401:d0:199:4179:4199:21
[2026-05-23 18:05:47.786] P(FAIL):24757:d0:203:4263:4283:21
[2026-05-23 18:05:48.131] P(FAIL):25101:d0:206:4326:4346:21
[2026-05-23 18:05:48.633] P(FAIL):25604:d0:210:4410:4430:21
[2026-05-23 18:05:48.962] P(FAIL):25933:d0:214:4494:4514:21
[2026-05-23 18:05:49.484] P(FAIL):26454:d0:219:4599:4619:21
[2026-05-23 18:05:49.833] P(FAIL):26803:d0:221:4641:4661:21
[2026-05-23 18:05:50.308] P(FAIL):27279:d0:226:4746:4766:21
[2026-05-23 18:05:50.685] P(FAIL):27656:d0:230:4830:4850:21
[2026-05-23 18:05:51.176] P(FAIL):28147:d0:234:4914:4934:21
[2026-05-23 18:05:51.710] P(FAIL):28680:d0:239:5019:5039:21
[2026-05-23 18:05:52.145] P(FAIL):29115:d0:244:5124:5144:21
[2026-05-23 18:05:52.561] P(FAIL):29531:d0:248:5208:5228:21
[2026-05-23 18:05:53.009] P(FAIL):29979:d0:252:5292:5312:21
[2026-05-23 18:05:53.401] P(FAIL):30372:d0:256:5376:5396:21
[2026-05-23 18:05:53.759] P(FAIL):30729:d0:260:5460:5480:21
[2026-05-23 18:05:54.109] P(FAIL):31079:d0:263:5523:5543:21
[2026-05-23 18:05:54.581] P(FAIL):31552:d0:267:5607:5627:21
[2026-05-23 18:05:54.985] P(FAIL):31955:d0:271:5691:5711:21
[2026-05-23 18:05:55.419] P(FAIL):32389:d0:275:5775:5795:21
[2026-05-23 18:05:55.918] P(FAIL):32889:d0:280:5880:5900:21
[2026-05-23 18:05:56.332] P(FAIL):33303:d0:281:5901:5921:21
[2026-05-23 18:05:57.097] WCAN_BATCH id=0xd0 count=286 avg_hz=9.52 avg_points=20.98 min_points=14 max_points=21 avg_interval_ms=105.00 min_interval_ms=104.92 max_interval_ms=105.08 avg_dispatch_ms=2.10 max_dispatch_ms=7.10 dispatched_count=490 avg_queue_wait_ms=140.67 max_queue_wait_ms=505.80
[2026-05-23 18:05:57.100] WCAN_SENSOR_END generated=5998 avg_hz=199.97
[2026-05-23 18:05:57.113] WCAN_MEASURES elapsed_ms=29999 heap_start_free=126648 heap_end_free=141436 heap_start_min_free=126548 heap_end_min_free=126208 heap_start_largest=98304 heap_end_largest=98304 airtime_us_total=1025426 packets_sent_total=490 sensor_send_failures_total=0
[2026-05-23 18:05:57.114] WCAN_TEST_END role=sensor

# Monitor stopped: 2026-05-23T18:05:57.114128
