# Monitor started: 2026-05-23T16:54:44.325742
# Port: /dev/ttyACM0, Baud: 921600, Timeout: 35.000s after WCAN_TEST_START

# UART boot config: wcan v=1 role=sensor transport=BROADCAST test_duration_ms=30000 host_wait_time_ms=5000 base=0xd0 count=1 hz=100 linger=0
[2026-05-23 16:54:44.334] ESP-ROM:esp32c3-api1-20210207
[2026-05-23 16:54:44.341] Build:Feb  7 2021
[2026-05-23 16:54:44.368] rst:0x15 (USB_UART_CHIP_RESET),boot:0xd (SPI_FAST_FLASH_BOOT)
[2026-05-23 16:54:44.374] Saved PC:0x40384eba
[2026-05-23 16:54:44.380] SPIWP:0xee
[2026-05-23 16:54:44.390] mode:DIO, clock div:1
[2026-05-23 16:54:44.401] load:0x3fcd5820,len:0x1574
[2026-05-23 16:54:44.406] load:0x403cc710,len:0xc30
[2026-05-23 16:54:44.412] load:0x403ce710,len:0x2fa0
[2026-05-23 16:54:44.414] entry 0x403cc71a
[2026-05-23 16:54:44.419] I (24) boot: ESP-IDF v5.4.1 2nd stage bootloader
[2026-05-23 16:54:44.421] I (24) boot: compile time May 20 2026 00:05:32
[2026-05-23 16:54:44.423] I (25) boot: chip revision: v0.4
[2026-05-23 16:54:44.425] I (25) boot: efuse block revision: v1.3
[2026-05-23 16:54:44.432] I (25) boot.esp32c3: SPI Speed      : 80MHz
[2026-05-23 16:54:44.434] I (25) boot.esp32c3: SPI Mode       : DIO
[2026-05-23 16:54:44.441] I (26) boot.esp32c3: SPI Flash Size : 2MB
[2026-05-23 16:54:44.444] I (26) boot: Enabling RNG early entropy source...
[2026-05-23 16:54:44.446] I (27) boot: Partition Table:
[2026-05-23 16:54:44.458] I (27) boot: ## Label            Usage          Type ST Offset   Length
[2026-05-23 16:54:44.461] I (28) boot:  0 nvs              WiFi data        01 02 00009000 00006000
[2026-05-23 16:54:44.463] I (29) boot:  1 phy_init         RF data          01 01 0000f000 00001000
[2026-05-23 16:54:44.465] I (29) boot:  2 factory          factory app      00 00 00010000 00100000
[2026-05-23 16:54:44.468] I (30) boot: End of partition table
[2026-05-23 16:54:44.473] I (31) esp_image: segment 0: paddr=00010020 vaddr=3c0a0020 size=1977ch (104316) map
[2026-05-23 16:54:44.476] I (48) esp_image: segment 1: paddr=000297a4 vaddr=3fc95200 size=02da0h ( 11680) load
[2026-05-23 16:54:44.479] I (51) esp_image: segment 2: paddr=0002c54c vaddr=40380000 size=03acch ( 15052) load
[2026-05-23 16:54:44.482] I (54) esp_image: segment 3: paddr=00030020 vaddr=42000020 size=9942ch (627756) map
[2026-05-23 16:54:44.487] I (154) esp_image: segment 4: paddr=000c9454 vaddr=40383acc size=11614h ( 71188) load
[2026-05-23 16:54:44.489] I (168) esp_image: segment 5: paddr=000daa70 vaddr=50000200 size=0001ch (    28) load
[2026-05-23 16:54:44.496] I (175) boot: Loaded app from partition at offset 0x10000
[2026-05-23 16:54:44.503] I (175) boot: Disabling RNG early entropy source...
[2026-05-23 16:54:44.505] I (176) cpu_start: Unicore app
[2026-05-23 16:54:44.507] I (185) cpu_start: Pro cpu start user code
[2026-05-23 16:54:44.510] I (185) cpu_start: cpu freq: 160000000 Hz
[2026-05-23 16:54:44.512] I (185) app_init: Application information:
[2026-05-23 16:54:44.515] I (185) app_init: Project name:     sensor_acquirer
[2026-05-23 16:54:44.518] I (185) app_init: App version:      v1.0-171-gbbe0783
[2026-05-23 16:54:44.521] I (186) app_init: Compile time:     May 23 2026 14:30:31
[2026-05-23 16:54:44.523] I (186) app_init: ELF file SHA256:  493679023...
[2026-05-23 16:54:44.524] I (187) app_init: ESP-IDF:          v5.4.1
[2026-05-23 16:54:44.526] I (187) efuse_init: Min chip rev:     v0.3
[2026-05-23 16:54:44.528] I (188) efuse_init: Max chip rev:     v1.99
[2026-05-23 16:54:44.529] I (188) efuse_init: Chip rev:         v0.4
[2026-05-23 16:54:44.532] I (189) heap_init: Initializing. RAM available for dynamic allocation:
[2026-05-23 16:54:44.538] I (190) heap_init: At 3FC9C340 len 00023CC0 (143 KiB): RAM
[2026-05-23 16:54:44.539] I (190) heap_init: At 3FCC0000 len 0001C710 (113 KiB): Retention RAM
[2026-05-23 16:54:44.540] I (191) heap_init: At 3FCDC710 len 00002950 (10 KiB): Retention RAM
[2026-05-23 16:54:44.540] I (192) heap_init: At 5000021C len 00001DCC (7 KiB): RTCRAM
[2026-05-23 16:54:44.541] I (193) spi_flash: detected chip: generic
[2026-05-23 16:54:44.544] I (193) spi_flash: flash io: dio
[2026-05-23 16:54:44.547] W (194) spi_flash: Detected size(4096k) larger than the size in the binary image header(2048k). Using the size in the binary image header.
[2026-05-23 16:54:44.548] I (195) sleep_gpio: Configure to isolate all GPIO pins in sleep state
[2026-05-23 16:54:44.551] I (196) sleep_gpio: Enable automatic switching of GPIO sleep configuration
[2026-05-23 16:54:44.552] I (197) main_task: Started on CPU0
[2026-05-23 16:54:44.553] I (197) main_task: Calling app_main()
[2026-05-23 16:54:44.553] WCAN_CFG_WAIT v=1
# UART boot config sent: wcan v=1 role=sensor transport=BROADCAST test_duration_ms=30000 host_wait_time_ms=5000 base=0xd0 count=1 hz=100 linger=0
[2026-05-23 16:54:44.557] WCAN_CFG_WAIT v=1
[2026-05-23 16:54:46.953] WCAN_CFG_ACK
[2026-05-23 16:54:46.953] WCAN_CFG_ACK
[2026-05-23 16:54:46.958] I (2832) pp: pp rom version: 9387209
[2026-05-23 16:54:46.958] I (2833) net80211: net80211 rom version: 9387209
[2026-05-23 16:54:46.960] I (2834) wifi:wifi driver task: 3fca77a4, prio:23, stack:6656, core=0
[2026-05-23 16:54:46.964] I (2838) wifi:wifi firmware version: 79fa3f41ba
[2026-05-23 16:54:46.964] I (2838) wifi:wifi certification version: v7.0
[2026-05-23 16:54:46.964] I (2838) wifi:config NVS flash: enabled
[2026-05-23 16:54:46.965] I (2838) wifi:config nano formatting: disabled
[2026-05-23 16:54:46.965] I (2839) wifi:Init data frame dynamic rx buffer num: 32
[2026-05-23 16:54:46.965] I (2839) wifi:Init static rx mgmt buffer num: 5
[2026-05-23 16:54:46.966] I (2840) wifi:Init management short buffer num: 32
[2026-05-23 16:54:46.966] I (2840) wifi:Init dynamic tx buffer num: 32
[2026-05-23 16:54:46.967] I (2841) wifi:Init static tx FG buffer num: 2
[2026-05-23 16:54:46.968] I (2841) wifi:Init static rx buffer size: 1600
[2026-05-23 16:54:46.968] I (2842) wifi:Init static rx buffer num: 10
[2026-05-23 16:54:46.969] I (2842) wifi:Init dynamic rx buffer num: 32
[2026-05-23 16:54:46.970] I (2844) wifi_init: rx ba win: 6
[2026-05-23 16:54:46.970] I (2844) wifi_init: accept mbox: 6
[2026-05-23 16:54:46.970] I (2844) wifi_init: tcpip mbox: 32
[2026-05-23 16:54:46.970] I (2844) wifi_init: udp mbox: 6
[2026-05-23 16:54:46.970] I (2844) wifi_init: tcp mbox: 6
[2026-05-23 16:54:46.971] I (2845) wifi_init: tcp tx win: 5760
[2026-05-23 16:54:46.971] I (2845) wifi_init: tcp rx win: 5760
[2026-05-23 16:54:46.972] I (2846) wifi_init: tcp mss: 1440
[2026-05-23 16:54:46.972] I (2846) wifi_init: WiFi IRAM OP enabled
[2026-05-23 16:54:46.973] I (2846) wifi_init: WiFi RX IRAM OP enabled
[2026-05-23 16:54:46.974] I (2847) phy_init: phy_version 1200,2b7123f9,Feb 18 2025,15:22:21
[2026-05-23 16:54:47.007] I (2881) wifi:mode : sta (54:32:04:8c:0b:8c)
[2026-05-23 16:54:47.007] I (2881) wifi:enable tsf
[2026-05-23 16:54:47.011] I (2884) ESPNOW: espnow [version: 2.0] init
[2026-05-23 16:54:47.012] WCAN_TEST_READY role=sensor
# Waiting for phased test start
# UART test start sent: WCAN_TEST_START at 2026-05-23T16:54:47.023533
[2026-05-23 16:54:51.372] S(FAIL):7049:d0:0:388:394:7
[2026-05-23 16:54:52.232] S(FAIL):7909:d0:0:403:405:3
[2026-05-23 16:54:52.332] S(FAIL):8009:d0:0:489:497:9
[2026-05-23 16:54:52.362] S(FAIL):8039:d0:0:499:500:2
[2026-05-23 16:54:54.142] S(FAIL):9819:d0:0:502:502:1
[2026-05-23 16:54:54.182] S(FAIL):9859:d0:0:680:682:3
[2026-05-23 16:54:54.252] S(FAIL):9929:d0:0:684:685:2
[2026-05-23 16:54:54.292] S(FAIL):9969:d0:0:691:692:2
[2026-05-23 16:54:54.342] S(FAIL):10019:d0:0:695:698:4
[2026-05-23 16:54:54.362] S(FAIL):10039:d0:0:700:700:1
[2026-05-23 16:54:54.382] S(FAIL):10059:d0:0:702:702:1
[2026-05-23 16:54:54.562] S(FAIL):10239:d0:0:704:713:10
[2026-05-23 16:54:58.042] S(FAIL):13719:d0:0:722:725:4
[2026-05-23 16:54:58.072] S(FAIL):13749:d0:0:1070:1071:2
[2026-05-23 16:54:58.302] S(FAIL):13979:d0:0:1073:1075:3
[2026-05-23 16:55:13.982] S(FAIL):29659:d0:0:1096:1097:2
[2026-05-23 16:55:14.082] S(FAIL):29759:d0:0:2664:2665:2
[2026-05-23 16:55:14.303] S(FAIL):29979:d0:0:2674:2677:4
[2026-05-23 16:55:14.593] S(FAIL):30269:d0:0:2696:2700:5
[2026-05-23 16:55:14.653] S(FAIL):30329:d0:0:2725:2728:4
[2026-05-23 16:55:14.762] S(FAIL):30439:d0:0:2731:2740:10
[2026-05-23 16:55:14.943] S(FAIL):30619:d0:0:2742:2752:11
[2026-05-23 16:55:15.783] S(FAIL):31459:d0:0:2760:2765:6
[2026-05-23 16:55:16.422] S(FAIL):32099:d0:0:2844:2847:4
[2026-05-23 16:55:16.492] S(FAIL):32169:d0:0:2908:2909:2
[2026-05-23 16:55:17.122] S(FAIL):32799:d0:0:2915:2917:3
[2026-05-23 16:55:17.296] P(FAIL):32973:d0:2861:2968:2968:1
[2026-05-23 16:55:17.313] S(FAIL):32989:d0:0:2978:2995:18
[2026-05-23 16:55:17.953] P(FAIL):33630:d0:2862:2969:2969:1
[2026-05-23 16:55:18.338] WCAN_BATCH id=0xd0 count=2872 avg_hz=95.83 avg_points=1.00 min_points=1 max_points=1 avg_interval_ms=10.44 min_interval_ms=9.88 max_interval_ms=190.04 avg_dispatch_ms=1.48 max_dispatch_ms=22.34 dispatched_count=2886 avg_queue_wait_ms=10.28 max_queue_wait_ms=361.78
[2026-05-23 16:55:18.339] WCAN_SENSOR_END generated=2998 avg_hz=99.97
[2026-05-23 16:55:18.339] S(FAIL):34012:d0:0:2997:2998:2
[2026-05-23 16:55:18.344] WCAN_MEASURES elapsed_ms=29999 heap_start_free=126648 heap_end_free=141360 heap_start_min_free=126648 heap_end_min_free=126356 heap_start_largest=98304 heap_end_largest=98304 airtime_us_total=4249584 packets_sent_total=2886 sensor_send_failures_total=127
[2026-05-23 16:55:18.344] WCAN_TEST_END role=sensor

# Monitor stopped: 2026-05-23T16:55:18.344788
