# Monitor started: 2026-05-23T18:17:33.284943
# Port: /dev/ttyACM0, Baud: 921600, Timeout: 35.000s after WCAN_TEST_START

# UART boot config: wcan v=1 role=sensor transport=BROADCAST test_duration_ms=30000 host_wait_time_ms=5000 base=0xd0 count=1 hz=1000 linger=100
[2026-05-23 18:17:33.296] ESP-ROM:esp32c3-api1-20210207
[2026-05-23 18:17:33.306] Build:Feb  7 2021
[2026-05-23 18:17:33.323] rst:0x15 (USB_UART_CHIP_RESET),boot:0xd (SPI_FAST_FLASH_BOOT)
[2026-05-23 18:17:33.329] Saved PC:0x40384eba
[2026-05-23 18:17:33.333] SPIWP:0xee
[2026-05-23 18:17:33.341] mode:DIO, clock div:1
[2026-05-23 18:17:33.349] load:0x3fcd5820,len:0x1574
[2026-05-23 18:17:33.351] load:0x403cc710,len:0xc30
[2026-05-23 18:17:33.357] load:0x403ce710,len:0x2fa0
[2026-05-23 18:17:33.360] entry 0x403cc71a
[2026-05-23 18:17:33.364] I (24) boot: ESP-IDF v5.4.1 2nd stage bootloader
[2026-05-23 18:17:33.365] I (24) boot: compile time May 20 2026 00:05:32
[2026-05-23 18:17:33.372] I (25) boot: chip revision: v0.4
[2026-05-23 18:17:33.373] I (25) boot: efuse block revision: v1.3
[2026-05-23 18:17:33.374] I (25) boot.esp32c3: SPI Speed      : 80MHz
[2026-05-23 18:17:33.375] I (25) boot.esp32c3: SPI Mode       : DIO
[2026-05-23 18:17:33.377] I (26) boot.esp32c3: SPI Flash Size : 2MB
[2026-05-23 18:17:33.378] I (26) boot: Enabling RNG early entropy source...
[2026-05-23 18:17:33.379] I (27) boot: Partition Table:
[2026-05-23 18:17:33.382] I (27) boot: ## Label            Usage          Type ST Offset   Length
[2026-05-23 18:17:33.384] I (28) boot:  0 nvs              WiFi data        01 02 00009000 00006000
[2026-05-23 18:17:33.386] I (29) boot:  1 phy_init         RF data          01 01 0000f000 00001000
[2026-05-23 18:17:33.394] I (29) boot:  2 factory          factory app      00 00 00010000 00100000
[2026-05-23 18:17:33.395] I (30) boot: End of partition table
[2026-05-23 18:17:33.398] I (31) esp_image: segment 0: paddr=00010020 vaddr=3c0a0020 size=1977ch (104316) map
[2026-05-23 18:17:33.402] I (48) esp_image: segment 1: paddr=000297a4 vaddr=3fc95200 size=02da0h ( 11680) load
[2026-05-23 18:17:33.404] I (51) esp_image: segment 2: paddr=0002c54c vaddr=40380000 size=03acch ( 15052) load
[2026-05-23 18:17:33.407] I (54) esp_image: segment 3: paddr=00030020 vaddr=42000020 size=9942ch (627756) map
[2026-05-23 18:17:33.410] I (154) esp_image: segment 4: paddr=000c9454 vaddr=40383acc size=11614h ( 71188) load
[2026-05-23 18:17:33.413] I (168) esp_image: segment 5: paddr=000daa70 vaddr=50000200 size=0001ch (    28) load
[2026-05-23 18:17:33.416] I (175) boot: Loaded app from partition at offset 0x10000
[2026-05-23 18:17:33.429] I (175) boot: Disabling RNG early entropy source...
[2026-05-23 18:17:33.434] I (176) cpu_start: Unicore app
[2026-05-23 18:17:33.440] I (185) cpu_start: Pro cpu start user code
[2026-05-23 18:17:33.441] I (185) cpu_start: cpu freq: 160000000 Hz
[2026-05-23 18:17:33.451] I (185) app_init: Application information:
[2026-05-23 18:17:33.456] I (185) app_init: Project name:     sensor_acquirer
[2026-05-23 18:17:33.464] I (185) app_init: App version:      v1.0-171-gbbe0783
[2026-05-23 18:17:33.471] I (186) app_init: Compile time:     May 23 2026 14:30:31
[2026-05-23 18:17:33.473] I (186) app_init: ELF file SHA256:  493679023...
[2026-05-23 18:17:33.475] I (187) app_init: ESP-IDF:          v5.4.1
[2026-05-23 18:17:33.483] I (188) efuse_init: Min chip rev:     v0.3
[2026-05-23 18:17:33.487] I (188) efuse_init: Max chip rev:     v1.99
[2026-05-23 18:17:33.487] I (188) efuse_init: Chip rev:         v0.4
[2026-05-23 18:17:33.488] I (189) heap_init: Initializing. RAM available for dynamic allocation:
[2026-05-23 18:17:33.488] I (190) heap_init: At 3FC9C340 len 00023CC0 (143 KiB): RAM
[2026-05-23 18:17:33.489] I (190) heap_init: At 3FCC0000 len 0001C710 (113 KiB): Retention RAM
[2026-05-23 18:17:33.489] I (191) heap_init: At 3FCDC710 len 00002950 (10 KiB): Retention RAM
[2026-05-23 18:17:33.490] I (192) heap_init: At 5000021C len 00001DCC (7 KiB): RTCRAM
[2026-05-23 18:17:33.490] I (194) spi_flash: detected chip: generic
[2026-05-23 18:17:33.495] I (194) spi_flash: flash io: dio
[2026-05-23 18:17:33.497] W (194) spi_flash: Detected size(4096k) larger than the size in the binary image header(2048k). Using the size in the binary image header.
[2026-05-23 18:17:33.498] I (195) sleep_gpio: Configure to isolate all GPIO pins in sleep state
[2026-05-23 18:17:33.499] I (196) sleep_gpio: Enable automatic switching of GPIO sleep configuration
[2026-05-23 18:17:33.499] I (197) main_task: Started on CPU0
[2026-05-23 18:17:33.499] I (197) main_task: Calling app_main()
[2026-05-23 18:17:33.499] WCAN_CFG_WAIT v=1
# UART boot config sent: wcan v=1 role=sensor transport=BROADCAST test_duration_ms=30000 host_wait_time_ms=5000 base=0xd0 count=1 hz=1000 linger=100
[2026-05-23 18:17:33.500] WCAN_CFG_WAIT v=1
[2026-05-23 18:17:35.963] WCAN_CFG_ACK
[2026-05-23 18:17:35.966] WCAN_CFG_ACK
[2026-05-23 18:17:35.969] I (2882) pp: pp rom version: 9387209
[2026-05-23 18:17:35.973] I (2883) net80211: net80211 rom version: 9387209
[2026-05-23 18:17:35.979] I (2884) wifi:wifi driver task: 3fca77a4, prio:23, stack:6656, core=0
[2026-05-23 18:17:35.982] I (2888) wifi:wifi firmware version: 79fa3f41ba
[2026-05-23 18:17:35.987] I (2888) wifi:wifi certification version: v7.0
[2026-05-23 18:17:35.990] I (2888) wifi:config NVS flash: enabled
[2026-05-23 18:17:35.994] I (2888) wifi:config nano formatting: disabled
[2026-05-23 18:17:35.997] I (2889) wifi:Init data frame dynamic rx buffer num: 32
[2026-05-23 18:17:36.001] I (2889) wifi:Init static rx mgmt buffer num: 5
[2026-05-23 18:17:36.004] I (2890) wifi:Init management short buffer num: 32
[2026-05-23 18:17:36.006] I (2890) wifi:Init dynamic tx buffer num: 32
[2026-05-23 18:17:36.009] I (2891) wifi:Init static tx FG buffer num: 2
[2026-05-23 18:17:36.011] I (2891) wifi:Init static rx buffer size: 1600
[2026-05-23 18:17:36.013] I (2892) wifi:Init static rx buffer num: 10
[2026-05-23 18:17:36.014] I (2892) wifi:Init dynamic rx buffer num: 32
[2026-05-23 18:17:36.015] I (2894) wifi_init: rx ba win: 6
[2026-05-23 18:17:36.016] I (2894) wifi_init: accept mbox: 6
[2026-05-23 18:17:36.017] I (2894) wifi_init: tcpip mbox: 32
[2026-05-23 18:17:36.018] I (2894) wifi_init: udp mbox: 6
[2026-05-23 18:17:36.019] I (2894) wifi_init: tcp mbox: 6
[2026-05-23 18:17:36.020] I (2895) wifi_init: tcp tx win: 5760
[2026-05-23 18:17:36.021] I (2895) wifi_init: tcp rx win: 5760
[2026-05-23 18:17:36.022] I (2896) wifi_init: tcp mss: 1440
[2026-05-23 18:17:36.023] I (2896) wifi_init: WiFi IRAM OP enabled
[2026-05-23 18:17:36.024] I (2896) wifi_init: WiFi RX IRAM OP enabled
[2026-05-23 18:17:36.025] I (2897) phy_init: phy_version 1200,2b7123f9,Feb 18 2025,15:22:21
[2026-05-23 18:17:36.026] I (2932) wifi:mode : sta (54:32:04:8c:0b:8c)
[2026-05-23 18:17:36.027] I (2933) wifi:enable tsf
[2026-05-23 18:17:36.028] I (2936) ESPNOW: espnow [version: 2.0] init
[2026-05-23 18:17:36.029] WCAN_TEST_READY role=sensor
# Waiting for phased test start
# UART test start sent: WCAN_TEST_START at 2026-05-23T18:17:36.040562
[2026-05-23 18:18:05.968] P(FAIL):32685:d0:289:29189:29289:101
[2026-05-23 18:18:06.393] P(FAIL):33110:d0:293:29593:29693:101
[2026-05-23 18:18:07.192] P(FAIL):33910:d0:294:29694:29794:101
[2026-05-23 18:18:07.351] WCAN_BATCH id=0xd0 count=298 avg_hz=9.90 avg_points=100.67 min_points=2 max_points=101 avg_interval_ms=101.00 min_interval_ms=100.94 max_interval_ms=101.03 avg_dispatch_ms=4.71 max_dispatch_ms=10.56 dispatched_count=301 avg_queue_wait_ms=5.15 max_queue_wait_ms=264.77
[2026-05-23 18:18:07.352] WCAN_SENSOR_END generated=29998 avg_hz=1000.00
[2026-05-23 18:18:07.356] WCAN_MEASURES elapsed_ms=29999 heap_start_free=126648 heap_end_free=141436 heap_start_min_free=126648 heap_end_min_free=123820 heap_start_largest=98304 heap_end_largest=98304 airtime_us_total=1415699 packets_sent_total=301 sensor_send_failures_total=0
[2026-05-23 18:18:07.356] WCAN_TEST_END role=sensor

# Monitor stopped: 2026-05-23T18:18:07.356815
