# Monitor started: 2026-05-23T19:44:20.260468
# Port: /dev/ttyACM1, Baud: 921600, Timeout: 35.000s after WCAN_TEST_START

# UART boot config: wcan v=1 role=sensor transport=MULTICAST test_duration_ms=30000 host_wait_time_ms=5000 base=0xe0 count=3 hz=10 linger=100
[2026-05-23 19:44:20.261] ESP-ROM:esp32c3-api1-20210207
[2026-05-23 19:44:20.262] Build:Feb  7 2021
[2026-05-23 19:44:20.267] rst:0x15 (USB_UART_CHIP_RESET),boot:0xd (SPI_FAST_FLASH_BOOT)
[2026-05-23 19:44:20.269] Saved PC:0x40384eba
[2026-05-23 19:44:20.270] SPIWP:0xee
[2026-05-23 19:44:20.271] mode:DIO, clock div:1
[2026-05-23 19:44:20.273] load:0x3fcd5820,len:0x1574
[2026-05-23 19:44:20.273] load:0x403cc710,len:0xc30
[2026-05-23 19:44:20.274] load:0x403ce710,len:0x2fa0
[2026-05-23 19:44:20.275] entry 0x403cc71a
[2026-05-23 19:44:20.277] I (24) boot: ESP-IDF v5.4.1 2nd stage bootloader
[2026-05-23 19:44:20.286] I (24) boot: compile time May 19 2026 23:41:33
[2026-05-23 19:44:20.289] I (25) boot: chip revision: v0.4
[2026-05-23 19:44:20.292] I (25) boot: efuse block revision: v1.3
[2026-05-23 19:44:20.297] I (25) boot.esp32c3: SPI Speed      : 80MHz
[2026-05-23 19:44:20.299] I (25) boot.esp32c3: SPI Mode       : DIO
[2026-05-23 19:44:20.302] I (26) boot.esp32c3: SPI Flash Size : 2MB
[2026-05-23 19:44:20.305] I (26) boot: Enabling RNG early entropy source...
[2026-05-23 19:44:20.307] I (27) boot: Partition Table:
[2026-05-23 19:44:20.312] I (27) boot: ## Label            Usage          Type ST Offset   Length
[2026-05-23 19:44:20.313] I (28) boot:  0 nvs              WiFi data        01 02 00009000 00006000
[2026-05-23 19:44:20.316] I (29) boot:  1 phy_init         RF data          01 01 0000f000 00001000
[2026-05-23 19:44:20.326] I (29) boot:  2 factory          factory app      00 00 00010000 00100000
[2026-05-23 19:44:20.328] I (30) boot: End of partition table
[2026-05-23 19:44:20.337] I (31) esp_image: segment 0: paddr=00010020 vaddr=3c0a0020 size=19850h (104528) map
[2026-05-23 19:44:20.342] I (48) esp_image: segment 1: paddr=00029878 vaddr=3fc95000 size=02da0h ( 11680) load
[2026-05-23 19:44:20.349] I (51) esp_image: segment 2: paddr=0002c620 vaddr=40380000 size=039f8h ( 14840) load
[2026-05-23 19:44:20.356] I (54) esp_image: segment 3: paddr=00030020 vaddr=42000020 size=990b4h (626868) map
[2026-05-23 19:44:20.361] I (154) esp_image: segment 4: paddr=000c90dc vaddr=403839f8 size=114f8h ( 70904) load
[2026-05-23 19:44:20.365] I (168) esp_image: segment 5: paddr=000da5dc vaddr=50000200 size=0001ch (    28) load
[2026-05-23 19:44:20.372] I (174) boot: Loaded app from partition at offset 0x10000
[2026-05-23 19:44:20.378] I (175) boot: Disabling RNG early entropy source...
[2026-05-23 19:44:20.381] I (176) cpu_start: Unicore app
[2026-05-23 19:44:20.382] I (185) cpu_start: Pro cpu start user code
[2026-05-23 19:44:20.388] I (185) cpu_start: cpu freq: 160000000 Hz
[2026-05-23 19:44:20.395] I (185) app_init: Application information:
[2026-05-23 19:44:20.400] I (185) app_init: Project name:     sensor_acquirer
[2026-05-23 19:44:20.404] I (185) app_init: App version:      v1.0-171-gbbe0783
[2026-05-23 19:44:20.405] I (186) app_init: Compile time:     May 23 2026 14:30:40
[2026-05-23 19:44:20.406] I (186) app_init: ELF file SHA256:  0e7d705e7...
[2026-05-23 19:44:20.407] I (187) app_init: ESP-IDF:          v5.4.1
[2026-05-23 19:44:20.408] I (187) efuse_init: Min chip rev:     v0.3
[2026-05-23 19:44:20.409] I (188) efuse_init: Max chip rev:     v1.99
[2026-05-23 19:44:20.410] I (188) efuse_init: Chip rev:         v0.4
[2026-05-23 19:44:20.411] I (189) heap_init: Initializing. RAM available for dynamic allocation:
[2026-05-23 19:44:20.412] I (190) heap_init: At 3FC9C130 len 00023ED0 (143 KiB): RAM
[2026-05-23 19:44:20.413] I (190) heap_init: At 3FCC0000 len 0001C710 (113 KiB): Retention RAM
[2026-05-23 19:44:20.415] I (191) heap_init: At 3FCDC710 len 00002950 (10 KiB): Retention RAM
[2026-05-23 19:44:20.416] I (192) heap_init: At 5000021C len 00001DCC (7 KiB): RTCRAM
[2026-05-23 19:44:20.416] I (193) spi_flash: detected chip: generic
[2026-05-23 19:44:20.417] I (193) spi_flash: flash io: dio
[2026-05-23 19:44:20.419] W (194) spi_flash: Detected size(4096k) larger than the size in the binary image header(2048k). Using the size in the binary image header.
[2026-05-23 19:44:20.420] I (195) sleep_gpio: Configure to isolate all GPIO pins in sleep state
[2026-05-23 19:44:20.421] I (196) sleep_gpio: Enable automatic switching of GPIO sleep configuration
[2026-05-23 19:44:20.422] I (197) main_task: Started on CPU0
[2026-05-23 19:44:20.422] I (197) main_task: Calling app_main()
[2026-05-23 19:44:20.422] WCAN_CFG_WAIT v=1
# UART boot config sent: wcan v=1 role=sensor transport=MULTICAST test_duration_ms=30000 host_wait_time_ms=5000 base=0xe0 count=3 hz=10 linger=100
[2026-05-23 19:44:20.423] WCAN_CFG_WAIT v=1
[2026-05-23 19:44:22.858] WCAN_CFG_ACK
[2026-05-23 19:44:22.859] WCAN_CFG_ACK
[2026-05-23 19:44:22.863] I (2802) pp: pp rom version: 9387209
[2026-05-23 19:44:22.864] I (2803) net80211: net80211 rom version: 9387209
[2026-05-23 19:44:22.866] I (2804) wifi:wifi driver task: 3fca7510, prio:23, stack:6656, core=0
[2026-05-23 19:44:22.869] I (2808) wifi:wifi firmware version: 79fa3f41ba
[2026-05-23 19:44:22.870] I (2808) wifi:wifi certification version: v7.0
[2026-05-23 19:44:22.871] I (2808) wifi:config NVS flash: enabled
[2026-05-23 19:44:22.872] I (2808) wifi:config nano formatting: disabled
[2026-05-23 19:44:22.873] I (2809) wifi:Init data frame dynamic rx buffer num: 32
[2026-05-23 19:44:22.874] I (2809) wifi:Init static rx mgmt buffer num: 5
[2026-05-23 19:44:22.875] I (2810) wifi:Init management short buffer num: 32
[2026-05-23 19:44:22.876] I (2810) wifi:Init dynamic tx buffer num: 32
[2026-05-23 19:44:22.877] I (2811) wifi:Init static tx FG buffer num: 2
[2026-05-23 19:44:22.877] I (2812) wifi:Init static rx buffer size: 1600
[2026-05-23 19:44:22.878] I (2812) wifi:Init static rx buffer num: 10
[2026-05-23 19:44:22.879] I (2812) wifi:Init dynamic rx buffer num: 32
[2026-05-23 19:44:22.880] I (2814) wifi_init: rx ba win: 6
[2026-05-23 19:44:22.881] I (2814) wifi_init: accept mbox: 6
[2026-05-23 19:44:22.881] I (2814) wifi_init: tcpip mbox: 32
[2026-05-23 19:44:22.882] I (2814) wifi_init: udp mbox: 6
[2026-05-23 19:44:22.883] I (2814) wifi_init: tcp mbox: 6
[2026-05-23 19:44:22.883] I (2815) wifi_init: tcp tx win: 5760
[2026-05-23 19:44:22.884] I (2815) wifi_init: tcp rx win: 5760
[2026-05-23 19:44:22.884] I (2816) wifi_init: tcp mss: 1440
[2026-05-23 19:44:22.885] I (2816) wifi_init: WiFi IRAM OP enabled
[2026-05-23 19:44:22.886] I (2816) wifi_init: WiFi RX IRAM OP enabled
[2026-05-23 19:44:22.887] I (2817) phy_init: phy_version 1200,2b7123f9,Feb 18 2025,15:22:21
[2026-05-23 19:44:22.913] I (2852) wifi:mode : sta (74:4d:bd:e1:d5:b8)
[2026-05-23 19:44:22.913] I (2853) wifi:enable tsf
[2026-05-23 19:44:22.917] I (2856) ESPNOW: espnow [version: 2.0] init
[2026-05-23 19:44:22.917] WCAN_TEST_READY role=sensor
# Waiting for phased test start
# UART test start sent: WCAN_TEST_START at 2026-05-23T19:44:22.928958
[2026-05-23 19:44:53.275] WCAN_BATCH id=0xe0 count=150 avg_hz=5.00 avg_points=1.99 min_points=1 max_points=2 avg_interval_ms=200.00 min_interval_ms=199.95 max_interval_ms=200.02 avg_dispatch_ms=1.89 max_dispatch_ms=4.66 dispatched_count=150 avg_queue_wait_ms=0.16 max_queue_wait_ms=0.29
[2026-05-23 19:44:53.292] WCAN_BATCH id=0xe1 count=150 avg_hz=5.00 avg_points=1.99 min_points=1 max_points=2 avg_interval_ms=200.00 min_interval_ms=199.92 max_interval_ms=200.05 avg_dispatch_ms=1.90 max_dispatch_ms=3.71 dispatched_count=150 avg_queue_wait_ms=2.11 max_queue_wait_ms=4.85
[2026-05-23 19:44:53.304] WCAN_BATCH id=0xe2 count=150 avg_hz=5.00 avg_points=1.99 min_points=1 max_points=2 avg_interval_ms=200.00 min_interval_ms=199.92 max_interval_ms=200.05 avg_dispatch_ms=2.15 max_dispatch_ms=7.11 dispatched_count=150 avg_queue_wait_ms=4.07 max_queue_wait_ms=7.20
[2026-05-23 19:44:53.305] WCAN_SENSOR_END generated=298 avg_hz=9.97
[2026-05-23 19:44:53.311] WCAN_MEASURES elapsed_ms=29999 heap_start_free=66428 heap_end_free=77988 heap_start_min_free=66428 heap_end_min_free=64860 heap_start_largest=47104 heap_end_largest=47104 airtime_us_total=885737 packets_sent_total=450 sensor_send_failures_total=0
[2026-05-23 19:44:53.312] WCAN_TEST_END role=sensor

# Monitor stopped: 2026-05-23T19:44:53.312192
