# Monitor started: 2026-05-23T19:44:20.260393
# Port: /dev/ttyACM0, Baud: 921600, Timeout: 35.000s after WCAN_TEST_START

# UART boot config: wcan v=1 role=sensor transport=MULTICAST test_duration_ms=30000 host_wait_time_ms=5000 base=0xd0 count=3 hz=10 linger=100
[2026-05-23 19:44:20.261] ESP-ROM:esp32c3-api1-20210207
[2026-05-23 19:44:20.262] Build:Feb  7 2021
[2026-05-23 19:44:20.265] rst:0x15 (USB_UART_CHIP_RESET),boot:0xd (SPI_FAST_FLASH_BOOT)
[2026-05-23 19:44:20.266] Saved PC:0x40384eba
[2026-05-23 19:44:20.267] SPIWP:0xee
[2026-05-23 19:44:20.269] mode:DIO, clock div:1
[2026-05-23 19:44:20.273] load:0x3fcd5820,len:0x1574
[2026-05-23 19:44:20.276] load:0x403cc710,len:0xc30
[2026-05-23 19:44:20.277] load:0x403ce710,len:0x2fa0
[2026-05-23 19:44:20.280] entry 0x403cc71a
[2026-05-23 19:44:20.282] I (24) boot: ESP-IDF v5.4.1 2nd stage bootloader
[2026-05-23 19:44:20.284] I (24) boot: compile time May 19 2026 23:41:33
[2026-05-23 19:44:20.285] I (25) boot: chip revision: v0.4
[2026-05-23 19:44:20.287] I (25) boot: efuse block revision: v1.3
[2026-05-23 19:44:20.290] I (25) boot.esp32c3: SPI Speed      : 80MHz
[2026-05-23 19:44:20.294] I (25) boot.esp32c3: SPI Mode       : DIO
[2026-05-23 19:44:20.295] I (26) boot.esp32c3: SPI Flash Size : 2MB
[2026-05-23 19:44:20.297] I (26) boot: Enabling RNG early entropy source...
[2026-05-23 19:44:20.298] I (27) boot: Partition Table:
[2026-05-23 19:44:20.302] I (27) boot: ## Label            Usage          Type ST Offset   Length
[2026-05-23 19:44:20.304] I (28) boot:  0 nvs              WiFi data        01 02 00009000 00006000
[2026-05-23 19:44:20.314] I (29) boot:  1 phy_init         RF data          01 01 0000f000 00001000
[2026-05-23 19:44:20.319] I (29) boot:  2 factory          factory app      00 00 00010000 00100000
[2026-05-23 19:44:20.325] I (30) boot: End of partition table
[2026-05-23 19:44:20.328] I (31) esp_image: segment 0: paddr=00010020 vaddr=3c0a0020 size=19850h (104528) map
[2026-05-23 19:44:20.333] I (48) esp_image: segment 1: paddr=00029878 vaddr=3fc95000 size=02da0h ( 11680) load
[2026-05-23 19:44:20.341] I (51) esp_image: segment 2: paddr=0002c620 vaddr=40380000 size=039f8h ( 14840) load
[2026-05-23 19:44:20.346] I (54) esp_image: segment 3: paddr=00030020 vaddr=42000020 size=990b4h (626868) map
[2026-05-23 19:44:20.353] I (154) esp_image: segment 4: paddr=000c90dc vaddr=403839f8 size=114f8h ( 70904) load
[2026-05-23 19:44:20.361] I (168) esp_image: segment 5: paddr=000da5dc vaddr=50000200 size=0001ch (    28) load
[2026-05-23 19:44:20.363] I (175) boot: Loaded app from partition at offset 0x10000
[2026-05-23 19:44:20.366] I (175) boot: Disabling RNG early entropy source...
[2026-05-23 19:44:20.368] I (176) cpu_start: Unicore app
[2026-05-23 19:44:20.372] I (185) cpu_start: Pro cpu start user code
[2026-05-23 19:44:20.377] I (185) cpu_start: cpu freq: 160000000 Hz
[2026-05-23 19:44:20.380] I (185) app_init: Application information:
[2026-05-23 19:44:20.387] I (185) app_init: Project name:     sensor_acquirer
[2026-05-23 19:44:20.393] I (185) app_init: App version:      v1.0-171-gbbe0783
[2026-05-23 19:44:20.396] I (186) app_init: Compile time:     May 23 2026 14:30:40
[2026-05-23 19:44:20.398] I (186) app_init: ELF file SHA256:  0e7d705e7...
[2026-05-23 19:44:20.400] I (187) app_init: ESP-IDF:          v5.4.1
[2026-05-23 19:44:20.401] I (187) efuse_init: Min chip rev:     v0.3
[2026-05-23 19:44:20.401] I (188) efuse_init: Max chip rev:     v1.99
[2026-05-23 19:44:20.402] I (188) efuse_init: Chip rev:         v0.4
[2026-05-23 19:44:20.404] I (189) heap_init: Initializing. RAM available for dynamic allocation:
[2026-05-23 19:44:20.405] I (190) heap_init: At 3FC9C130 len 00023ED0 (143 KiB): RAM
[2026-05-23 19:44:20.407] I (190) heap_init: At 3FCC0000 len 0001C710 (113 KiB): Retention RAM
[2026-05-23 19:44:20.408] I (191) heap_init: At 3FCDC710 len 00002950 (10 KiB): Retention RAM
[2026-05-23 19:44:20.409] I (192) heap_init: At 5000021C len 00001DCC (7 KiB): RTCRAM
[2026-05-23 19:44:20.410] I (193) spi_flash: detected chip: generic
[2026-05-23 19:44:20.411] I (193) spi_flash: flash io: dio
[2026-05-23 19:44:20.413] W (194) spi_flash: Detected size(4096k) larger than the size in the binary image header(2048k). Using the size in the binary image header.
[2026-05-23 19:44:20.414] I (195) sleep_gpio: Configure to isolate all GPIO pins in sleep state
[2026-05-23 19:44:20.417] I (196) sleep_gpio: Enable automatic switching of GPIO sleep configuration
[2026-05-23 19:44:20.418] I (197) main_task: Started on CPU0
[2026-05-23 19:44:20.419] I (197) main_task: Calling app_main()
[2026-05-23 19:44:20.420] WCAN_CFG_WAIT v=1
# UART boot config sent: wcan v=1 role=sensor transport=MULTICAST test_duration_ms=30000 host_wait_time_ms=5000 base=0xd0 count=3 hz=10 linger=100
[2026-05-23 19:44:20.421] WCAN_CFG_WAIT v=1
[2026-05-23 19:44:22.859] WCAN_CFG_ACK
[2026-05-23 19:44:22.859] WCAN_CFG_ACK
[2026-05-23 19:44:22.864] I (2802) pp: pp rom version: 9387209
[2026-05-23 19:44:22.865] I (2803) net80211: net80211 rom version: 9387209
[2026-05-23 19:44:22.866] I (2804) wifi:wifi driver task: 3fca7594, prio:23, stack:6656, core=0
[2026-05-23 19:44:22.869] I (2808) wifi:wifi firmware version: 79fa3f41ba
[2026-05-23 19:44:22.871] I (2808) wifi:wifi certification version: v7.0
[2026-05-23 19:44:22.872] I (2808) wifi:config NVS flash: enabled
[2026-05-23 19:44:22.873] I (2808) wifi:config nano formatting: disabled
[2026-05-23 19:44:22.874] I (2809) wifi:Init data frame dynamic rx buffer num: 32
[2026-05-23 19:44:22.875] I (2809) wifi:Init static rx mgmt buffer num: 5
[2026-05-23 19:44:22.877] I (2810) wifi:Init management short buffer num: 32
[2026-05-23 19:44:22.878] I (2810) wifi:Init dynamic tx buffer num: 32
[2026-05-23 19:44:22.879] I (2811) wifi:Init static tx FG buffer num: 2
[2026-05-23 19:44:22.880] I (2811) wifi:Init static rx buffer size: 1600
[2026-05-23 19:44:22.880] I (2812) wifi:Init static rx buffer num: 10
[2026-05-23 19:44:22.881] I (2812) wifi:Init dynamic rx buffer num: 32
[2026-05-23 19:44:22.882] I (2813) wifi_init: rx ba win: 6
[2026-05-23 19:44:22.882] I (2814) wifi_init: accept mbox: 6
[2026-05-23 19:44:22.883] I (2814) wifi_init: tcpip mbox: 32
[2026-05-23 19:44:22.884] I (2814) wifi_init: udp mbox: 6
[2026-05-23 19:44:22.884] I (2814) wifi_init: tcp mbox: 6
[2026-05-23 19:44:22.885] I (2815) wifi_init: tcp tx win: 5760
[2026-05-23 19:44:22.886] I (2815) wifi_init: tcp rx win: 5760
[2026-05-23 19:44:22.886] I (2816) wifi_init: tcp mss: 1440
[2026-05-23 19:44:22.887] I (2816) wifi_init: WiFi IRAM OP enabled
[2026-05-23 19:44:22.888] I (2816) wifi_init: WiFi RX IRAM OP enabled
[2026-05-23 19:44:22.888] I (2817) phy_init: phy_version 1200,2b7123f9,Feb 18 2025,15:22:21
[2026-05-23 19:44:22.912] I (2850) wifi:mode : sta (54:32:04:8c:0b:8c)
[2026-05-23 19:44:22.912] I (2851) wifi:enable tsf
[2026-05-23 19:44:22.915] I (2854) ESPNOW: espnow [version: 2.0] init
[2026-05-23 19:44:22.916] WCAN_TEST_READY role=sensor
# Waiting for phased test start
# UART test start sent: WCAN_TEST_START at 2026-05-23T19:44:22.928701
[2026-05-23 19:44:53.270] WCAN_BATCH id=0xd0 count=150 avg_hz=5.00 avg_points=1.99 min_points=1 max_points=2 avg_interval_ms=200.00 min_interval_ms=199.95 max_interval_ms=200.02 avg_dispatch_ms=1.73 max_dispatch_ms=6.92 dispatched_count=150 avg_queue_wait_ms=0.17 max_queue_wait_ms=0.29
[2026-05-23 19:44:53.288] WCAN_BATCH id=0xd1 count=150 avg_hz=5.00 avg_points=1.99 min_points=1 max_points=2 avg_interval_ms=200.00 min_interval_ms=199.94 max_interval_ms=200.04 avg_dispatch_ms=1.20 max_dispatch_ms=7.27 dispatched_count=150 avg_queue_wait_ms=1.96 max_queue_wait_ms=7.13
[2026-05-23 19:44:53.302] WCAN_BATCH id=0xd2 count=150 avg_hz=5.00 avg_points=1.99 min_points=1 max_points=2 avg_interval_ms=200.00 min_interval_ms=199.94 max_interval_ms=200.04 avg_dispatch_ms=2.32 max_dispatch_ms=7.39 dispatched_count=150 avg_queue_wait_ms=3.23 max_queue_wait_ms=9.21
[2026-05-23 19:44:53.303] WCAN_SENSOR_END generated=298 avg_hz=9.97
[2026-05-23 19:44:53.310] WCAN_MEASURES elapsed_ms=29999 heap_start_free=66296 heap_end_free=77856 heap_start_min_free=66296 heap_end_min_free=64600 heap_start_largest=47104 heap_end_largest=47104 airtime_us_total=782461 packets_sent_total=450 sensor_send_failures_total=0
[2026-05-23 19:44:53.311] WCAN_TEST_END role=sensor

# Monitor stopped: 2026-05-23T19:44:53.311407
