# Monitor started: 2026-05-23T15:02:18.012282
# Port: /dev/ttyACM1, Baud: 921600, Timeout: 35.000s after WCAN_TEST_START

# UART boot config: wcan v=1 role=sensor transport=BROADCAST test_duration_ms=30000 host_wait_time_ms=5000 base=0xe0 count=1 hz=200 linger=100
[2026-05-23 15:02:18.022] ESP-ROM:esp32c3-api1-20210207
[2026-05-23 15:02:18.035] Build:Feb  7 2021
[2026-05-23 15:02:18.059] rst:0x15 (USB_UART_CHIP_RESET),boot:0xd (SPI_FAST_FLASH_BOOT)
[2026-05-23 15:02:18.063] Saved PC:0x40384eba
[2026-05-23 15:02:18.066] SPIWP:0xee
[2026-05-23 15:02:18.068] mode:DIO, clock div:1
[2026-05-23 15:02:18.070] load:0x3fcd5820,len:0x1574
[2026-05-23 15:02:18.075] load:0x403cc710,len:0xc30
[2026-05-23 15:02:18.080] load:0x403ce710,len:0x2fa0
[2026-05-23 15:02:18.086] entry 0x403cc71a
[2026-05-23 15:02:18.102] I (24) boot: ESP-IDF v5.4.1 2nd stage bootloader
[2026-05-23 15:02:18.105] I (24) boot: compile time May 20 2026 00:05:32
[2026-05-23 15:02:18.107] I (25) boot: chip revision: v0.4
[2026-05-23 15:02:18.112] I (25) boot: efuse block revision: v1.3
[2026-05-23 15:02:18.129] I (25) boot.esp32c3: SPI Speed      : 80MHz
[2026-05-23 15:02:18.136] I (25) boot.esp32c3: SPI Mode       : DIO
[2026-05-23 15:02:18.145] I (26) boot.esp32c3: SPI Flash Size : 2MB
[2026-05-23 15:02:18.148] I (26) boot: Enabling RNG early entropy source...
[2026-05-23 15:02:18.149] I (27) boot: Partition Table:
[2026-05-23 15:02:18.152] I (27) boot: ## Label            Usage          Type ST Offset   Length
[2026-05-23 15:02:18.156] I (28) boot:  0 nvs              WiFi data        01 02 00009000 00006000
[2026-05-23 15:02:18.163] I (29) boot:  1 phy_init         RF data          01 01 0000f000 00001000
[2026-05-23 15:02:18.167] I (29) boot:  2 factory          factory app      00 00 00010000 00100000
[2026-05-23 15:02:18.169] I (30) boot: End of partition table
[2026-05-23 15:02:18.171] I (31) esp_image: segment 0: paddr=00010020 vaddr=3c0a0020 size=1977ch (104316) map
[2026-05-23 15:02:18.173] I (48) esp_image: segment 1: paddr=000297a4 vaddr=3fc95200 size=02da0h ( 11680) load
[2026-05-23 15:02:18.176] I (51) esp_image: segment 2: paddr=0002c54c vaddr=40380000 size=03acch ( 15052) load
[2026-05-23 15:02:18.178] I (54) esp_image: segment 3: paddr=00030020 vaddr=42000020 size=9942ch (627756) map
[2026-05-23 15:02:18.180] I (154) esp_image: segment 4: paddr=000c9454 vaddr=40383acc size=11614h ( 71188) load
[2026-05-23 15:02:18.181] I (168) esp_image: segment 5: paddr=000daa70 vaddr=50000200 size=0001ch (    28) load
[2026-05-23 15:02:18.182] I (175) boot: Loaded app from partition at offset 0x10000
[2026-05-23 15:02:18.183] I (175) boot: Disabling RNG early entropy source...
[2026-05-23 15:02:18.183] I (176) cpu_start: Unicore app
[2026-05-23 15:02:18.184] I (185) cpu_start: Pro cpu start user code
[2026-05-23 15:02:18.185] I (185) cpu_start: cpu freq: 160000000 Hz
[2026-05-23 15:02:18.186] I (185) app_init: Application information:
[2026-05-23 15:02:18.186] I (185) app_init: Project name:     sensor_acquirer
[2026-05-23 15:02:18.187] I (185) app_init: App version:      v1.0-171-gbbe0783
[2026-05-23 15:02:18.188] I (186) app_init: Compile time:     May 23 2026 14:30:31
[2026-05-23 15:02:18.189] I (187) app_init: ELF file SHA256:  493679023...
[2026-05-23 15:02:18.190] I (187) app_init: ESP-IDF:          v5.4.1
[2026-05-23 15:02:18.190] I (188) efuse_init: Min chip rev:     v0.3
[2026-05-23 15:02:18.191] I (188) efuse_init: Max chip rev:     v1.99
[2026-05-23 15:02:18.192] I (189) efuse_init: Chip rev:         v0.4
[2026-05-23 15:02:18.193] I (189) heap_init: Initializing. RAM available for dynamic allocation:
[2026-05-23 15:02:18.194] I (190) heap_init: At 3FC9C340 len 00023CC0 (143 KiB): RAM
[2026-05-23 15:02:18.195] I (190) heap_init: At 3FCC0000 len 0001C710 (113 KiB): Retention RAM
[2026-05-23 15:02:18.196] I (191) heap_init: At 3FCDC710 len 00002950 (10 KiB): Retention RAM
[2026-05-23 15:02:18.197] I (192) heap_init: At 5000021C len 00001DCC (7 KiB): RTCRAM
[2026-05-23 15:02:18.198] I (194) spi_flash: detected chip: generic
[2026-05-23 15:02:18.198] I (194) spi_flash: flash io: dio
[2026-05-23 15:02:18.199] W (194) spi_flash: Detected size(4096k) larger than the size in the binary image header(2048k). Using the size in the binary image header.
[2026-05-23 15:02:18.199] I (196) sleep_gpio: Configure to isolate all GPIO pins in sleep state
[2026-05-23 15:02:18.200] I (196) sleep_gpio: Enable automatic switching of GPIO sleep configuration
[2026-05-23 15:02:18.200] I (197) main_task: Started on CPU0
[2026-05-23 15:02:18.200] I (197) main_task: Calling app_main()
[2026-05-23 15:02:18.200] WCAN_CFG_WAIT v=1
# UART boot config sent: wcan v=1 role=sensor transport=BROADCAST test_duration_ms=30000 host_wait_time_ms=5000 base=0xe0 count=1 hz=200 linger=100
[2026-05-23 15:02:18.200] WCAN_CFG_WAIT v=1
[2026-05-23 15:02:20.640] WCAN_CFG_ACK
[2026-05-23 15:02:20.641] WCAN_CFG_ACK
[2026-05-23 15:02:20.645] I (2832) pp: pp rom version: 9387209
[2026-05-23 15:02:20.647] I (2833) net80211: net80211 rom version: 9387209
[2026-05-23 15:02:20.649] I (2834) wifi:wifi driver task: 3fca7720, prio:23, stack:6656, core=0
[2026-05-23 15:02:20.651] I (2838) wifi:wifi firmware version: 79fa3f41ba
[2026-05-23 15:02:20.653] I (2838) wifi:wifi certification version: v7.0
[2026-05-23 15:02:20.654] I (2838) wifi:config NVS flash: enabled
[2026-05-23 15:02:20.655] I (2838) wifi:config nano formatting: disabled
[2026-05-23 15:02:20.656] I (2839) wifi:Init data frame dynamic rx buffer num: 32
[2026-05-23 15:02:20.658] I (2839) wifi:Init static rx mgmt buffer num: 5
[2026-05-23 15:02:20.659] I (2840) wifi:Init management short buffer num: 32
[2026-05-23 15:02:20.660] I (2840) wifi:Init dynamic tx buffer num: 32
[2026-05-23 15:02:20.661] I (2841) wifi:Init static tx FG buffer num: 2
[2026-05-23 15:02:20.662] I (2841) wifi:Init static rx buffer size: 1600
[2026-05-23 15:02:20.663] I (2842) wifi:Init static rx buffer num: 10
[2026-05-23 15:02:20.664] I (2842) wifi:Init dynamic rx buffer num: 32
[2026-05-23 15:02:20.665] I (2843) wifi_init: rx ba win: 6
[2026-05-23 15:02:20.666] I (2844) wifi_init: accept mbox: 6
[2026-05-23 15:02:20.667] I (2844) wifi_init: tcpip mbox: 32
[2026-05-23 15:02:20.668] I (2844) wifi_init: udp mbox: 6
[2026-05-23 15:02:20.669] I (2844) wifi_init: tcp mbox: 6
[2026-05-23 15:02:20.670] I (2845) wifi_init: tcp tx win: 5760
[2026-05-23 15:02:20.672] I (2845) wifi_init: tcp rx win: 5760
[2026-05-23 15:02:20.672] I (2846) wifi_init: tcp mss: 1440
[2026-05-23 15:02:20.673] I (2846) wifi_init: WiFi IRAM OP enabled
[2026-05-23 15:02:20.674] I (2846) wifi_init: WiFi RX IRAM OP enabled
[2026-05-23 15:02:20.675] I (2847) phy_init: phy_version 1200,2b7123f9,Feb 18 2025,15:22:21
[2026-05-23 15:02:20.695] I (2881) wifi:mode : sta (74:4d:bd:e1:d5:b8)
[2026-05-23 15:02:20.695] I (2882) wifi:enable tsf
[2026-05-23 15:02:20.698] I (2885) ESPNOW: espnow [version: 2.0] init
[2026-05-23 15:02:20.699] WCAN_TEST_READY role=sensor
# Waiting for phased test start
# UART test start sent: WCAN_TEST_START at 2026-05-23T15:02:20.711100
[2026-05-23 15:02:51.055] P(FAIL):33045:e0:282:5922:5942:21
[2026-05-23 15:02:51.854] P(FAIL):33845:e0:283:5943:5963:21
[2026-05-23 15:02:52.021] WCAN_BATCH id=0xe0 count=286 avg_hz=9.52 avg_points=20.98 min_points=14 max_points=21 avg_interval_ms=105.00 min_interval_ms=104.88 max_interval_ms=105.13 avg_dispatch_ms=1.77 max_dispatch_ms=4.58 dispatched_count=286 avg_queue_wait_ms=1.83 max_queue_wait_ms=249.75
[2026-05-23 15:02:52.021] WCAN_SENSOR_END generated=5998 avg_hz=199.97
[2026-05-23 15:02:52.024] WCAN_MEASURES elapsed_ms=29999 heap_start_free=126780 heap_end_free=141568 heap_start_min_free=126680 heap_end_min_free=126440 heap_start_largest=98304 heap_end_largest=98304 airtime_us_total=503494 packets_sent_total=286 sensor_send_failures_total=0
[2026-05-23 15:02:52.024] WCAN_TEST_END role=sensor

# Monitor stopped: 2026-05-23T15:02:52.024999
