# Monitor started: 2026-05-23T15:31:25.355266
# Port: /dev/ttyACM1, Baud: 921600, Timeout: 35.000s after WCAN_TEST_START

# UART boot config: wcan v=1 role=sensor transport=BROADCAST test_duration_ms=30000 host_wait_time_ms=5000 base=0xe0 count=1 hz=1000 linger=100
[2026-05-23 15:31:25.359] ESP-ROM:esp32c3-api1-20210207
[2026-05-23 15:31:25.365] Build:Feb  7 2021
[2026-05-23 15:31:25.375] rst:0x15 (USB_UART_CHIP_RESET),boot:0xd (SPI_FAST_FLASH_BOOT)
[2026-05-23 15:31:25.383] Saved PC:0x40384eba
[2026-05-23 15:31:25.397] SPIWP:0xee
[2026-05-23 15:31:25.402] mode:DIO, clock div:1
[2026-05-23 15:31:25.412] load:0x3fcd5820,len:0x1574
[2026-05-23 15:31:25.415] load:0x403cc710,len:0xc30
[2026-05-23 15:31:25.419] load:0x403ce710,len:0x2fa0
[2026-05-23 15:31:25.422] entry 0x403cc71a
[2026-05-23 15:31:25.426] I (24) boot: ESP-IDF v5.4.1 2nd stage bootloader
[2026-05-23 15:31:25.432] I (24) boot: compile time May 20 2026 00:05:32
[2026-05-23 15:31:25.435] I (25) boot: chip revision: v0.4
[2026-05-23 15:31:25.436] I (25) boot: efuse block revision: v1.3
[2026-05-23 15:31:25.438] I (25) boot.esp32c3: SPI Speed      : 80MHz
[2026-05-23 15:31:25.440] I (25) boot.esp32c3: SPI Mode       : DIO
[2026-05-23 15:31:25.442] I (26) boot.esp32c3: SPI Flash Size : 2MB
[2026-05-23 15:31:25.445] I (26) boot: Enabling RNG early entropy source...
[2026-05-23 15:31:25.445] I (27) boot: Partition Table:
[2026-05-23 15:31:25.447] I (27) boot: ## Label            Usage          Type ST Offset   Length
[2026-05-23 15:31:25.449] I (28) boot:  0 nvs              WiFi data        01 02 00009000 00006000
[2026-05-23 15:31:25.451] I (29) boot:  1 phy_init         RF data          01 01 0000f000 00001000
[2026-05-23 15:31:25.457] I (29) boot:  2 factory          factory app      00 00 00010000 00100000
[2026-05-23 15:31:25.458] I (30) boot: End of partition table
[2026-05-23 15:31:25.464] I (31) esp_image: segment 0: paddr=00010020 vaddr=3c0a0020 size=1977ch (104316) map
[2026-05-23 15:31:25.466] I (48) esp_image: segment 1: paddr=000297a4 vaddr=3fc95200 size=02da0h ( 11680) load
[2026-05-23 15:31:25.469] I (51) esp_image: segment 2: paddr=0002c54c vaddr=40380000 size=03acch ( 15052) load
[2026-05-23 15:31:25.471] I (54) esp_image: segment 3: paddr=00030020 vaddr=42000020 size=9942ch (627756) map
[2026-05-23 15:31:25.472] I (154) esp_image: segment 4: paddr=000c9454 vaddr=40383acc size=11614h ( 71188) load
[2026-05-23 15:31:25.475] I (168) esp_image: segment 5: paddr=000daa70 vaddr=50000200 size=0001ch (    28) load
[2026-05-23 15:31:25.476] I (175) boot: Loaded app from partition at offset 0x10000
[2026-05-23 15:31:25.479] I (175) boot: Disabling RNG early entropy source...
[2026-05-23 15:31:25.479] I (176) cpu_start: Unicore app
[2026-05-23 15:31:25.481] I (185) cpu_start: Pro cpu start user code
[2026-05-23 15:31:25.482] I (185) cpu_start: cpu freq: 160000000 Hz
[2026-05-23 15:31:25.485] I (185) app_init: Application information:
[2026-05-23 15:31:25.487] I (185) app_init: Project name:     sensor_acquirer
[2026-05-23 15:31:25.489] I (185) app_init: App version:      v1.0-171-gbbe0783
[2026-05-23 15:31:25.494] I (186) app_init: Compile time:     May 23 2026 14:30:31
[2026-05-23 15:31:25.496] I (187) app_init: ELF file SHA256:  493679023...
[2026-05-23 15:31:25.498] I (187) app_init: ESP-IDF:          v5.4.1
[2026-05-23 15:31:25.501] I (188) efuse_init: Min chip rev:     v0.3
[2026-05-23 15:31:25.503] I (188) efuse_init: Max chip rev:     v1.99
[2026-05-23 15:31:25.506] I (189) efuse_init: Chip rev:         v0.4
[2026-05-23 15:31:25.507] I (189) heap_init: Initializing. RAM available for dynamic allocation:
[2026-05-23 15:31:25.508] I (190) heap_init: At 3FC9C340 len 00023CC0 (143 KiB): RAM
[2026-05-23 15:31:25.510] I (191) heap_init: At 3FCC0000 len 0001C710 (113 KiB): Retention RAM
[2026-05-23 15:31:25.512] I (191) heap_init: At 3FCDC710 len 00002950 (10 KiB): Retention RAM
[2026-05-23 15:31:25.514] I (192) heap_init: At 5000021C len 00001DCC (7 KiB): RTCRAM
[2026-05-23 15:31:25.516] I (194) spi_flash: detected chip: generic
[2026-05-23 15:31:25.517] I (194) spi_flash: flash io: dio
[2026-05-23 15:31:25.521] W (194) spi_flash: Detected size(4096k) larger than the size in the binary image header(2048k). Using the size in the binary image header.
[2026-05-23 15:31:25.523] I (196) sleep_gpio: Configure to isolate all GPIO pins in sleep state
[2026-05-23 15:31:25.524] I (196) sleep_gpio: Enable automatic switching of GPIO sleep configuration
[2026-05-23 15:31:25.524] I (197) main_task: Started on CPU0
[2026-05-23 15:31:25.526] I (197) main_task: Calling app_main()
[2026-05-23 15:31:25.528] WCAN_CFG_WAIT v=1
# UART boot config sent: wcan v=1 role=sensor transport=BROADCAST test_duration_ms=30000 host_wait_time_ms=5000 base=0xe0 count=1 hz=1000 linger=100
[2026-05-23 15:31:25.529] WCAN_CFG_WAIT v=1
[2026-05-23 15:31:27.994] WCAN_CFG_ACK
[2026-05-23 15:31:27.994] WCAN_CFG_ACK
[2026-05-23 15:31:27.998] I (2842) pp: pp rom version: 9387209
[2026-05-23 15:31:28.000] I (2843) net80211: net80211 rom version: 9387209
[2026-05-23 15:31:28.001] I (2844) wifi:wifi driver task: 3fca7720, prio:23, stack:6656, core=0
[2026-05-23 15:31:28.004] I (2848) wifi:wifi firmware version: 79fa3f41ba
[2026-05-23 15:31:28.005] I (2848) wifi:wifi certification version: v7.0
[2026-05-23 15:31:28.006] I (2848) wifi:config NVS flash: enabled
[2026-05-23 15:31:28.007] I (2848) wifi:config nano formatting: disabled
[2026-05-23 15:31:28.008] I (2849) wifi:Init data frame dynamic rx buffer num: 32
[2026-05-23 15:31:28.010] I (2849) wifi:Init static rx mgmt buffer num: 5
[2026-05-23 15:31:28.011] I (2850) wifi:Init management short buffer num: 32
[2026-05-23 15:31:28.012] I (2850) wifi:Init dynamic tx buffer num: 32
[2026-05-23 15:31:28.013] I (2851) wifi:Init static tx FG buffer num: 2
[2026-05-23 15:31:28.014] I (2851) wifi:Init static rx buffer size: 1600
[2026-05-23 15:31:28.015] I (2852) wifi:Init static rx buffer num: 10
[2026-05-23 15:31:28.016] I (2852) wifi:Init dynamic rx buffer num: 32
[2026-05-23 15:31:28.017] I (2853) wifi_init: rx ba win: 6
[2026-05-23 15:31:28.017] I (2854) wifi_init: accept mbox: 6
[2026-05-23 15:31:28.018] I (2854) wifi_init: tcpip mbox: 32
[2026-05-23 15:31:28.019] I (2854) wifi_init: udp mbox: 6
[2026-05-23 15:31:28.020] I (2854) wifi_init: tcp mbox: 6
[2026-05-23 15:31:28.020] I (2855) wifi_init: tcp tx win: 5760
[2026-05-23 15:31:28.021] I (2855) wifi_init: tcp rx win: 5760
[2026-05-23 15:31:28.022] I (2856) wifi_init: tcp mss: 1440
[2026-05-23 15:31:28.023] I (2856) wifi_init: WiFi IRAM OP enabled
[2026-05-23 15:31:28.024] I (2856) wifi_init: WiFi RX IRAM OP enabled
[2026-05-23 15:31:28.025] I (2857) phy_init: phy_version 1200,2b7123f9,Feb 18 2025,15:22:21
[2026-05-23 15:31:28.052] I (2892) wifi:mode : sta (74:4d:bd:e1:d5:b8)
[2026-05-23 15:31:28.055] I (2892) wifi:enable tsf
[2026-05-23 15:31:28.059] I (2895) ESPNOW: espnow [version: 2.0] init
[2026-05-23 15:31:28.063] WCAN_TEST_READY role=sensor
# Waiting for phased test start
# UART test start sent: WCAN_TEST_START at 2026-05-23T15:31:28.103998
[2026-05-23 15:31:28.923] P(FAIL):3570:e0:0:0:100:101
[2026-05-23 15:31:29.247] P(FAIL):3894:e0:1:101:201:101
[2026-05-23 15:31:29.624] P(FAIL):4271:e0:3:303:403:101
[2026-05-23 15:31:29.990] P(FAIL):4637:e0:4:404:504:101
[2026-05-23 15:31:30.092] S(FAIL):4739:e0:0:1414:1576:163
[2026-05-23 15:31:30.341] P(FAIL):4988:e0:5:505:605:101
[2026-05-23 15:31:30.817] P(FAIL):5464:e0:12:1212:1312:101
[2026-05-23 15:31:31.150] S(FAIL):5797:e0:0:1678:1927:250
[2026-05-23 15:31:31.184] P(FAIL):5831:e0:13:1313:1413:101
[2026-05-23 15:31:31.603] P(FAIL):6250:e0:20:2433:2533:101
[2026-05-23 15:31:32.058] P(FAIL):6705:e0:26:3073:3173:101
[2026-05-23 15:31:32.423] P(FAIL):7070:e0:30:3477:3577:101
[2026-05-23 15:31:32.873] P(FAIL):7520:e0:35:3982:4082:101
[2026-05-23 15:31:33.279] P(FAIL):7926:e0:37:4184:4284:101
[2026-05-23 15:31:33.853] P(FAIL):8500:e0:45:4992:5092:101
[2026-05-23 15:31:34.243] P(FAIL):8890:e0:49:5396:5496:101
[2026-05-23 15:31:34.655] P(FAIL):9302:e0:53:5800:5900:101
[2026-05-23 15:31:35.135] P(FAIL):9782:e0:57:6204:6304:101
[2026-05-23 15:31:35.564] P(FAIL):10211:e0:62:6709:6809:101
[2026-05-23 15:31:35.948] P(FAIL):10595:e0:66:7113:7213:101
[2026-05-23 15:31:36.352] P(FAIL):10999:e0:70:7517:7617:101
[2026-05-23 15:31:36.779] P(FAIL):11426:e0:74:7921:8021:101
[2026-05-23 15:31:37.224] P(FAIL):11871:e0:78:8325:8425:101
[2026-05-23 15:31:37.556] P(FAIL):12203:e0:79:8426:8526:101
[2026-05-23 15:31:38.004] P(FAIL):12651:e0:86:9133:9233:101
[2026-05-23 15:31:38.452] P(FAIL):13099:e0:90:9537:9637:101
[2026-05-23 15:31:38.851] P(FAIL):13498:e0:91:9638:9738:101
[2026-05-23 15:31:39.243] P(FAIL):13889:e0:93:9840:9940:101
[2026-05-23 15:31:39.365] S(FAIL):14012:e0:0:2736:2769:34
[2026-05-23 15:31:39.635] P(FAIL):14282:e0:94:9941:10041:101
[2026-05-23 15:31:39.939] S(FAIL):14586:e0:0:10951:11221:271
[2026-05-23 15:31:40.064] P(FAIL):14711:e0:97:10244:10344:101
[2026-05-23 15:31:40.268] S(FAIL):14914:e0:0:11525:11650:126
[2026-05-23 15:31:40.477] P(FAIL):15124:e0:99:10446:10546:101
[2026-05-23 15:31:42.169] P(FAIL):16815:e0:122:13377:13477:101
[2026-05-23 15:31:42.528] P(FAIL):17174:e0:124:13579:13679:101
[2026-05-23 15:31:47.160] P(FAIL):21806:e0:171:18326:18426:101
[2026-05-23 15:31:50.925] P(FAIL):25572:e0:208:22063:22163:101
[2026-05-23 15:31:51.838] P(FAIL):26484:e0:217:22972:23072:101
[2026-05-23 15:31:53.979] P(FAIL):28626:e0:238:25093:25193:101
[2026-05-23 15:31:54.320] P(FAIL):28966:e0:241:25396:25496:101
[2026-05-23 15:31:54.766] P(FAIL):29412:e0:246:25901:26001:101
[2026-05-23 15:31:58.491] P(FAIL):33137:e0:283:29638:29738:101
[2026-05-23 15:31:59.290] P(FAIL):33937:e0:284:29739:29839:101
[2026-05-23 15:31:59.442] WCAN_BATCH id=0xe0 count=287 avg_hz=9.55 avg_points=100.85 min_points=58 max_points=101 avg_interval_ms=104.69 min_interval_ms=100.86 max_interval_ms=372.03 avg_dispatch_ms=4.60 max_dispatch_ms=11.17 dispatched_count=399 avg_queue_wait_ms=232.88 max_queue_wait_ms=1416.26
[2026-05-23 15:31:59.445] WCAN_SENSOR_END generated=29998 avg_hz=1000.00
[2026-05-23 15:31:59.447] S(FAIL):34062:e0:0:11853:12063:211
[2026-05-23 15:31:59.449] WCAN_MEASURES elapsed_ms=29999 heap_start_free=126780 heap_end_free=141568 heap_start_min_free=124628 heap_end_min_free=123952 heap_start_largest=98304 heap_end_largest=98304 airtime_us_total=1833112 packets_sent_total=399 sensor_send_failures_total=1055
[2026-05-23 15:31:59.449] WCAN_TEST_END role=sensor

# Monitor stopped: 2026-05-23T15:31:59.449496
