# Monitor started: 2026-05-23T15:31:25.355995
# Port: /dev/ttyACM0, Baud: 921600, Timeout: 35.000s after WCAN_TEST_START

# UART boot config: wcan v=1 role=sensor transport=BROADCAST test_duration_ms=30000 host_wait_time_ms=5000 base=0xd0 count=1 hz=1000 linger=100
[2026-05-23 15:31:25.364] ESP-ROM:esp32c3-api1-20210207
[2026-05-23 15:31:25.377] Build:Feb  7 2021
[2026-05-23 15:31:25.395] rst:0x15 (USB_UART_CHIP_RESET),boot:0xd (SPI_FAST_FLASH_BOOT)
[2026-05-23 15:31:25.410] Saved PC:0x40384eba
[2026-05-23 15:31:25.413] SPIWP:0xee
[2026-05-23 15:31:25.419] mode:DIO, clock div:1
[2026-05-23 15:31:25.427] load:0x3fcd5820,len:0x1574
[2026-05-23 15:31:25.433] load:0x403cc710,len:0xc30
[2026-05-23 15:31:25.434] load:0x403ce710,len:0x2fa0
[2026-05-23 15:31:25.440] entry 0x403cc71a
[2026-05-23 15:31:25.452] I (24) boot: ESP-IDF v5.4.1 2nd stage bootloader
[2026-05-23 15:31:25.453] I (24) boot: compile time May 20 2026 00:05:32
[2026-05-23 15:31:25.454] I (25) boot: chip revision: v0.4
[2026-05-23 15:31:25.456] I (25) boot: efuse block revision: v1.3
[2026-05-23 15:31:25.461] I (25) boot.esp32c3: SPI Speed      : 80MHz
[2026-05-23 15:31:25.463] I (25) boot.esp32c3: SPI Mode       : DIO
[2026-05-23 15:31:25.465] I (26) boot.esp32c3: SPI Flash Size : 2MB
[2026-05-23 15:31:25.467] I (26) boot: Enabling RNG early entropy source...
[2026-05-23 15:31:25.468] I (27) boot: Partition Table:
[2026-05-23 15:31:25.471] I (27) boot: ## Label            Usage          Type ST Offset   Length
[2026-05-23 15:31:25.474] I (28) boot:  0 nvs              WiFi data        01 02 00009000 00006000
[2026-05-23 15:31:25.476] I (29) boot:  1 phy_init         RF data          01 01 0000f000 00001000
[2026-05-23 15:31:25.478] I (29) boot:  2 factory          factory app      00 00 00010000 00100000
[2026-05-23 15:31:25.478] I (30) boot: End of partition table
[2026-05-23 15:31:25.483] I (31) esp_image: segment 0: paddr=00010020 vaddr=3c0a0020 size=1977ch (104316) map
[2026-05-23 15:31:25.484] I (48) esp_image: segment 1: paddr=000297a4 vaddr=3fc95200 size=02da0h ( 11680) load
[2026-05-23 15:31:25.485] I (51) esp_image: segment 2: paddr=0002c54c vaddr=40380000 size=03acch ( 15052) load
[2026-05-23 15:31:25.487] I (54) esp_image: segment 3: paddr=00030020 vaddr=42000020 size=9942ch (627756) map
[2026-05-23 15:31:25.489] I (154) esp_image: segment 4: paddr=000c9454 vaddr=40383acc size=11614h ( 71188) load
[2026-05-23 15:31:25.494] I (168) esp_image: segment 5: paddr=000daa70 vaddr=50000200 size=0001ch (    28) load
[2026-05-23 15:31:25.496] I (175) boot: Loaded app from partition at offset 0x10000
[2026-05-23 15:31:25.498] I (175) boot: Disabling RNG early entropy source...
[2026-05-23 15:31:25.500] I (176) cpu_start: Unicore app
[2026-05-23 15:31:25.501] I (185) cpu_start: Pro cpu start user code
[2026-05-23 15:31:25.503] I (185) cpu_start: cpu freq: 160000000 Hz
[2026-05-23 15:31:25.516] I (185) app_init: Application information:
[2026-05-23 15:31:25.527] I (185) app_init: Project name:     sensor_acquirer
[2026-05-23 15:31:25.528] I (185) app_init: App version:      v1.0-171-gbbe0783
[2026-05-23 15:31:25.531] I (186) app_init: Compile time:     May 23 2026 14:30:31
[2026-05-23 15:31:25.532] I (186) app_init: ELF file SHA256:  493679023...
[2026-05-23 15:31:25.533] I (187) app_init: ESP-IDF:          v5.4.1
[2026-05-23 15:31:25.534] I (187) efuse_init: Min chip rev:     v0.3
[2026-05-23 15:31:25.537] I (188) efuse_init: Max chip rev:     v1.99
[2026-05-23 15:31:25.539] I (188) efuse_init: Chip rev:         v0.4
[2026-05-23 15:31:25.540] I (189) heap_init: Initializing. RAM available for dynamic allocation:
[2026-05-23 15:31:25.542] I (190) heap_init: At 3FC9C340 len 00023CC0 (143 KiB): RAM
[2026-05-23 15:31:25.544] I (190) heap_init: At 3FCC0000 len 0001C710 (113 KiB): Retention RAM
[2026-05-23 15:31:25.546] I (191) heap_init: At 3FCDC710 len 00002950 (10 KiB): Retention RAM
[2026-05-23 15:31:25.547] I (192) heap_init: At 5000021C len 00001DCC (7 KiB): RTCRAM
[2026-05-23 15:31:25.548] I (193) spi_flash: detected chip: generic
[2026-05-23 15:31:25.549] I (194) spi_flash: flash io: dio
[2026-05-23 15:31:25.552] W (194) spi_flash: Detected size(4096k) larger than the size in the binary image header(2048k). Using the size in the binary image header.
[2026-05-23 15:31:25.554] I (195) sleep_gpio: Configure to isolate all GPIO pins in sleep state
[2026-05-23 15:31:25.556] I (196) sleep_gpio: Enable automatic switching of GPIO sleep configuration
[2026-05-23 15:31:25.557] I (197) main_task: Started on CPU0
[2026-05-23 15:31:25.559] I (197) main_task: Calling app_main()
[2026-05-23 15:31:25.560] WCAN_CFG_WAIT v=1
# UART boot config sent: wcan v=1 role=sensor transport=BROADCAST test_duration_ms=30000 host_wait_time_ms=5000 base=0xd0 count=1 hz=1000 linger=100
[2026-05-23 15:31:25.562] WCAN_CFG_WAIT v=1
[2026-05-23 15:31:28.034] WCAN_CFG_ACK
[2026-05-23 15:31:28.034] WCAN_CFG_ACK
[2026-05-23 15:31:28.039] I (2882) pp: pp rom version: 9387209
[2026-05-23 15:31:28.040] I (2883) net80211: net80211 rom version: 9387209
[2026-05-23 15:31:28.041] I (2884) wifi:wifi driver task: 3fca77a4, prio:23, stack:6656, core=0
[2026-05-23 15:31:28.045] I (2888) wifi:wifi firmware version: 79fa3f41ba
[2026-05-23 15:31:28.046] I (2888) wifi:wifi certification version: v7.0
[2026-05-23 15:31:28.046] I (2888) wifi:config NVS flash: enabled
[2026-05-23 15:31:28.047] I (2888) wifi:config nano formatting: disabled
[2026-05-23 15:31:28.053] I (2889) wifi:Init data frame dynamic rx buffer num: 32
[2026-05-23 15:31:28.057] I (2889) wifi:Init static rx mgmt buffer num: 5
[2026-05-23 15:31:28.062] I (2890) wifi:Init management short buffer num: 32
[2026-05-23 15:31:28.066] I (2890) wifi:Init dynamic tx buffer num: 32
[2026-05-23 15:31:28.067] I (2891) wifi:Init static tx FG buffer num: 2
[2026-05-23 15:31:28.069] I (2891) wifi:Init static rx buffer size: 1600
[2026-05-23 15:31:28.069] I (2892) wifi:Init static rx buffer num: 10
[2026-05-23 15:31:28.070] I (2892) wifi:Init dynamic rx buffer num: 32
[2026-05-23 15:31:28.070] I (2894) wifi_init: rx ba win: 6
[2026-05-23 15:31:28.071] I (2894) wifi_init: accept mbox: 6
[2026-05-23 15:31:28.072] I (2894) wifi_init: tcpip mbox: 32
[2026-05-23 15:31:28.072] I (2894) wifi_init: udp mbox: 6
[2026-05-23 15:31:28.073] I (2894) wifi_init: tcp mbox: 6
[2026-05-23 15:31:28.073] I (2895) wifi_init: tcp tx win: 5760
[2026-05-23 15:31:28.074] I (2895) wifi_init: tcp rx win: 5760
[2026-05-23 15:31:28.074] I (2896) wifi_init: tcp mss: 1440
[2026-05-23 15:31:28.075] I (2896) wifi_init: WiFi IRAM OP enabled
[2026-05-23 15:31:28.075] I (2896) wifi_init: WiFi RX IRAM OP enabled
[2026-05-23 15:31:28.076] I (2897) phy_init: phy_version 1200,2b7123f9,Feb 18 2025,15:22:21
[2026-05-23 15:31:28.088] I (2932) wifi:mode : sta (54:32:04:8c:0b:8c)
[2026-05-23 15:31:28.088] I (2932) wifi:enable tsf
[2026-05-23 15:31:28.091] I (2935) ESPNOW: espnow [version: 2.0] init
[2026-05-23 15:31:28.092] WCAN_TEST_READY role=sensor
# Waiting for phased test start
# UART test start sent: WCAN_TEST_START at 2026-05-23T15:31:28.104038
[2026-05-23 15:31:28.918] P(FAIL):3565:d0:0:0:100:101
[2026-05-23 15:31:29.242] P(FAIL):3889:d0:1:101:201:101
[2026-05-23 15:31:29.612] P(FAIL):4259:d0:3:303:403:101
[2026-05-23 15:31:29.986] P(FAIL):4633:d0:6:606:706:101
[2026-05-23 15:31:30.378] P(FAIL):5025:d0:8:808:908:101
[2026-05-23 15:31:30.480] S(FAIL):5127:d0:0:1818:1964:147
[2026-05-23 15:31:30.791] P(FAIL):5438:d0:9:909:1009:101
[2026-05-23 15:31:30.893] S(FAIL):5540:d0:0:2066:2377:312
[2026-05-23 15:31:31.219] P(FAIL):5866:d0:10:1010:1110:101
[2026-05-23 15:31:31.423] S(FAIL):6069:d0:0:2479:2805:327
[2026-05-23 15:31:31.628] P(FAIL):6275:d0:12:1212:1312:101
[2026-05-23 15:31:31.730] S(FAIL):6377:d0:0:3008:3214:207
[2026-05-23 15:31:31.987] P(FAIL):6634:d0:13:1313:1413:101
[2026-05-23 15:31:39.161] P(FAIL):13808:d0:90:10341:10441:101
[2026-05-23 15:31:40.412] P(FAIL):15059:d0:102:11553:11653:101
[2026-05-23 15:31:58.651] P(FAIL):33297:d0:281:29632:29732:101
[2026-05-23 15:31:59.433] WCAN_BATCH id=0xd0 count=285 avg_hz=9.49 avg_points=100.87 min_points=64 max_points=101 avg_interval_ms=105.40 min_interval_ms=100.87 max_interval_ms=427.88 avg_dispatch_ms=4.49 max_dispatch_ms=8.31 dispatched_count=317 avg_queue_wait_ms=167.38 max_queue_wait_ms=2092.74
[2026-05-23 15:31:59.436] WCAN_SENSOR_END generated=29998 avg_hz=1000.00
[2026-05-23 15:31:59.437] S(FAIL):34062:d0:0:3316:3573:258
[2026-05-23 15:31:59.446] WCAN_MEASURES elapsed_ms=29999 heap_start_free=126648 heap_end_free=141436 heap_start_min_free=124496 heap_end_min_free=123820 heap_start_largest=98304 heap_end_largest=98304 airtime_us_total=1421706 packets_sent_total=317 sensor_send_failures_total=1251
[2026-05-23 15:31:59.447] WCAN_TEST_END role=sensor

# Monitor stopped: 2026-05-23T15:31:59.447756
