# Monitor started: 2026-05-23T15:20:46.778589
# Port: /dev/ttyACM0, Baud: 921600, Timeout: 35.000s after WCAN_TEST_START

# UART boot config: wcan v=1 role=sensor transport=BROADCAST test_duration_ms=30000 host_wait_time_ms=5000 base=0xd0 count=1 hz=750 linger=100
[2026-05-23 15:20:46.778] ESP-ROM:esp32c3-api1-20210207
[2026-05-23 15:20:46.779] Build:Feb  7 2021
[2026-05-23 15:20:46.779] rst:0x15 (USB_UART_CHIP_RESET),boot:0xd (SPI_FAST_FLASH_BOOT)
[2026-05-23 15:20:46.779] Saved PC:0x40384eba
[2026-05-23 15:20:46.779] SPIWP:0xee
[2026-05-23 15:20:46.779] mode:DIO, clock div:1
[2026-05-23 15:20:46.780] load:0x3fcd5820,len:0x1574
[2026-05-23 15:20:46.780] load:0x403cc710,len:0xc30
[2026-05-23 15:20:46.783] load:0x403ce710,len:0x2fa0
[2026-05-23 15:20:46.786] entry 0x403cc71a
[2026-05-23 15:20:46.788] I (24) boot: ESP-IDF v5.4.1 2nd stage bootloader
[2026-05-23 15:20:46.795] I (24) boot: compile time May 20 2026 00:05:32
[2026-05-23 15:20:46.798] I (25) boot: chip revision: v0.4
[2026-05-23 15:20:46.801] I (25) boot: efuse block revision: v1.3
[2026-05-23 15:20:46.805] I (25) boot.esp32c3: SPI Speed      : 80MHz
[2026-05-23 15:20:46.806] I (25) boot.esp32c3: SPI Mode       : DIO
[2026-05-23 15:20:46.809] I (26) boot.esp32c3: SPI Flash Size : 2MB
[2026-05-23 15:20:46.812] I (26) boot: Enabling RNG early entropy source...
[2026-05-23 15:20:46.816] I (27) boot: Partition Table:
[2026-05-23 15:20:46.819] I (27) boot: ## Label            Usage          Type ST Offset   Length
[2026-05-23 15:20:46.824] I (28) boot:  0 nvs              WiFi data        01 02 00009000 00006000
[2026-05-23 15:20:46.830] I (29) boot:  1 phy_init         RF data          01 01 0000f000 00001000
[2026-05-23 15:20:46.833] I (29) boot:  2 factory          factory app      00 00 00010000 00100000
[2026-05-23 15:20:46.843] I (30) boot: End of partition table
[2026-05-23 15:20:46.848] I (31) esp_image: segment 0: paddr=00010020 vaddr=3c0a0020 size=1977ch (104316) map
[2026-05-23 15:20:46.851] I (48) esp_image: segment 1: paddr=000297a4 vaddr=3fc95200 size=02da0h ( 11680) load
[2026-05-23 15:20:46.858] I (51) esp_image: segment 2: paddr=0002c54c vaddr=40380000 size=03acch ( 15052) load
[2026-05-23 15:20:46.863] I (54) esp_image: segment 3: paddr=00030020 vaddr=42000020 size=9942ch (627756) map
[2026-05-23 15:20:46.866] I (154) esp_image: segment 4: paddr=000c9454 vaddr=40383acc size=11614h ( 71188) load
[2026-05-23 15:20:46.869] I (168) esp_image: segment 5: paddr=000daa70 vaddr=50000200 size=0001ch (    28) load
[2026-05-23 15:20:46.872] I (175) boot: Loaded app from partition at offset 0x10000
[2026-05-23 15:20:46.875] I (175) boot: Disabling RNG early entropy source...
[2026-05-23 15:20:46.881] I (176) cpu_start: Unicore app
[2026-05-23 15:20:46.889] I (185) cpu_start: Pro cpu start user code
[2026-05-23 15:20:46.892] I (185) cpu_start: cpu freq: 160000000 Hz
[2026-05-23 15:20:46.895] I (185) app_init: Application information:
[2026-05-23 15:20:46.897] I (185) app_init: Project name:     sensor_acquirer
[2026-05-23 15:20:46.901] I (185) app_init: App version:      v1.0-171-gbbe0783
[2026-05-23 15:20:46.904] I (186) app_init: Compile time:     May 23 2026 14:30:31
[2026-05-23 15:20:46.907] I (186) app_init: ELF file SHA256:  493679023...
[2026-05-23 15:20:46.911] I (187) app_init: ESP-IDF:          v5.4.1
[2026-05-23 15:20:46.913] I (188) efuse_init: Min chip rev:     v0.3
[2026-05-23 15:20:46.917] I (188) efuse_init: Max chip rev:     v1.99
[2026-05-23 15:20:46.919] I (188) efuse_init: Chip rev:         v0.4
[2026-05-23 15:20:46.923] I (189) heap_init: Initializing. RAM available for dynamic allocation:
[2026-05-23 15:20:46.928] I (190) heap_init: At 3FC9C340 len 00023CC0 (143 KiB): RAM
[2026-05-23 15:20:46.932] I (190) heap_init: At 3FCC0000 len 0001C710 (113 KiB): Retention RAM
[2026-05-23 15:20:46.935] I (191) heap_init: At 3FCDC710 len 00002950 (10 KiB): Retention RAM
[2026-05-23 15:20:46.936] I (192) heap_init: At 5000021C len 00001DCC (7 KiB): RTCRAM
[2026-05-23 15:20:46.936] I (193) spi_flash: detected chip: generic
[2026-05-23 15:20:46.937] I (194) spi_flash: flash io: dio
[2026-05-23 15:20:46.939] W (194) spi_flash: Detected size(4096k) larger than the size in the binary image header(2048k). Using the size in the binary image header.
[2026-05-23 15:20:46.940] I (195) sleep_gpio: Configure to isolate all GPIO pins in sleep state
[2026-05-23 15:20:46.942] I (196) sleep_gpio: Enable automatic switching of GPIO sleep configuration
[2026-05-23 15:20:46.942] I (197) main_task: Started on CPU0
[2026-05-23 15:20:46.943] I (197) main_task: Calling app_main()
[2026-05-23 15:20:46.943] WCAN_CFG_WAIT v=1
# UART boot config sent: wcan v=1 role=sensor transport=BROADCAST test_duration_ms=30000 host_wait_time_ms=5000 base=0xd0 count=1 hz=750 linger=100
[2026-05-23 15:20:46.944] WCAN_CFG_WAIT v=1
[2026-05-23 15:20:49.397] WCAN_CFG_ACK
[2026-05-23 15:20:49.397] WCAN_CFG_ACK
[2026-05-23 15:20:49.401] I (2822) pp: pp rom version: 9387209
[2026-05-23 15:20:49.402] I (2823) net80211: net80211 rom version: 9387209
[2026-05-23 15:20:49.404] I (2824) wifi:wifi driver task: 3fca77a4, prio:23, stack:6656, core=0
[2026-05-23 15:20:49.407] I (2828) wifi:wifi firmware version: 79fa3f41ba
[2026-05-23 15:20:49.407] I (2828) wifi:wifi certification version: v7.0
[2026-05-23 15:20:49.408] I (2828) wifi:config NVS flash: enabled
[2026-05-23 15:20:49.408] I (2828) wifi:config nano formatting: disabled
[2026-05-23 15:20:49.408] I (2829) wifi:Init data frame dynamic rx buffer num: 32
[2026-05-23 15:20:49.409] I (2829) wifi:Init static rx mgmt buffer num: 5
[2026-05-23 15:20:49.410] I (2830) wifi:Init management short buffer num: 32
[2026-05-23 15:20:49.411] I (2830) wifi:Init dynamic tx buffer num: 32
[2026-05-23 15:20:49.412] I (2831) wifi:Init static tx FG buffer num: 2
[2026-05-23 15:20:49.413] I (2831) wifi:Init static rx buffer size: 1600
[2026-05-23 15:20:49.414] I (2832) wifi:Init static rx buffer num: 10
[2026-05-23 15:20:49.415] I (2832) wifi:Init dynamic rx buffer num: 32
[2026-05-23 15:20:49.416] I (2833) wifi_init: rx ba win: 6
[2026-05-23 15:20:49.417] I (2834) wifi_init: accept mbox: 6
[2026-05-23 15:20:49.417] I (2834) wifi_init: tcpip mbox: 32
[2026-05-23 15:20:49.419] I (2834) wifi_init: udp mbox: 6
[2026-05-23 15:20:49.419] I (2834) wifi_init: tcp mbox: 6
[2026-05-23 15:20:49.420] I (2835) wifi_init: tcp tx win: 5760
[2026-05-23 15:20:49.421] I (2835) wifi_init: tcp rx win: 5760
[2026-05-23 15:20:49.422] I (2836) wifi_init: tcp mss: 1440
[2026-05-23 15:20:49.422] I (2836) wifi_init: WiFi IRAM OP enabled
[2026-05-23 15:20:49.423] I (2836) wifi_init: WiFi RX IRAM OP enabled
[2026-05-23 15:20:49.425] I (2837) phy_init: phy_version 1200,2b7123f9,Feb 18 2025,15:22:21
[2026-05-23 15:20:49.450] I (2871) wifi:mode : sta (54:32:04:8c:0b:8c)
[2026-05-23 15:20:49.451] I (2871) wifi:enable tsf
[2026-05-23 15:20:49.454] I (2874) ESPNOW: espnow [version: 2.0] init
[2026-05-23 15:20:49.455] WCAN_TEST_READY role=sensor
# Waiting for phased test start
# UART test start sent: WCAN_TEST_START at 2026-05-23T15:20:49.467669
[2026-05-23 15:20:50.277] P(FAIL):3501:d0:0:0:75:76
[2026-05-23 15:20:50.862] P(FAIL):4085:d0:6:456:531:76
[2026-05-23 15:20:51.237] P(FAIL):4461:d0:10:760:835:76
[2026-05-23 15:20:51.702] P(FAIL):4925:d0:14:1064:1139:76
[2026-05-23 15:20:52.079] P(FAIL):5303:d0:16:1216:1291:76
[2026-05-23 15:20:52.896] P(FAIL):6120:d0:26:1976:2051:76
[2026-05-23 15:20:53.348] P(FAIL):6572:d0:30:2280:2355:76
[2026-05-23 15:20:53.763] P(FAIL):6986:d0:35:2660:2735:76
[2026-05-23 15:20:54.217] P(FAIL):7441:d0:39:2964:3039:76
[2026-05-23 15:20:54.614] P(FAIL):7838:d0:43:3268:3343:76
[2026-05-23 15:20:55.036] P(FAIL):8259:d0:45:3420:3495:76
[2026-05-23 15:20:55.369] P(FAIL):8593:d0:47:3572:3647:76
[2026-05-23 15:20:55.736] P(FAIL):8960:d0:48:3648:3723:76
[2026-05-23 15:20:56.203] P(FAIL):9427:d0:54:4104:4179:76
[2026-05-23 15:20:56.549] S(FAIL):9772:d0:0:4408:4471:64
[2026-05-23 15:20:56.633] P(FAIL):9857:d0:56:4256:4331:76
[2026-05-23 15:20:57.014] P(FAIL):10238:d0:62:4776:4851:76
[2026-05-23 15:20:57.406] P(FAIL):10630:d0:64:4928:5003:76
[2026-05-23 15:20:59.492] P(FAIL):12715:d0:90:6968:7043:76
[2026-05-23 15:20:59.872] P(FAIL):13096:d0:93:7196:7271:76
[2026-05-23 15:21:00.231] P(FAIL):13455:d0:94:7272:7347:76
[2026-05-23 15:21:02.345] P(FAIL):15569:d0:117:9020:9095:76
[2026-05-23 15:21:03.346] P(FAIL):16569:d0:128:9856:9931:76
[2026-05-23 15:21:04.219] P(FAIL):17442:d0:136:10464:10539:76
[2026-05-23 15:21:04.567] P(FAIL):17790:d0:139:10692:10767:76
[2026-05-23 15:21:04.932] P(FAIL):18155:d0:141:10844:10919:76
[2026-05-23 15:21:07.201] P(FAIL):20424:d0:165:12668:12743:76
[2026-05-23 15:21:09.811] P(FAIL):23035:d0:192:14720:14795:76
[2026-05-23 15:21:10.190] P(FAIL):23414:d0:193:14796:14871:76
[2026-05-23 15:21:10.519] P(FAIL):23742:d0:194:14872:14947:76
[2026-05-23 15:21:10.817] S(FAIL):24040:d0:0:5080:5143:64
[2026-05-23 15:21:10.865] P(FAIL):24089:d0:196:15024:15099:76
[2026-05-23 15:21:11.169] P(FAIL):24392:d0:199:15252:15327:76
[2026-05-23 15:21:11.931] P(FAIL):25152:d0:212:16277:16352:76
[2026-05-23 15:21:12.300] P(FAIL):25523:d0:215:16505:16580:76
[2026-05-23 15:21:19.805] P(FAIL):33028:d0:290:22205:22280:76
[2026-05-23 15:21:20.604] P(FAIL):33828:d0:291:22281:22356:76
[2026-05-23 15:21:20.797] WCAN_BATCH id=0xd0 count=294 avg_hz=9.80 avg_points=75.99 min_points=72 max_points=76 avg_interval_ms=102.06 min_interval_ms=101.16 max_interval_ms=186.77 avg_dispatch_ms=3.89 max_dispatch_ms=9.89 dispatched_count=397 avg_queue_wait_ms=201.28 max_queue_wait_ms=986.36
[2026-05-23 15:21:20.801] WCAN_SENSOR_END generated=22504 avg_hz=750.19
[2026-05-23 15:21:20.804] S(FAIL):34001:d0:0:15784:15820:37
[2026-05-23 15:21:20.816] WCAN_MEASURES elapsed_ms=29999 heap_start_free=126648 heap_end_free=141436 heap_start_min_free=126324 heap_end_min_free=125760 heap_start_largest=98304 heap_end_largest=98304 airtime_us_total=1539396 packets_sent_total=397 sensor_send_failures_total=165
[2026-05-23 15:21:20.817] WCAN_TEST_END role=sensor

# Monitor stopped: 2026-05-23T15:21:20.817754
