# Monitor started: 2026-05-23T15:20:46.779813
# Port: /dev/ttyACM1, Baud: 921600, Timeout: 35.000s after WCAN_TEST_START

# UART boot config: wcan v=1 role=sensor transport=BROADCAST test_duration_ms=30000 host_wait_time_ms=5000 base=0xe0 count=1 hz=750 linger=100
[2026-05-23 15:20:46.780] ESP-ROM:esp32c3-api1-20210207
[2026-05-23 15:20:46.781] Build:Feb  7 2021
[2026-05-23 15:20:46.783] rst:0x15 (USB_UART_CHIP_RESET),boot:0xd (SPI_FAST_FLASH_BOOT)
[2026-05-23 15:20:46.785] Saved PC:0x40384eba
[2026-05-23 15:20:46.786] SPIWP:0xee
[2026-05-23 15:20:46.788] mode:DIO, clock div:1
[2026-05-23 15:20:46.789] load:0x3fcd5820,len:0x1574
[2026-05-23 15:20:46.791] load:0x403cc710,len:0xc30
[2026-05-23 15:20:46.797] load:0x403ce710,len:0x2fa0
[2026-05-23 15:20:46.800] entry 0x403cc71a
[2026-05-23 15:20:46.803] I (24) boot: ESP-IDF v5.4.1 2nd stage bootloader
[2026-05-23 15:20:46.807] I (24) boot: compile time May 20 2026 00:05:32
[2026-05-23 15:20:46.808] I (24) boot: chip revision: v0.4
[2026-05-23 15:20:46.813] I (25) boot: efuse block revision: v1.3
[2026-05-23 15:20:46.816] I (25) boot.esp32c3: SPI Speed      : 80MHz
[2026-05-23 15:20:46.818] I (25) boot.esp32c3: SPI Mode       : DIO
[2026-05-23 15:20:46.820] I (26) boot.esp32c3: SPI Flash Size : 2MB
[2026-05-23 15:20:46.825] I (26) boot: Enabling RNG early entropy source...
[2026-05-23 15:20:46.831] I (27) boot: Partition Table:
[2026-05-23 15:20:46.836] I (27) boot: ## Label            Usage          Type ST Offset   Length
[2026-05-23 15:20:46.839] I (28) boot:  0 nvs              WiFi data        01 02 00009000 00006000
[2026-05-23 15:20:46.846] I (29) boot:  1 phy_init         RF data          01 01 0000f000 00001000
[2026-05-23 15:20:46.849] I (29) boot:  2 factory          factory app      00 00 00010000 00100000
[2026-05-23 15:20:46.852] I (30) boot: End of partition table
[2026-05-23 15:20:46.855] I (31) esp_image: segment 0: paddr=00010020 vaddr=3c0a0020 size=1977ch (104316) map
[2026-05-23 15:20:46.860] I (48) esp_image: segment 1: paddr=000297a4 vaddr=3fc95200 size=02da0h ( 11680) load
[2026-05-23 15:20:46.862] I (51) esp_image: segment 2: paddr=0002c54c vaddr=40380000 size=03acch ( 15052) load
[2026-05-23 15:20:46.867] I (54) esp_image: segment 3: paddr=00030020 vaddr=42000020 size=9942ch (627756) map
[2026-05-23 15:20:46.871] I (154) esp_image: segment 4: paddr=000c9454 vaddr=40383acc size=11614h ( 71188) load
[2026-05-23 15:20:46.873] I (168) esp_image: segment 5: paddr=000daa70 vaddr=50000200 size=0001ch (    28) load
[2026-05-23 15:20:46.875] I (175) boot: Loaded app from partition at offset 0x10000
[2026-05-23 15:20:46.884] I (175) boot: Disabling RNG early entropy source...
[2026-05-23 15:20:46.889] I (176) cpu_start: Unicore app
[2026-05-23 15:20:46.900] I (185) cpu_start: Pro cpu start user code
[2026-05-23 15:20:46.903] I (185) cpu_start: cpu freq: 160000000 Hz
[2026-05-23 15:20:46.906] I (185) app_init: Application information:
[2026-05-23 15:20:46.909] I (185) app_init: Project name:     sensor_acquirer
[2026-05-23 15:20:46.911] I (185) app_init: App version:      v1.0-171-gbbe0783
[2026-05-23 15:20:46.913] I (186) app_init: Compile time:     May 23 2026 14:30:31
[2026-05-23 15:20:46.919] I (187) app_init: ELF file SHA256:  493679023...
[2026-05-23 15:20:46.928] I (187) app_init: ESP-IDF:          v5.4.1
[2026-05-23 15:20:46.930] I (188) efuse_init: Min chip rev:     v0.3
[2026-05-23 15:20:46.933] I (188) efuse_init: Max chip rev:     v1.99
[2026-05-23 15:20:46.934] I (189) efuse_init: Chip rev:         v0.4
[2026-05-23 15:20:46.936] I (189) heap_init: Initializing. RAM available for dynamic allocation:
[2026-05-23 15:20:46.937] I (190) heap_init: At 3FC9C340 len 00023CC0 (143 KiB): RAM
[2026-05-23 15:20:46.938] I (191) heap_init: At 3FCC0000 len 0001C710 (113 KiB): Retention RAM
[2026-05-23 15:20:46.939] I (191) heap_init: At 3FCDC710 len 00002950 (10 KiB): Retention RAM
[2026-05-23 15:20:46.940] I (192) heap_init: At 5000021C len 00001DCC (7 KiB): RTCRAM
[2026-05-23 15:20:46.941] I (194) spi_flash: detected chip: generic
[2026-05-23 15:20:46.941] I (194) spi_flash: flash io: dio
[2026-05-23 15:20:46.944] W (194) spi_flash: Detected size(4096k) larger than the size in the binary image header(2048k). Using the size in the binary image header.
[2026-05-23 15:20:46.945] I (196) sleep_gpio: Configure to isolate all GPIO pins in sleep state
[2026-05-23 15:20:46.945] I (196) sleep_gpio: Enable automatic switching of GPIO sleep configuration
[2026-05-23 15:20:46.945] I (197) main_task: Started on CPU0
[2026-05-23 15:20:46.946] I (197) main_task: Calling app_main()
[2026-05-23 15:20:46.946] WCAN_CFG_WAIT v=1
# UART boot config sent: wcan v=1 role=sensor transport=BROADCAST test_duration_ms=30000 host_wait_time_ms=5000 base=0xe0 count=1 hz=750 linger=100
[2026-05-23 15:20:46.946] WCAN_CFG_WAIT v=1
[2026-05-23 15:20:49.398] WCAN_CFG_ACK
[2026-05-23 15:20:49.398] WCAN_CFG_ACK
[2026-05-23 15:20:49.403] I (2822) pp: pp rom version: 9387209
[2026-05-23 15:20:49.404] I (2823) net80211: net80211 rom version: 9387209
[2026-05-23 15:20:49.404] I (2824) wifi:wifi driver task: 3fca7720, prio:23, stack:6656, core=0
[2026-05-23 15:20:49.408] I (2828) wifi:wifi firmware version: 79fa3f41ba
[2026-05-23 15:20:49.409] I (2828) wifi:wifi certification version: v7.0
[2026-05-23 15:20:49.410] I (2828) wifi:config NVS flash: enabled
[2026-05-23 15:20:49.411] I (2828) wifi:config nano formatting: disabled
[2026-05-23 15:20:49.412] I (2829) wifi:Init data frame dynamic rx buffer num: 32
[2026-05-23 15:20:49.414] I (2829) wifi:Init static rx mgmt buffer num: 5
[2026-05-23 15:20:49.415] I (2830) wifi:Init management short buffer num: 32
[2026-05-23 15:20:49.416] I (2830) wifi:Init dynamic tx buffer num: 32
[2026-05-23 15:20:49.417] I (2831) wifi:Init static tx FG buffer num: 2
[2026-05-23 15:20:49.418] I (2831) wifi:Init static rx buffer size: 1600
[2026-05-23 15:20:49.418] I (2832) wifi:Init static rx buffer num: 10
[2026-05-23 15:20:49.419] I (2832) wifi:Init dynamic rx buffer num: 32
[2026-05-23 15:20:49.420] I (2833) wifi_init: rx ba win: 6
[2026-05-23 15:20:49.420] I (2834) wifi_init: accept mbox: 6
[2026-05-23 15:20:49.421] I (2834) wifi_init: tcpip mbox: 32
[2026-05-23 15:20:49.422] I (2834) wifi_init: udp mbox: 6
[2026-05-23 15:20:49.422] I (2834) wifi_init: tcp mbox: 6
[2026-05-23 15:20:49.423] I (2835) wifi_init: tcp tx win: 5760
[2026-05-23 15:20:49.424] I (2835) wifi_init: tcp rx win: 5760
[2026-05-23 15:20:49.425] I (2836) wifi_init: tcp mss: 1440
[2026-05-23 15:20:49.425] I (2836) wifi_init: WiFi IRAM OP enabled
[2026-05-23 15:20:49.426] I (2836) wifi_init: WiFi RX IRAM OP enabled
[2026-05-23 15:20:49.426] I (2837) phy_init: phy_version 1200,2b7123f9,Feb 18 2025,15:22:21
[2026-05-23 15:20:49.452] I (2871) wifi:mode : sta (74:4d:bd:e1:d5:b8)
[2026-05-23 15:20:49.452] I (2871) wifi:enable tsf
[2026-05-23 15:20:49.456] I (2874) ESPNOW: espnow [version: 2.0] init
[2026-05-23 15:20:49.456] WCAN_TEST_READY role=sensor
# Waiting for phased test start
# UART test start sent: WCAN_TEST_START at 2026-05-23T15:20:49.467431
[2026-05-23 15:20:50.281] P(FAIL):3503:e0:0:0:75:76
[2026-05-23 15:20:50.609] P(FAIL):3832:e0:1:76:151:76
[2026-05-23 15:20:51.058] P(FAIL):4281:e0:8:608:683:76
[2026-05-23 15:20:51.703] P(FAIL):4925:e0:14:1064:1139:76
[2026-05-23 15:20:52.135] P(FAIL):5357:e0:15:1140:1215:76
[2026-05-23 15:20:52.602] P(FAIL):5824:e0:23:1748:1823:76
[2026-05-23 15:20:53.034] P(FAIL):6256:e0:26:1976:2051:76
[2026-05-23 15:20:53.496] P(FAIL):6718:e0:32:2432:2507:76
[2026-05-23 15:20:53.801] P(FAIL):7023:e0:36:2736:2811:76
[2026-05-23 15:20:54.177] P(FAIL):7400:e0:38:2888:2963:76
[2026-05-23 15:20:54.622] P(FAIL):7844:e0:43:3268:3343:76
[2026-05-23 15:20:55.041] P(FAIL):8263:e0:44:3344:3419:76
[2026-05-23 15:20:55.366] P(FAIL):8588:e0:45:3420:3495:76
[2026-05-23 15:20:55.468] S(FAIL):8689:e0:0:4180:4191:12
[2026-05-23 15:20:55.733] P(FAIL):8955:e0:46:3496:3571:76
[2026-05-23 15:20:55.835] S(FAIL):9057:e0:0:4268:4467:200
[2026-05-23 15:20:56.066] P(FAIL):9288:e0:47:3572:3647:76
[2026-05-23 15:20:56.514] P(FAIL):9736:e0:54:4104:4179:76
[2026-05-23 15:20:56.919] P(FAIL):10142:e0:61:5022:5097:76
[2026-05-23 15:20:57.318] P(FAIL):10540:e0:65:5326:5401:76
[2026-05-23 15:20:57.718] P(FAIL):10940:e0:67:5478:5553:76
[2026-05-23 15:20:58.079] P(FAIL):11301:e0:69:5630:5705:76
[2026-05-23 15:20:58.788] P(FAIL):12010:e0:79:6390:6465:76
[2026-05-23 15:20:59.155] P(FAIL):12377:e0:81:6542:6617:76
[2026-05-23 15:20:59.595] P(FAIL):12818:e0:84:6770:6845:76
[2026-05-23 15:21:00.215] P(FAIL):13437:e0:93:7454:7529:76
[2026-05-23 15:21:00.610] P(FAIL):13833:e0:95:7606:7681:76
[2026-05-23 15:21:00.973] P(FAIL):14195:e0:96:7682:7757:76
[2026-05-23 15:21:01.133] S(FAIL):14355:e0:0:4544:4717:174
[2026-05-23 15:21:01.380] P(FAIL):14602:e0:97:7758:7833:76
[2026-05-23 15:21:01.482] S(FAIL):14704:e0:0:8518:8703:186
[2026-05-23 15:21:01.800] P(FAIL):15022:e0:98:7834:7909:76
[2026-05-23 15:21:01.902] S(FAIL):15124:e0:0:8780:9018:239
[2026-05-23 15:21:02.199] P(FAIL):15422:e0:99:7910:7985:76
[2026-05-23 15:21:02.567] P(FAIL):15789:e0:106:8442:8517:76
[2026-05-23 15:21:04.571] P(FAIL):17792:e0:128:10763:10838:76
[2026-05-23 15:21:04.956] P(FAIL):18178:e0:129:10839:10914:76
[2026-05-23 15:21:05.297] P(FAIL):18518:e0:130:10915:10990:76
[2026-05-23 15:21:11.571] P(FAIL):24793:e0:197:16007:16082:76
[2026-05-23 15:21:11.895] P(FAIL):25117:e0:199:16159:16234:76
[2026-05-23 15:21:12.403] P(FAIL):25625:e0:205:16615:16690:76
[2026-05-23 15:21:19.868] P(FAIL):33090:e0:279:22239:22314:76
[2026-05-23 15:21:20.668] P(FAIL):33890:e0:280:22315:22390:76
[2026-05-23 15:21:20.802] WCAN_BATCH id=0xe0 count=283 avg_hz=9.42 avg_points=75.87 min_points=38 max_points=76 avg_interval_ms=106.20 min_interval_ms=101.23 max_interval_ms=420.02 avg_dispatch_ms=3.85 max_dispatch_ms=10.58 dispatched_count=392 avg_queue_wait_ms=272.25 max_queue_wait_ms=1676.56
[2026-05-23 15:21:20.806] WCAN_SENSOR_END generated=22504 avg_hz=750.19
[2026-05-23 15:21:20.808] S(FAIL):34001:e0:0:9095:9318:224
[2026-05-23 15:21:20.818] WCAN_MEASURES elapsed_ms=29999 heap_start_free=126780 heap_end_free=141568 heap_start_min_free=126456 heap_end_min_free=125892 heap_start_largest=98304 heap_end_largest=98304 airtime_us_total=1505284 packets_sent_total=392 sensor_send_failures_total=1035
[2026-05-23 15:21:20.818] WCAN_TEST_END role=sensor

# Monitor stopped: 2026-05-23T15:21:20.818497
