# Monitor started: 2026-05-23T14:35:18.204297
# Port: /dev/ttyACM1, Baud: 921600, Timeout: 35.000s after WCAN_TEST_START

# UART boot config: wcan v=1 role=sensor transport=BROADCAST test_duration_ms=30000 host_wait_time_ms=5000 base=0xe0 count=1 hz=10 linger=100
[2026-05-23 14:35:18.206] ESP-ROM:esp32c3-api1-20210207
[2026-05-23 14:35:18.207] Build:Feb  7 2021
[2026-05-23 14:35:18.215] rst:0x15 (USB_UART_CHIP_RESET),boot:0xd (SPI_FAST_FLASH_BOOT)
[2026-05-23 14:35:18.217] Saved PC:0x40384eba
[2026-05-23 14:35:18.218] SPIWP:0xee
[2026-05-23 14:35:18.221] mode:DIO, clock div:1
[2026-05-23 14:35:18.223] load:0x3fcd5820,len:0x1574
[2026-05-23 14:35:18.225] load:0x403cc710,len:0xc30
[2026-05-23 14:35:18.227] load:0x403ce710,len:0x2fa0
[2026-05-23 14:35:18.229] entry 0x403cc71a
[2026-05-23 14:35:18.233] I (24) boot: ESP-IDF v5.4.1 2nd stage bootloader
[2026-05-23 14:35:18.238] I (24) boot: compile time May 20 2026 00:05:32
[2026-05-23 14:35:18.244] I (25) boot: chip revision: v0.4
[2026-05-23 14:35:18.248] I (25) boot: efuse block revision: v1.3
[2026-05-23 14:35:18.249] I (25) boot.esp32c3: SPI Speed      : 80MHz
[2026-05-23 14:35:18.252] I (25) boot.esp32c3: SPI Mode       : DIO
[2026-05-23 14:35:18.257] I (26) boot.esp32c3: SPI Flash Size : 2MB
[2026-05-23 14:35:18.264] I (26) boot: Enabling RNG early entropy source...
[2026-05-23 14:35:18.267] I (27) boot: Partition Table:
[2026-05-23 14:35:18.275] I (27) boot: ## Label            Usage          Type ST Offset   Length
[2026-05-23 14:35:18.282] I (28) boot:  0 nvs              WiFi data        01 02 00009000 00006000
[2026-05-23 14:35:18.285] I (29) boot:  1 phy_init         RF data          01 01 0000f000 00001000
[2026-05-23 14:35:18.293] I (29) boot:  2 factory          factory app      00 00 00010000 00100000
[2026-05-23 14:35:18.295] I (30) boot: End of partition table
[2026-05-23 14:35:18.301] I (31) esp_image: segment 0: paddr=00010020 vaddr=3c0a0020 size=1977ch (104316) map
[2026-05-23 14:35:18.308] I (48) esp_image: segment 1: paddr=000297a4 vaddr=3fc95200 size=02da0h ( 11680) load
[2026-05-23 14:35:18.311] I (51) esp_image: segment 2: paddr=0002c54c vaddr=40380000 size=03acch ( 15052) load
[2026-05-23 14:35:18.314] I (54) esp_image: segment 3: paddr=00030020 vaddr=42000020 size=9942ch (627756) map
[2026-05-23 14:35:18.318] I (154) esp_image: segment 4: paddr=000c9454 vaddr=40383acc size=11614h ( 71188) load
[2026-05-23 14:35:18.320] I (168) esp_image: segment 5: paddr=000daa70 vaddr=50000200 size=0001ch (    28) load
[2026-05-23 14:35:18.322] I (175) boot: Loaded app from partition at offset 0x10000
[2026-05-23 14:35:18.324] I (175) boot: Disabling RNG early entropy source...
[2026-05-23 14:35:18.325] I (176) cpu_start: Unicore app
[2026-05-23 14:35:18.327] I (185) cpu_start: Pro cpu start user code
[2026-05-23 14:35:18.331] I (185) cpu_start: cpu freq: 160000000 Hz
[2026-05-23 14:35:18.335] I (185) app_init: Application information:
[2026-05-23 14:35:18.338] I (185) app_init: Project name:     sensor_acquirer
[2026-05-23 14:35:18.341] I (185) app_init: App version:      v1.0-171-gbbe0783
[2026-05-23 14:35:18.344] I (186) app_init: Compile time:     May 23 2026 14:30:31
[2026-05-23 14:35:18.353] I (187) app_init: ELF file SHA256:  493679023...
[2026-05-23 14:35:18.355] I (187) app_init: ESP-IDF:          v5.4.1
[2026-05-23 14:35:18.358] I (188) efuse_init: Min chip rev:     v0.3
[2026-05-23 14:35:18.361] I (188) efuse_init: Max chip rev:     v1.99
[2026-05-23 14:35:18.362] I (189) efuse_init: Chip rev:         v0.4
[2026-05-23 14:35:18.365] I (189) heap_init: Initializing. RAM available for dynamic allocation:
[2026-05-23 14:35:18.366] I (190) heap_init: At 3FC9C340 len 00023CC0 (143 KiB): RAM
[2026-05-23 14:35:18.367] I (191) heap_init: At 3FCC0000 len 0001C710 (113 KiB): Retention RAM
[2026-05-23 14:35:18.371] I (191) heap_init: At 3FCDC710 len 00002950 (10 KiB): Retention RAM
[2026-05-23 14:35:18.372] I (192) heap_init: At 5000021C len 00001DCC (7 KiB): RTCRAM
[2026-05-23 14:35:18.373] I (194) spi_flash: detected chip: generic
[2026-05-23 14:35:18.373] I (194) spi_flash: flash io: dio
[2026-05-23 14:35:18.376] W (194) spi_flash: Detected size(4096k) larger than the size in the binary image header(2048k). Using the size in the binary image header.
[2026-05-23 14:35:18.376] I (196) sleep_gpio: Configure to isolate all GPIO pins in sleep state
[2026-05-23 14:35:18.377] I (196) sleep_gpio: Enable automatic switching of GPIO sleep configuration
[2026-05-23 14:35:18.378] I (197) main_task: Started on CPU0
[2026-05-23 14:35:18.378] I (197) main_task: Calling app_main()
[2026-05-23 14:35:18.378] WCAN_CFG_WAIT v=1
# UART boot config sent: wcan v=1 role=sensor transport=BROADCAST test_duration_ms=30000 host_wait_time_ms=5000 base=0xe0 count=1 hz=10 linger=100
[2026-05-23 14:35:18.379] WCAN_CFG_WAIT v=1
[2026-05-23 14:35:20.802] WCAN_CFG_ACK
[2026-05-23 14:35:20.803] WCAN_CFG_ACK
[2026-05-23 14:35:20.808] I (2802) pp: pp rom version: 9387209
[2026-05-23 14:35:20.809] I (2803) net80211: net80211 rom version: 9387209
[2026-05-23 14:35:20.810] I (2804) wifi:wifi driver task: 3fca7720, prio:23, stack:6656, core=0
[2026-05-23 14:35:20.814] I (2808) wifi:wifi firmware version: 79fa3f41ba
[2026-05-23 14:35:20.815] I (2808) wifi:wifi certification version: v7.0
[2026-05-23 14:35:20.816] I (2808) wifi:config NVS flash: enabled
[2026-05-23 14:35:20.817] I (2808) wifi:config nano formatting: disabled
[2026-05-23 14:35:20.819] I (2809) wifi:Init data frame dynamic rx buffer num: 32
[2026-05-23 14:35:20.820] I (2809) wifi:Init static rx mgmt buffer num: 5
[2026-05-23 14:35:20.821] I (2810) wifi:Init management short buffer num: 32
[2026-05-23 14:35:20.822] I (2810) wifi:Init dynamic tx buffer num: 32
[2026-05-23 14:35:20.823] I (2811) wifi:Init static tx FG buffer num: 2
[2026-05-23 14:35:20.824] I (2811) wifi:Init static rx buffer size: 1600
[2026-05-23 14:35:20.825] I (2812) wifi:Init static rx buffer num: 10
[2026-05-23 14:35:20.826] I (2812) wifi:Init dynamic rx buffer num: 32
[2026-05-23 14:35:20.827] I (2813) wifi_init: rx ba win: 6
[2026-05-23 14:35:20.827] I (2814) wifi_init: accept mbox: 6
[2026-05-23 14:35:20.828] I (2814) wifi_init: tcpip mbox: 32
[2026-05-23 14:35:20.829] I (2814) wifi_init: udp mbox: 6
[2026-05-23 14:35:20.829] I (2814) wifi_init: tcp mbox: 6
[2026-05-23 14:35:20.829] I (2815) wifi_init: tcp tx win: 5760
[2026-05-23 14:35:20.830] I (2815) wifi_init: tcp rx win: 5760
[2026-05-23 14:35:20.830] I (2816) wifi_init: tcp mss: 1440
[2026-05-23 14:35:20.830] I (2816) wifi_init: WiFi IRAM OP enabled
[2026-05-23 14:35:20.831] I (2816) wifi_init: WiFi RX IRAM OP enabled
[2026-05-23 14:35:20.831] I (2817) phy_init: phy_version 1200,2b7123f9,Feb 18 2025,15:22:21
[2026-05-23 14:35:20.863] I (2857) wifi:mode : sta (74:4d:bd:e1:d5:b8)
[2026-05-23 14:35:20.863] I (2858) wifi:enable tsf
[2026-05-23 14:35:20.866] I (2861) ESPNOW: espnow [version: 2.0] init
[2026-05-23 14:35:20.867] WCAN_TEST_READY role=sensor
# Waiting for phased test start
# UART test start sent: WCAN_TEST_START at 2026-05-23T14:35:20.878445
[2026-05-23 14:35:21.781] P(FAIL):3579:e0:0:0:1:2
[2026-05-23 14:35:22.102] P(FAIL):3900:e0:2:4:5:2
[2026-05-23 14:35:23.151] P(FAIL):4949:e0:7:14:15:2
[2026-05-23 14:35:26.751] P(FAIL):8549:e0:25:50:51:2
[2026-05-23 14:35:27.801] P(FAIL):9599:e0:30:60:61:2
[2026-05-23 14:35:28.778] P(FAIL):10576:e0:35:70:71:2
[2026-05-23 14:35:30.362] P(FAIL):12160:e0:43:86:87:2
[2026-05-23 14:35:31.939] P(FAIL):13737:e0:51:102:103:2
[2026-05-23 14:35:32.480] P(FAIL):14278:e0:54:108:109:2
[2026-05-23 14:35:33.117] P(FAIL):14915:e0:57:114:115:2
[2026-05-23 14:35:35.194] P(FAIL):16992:e0:67:134:135:2
[2026-05-23 14:35:35.911] P(FAIL):17709:e0:71:142:143:2
[2026-05-23 14:35:36.942] P(FAIL):18740:e0:76:152:153:2
[2026-05-23 14:35:37.723] P(FAIL):19521:e0:80:160:161:2
[2026-05-23 14:35:41.105] P(FAIL):22903:e0:97:194:195:2
[2026-05-23 14:35:42.835] P(FAIL):24633:e0:106:212:213:2
[2026-05-23 14:35:44.325] P(FAIL):26123:e0:113:226:227:2
[2026-05-23 14:35:45.776] P(FAIL):27574:e0:120:240:241:2
[2026-05-23 14:35:47.563] P(FAIL):29361:e0:129:258:259:2
[2026-05-23 14:35:51.406] P(FAIL):33203:e0:148:296:297:2
[2026-05-23 14:35:52.203] WCAN_BATCH id=0xe0 count=150 avg_hz=5.00 avg_points=1.99 min_points=1 max_points=2 avg_interval_ms=200.00 min_interval_ms=199.85 max_interval_ms=200.13 avg_dispatch_ms=1.62 max_dispatch_ms=9.55 dispatched_count=212 avg_queue_wait_ms=64.32 max_queue_wait_ms=343.74
[2026-05-23 14:35:52.206] WCAN_SENSOR_END generated=298 avg_hz=9.97
[2026-05-23 14:35:52.214] WCAN_MEASURES elapsed_ms=29999 heap_start_free=126780 heap_end_free=141568 heap_start_min_free=126780 heap_end_min_free=126488 heap_start_largest=98304 heap_end_largest=98304 airtime_us_total=340703 packets_sent_total=212 sensor_send_failures_total=0
[2026-05-23 14:35:52.214] WCAN_TEST_END role=sensor

# Monitor stopped: 2026-05-23T14:35:52.214885
