# Monitor started: 2026-04-22T17:50:46.936309
# Port: COM27, Baud: 115200, Duration: 30s

[2026-04-22 17:50:46.937] size=186�ets Jul 29 2019 12:21:46
[2026-04-22 17:50:46.937] 
[2026-04-22 17:50:46.944] rst:0x1 (POWERON_RESET),boot:0x13 (SPI_FAST_FLASH_BOOT)
[2026-04-22 17:50:46.946] configsip: 0, SPIWP:0xee
[2026-04-22 17:50:46.954] clk_drv:0x00,q_drv:0x00,d_drv:0x00,cs0_drv:0x00,hd_drv:0x00,wp_drv:0x00
[2026-04-22 17:50:46.957] mode:DIO, clock div:2
[2026-04-22 17:50:46.961] load:0x3fff0030,len:6276
[2026-04-22 17:50:46.964] load:0x40078000,len:15748
[2026-04-22 17:50:46.967] load:0x40080400,len:4
[2026-04-22 17:50:46.970] ho 8 tail 4 room 4
[2026-04-22 17:50:46.973] load:0x40080404,len:3860
[2026-04-22 17:50:46.975] entry 0x4008063c
[2026-04-22 17:50:46.981] I (31) boot: ESP-IDF v5.4.1 2nd stage bootloader
[2026-04-22 17:50:46.985] I (31) boot: compile time Apr 22 2026 16:37:35
[2026-04-22 17:50:46.989] I (31) boot: Multicore bootloader
[2026-04-22 17:50:46.993] I (32) boot: chip revision: v3.1
[2026-04-22 17:50:46.996] I (35) boot.esp32: SPI Speed      : 40MHz
[2026-04-22 17:50:47.000] I (39) boot.esp32: SPI Mode       : DIO
[2026-04-22 17:50:47.004] I (43) boot.esp32: SPI Flash Size : 2MB
[2026-04-22 17:50:47.010] I (46) boot: Enabling RNG early entropy source...
[2026-04-22 17:50:47.014] I (51) boot: Partition Table:
[2026-04-22 17:50:47.023] I (53) boot: ## Label            Usage          Type ST Offset   Length
[2026-04-22 17:50:47.033] I (60) boot:  0 nvs              WiFi data        01 02 00009000 00006000
[2026-04-22 17:50:47.042] I (66) boot:  1 phy_init         RF data          01 01 0000f000 00001000
[2026-04-22 17:50:47.051] I (73) boot:  2 factory          factory app      00 00 00010000 00100000
[2026-04-22 17:50:47.056] I (79) boot: End of partition table
[2026-04-22 17:50:47.067] I (82) esp_image: segment 0: paddr=00010020 vaddr=3f400020 size=18614h ( 99860) map
[2026-04-22 17:50:47.076] I (124) esp_image: segment 1: paddr=0002863c vaddr=3ff80000 size=0001ch (    28) load
[2026-04-22 17:50:47.086] I (124) esp_image: segment 2: paddr=00028660 vaddr=3ffb0000 size=03ea8h ( 16040) load
[2026-04-22 17:50:47.095] I (134) esp_image: segment 3: paddr=0002c510 vaddr=40080000 size=03b08h ( 15112) load
[2026-04-22 17:50:47.105] I (141) esp_image: segment 4: paddr=00030020 vaddr=400d0020 size=7fee8h (524008) map
[2026-04-22 17:50:47.114] I (322) esp_image: segment 5: paddr=000aff10 vaddr=40083b08 size=14220h ( 82464) load
[2026-04-22 17:50:47.121] I (366) boot: Loaded app from partition at offset 0x10000
[2026-04-22 17:50:47.127] I (366) boot: Disabling RNG early entropy source...
[2026-04-22 17:50:47.131] I (376) cpu_start: Multicore app
[2026-04-22 17:50:47.135] I (384) cpu_start: Pro cpu start user code
[2026-04-22 17:50:47.141] I (385) cpu_start: cpu freq: 160000000 Hz
[2026-04-22 17:50:47.145] I (385) app_init: Application information:
[2026-04-22 17:50:47.151] I (385) app_init: Project name:     sensor_acquirer
[2026-04-22 17:50:47.156] I (389) app_init: App version:      e468f2b-dirty
[2026-04-22 17:50:47.162] I (394) app_init: Compile time:     Apr 22 2026 16:36:49
[2026-04-22 17:50:47.168] I (399) app_init: ELF file SHA256:  bbb0bee62...
[2026-04-22 17:50:47.172] I (403) app_init: ESP-IDF:          v5.4.1
[2026-04-22 17:50:47.176] I (407) efuse_init: Min chip rev:     v0.0
[2026-04-22 17:50:47.180] I (411) efuse_init: Max chip rev:     v3.99
[2026-04-22 17:50:47.186] I (415) efuse_init: Chip rev:         v3.1
[2026-04-22 17:50:47.195] I (419) heap_init: Initializing. RAM available for dynamic allocation:
[2026-04-22 17:50:47.203] I (425) heap_init: At 3FFAE6E0 len 00001920 (6 KiB): DRAM
[2026-04-22 17:50:47.209] I (430) heap_init: At 3FFB82B8 len 00027D48 (159 KiB): DRAM
[2026-04-22 17:50:47.216] I (435) heap_init: At 3FFE0440 len 00003AE0 (14 KiB): D/IRAM
[2026-04-22 17:50:47.222] I (441) heap_init: At 3FFE4350 len 0001BCB0 (111 KiB): D/IRAM
[2026-04-22 17:50:47.229] I (446) heap_init: At 40097D28 len 000082D8 (32 KiB): IRAM
[2026-04-22 17:50:47.239] I (453) spi_flash: detected chip: generic
[2026-04-22 17:50:47.244] I (455) spi_flash: flash io: dio
[2026-04-22 17:50:47.267] W (458) spi_flash: Detected size(4096k) larger than the size in the binary image header(2048k). Using the size in the binary image header.
[2026-04-22 17:50:47.273] I (471) main_task: Started on CPU0
[2026-04-22 17:50:47.281] I (481) main_task: Calling app_main()
[2026-04-22 17:50:47.287] I (491) MAIN: MAC: 28:05:a5:31:d6:d0
[2026-04-22 17:50:47.300] I (501) wifi:wifi driver task: 3ffc0700, prio:23, stack:6656, core=0
[2026-04-22 17:50:47.307] I (501) wifi:wifi firmware version: 79fa3f41ba
[2026-04-22 17:50:47.313] I (501) wifi:wifi certification version: v7.0
[2026-04-22 17:50:47.318] I (501) wifi:config NVS flash: enabled
[2026-04-22 17:50:47.325] I (501) wifi:config nano formatting: disabled
[2026-04-22 17:50:47.332] I (511) wifi:Init data frame dynamic rx buffer num: 32
[2026-04-22 17:50:47.339] I (511) wifi:Init static rx mgmt buffer num: 5
[2026-04-22 17:50:47.347] I (521) wifi:Init management short buffer num: 32
[2026-04-22 17:50:47.353] I (521) wifi:Init dynamic tx buffer num: 32
[2026-04-22 17:50:47.359] I (521) wifi:Init static rx buffer size: 1600
[2026-04-22 17:50:47.366] I (531) wifi:Init static rx buffer num: 10
[2026-04-22 17:50:47.373] I (531) wifi:Init dynamic rx buffer num: 32
[2026-04-22 17:50:47.378] I (541) wifi_init: rx ba win: 6
[2026-04-22 17:50:47.384] I (541) wifi_init: accept mbox: 6
[2026-04-22 17:50:47.389] I (541) wifi_init: tcpip mbox: 32
[2026-04-22 17:50:47.393] I (541) wifi_init: udp mbox: 6
[2026-04-22 17:50:47.398] I (551) wifi_init: tcp mbox: 6
[2026-04-22 17:50:47.404] I (551) wifi_init: tcp tx win: 5760
[2026-04-22 17:50:47.409] I (551) wifi_init: tcp rx win: 5760
[2026-04-22 17:50:47.415] I (561) wifi_init: tcp mss: 1440
[2026-04-22 17:50:47.421] I (561) wifi_init: WiFi IRAM OP enabled
[2026-04-22 17:50:47.427] I (561) wifi_init: WiFi RX IRAM OP enabled
[2026-04-22 17:50:47.436] I (571) phy_init: phy_version 4860,6b7a6e5,Feb  6 2025,14:47:07
[2026-04-22 17:50:47.441] I (661) wifi:mode : softAP (28:05:a5:31:d6:d1)
[2026-04-22 17:50:47.447] I (661) wifi:Total power save buffer number: 16
[2026-04-22 17:50:47.454] I (661) wifi:Init max length of beacon: 752/752
[2026-04-22 17:50:47.459] I (661) wifi:Init max length of beacon: 752/752
[2026-04-22 17:50:47.462] I (671) MAIN: WiFi initialized
[2026-04-22 17:50:47.469] I (671) MAIN: RECEIVER mode — accepting all CAN IDs
[2026-04-22 17:50:47.474] I (671) ESPNOW: espnow [version: 2.0] init
[2026-04-22 17:50:47.478] I (681) SEND: Send processing task started
[2026-04-22 17:50:47.483] I (681) RECV: Receive processing task started
[2026-04-22 17:50:47.486] I (691) WCAN: WCAN initialized
[2026-04-22 17:50:47.491] I (691) main_task: Returned from app_main()
[2026-04-22 17:50:47.497] I (701) USER-RECV: Received [5d10] len=4 counter=0
[2026-04-22 17:50:47.502] I (701) USER-RECV: Received [c978] len=4 counter=0
[2026-04-22 17:50:48.144] I (1701) USER-RECV: Received [c978] len=4 counter=1
[2026-04-22 17:50:48.149] I (1701) USER-RECV: Received [5d10] len=4 counter=1
[2026-04-22 17:50:49.144] I (2701) USER-RECV: Received [5d10] len=4 counter=2
[2026-04-22 17:50:49.148] I (2701) USER-RECV: Received [c978] len=4 counter=2
[2026-04-22 17:50:50.144] I (3701) USER-RECV: Received [5d10] len=4 counter=3
[2026-04-22 17:50:50.149] I (3701) USER-RECV: Received [c978] len=4 counter=3
[2026-04-22 17:50:51.144] I (4701) USER-RECV: Received [c978] len=4 counter=4
[2026-04-22 17:50:51.149] I (4701) USER-RECV: Received [5d10] len=4 counter=4
[2026-04-22 17:50:52.144] I (5701) USER-RECV: Received [5d10] len=4 counter=5
[2026-04-22 17:50:52.148] I (5701) USER-RECV: Received [c978] len=4 counter=5
[2026-04-22 17:50:53.144] I (6701) USER-RECV: Received [5d10] len=4 counter=6
[2026-04-22 17:50:53.148] I (6701) USER-RECV: Received [c978] len=4 counter=6
[2026-04-22 17:50:54.145] I (7701) USER-RECV: Received [c978] len=4 counter=7
[2026-04-22 17:50:54.150] I (7701) USER-RECV: Received [5d10] len=4 counter=7
[2026-04-22 17:50:55.144] I (8701) USER-RECV: Received [5d10] len=4 counter=8
[2026-04-22 17:50:55.148] I (8701) USER-RECV: Received [c978] len=4 counter=8
[2026-04-22 17:50:56.144] I (9701) USER-RECV: Received [5d10] len=4 counter=9
[2026-04-22 17:50:56.149] I (9701) USER-RECV: Received [c978] len=4 counter=9
[2026-04-22 17:50:57.144] I (10701) USER-RECV: Received [5d10] len=4 counter=10
[2026-04-22 17:50:57.149] I (10701) USER-RECV: Received [c978] len=4 counter=10
[2026-04-22 17:50:58.145] I (11701) USER-RECV: Received [5d10] len=4 counter=11
[2026-04-22 17:50:58.150] I (11701) USER-RECV: Received [c978] len=4 counter=11
[2026-04-22 17:50:59.144] I (12701) USER-RECV: Received [5d10] len=4 counter=12
[2026-04-22 17:50:59.150] I (12701) USER-RECV: Received [c978] len=4 counter=12
[2026-04-22 17:51:00.144] I (13701) USER-RECV: Received [5d10] len=4 counter=13
[2026-04-22 17:51:00.150] I (13701) USER-RECV: Received [c978] len=4 counter=13
[2026-04-22 17:51:01.144] I (14701) USER-RECV: Received [5d10] len=4 counter=14
[2026-04-22 17:51:01.149] I (14701) USER-RECV: Received [c978] len=4 counter=14
[2026-04-22 17:51:02.145] I (15701) USER-RECV: Received [5d10] len=4 counter=15
[2026-04-22 17:51:02.151] I (15701) USER-RECV: Received [c978] len=4 counter=15
[2026-04-22 17:51:03.145] I (16701) USER-RECV: Received [5d10] len=4 counter=16
[2026-04-22 17:51:03.150] I (16701) USER-RECV: Received [c978] len=4 counter=16
[2026-04-22 17:51:04.145] I (17701) USER-RECV: Received [5d10] len=4 counter=17
[2026-04-22 17:51:04.150] I (17701) USER-RECV: Received [c978] len=4 counter=17
[2026-04-22 17:51:05.145] I (18701) USER-RECV: Received [5d10] len=4 counter=18
[2026-04-22 17:51:05.150] I (18701) USER-RECV: Received [c978] len=4 counter=18
[2026-04-22 17:51:06.144] I (19701) USER-RECV: Received [5d10] len=4 counter=19
[2026-04-22 17:51:06.150] I (19701) USER-RECV: Received [c978] len=4 counter=19
[2026-04-22 17:51:07.145] I (20701) USER-RECV: Received [5d10] len=4 counter=20
[2026-04-22 17:51:07.150] I (20701) USER-RECV: Received [c978] len=4 counter=20
[2026-04-22 17:51:08.145] I (21701) USER-RECV: Received [5d10] len=4 counter=21
[2026-04-22 17:51:08.150] I (21701) USER-RECV: Received [c978] len=4 counter=21
[2026-04-22 17:51:09.145] I (22701) USER-RECV: Received [5d10] len=4 counter=22
[2026-04-22 17:51:09.150] I (22701) USER-RECV: Received [c978] len=4 counter=22
[2026-04-22 17:51:10.145] I (23701) USER-RECV: Received [5d10] len=4 counter=23
[2026-04-22 17:51:10.150] I (23701) USER-RECV: Received [c978] len=4 counter=23
[2026-04-22 17:51:11.145] I (24701) USER-RECV: Received [5d10] len=4 counter=24
[2026-04-22 17:51:11.150] I (24701) USER-RECV: Received [c978] len=4 counter=24
[2026-04-22 17:51:12.145] I (25701) USER-RECV: Received [5d10] len=4 counter=25
[2026-04-22 17:51:12.150] I (25701) USER-RECV: Received [c978] len=4 counter=25
[2026-04-22 17:51:13.145] I (26701) USER-RECV: Received [5d10] len=4 counter=26
[2026-04-22 17:51:13.347] I (26901) USER-RECV: Received [c978] len=4 counter=26
[2026-04-22 17:51:14.145] I (27701) USER-RECV: Received [5d10] len=4 counter=27
[2026-04-22 17:51:14.150] I (27701) USER-RECV: Received [c978] len=4 counter=27
[2026-04-22 17:51:15.145] I (28701) USER-RECV: Received [5d10] len=4 counter=28
[2026-04-22 17:51:15.150] I (28701) USER-RECV: Received [c978] len=4 counter=28
[2026-04-22 17:51:16.146] I (29701) USER-RECV: Received [5d10] len=4 counter=29
[2026-04-22 17:51:16.150] I (29701) USER-RECV: Received [c978] len=4 counter=29
[2026-04-22 17:51:17.145] I (30701) USER-RECV: Received [5d10] len=4 counter=30

# Monitor stopped: 2026-04-22T17:51:17.145708
