# Monitor started: 2026-04-22T17:50:46.937311
# Port: COM21, Baud: 115200, Duration: 30s

[2026-04-22 17:50:46.942] size=18�ets Jul 29 2019 12:21:46
[2026-04-22 17:50:46.942] 
[2026-04-22 17:50:46.949] rst:0x1 (POWERON_RESET),boot:0x13 (SPI_FAST_FLASH_BOOT)
[2026-04-22 17:50:46.951] configsip: 0, SPIWP:0xee
[2026-04-22 17:50:46.961] clk_drv:0x00,q_drv:0x00,d_drv:0x00,cs0_drv:0x00,hd_drv:0x00,wp_drv:0x00
[2026-04-22 17:50:46.963] mode:DIO, clock div:2
[2026-04-22 17:50:46.966] load:0x3fff0030,len:6276
[2026-04-22 17:50:46.969] load:0x40078000,len:15748
[2026-04-22 17:50:46.972] load:0x40080400,len:4
[2026-04-22 17:50:46.974] ho 8 tail 4 room 4
[2026-04-22 17:50:46.977] load:0x40080404,len:3860
[2026-04-22 17:50:46.979] entry 0x4008063c
[2026-04-22 17:50:46.986] I (31) boot: ESP-IDF v5.4.1 2nd stage bootloader
[2026-04-22 17:50:46.991] I (31) boot: compile time Apr 22 2026 16:40:53
[2026-04-22 17:50:46.994] I (31) boot: Multicore bootloader
[2026-04-22 17:50:46.999] I (32) boot: chip revision: v3.1
[2026-04-22 17:50:47.004] I (35) boot.esp32: SPI Speed      : 40MHz
[2026-04-22 17:50:47.010] I (39) boot.esp32: SPI Mode       : DIO
[2026-04-22 17:50:47.015] I (43) boot.esp32: SPI Flash Size : 2MB
[2026-04-22 17:50:47.021] I (46) boot: Enabling RNG early entropy source...
[2026-04-22 17:50:47.025] I (51) boot: Partition Table:
[2026-04-22 17:50:47.032] I (53) boot: ## Label            Usage          Type ST Offset   Length
[2026-04-22 17:50:47.039] I (60) boot:  0 nvs              WiFi data        01 02 00009000 00006000
[2026-04-22 17:50:47.048] I (66) boot:  1 phy_init         RF data          01 01 0000f000 00001000
[2026-04-22 17:50:47.056] I (73) boot:  2 factory          factory app      00 00 00010000 00100000
[2026-04-22 17:50:47.060] I (79) boot: End of partition table
[2026-04-22 17:50:47.070] I (82) esp_image: segment 0: paddr=00010020 vaddr=3f400020 size=18654h ( 99924) map
[2026-04-22 17:50:47.080] I (124) esp_image: segment 1: paddr=0002867c vaddr=3ff80000 size=0001ch (    28) load
[2026-04-22 17:50:47.090] I (124) esp_image: segment 2: paddr=000286a0 vaddr=3ffb0000 size=03ea8h ( 16040) load
[2026-04-22 17:50:47.101] I (134) esp_image: segment 3: paddr=0002c550 vaddr=40080000 size=03ac8h ( 15048) load
[2026-04-22 17:50:47.113] I (141) esp_image: segment 4: paddr=00030020 vaddr=400d0020 size=7ff84h (524164) map
[2026-04-22 17:50:47.123] I (322) esp_image: segment 5: paddr=000affac vaddr=40083ac8 size=14260h ( 82528) load
[2026-04-22 17:50:47.130] I (366) boot: Loaded app from partition at offset 0x10000
[2026-04-22 17:50:47.136] I (366) boot: Disabling RNG early entropy source...
[2026-04-22 17:50:47.140] I (376) cpu_start: Multicore app
[2026-04-22 17:50:47.146] I (385) cpu_start: Pro cpu start user code
[2026-04-22 17:50:47.151] I (385) cpu_start: cpu freq: 160000000 Hz
[2026-04-22 17:50:47.156] I (385) app_init: Application information:
[2026-04-22 17:50:47.162] I (385) app_init: Project name:     sensor_acquirer
[2026-04-22 17:50:47.167] I (389) app_init: App version:      e468f2b-dirty
[2026-04-22 17:50:47.173] I (394) app_init: Compile time:     Apr 22 2026 16:39:58
[2026-04-22 17:50:47.180] I (399) app_init: ELF file SHA256:  91b0c478b...
[2026-04-22 17:50:47.185] I (403) app_init: ESP-IDF:          v5.4.1
[2026-04-22 17:50:47.190] I (407) efuse_init: Min chip rev:     v0.0
[2026-04-22 17:50:47.196] I (411) efuse_init: Max chip rev:     v3.99
[2026-04-22 17:50:47.201] I (415) efuse_init: Chip rev:         v3.1
[2026-04-22 17:50:47.209] I (419) heap_init: Initializing. RAM available for dynamic allocation:
[2026-04-22 17:50:47.215] I (425) heap_init: At 3FFAE6E0 len 00001920 (6 KiB): DRAM
[2026-04-22 17:50:47.222] I (430) heap_init: At 3FFB82B8 len 00027D48 (159 KiB): DRAM
[2026-04-22 17:50:47.229] I (435) heap_init: At 3FFE0440 len 00003AE0 (14 KiB): D/IRAM
[2026-04-22 17:50:47.236] I (441) heap_init: At 3FFE4350 len 0001BCB0 (111 KiB): D/IRAM
[2026-04-22 17:50:47.248] I (446) heap_init: At 40097D28 len 000082D8 (32 KiB): IRAM
[2026-04-22 17:50:47.255] I (453) spi_flash: detected chip: generic
[2026-04-22 17:50:47.260] I (455) spi_flash: flash io: dio
[2026-04-22 17:50:47.287] W (458) spi_flash: Detected size(4096k) larger than the size in the binary image header(2048k). Using the size in the binary image header.
[2026-04-22 17:50:47.292] I (471) main_task: Started on CPU0
[2026-04-22 17:50:47.299] I (481) main_task: Calling app_main()
[2026-04-22 17:50:47.305] I (491) MAIN: MAC: f4:2d:c9:7a:5d:10
[2026-04-22 17:50:47.315] I (501) wifi:wifi driver task: 3ffc0700, prio:23, stack:6656, core=0
[2026-04-22 17:50:47.322] I (501) wifi:wifi firmware version: 79fa3f41ba
[2026-04-22 17:50:47.329] I (501) wifi:wifi certification version: v7.0
[2026-04-22 17:50:47.335] I (501) wifi:config NVS flash: enabled
[2026-04-22 17:50:47.342] I (501) wifi:config nano formatting: disabled
[2026-04-22 17:50:47.350] I (511) wifi:Init data frame dynamic rx buffer num: 32
[2026-04-22 17:50:47.357] I (511) wifi:Init static rx mgmt buffer num: 5
[2026-04-22 17:50:47.365] I (521) wifi:Init management short buffer num: 32
[2026-04-22 17:50:47.373] I (521) wifi:Init dynamic tx buffer num: 32
[2026-04-22 17:50:47.380] I (521) wifi:Init static rx buffer size: 1600
[2026-04-22 17:50:47.386] I (531) wifi:Init static rx buffer num: 10
[2026-04-22 17:50:47.393] I (531) wifi:Init dynamic rx buffer num: 32
[2026-04-22 17:50:47.397] I (541) wifi_init: rx ba win: 6
[2026-04-22 17:50:47.401] I (541) wifi_init: accept mbox: 6
[2026-04-22 17:50:47.406] I (541) wifi_init: tcpip mbox: 32
[2026-04-22 17:50:47.411] I (541) wifi_init: udp mbox: 6
[2026-04-22 17:50:47.417] I (551) wifi_init: tcp mbox: 6
[2026-04-22 17:50:47.422] I (551) wifi_init: tcp tx win: 5760
[2026-04-22 17:50:47.427] I (551) wifi_init: tcp rx win: 5760
[2026-04-22 17:50:47.432] I (561) wifi_init: tcp mss: 1440
[2026-04-22 17:50:47.438] I (561) wifi_init: WiFi IRAM OP enabled
[2026-04-22 17:50:47.444] I (561) wifi_init: WiFi RX IRAM OP enabled
[2026-04-22 17:50:47.451] I (571) phy_init: phy_version 4860,6b7a6e5,Feb  6 2025,14:47:07
[2026-04-22 17:50:47.456] I (661) wifi:mode : softAP (f4:2d:c9:7a:5d:11)
[2026-04-22 17:50:47.462] I (661) wifi:Total power save buffer number: 16
[2026-04-22 17:50:47.467] I (661) wifi:Init max length of beacon: 752/752
[2026-04-22 17:50:47.472] I (661) wifi:Init max length of beacon: 752/752
[2026-04-22 17:50:47.476] I (671) MAIN: WiFi initialized
[2026-04-22 17:50:47.481] I (671) MAIN: SENSOR mode — CAN ID: 0x5d10
[2026-04-22 17:50:47.485] I (671) ESPNOW: espnow [version: 2.0] init
[2026-04-22 17:50:47.490] I (681) SEND: Send processing task started
[2026-04-22 17:50:47.496] I (681) RECV: Receive processing task started
[2026-04-22 17:50:47.498] I (681) WCAN: WCAN initialized
[2026-04-22 17:50:47.504] I (691) ReadDataTask: ReadDataTask started with CAN ID 0x5d10
[2026-04-22 17:50:47.507] I (691) ReadDataTask: Sent counter=0
[2026-04-22 17:50:47.511] I (691) main_task: Returned from app_main()
[2026-04-22 17:50:48.142] I (1701) ReadDataTask: Sent counter=1
[2026-04-22 17:50:49.141] I (2701) ReadDataTask: Sent counter=2
[2026-04-22 17:50:50.140] I (3701) ReadDataTask: Sent counter=3
[2026-04-22 17:50:51.141] I (4701) ReadDataTask: Sent counter=4
[2026-04-22 17:50:52.141] I (5701) ReadDataTask: Sent counter=5
[2026-04-22 17:50:53.140] I (6701) ReadDataTask: Sent counter=6
[2026-04-22 17:50:54.140] I (7701) ReadDataTask: Sent counter=7
[2026-04-22 17:50:55.141] I (8701) ReadDataTask: Sent counter=8
[2026-04-22 17:50:56.141] I (9701) ReadDataTask: Sent counter=9
[2026-04-22 17:50:57.141] I (10701) ReadDataTask: Sent counter=10
[2026-04-22 17:50:58.142] I (11701) ReadDataTask: Sent counter=11
[2026-04-22 17:50:59.141] I (12701) ReadDataTask: Sent counter=12
[2026-04-22 17:51:00.142] I (13701) ReadDataTask: Sent counter=13
[2026-04-22 17:51:01.141] I (14701) ReadDataTask: Sent counter=14
[2026-04-22 17:51:02.141] I (15701) ReadDataTask: Sent counter=15
[2026-04-22 17:51:03.142] I (16701) ReadDataTask: Sent counter=16
[2026-04-22 17:51:04.142] I (17701) ReadDataTask: Sent counter=17
[2026-04-22 17:51:05.142] I (18701) ReadDataTask: Sent counter=18
[2026-04-22 17:51:06.141] I (19701) ReadDataTask: Sent counter=19
[2026-04-22 17:51:07.142] I (20701) ReadDataTask: Sent counter=20
[2026-04-22 17:51:08.142] I (21701) ReadDataTask: Sent counter=21
[2026-04-22 17:51:09.142] I (22701) ReadDataTask: Sent counter=22
[2026-04-22 17:51:10.142] I (23701) ReadDataTask: Sent counter=23
[2026-04-22 17:51:11.142] I (24701) ReadDataTask: Sent counter=24
[2026-04-22 17:51:12.142] I (25701) ReadDataTask: Sent counter=25
[2026-04-22 17:51:13.143] I (26701) ReadDataTask: Sent counter=26
[2026-04-22 17:51:14.143] I (27701) ReadDataTask: Sent counter=27
[2026-04-22 17:51:15.142] I (28701) ReadDataTask: Sent counter=28
[2026-04-22 17:51:16.143] I (29701) ReadDataTask: Sent counter=29
[2026-04-22 17:51:17.143] I (30701) ReadDataTask: Sent counter=30

# Monitor stopped: 2026-04-22T17:51:17.143707
