# Monitor started: 2026-05-23T17:48:19.118048
# Port: /dev/ttyACM1, Baud: 921600, Timeout: 35.000s after WCAN_TEST_START

# UART boot config: wcan v=1 role=sensor transport=BROADCAST test_duration_ms=30000 host_wait_time_ms=5000 base=0xe0 count=1 hz=10 linger=100
[2026-05-23 17:48:19.121] ESP-ROM:esp32c3-api1-20210207
[2026-05-23 17:48:19.127] Build:Feb  7 2021
[2026-05-23 17:48:19.156] rst:0x15 (USB_UART_CHIP_RESET),boot:0xd (SPI_FAST_FLASH_BOOT)
[2026-05-23 17:48:19.161] Saved PC:0x40384eba
[2026-05-23 17:48:19.164] SPIWP:0xee
[2026-05-23 17:48:19.170] mode:DIO, clock div:1
[2026-05-23 17:48:19.173] load:0x3fcd5820,len:0x1574
[2026-05-23 17:48:19.174] load:0x403cc710,len:0xc30
[2026-05-23 17:48:19.175] load:0x403ce710,len:0x2fa0
[2026-05-23 17:48:19.175] entry 0x403cc71a
[2026-05-23 17:48:19.178] I (24) boot: ESP-IDF v5.4.1 2nd stage bootloader
[2026-05-23 17:48:19.182] I (24) boot: compile time May 20 2026 00:05:32
[2026-05-23 17:48:19.183] I (24) boot: chip revision: v0.4
[2026-05-23 17:48:19.185] I (25) boot: efuse block revision: v1.3
[2026-05-23 17:48:19.187] I (25) boot.esp32c3: SPI Speed      : 80MHz
[2026-05-23 17:48:19.189] I (25) boot.esp32c3: SPI Mode       : DIO
[2026-05-23 17:48:19.190] I (26) boot.esp32c3: SPI Flash Size : 2MB
[2026-05-23 17:48:19.194] I (26) boot: Enabling RNG early entropy source...
[2026-05-23 17:48:19.196] I (27) boot: Partition Table:
[2026-05-23 17:48:19.198] I (27) boot: ## Label            Usage          Type ST Offset   Length
[2026-05-23 17:48:19.200] I (28) boot:  0 nvs              WiFi data        01 02 00009000 00006000
[2026-05-23 17:48:19.203] I (29) boot:  1 phy_init         RF data          01 01 0000f000 00001000
[2026-05-23 17:48:19.205] I (29) boot:  2 factory          factory app      00 00 00010000 00100000
[2026-05-23 17:48:19.206] I (30) boot: End of partition table
[2026-05-23 17:48:19.208] I (31) esp_image: segment 0: paddr=00010020 vaddr=3c0a0020 size=1977ch (104316) map
[2026-05-23 17:48:19.210] I (48) esp_image: segment 1: paddr=000297a4 vaddr=3fc95200 size=02da0h ( 11680) load
[2026-05-23 17:48:19.214] I (51) esp_image: segment 2: paddr=0002c54c vaddr=40380000 size=03acch ( 15052) load
[2026-05-23 17:48:19.219] I (54) esp_image: segment 3: paddr=00030020 vaddr=42000020 size=9942ch (627756) map
[2026-05-23 17:48:19.236] I (154) esp_image: segment 4: paddr=000c9454 vaddr=40383acc size=11614h ( 71188) load
[2026-05-23 17:48:19.239] I (168) esp_image: segment 5: paddr=000daa70 vaddr=50000200 size=0001ch (    28) load
[2026-05-23 17:48:19.242] I (175) boot: Loaded app from partition at offset 0x10000
[2026-05-23 17:48:19.244] I (175) boot: Disabling RNG early entropy source...
[2026-05-23 17:48:19.250] I (176) cpu_start: Unicore app
[2026-05-23 17:48:19.251] I (185) cpu_start: Pro cpu start user code
[2026-05-23 17:48:19.259] I (185) cpu_start: cpu freq: 160000000 Hz
[2026-05-23 17:48:19.268] I (185) app_init: Application information:
[2026-05-23 17:48:19.274] I (185) app_init: Project name:     sensor_acquirer
[2026-05-23 17:48:19.284] I (186) app_init: App version:      v1.0-171-gbbe0783
[2026-05-23 17:48:19.295] I (186) app_init: Compile time:     May 23 2026 14:30:31
[2026-05-23 17:48:19.297] I (187) app_init: ELF file SHA256:  493679023...
[2026-05-23 17:48:19.297] I (187) app_init: ESP-IDF:          v5.4.1
[2026-05-23 17:48:19.298] I (188) efuse_init: Min chip rev:     v0.3
[2026-05-23 17:48:19.300] I (188) efuse_init: Max chip rev:     v1.99
[2026-05-23 17:48:19.301] I (189) efuse_init: Chip rev:         v0.4
[2026-05-23 17:48:19.302] I (189) heap_init: Initializing. RAM available for dynamic allocation:
[2026-05-23 17:48:19.303] I (190) heap_init: At 3FC9C340 len 00023CC0 (143 KiB): RAM
[2026-05-23 17:48:19.304] I (191) heap_init: At 3FCC0000 len 0001C710 (113 KiB): Retention RAM
[2026-05-23 17:48:19.305] I (191) heap_init: At 3FCDC710 len 00002950 (10 KiB): Retention RAM
[2026-05-23 17:48:19.306] I (192) heap_init: At 5000021C len 00001DCC (7 KiB): RTCRAM
[2026-05-23 17:48:19.307] I (194) spi_flash: detected chip: generic
[2026-05-23 17:48:19.308] I (194) spi_flash: flash io: dio
[2026-05-23 17:48:19.310] W (194) spi_flash: Detected size(4096k) larger than the size in the binary image header(2048k). Using the size in the binary image header.
[2026-05-23 17:48:19.311] I (196) sleep_gpio: Configure to isolate all GPIO pins in sleep state
[2026-05-23 17:48:19.313] I (196) sleep_gpio: Enable automatic switching of GPIO sleep configuration
[2026-05-23 17:48:19.313] I (197) main_task: Started on CPU0
[2026-05-23 17:48:19.314] I (197) main_task: Calling app_main()
[2026-05-23 17:48:19.314] WCAN_CFG_WAIT v=1
# UART boot config sent: wcan v=1 role=sensor transport=BROADCAST test_duration_ms=30000 host_wait_time_ms=5000 base=0xe0 count=1 hz=10 linger=100
[2026-05-23 17:48:19.315] WCAN_CFG_WAIT v=1
[2026-05-23 17:48:21.734] WCAN_CFG_ACK
[2026-05-23 17:48:21.734] WCAN_CFG_ACK
[2026-05-23 17:48:21.739] I (2820) pp: pp rom version: 9387209
[2026-05-23 17:48:21.740] I (2821) net80211: net80211 rom version: 9387209
[2026-05-23 17:48:21.741] I (2822) wifi:wifi driver task: 3fca7720, prio:23, stack:6656, core=0
[2026-05-23 17:48:21.745] I (2826) wifi:wifi firmware version: 79fa3f41ba
[2026-05-23 17:48:21.746] I (2826) wifi:wifi certification version: v7.0
[2026-05-23 17:48:21.747] I (2826) wifi:config NVS flash: enabled
[2026-05-23 17:48:21.748] I (2826) wifi:config nano formatting: disabled
[2026-05-23 17:48:21.749] I (2827) wifi:Init data frame dynamic rx buffer num: 32
[2026-05-23 17:48:21.750] I (2827) wifi:Init static rx mgmt buffer num: 5
[2026-05-23 17:48:21.751] I (2828) wifi:Init management short buffer num: 32
[2026-05-23 17:48:21.752] I (2828) wifi:Init dynamic tx buffer num: 32
[2026-05-23 17:48:21.753] I (2829) wifi:Init static tx FG buffer num: 2
[2026-05-23 17:48:21.754] I (2829) wifi:Init static rx buffer size: 1600
[2026-05-23 17:48:21.754] I (2830) wifi:Init static rx buffer num: 10
[2026-05-23 17:48:21.755] I (2830) wifi:Init dynamic rx buffer num: 32
[2026-05-23 17:48:21.755] I (2831) wifi_init: rx ba win: 6
[2026-05-23 17:48:21.756] I (2832) wifi_init: accept mbox: 6
[2026-05-23 17:48:21.757] I (2832) wifi_init: tcpip mbox: 32
[2026-05-23 17:48:21.757] I (2832) wifi_init: udp mbox: 6
[2026-05-23 17:48:21.758] I (2832) wifi_init: tcp mbox: 6
[2026-05-23 17:48:21.759] I (2833) wifi_init: tcp tx win: 5760
[2026-05-23 17:48:21.760] I (2833) wifi_init: tcp rx win: 5760
[2026-05-23 17:48:21.761] I (2834) wifi_init: tcp mss: 1440
[2026-05-23 17:48:21.761] I (2834) wifi_init: WiFi IRAM OP enabled
[2026-05-23 17:48:21.762] I (2834) wifi_init: WiFi RX IRAM OP enabled
[2026-05-23 17:48:21.763] I (2835) phy_init: phy_version 1200,2b7123f9,Feb 18 2025,15:22:21
[2026-05-23 17:48:21.789] I (2869) wifi:mode : sta (74:4d:bd:e1:d5:b8)
[2026-05-23 17:48:21.789] I (2870) wifi:enable tsf
[2026-05-23 17:48:21.792] I (2873) ESPNOW: espnow [version: 2.0] init
[2026-05-23 17:48:21.793] WCAN_TEST_READY role=sensor
# Waiting for phased test start
# UART test start sent: WCAN_TEST_START at 2026-05-23T17:48:21.805566
[2026-05-23 17:48:52.389] P(FAIL):33272:e0:148:296:297:2
[2026-05-23 17:48:53.118] WCAN_BATCH id=0xe0 count=150 avg_hz=5.00 avg_points=1.99 min_points=1 max_points=2 avg_interval_ms=200.00 min_interval_ms=199.96 max_interval_ms=200.02 avg_dispatch_ms=1.20 max_dispatch_ms=4.84 dispatched_count=151 avg_queue_wait_ms=1.93 max_queue_wait_ms=167.71
[2026-05-23 17:48:53.119] WCAN_SENSOR_END generated=298 avg_hz=9.97
[2026-05-23 17:48:53.124] WCAN_MEASURES elapsed_ms=29999 heap_start_free=126780 heap_end_free=141568 heap_start_min_free=126756 heap_end_min_free=126488 heap_start_largest=98304 heap_end_largest=98304 airtime_us_total=179496 packets_sent_total=151 sensor_send_failures_total=0
[2026-05-23 17:48:53.125] WCAN_TEST_END role=sensor

# Monitor stopped: 2026-05-23T17:48:53.125106
