# Monitor started: 2026-05-23T15:03:43.518071
# Port: /dev/ttyACM0, Baud: 921600, Timeout: 35.000s after WCAN_TEST_START

# UART boot config: wcan v=1 role=sensor transport=BROADCAST test_duration_ms=30000 host_wait_time_ms=5000 base=0xd0 count=1 hz=200 linger=100
[2026-05-23 15:03:43.525] ESP-ROM:esp32c3-api1-20210207
[2026-05-23 15:03:43.529] Build:Feb  7 2021
[2026-05-23 15:03:43.549] rst:0x15 (USB_UART_CHIP_RESET),boot:0xd (SPI_FAST_FLASH_BOOT)
[2026-05-23 15:03:43.558] Saved PC:0x40384eba
[2026-05-23 15:03:43.561] SPIWP:0xee
[2026-05-23 15:03:43.566] mode:DIO, clock div:1
[2026-05-23 15:03:43.585] load:0x3fcd5820,len:0x1574
[2026-05-23 15:03:43.595] load:0x403cc710,len:0xc30
[2026-05-23 15:03:43.601] load:0x403ce710,len:0x2fa0
[2026-05-23 15:03:43.603] entry 0x403cc71a
[2026-05-23 15:03:43.606] I (24) boot: ESP-IDF v5.4.1 2nd stage bootloader
[2026-05-23 15:03:43.608] I (24) boot: compile time May 20 2026 00:05:32
[2026-05-23 15:03:43.612] I (24) boot: chip revision: v0.4
[2026-05-23 15:03:43.613] I (25) boot: efuse block revision: v1.3
[2026-05-23 15:03:43.614] I (25) boot.esp32c3: SPI Speed      : 80MHz
[2026-05-23 15:03:43.615] I (25) boot.esp32c3: SPI Mode       : DIO
[2026-05-23 15:03:43.621] I (26) boot.esp32c3: SPI Flash Size : 2MB
[2026-05-23 15:03:43.623] I (26) boot: Enabling RNG early entropy source...
[2026-05-23 15:03:43.624] I (27) boot: Partition Table:
[2026-05-23 15:03:43.630] I (27) boot: ## Label            Usage          Type ST Offset   Length
[2026-05-23 15:03:43.633] I (28) boot:  0 nvs              WiFi data        01 02 00009000 00006000
[2026-05-23 15:03:43.640] I (29) boot:  1 phy_init         RF data          01 01 0000f000 00001000
[2026-05-23 15:03:43.656] I (29) boot:  2 factory          factory app      00 00 00010000 00100000
[2026-05-23 15:03:43.659] I (30) boot: End of partition table
[2026-05-23 15:03:43.664] I (31) esp_image: segment 0: paddr=00010020 vaddr=3c0a0020 size=1977ch (104316) map
[2026-05-23 15:03:43.667] I (48) esp_image: segment 1: paddr=000297a4 vaddr=3fc95200 size=02da0h ( 11680) load
[2026-05-23 15:03:43.676] I (51) esp_image: segment 2: paddr=0002c54c vaddr=40380000 size=03acch ( 15052) load
[2026-05-23 15:03:43.681] I (54) esp_image: segment 3: paddr=00030020 vaddr=42000020 size=9942ch (627756) map
[2026-05-23 15:03:43.687] I (154) esp_image: segment 4: paddr=000c9454 vaddr=40383acc size=11614h ( 71188) load
[2026-05-23 15:03:43.693] I (168) esp_image: segment 5: paddr=000daa70 vaddr=50000200 size=0001ch (    28) load
[2026-05-23 15:03:43.703] I (175) boot: Loaded app from partition at offset 0x10000
[2026-05-23 15:03:43.706] I (175) boot: Disabling RNG early entropy source...
[2026-05-23 15:03:43.707] I (176) cpu_start: Unicore app
[2026-05-23 15:03:43.711] I (185) cpu_start: Pro cpu start user code
[2026-05-23 15:03:43.718] I (185) cpu_start: cpu freq: 160000000 Hz
[2026-05-23 15:03:43.719] I (185) app_init: Application information:
[2026-05-23 15:03:43.720] I (185) app_init: Project name:     sensor_acquirer
[2026-05-23 15:03:43.721] I (185) app_init: App version:      v1.0-171-gbbe0783
[2026-05-23 15:03:43.723] I (186) app_init: Compile time:     May 23 2026 14:30:31
[2026-05-23 15:03:43.724] I (186) app_init: ELF file SHA256:  493679023...
[2026-05-23 15:03:43.724] I (187) app_init: ESP-IDF:          v5.4.1
[2026-05-23 15:03:43.725] I (187) efuse_init: Min chip rev:     v0.3
[2026-05-23 15:03:43.726] I (188) efuse_init: Max chip rev:     v1.99
[2026-05-23 15:03:43.727] I (188) efuse_init: Chip rev:         v0.4
[2026-05-23 15:03:43.728] I (189) heap_init: Initializing. RAM available for dynamic allocation:
[2026-05-23 15:03:43.729] I (190) heap_init: At 3FC9C340 len 00023CC0 (143 KiB): RAM
[2026-05-23 15:03:43.730] I (190) heap_init: At 3FCC0000 len 0001C710 (113 KiB): Retention RAM
[2026-05-23 15:03:43.731] I (191) heap_init: At 3FCDC710 len 00002950 (10 KiB): Retention RAM
[2026-05-23 15:03:43.732] I (192) heap_init: At 5000021C len 00001DCC (7 KiB): RTCRAM
[2026-05-23 15:03:43.733] I (193) spi_flash: detected chip: generic
[2026-05-23 15:03:43.733] I (193) spi_flash: flash io: dio
[2026-05-23 15:03:43.735] W (194) spi_flash: Detected size(4096k) larger than the size in the binary image header(2048k). Using the size in the binary image header.
[2026-05-23 15:03:43.736] I (195) sleep_gpio: Configure to isolate all GPIO pins in sleep state
[2026-05-23 15:03:43.736] I (196) sleep_gpio: Enable automatic switching of GPIO sleep configuration
[2026-05-23 15:03:43.736] I (197) main_task: Started on CPU0
[2026-05-23 15:03:43.737] I (197) main_task: Calling app_main()
[2026-05-23 15:03:43.737] WCAN_CFG_WAIT v=1
# UART boot config sent: wcan v=1 role=sensor transport=BROADCAST test_duration_ms=30000 host_wait_time_ms=5000 base=0xd0 count=1 hz=200 linger=100
[2026-05-23 15:03:43.737] WCAN_CFG_WAIT v=1
[2026-05-23 15:03:46.177] WCAN_CFG_ACK
[2026-05-23 15:03:46.177] WCAN_CFG_ACK
[2026-05-23 15:03:46.182] I (2863) pp: pp rom version: 9387209
[2026-05-23 15:03:46.184] I (2864) net80211: net80211 rom version: 9387209
[2026-05-23 15:03:46.186] I (2865) wifi:wifi driver task: 3fca77a4, prio:23, stack:6656, core=0
[2026-05-23 15:03:46.188] I (2869) wifi:wifi firmware version: 79fa3f41ba
[2026-05-23 15:03:46.190] I (2869) wifi:wifi certification version: v7.0
[2026-05-23 15:03:46.192] I (2869) wifi:config NVS flash: enabled
[2026-05-23 15:03:46.193] I (2869) wifi:config nano formatting: disabled
[2026-05-23 15:03:46.195] I (2870) wifi:Init data frame dynamic rx buffer num: 32
[2026-05-23 15:03:46.197] I (2870) wifi:Init static rx mgmt buffer num: 5
[2026-05-23 15:03:46.198] I (2871) wifi:Init management short buffer num: 32
[2026-05-23 15:03:46.200] I (2871) wifi:Init dynamic tx buffer num: 32
[2026-05-23 15:03:46.202] I (2872) wifi:Init static tx FG buffer num: 2
[2026-05-23 15:03:46.205] I (2872) wifi:Init static rx buffer size: 1600
[2026-05-23 15:03:46.208] I (2873) wifi:Init static rx buffer num: 10
[2026-05-23 15:03:46.209] I (2873) wifi:Init dynamic rx buffer num: 32
[2026-05-23 15:03:46.211] I (2875) wifi_init: rx ba win: 6
[2026-05-23 15:03:46.213] I (2875) wifi_init: accept mbox: 6
[2026-05-23 15:03:46.214] I (2875) wifi_init: tcpip mbox: 32
[2026-05-23 15:03:46.215] I (2875) wifi_init: udp mbox: 6
[2026-05-23 15:03:46.217] I (2875) wifi_init: tcp mbox: 6
[2026-05-23 15:03:46.218] I (2876) wifi_init: tcp tx win: 5760
[2026-05-23 15:03:46.219] I (2876) wifi_init: tcp rx win: 5760
[2026-05-23 15:03:46.220] I (2877) wifi_init: tcp mss: 1440
[2026-05-23 15:03:46.221] I (2877) wifi_init: WiFi IRAM OP enabled
[2026-05-23 15:03:46.223] I (2877) wifi_init: WiFi RX IRAM OP enabled
[2026-05-23 15:03:46.225] I (2878) phy_init: phy_version 1200,2b7123f9,Feb 18 2025,15:22:21
[2026-05-23 15:03:46.232] I (2912) wifi:mode : sta (54:32:04:8c:0b:8c)
[2026-05-23 15:03:46.233] I (2913) wifi:enable tsf
[2026-05-23 15:03:46.234] I (2916) ESPNOW: espnow [version: 2.0] init
[2026-05-23 15:03:46.235] WCAN_TEST_READY role=sensor
# Waiting for phased test start
# UART test start sent: WCAN_TEST_START at 2026-05-23T15:03:46.246752
[2026-05-23 15:03:50.521] P(FAIL):7005:d0:33:693:713:21
[2026-05-23 15:03:52.403] P(FAIL):8888:d0:51:1071:1091:21
[2026-05-23 15:03:53.764] P(FAIL):10249:d0:64:1344:1364:21
[2026-05-23 15:03:57.089] P(FAIL):13573:d0:96:2016:2036:21
[2026-05-23 15:03:57.912] P(FAIL):14396:d0:104:2184:2204:21
[2026-05-23 15:04:00.063] P(FAIL):16547:d0:124:2604:2624:21
[2026-05-23 15:04:00.368] P(FAIL):16852:d0:125:2625:2645:21
[2026-05-23 15:04:04.692] P(FAIL):21176:d0:169:3549:3569:21
[2026-05-23 15:04:05.102] P(FAIL):21586:d0:172:3612:3632:21
[2026-05-23 15:04:09.137] P(FAIL):25621:d0:211:4431:4451:21
[2026-05-23 15:04:13.341] P(FAIL):29826:d0:251:5271:5291:21
[2026-05-23 15:04:16.610] P(FAIL):33094:d0:282:5922:5942:21
[2026-05-23 15:04:17.409] P(FAIL):33894:d0:283:5943:5963:21
[2026-05-23 15:04:17.571] WCAN_BATCH id=0xd0 count=286 avg_hz=9.52 avg_points=20.98 min_points=14 max_points=21 avg_interval_ms=105.00 min_interval_ms=104.92 max_interval_ms=105.08 avg_dispatch_ms=1.94 max_dispatch_ms=5.54 dispatched_count=321 avg_queue_wait_ms=40.23 max_queue_wait_ms=510.77
[2026-05-23 15:04:17.573] WCAN_SENSOR_END generated=5998 avg_hz=199.97
[2026-05-23 15:04:17.596] WCAN_MEASURES elapsed_ms=29999 heap_start_free=126648 heap_end_free=141280 heap_start_min_free=126648 heap_end_min_free=126208 heap_start_largest=98304 heap_end_largest=98304 airtime_us_total=620510 packets_sent_total=321 sensor_send_failures_total=0
[2026-05-23 15:04:17.598] WCAN_TEST_END role=sensor

# Monitor stopped: 2026-05-23T15:04:17.598075
