# Monitor started: 2026-05-23T15:03:43.518750
# Port: /dev/ttyACM1, Baud: 921600, Timeout: 35.000s after WCAN_TEST_START

# UART boot config: wcan v=1 role=sensor transport=BROADCAST test_duration_ms=30000 host_wait_time_ms=5000 base=0xe0 count=1 hz=200 linger=100
[2026-05-23 15:03:43.535] ESP-ROM:esp32c3-api1-20210207
[2026-05-23 15:03:43.539] Build:Feb  7 2021
[2026-05-23 15:03:43.563] rst:0x15 (USB_UART_CHIP_RESET),boot:0xd (SPI_FAST_FLASH_BOOT)
[2026-05-23 15:03:43.584] Saved PC:0x40384eba
[2026-05-23 15:03:43.590] SPIWP:0xee
[2026-05-23 15:03:43.593] mode:DIO, clock div:1
[2026-05-23 15:03:43.596] load:0x3fcd5820,len:0x1574
[2026-05-23 15:03:43.597] load:0x403cc710,len:0xc30
[2026-05-23 15:03:43.598] load:0x403ce710,len:0x2fa0
[2026-05-23 15:03:43.599] entry 0x403cc71a
[2026-05-23 15:03:43.601] I (24) boot: ESP-IDF v5.4.1 2nd stage bootloader
[2026-05-23 15:03:43.602] I (24) boot: compile time May 20 2026 00:05:32
[2026-05-23 15:03:43.603] I (25) boot: chip revision: v0.4
[2026-05-23 15:03:43.604] I (25) boot: efuse block revision: v1.3
[2026-05-23 15:03:43.605] I (25) boot.esp32c3: SPI Speed      : 80MHz
[2026-05-23 15:03:43.609] I (25) boot.esp32c3: SPI Mode       : DIO
[2026-05-23 15:03:43.612] I (26) boot.esp32c3: SPI Flash Size : 2MB
[2026-05-23 15:03:43.614] I (26) boot: Enabling RNG early entropy source...
[2026-05-23 15:03:43.620] I (27) boot: Partition Table:
[2026-05-23 15:03:43.630] I (27) boot: ## Label            Usage          Type ST Offset   Length
[2026-05-23 15:03:43.634] I (28) boot:  0 nvs              WiFi data        01 02 00009000 00006000
[2026-05-23 15:03:43.645] I (29) boot:  1 phy_init         RF data          01 01 0000f000 00001000
[2026-05-23 15:03:43.654] I (29) boot:  2 factory          factory app      00 00 00010000 00100000
[2026-05-23 15:03:43.659] I (30) boot: End of partition table
[2026-05-23 15:03:43.662] I (31) esp_image: segment 0: paddr=00010020 vaddr=3c0a0020 size=1977ch (104316) map
[2026-05-23 15:03:43.668] I (48) esp_image: segment 1: paddr=000297a4 vaddr=3fc95200 size=02da0h ( 11680) load
[2026-05-23 15:03:43.682] I (51) esp_image: segment 2: paddr=0002c54c vaddr=40380000 size=03acch ( 15052) load
[2026-05-23 15:03:43.685] I (54) esp_image: segment 3: paddr=00030020 vaddr=42000020 size=9942ch (627756) map
[2026-05-23 15:03:43.688] I (154) esp_image: segment 4: paddr=000c9454 vaddr=40383acc size=11614h ( 71188) load
[2026-05-23 15:03:43.691] I (168) esp_image: segment 5: paddr=000daa70 vaddr=50000200 size=0001ch (    28) load
[2026-05-23 15:03:43.694] I (175) boot: Loaded app from partition at offset 0x10000
[2026-05-23 15:03:43.701] I (175) boot: Disabling RNG early entropy source...
[2026-05-23 15:03:43.703] I (176) cpu_start: Unicore app
[2026-05-23 15:03:43.705] I (185) cpu_start: Pro cpu start user code
[2026-05-23 15:03:43.708] I (185) cpu_start: cpu freq: 160000000 Hz
[2026-05-23 15:03:43.711] I (185) app_init: Application information:
[2026-05-23 15:03:43.714] I (185) app_init: Project name:     sensor_acquirer
[2026-05-23 15:03:43.715] I (185) app_init: App version:      v1.0-171-gbbe0783
[2026-05-23 15:03:43.716] I (186) app_init: Compile time:     May 23 2026 14:30:31
[2026-05-23 15:03:43.716] I (187) app_init: ELF file SHA256:  493679023...
[2026-05-23 15:03:43.718] I (187) app_init: ESP-IDF:          v5.4.1
[2026-05-23 15:03:43.718] I (188) efuse_init: Min chip rev:     v0.3
[2026-05-23 15:03:43.719] I (188) efuse_init: Max chip rev:     v1.99
[2026-05-23 15:03:43.720] I (189) efuse_init: Chip rev:         v0.4
[2026-05-23 15:03:43.722] I (189) heap_init: Initializing. RAM available for dynamic allocation:
[2026-05-23 15:03:43.723] I (190) heap_init: At 3FC9C340 len 00023CC0 (143 KiB): RAM
[2026-05-23 15:03:43.724] I (190) heap_init: At 3FCC0000 len 0001C710 (113 KiB): Retention RAM
[2026-05-23 15:03:43.726] I (191) heap_init: At 3FCDC710 len 00002950 (10 KiB): Retention RAM
[2026-05-23 15:03:43.727] I (192) heap_init: At 5000021C len 00001DCC (7 KiB): RTCRAM
[2026-05-23 15:03:43.728] I (194) spi_flash: detected chip: generic
[2026-05-23 15:03:43.728] I (194) spi_flash: flash io: dio
[2026-05-23 15:03:43.731] W (194) spi_flash: Detected size(4096k) larger than the size in the binary image header(2048k). Using the size in the binary image header.
[2026-05-23 15:03:43.732] I (196) sleep_gpio: Configure to isolate all GPIO pins in sleep state
[2026-05-23 15:03:43.733] I (196) sleep_gpio: Enable automatic switching of GPIO sleep configuration
[2026-05-23 15:03:43.734] I (197) main_task: Started on CPU0
[2026-05-23 15:03:43.734] I (197) main_task: Calling app_main()
[2026-05-23 15:03:43.735] WCAN_CFG_WAIT v=1
# UART boot config sent: wcan v=1 role=sensor transport=BROADCAST test_duration_ms=30000 host_wait_time_ms=5000 base=0xe0 count=1 hz=200 linger=100
[2026-05-23 15:03:43.736] WCAN_CFG_WAIT v=1
[2026-05-23 15:03:46.176] WCAN_CFG_ACK
[2026-05-23 15:03:46.176] WCAN_CFG_ACK
[2026-05-23 15:03:46.181] I (2862) pp: pp rom version: 9387209
[2026-05-23 15:03:46.182] I (2863) net80211: net80211 rom version: 9387209
[2026-05-23 15:03:46.185] I (2864) wifi:wifi driver task: 3fca7720, prio:23, stack:6656, core=0
[2026-05-23 15:03:46.187] I (2868) wifi:wifi firmware version: 79fa3f41ba
[2026-05-23 15:03:46.188] I (2868) wifi:wifi certification version: v7.0
[2026-05-23 15:03:46.190] I (2868) wifi:config NVS flash: enabled
[2026-05-23 15:03:46.192] I (2868) wifi:config nano formatting: disabled
[2026-05-23 15:03:46.194] I (2869) wifi:Init data frame dynamic rx buffer num: 32
[2026-05-23 15:03:46.196] I (2869) wifi:Init static rx mgmt buffer num: 5
[2026-05-23 15:03:46.198] I (2870) wifi:Init management short buffer num: 32
[2026-05-23 15:03:46.200] I (2870) wifi:Init dynamic tx buffer num: 32
[2026-05-23 15:03:46.202] I (2871) wifi:Init static tx FG buffer num: 2
[2026-05-23 15:03:46.203] I (2871) wifi:Init static rx buffer size: 1600
[2026-05-23 15:03:46.205] I (2872) wifi:Init static rx buffer num: 10
[2026-05-23 15:03:46.207] I (2872) wifi:Init dynamic rx buffer num: 32
[2026-05-23 15:03:46.208] I (2873) wifi_init: rx ba win: 6
[2026-05-23 15:03:46.210] I (2874) wifi_init: accept mbox: 6
[2026-05-23 15:03:46.212] I (2874) wifi_init: tcpip mbox: 32
[2026-05-23 15:03:46.213] I (2874) wifi_init: udp mbox: 6
[2026-05-23 15:03:46.215] I (2874) wifi_init: tcp mbox: 6
[2026-05-23 15:03:46.216] I (2875) wifi_init: tcp tx win: 5760
[2026-05-23 15:03:46.218] I (2875) wifi_init: tcp rx win: 5760
[2026-05-23 15:03:46.219] I (2876) wifi_init: tcp mss: 1440
[2026-05-23 15:03:46.221] I (2876) wifi_init: WiFi IRAM OP enabled
[2026-05-23 15:03:46.222] I (2876) wifi_init: WiFi RX IRAM OP enabled
[2026-05-23 15:03:46.224] I (2877) phy_init: phy_version 1200,2b7123f9,Feb 18 2025,15:22:21
[2026-05-23 15:03:46.231] I (2911) wifi:mode : sta (74:4d:bd:e1:d5:b8)
[2026-05-23 15:03:46.231] I (2912) wifi:enable tsf
[2026-05-23 15:03:46.234] I (2915) ESPNOW: espnow [version: 2.0] init
[2026-05-23 15:03:46.235] WCAN_TEST_READY role=sensor
# Waiting for phased test start
# UART test start sent: WCAN_TEST_START at 2026-05-23T15:03:46.246691
[2026-05-23 15:03:47.054] P(FAIL):3538:e0:0:0:20:21
[2026-05-23 15:03:47.379] P(FAIL):3863:e0:4:84:104:21
[2026-05-23 15:03:47.747] P(FAIL):4232:e0:7:147:167:21
[2026-05-23 15:03:48.186] P(FAIL):4670:e0:11:231:251:21
[2026-05-23 15:03:48.658] P(FAIL):5142:e0:15:315:335:21
[2026-05-23 15:03:49.133] P(FAIL):5617:e0:20:420:440:21
[2026-05-23 15:03:49.560] P(FAIL):6044:e0:24:504:524:21
[2026-05-23 15:03:50.025] P(FAIL):6509:e0:28:588:608:21
[2026-05-23 15:03:50.846] P(FAIL):7330:e0:37:777:797:21
[2026-05-23 15:03:51.187] P(FAIL):7671:e0:40:840:860:21
[2026-05-23 15:03:51.633] P(FAIL):8118:e0:44:924:944:21
[2026-05-23 15:03:52.015] P(FAIL):8499:e0:48:1008:1028:21
[2026-05-23 15:03:52.365] P(FAIL):8849:e0:50:1050:1070:21
[2026-05-23 15:03:52.809] P(FAIL):9293:e0:55:1155:1175:21
[2026-05-23 15:03:53.300] P(FAIL):9784:e0:59:1239:1259:21
[2026-05-23 15:03:54.162] P(FAIL):10646:e0:68:1428:1448:21
[2026-05-23 15:03:54.708] P(FAIL):11192:e0:73:1533:1553:21
[2026-05-23 15:03:55.097] P(FAIL):11581:e0:77:1617:1637:21
[2026-05-23 15:03:55.527] P(FAIL):12011:e0:81:1701:1721:21
[2026-05-23 15:03:55.905] P(FAIL):12389:e0:85:1785:1805:21
[2026-05-23 15:03:56.363] P(FAIL):12847:e0:89:1869:1889:21
[2026-05-23 15:03:56.733] P(FAIL):13217:e0:93:1953:1973:21
[2026-05-23 15:03:57.567] P(FAIL):14050:e0:100:2100:2120:21
[2026-05-23 15:03:58.398] P(FAIL):14882:e0:108:2268:2288:21
[2026-05-23 15:03:58.926] P(FAIL):15410:e0:113:2373:2393:21
[2026-05-23 15:03:59.242] P(FAIL):15726:e0:117:2457:2477:21
[2026-05-23 15:03:59.679] P(FAIL):16163:e0:120:2520:2540:21
[2026-05-23 15:04:00.044] P(FAIL):16528:e0:122:2562:2582:21
[2026-05-23 15:04:00.765] P(FAIL):17249:e0:131:2751:2771:21
[2026-05-23 15:04:01.215] P(FAIL):17699:e0:135:2835:2855:21
[2026-05-23 15:04:01.507] P(FAIL):17991:e0:139:2919:2939:21
[2026-05-23 15:04:01.924] P(FAIL):18408:e0:142:2982:3002:21
[2026-05-23 15:04:02.373] P(FAIL):18857:e0:146:3066:3086:21
[2026-05-23 15:04:02.797] P(FAIL):19281:e0:150:3150:3170:21
[2026-05-23 15:04:03.162] P(FAIL):19646:e0:154:3234:3254:21
[2026-05-23 15:04:03.510] P(FAIL):19994:e0:158:3318:3338:21
[2026-05-23 15:04:03.938] P(FAIL):20422:e0:161:3381:3401:21
[2026-05-23 15:04:04.333] P(FAIL):20817:e0:165:3465:3485:21
[2026-05-23 15:04:05.478] P(FAIL):21962:e0:176:3696:3716:21
[2026-05-23 15:04:05.878] P(FAIL):22362:e0:180:3780:3800:21
[2026-05-23 15:04:06.318] P(FAIL):22802:e0:184:3864:3884:21
[2026-05-23 15:04:06.802] P(FAIL):23286:e0:188:3948:3968:21
[2026-05-23 15:04:07.176] P(FAIL):23660:e0:192:4032:4052:21
[2026-05-23 15:04:07.610] P(FAIL):24094:e0:196:4116:4136:21
[2026-05-23 15:04:08.001] P(FAIL):24485:e0:200:4200:4220:21
[2026-05-23 15:04:08.393] P(FAIL):24876:e0:204:4284:4304:21
[2026-05-23 15:04:08.814] P(FAIL):25298:e0:208:4368:4388:21
[2026-05-23 15:04:09.582] P(FAIL):26066:e0:215:4515:4535:21
[2026-05-23 15:04:09.986] P(FAIL):26470:e0:219:4599:4619:21
[2026-05-23 15:04:10.340] P(FAIL):26823:e0:223:4683:4703:21
[2026-05-23 15:04:10.706] P(FAIL):27190:e0:226:4746:4766:21
[2026-05-23 15:04:11.078] P(FAIL):27562:e0:227:4767:4787:21
[2026-05-23 15:04:11.529] P(FAIL):28013:e0:233:4893:4913:21
[2026-05-23 15:04:11.905] P(FAIL):28389:e0:237:4977:4997:21
[2026-05-23 15:04:12.398] P(FAIL):28882:e0:241:5061:5081:21
[2026-05-23 15:04:12.930] P(FAIL):29414:e0:246:5166:5186:21
[2026-05-23 15:04:13.821] P(FAIL):30305:e0:255:5355:5375:21
[2026-05-23 15:04:14.313] P(FAIL):30797:e0:260:5460:5480:21
[2026-05-23 15:04:14.722] P(FAIL):31206:e0:264:5544:5564:21
[2026-05-23 15:04:15.087] P(FAIL):31571:e0:268:5628:5648:21
[2026-05-23 15:04:15.440] P(FAIL):31924:e0:271:5691:5711:21
[2026-05-23 15:04:15.914] P(FAIL):32398:e0:275:5775:5795:21
[2026-05-23 15:04:16.297] P(FAIL):32781:e0:279:5859:5879:21
[2026-05-23 15:04:16.816] P(FAIL):33300:e0:280:5880:5900:21
[2026-05-23 15:04:17.573] WCAN_BATCH id=0xe0 count=286 avg_hz=9.52 avg_points=20.98 min_points=14 max_points=21 avg_interval_ms=105.00 min_interval_ms=104.91 max_interval_ms=105.13 avg_dispatch_ms=2.15 max_dispatch_ms=6.76 dispatched_count=474 avg_queue_wait_ms=139.49 max_queue_wait_ms=506.79
[2026-05-23 15:04:17.583] WCAN_SENSOR_END generated=5998 avg_hz=199.97
[2026-05-23 15:04:17.598] WCAN_MEASURES elapsed_ms=29999 heap_start_free=126780 heap_end_free=141568 heap_start_min_free=126780 heap_end_min_free=126340 heap_start_largest=98304 heap_end_largest=98304 airtime_us_total=1014219 packets_sent_total=474 sensor_send_failures_total=0
[2026-05-23 15:04:17.599] WCAN_TEST_END role=sensor

# Monitor stopped: 2026-05-23T15:04:17.599435
