# Monitor started: 2026-05-23T19:17:55.383264
# Port: /dev/ttyACM0, Baud: 921600, Timeout: 35.000s after WCAN_TEST_START

# UART boot config: wcan v=1 role=sensor transport=MULTICAST test_duration_ms=30000 host_wait_time_ms=5000 base=0xd0 count=1 hz=750 linger=100
[2026-05-23 19:17:55.393] ESP-ROM:esp32c3-api1-20210207
[2026-05-23 19:17:55.400] Build:Feb  7 2021
[2026-05-23 19:17:55.416] rst:0x15 (USB_UART_CHIP_RESET),boot:0xd (SPI_FAST_FLASH_BOOT)
[2026-05-23 19:17:55.424] Saved PC:0x40384eba
[2026-05-23 19:17:55.430] SPIWP:0xee
[2026-05-23 19:17:55.439] mode:DIO, clock div:1
[2026-05-23 19:17:55.449] load:0x3fcd5820,len:0x1574
[2026-05-23 19:17:55.453] load:0x403cc710,len:0xc30
[2026-05-23 19:17:55.456] load:0x403ce710,len:0x2fa0
[2026-05-23 19:17:55.458] entry 0x403cc71a
[2026-05-23 19:17:55.464] I (24) boot: ESP-IDF v5.4.1 2nd stage bootloader
[2026-05-23 19:17:55.467] I (24) boot: compile time May 19 2026 23:41:33
[2026-05-23 19:17:55.469] I (25) boot: chip revision: v0.4
[2026-05-23 19:17:55.484] I (25) boot: efuse block revision: v1.3
[2026-05-23 19:17:55.493] I (25) boot.esp32c3: SPI Speed      : 80MHz
[2026-05-23 19:17:55.498] I (25) boot.esp32c3: SPI Mode       : DIO
[2026-05-23 19:17:55.499] I (26) boot.esp32c3: SPI Flash Size : 2MB
[2026-05-23 19:17:55.500] I (26) boot: Enabling RNG early entropy source...
[2026-05-23 19:17:55.501] I (27) boot: Partition Table:
[2026-05-23 19:17:55.502] I (27) boot: ## Label            Usage          Type ST Offset   Length
[2026-05-23 19:17:55.507] I (28) boot:  0 nvs              WiFi data        01 02 00009000 00006000
[2026-05-23 19:17:55.509] I (29) boot:  1 phy_init         RF data          01 01 0000f000 00001000
[2026-05-23 19:17:55.511] I (29) boot:  2 factory          factory app      00 00 00010000 00100000
[2026-05-23 19:17:55.512] I (30) boot: End of partition table
[2026-05-23 19:17:55.513] I (31) esp_image: segment 0: paddr=00010020 vaddr=3c0a0020 size=19850h (104528) map
[2026-05-23 19:17:55.517] I (48) esp_image: segment 1: paddr=00029878 vaddr=3fc95000 size=02da0h ( 11680) load
[2026-05-23 19:17:55.519] I (51) esp_image: segment 2: paddr=0002c620 vaddr=40380000 size=039f8h ( 14840) load
[2026-05-23 19:17:55.521] I (54) esp_image: segment 3: paddr=00030020 vaddr=42000020 size=990b4h (626868) map
[2026-05-23 19:17:55.523] I (154) esp_image: segment 4: paddr=000c90dc vaddr=403839f8 size=114f8h ( 70904) load
[2026-05-23 19:17:55.525] I (168) esp_image: segment 5: paddr=000da5dc vaddr=50000200 size=0001ch (    28) load
[2026-05-23 19:17:55.527] I (174) boot: Loaded app from partition at offset 0x10000
[2026-05-23 19:17:55.528] I (175) boot: Disabling RNG early entropy source...
[2026-05-23 19:17:55.529] I (176) cpu_start: Unicore app
[2026-05-23 19:17:55.531] I (184) cpu_start: Pro cpu start user code
[2026-05-23 19:17:55.532] I (185) cpu_start: cpu freq: 160000000 Hz
[2026-05-23 19:17:55.534] I (185) app_init: Application information:
[2026-05-23 19:17:55.536] I (185) app_init: Project name:     sensor_acquirer
[2026-05-23 19:17:55.539] I (185) app_init: App version:      v1.0-171-gbbe0783
[2026-05-23 19:17:55.541] I (186) app_init: Compile time:     May 23 2026 14:30:40
[2026-05-23 19:17:55.542] I (186) app_init: ELF file SHA256:  0e7d705e7...
[2026-05-23 19:17:55.545] I (187) app_init: ESP-IDF:          v5.4.1
[2026-05-23 19:17:55.547] I (187) efuse_init: Min chip rev:     v0.3
[2026-05-23 19:17:55.548] I (188) efuse_init: Max chip rev:     v1.99
[2026-05-23 19:17:55.551] I (188) efuse_init: Chip rev:         v0.4
[2026-05-23 19:17:55.563] I (189) heap_init: Initializing. RAM available for dynamic allocation:
[2026-05-23 19:17:55.566] I (190) heap_init: At 3FC9C130 len 00023ED0 (143 KiB): RAM
[2026-05-23 19:17:55.570] I (190) heap_init: At 3FCC0000 len 0001C710 (113 KiB): Retention RAM
[2026-05-23 19:17:55.576] I (191) heap_init: At 3FCDC710 len 00002950 (10 KiB): Retention RAM
[2026-05-23 19:17:55.579] I (192) heap_init: At 5000021C len 00001DCC (7 KiB): RTCRAM
[2026-05-23 19:17:55.582] I (193) spi_flash: detected chip: generic
[2026-05-23 19:17:55.582] I (193) spi_flash: flash io: dio
[2026-05-23 19:17:55.584] W (194) spi_flash: Detected size(4096k) larger than the size in the binary image header(2048k). Using the size in the binary image header.
[2026-05-23 19:17:55.585] I (195) sleep_gpio: Configure to isolate all GPIO pins in sleep state
[2026-05-23 19:17:55.586] I (196) sleep_gpio: Enable automatic switching of GPIO sleep configuration
[2026-05-23 19:17:55.588] I (197) main_task: Started on CPU0
[2026-05-23 19:17:55.588] I (197) main_task: Calling app_main()
[2026-05-23 19:17:55.593] WCAN_CFG_WAIT v=1
# UART boot config sent: wcan v=1 role=sensor transport=MULTICAST test_duration_ms=30000 host_wait_time_ms=5000 base=0xd0 count=1 hz=750 linger=100
[2026-05-23 19:17:55.594] WCAN_CFG_WAIT v=1
[2026-05-23 19:17:58.041] WCAN_CFG_ACK
[2026-05-23 19:17:58.041] WCAN_CFG_ACK
[2026-05-23 19:17:58.046] I (2862) pp: pp rom version: 9387209
[2026-05-23 19:17:58.046] I (2863) net80211: net80211 rom version: 9387209
[2026-05-23 19:17:58.047] I (2864) wifi:wifi driver task: 3fca7594, prio:23, stack:6656, core=0
[2026-05-23 19:17:58.051] I (2868) wifi:wifi firmware version: 79fa3f41ba
[2026-05-23 19:17:58.052] I (2868) wifi:wifi certification version: v7.0
[2026-05-23 19:17:58.052] I (2868) wifi:config NVS flash: enabled
[2026-05-23 19:17:58.052] I (2868) wifi:config nano formatting: disabled
[2026-05-23 19:17:58.052] I (2869) wifi:Init data frame dynamic rx buffer num: 32
[2026-05-23 19:17:58.053] I (2869) wifi:Init static rx mgmt buffer num: 5
[2026-05-23 19:17:58.054] I (2870) wifi:Init management short buffer num: 32
[2026-05-23 19:17:58.054] I (2870) wifi:Init dynamic tx buffer num: 32
[2026-05-23 19:17:58.055] I (2871) wifi:Init static tx FG buffer num: 2
[2026-05-23 19:17:58.055] I (2871) wifi:Init static rx buffer size: 1600
[2026-05-23 19:17:58.055] I (2872) wifi:Init static rx buffer num: 10
[2026-05-23 19:17:58.056] I (2872) wifi:Init dynamic rx buffer num: 32
[2026-05-23 19:17:58.057] I (2873) wifi_init: rx ba win: 6
[2026-05-23 19:17:58.057] I (2874) wifi_init: accept mbox: 6
[2026-05-23 19:17:58.057] I (2874) wifi_init: tcpip mbox: 32
[2026-05-23 19:17:58.058] I (2874) wifi_init: udp mbox: 6
[2026-05-23 19:17:58.058] I (2874) wifi_init: tcp mbox: 6
[2026-05-23 19:17:58.058] I (2875) wifi_init: tcp tx win: 5760
[2026-05-23 19:17:58.059] I (2875) wifi_init: tcp rx win: 5760
[2026-05-23 19:17:58.059] I (2876) wifi_init: tcp mss: 1440
[2026-05-23 19:17:58.060] I (2876) wifi_init: WiFi IRAM OP enabled
[2026-05-23 19:17:58.060] I (2876) wifi_init: WiFi RX IRAM OP enabled
[2026-05-23 19:17:58.061] I (2877) phy_init: phy_version 1200,2b7123f9,Feb 18 2025,15:22:21
[2026-05-23 19:17:58.094] I (2910) wifi:mode : sta (54:32:04:8c:0b:8c)
[2026-05-23 19:17:58.094] I (2911) wifi:enable tsf
[2026-05-23 19:17:58.097] I (2914) ESPNOW: espnow [version: 2.0] init
[2026-05-23 19:17:58.098] WCAN_TEST_READY role=sensor
# Waiting for phased test start
# UART test start sent: WCAN_TEST_START at 2026-05-23T19:17:58.109727
[2026-05-23 19:18:28.444] WCAN_BATCH id=0xd0 count=296 avg_hz=9.87 avg_points=76.00 min_points=76 max_points=76 avg_interval_ms=101.31 min_interval_ms=101.28 max_interval_ms=101.33 avg_dispatch_ms=7.09 max_dispatch_ms=12.41 dispatched_count=296 avg_queue_wait_ms=0.12 max_queue_wait_ms=0.27
[2026-05-23 19:18:28.445] WCAN_SENSOR_END generated=22504 avg_hz=750.19
[2026-05-23 19:18:28.450] WCAN_MEASURES elapsed_ms=29999 heap_start_free=97564 heap_end_free=109248 heap_start_min_free=97564 heap_end_min_free=96436 heap_start_largest=77824 heap_end_largest=77824 airtime_us_total=2094431 packets_sent_total=296 sensor_send_failures_total=0
[2026-05-23 19:18:28.450] WCAN_TEST_END role=sensor

# Monitor stopped: 2026-05-23T19:18:28.450846
