# Monitor started: 2026-05-23T14:41:00.036379
# Port: /dev/ttyACM1, Baud: 921600, Timeout: 35.000s after WCAN_TEST_START

# UART boot config: wcan v=1 role=sensor transport=BROADCAST test_duration_ms=30000 host_wait_time_ms=5000 base=0xe0 count=1 hz=10 linger=100
[2026-05-23 14:41:00.049] ESP-ROM:esp32c3-api1-20210207
[2026-05-23 14:41:00.055] Build:Feb  7 2021
[2026-05-23 14:41:00.079] rst:0x15 (USB_UART_CHIP_RESET),boot:0xd (SPI_FAST_FLASH_BOOT)
[2026-05-23 14:41:00.089] Saved PC:0x40384eba
[2026-05-23 14:41:00.090] SPIWP:0xee
[2026-05-23 14:41:00.091] mode:DIO, clock div:1
[2026-05-23 14:41:00.092] load:0x3fcd5820,len:0x1574
[2026-05-23 14:41:00.092] load:0x403cc710,len:0xc30
[2026-05-23 14:41:00.093] load:0x403ce710,len:0x2fa0
[2026-05-23 14:41:00.095] entry 0x403cc71a
[2026-05-23 14:41:00.102] I (24) boot: ESP-IDF v5.4.1 2nd stage bootloader
[2026-05-23 14:41:00.106] I (24) boot: compile time May 20 2026 00:05:32
[2026-05-23 14:41:00.110] I (25) boot: chip revision: v0.4
[2026-05-23 14:41:00.121] I (25) boot: efuse block revision: v1.3
[2026-05-23 14:41:00.123] I (25) boot.esp32c3: SPI Speed      : 80MHz
[2026-05-23 14:41:00.125] I (25) boot.esp32c3: SPI Mode       : DIO
[2026-05-23 14:41:00.126] I (26) boot.esp32c3: SPI Flash Size : 2MB
[2026-05-23 14:41:00.128] I (26) boot: Enabling RNG early entropy source...
[2026-05-23 14:41:00.129] I (27) boot: Partition Table:
[2026-05-23 14:41:00.133] I (27) boot: ## Label            Usage          Type ST Offset   Length
[2026-05-23 14:41:00.135] I (28) boot:  0 nvs              WiFi data        01 02 00009000 00006000
[2026-05-23 14:41:00.138] I (29) boot:  1 phy_init         RF data          01 01 0000f000 00001000
[2026-05-23 14:41:00.142] I (29) boot:  2 factory          factory app      00 00 00010000 00100000
[2026-05-23 14:41:00.143] I (30) boot: End of partition table
[2026-05-23 14:41:00.152] I (31) esp_image: segment 0: paddr=00010020 vaddr=3c0a0020 size=1977ch (104316) map
[2026-05-23 14:41:00.157] I (48) esp_image: segment 1: paddr=000297a4 vaddr=3fc95200 size=02da0h ( 11680) load
[2026-05-23 14:41:00.160] I (51) esp_image: segment 2: paddr=0002c54c vaddr=40380000 size=03acch ( 15052) load
[2026-05-23 14:41:00.168] I (54) esp_image: segment 3: paddr=00030020 vaddr=42000020 size=9942ch (627756) map
[2026-05-23 14:41:00.176] I (154) esp_image: segment 4: paddr=000c9454 vaddr=40383acc size=11614h ( 71188) load
[2026-05-23 14:41:00.178] I (168) esp_image: segment 5: paddr=000daa70 vaddr=50000200 size=0001ch (    28) load
[2026-05-23 14:41:00.179] I (175) boot: Loaded app from partition at offset 0x10000
[2026-05-23 14:41:00.181] I (175) boot: Disabling RNG early entropy source...
[2026-05-23 14:41:00.182] I (176) cpu_start: Unicore app
[2026-05-23 14:41:00.188] I (185) cpu_start: Pro cpu start user code
[2026-05-23 14:41:00.190] I (185) cpu_start: cpu freq: 160000000 Hz
[2026-05-23 14:41:00.191] I (185) app_init: Application information:
[2026-05-23 14:41:00.192] I (185) app_init: Project name:     sensor_acquirer
[2026-05-23 14:41:00.193] I (185) app_init: App version:      v1.0-171-gbbe0783
[2026-05-23 14:41:00.196] I (186) app_init: Compile time:     May 23 2026 14:30:31
[2026-05-23 14:41:00.200] I (187) app_init: ELF file SHA256:  493679023...
[2026-05-23 14:41:00.200] I (187) app_init: ESP-IDF:          v5.4.1
[2026-05-23 14:41:00.202] I (188) efuse_init: Min chip rev:     v0.3
[2026-05-23 14:41:00.202] I (188) efuse_init: Max chip rev:     v1.99
[2026-05-23 14:41:00.206] I (189) efuse_init: Chip rev:         v0.4
[2026-05-23 14:41:00.207] I (189) heap_init: Initializing. RAM available for dynamic allocation:
[2026-05-23 14:41:00.210] I (190) heap_init: At 3FC9C340 len 00023CC0 (143 KiB): RAM
[2026-05-23 14:41:00.211] I (190) heap_init: At 3FCC0000 len 0001C710 (113 KiB): Retention RAM
[2026-05-23 14:41:00.212] I (191) heap_init: At 3FCDC710 len 00002950 (10 KiB): Retention RAM
[2026-05-23 14:41:00.213] I (192) heap_init: At 5000021C len 00001DCC (7 KiB): RTCRAM
[2026-05-23 14:41:00.214] I (194) spi_flash: detected chip: generic
[2026-05-23 14:41:00.215] I (194) spi_flash: flash io: dio
[2026-05-23 14:41:00.217] W (194) spi_flash: Detected size(4096k) larger than the size in the binary image header(2048k). Using the size in the binary image header.
[2026-05-23 14:41:00.218] I (196) sleep_gpio: Configure to isolate all GPIO pins in sleep state
[2026-05-23 14:41:00.224] I (196) sleep_gpio: Enable automatic switching of GPIO sleep configuration
[2026-05-23 14:41:00.225] I (197) main_task: Started on CPU0
[2026-05-23 14:41:00.226] I (197) main_task: Calling app_main()
[2026-05-23 14:41:00.226] WCAN_CFG_WAIT v=1
# UART boot config sent: wcan v=1 role=sensor transport=BROADCAST test_duration_ms=30000 host_wait_time_ms=5000 base=0xe0 count=1 hz=10 linger=100
[2026-05-23 14:41:00.227] WCAN_CFG_WAIT v=1
[2026-05-23 14:41:02.646] WCAN_CFG_ACK
[2026-05-23 14:41:02.647] WCAN_CFG_ACK
[2026-05-23 14:41:02.653] I (2814) pp: pp rom version: 9387209
[2026-05-23 14:41:02.655] I (2815) net80211: net80211 rom version: 9387209
[2026-05-23 14:41:02.658] I (2816) wifi:wifi driver task: 3fca7720, prio:23, stack:6656, core=0
[2026-05-23 14:41:02.662] I (2820) wifi:wifi firmware version: 79fa3f41ba
[2026-05-23 14:41:02.666] I (2820) wifi:wifi certification version: v7.0
[2026-05-23 14:41:02.670] I (2820) wifi:config NVS flash: enabled
[2026-05-23 14:41:02.675] I (2820) wifi:config nano formatting: disabled
[2026-05-23 14:41:02.682] I (2821) wifi:Init data frame dynamic rx buffer num: 32
[2026-05-23 14:41:02.687] I (2821) wifi:Init static rx mgmt buffer num: 5
[2026-05-23 14:41:02.691] I (2822) wifi:Init management short buffer num: 32
[2026-05-23 14:41:02.694] I (2822) wifi:Init dynamic tx buffer num: 32
[2026-05-23 14:41:02.697] I (2823) wifi:Init static tx FG buffer num: 2
[2026-05-23 14:41:02.700] I (2823) wifi:Init static rx buffer size: 1600
[2026-05-23 14:41:02.701] I (2824) wifi:Init static rx buffer num: 10
[2026-05-23 14:41:02.702] I (2824) wifi:Init dynamic rx buffer num: 32
[2026-05-23 14:41:02.703] I (2825) wifi_init: rx ba win: 6
[2026-05-23 14:41:02.704] I (2826) wifi_init: accept mbox: 6
[2026-05-23 14:41:02.705] I (2826) wifi_init: tcpip mbox: 32
[2026-05-23 14:41:02.706] I (2826) wifi_init: udp mbox: 6
[2026-05-23 14:41:02.707] I (2826) wifi_init: tcp mbox: 6
[2026-05-23 14:41:02.708] I (2827) wifi_init: tcp tx win: 5760
[2026-05-23 14:41:02.709] I (2827) wifi_init: tcp rx win: 5760
[2026-05-23 14:41:02.709] I (2828) wifi_init: tcp mss: 1440
[2026-05-23 14:41:02.710] I (2828) wifi_init: WiFi IRAM OP enabled
[2026-05-23 14:41:02.712] I (2828) wifi_init: WiFi RX IRAM OP enabled
[2026-05-23 14:41:02.716] I (2829) phy_init: phy_version 1200,2b7123f9,Feb 18 2025,15:22:21
[2026-05-23 14:41:02.716] I (2864) wifi:mode : sta (74:4d:bd:e1:d5:b8)
[2026-05-23 14:41:02.716] I (2865) wifi:enable tsf
[2026-05-23 14:41:02.718] I (2867) ESPNOW: espnow [version: 2.0] init
[2026-05-23 14:41:02.718] WCAN_TEST_READY role=sensor
# Waiting for phased test start
# UART test start sent: WCAN_TEST_START at 2026-05-23T14:41:02.729426
[2026-05-23 14:41:07.200] P(FAIL):7166:e0:18:36:37:2
[2026-05-23 14:41:10.199] P(FAIL):10165:e0:33:66:67:2
[2026-05-23 14:41:12.253] P(FAIL):12219:e0:43:86:87:2
[2026-05-23 14:41:17.241] P(FAIL):17207:e0:68:136:137:2
[2026-05-23 14:41:21.836] P(FAIL):21802:e0:91:182:183:2
[2026-05-23 14:41:30.208] P(FAIL):30174:e0:133:266:267:2
[2026-05-23 14:41:30.575] P(FAIL):30541:e0:135:270:271:2
[2026-05-23 14:41:30.969] P(FAIL):30935:e0:137:274:275:2
[2026-05-23 14:41:33.284] P(FAIL):33250:e0:148:296:297:2
[2026-05-23 14:41:34.038] WCAN_BATCH id=0xe0 count=150 avg_hz=5.00 avg_points=1.99 min_points=1 max_points=2 avg_interval_ms=200.00 min_interval_ms=199.97 max_interval_ms=200.04 avg_dispatch_ms=1.34 max_dispatch_ms=17.79 dispatched_count=175 avg_queue_wait_ms=35.50 max_queue_wait_ms=333.75
[2026-05-23 14:41:34.039] WCAN_SENSOR_END generated=298 avg_hz=9.97
[2026-05-23 14:41:34.043] WCAN_MEASURES elapsed_ms=29999 heap_start_free=126780 heap_end_free=141412 heap_start_min_free=126756 heap_end_min_free=126480 heap_start_largest=98304 heap_end_largest=98304 airtime_us_total=232887 packets_sent_total=175 sensor_send_failures_total=0
[2026-05-23 14:41:34.043] WCAN_TEST_END role=sensor

# Monitor stopped: 2026-05-23T14:41:34.043922
