# Monitor started: 2026-05-23T14:41:00.036622
# Port: /dev/ttyACM0, Baud: 921600, Timeout: 35.000s after WCAN_TEST_START

# UART boot config: wcan v=1 role=sensor transport=BROADCAST test_duration_ms=30000 host_wait_time_ms=5000 base=0xd0 count=1 hz=10 linger=100
[2026-05-23 14:41:00.052] ESP-ROM:esp32c3-api1-20210207
[2026-05-23 14:41:00.061] Build:Feb  7 2021
[2026-05-23 14:41:00.073] rst:0x15 (USB_UART_CHIP_RESET),boot:0xd (SPI_FAST_FLASH_BOOT)
[2026-05-23 14:41:00.073] Saved PC:0x40387d22
[2026-05-23 14:41:00.074] SPIWP:0xee
[2026-05-23 14:41:00.074] mode:DIO, clock div:1
[2026-05-23 14:41:00.075] load:0x3fcd5820,len:0x1574
[2026-05-23 14:41:00.075] load:0x403cc710,len:0xc30
[2026-05-23 14:41:00.084] load:0x403ce710,len:0x2fa0
[2026-05-23 14:41:00.089] entry 0x403cc71a
[2026-05-23 14:41:00.094] I (24) boot: ESP-IDF v5.4.1 2nd stage bootloader
[2026-05-23 14:41:00.107] I (24) boot: compile time May 20 2026 00:05:32
[2026-05-23 14:41:00.117] I (24) boot: chip revision: v0.4
[2026-05-23 14:41:00.121] I (25) boot: efuse block revision: v1.3
[2026-05-23 14:41:00.122] I (25) boot.esp32c3: SPI Speed      : 80MHz
[2026-05-23 14:41:00.123] I (25) boot.esp32c3: SPI Mode       : DIO
[2026-05-23 14:41:00.124] I (26) boot.esp32c3: SPI Flash Size : 2MB
[2026-05-23 14:41:00.126] I (26) boot: Enabling RNG early entropy source...
[2026-05-23 14:41:00.128] I (27) boot: Partition Table:
[2026-05-23 14:41:00.131] I (27) boot: ## Label            Usage          Type ST Offset   Length
[2026-05-23 14:41:00.134] I (28) boot:  0 nvs              WiFi data        01 02 00009000 00006000
[2026-05-23 14:41:00.139] I (29) boot:  1 phy_init         RF data          01 01 0000f000 00001000
[2026-05-23 14:41:00.143] I (29) boot:  2 factory          factory app      00 00 00010000 00100000
[2026-05-23 14:41:00.145] I (30) boot: End of partition table
[2026-05-23 14:41:00.155] I (31) esp_image: segment 0: paddr=00010020 vaddr=3c0a0020 size=1977ch (104316) map
[2026-05-23 14:41:00.159] I (48) esp_image: segment 1: paddr=000297a4 vaddr=3fc95200 size=02da0h ( 11680) load
[2026-05-23 14:41:00.163] I (51) esp_image: segment 2: paddr=0002c54c vaddr=40380000 size=03acch ( 15052) load
[2026-05-23 14:41:00.170] I (54) esp_image: segment 3: paddr=00030020 vaddr=42000020 size=9942ch (627756) map
[2026-05-23 14:41:00.173] I (154) esp_image: segment 4: paddr=000c9454 vaddr=40383acc size=11614h ( 71188) load
[2026-05-23 14:41:00.175] I (168) esp_image: segment 5: paddr=000daa70 vaddr=50000200 size=0001ch (    28) load
[2026-05-23 14:41:00.180] I (175) boot: Loaded app from partition at offset 0x10000
[2026-05-23 14:41:00.185] I (175) boot: Disabling RNG early entropy source...
[2026-05-23 14:41:00.188] I (176) cpu_start: Unicore app
[2026-05-23 14:41:00.192] I (185) cpu_start: Pro cpu start user code
[2026-05-23 14:41:00.196] I (185) cpu_start: cpu freq: 160000000 Hz
[2026-05-23 14:41:00.197] I (185) app_init: Application information:
[2026-05-23 14:41:00.198] I (185) app_init: Project name:     sensor_acquirer
[2026-05-23 14:41:00.202] I (185) app_init: App version:      v1.0-171-gbbe0783
[2026-05-23 14:41:00.218] I (186) app_init: Compile time:     May 23 2026 14:30:31
[2026-05-23 14:41:00.224] I (186) app_init: ELF file SHA256:  493679023...
[2026-05-23 14:41:00.225] I (187) app_init: ESP-IDF:          v5.4.1
[2026-05-23 14:41:00.226] I (187) efuse_init: Min chip rev:     v0.3
[2026-05-23 14:41:00.226] I (188) efuse_init: Max chip rev:     v1.99
[2026-05-23 14:41:00.227] I (188) efuse_init: Chip rev:         v0.4
[2026-05-23 14:41:00.228] I (189) heap_init: Initializing. RAM available for dynamic allocation:
[2026-05-23 14:41:00.228] I (190) heap_init: At 3FC9C340 len 00023CC0 (143 KiB): RAM
[2026-05-23 14:41:00.228] I (190) heap_init: At 3FCC0000 len 0001C710 (113 KiB): Retention RAM
[2026-05-23 14:41:00.228] I (191) heap_init: At 3FCDC710 len 00002950 (10 KiB): Retention RAM
[2026-05-23 14:41:00.229] I (192) heap_init: At 5000021C len 00001DCC (7 KiB): RTCRAM
[2026-05-23 14:41:00.229] I (193) spi_flash: detected chip: generic
[2026-05-23 14:41:00.229] I (193) spi_flash: flash io: dio
[2026-05-23 14:41:00.230] W (194) spi_flash: Detected size(4096k) larger than the size in the binary image header(2048k). Using the size in the binary image header.
[2026-05-23 14:41:00.230] I (195) sleep_gpio: Configure to isolate all GPIO pins in sleep state
[2026-05-23 14:41:00.230] I (196) sleep_gpio: Enable automatic switching of GPIO sleep configuration
[2026-05-23 14:41:00.231] I (197) main_task: Started on CPU0
[2026-05-23 14:41:00.231] I (197) main_task: Calling app_main()
[2026-05-23 14:41:00.231] WCAN_CFG_WAIT v=1
# UART boot config sent: wcan v=1 role=sensor transport=BROADCAST test_duration_ms=30000 host_wait_time_ms=5000 base=0xd0 count=1 hz=10 linger=100
[2026-05-23 14:41:00.231] WCAN_CFG_WAIT v=1
[2026-05-23 14:41:02.652] WCAN_CFG_ACK
[2026-05-23 14:41:02.654] WCAN_CFG_ACK
[2026-05-23 14:41:02.659] I (2819) pp: pp rom version: 9387209
[2026-05-23 14:41:02.664] I (2820) net80211: net80211 rom version: 9387209
[2026-05-23 14:41:02.670] I (2821) wifi:wifi driver task: 3fca77a4, prio:23, stack:6656, core=0
[2026-05-23 14:41:02.674] I (2825) wifi:wifi firmware version: 79fa3f41ba
[2026-05-23 14:41:02.679] I (2825) wifi:wifi certification version: v7.0
[2026-05-23 14:41:02.682] I (2825) wifi:config NVS flash: enabled
[2026-05-23 14:41:02.688] I (2825) wifi:config nano formatting: disabled
[2026-05-23 14:41:02.690] I (2826) wifi:Init data frame dynamic rx buffer num: 32
[2026-05-23 14:41:02.693] I (2826) wifi:Init static rx mgmt buffer num: 5
[2026-05-23 14:41:02.695] I (2827) wifi:Init management short buffer num: 32
[2026-05-23 14:41:02.697] I (2827) wifi:Init dynamic tx buffer num: 32
[2026-05-23 14:41:02.699] I (2828) wifi:Init static tx FG buffer num: 2
[2026-05-23 14:41:02.700] I (2828) wifi:Init static rx buffer size: 1600
[2026-05-23 14:41:02.702] I (2829) wifi:Init static rx buffer num: 10
[2026-05-23 14:41:02.703] I (2829) wifi:Init dynamic rx buffer num: 32
[2026-05-23 14:41:02.704] I (2830) wifi_init: rx ba win: 6
[2026-05-23 14:41:02.705] I (2831) wifi_init: accept mbox: 6
[2026-05-23 14:41:02.706] I (2831) wifi_init: tcpip mbox: 32
[2026-05-23 14:41:02.708] I (2831) wifi_init: udp mbox: 6
[2026-05-23 14:41:02.708] I (2831) wifi_init: tcp mbox: 6
[2026-05-23 14:41:02.709] I (2832) wifi_init: tcp tx win: 5760
[2026-05-23 14:41:02.710] I (2832) wifi_init: tcp rx win: 5760
[2026-05-23 14:41:02.711] I (2833) wifi_init: tcp mss: 1440
[2026-05-23 14:41:02.712] I (2833) wifi_init: WiFi IRAM OP enabled
[2026-05-23 14:41:02.713] I (2833) wifi_init: WiFi RX IRAM OP enabled
[2026-05-23 14:41:02.713] I (2834) phy_init: phy_version 1200,2b7123f9,Feb 18 2025,15:22:21
[2026-05-23 14:41:02.714] I (2867) wifi:mode : sta (54:32:04:8c:0b:8c)
[2026-05-23 14:41:02.714] I (2868) wifi:enable tsf
[2026-05-23 14:41:02.714] I (2871) ESPNOW: espnow [version: 2.0] init
[2026-05-23 14:41:02.715] WCAN_TEST_READY role=sensor
# Waiting for phased test start
# UART test start sent: WCAN_TEST_START at 2026-05-23T14:41:02.729576
[2026-05-23 14:41:03.621] P(FAIL):3587:d0:0:0:1:2
[2026-05-23 14:41:03.947] P(FAIL):3913:d0:2:4:5:2
[2026-05-23 14:41:04.396] P(FAIL):4362:d0:4:8:9:2
[2026-05-23 14:41:04.772] P(FAIL):4739:d0:6:12:13:2
[2026-05-23 14:41:05.198] P(FAIL):5164:d0:8:16:17:2
[2026-05-23 14:41:05.856] P(FAIL):5822:d0:11:22:23:2
[2026-05-23 14:41:06.419] P(FAIL):6385:d0:14:28:29:2
[2026-05-23 14:41:06.815] P(FAIL):6781:d0:16:32:33:2
[2026-05-23 14:41:07.637] P(FAIL):7603:d0:20:40:41:2
[2026-05-23 14:41:08.618] P(FAIL):8584:d0:25:50:51:2
[2026-05-23 14:41:08.874] P(FAIL):8840:d0:27:54:55:2
[2026-05-23 14:41:09.408] P(FAIL):9374:d0:29:58:59:2
[2026-05-23 14:41:09.753] P(FAIL):9719:d0:31:62:63:2
[2026-05-23 14:41:10.631] P(FAIL):10597:d0:35:70:71:2
[2026-05-23 14:41:10.923] P(FAIL):10889:d0:36:72:73:2
[2026-05-23 14:41:11.375] P(FAIL):11341:d0:39:78:79:2
[2026-05-23 14:41:11.774] P(FAIL):11740:d0:41:82:83:2
[2026-05-23 14:41:13.073] P(FAIL):13039:d0:47:94:95:2
[2026-05-23 14:41:13.555] P(FAIL):13521:d0:50:100:101:2
[2026-05-23 14:41:13.968] P(FAIL):13934:d0:52:104:105:2
[2026-05-23 14:41:14.323] P(FAIL):14289:d0:54:108:109:2
[2026-05-23 14:41:14.761] P(FAIL):14727:d0:56:112:113:2
[2026-05-23 14:41:15.157] P(FAIL):15123:d0:58:116:117:2
[2026-05-23 14:41:15.564] P(FAIL):15530:d0:60:120:121:2
[2026-05-23 14:41:15.989] P(FAIL):15955:d0:62:124:125:2
[2026-05-23 14:41:16.349] P(FAIL):16315:d0:64:128:129:2
[2026-05-23 14:41:16.779] P(FAIL):16745:d0:66:132:133:2
[2026-05-23 14:41:17.676] P(FAIL):17642:d0:71:142:143:2
[2026-05-23 14:41:18.217] P(FAIL):18183:d0:73:146:147:2
[2026-05-23 14:41:18.832] P(FAIL):18798:d0:76:152:153:2
[2026-05-23 14:41:19.405] P(FAIL):19371:d0:79:158:159:2
[2026-05-23 14:41:19.827] P(FAIL):19793:d0:81:162:163:2
[2026-05-23 14:41:20.228] P(FAIL):20194:d0:83:166:167:2
[2026-05-23 14:41:20.731] P(FAIL):20697:d0:86:172:173:2
[2026-05-23 14:41:21.429] P(FAIL):21395:d0:89:178:179:2
[2026-05-23 14:41:21.808] P(FAIL):21774:d0:91:182:183:2
[2026-05-23 14:41:22.503] P(FAIL):22469:d0:95:190:191:2
[2026-05-23 14:41:23.019] P(FAIL):22985:d0:97:194:195:2
[2026-05-23 14:41:23.598] P(FAIL):23564:d0:100:200:201:2
[2026-05-23 14:41:23.967] P(FAIL):23933:d0:102:204:205:2
[2026-05-23 14:41:24.288] P(FAIL):24254:d0:104:208:209:2
[2026-05-23 14:41:24.783] P(FAIL):24749:d0:106:212:213:2
[2026-05-23 14:41:25.163] P(FAIL):25129:d0:108:216:217:2
[2026-05-23 14:41:25.631] P(FAIL):25597:d0:110:220:221:2
[2026-05-23 14:41:26.221] P(FAIL):26187:d0:113:226:227:2
[2026-05-23 14:41:26.560] P(FAIL):26526:d0:115:230:231:2
[2026-05-23 14:41:26.888] P(FAIL):26854:d0:117:234:235:2
[2026-05-23 14:41:27.396] P(FAIL):27362:d0:119:238:239:2
[2026-05-23 14:41:27.787] P(FAIL):27753:d0:121:242:243:2
[2026-05-23 14:41:28.177] P(FAIL):28143:d0:123:246:247:2
[2026-05-23 14:41:28.550] P(FAIL):28516:d0:125:250:251:2
[2026-05-23 14:41:28.961] P(FAIL):28927:d0:127:254:255:2
[2026-05-23 14:41:29.738] P(FAIL):29704:d0:131:262:263:2
[2026-05-23 14:41:31.574] P(FAIL):31540:d0:140:280:281:2
[2026-05-23 14:41:31.985] P(FAIL):31951:d0:142:284:285:2
[2026-05-23 14:41:32.385] P(FAIL):32351:d0:144:288:289:2
[2026-05-23 14:41:32.770] P(FAIL):32736:d0:146:292:293:2
[2026-05-23 14:41:33.265] P(FAIL):33230:d0:147:294:295:2
[2026-05-23 14:41:34.038] WCAN_BATCH id=0xd0 count=150 avg_hz=5.00 avg_points=1.99 min_points=1 max_points=2 avg_interval_ms=200.00 min_interval_ms=199.95 max_interval_ms=200.03 avg_dispatch_ms=1.44 max_dispatch_ms=9.14 dispatched_count=331 avg_queue_wait_ms=122.67 max_queue_wait_ms=406.76
[2026-05-23 14:41:34.040] WCAN_SENSOR_END generated=298 avg_hz=9.97
[2026-05-23 14:41:34.044] WCAN_MEASURES elapsed_ms=29999 heap_start_free=126648 heap_end_free=141436 heap_start_min_free=126624 heap_end_min_free=126348 heap_start_largest=98304 heap_end_largest=98304 airtime_us_total=472128 packets_sent_total=331 sensor_send_failures_total=0
[2026-05-23 14:41:34.044] WCAN_TEST_END role=sensor

# Monitor stopped: 2026-05-23T14:41:34.044227
