# Monitor started: 2026-05-23T18:20:24.691690
# Port: /dev/ttyACM1, Baud: 921600, Timeout: 35.000s after WCAN_TEST_START

# UART boot config: wcan v=1 role=sensor transport=BROADCAST test_duration_ms=30000 host_wait_time_ms=5000 base=0xe0 count=1 hz=1000 linger=100
[2026-05-23 18:20:24.701] ESP-ROM:esp32c3-api1-20210207
[2026-05-23 18:20:24.708] Build:Feb  7 2021
[2026-05-23 18:20:24.734] rst:0x15 (USB_UART_CHIP_RESET),boot:0xd (SPI_FAST_FLASH_BOOT)
[2026-05-23 18:20:24.742] Saved PC:0x40384eba
[2026-05-23 18:20:24.745] SPIWP:0xee
[2026-05-23 18:20:24.749] mode:DIO, clock div:1
[2026-05-23 18:20:24.753] load:0x3fcd5820,len:0x1574
[2026-05-23 18:20:24.755] load:0x403cc710,len:0xc30
[2026-05-23 18:20:24.756] load:0x403ce710,len:0x2fa0
[2026-05-23 18:20:24.760] entry 0x403cc71a
[2026-05-23 18:20:24.761] I (24) boot: ESP-IDF v5.4.1 2nd stage bootloader
[2026-05-23 18:20:24.763] I (24) boot: compile time May 20 2026 00:05:32
[2026-05-23 18:20:24.764] I (24) boot: chip revision: v0.4
[2026-05-23 18:20:24.765] I (25) boot: efuse block revision: v1.3
[2026-05-23 18:20:24.769] I (25) boot.esp32c3: SPI Speed      : 80MHz
[2026-05-23 18:20:24.772] I (25) boot.esp32c3: SPI Mode       : DIO
[2026-05-23 18:20:24.776] I (26) boot.esp32c3: SPI Flash Size : 2MB
[2026-05-23 18:20:24.778] I (26) boot: Enabling RNG early entropy source...
[2026-05-23 18:20:24.781] I (27) boot: Partition Table:
[2026-05-23 18:20:24.796] I (27) boot: ## Label            Usage          Type ST Offset   Length
[2026-05-23 18:20:24.803] I (28) boot:  0 nvs              WiFi data        01 02 00009000 00006000
[2026-05-23 18:20:24.817] I (29) boot:  1 phy_init         RF data          01 01 0000f000 00001000
[2026-05-23 18:20:24.819] I (29) boot:  2 factory          factory app      00 00 00010000 00100000
[2026-05-23 18:20:24.821] I (30) boot: End of partition table
[2026-05-23 18:20:24.824] I (31) esp_image: segment 0: paddr=00010020 vaddr=3c0a0020 size=1977ch (104316) map
[2026-05-23 18:20:24.830] I (48) esp_image: segment 1: paddr=000297a4 vaddr=3fc95200 size=02da0h ( 11680) load
[2026-05-23 18:20:24.832] I (51) esp_image: segment 2: paddr=0002c54c vaddr=40380000 size=03acch ( 15052) load
[2026-05-23 18:20:24.835] I (54) esp_image: segment 3: paddr=00030020 vaddr=42000020 size=9942ch (627756) map
[2026-05-23 18:20:24.838] I (154) esp_image: segment 4: paddr=000c9454 vaddr=40383acc size=11614h ( 71188) load
[2026-05-23 18:20:24.842] I (168) esp_image: segment 5: paddr=000daa70 vaddr=50000200 size=0001ch (    28) load
[2026-05-23 18:20:24.844] I (175) boot: Loaded app from partition at offset 0x10000
[2026-05-23 18:20:24.846] I (175) boot: Disabling RNG early entropy source...
[2026-05-23 18:20:24.848] I (176) cpu_start: Unicore app
[2026-05-23 18:20:24.851] I (185) cpu_start: Pro cpu start user code
[2026-05-23 18:20:24.852] I (185) cpu_start: cpu freq: 160000000 Hz
[2026-05-23 18:20:24.859] I (185) app_init: Application information:
[2026-05-23 18:20:24.865] I (185) app_init: Project name:     sensor_acquirer
[2026-05-23 18:20:24.869] I (185) app_init: App version:      v1.0-171-gbbe0783
[2026-05-23 18:20:24.877] I (186) app_init: Compile time:     May 23 2026 14:30:31
[2026-05-23 18:20:24.880] I (187) app_init: ELF file SHA256:  493679023...
[2026-05-23 18:20:24.882] I (187) app_init: ESP-IDF:          v5.4.1
[2026-05-23 18:20:24.884] I (188) efuse_init: Min chip rev:     v0.3
[2026-05-23 18:20:24.886] I (188) efuse_init: Max chip rev:     v1.99
[2026-05-23 18:20:24.888] I (189) efuse_init: Chip rev:         v0.4
[2026-05-23 18:20:24.890] I (189) heap_init: Initializing. RAM available for dynamic allocation:
[2026-05-23 18:20:24.891] I (190) heap_init: At 3FC9C340 len 00023CC0 (143 KiB): RAM
[2026-05-23 18:20:24.892] I (191) heap_init: At 3FCC0000 len 0001C710 (113 KiB): Retention RAM
[2026-05-23 18:20:24.893] I (191) heap_init: At 3FCDC710 len 00002950 (10 KiB): Retention RAM
[2026-05-23 18:20:24.894] I (192) heap_init: At 5000021C len 00001DCC (7 KiB): RTCRAM
[2026-05-23 18:20:24.895] I (194) spi_flash: detected chip: generic
[2026-05-23 18:20:24.895] I (194) spi_flash: flash io: dio
[2026-05-23 18:20:24.897] W (194) spi_flash: Detected size(4096k) larger than the size in the binary image header(2048k). Using the size in the binary image header.
[2026-05-23 18:20:24.897] I (196) sleep_gpio: Configure to isolate all GPIO pins in sleep state
[2026-05-23 18:20:24.897] I (196) sleep_gpio: Enable automatic switching of GPIO sleep configuration
[2026-05-23 18:20:24.898] I (197) main_task: Started on CPU0
[2026-05-23 18:20:24.898] I (197) main_task: Calling app_main()
[2026-05-23 18:20:24.898] WCAN_CFG_WAIT v=1
# UART boot config sent: wcan v=1 role=sensor transport=BROADCAST test_duration_ms=30000 host_wait_time_ms=5000 base=0xe0 count=1 hz=1000 linger=100
[2026-05-23 18:20:24.898] WCAN_CFG_WAIT v=1
[2026-05-23 18:20:27.370] WCAN_CFG_ACK
[2026-05-23 18:20:27.370] WCAN_CFG_ACK
[2026-05-23 18:20:27.375] I (2882) pp: pp rom version: 9387209
[2026-05-23 18:20:27.376] I (2883) net80211: net80211 rom version: 9387209
[2026-05-23 18:20:27.377] I (2884) wifi:wifi driver task: 3fca7720, prio:23, stack:6656, core=0
[2026-05-23 18:20:27.381] I (2888) wifi:wifi firmware version: 79fa3f41ba
[2026-05-23 18:20:27.382] I (2888) wifi:wifi certification version: v7.0
[2026-05-23 18:20:27.383] I (2888) wifi:config NVS flash: enabled
[2026-05-23 18:20:27.384] I (2888) wifi:config nano formatting: disabled
[2026-05-23 18:20:27.386] I (2889) wifi:Init data frame dynamic rx buffer num: 32
[2026-05-23 18:20:27.387] I (2889) wifi:Init static rx mgmt buffer num: 5
[2026-05-23 18:20:27.388] I (2890) wifi:Init management short buffer num: 32
[2026-05-23 18:20:27.389] I (2890) wifi:Init dynamic tx buffer num: 32
[2026-05-23 18:20:27.390] I (2891) wifi:Init static tx FG buffer num: 2
[2026-05-23 18:20:27.391] I (2891) wifi:Init static rx buffer size: 1600
[2026-05-23 18:20:27.392] I (2892) wifi:Init static rx buffer num: 10
[2026-05-23 18:20:27.393] I (2892) wifi:Init dynamic rx buffer num: 32
[2026-05-23 18:20:27.393] I (2893) wifi_init: rx ba win: 6
[2026-05-23 18:20:27.394] I (2894) wifi_init: accept mbox: 6
[2026-05-23 18:20:27.395] I (2894) wifi_init: tcpip mbox: 32
[2026-05-23 18:20:27.396] I (2894) wifi_init: udp mbox: 6
[2026-05-23 18:20:27.396] I (2894) wifi_init: tcp mbox: 6
[2026-05-23 18:20:27.397] I (2895) wifi_init: tcp tx win: 5760
[2026-05-23 18:20:27.397] I (2895) wifi_init: tcp rx win: 5760
[2026-05-23 18:20:27.398] I (2896) wifi_init: tcp mss: 1440
[2026-05-23 18:20:27.398] I (2896) wifi_init: WiFi IRAM OP enabled
[2026-05-23 18:20:27.399] I (2896) wifi_init: WiFi RX IRAM OP enabled
[2026-05-23 18:20:27.399] I (2897) phy_init: phy_version 1200,2b7123f9,Feb 18 2025,15:22:21
[2026-05-23 18:20:27.424] I (2931) wifi:mode : sta (74:4d:bd:e1:d5:b8)
[2026-05-23 18:20:27.424] I (2932) wifi:enable tsf
[2026-05-23 18:20:27.427] I (2935) ESPNOW: espnow [version: 2.0] init
[2026-05-23 18:20:27.428] WCAN_TEST_READY role=sensor
# Waiting for phased test start
# UART test start sent: WCAN_TEST_START at 2026-05-23T18:20:27.439718
[2026-05-23 18:20:57.740] P(FAIL):33050:e0:293:29593:29693:101
[2026-05-23 18:20:58.464] P(FAIL):33774:e0:294:29694:29794:101
[2026-05-23 18:20:58.765] WCAN_BATCH id=0xe0 count=298 avg_hz=9.90 avg_points=100.67 min_points=2 max_points=101 avg_interval_ms=101.00 min_interval_ms=100.94 max_interval_ms=101.02 avg_dispatch_ms=7.64 max_dispatch_ms=15.43 dispatched_count=298 avg_queue_wait_ms=2.47 max_queue_wait_ms=239.75
[2026-05-23 18:20:58.769] WCAN_SENSOR_END generated=29998 avg_hz=1000.00
[2026-05-23 18:20:58.783] WCAN_MEASURES elapsed_ms=29999 heap_start_free=126780 heap_end_free=141412 heap_start_min_free=126780 heap_end_min_free=123952 heap_start_largest=98304 heap_end_largest=98304 airtime_us_total=2273392 packets_sent_total=298 sensor_send_failures_total=0
[2026-05-23 18:20:58.783] WCAN_TEST_END role=sensor

# Monitor stopped: 2026-05-23T18:20:58.783796
