# Monitor started: 2026-05-23T18:20:24.690119
# Port: /dev/ttyACM0, Baud: 921600, Timeout: 35.000s after WCAN_TEST_START

# UART boot config: wcan v=1 role=sensor transport=BROADCAST test_duration_ms=30000 host_wait_time_ms=5000 base=0xd0 count=1 hz=1000 linger=100
[2026-05-23 18:20:24.690] ESP-ROM:esp32c3-api1-20210207
[2026-05-23 18:20:24.692] Build:Feb  7 2021
[2026-05-23 18:20:24.711] rst:0x15 (USB_UART_CHIP_RESET),boot:0xd (SPI_FAST_FLASH_BOOT)
[2026-05-23 18:20:24.718] Saved PC:0x40384eba
[2026-05-23 18:20:24.722] SPIWP:0xee
[2026-05-23 18:20:24.726] mode:DIO, clock div:1
[2026-05-23 18:20:24.738] load:0x3fcd5820,len:0x1574
[2026-05-23 18:20:24.741] load:0x403cc710,len:0xc30
[2026-05-23 18:20:24.744] load:0x403ce710,len:0x2fa0
[2026-05-23 18:20:24.746] entry 0x403cc71a
[2026-05-23 18:20:24.750] I (24) boot: ESP-IDF v5.4.1 2nd stage bootloader
[2026-05-23 18:20:24.753] I (24) boot: compile time May 20 2026 00:05:32
[2026-05-23 18:20:24.754] I (25) boot: chip revision: v0.4
[2026-05-23 18:20:24.758] I (25) boot: efuse block revision: v1.3
[2026-05-23 18:20:24.768] I (25) boot.esp32c3: SPI Speed      : 80MHz
[2026-05-23 18:20:24.773] I (25) boot.esp32c3: SPI Mode       : DIO
[2026-05-23 18:20:24.776] I (26) boot.esp32c3: SPI Flash Size : 2MB
[2026-05-23 18:20:24.780] I (26) boot: Enabling RNG early entropy source...
[2026-05-23 18:20:24.781] I (27) boot: Partition Table:
[2026-05-23 18:20:24.786] I (27) boot: ## Label            Usage          Type ST Offset   Length
[2026-05-23 18:20:24.789] I (28) boot:  0 nvs              WiFi data        01 02 00009000 00006000
[2026-05-23 18:20:24.792] I (29) boot:  1 phy_init         RF data          01 01 0000f000 00001000
[2026-05-23 18:20:24.793] I (29) boot:  2 factory          factory app      00 00 00010000 00100000
[2026-05-23 18:20:24.795] I (30) boot: End of partition table
[2026-05-23 18:20:24.799] I (31) esp_image: segment 0: paddr=00010020 vaddr=3c0a0020 size=1977ch (104316) map
[2026-05-23 18:20:24.804] I (48) esp_image: segment 1: paddr=000297a4 vaddr=3fc95200 size=02da0h ( 11680) load
[2026-05-23 18:20:24.819] I (51) esp_image: segment 2: paddr=0002c54c vaddr=40380000 size=03acch ( 15052) load
[2026-05-23 18:20:24.824] I (54) esp_image: segment 3: paddr=00030020 vaddr=42000020 size=9942ch (627756) map
[2026-05-23 18:20:24.829] I (154) esp_image: segment 4: paddr=000c9454 vaddr=40383acc size=11614h ( 71188) load
[2026-05-23 18:20:24.839] I (168) esp_image: segment 5: paddr=000daa70 vaddr=50000200 size=0001ch (    28) load
[2026-05-23 18:20:24.842] I (175) boot: Loaded app from partition at offset 0x10000
[2026-05-23 18:20:24.845] I (175) boot: Disabling RNG early entropy source...
[2026-05-23 18:20:24.845] I (176) cpu_start: Unicore app
[2026-05-23 18:20:24.847] I (185) cpu_start: Pro cpu start user code
[2026-05-23 18:20:24.849] I (185) cpu_start: cpu freq: 160000000 Hz
[2026-05-23 18:20:24.856] I (185) app_init: Application information:
[2026-05-23 18:20:24.862] I (185) app_init: Project name:     sensor_acquirer
[2026-05-23 18:20:24.867] I (185) app_init: App version:      v1.0-171-gbbe0783
[2026-05-23 18:20:24.870] I (186) app_init: Compile time:     May 23 2026 14:30:31
[2026-05-23 18:20:24.872] I (187) app_init: ELF file SHA256:  493679023...
[2026-05-23 18:20:24.873] I (187) app_init: ESP-IDF:          v5.4.1
[2026-05-23 18:20:24.874] I (188) efuse_init: Min chip rev:     v0.3
[2026-05-23 18:20:24.875] I (188) efuse_init: Max chip rev:     v1.99
[2026-05-23 18:20:24.875] I (189) efuse_init: Chip rev:         v0.4
[2026-05-23 18:20:24.877] I (189) heap_init: Initializing. RAM available for dynamic allocation:
[2026-05-23 18:20:24.878] I (190) heap_init: At 3FC9C340 len 00023CC0 (143 KiB): RAM
[2026-05-23 18:20:24.881] I (191) heap_init: At 3FCC0000 len 0001C710 (113 KiB): Retention RAM
[2026-05-23 18:20:24.882] I (191) heap_init: At 3FCDC710 len 00002950 (10 KiB): Retention RAM
[2026-05-23 18:20:24.886] I (192) heap_init: At 5000021C len 00001DCC (7 KiB): RTCRAM
[2026-05-23 18:20:24.887] I (194) spi_flash: detected chip: generic
[2026-05-23 18:20:24.888] I (194) spi_flash: flash io: dio
[2026-05-23 18:20:24.891] W (194) spi_flash: Detected size(4096k) larger than the size in the binary image header(2048k). Using the size in the binary image header.
[2026-05-23 18:20:24.892] I (196) sleep_gpio: Configure to isolate all GPIO pins in sleep state
[2026-05-23 18:20:24.894] I (196) sleep_gpio: Enable automatic switching of GPIO sleep configuration
[2026-05-23 18:20:24.894] I (197) main_task: Started on CPU0
[2026-05-23 18:20:24.895] I (197) main_task: Calling app_main()
[2026-05-23 18:20:24.895] WCAN_CFG_WAIT v=1
# UART boot config sent: wcan v=1 role=sensor transport=BROADCAST test_duration_ms=30000 host_wait_time_ms=5000 base=0xd0 count=1 hz=1000 linger=100
[2026-05-23 18:20:24.896] WCAN_CFG_WAIT v=1
[2026-05-23 18:20:27.368] WCAN_CFG_ACK
[2026-05-23 18:20:27.368] WCAN_CFG_ACK
[2026-05-23 18:20:27.373] I (2882) pp: pp rom version: 9387209
[2026-05-23 18:20:27.373] I (2883) net80211: net80211 rom version: 9387209
[2026-05-23 18:20:27.376] I (2884) wifi:wifi driver task: 3fca77a4, prio:23, stack:6656, core=0
[2026-05-23 18:20:27.378] I (2888) wifi:wifi firmware version: 79fa3f41ba
[2026-05-23 18:20:27.379] I (2888) wifi:wifi certification version: v7.0
[2026-05-23 18:20:27.379] I (2888) wifi:config NVS flash: enabled
[2026-05-23 18:20:27.379] I (2888) wifi:config nano formatting: disabled
[2026-05-23 18:20:27.380] I (2889) wifi:Init data frame dynamic rx buffer num: 32
[2026-05-23 18:20:27.381] I (2889) wifi:Init static rx mgmt buffer num: 5
[2026-05-23 18:20:27.384] I (2890) wifi:Init management short buffer num: 32
[2026-05-23 18:20:27.385] I (2890) wifi:Init dynamic tx buffer num: 32
[2026-05-23 18:20:27.386] I (2891) wifi:Init static tx FG buffer num: 2
[2026-05-23 18:20:27.387] I (2891) wifi:Init static rx buffer size: 1600
[2026-05-23 18:20:27.388] I (2892) wifi:Init static rx buffer num: 10
[2026-05-23 18:20:27.389] I (2892) wifi:Init dynamic rx buffer num: 32
[2026-05-23 18:20:27.389] I (2893) wifi_init: rx ba win: 6
[2026-05-23 18:20:27.390] I (2894) wifi_init: accept mbox: 6
[2026-05-23 18:20:27.391] I (2894) wifi_init: tcpip mbox: 32
[2026-05-23 18:20:27.392] I (2894) wifi_init: udp mbox: 6
[2026-05-23 18:20:27.392] I (2894) wifi_init: tcp mbox: 6
[2026-05-23 18:20:27.393] I (2895) wifi_init: tcp tx win: 5760
[2026-05-23 18:20:27.394] I (2895) wifi_init: tcp rx win: 5760
[2026-05-23 18:20:27.394] I (2896) wifi_init: tcp mss: 1440
[2026-05-23 18:20:27.395] I (2896) wifi_init: WiFi IRAM OP enabled
[2026-05-23 18:20:27.396] I (2896) wifi_init: WiFi RX IRAM OP enabled
[2026-05-23 18:20:27.398] I (2897) phy_init: phy_version 1200,2b7123f9,Feb 18 2025,15:22:21
[2026-05-23 18:20:27.423] I (2932) wifi:mode : sta (54:32:04:8c:0b:8c)
[2026-05-23 18:20:27.423] I (2933) wifi:enable tsf
[2026-05-23 18:20:27.426] I (2935) ESPNOW: espnow [version: 2.0] init
[2026-05-23 18:20:27.427] WCAN_TEST_READY role=sensor
# Waiting for phased test start
# UART test start sent: WCAN_TEST_START at 2026-05-23T18:20:27.439076
[2026-05-23 18:20:57.764] P(FAIL):33076:d0:293:29593:29693:101
[2026-05-23 18:20:58.564] P(FAIL):33876:d0:294:29694:29794:101
[2026-05-23 18:20:58.764] WCAN_BATCH id=0xd0 count=298 avg_hz=9.90 avg_points=100.67 min_points=2 max_points=101 avg_interval_ms=101.00 min_interval_ms=100.94 max_interval_ms=101.05 avg_dispatch_ms=4.89 max_dispatch_ms=12.06 dispatched_count=306 avg_queue_wait_ms=4.83 max_queue_wait_ms=234.75
[2026-05-23 18:20:58.767] WCAN_SENSOR_END generated=29998 avg_hz=1000.00
[2026-05-23 18:20:58.781] WCAN_MEASURES elapsed_ms=29999 heap_start_free=126648 heap_end_free=141436 heap_start_min_free=126648 heap_end_min_free=123820 heap_start_largest=98304 heap_end_largest=98304 airtime_us_total=1492652 packets_sent_total=306 sensor_send_failures_total=0
[2026-05-23 18:20:58.783] WCAN_TEST_END role=sensor

# Monitor stopped: 2026-05-23T18:20:58.783171
