# Monitor started: 2026-05-23T14:53:49.473162
# Port: /dev/ttyACM0, Baud: 921600, Timeout: 35.000s after WCAN_TEST_START

# UART boot config: wcan v=1 role=sensor transport=BROADCAST test_duration_ms=30000 host_wait_time_ms=5000 base=0xd0 count=1 hz=100 linger=100
[2026-05-23 14:53:49.483] ESP-ROM:esp32c3-api1-20210207
[2026-05-23 14:53:49.492] Build:Feb  7 2021
[2026-05-23 14:53:49.516] rst:0x15 (USB_UART_CHIP_RESET),boot:0xd (SPI_FAST_FLASH_BOOT)
[2026-05-23 14:53:49.523] Saved PC:0x40384eba
[2026-05-23 14:53:49.528] SPIWP:0xee
[2026-05-23 14:53:49.530] mode:DIO, clock div:1
[2026-05-23 14:53:49.532] load:0x3fcd5820,len:0x1574
[2026-05-23 14:53:49.535] load:0x403cc710,len:0xc30
[2026-05-23 14:53:49.536] load:0x403ce710,len:0x2fa0
[2026-05-23 14:53:49.538] entry 0x403cc71a
[2026-05-23 14:53:49.543] I (24) boot: ESP-IDF v5.4.1 2nd stage bootloader
[2026-05-23 14:53:49.546] I (24) boot: compile time May 20 2026 00:05:32
[2026-05-23 14:53:49.550] I (25) boot: chip revision: v0.4
[2026-05-23 14:53:49.552] I (25) boot: efuse block revision: v1.3
[2026-05-23 14:53:49.555] I (25) boot.esp32c3: SPI Speed      : 80MHz
[2026-05-23 14:53:49.561] I (25) boot.esp32c3: SPI Mode       : DIO
[2026-05-23 14:53:49.564] I (26) boot.esp32c3: SPI Flash Size : 2MB
[2026-05-23 14:53:49.565] I (26) boot: Enabling RNG early entropy source...
[2026-05-23 14:53:49.567] I (27) boot: Partition Table:
[2026-05-23 14:53:49.569] I (27) boot: ## Label            Usage          Type ST Offset   Length
[2026-05-23 14:53:49.571] I (28) boot:  0 nvs              WiFi data        01 02 00009000 00006000
[2026-05-23 14:53:49.574] I (29) boot:  1 phy_init         RF data          01 01 0000f000 00001000
[2026-05-23 14:53:49.579] I (29) boot:  2 factory          factory app      00 00 00010000 00100000
[2026-05-23 14:53:49.579] I (30) boot: End of partition table
[2026-05-23 14:53:49.583] I (31) esp_image: segment 0: paddr=00010020 vaddr=3c0a0020 size=1977ch (104316) map
[2026-05-23 14:53:49.594] I (48) esp_image: segment 1: paddr=000297a4 vaddr=3fc95200 size=02da0h ( 11680) load
[2026-05-23 14:53:49.597] I (51) esp_image: segment 2: paddr=0002c54c vaddr=40380000 size=03acch ( 15052) load
[2026-05-23 14:53:49.602] I (54) esp_image: segment 3: paddr=00030020 vaddr=42000020 size=9942ch (627756) map
[2026-05-23 14:53:49.621] I (154) esp_image: segment 4: paddr=000c9454 vaddr=40383acc size=11614h ( 71188) load
[2026-05-23 14:53:49.634] I (168) esp_image: segment 5: paddr=000daa70 vaddr=50000200 size=0001ch (    28) load
[2026-05-23 14:53:49.639] I (175) boot: Loaded app from partition at offset 0x10000
[2026-05-23 14:53:49.642] I (175) boot: Disabling RNG early entropy source...
[2026-05-23 14:53:49.645] I (176) cpu_start: Unicore app
[2026-05-23 14:53:49.650] I (185) cpu_start: Pro cpu start user code
[2026-05-23 14:53:49.655] I (185) cpu_start: cpu freq: 160000000 Hz
[2026-05-23 14:53:49.660] I (185) app_init: Application information:
[2026-05-23 14:53:49.664] I (185) app_init: Project name:     sensor_acquirer
[2026-05-23 14:53:49.666] I (185) app_init: App version:      v1.0-171-gbbe0783
[2026-05-23 14:53:49.668] I (186) app_init: Compile time:     May 23 2026 14:30:31
[2026-05-23 14:53:49.671] I (186) app_init: ELF file SHA256:  493679023...
[2026-05-23 14:53:49.673] I (187) app_init: ESP-IDF:          v5.4.1
[2026-05-23 14:53:49.675] I (187) efuse_init: Min chip rev:     v0.3
[2026-05-23 14:53:49.676] I (188) efuse_init: Max chip rev:     v1.99
[2026-05-23 14:53:49.677] I (188) efuse_init: Chip rev:         v0.4
[2026-05-23 14:53:49.679] I (189) heap_init: Initializing. RAM available for dynamic allocation:
[2026-05-23 14:53:49.680] I (190) heap_init: At 3FC9C340 len 00023CC0 (143 KiB): RAM
[2026-05-23 14:53:49.681] I (190) heap_init: At 3FCC0000 len 0001C710 (113 KiB): Retention RAM
[2026-05-23 14:53:49.682] I (191) heap_init: At 3FCDC710 len 00002950 (10 KiB): Retention RAM
[2026-05-23 14:53:49.683] I (192) heap_init: At 5000021C len 00001DCC (7 KiB): RTCRAM
[2026-05-23 14:53:49.684] I (193) spi_flash: detected chip: generic
[2026-05-23 14:53:49.685] I (194) spi_flash: flash io: dio
[2026-05-23 14:53:49.686] W (194) spi_flash: Detected size(4096k) larger than the size in the binary image header(2048k). Using the size in the binary image header.
[2026-05-23 14:53:49.687] I (195) sleep_gpio: Configure to isolate all GPIO pins in sleep state
[2026-05-23 14:53:49.687] I (196) sleep_gpio: Enable automatic switching of GPIO sleep configuration
[2026-05-23 14:53:49.688] I (197) main_task: Started on CPU0
[2026-05-23 14:53:49.688] I (197) main_task: Calling app_main()
[2026-05-23 14:53:49.688] WCAN_CFG_WAIT v=1
# UART boot config sent: wcan v=1 role=sensor transport=BROADCAST test_duration_ms=30000 host_wait_time_ms=5000 base=0xd0 count=1 hz=100 linger=100
[2026-05-23 14:53:49.688] WCAN_CFG_WAIT v=1
[2026-05-23 14:53:52.131] WCAN_CFG_ACK
[2026-05-23 14:53:52.131] WCAN_CFG_ACK
[2026-05-23 14:53:52.136] I (2862) pp: pp rom version: 9387209
[2026-05-23 14:53:52.137] I (2863) net80211: net80211 rom version: 9387209
[2026-05-23 14:53:52.139] I (2864) wifi:wifi driver task: 3fca77a4, prio:23, stack:6656, core=0
[2026-05-23 14:53:52.142] I (2868) wifi:wifi firmware version: 79fa3f41ba
[2026-05-23 14:53:52.143] I (2868) wifi:wifi certification version: v7.0
[2026-05-23 14:53:52.144] I (2868) wifi:config NVS flash: enabled
[2026-05-23 14:53:52.145] I (2868) wifi:config nano formatting: disabled
[2026-05-23 14:53:52.146] I (2869) wifi:Init data frame dynamic rx buffer num: 32
[2026-05-23 14:53:52.147] I (2869) wifi:Init static rx mgmt buffer num: 5
[2026-05-23 14:53:52.147] I (2870) wifi:Init management short buffer num: 32
[2026-05-23 14:53:52.149] I (2870) wifi:Init dynamic tx buffer num: 32
[2026-05-23 14:53:52.149] I (2871) wifi:Init static tx FG buffer num: 2
[2026-05-23 14:53:52.151] I (2871) wifi:Init static rx buffer size: 1600
[2026-05-23 14:53:52.152] I (2872) wifi:Init static rx buffer num: 10
[2026-05-23 14:53:52.153] I (2872) wifi:Init dynamic rx buffer num: 32
[2026-05-23 14:53:52.153] I (2873) wifi_init: rx ba win: 6
[2026-05-23 14:53:52.154] I (2874) wifi_init: accept mbox: 6
[2026-05-23 14:53:52.155] I (2874) wifi_init: tcpip mbox: 32
[2026-05-23 14:53:52.156] I (2874) wifi_init: udp mbox: 6
[2026-05-23 14:53:52.157] I (2874) wifi_init: tcp mbox: 6
[2026-05-23 14:53:52.157] I (2875) wifi_init: tcp tx win: 5760
[2026-05-23 14:53:52.158] I (2875) wifi_init: tcp rx win: 5760
[2026-05-23 14:53:52.159] I (2876) wifi_init: tcp mss: 1440
[2026-05-23 14:53:52.159] I (2876) wifi_init: WiFi IRAM OP enabled
[2026-05-23 14:53:52.160] I (2876) wifi_init: WiFi RX IRAM OP enabled
[2026-05-23 14:53:52.161] I (2877) phy_init: phy_version 1200,2b7123f9,Feb 18 2025,15:22:21
[2026-05-23 14:53:52.185] I (2911) wifi:mode : sta (54:32:04:8c:0b:8c)
[2026-05-23 14:53:52.186] I (2912) wifi:enable tsf
[2026-05-23 14:53:52.188] I (2914) ESPNOW: espnow [version: 2.0] init
[2026-05-23 14:53:52.189] WCAN_TEST_READY role=sensor
# Waiting for phased test start
# UART test start sent: WCAN_TEST_START at 2026-05-23T14:53:52.201048
[2026-05-23 14:53:53.015] P(FAIL):3545:d0:0:0:10:11
[2026-05-23 14:53:53.357] P(FAIL):3887:d0:4:44:54:11
[2026-05-23 14:53:53.740] P(FAIL):4270:d0:7:77:87:11
[2026-05-23 14:53:54.118] P(FAIL):4648:d0:9:99:109:11
[2026-05-23 14:53:54.568] P(FAIL):5098:d0:14:154:164:11
[2026-05-23 14:53:54.987] P(FAIL):5517:d0:18:198:208:11
[2026-05-23 14:53:55.364] P(FAIL):5894:d0:22:242:252:11
[2026-05-23 14:53:56.206] P(FAIL):6736:d0:29:319:329:11
[2026-05-23 14:53:56.627] P(FAIL):7157:d0:34:374:384:11
[2026-05-23 14:53:57.038] P(FAIL):7568:d0:37:407:417:11
[2026-05-23 14:53:57.410] P(FAIL):7940:d0:40:440:450:11
[2026-05-23 14:53:57.788] P(FAIL):8318:d0:44:484:494:11
[2026-05-23 14:53:58.173] P(FAIL):8703:d0:46:506:516:11
[2026-05-23 14:53:58.583] P(FAIL):9113:d0:51:561:571:11
[2026-05-23 14:53:58.915] P(FAIL):9445:d0:52:572:582:11
[2026-05-23 14:53:59.343] P(FAIL):9873:d0:58:638:648:11
[2026-05-23 14:53:59.777] P(FAIL):10307:d0:62:682:692:11
[2026-05-23 14:54:00.222] P(FAIL):10752:d0:66:726:736:11
[2026-05-23 14:54:00.664] P(FAIL):11194:d0:70:770:780:11
[2026-05-23 14:54:01.120] P(FAIL):11650:d0:74:814:824:11
[2026-05-23 14:54:01.581] P(FAIL):12111:d0:78:858:868:11
[2026-05-23 14:54:01.988] P(FAIL):12518:d0:82:902:912:11
[2026-05-23 14:54:02.497] P(FAIL):13027:d0:87:957:967:11
[2026-05-23 14:54:02.924] P(FAIL):13454:d0:90:990:1000:11
[2026-05-23 14:54:03.327] P(FAIL):13857:d0:94:1034:1044:11
[2026-05-23 14:54:03.797] P(FAIL):14327:d0:98:1078:1088:11
[2026-05-23 14:54:04.237] P(FAIL):14767:d0:102:1122:1132:11
[2026-05-23 14:54:04.581] P(FAIL):15111:d0:106:1166:1176:11
[2026-05-23 14:54:05.009] P(FAIL):15538:d0:109:1199:1209:11
[2026-05-23 14:54:05.400] P(FAIL):15930:d0:113:1243:1253:11
[2026-05-23 14:54:05.915] P(FAIL):16445:d0:118:1298:1308:11
[2026-05-23 14:54:06.376] P(FAIL):16906:d0:122:1342:1352:11
[2026-05-23 14:54:06.805] P(FAIL):17335:d0:126:1386:1396:11
[2026-05-23 14:54:07.062] P(FAIL):17592:d0:129:1419:1429:11
[2026-05-23 14:54:07.572] P(FAIL):18102:d0:133:1463:1473:11
[2026-05-23 14:54:08.072] P(FAIL):18602:d0:137:1507:1517:11
[2026-05-23 14:54:08.524] P(FAIL):19054:d0:141:1551:1561:11
[2026-05-23 14:54:08.874] P(FAIL):19404:d0:145:1595:1605:11
[2026-05-23 14:54:09.331] P(FAIL):19861:d0:149:1639:1649:11
[2026-05-23 14:54:09.608] P(FAIL):20138:d0:152:1672:1682:11
[2026-05-23 14:54:10.011] P(FAIL):20541:d0:155:1705:1715:11
[2026-05-23 14:54:10.402] P(FAIL):20932:d0:159:1749:1759:11
[2026-05-23 14:54:10.743] P(FAIL):21273:d0:162:1782:1792:11
[2026-05-23 14:54:11.122] P(FAIL):21652:d0:165:1815:1825:11
[2026-05-23 14:54:11.547] P(FAIL):22077:d0:169:1859:1869:11
[2026-05-23 14:54:12.005] P(FAIL):22535:d0:173:1903:1913:11
[2026-05-23 14:54:12.419] P(FAIL):22949:d0:177:1947:1957:11
[2026-05-23 14:54:12.808] P(FAIL):23338:d0:178:1958:1968:11
[2026-05-23 14:54:13.192] P(FAIL):23722:d0:184:2024:2034:11
[2026-05-23 14:54:13.661] P(FAIL):24191:d0:188:2068:2078:11
[2026-05-23 14:54:14.035] P(FAIL):24565:d0:192:2112:2122:11
[2026-05-23 14:54:14.393] P(FAIL):24923:d0:195:2145:2155:11
[2026-05-23 14:54:14.753] P(FAIL):25282:d0:198:2178:2188:11
[2026-05-23 14:54:15.232] P(FAIL):25762:d0:203:2233:2243:11
[2026-05-23 14:54:15.584] P(FAIL):26113:d0:206:2266:2276:11
[2026-05-23 14:54:15.983] P(FAIL):26513:d0:209:2299:2309:11
[2026-05-23 14:54:16.387] P(FAIL):26917:d0:213:2343:2353:11
[2026-05-23 14:54:16.816] P(FAIL):27346:d0:217:2387:2397:11
[2026-05-23 14:54:17.316] P(FAIL):27846:d0:221:2431:2441:11
[2026-05-23 14:54:18.138] P(FAIL):28668:d0:228:2508:2518:11
[2026-05-23 14:54:19.360] P(FAIL):29890:d0:240:2640:2650:11
[2026-05-23 14:54:19.832] P(FAIL):30362:d0:244:2684:2694:11
[2026-05-23 14:54:20.245] P(FAIL):30775:d0:248:2728:2738:11
[2026-05-23 14:54:20.619] P(FAIL):31149:d0:252:2772:2782:11
[2026-05-23 14:54:20.988] P(FAIL):31518:d0:255:2805:2815:11
[2026-05-23 14:54:21.376] P(FAIL):31906:d0:258:2838:2848:11
[2026-05-23 14:54:21.903] P(FAIL):32433:d0:263:2893:2903:11
[2026-05-23 14:54:22.348] P(FAIL):32878:d0:264:2904:2914:11
[2026-05-23 14:54:22.794] P(FAIL):33324:d0:265:2915:2925:11
[2026-05-23 14:54:23.514] WCAN_BATCH id=0xd0 count=273 avg_hz=9.09 avg_points=10.99 min_points=8 max_points=11 avg_interval_ms=110.00 min_interval_ms=109.91 max_interval_ms=110.09 avg_dispatch_ms=1.92 max_dispatch_ms=14.70 dispatched_count=479 avg_queue_wait_ms=145.86 max_queue_wait_ms=739.77
[2026-05-23 14:54:23.516] WCAN_SENSOR_END generated=2999 avg_hz=100.00
[2026-05-23 14:54:23.520] WCAN_MEASURES elapsed_ms=30000 heap_start_free=126648 heap_end_free=141280 heap_start_min_free=126588 heap_end_min_free=126288 heap_start_largest=98304 heap_end_largest=98304 airtime_us_total=913693 packets_sent_total=479 sensor_send_failures_total=0
[2026-05-23 14:54:23.520] WCAN_TEST_END role=sensor

# Monitor stopped: 2026-05-23T14:54:23.520840
