# Monitor started: 2026-05-23T14:53:49.472310
# Port: /dev/ttyACM1, Baud: 921600, Timeout: 35.000s after WCAN_TEST_START

# UART boot config: wcan v=1 role=sensor transport=BROADCAST test_duration_ms=30000 host_wait_time_ms=5000 base=0xe0 count=1 hz=100 linger=100
[2026-05-23 14:53:49.480] ESP-ROM:esp32c3-api1-20210207
[2026-05-23 14:53:49.485] Build:Feb  7 2021
[2026-05-23 14:53:49.502] rst:0x15 (USB_UART_CHIP_RESET),boot:0xd (SPI_FAST_FLASH_BOOT)
[2026-05-23 14:53:49.509] Saved PC:0x40384eba
[2026-05-23 14:53:49.513] SPIWP:0xee
[2026-05-23 14:53:49.521] mode:DIO, clock div:1
[2026-05-23 14:53:49.528] load:0x3fcd5820,len:0x1574
[2026-05-23 14:53:49.530] load:0x403cc710,len:0xc30
[2026-05-23 14:53:49.532] load:0x403ce710,len:0x2fa0
[2026-05-23 14:53:49.533] entry 0x403cc71a
[2026-05-23 14:53:49.537] I (24) boot: ESP-IDF v5.4.1 2nd stage bootloader
[2026-05-23 14:53:49.541] I (24) boot: compile time May 20 2026 00:05:32
[2026-05-23 14:53:49.543] I (25) boot: chip revision: v0.4
[2026-05-23 14:53:49.548] I (25) boot: efuse block revision: v1.3
[2026-05-23 14:53:49.551] I (25) boot.esp32c3: SPI Speed      : 80MHz
[2026-05-23 14:53:49.553] I (25) boot.esp32c3: SPI Mode       : DIO
[2026-05-23 14:53:49.555] I (26) boot.esp32c3: SPI Flash Size : 2MB
[2026-05-23 14:53:49.557] I (26) boot: Enabling RNG early entropy source...
[2026-05-23 14:53:49.558] I (27) boot: Partition Table:
[2026-05-23 14:53:49.561] I (27) boot: ## Label            Usage          Type ST Offset   Length
[2026-05-23 14:53:49.576] I (28) boot:  0 nvs              WiFi data        01 02 00009000 00006000
[2026-05-23 14:53:49.581] I (29) boot:  1 phy_init         RF data          01 01 0000f000 00001000
[2026-05-23 14:53:49.584] I (29) boot:  2 factory          factory app      00 00 00010000 00100000
[2026-05-23 14:53:49.587] I (30) boot: End of partition table
[2026-05-23 14:53:49.595] I (31) esp_image: segment 0: paddr=00010020 vaddr=3c0a0020 size=1977ch (104316) map
[2026-05-23 14:53:49.600] I (48) esp_image: segment 1: paddr=000297a4 vaddr=3fc95200 size=02da0h ( 11680) load
[2026-05-23 14:53:49.604] I (51) esp_image: segment 2: paddr=0002c54c vaddr=40380000 size=03acch ( 15052) load
[2026-05-23 14:53:49.611] I (54) esp_image: segment 3: paddr=00030020 vaddr=42000020 size=9942ch (627756) map
[2026-05-23 14:53:49.612] I (154) esp_image: segment 4: paddr=000c9454 vaddr=40383acc size=11614h ( 71188) load
[2026-05-23 14:53:49.615] I (168) esp_image: segment 5: paddr=000daa70 vaddr=50000200 size=0001ch (    28) load
[2026-05-23 14:53:49.617] I (175) boot: Loaded app from partition at offset 0x10000
[2026-05-23 14:53:49.620] I (175) boot: Disabling RNG early entropy source...
[2026-05-23 14:53:49.621] I (176) cpu_start: Unicore app
[2026-05-23 14:53:49.623] I (185) cpu_start: Pro cpu start user code
[2026-05-23 14:53:49.626] I (185) cpu_start: cpu freq: 160000000 Hz
[2026-05-23 14:53:49.635] I (185) app_init: Application information:
[2026-05-23 14:53:49.640] I (185) app_init: Project name:     sensor_acquirer
[2026-05-23 14:53:49.643] I (185) app_init: App version:      v1.0-171-gbbe0783
[2026-05-23 14:53:49.646] I (186) app_init: Compile time:     May 23 2026 14:30:31
[2026-05-23 14:53:49.649] I (187) app_init: ELF file SHA256:  493679023...
[2026-05-23 14:53:49.651] I (187) app_init: ESP-IDF:          v5.4.1
[2026-05-23 14:53:49.652] I (188) efuse_init: Min chip rev:     v0.3
[2026-05-23 14:53:49.653] I (188) efuse_init: Max chip rev:     v1.99
[2026-05-23 14:53:49.656] I (189) efuse_init: Chip rev:         v0.4
[2026-05-23 14:53:49.657] I (189) heap_init: Initializing. RAM available for dynamic allocation:
[2026-05-23 14:53:49.658] I (190) heap_init: At 3FC9C340 len 00023CC0 (143 KiB): RAM
[2026-05-23 14:53:49.664] I (190) heap_init: At 3FCC0000 len 0001C710 (113 KiB): Retention RAM
[2026-05-23 14:53:49.671] I (191) heap_init: At 3FCDC710 len 00002950 (10 KiB): Retention RAM
[2026-05-23 14:53:49.675] I (192) heap_init: At 5000021C len 00001DCC (7 KiB): RTCRAM
[2026-05-23 14:53:49.679] I (194) spi_flash: detected chip: generic
[2026-05-23 14:53:49.680] I (194) spi_flash: flash io: dio
[2026-05-23 14:53:49.682] W (194) spi_flash: Detected size(4096k) larger than the size in the binary image header(2048k). Using the size in the binary image header.
[2026-05-23 14:53:49.683] I (196) sleep_gpio: Configure to isolate all GPIO pins in sleep state
[2026-05-23 14:53:49.684] I (196) sleep_gpio: Enable automatic switching of GPIO sleep configuration
[2026-05-23 14:53:49.685] I (197) main_task: Started on CPU0
[2026-05-23 14:53:49.686] I (197) main_task: Calling app_main()
[2026-05-23 14:53:49.686] WCAN_CFG_WAIT v=1
# UART boot config sent: wcan v=1 role=sensor transport=BROADCAST test_duration_ms=30000 host_wait_time_ms=5000 base=0xe0 count=1 hz=100 linger=100
[2026-05-23 14:53:49.687] WCAN_CFG_WAIT v=1
[2026-05-23 14:53:52.130] WCAN_CFG_ACK
[2026-05-23 14:53:52.131] WCAN_CFG_ACK
[2026-05-23 14:53:52.136] I (2862) pp: pp rom version: 9387209
[2026-05-23 14:53:52.137] I (2863) net80211: net80211 rom version: 9387209
[2026-05-23 14:53:52.139] I (2864) wifi:wifi driver task: 3fca7720, prio:23, stack:6656, core=0
[2026-05-23 14:53:52.141] I (2868) wifi:wifi firmware version: 79fa3f41ba
[2026-05-23 14:53:52.142] I (2868) wifi:wifi certification version: v7.0
[2026-05-23 14:53:52.143] I (2868) wifi:config NVS flash: enabled
[2026-05-23 14:53:52.144] I (2868) wifi:config nano formatting: disabled
[2026-05-23 14:53:52.145] I (2869) wifi:Init data frame dynamic rx buffer num: 32
[2026-05-23 14:53:52.146] I (2869) wifi:Init static rx mgmt buffer num: 5
[2026-05-23 14:53:52.147] I (2870) wifi:Init management short buffer num: 32
[2026-05-23 14:53:52.148] I (2870) wifi:Init dynamic tx buffer num: 32
[2026-05-23 14:53:52.149] I (2871) wifi:Init static tx FG buffer num: 2
[2026-05-23 14:53:52.150] I (2871) wifi:Init static rx buffer size: 1600
[2026-05-23 14:53:52.151] I (2872) wifi:Init static rx buffer num: 10
[2026-05-23 14:53:52.152] I (2872) wifi:Init dynamic rx buffer num: 32
[2026-05-23 14:53:52.152] I (2873) wifi_init: rx ba win: 6
[2026-05-23 14:53:52.153] I (2874) wifi_init: accept mbox: 6
[2026-05-23 14:53:52.154] I (2874) wifi_init: tcpip mbox: 32
[2026-05-23 14:53:52.155] I (2874) wifi_init: udp mbox: 6
[2026-05-23 14:53:52.155] I (2874) wifi_init: tcp mbox: 6
[2026-05-23 14:53:52.156] I (2875) wifi_init: tcp tx win: 5760
[2026-05-23 14:53:52.157] I (2875) wifi_init: tcp rx win: 5760
[2026-05-23 14:53:52.158] I (2876) wifi_init: tcp mss: 1440
[2026-05-23 14:53:52.158] I (2876) wifi_init: WiFi IRAM OP enabled
[2026-05-23 14:53:52.159] I (2876) wifi_init: WiFi RX IRAM OP enabled
[2026-05-23 14:53:52.161] I (2877) phy_init: phy_version 1200,2b7123f9,Feb 18 2025,15:22:21
[2026-05-23 14:53:52.185] I (2911) wifi:mode : sta (74:4d:bd:e1:d5:b8)
[2026-05-23 14:53:52.186] I (2912) wifi:enable tsf
[2026-05-23 14:53:52.188] I (2914) ESPNOW: espnow [version: 2.0] init
[2026-05-23 14:53:52.189] WCAN_TEST_READY role=sensor
# Waiting for phased test start
# UART test start sent: WCAN_TEST_START at 2026-05-23T14:53:52.201095
[2026-05-23 14:53:55.762] P(FAIL):6292:e0:25:275:285:11
[2026-05-23 14:53:58.197] P(FAIL):8727:e0:47:517:527:11
[2026-05-23 14:54:07.168] P(FAIL):17698:e0:129:1419:1429:11
[2026-05-23 14:54:17.672] P(FAIL):28202:e0:225:2475:2485:11
[2026-05-23 14:54:18.567] P(FAIL):29097:e0:232:2552:2562:11
[2026-05-23 14:54:18.966] P(FAIL):29496:e0:236:2596:2606:11
[2026-05-23 14:54:22.539] P(FAIL):33069:e0:269:2959:2969:11
[2026-05-23 14:54:23.339] P(FAIL):33869:e0:270:2970:2980:11
[2026-05-23 14:54:23.515] WCAN_BATCH id=0xe0 count=273 avg_hz=9.09 avg_points=10.99 min_points=7 max_points=11 avg_interval_ms=110.00 min_interval_ms=109.97 max_interval_ms=110.04 avg_dispatch_ms=1.60 max_dispatch_ms=15.84 dispatched_count=291 avg_queue_wait_ms=23.92 max_queue_wait_ms=324.75
[2026-05-23 14:54:23.517] WCAN_SENSOR_END generated=2998 avg_hz=99.97
[2026-05-23 14:54:23.521] WCAN_MEASURES elapsed_ms=29999 heap_start_free=126780 heap_end_free=141568 heap_start_min_free=126720 heap_end_min_free=126420 heap_start_largest=98304 heap_end_largest=98304 airtime_us_total=462578 packets_sent_total=291 sensor_send_failures_total=0
[2026-05-23 14:54:23.521] WCAN_TEST_END role=sensor

# Monitor stopped: 2026-05-23T14:54:23.521816
