# Monitor started: 2026-05-23T16:04:05.772748
# Port: /dev/ttyACM1, Baud: 921600, Timeout: 35.000s after WCAN_TEST_START

# UART boot config: wcan v=1 role=idle transport=BROADCAST test_duration_ms=30000 host_wait_time_ms=5000
[2026-05-23 16:04:05.775] ESP-ROM:esp32c3-api1-20210207
[2026-05-23 16:04:05.777] Build:Feb  7 2021
[2026-05-23 16:04:05.801] rst:0x15 (USB_UART_CHIP_RESET),boot:0xd (SPI_FAST_FLASH_BOOT)
[2026-05-23 16:04:05.808] Saved PC:0x40384eba
[2026-05-23 16:04:05.815] SPIWP:0xee
[2026-05-23 16:04:05.822] mode:DIO, clock div:1
[2026-05-23 16:04:05.831] load:0x3fcd5820,len:0x1574
[2026-05-23 16:04:05.841] load:0x403cc710,len:0xc30
[2026-05-23 16:04:05.847] load:0x403ce710,len:0x2fa0
[2026-05-23 16:04:05.850] entry 0x403cc71a
[2026-05-23 16:04:05.856] I (24) boot: ESP-IDF v5.4.1 2nd stage bootloader
[2026-05-23 16:04:05.860] I (24) boot: compile time May 20 2026 00:05:32
[2026-05-23 16:04:05.863] I (25) boot: chip revision: v0.4
[2026-05-23 16:04:05.866] I (25) boot: efuse block revision: v1.3
[2026-05-23 16:04:05.869] I (25) boot.esp32c3: SPI Speed      : 80MHz
[2026-05-23 16:04:05.871] I (25) boot.esp32c3: SPI Mode       : DIO
[2026-05-23 16:04:05.873] I (26) boot.esp32c3: SPI Flash Size : 2MB
[2026-05-23 16:04:05.876] I (26) boot: Enabling RNG early entropy source...
[2026-05-23 16:04:05.879] I (27) boot: Partition Table:
[2026-05-23 16:04:05.896] I (27) boot: ## Label            Usage          Type ST Offset   Length
[2026-05-23 16:04:05.901] I (28) boot:  0 nvs              WiFi data        01 02 00009000 00006000
[2026-05-23 16:04:05.903] I (29) boot:  1 phy_init         RF data          01 01 0000f000 00001000
[2026-05-23 16:04:05.906] I (29) boot:  2 factory          factory app      00 00 00010000 00100000
[2026-05-23 16:04:05.908] I (30) boot: End of partition table
[2026-05-23 16:04:05.910] I (31) esp_image: segment 0: paddr=00010020 vaddr=3c0a0020 size=1977ch (104316) map
[2026-05-23 16:04:05.912] I (48) esp_image: segment 1: paddr=000297a4 vaddr=3fc95200 size=02da0h ( 11680) load
[2026-05-23 16:04:05.917] I (51) esp_image: segment 2: paddr=0002c54c vaddr=40380000 size=03acch ( 15052) load
[2026-05-23 16:04:05.919] I (54) esp_image: segment 3: paddr=00030020 vaddr=42000020 size=9942ch (627756) map
[2026-05-23 16:04:05.922] I (154) esp_image: segment 4: paddr=000c9454 vaddr=40383acc size=11614h ( 71188) load
[2026-05-23 16:04:05.926] I (168) esp_image: segment 5: paddr=000daa70 vaddr=50000200 size=0001ch (    28) load
[2026-05-23 16:04:05.927] I (175) boot: Loaded app from partition at offset 0x10000
[2026-05-23 16:04:05.929] I (175) boot: Disabling RNG early entropy source...
[2026-05-23 16:04:05.933] I (176) cpu_start: Unicore app
[2026-05-23 16:04:05.937] I (185) cpu_start: Pro cpu start user code
[2026-05-23 16:04:05.939] I (185) cpu_start: cpu freq: 160000000 Hz
[2026-05-23 16:04:05.941] I (185) app_init: Application information:
[2026-05-23 16:04:05.944] I (185) app_init: Project name:     sensor_acquirer
[2026-05-23 16:04:05.947] I (185) app_init: App version:      v1.0-171-gbbe0783
[2026-05-23 16:04:05.950] I (186) app_init: Compile time:     May 23 2026 14:30:31
[2026-05-23 16:04:05.956] I (186) app_init: ELF file SHA256:  493679023...
[2026-05-23 16:04:05.963] I (187) app_init: ESP-IDF:          v5.4.1
[2026-05-23 16:04:05.964] I (188) efuse_init: Min chip rev:     v0.3
[2026-05-23 16:04:05.968] I (188) efuse_init: Max chip rev:     v1.99
[2026-05-23 16:04:05.969] I (188) efuse_init: Chip rev:         v0.4
[2026-05-23 16:04:05.970] I (189) heap_init: Initializing. RAM available for dynamic allocation:
[2026-05-23 16:04:05.971] I (190) heap_init: At 3FC9C340 len 00023CC0 (143 KiB): RAM
[2026-05-23 16:04:05.973] I (190) heap_init: At 3FCC0000 len 0001C710 (113 KiB): Retention RAM
[2026-05-23 16:04:05.974] I (191) heap_init: At 3FCDC710 len 00002950 (10 KiB): Retention RAM
[2026-05-23 16:04:05.975] I (192) heap_init: At 5000021C len 00001DCC (7 KiB): RTCRAM
[2026-05-23 16:04:05.977] I (193) spi_flash: detected chip: generic
[2026-05-23 16:04:05.978] I (194) spi_flash: flash io: dio
[2026-05-23 16:04:05.980] W (194) spi_flash: Detected size(4096k) larger than the size in the binary image header(2048k). Using the size in the binary image header.
[2026-05-23 16:04:05.982] I (195) sleep_gpio: Configure to isolate all GPIO pins in sleep state
[2026-05-23 16:04:05.989] I (196) sleep_gpio: Enable automatic switching of GPIO sleep configuration
[2026-05-23 16:04:05.990] I (197) main_task: Started on CPU0
[2026-05-23 16:04:05.993] I (197) main_task: Calling app_main()
[2026-05-23 16:04:05.993] WCAN_CFG_WAIT v=1
# UART boot config sent: wcan v=1 role=idle transport=BROADCAST test_duration_ms=30000 host_wait_time_ms=5000
[2026-05-23 16:04:05.995] WCAN_CFG_WAIT v=1
[2026-05-23 16:04:07.673] WCAN_CFG_ACK
[2026-05-23 16:04:07.674] WCAN_CFG_ACK
[2026-05-23 16:04:07.674] WCAN_TEST_READY role=idle
# Waiting for phased test start
# UART test start sent: WCAN_TEST_START at 2026-05-23T16:04:08.519403
[2026-05-23 16:04:08.834] WCAN_TEST_END role=idle

# Monitor stopped: 2026-05-23T16:04:08.834463
