# Monitor started: 2026-05-23T14:41:42.776128
# Port: /dev/ttyACM1, Baud: 921600, Timeout: 35.000s after WCAN_TEST_START

# UART boot config: wcan v=1 role=sensor transport=BROADCAST test_duration_ms=30000 host_wait_time_ms=5000 base=0xe0 count=1 hz=10 linger=100
[2026-05-23 14:41:42.783] ESP-ROM:esp32c3-api1-20210207
[2026-05-23 14:41:42.790] Build:Feb  7 2021
[2026-05-23 14:41:42.808] rst:0x15 (USB_UART_CHIP_RESET),boot:0xd (SPI_FAST_FLASH_BOOT)
[2026-05-23 14:41:42.814] Saved PC:0x40384eba
[2026-05-23 14:41:42.821] SPIWP:0xee
[2026-05-23 14:41:42.827] mode:DIO, clock div:1
[2026-05-23 14:41:42.832] load:0x3fcd5820,len:0x1574
[2026-05-23 14:41:42.837] load:0x403cc710,len:0xc30
[2026-05-23 14:41:42.838] load:0x403ce710,len:0x2fa0
[2026-05-23 14:41:42.842] entry 0x403cc71a
[2026-05-23 14:41:42.844] I (24) boot: ESP-IDF v5.4.1 2nd stage bootloader
[2026-05-23 14:41:42.846] I (24) boot: compile time May 20 2026 00:05:32
[2026-05-23 14:41:42.848] I (25) boot: chip revision: v0.4
[2026-05-23 14:41:42.849] I (25) boot: efuse block revision: v1.3
[2026-05-23 14:41:42.850] I (25) boot.esp32c3: SPI Speed      : 80MHz
[2026-05-23 14:41:42.852] I (25) boot.esp32c3: SPI Mode       : DIO
[2026-05-23 14:41:42.853] I (26) boot.esp32c3: SPI Flash Size : 2MB
[2026-05-23 14:41:42.860] I (26) boot: Enabling RNG early entropy source...
[2026-05-23 14:41:42.861] I (27) boot: Partition Table:
[2026-05-23 14:41:42.865] I (27) boot: ## Label            Usage          Type ST Offset   Length
[2026-05-23 14:41:42.869] I (28) boot:  0 nvs              WiFi data        01 02 00009000 00006000
[2026-05-23 14:41:42.870] I (29) boot:  1 phy_init         RF data          01 01 0000f000 00001000
[2026-05-23 14:41:42.872] I (29) boot:  2 factory          factory app      00 00 00010000 00100000
[2026-05-23 14:41:42.874] I (30) boot: End of partition table
[2026-05-23 14:41:42.876] I (31) esp_image: segment 0: paddr=00010020 vaddr=3c0a0020 size=1977ch (104316) map
[2026-05-23 14:41:42.879] I (48) esp_image: segment 1: paddr=000297a4 vaddr=3fc95200 size=02da0h ( 11680) load
[2026-05-23 14:41:42.882] I (51) esp_image: segment 2: paddr=0002c54c vaddr=40380000 size=03acch ( 15052) load
[2026-05-23 14:41:42.888] I (54) esp_image: segment 3: paddr=00030020 vaddr=42000020 size=9942ch (627756) map
[2026-05-23 14:41:42.898] I (154) esp_image: segment 4: paddr=000c9454 vaddr=40383acc size=11614h ( 71188) load
[2026-05-23 14:41:42.903] I (168) esp_image: segment 5: paddr=000daa70 vaddr=50000200 size=0001ch (    28) load
[2026-05-23 14:41:42.907] I (175) boot: Loaded app from partition at offset 0x10000
[2026-05-23 14:41:42.909] I (175) boot: Disabling RNG early entropy source...
[2026-05-23 14:41:42.912] I (176) cpu_start: Unicore app
[2026-05-23 14:41:42.914] I (185) cpu_start: Pro cpu start user code
[2026-05-23 14:41:42.922] I (185) cpu_start: cpu freq: 160000000 Hz
[2026-05-23 14:41:42.924] I (185) app_init: Application information:
[2026-05-23 14:41:42.925] I (185) app_init: Project name:     sensor_acquirer
[2026-05-23 14:41:42.926] I (186) app_init: App version:      v1.0-171-gbbe0783
[2026-05-23 14:41:42.927] I (186) app_init: Compile time:     May 23 2026 14:30:31
[2026-05-23 14:41:42.929] I (187) app_init: ELF file SHA256:  493679023...
[2026-05-23 14:41:42.933] I (187) app_init: ESP-IDF:          v5.4.1
[2026-05-23 14:41:42.944] I (188) efuse_init: Min chip rev:     v0.3
[2026-05-23 14:41:42.945] I (188) efuse_init: Max chip rev:     v1.99
[2026-05-23 14:41:42.945] I (189) efuse_init: Chip rev:         v0.4
[2026-05-23 14:41:42.946] I (189) heap_init: Initializing. RAM available for dynamic allocation:
[2026-05-23 14:41:42.947] I (190) heap_init: At 3FC9C340 len 00023CC0 (143 KiB): RAM
[2026-05-23 14:41:42.950] I (191) heap_init: At 3FCC0000 len 0001C710 (113 KiB): Retention RAM
[2026-05-23 14:41:42.951] I (191) heap_init: At 3FCDC710 len 00002950 (10 KiB): Retention RAM
[2026-05-23 14:41:42.952] I (192) heap_init: At 5000021C len 00001DCC (7 KiB): RTCRAM
[2026-05-23 14:41:42.953] I (194) spi_flash: detected chip: generic
[2026-05-23 14:41:42.954] I (194) spi_flash: flash io: dio
[2026-05-23 14:41:42.956] W (194) spi_flash: Detected size(4096k) larger than the size in the binary image header(2048k). Using the size in the binary image header.
[2026-05-23 14:41:42.957] I (196) sleep_gpio: Configure to isolate all GPIO pins in sleep state
[2026-05-23 14:41:42.958] I (196) sleep_gpio: Enable automatic switching of GPIO sleep configuration
[2026-05-23 14:41:42.959] I (197) main_task: Started on CPU0
[2026-05-23 14:41:42.961] I (197) main_task: Calling app_main()
[2026-05-23 14:41:42.961] WCAN_CFG_WAIT v=1
# UART boot config sent: wcan v=1 role=sensor transport=BROADCAST test_duration_ms=30000 host_wait_time_ms=5000 base=0xe0 count=1 hz=10 linger=100
[2026-05-23 14:41:42.962] WCAN_CFG_WAIT v=1
[2026-05-23 14:41:45.381] WCAN_CFG_ACK
[2026-05-23 14:41:45.381] WCAN_CFG_ACK
[2026-05-23 14:41:45.386] I (2809) pp: pp rom version: 9387209
[2026-05-23 14:41:45.386] I (2810) net80211: net80211 rom version: 9387209
[2026-05-23 14:41:45.388] I (2811) wifi:wifi driver task: 3fca7720, prio:23, stack:6656, core=0
[2026-05-23 14:41:45.392] I (2815) wifi:wifi firmware version: 79fa3f41ba
[2026-05-23 14:41:45.393] I (2815) wifi:wifi certification version: v7.0
[2026-05-23 14:41:45.393] I (2815) wifi:config NVS flash: enabled
[2026-05-23 14:41:45.394] I (2815) wifi:config nano formatting: disabled
[2026-05-23 14:41:45.395] I (2816) wifi:Init data frame dynamic rx buffer num: 32
[2026-05-23 14:41:45.396] I (2816) wifi:Init static rx mgmt buffer num: 5
[2026-05-23 14:41:45.396] I (2817) wifi:Init management short buffer num: 32
[2026-05-23 14:41:45.397] I (2817) wifi:Init dynamic tx buffer num: 32
[2026-05-23 14:41:45.398] I (2818) wifi:Init static tx FG buffer num: 2
[2026-05-23 14:41:45.399] I (2818) wifi:Init static rx buffer size: 1600
[2026-05-23 14:41:45.400] I (2819) wifi:Init static rx buffer num: 10
[2026-05-23 14:41:45.401] I (2819) wifi:Init dynamic rx buffer num: 32
[2026-05-23 14:41:45.402] I (2820) wifi_init: rx ba win: 6
[2026-05-23 14:41:45.402] I (2821) wifi_init: accept mbox: 6
[2026-05-23 14:41:45.403] I (2821) wifi_init: tcpip mbox: 32
[2026-05-23 14:41:45.403] I (2821) wifi_init: udp mbox: 6
[2026-05-23 14:41:45.404] I (2821) wifi_init: tcp mbox: 6
[2026-05-23 14:41:45.404] I (2822) wifi_init: tcp tx win: 5760
[2026-05-23 14:41:45.405] I (2822) wifi_init: tcp rx win: 5760
[2026-05-23 14:41:45.406] I (2823) wifi_init: tcp mss: 1440
[2026-05-23 14:41:45.406] I (2823) wifi_init: WiFi IRAM OP enabled
[2026-05-23 14:41:45.407] I (2823) wifi_init: WiFi RX IRAM OP enabled
[2026-05-23 14:41:45.408] I (2824) phy_init: phy_version 1200,2b7123f9,Feb 18 2025,15:22:21
[2026-05-23 14:41:45.438] I (2858) wifi:mode : sta (74:4d:bd:e1:d5:b8)
[2026-05-23 14:41:45.440] I (2859) wifi:enable tsf
[2026-05-23 14:41:45.443] I (2861) ESPNOW: espnow [version: 2.0] init
[2026-05-23 14:41:45.445] WCAN_TEST_READY role=sensor
# Waiting for phased test start
# UART test start sent: WCAN_TEST_START at 2026-05-23T14:41:45.489154
[2026-05-23 14:41:46.973] P(FAIL):4199:e0:3:6:7:2
[2026-05-23 14:42:10.950] P(FAIL):28176:e0:123:246:247:2
[2026-05-23 14:42:11.927] P(FAIL):29153:e0:128:256:257:2
[2026-05-23 14:42:16.077] P(FAIL):33303:e0:148:296:297:2
[2026-05-23 14:42:16.817] WCAN_BATCH id=0xe0 count=150 avg_hz=5.00 avg_points=1.99 min_points=1 max_points=2 avg_interval_ms=200.00 min_interval_ms=199.97 max_interval_ms=200.03 avg_dispatch_ms=1.77 max_dispatch_ms=8.36 dispatched_count=163 avg_queue_wait_ms=16.03 max_queue_wait_ms=299.73
[2026-05-23 14:42:16.819] WCAN_SENSOR_END generated=298 avg_hz=9.97
[2026-05-23 14:42:16.829] WCAN_MEASURES elapsed_ms=29999 heap_start_free=126780 heap_end_free=141568 heap_start_min_free=126756 heap_end_min_free=126488 heap_start_largest=98304 heap_end_largest=98304 airtime_us_total=286948 packets_sent_total=163 sensor_send_failures_total=0
[2026-05-23 14:42:16.830] WCAN_TEST_END role=sensor

# Monitor stopped: 2026-05-23T14:42:16.830069
