# Monitor started: 2026-05-23T14:41:42.776614
# Port: /dev/ttyACM0, Baud: 921600, Timeout: 35.000s after WCAN_TEST_START

# UART boot config: wcan v=1 role=sensor transport=BROADCAST test_duration_ms=30000 host_wait_time_ms=5000 base=0xd0 count=1 hz=10 linger=100
[2026-05-23 14:41:42.781] ESP-ROM:esp32c3-api1-20210207
[2026-05-23 14:41:42.787] Build:Feb  7 2021
[2026-05-23 14:41:42.804] rst:0x15 (USB_UART_CHIP_RESET),boot:0xd (SPI_FAST_FLASH_BOOT)
[2026-05-23 14:41:42.813] Saved PC:0x40384eba
[2026-05-23 14:41:42.818] SPIWP:0xee
[2026-05-23 14:41:42.829] mode:DIO, clock div:1
[2026-05-23 14:41:42.836] load:0x3fcd5820,len:0x1574
[2026-05-23 14:41:42.841] load:0x403cc710,len:0xc30
[2026-05-23 14:41:42.851] load:0x403ce710,len:0x2fa0
[2026-05-23 14:41:42.854] entry 0x403cc71a
[2026-05-23 14:41:42.855] I (24) boot: ESP-IDF v5.4.1 2nd stage bootloader
[2026-05-23 14:41:42.857] I (24) boot: compile time May 20 2026 00:05:32
[2026-05-23 14:41:42.862] I (25) boot: chip revision: v0.4
[2026-05-23 14:41:42.867] I (25) boot: efuse block revision: v1.3
[2026-05-23 14:41:42.876] I (25) boot.esp32c3: SPI Speed      : 80MHz
[2026-05-23 14:41:42.882] I (25) boot.esp32c3: SPI Mode       : DIO
[2026-05-23 14:41:42.890] I (26) boot.esp32c3: SPI Flash Size : 2MB
[2026-05-23 14:41:42.892] I (26) boot: Enabling RNG early entropy source...
[2026-05-23 14:41:42.893] I (27) boot: Partition Table:
[2026-05-23 14:41:42.897] I (27) boot: ## Label            Usage          Type ST Offset   Length
[2026-05-23 14:41:42.898] I (28) boot:  0 nvs              WiFi data        01 02 00009000 00006000
[2026-05-23 14:41:42.902] I (29) boot:  1 phy_init         RF data          01 01 0000f000 00001000
[2026-05-23 14:41:42.905] I (29) boot:  2 factory          factory app      00 00 00010000 00100000
[2026-05-23 14:41:42.906] I (30) boot: End of partition table
[2026-05-23 14:41:42.908] I (31) esp_image: segment 0: paddr=00010020 vaddr=3c0a0020 size=1977ch (104316) map
[2026-05-23 14:41:42.913] I (48) esp_image: segment 1: paddr=000297a4 vaddr=3fc95200 size=02da0h ( 11680) load
[2026-05-23 14:41:42.919] I (51) esp_image: segment 2: paddr=0002c54c vaddr=40380000 size=03acch ( 15052) load
[2026-05-23 14:41:42.922] I (54) esp_image: segment 3: paddr=00030020 vaddr=42000020 size=9942ch (627756) map
[2026-05-23 14:41:42.933] I (154) esp_image: segment 4: paddr=000c9454 vaddr=40383acc size=11614h ( 71188) load
[2026-05-23 14:41:42.958] I (168) esp_image: segment 5: paddr=000daa70 vaddr=50000200 size=0001ch (    28) load
[2026-05-23 14:41:42.963] I (175) boot: Loaded app from partition at offset 0x10000
[2026-05-23 14:41:42.964] I (175) boot: Disabling RNG early entropy source...
[2026-05-23 14:41:42.964] I (176) cpu_start: Unicore app
[2026-05-23 14:41:42.965] I (185) cpu_start: Pro cpu start user code
[2026-05-23 14:41:42.966] I (185) cpu_start: cpu freq: 160000000 Hz
[2026-05-23 14:41:42.967] I (185) app_init: Application information:
[2026-05-23 14:41:42.968] I (185) app_init: Project name:     sensor_acquirer
[2026-05-23 14:41:42.969] I (185) app_init: App version:      v1.0-171-gbbe0783
[2026-05-23 14:41:42.970] I (186) app_init: Compile time:     May 23 2026 14:30:31
[2026-05-23 14:41:42.971] I (186) app_init: ELF file SHA256:  493679023...
[2026-05-23 14:41:42.971] I (187) app_init: ESP-IDF:          v5.4.1
[2026-05-23 14:41:42.972] I (187) efuse_init: Min chip rev:     v0.3
[2026-05-23 14:41:42.973] I (188) efuse_init: Max chip rev:     v1.99
[2026-05-23 14:41:42.974] I (188) efuse_init: Chip rev:         v0.4
[2026-05-23 14:41:42.975] I (189) heap_init: Initializing. RAM available for dynamic allocation:
[2026-05-23 14:41:42.976] I (190) heap_init: At 3FC9C340 len 00023CC0 (143 KiB): RAM
[2026-05-23 14:41:42.977] I (190) heap_init: At 3FCC0000 len 0001C710 (113 KiB): Retention RAM
[2026-05-23 14:41:42.977] I (191) heap_init: At 3FCDC710 len 00002950 (10 KiB): Retention RAM
[2026-05-23 14:41:42.977] I (192) heap_init: At 5000021C len 00001DCC (7 KiB): RTCRAM
[2026-05-23 14:41:42.978] I (193) spi_flash: detected chip: generic
[2026-05-23 14:41:42.978] I (194) spi_flash: flash io: dio
[2026-05-23 14:41:42.978] W (194) spi_flash: Detected size(4096k) larger than the size in the binary image header(2048k). Using the size in the binary image header.
[2026-05-23 14:41:42.979] I (195) sleep_gpio: Configure to isolate all GPIO pins in sleep state
[2026-05-23 14:41:42.979] I (196) sleep_gpio: Enable automatic switching of GPIO sleep configuration
[2026-05-23 14:41:42.979] I (197) main_task: Started on CPU0
[2026-05-23 14:41:42.979] I (197) main_task: Calling app_main()
[2026-05-23 14:41:42.979] WCAN_CFG_WAIT v=1
# UART boot config sent: wcan v=1 role=sensor transport=BROADCAST test_duration_ms=30000 host_wait_time_ms=5000 base=0xd0 count=1 hz=10 linger=100
[2026-05-23 14:41:42.980] WCAN_CFG_WAIT v=1
[2026-05-23 14:41:45.414] WCAN_CFG_ACK
[2026-05-23 14:41:45.414] WCAN_CFG_ACK
[2026-05-23 14:41:45.419] I (2842) pp: pp rom version: 9387209
[2026-05-23 14:41:45.421] I (2843) net80211: net80211 rom version: 9387209
[2026-05-23 14:41:45.422] I (2844) wifi:wifi driver task: 3fca77a4, prio:23, stack:6656, core=0
[2026-05-23 14:41:45.425] I (2848) wifi:wifi firmware version: 79fa3f41ba
[2026-05-23 14:41:45.426] I (2848) wifi:wifi certification version: v7.0
[2026-05-23 14:41:45.427] I (2848) wifi:config NVS flash: enabled
[2026-05-23 14:41:45.428] I (2848) wifi:config nano formatting: disabled
[2026-05-23 14:41:45.429] I (2849) wifi:Init data frame dynamic rx buffer num: 32
[2026-05-23 14:41:45.429] I (2849) wifi:Init static rx mgmt buffer num: 5
[2026-05-23 14:41:45.430] I (2850) wifi:Init management short buffer num: 32
[2026-05-23 14:41:45.431] I (2850) wifi:Init dynamic tx buffer num: 32
[2026-05-23 14:41:45.432] I (2851) wifi:Init static tx FG buffer num: 2
[2026-05-23 14:41:45.433] I (2851) wifi:Init static rx buffer size: 1600
[2026-05-23 14:41:45.433] I (2852) wifi:Init static rx buffer num: 10
[2026-05-23 14:41:45.434] I (2852) wifi:Init dynamic rx buffer num: 32
[2026-05-23 14:41:45.434] I (2854) wifi_init: rx ba win: 6
[2026-05-23 14:41:45.436] I (2854) wifi_init: accept mbox: 6
[2026-05-23 14:41:45.439] I (2854) wifi_init: tcpip mbox: 32
[2026-05-23 14:41:45.442] I (2854) wifi_init: udp mbox: 6
[2026-05-23 14:41:45.444] I (2854) wifi_init: tcp mbox: 6
[2026-05-23 14:41:45.446] I (2855) wifi_init: tcp tx win: 5760
[2026-05-23 14:41:45.447] I (2855) wifi_init: tcp rx win: 5760
[2026-05-23 14:41:45.448] I (2856) wifi_init: tcp mss: 1440
[2026-05-23 14:41:45.449] I (2856) wifi_init: WiFi IRAM OP enabled
[2026-05-23 14:41:45.449] I (2856) wifi_init: WiFi RX IRAM OP enabled
[2026-05-23 14:41:45.451] I (2857) phy_init: phy_version 1200,2b7123f9,Feb 18 2025,15:22:21
[2026-05-23 14:41:45.473] I (2895) wifi:mode : sta (54:32:04:8c:0b:8c)
[2026-05-23 14:41:45.473] I (2896) wifi:enable tsf
[2026-05-23 14:41:45.476] I (2898) ESPNOW: espnow [version: 2.0] init
[2026-05-23 14:41:45.477] WCAN_TEST_READY role=sensor
# Waiting for phased test start
# UART test start sent: WCAN_TEST_START at 2026-05-23T14:41:45.489039
[2026-05-23 14:42:16.073] P(FAIL):33299:d0:148:296:297:2
[2026-05-23 14:42:16.807] WCAN_BATCH id=0xd0 count=150 avg_hz=5.00 avg_points=1.99 min_points=1 max_points=2 avg_interval_ms=200.00 min_interval_ms=199.97 max_interval_ms=200.02 avg_dispatch_ms=1.28 max_dispatch_ms=8.17 dispatched_count=151 avg_queue_wait_ms=1.94 max_queue_wait_ms=168.72
[2026-05-23 14:42:16.809] WCAN_SENSOR_END generated=298 avg_hz=9.97
[2026-05-23 14:42:16.824] WCAN_MEASURES elapsed_ms=29999 heap_start_free=126648 heap_end_free=141280 heap_start_min_free=126624 heap_end_min_free=126380 heap_start_largest=98304 heap_end_largest=98304 airtime_us_total=192272 packets_sent_total=151 sensor_send_failures_total=0
[2026-05-23 14:42:16.826] WCAN_TEST_END role=sensor

# Monitor stopped: 2026-05-23T14:42:16.826765
