# Monitor started: 2026-05-23T14:37:26.336823
# Port: /dev/ttyACM0, Baud: 921600, Timeout: 35.000s after WCAN_TEST_START

# UART boot config: wcan v=1 role=sensor transport=BROADCAST test_duration_ms=30000 host_wait_time_ms=5000 base=0xd0 count=1 hz=10 linger=100
[2026-05-23 14:37:26.337] ESP-ROM:esp32c3-api1-20210207
[2026-05-23 14:37:26.338] Build:Feb  7 2021
[2026-05-23 14:37:26.355] rst:0x15 (USB_UART_CHIP_RESET),boot:0xd (SPI_FAST_FLASH_BOOT)
[2026-05-23 14:37:26.362] Saved PC:0x40384eba
[2026-05-23 14:37:26.366] SPIWP:0xee
[2026-05-23 14:37:26.376] mode:DIO, clock div:1
[2026-05-23 14:37:26.382] load:0x3fcd5820,len:0x1574
[2026-05-23 14:37:26.384] load:0x403cc710,len:0xc30
[2026-05-23 14:37:26.389] load:0x403ce710,len:0x2fa0
[2026-05-23 14:37:26.392] entry 0x403cc71a
[2026-05-23 14:37:26.396] I (24) boot: ESP-IDF v5.4.1 2nd stage bootloader
[2026-05-23 14:37:26.411] I (24) boot: compile time May 20 2026 00:05:32
[2026-05-23 14:37:26.413] I (24) boot: chip revision: v0.4
[2026-05-23 14:37:26.414] I (25) boot: efuse block revision: v1.3
[2026-05-23 14:37:26.417] I (25) boot.esp32c3: SPI Speed      : 80MHz
[2026-05-23 14:37:26.423] I (25) boot.esp32c3: SPI Mode       : DIO
[2026-05-23 14:37:26.429] I (26) boot.esp32c3: SPI Flash Size : 2MB
[2026-05-23 14:37:26.431] I (26) boot: Enabling RNG early entropy source...
[2026-05-23 14:37:26.434] I (27) boot: Partition Table:
[2026-05-23 14:37:26.438] I (27) boot: ## Label            Usage          Type ST Offset   Length
[2026-05-23 14:37:26.442] I (28) boot:  0 nvs              WiFi data        01 02 00009000 00006000
[2026-05-23 14:37:26.448] I (29) boot:  1 phy_init         RF data          01 01 0000f000 00001000
[2026-05-23 14:37:26.454] I (29) boot:  2 factory          factory app      00 00 00010000 00100000
[2026-05-23 14:37:26.456] I (30) boot: End of partition table
[2026-05-23 14:37:26.460] I (31) esp_image: segment 0: paddr=00010020 vaddr=3c0a0020 size=1977ch (104316) map
[2026-05-23 14:37:26.465] I (48) esp_image: segment 1: paddr=000297a4 vaddr=3fc95200 size=02da0h ( 11680) load
[2026-05-23 14:37:26.468] I (51) esp_image: segment 2: paddr=0002c54c vaddr=40380000 size=03acch ( 15052) load
[2026-05-23 14:37:26.470] I (54) esp_image: segment 3: paddr=00030020 vaddr=42000020 size=9942ch (627756) map
[2026-05-23 14:37:26.476] I (154) esp_image: segment 4: paddr=000c9454 vaddr=40383acc size=11614h ( 71188) load
[2026-05-23 14:37:26.479] I (168) esp_image: segment 5: paddr=000daa70 vaddr=50000200 size=0001ch (    28) load
[2026-05-23 14:37:26.480] I (175) boot: Loaded app from partition at offset 0x10000
[2026-05-23 14:37:26.481] I (175) boot: Disabling RNG early entropy source...
[2026-05-23 14:37:26.483] I (176) cpu_start: Unicore app
[2026-05-23 14:37:26.485] I (185) cpu_start: Pro cpu start user code
[2026-05-23 14:37:26.486] I (185) cpu_start: cpu freq: 160000000 Hz
[2026-05-23 14:37:26.488] I (185) app_init: Application information:
[2026-05-23 14:37:26.491] I (185) app_init: Project name:     sensor_acquirer
[2026-05-23 14:37:26.492] I (185) app_init: App version:      v1.0-171-gbbe0783
[2026-05-23 14:37:26.497] I (186) app_init: Compile time:     May 23 2026 14:30:31
[2026-05-23 14:37:26.499] I (186) app_init: ELF file SHA256:  493679023...
[2026-05-23 14:37:26.500] I (187) app_init: ESP-IDF:          v5.4.1
[2026-05-23 14:37:26.504] I (187) efuse_init: Min chip rev:     v0.3
[2026-05-23 14:37:26.510] I (188) efuse_init: Max chip rev:     v1.99
[2026-05-23 14:37:26.513] I (188) efuse_init: Chip rev:         v0.4
[2026-05-23 14:37:26.515] I (189) heap_init: Initializing. RAM available for dynamic allocation:
[2026-05-23 14:37:26.516] I (190) heap_init: At 3FC9C340 len 00023CC0 (143 KiB): RAM
[2026-05-23 14:37:26.518] I (190) heap_init: At 3FCC0000 len 0001C710 (113 KiB): Retention RAM
[2026-05-23 14:37:26.521] I (191) heap_init: At 3FCDC710 len 00002950 (10 KiB): Retention RAM
[2026-05-23 14:37:26.523] I (192) heap_init: At 5000021C len 00001DCC (7 KiB): RTCRAM
[2026-05-23 14:37:26.523] I (193) spi_flash: detected chip: generic
[2026-05-23 14:37:26.524] I (193) spi_flash: flash io: dio
[2026-05-23 14:37:26.526] W (194) spi_flash: Detected size(4096k) larger than the size in the binary image header(2048k). Using the size in the binary image header.
[2026-05-23 14:37:26.527] I (195) sleep_gpio: Configure to isolate all GPIO pins in sleep state
[2026-05-23 14:37:26.530] I (196) sleep_gpio: Enable automatic switching of GPIO sleep configuration
[2026-05-23 14:37:26.533] I (197) main_task: Started on CPU0
[2026-05-23 14:37:26.533] I (197) main_task: Calling app_main()
[2026-05-23 14:37:26.535] WCAN_CFG_WAIT v=1
# UART boot config sent: wcan v=1 role=sensor transport=BROADCAST test_duration_ms=30000 host_wait_time_ms=5000 base=0xd0 count=1 hz=10 linger=100
[2026-05-23 14:37:26.536] WCAN_CFG_WAIT v=1
[2026-05-23 14:37:28.975] WCAN_CFG_ACK
[2026-05-23 14:37:28.975] WCAN_CFG_ACK
[2026-05-23 14:37:28.980] I (2842) pp: pp rom version: 9387209
[2026-05-23 14:37:28.982] I (2843) net80211: net80211 rom version: 9387209
[2026-05-23 14:37:28.983] I (2844) wifi:wifi driver task: 3fca77a4, prio:23, stack:6656, core=0
[2026-05-23 14:37:28.986] I (2848) wifi:wifi firmware version: 79fa3f41ba
[2026-05-23 14:37:28.987] I (2848) wifi:wifi certification version: v7.0
[2026-05-23 14:37:28.988] I (2848) wifi:config NVS flash: enabled
[2026-05-23 14:37:28.989] I (2848) wifi:config nano formatting: disabled
[2026-05-23 14:37:28.990] I (2849) wifi:Init data frame dynamic rx buffer num: 32
[2026-05-23 14:37:28.992] I (2849) wifi:Init static rx mgmt buffer num: 5
[2026-05-23 14:37:28.993] I (2850) wifi:Init management short buffer num: 32
[2026-05-23 14:37:28.994] I (2850) wifi:Init dynamic tx buffer num: 32
[2026-05-23 14:37:28.995] I (2851) wifi:Init static tx FG buffer num: 2
[2026-05-23 14:37:28.996] I (2851) wifi:Init static rx buffer size: 1600
[2026-05-23 14:37:28.997] I (2852) wifi:Init static rx buffer num: 10
[2026-05-23 14:37:28.998] I (2852) wifi:Init dynamic rx buffer num: 32
[2026-05-23 14:37:28.998] I (2853) wifi_init: rx ba win: 6
[2026-05-23 14:37:28.999] I (2854) wifi_init: accept mbox: 6
[2026-05-23 14:37:29.000] I (2854) wifi_init: tcpip mbox: 32
[2026-05-23 14:37:29.001] I (2854) wifi_init: udp mbox: 6
[2026-05-23 14:37:29.001] I (2854) wifi_init: tcp mbox: 6
[2026-05-23 14:37:29.002] I (2855) wifi_init: tcp tx win: 5760
[2026-05-23 14:37:29.003] I (2855) wifi_init: tcp rx win: 5760
[2026-05-23 14:37:29.004] I (2856) wifi_init: tcp mss: 1440
[2026-05-23 14:37:29.005] I (2856) wifi_init: WiFi IRAM OP enabled
[2026-05-23 14:37:29.006] I (2856) wifi_init: WiFi RX IRAM OP enabled
[2026-05-23 14:37:29.008] I (2857) phy_init: phy_version 1200,2b7123f9,Feb 18 2025,15:22:21
[2026-05-23 14:37:29.030] I (2892) wifi:mode : sta (54:32:04:8c:0b:8c)
[2026-05-23 14:37:29.031] I (2892) wifi:enable tsf
[2026-05-23 14:37:29.034] I (2895) ESPNOW: espnow [version: 2.0] init
[2026-05-23 14:37:29.034] WCAN_TEST_READY role=sensor
# Waiting for phased test start
# UART test start sent: WCAN_TEST_START at 2026-05-23T14:37:29.046288
[2026-05-23 14:37:59.630] P(FAIL):33296:d0:148:296:297:2
[2026-05-23 14:38:00.356] WCAN_BATCH id=0xd0 count=150 avg_hz=5.00 avg_points=1.99 min_points=1 max_points=2 avg_interval_ms=200.00 min_interval_ms=199.97 max_interval_ms=200.03 avg_dispatch_ms=1.66 max_dispatch_ms=6.43 dispatched_count=151 avg_queue_wait_ms=1.93 max_queue_wait_ms=167.72
[2026-05-23 14:38:00.357] WCAN_SENSOR_END generated=298 avg_hz=9.97
[2026-05-23 14:38:00.360] WCAN_MEASURES elapsed_ms=29999 heap_start_free=126648 heap_end_free=141280 heap_start_min_free=126624 heap_end_min_free=126380 heap_start_largest=98304 heap_end_largest=98304 airtime_us_total=249440 packets_sent_total=151 sensor_send_failures_total=0
[2026-05-23 14:38:00.360] WCAN_TEST_END role=sensor

# Monitor stopped: 2026-05-23T14:38:00.360490
