# Monitor started: 2026-04-22T17:38:10.097583
# Port: COM27, Baud: 115200, Duration: 30s

[2026-04-22 17:38:10.101] size=1861ets Jul 29 2019 12:21:46
[2026-04-22 17:38:10.102] 
[2026-04-22 17:38:10.106] rst:0x1 (POWERON_RESET),boot:0x13 (SPI_FAST_FLASH_BOOT)
[2026-04-22 17:38:10.110] configsip: 0, SPIWP:0xee
[2026-04-22 17:38:10.116] clk_drv:0x00,q_drv:0x00,d_drv:0x00,cs0_drv:0x00,hd_drv:0x00,wp_drv:0x00
[2026-04-22 17:38:10.118] mode:DIO, clock div:2
[2026-04-22 17:38:10.120] load:0x3fff0030,len:6276
[2026-04-22 17:38:10.123] load:0x40078000,len:15748
[2026-04-22 17:38:10.125] load:0x40080400,len:4
[2026-04-22 17:38:10.127] ho 8 tail 4 room 4
[2026-04-22 17:38:10.130] load:0x40080404,len:3860
[2026-04-22 17:38:10.132] entry 0x4008063c
[2026-04-22 17:38:10.137] I (31) boot: ESP-IDF v5.4.1 2nd stage bootloader
[2026-04-22 17:38:10.141] I (31) boot: compile time Apr 22 2026 16:37:35
[2026-04-22 17:38:10.144] I (31) boot: Multicore bootloader
[2026-04-22 17:38:10.148] I (32) boot: chip revision: v3.1
[2026-04-22 17:38:10.152] I (35) boot.esp32: SPI Speed      : 40MHz
[2026-04-22 17:38:10.156] I (39) boot.esp32: SPI Mode       : DIO
[2026-04-22 17:38:10.160] I (43) boot.esp32: SPI Flash Size : 2MB
[2026-04-22 17:38:10.166] I (46) boot: Enabling RNG early entropy source...
[2026-04-22 17:38:10.169] I (51) boot: Partition Table:
[2026-04-22 17:38:10.176] I (53) boot: ## Label            Usage          Type ST Offset   Length
[2026-04-22 17:38:10.183] I (60) boot:  0 nvs              WiFi data        01 02 00009000 00006000
[2026-04-22 17:38:10.188] I (66) boot:  1 phy_init         RF data          01 01 0000f000 00001000
[2026-04-22 17:38:10.194] I (73) boot:  2 factory          factory app      00 00 00010000 00100000
[2026-04-22 17:38:10.196] I (79) boot: End of partition table
[2026-04-22 17:38:10.202] I (82) esp_image: segment 0: paddr=00010020 vaddr=3f400020 size=18614h ( 99860) map
[2026-04-22 17:38:10.208] I (124) esp_image: segment 1: paddr=0002863c vaddr=3ff80000 size=0001ch (    28) load
[2026-04-22 17:38:10.213] I (124) esp_image: segment 2: paddr=00028660 vaddr=3ffb0000 size=03ea8h ( 16040) load
[2026-04-22 17:38:10.216] I (134) esp_image: segment 3: paddr=0002c510 vaddr=40080000 size=03b08h ( 15112) load
[2026-04-22 17:38:10.219] I (141) esp_image: segment 4: paddr=00030020 vaddr=400d0020 size=7fee8h (524008) map
[2026-04-22 17:38:10.221] I (322) esp_image: segment 5: paddr=000aff10 vaddr=40083b08 size=14220h ( 82464) load
[2026-04-22 17:38:10.223] I (366) boot: Loaded app from partition at offset 0x10000
[2026-04-22 17:38:10.224] I (366) boot: Disabling RNG early entropy source...
[2026-04-22 17:38:10.225] I (376) cpu_start: Multicore app
[2026-04-22 17:38:10.226] I (384) cpu_start: Pro cpu start user code
[2026-04-22 17:38:10.228] I (385) cpu_start: cpu freq: 160000000 Hz
[2026-04-22 17:38:10.229] I (385) app_init: Application information:
[2026-04-22 17:38:10.231] I (385) app_init: Project name:     sensor_acquirer
[2026-04-22 17:38:10.232] I (389) app_init: App version:      e468f2b-dirty
[2026-04-22 17:38:10.234] I (394) app_init: Compile time:     Apr 22 2026 16:36:49
[2026-04-22 17:38:10.235] I (399) app_init: ELF file SHA256:  bbb0bee62...
[2026-04-22 17:38:10.236] I (403) app_init: ESP-IDF:          v5.4.1
[2026-04-22 17:38:10.237] I (407) efuse_init: Min chip rev:     v0.0
[2026-04-22 17:38:10.237] I (411) efuse_init: Max chip rev:     v3.99
[2026-04-22 17:38:10.238] I (415) efuse_init: Chip rev:         v3.1
[2026-04-22 17:38:10.239] I (419) heap_init: Initializing. RAM available for dynamic allocation:
[2026-04-22 17:38:10.240] I (425) heap_init: At 3FFAE6E0 len 00001920 (6 KiB): DRAM
[2026-04-22 17:38:10.241] I (430) heap_init: At 3FFB82B8 len 00027D48 (159 KiB): DRAM
[2026-04-22 17:38:10.243] I (435) heap_init: At 3FFE0440 len 00003AE0 (14 KiB): D/IRAM
[2026-04-22 17:38:10.244] I (441) heap_init: At 3FFE4350 len 0001BCB0 (111 KiB): D/IRAM
[2026-04-22 17:38:10.246] I (446) heap_init: At 40097D28 len 000082D8 (32 KiB): IRAM
[2026-04-22 17:38:10.247] I (453) spi_flash: detected chip: generic
[2026-04-22 17:38:10.248] I (455) spi_flash: flash io: dio
[2026-04-22 17:38:10.253] W (458) spi_flash: Detected size(4096k) larger than the size in the binary image header(2048k). Using the size in the binary image header.
[2026-04-22 17:38:10.254] I (471) main_task: Started on CPU0
[2026-04-22 17:38:10.256] I (481) main_task: Calling app_main()
[2026-04-22 17:38:10.257] I (491) MAIN: MAC: 28:05:a5:31:d6:d0
[2026-04-22 17:38:10.260] I (501) wifi:wifi driver task: 3ffc0700, prio:23, stack:6656, core=0
[2026-04-22 17:38:10.262] I (501) wifi:wifi firmware version: 79fa3f41ba
[2026-04-22 17:38:10.263] I (501) wifi:wifi certification version: v7.0
[2026-04-22 17:38:10.265] I (501) wifi:config NVS flash: enabled
[2026-04-22 17:38:10.266] I (501) wifi:config nano formatting: disabled
[2026-04-22 17:38:10.270] I (511) wifi:Init data frame dynamic rx buffer num: 32
[2026-04-22 17:38:10.271] I (511) wifi:Init static rx mgmt buffer num: 5
[2026-04-22 17:38:10.272] I (521) wifi:Init management short buffer num: 32
[2026-04-22 17:38:10.274] I (521) wifi:Init dynamic tx buffer num: 32
[2026-04-22 17:38:10.276] I (521) wifi:Init static rx buffer size: 1600
[2026-04-22 17:38:10.279] I (531) wifi:Init static rx buffer num: 10
[2026-04-22 17:38:10.281] I (531) wifi:Init dynamic rx buffer num: 32
[2026-04-22 17:38:10.281] I (541) wifi_init: rx ba win: 6
[2026-04-22 17:38:10.283] I (541) wifi_init: accept mbox: 6
[2026-04-22 17:38:10.285] I (541) wifi_init: tcpip mbox: 32
[2026-04-22 17:38:10.287] I (541) wifi_init: udp mbox: 6
[2026-04-22 17:38:10.287] I (551) wifi_init: tcp mbox: 6
[2026-04-22 17:38:10.289] I (551) wifi_init: tcp tx win: 5760
[2026-04-22 17:38:10.291] I (551) wifi_init: tcp rx win: 5760
[2026-04-22 17:38:10.292] I (561) wifi_init: tcp mss: 1440
[2026-04-22 17:38:10.293] I (561) wifi_init: WiFi IRAM OP enabled
[2026-04-22 17:38:10.294] I (561) wifi_init: WiFi RX IRAM OP enabled
[2026-04-22 17:38:10.298] I (571) phy_init: phy_version 4860,6b7a6e5,Feb  6 2025,14:47:07
[2026-04-22 17:38:10.299] I (661) wifi:mode : softAP (28:05:a5:31:d6:d1)
[2026-04-22 17:38:10.300] I (661) wifi:Total power save buffer number: 16
[2026-04-22 17:38:10.301] I (661) wifi:Init max length of beacon: 752/752
[2026-04-22 17:38:10.303] I (661) wifi:Init max length of beacon: 752/752
[2026-04-22 17:38:10.304] I (671) MAIN: WiFi initialized
[2026-04-22 17:38:10.305] I (671) MAIN: RECEIVER mode — accepting all CAN IDs
[2026-04-22 17:38:10.307] I (671) ESPNOW: espnow [version: 2.0] init
[2026-04-22 17:38:10.308] I (681) SEND: Send processing task started
[2026-04-22 17:38:10.309] I (681) RECV: Receive processing task started
[2026-04-22 17:38:10.310] I (681) WCAN: WCAN initialized
[2026-04-22 17:38:10.311] I (691) main_task: Returned from app_main()
[2026-04-22 17:38:10.313] I (701) USER-RECV: Received [5d10] len=4 counter=0
[2026-04-22 17:38:11.291] I (1701) USER-RECV: Received [5d10] len=4 counter=1
[2026-04-22 17:38:12.290] I (2701) USER-RECV: Received [5d10] len=4 counter=2
[2026-04-22 17:38:13.291] I (3701) USER-RECV: Received [5d10] len=4 counter=3
[2026-04-22 17:38:14.291] I (4701) USER-RECV: Received [5d10] len=4 counter=4
[2026-04-22 17:38:15.291] I (5701) USER-RECV: Received [5d10] len=4 counter=5
[2026-04-22 17:38:16.291] I (6701) USER-RECV: Received [5d10] len=4 counter=6
[2026-04-22 17:38:17.291] I (7701) USER-RECV: Received [5d10] len=4 counter=7
[2026-04-22 17:38:18.290] I (8701) USER-RECV: Received [5d10] len=4 counter=8
[2026-04-22 17:38:19.291] I (9701) USER-RECV: Received [5d10] len=4 counter=9
[2026-04-22 17:38:20.291] I (10701) USER-RECV: Received [5d10] len=4 counter=10
[2026-04-22 17:38:21.292] I (11701) USER-RECV: Received [5d10] len=4 counter=11
[2026-04-22 17:38:22.292] I (12701) USER-RECV: Received [5d10] len=4 counter=12
[2026-04-22 17:38:23.291] I (13701) USER-RECV: Received [5d10] len=4 counter=13
[2026-04-22 17:38:24.295] I (14701) USER-RECV: Received [5d10] len=4 counter=14
[2026-04-22 17:38:25.292] I (15701) USER-RECV: Received [5d10] len=4 counter=15
[2026-04-22 17:38:26.292] I (16701) USER-RECV: Received [5d10] len=4 counter=16
[2026-04-22 17:38:27.292] I (17701) USER-RECV: Received [5d10] len=4 counter=17
[2026-04-22 17:38:28.292] I (18701) USER-RECV: Received [5d10] len=4 counter=18
[2026-04-22 17:38:29.292] I (19701) USER-RECV: Received [5d10] len=4 counter=19
[2026-04-22 17:38:30.293] I (20701) USER-RECV: Received [5d10] len=4 counter=20
[2026-04-22 17:38:31.293] I (21701) USER-RECV: Received [5d10] len=4 counter=21
[2026-04-22 17:38:32.292] I (22701) USER-RECV: Received [5d10] len=4 counter=22
[2026-04-22 17:38:33.292] I (23701) USER-RECV: Received [5d10] len=4 counter=23
[2026-04-22 17:38:34.292] I (24701) USER-RECV: Received [5d10] len=4 counter=24
[2026-04-22 17:38:35.293] I (25701) USER-RECV: Received [5d10] len=4 counter=25
[2026-04-22 17:38:36.292] I (26701) USER-RECV: Received [5d10] len=4 counter=26
[2026-04-22 17:38:37.292] I (27701) USER-RECV: Received [5d10] len=4 counter=27
[2026-04-22 17:38:38.293] I (28701) USER-RECV: Received [5d10] len=4 counter=28
[2026-04-22 17:38:39.293] I (29701) USER-RECV: Received [5d10] len=4 counter=29
[2026-04-22 17:38:40.293] I (30701) USER-RECV: Received [5d10] len=4 counter=30

# Monitor stopped: 2026-04-22T17:38:40.293358
