# Monitor started: 2026-05-23T15:14:21.977083
# Port: /dev/ttyACM1, Baud: 921600, Timeout: 35.000s after WCAN_TEST_START

# UART boot config: wcan v=1 role=sensor transport=BROADCAST test_duration_ms=30000 host_wait_time_ms=5000 base=0xe0 count=1 hz=750 linger=100
[2026-05-23 15:14:21.987] ESP-ROM:esp32c3-api1-20210207
[2026-05-23 15:14:21.992] Build:Feb  7 2021
[2026-05-23 15:14:22.025] rst:0x15 (USB_UART_CHIP_RESET),boot:0xd (SPI_FAST_FLASH_BOOT)
[2026-05-23 15:14:22.027] Saved PC:0x40384eba
[2026-05-23 15:14:22.031] SPIWP:0xee
[2026-05-23 15:14:22.036] mode:DIO, clock div:1
[2026-05-23 15:14:22.051] load:0x3fcd5820,len:0x1574
[2026-05-23 15:14:22.055] load:0x403cc710,len:0xc30
[2026-05-23 15:14:22.062] load:0x403ce710,len:0x2fa0
[2026-05-23 15:14:22.063] entry 0x403cc71a
[2026-05-23 15:14:22.065] I (24) boot: ESP-IDF v5.4.1 2nd stage bootloader
[2026-05-23 15:14:22.067] I (24) boot: compile time May 20 2026 00:05:32
[2026-05-23 15:14:22.068] I (25) boot: chip revision: v0.4
[2026-05-23 15:14:22.074] I (25) boot: efuse block revision: v1.3
[2026-05-23 15:14:22.080] I (25) boot.esp32c3: SPI Speed      : 80MHz
[2026-05-23 15:14:22.083] I (25) boot.esp32c3: SPI Mode       : DIO
[2026-05-23 15:14:22.086] I (26) boot.esp32c3: SPI Flash Size : 2MB
[2026-05-23 15:14:22.087] I (26) boot: Enabling RNG early entropy source...
[2026-05-23 15:14:22.090] I (27) boot: Partition Table:
[2026-05-23 15:14:22.092] I (27) boot: ## Label            Usage          Type ST Offset   Length
[2026-05-23 15:14:22.097] I (28) boot:  0 nvs              WiFi data        01 02 00009000 00006000
[2026-05-23 15:14:22.100] I (29) boot:  1 phy_init         RF data          01 01 0000f000 00001000
[2026-05-23 15:14:22.107] I (29) boot:  2 factory          factory app      00 00 00010000 00100000
[2026-05-23 15:14:22.112] I (30) boot: End of partition table
[2026-05-23 15:14:22.122] I (31) esp_image: segment 0: paddr=00010020 vaddr=3c0a0020 size=1977ch (104316) map
[2026-05-23 15:14:22.130] I (48) esp_image: segment 1: paddr=000297a4 vaddr=3fc95200 size=02da0h ( 11680) load
[2026-05-23 15:14:22.135] I (51) esp_image: segment 2: paddr=0002c54c vaddr=40380000 size=03acch ( 15052) load
[2026-05-23 15:14:22.139] I (54) esp_image: segment 3: paddr=00030020 vaddr=42000020 size=9942ch (627756) map
[2026-05-23 15:14:22.145] I (154) esp_image: segment 4: paddr=000c9454 vaddr=40383acc size=11614h ( 71188) load
[2026-05-23 15:14:22.146] I (168) esp_image: segment 5: paddr=000daa70 vaddr=50000200 size=0001ch (    28) load
[2026-05-23 15:14:22.147] I (175) boot: Loaded app from partition at offset 0x10000
[2026-05-23 15:14:22.148] I (175) boot: Disabling RNG early entropy source...
[2026-05-23 15:14:22.148] I (176) cpu_start: Unicore app
[2026-05-23 15:14:22.149] I (185) cpu_start: Pro cpu start user code
[2026-05-23 15:14:22.150] I (185) cpu_start: cpu freq: 160000000 Hz
[2026-05-23 15:14:22.150] I (185) app_init: Application information:
[2026-05-23 15:14:22.151] I (185) app_init: Project name:     sensor_acquirer
[2026-05-23 15:14:22.152] I (185) app_init: App version:      v1.0-171-gbbe0783
[2026-05-23 15:14:22.153] I (186) app_init: Compile time:     May 23 2026 14:30:31
[2026-05-23 15:14:22.154] I (187) app_init: ELF file SHA256:  493679023...
[2026-05-23 15:14:22.155] I (187) app_init: ESP-IDF:          v5.4.1
[2026-05-23 15:14:22.155] I (188) efuse_init: Min chip rev:     v0.3
[2026-05-23 15:14:22.156] I (188) efuse_init: Max chip rev:     v1.99
[2026-05-23 15:14:22.157] I (189) efuse_init: Chip rev:         v0.4
[2026-05-23 15:14:22.158] I (189) heap_init: Initializing. RAM available for dynamic allocation:
[2026-05-23 15:14:22.159] I (190) heap_init: At 3FC9C340 len 00023CC0 (143 KiB): RAM
[2026-05-23 15:14:22.160] I (191) heap_init: At 3FCC0000 len 0001C710 (113 KiB): Retention RAM
[2026-05-23 15:14:22.160] I (191) heap_init: At 3FCDC710 len 00002950 (10 KiB): Retention RAM
[2026-05-23 15:14:22.160] I (192) heap_init: At 5000021C len 00001DCC (7 KiB): RTCRAM
[2026-05-23 15:14:22.161] I (194) spi_flash: detected chip: generic
[2026-05-23 15:14:22.161] I (194) spi_flash: flash io: dio
[2026-05-23 15:14:22.162] W (194) spi_flash: Detected size(4096k) larger than the size in the binary image header(2048k). Using the size in the binary image header.
[2026-05-23 15:14:22.162] I (196) sleep_gpio: Configure to isolate all GPIO pins in sleep state
[2026-05-23 15:14:22.162] I (196) sleep_gpio: Enable automatic switching of GPIO sleep configuration
[2026-05-23 15:14:22.163] I (197) main_task: Started on CPU0
[2026-05-23 15:14:22.163] I (197) main_task: Calling app_main()
[2026-05-23 15:14:22.163] WCAN_CFG_WAIT v=1
# UART boot config sent: wcan v=1 role=sensor transport=BROADCAST test_duration_ms=30000 host_wait_time_ms=5000 base=0xe0 count=1 hz=750 linger=100
[2026-05-23 15:14:22.163] WCAN_CFG_WAIT v=1
[2026-05-23 15:14:24.603] WCAN_CFG_ACK
[2026-05-23 15:14:24.604] WCAN_CFG_ACK
[2026-05-23 15:14:24.611] I (2830) pp: pp rom version: 9387209
[2026-05-23 15:14:24.616] I (2831) net80211: net80211 rom version: 9387209
[2026-05-23 15:14:24.621] I (2832) wifi:wifi driver task: 3fca7720, prio:23, stack:6656, core=0
[2026-05-23 15:14:24.626] I (2836) wifi:wifi firmware version: 79fa3f41ba
[2026-05-23 15:14:24.629] I (2836) wifi:wifi certification version: v7.0
[2026-05-23 15:14:24.633] I (2836) wifi:config NVS flash: enabled
[2026-05-23 15:14:24.637] I (2836) wifi:config nano formatting: disabled
[2026-05-23 15:14:24.639] I (2837) wifi:Init data frame dynamic rx buffer num: 32
[2026-05-23 15:14:24.641] I (2837) wifi:Init static rx mgmt buffer num: 5
[2026-05-23 15:14:24.643] I (2838) wifi:Init management short buffer num: 32
[2026-05-23 15:14:24.644] I (2838) wifi:Init dynamic tx buffer num: 32
[2026-05-23 15:14:24.646] I (2839) wifi:Init static tx FG buffer num: 2
[2026-05-23 15:14:24.649] I (2839) wifi:Init static rx buffer size: 1600
[2026-05-23 15:14:24.650] I (2840) wifi:Init static rx buffer num: 10
[2026-05-23 15:14:24.651] I (2840) wifi:Init dynamic rx buffer num: 32
[2026-05-23 15:14:24.652] I (2841) wifi_init: rx ba win: 6
[2026-05-23 15:14:24.653] I (2842) wifi_init: accept mbox: 6
[2026-05-23 15:14:24.654] I (2842) wifi_init: tcpip mbox: 32
[2026-05-23 15:14:24.655] I (2842) wifi_init: udp mbox: 6
[2026-05-23 15:14:24.655] I (2842) wifi_init: tcp mbox: 6
[2026-05-23 15:14:24.655] I (2843) wifi_init: tcp tx win: 5760
[2026-05-23 15:14:24.656] I (2843) wifi_init: tcp rx win: 5760
[2026-05-23 15:14:24.657] I (2844) wifi_init: tcp mss: 1440
[2026-05-23 15:14:24.658] I (2844) wifi_init: WiFi IRAM OP enabled
[2026-05-23 15:14:24.660] I (2844) wifi_init: WiFi RX IRAM OP enabled
[2026-05-23 15:14:24.662] I (2845) phy_init: phy_version 1200,2b7123f9,Feb 18 2025,15:22:21
[2026-05-23 15:14:24.662] I (2880) wifi:mode : sta (74:4d:bd:e1:d5:b8)
[2026-05-23 15:14:24.662] I (2880) wifi:enable tsf
[2026-05-23 15:14:24.662] I (2883) ESPNOW: espnow [version: 2.0] init
[2026-05-23 15:14:24.662] WCAN_TEST_READY role=sensor
# Waiting for phased test start
# UART test start sent: WCAN_TEST_START at 2026-05-23T15:14:24.676441
[2026-05-23 15:14:25.484] P(FAIL):3509:e0:0:0:75:76
[2026-05-23 15:14:25.819] P(FAIL):3844:e0:2:152:227:76
[2026-05-23 15:14:26.176] P(FAIL):4201:e0:3:228:303:76
[2026-05-23 15:14:26.546] P(FAIL):4572:e0:8:608:683:76
[2026-05-23 15:14:26.972] P(FAIL):4997:e0:13:988:1063:76
[2026-05-23 15:14:27.342] P(FAIL):5367:e0:14:1064:1139:76
[2026-05-23 15:14:27.790] P(FAIL):5815:e0:23:1748:1823:76
[2026-05-23 15:14:28.439] P(FAIL):6464:e0:29:2204:2279:76
[2026-05-23 15:14:29.263] P(FAIL):7288:e0:38:2888:2963:76
[2026-05-23 15:14:30.132] P(FAIL):8157:e0:46:3496:3571:76
[2026-05-23 15:14:30.451] P(FAIL):8476:e0:50:3800:3875:76
[2026-05-23 15:14:31.313] P(FAIL):9339:e0:58:4408:4483:76
[2026-05-23 15:14:31.875] P(FAIL):9900:e0:63:4788:4863:76
[2026-05-23 15:14:32.307] P(FAIL):10333:e0:68:5168:5243:76
[2026-05-23 15:14:32.917] P(FAIL):10943:e0:74:5624:5699:76
[2026-05-23 15:14:33.295] P(FAIL):11320:e0:78:5928:6003:76
[2026-05-23 15:14:33.814] P(FAIL):11839:e0:83:6308:6383:76
[2026-05-23 15:14:34.261] P(FAIL):12287:e0:87:6612:6687:76
[2026-05-23 15:14:35.569] P(FAIL):13594:e0:101:7676:7751:76
[2026-05-23 15:14:36.073] P(FAIL):14099:e0:104:7904:7979:76
[2026-05-23 15:14:36.565] P(FAIL):14590:e0:110:8360:8435:76
[2026-05-23 15:14:37.241] P(FAIL):15266:e0:116:8816:8891:76
[2026-05-23 15:14:37.646] P(FAIL):15672:e0:117:8892:8967:76
[2026-05-23 15:14:38.925] P(FAIL):16950:e0:133:10108:10183:76
[2026-05-23 15:14:40.767] P(FAIL):18792:e0:151:11476:11551:76
[2026-05-23 15:14:41.046] P(FAIL):19071:e0:155:11780:11855:76
[2026-05-23 15:14:41.599] P(FAIL):19624:e0:159:12084:12159:76
[2026-05-23 15:14:41.987] P(FAIL):20012:e0:161:12236:12311:76
[2026-05-23 15:14:42.407] P(FAIL):20432:e0:166:12616:12691:76
[2026-05-23 15:14:54.971] P(FAIL):32996:e0:292:22192:22267:76
[2026-05-23 15:14:55.682] P(FAIL):33707:e0:293:22268:22343:76
[2026-05-23 15:14:55.999] WCAN_BATCH id=0xe0 count=297 avg_hz=9.87 avg_points=75.77 min_points=9 max_points=76 avg_interval_ms=101.31 min_interval_ms=101.19 max_interval_ms=101.52 avg_dispatch_ms=3.80 max_dispatch_ms=12.61 dispatched_count=384 avg_queue_wait_ms=119.55 max_queue_wait_ms=786.15
[2026-05-23 15:14:56.002] WCAN_SENSOR_END generated=22504 avg_hz=750.19
[2026-05-23 15:14:56.012] WCAN_MEASURES elapsed_ms=29999 heap_start_free=126780 heap_end_free=141568 heap_start_min_free=126780 heap_end_min_free=125892 heap_start_largest=98304 heap_end_largest=98304 airtime_us_total=1453991 packets_sent_total=384 sensor_send_failures_total=0
[2026-05-23 15:14:56.013] WCAN_TEST_END role=sensor

# Monitor stopped: 2026-05-23T15:14:56.013468
