# Monitor started: 2026-05-23T15:14:21.977329
# Port: /dev/ttyACM0, Baud: 921600, Timeout: 35.000s after WCAN_TEST_START

# UART boot config: wcan v=1 role=sensor transport=BROADCAST test_duration_ms=30000 host_wait_time_ms=5000 base=0xd0 count=1 hz=750 linger=100
[2026-05-23 15:14:21.986] ESP-ROM:esp32c3-api1-20210207
[2026-05-23 15:14:21.995] Build:Feb  7 2021
[2026-05-23 15:14:22.027] rst:0x15 (USB_UART_CHIP_RESET),boot:0xd (SPI_FAST_FLASH_BOOT)
[2026-05-23 15:14:22.028] Saved PC:0x40384eba
[2026-05-23 15:14:22.031] SPIWP:0xee
[2026-05-23 15:14:22.032] mode:DIO, clock div:1
[2026-05-23 15:14:22.033] load:0x3fcd5820,len:0x1574
[2026-05-23 15:14:22.035] load:0x403cc710,len:0xc30
[2026-05-23 15:14:22.037] load:0x403ce710,len:0x2fa0
[2026-05-23 15:14:22.040] entry 0x403cc71a
[2026-05-23 15:14:22.041] I (24) boot: ESP-IDF v5.4.1 2nd stage bootloader
[2026-05-23 15:14:22.046] I (24) boot: compile time May 20 2026 00:05:32
[2026-05-23 15:14:22.049] I (25) boot: chip revision: v0.4
[2026-05-23 15:14:22.051] I (25) boot: efuse block revision: v1.3
[2026-05-23 15:14:22.053] I (25) boot.esp32c3: SPI Speed      : 80MHz
[2026-05-23 15:14:22.055] I (25) boot.esp32c3: SPI Mode       : DIO
[2026-05-23 15:14:22.058] I (26) boot.esp32c3: SPI Flash Size : 2MB
[2026-05-23 15:14:22.061] I (26) boot: Enabling RNG early entropy source...
[2026-05-23 15:14:22.063] I (27) boot: Partition Table:
[2026-05-23 15:14:22.071] I (27) boot: ## Label            Usage          Type ST Offset   Length
[2026-05-23 15:14:22.073] I (28) boot:  0 nvs              WiFi data        01 02 00009000 00006000
[2026-05-23 15:14:22.082] I (29) boot:  1 phy_init         RF data          01 01 0000f000 00001000
[2026-05-23 15:14:22.087] I (29) boot:  2 factory          factory app      00 00 00010000 00100000
[2026-05-23 15:14:22.090] I (30) boot: End of partition table
[2026-05-23 15:14:22.097] I (31) esp_image: segment 0: paddr=00010020 vaddr=3c0a0020 size=1977ch (104316) map
[2026-05-23 15:14:22.104] I (48) esp_image: segment 1: paddr=000297a4 vaddr=3fc95200 size=02da0h ( 11680) load
[2026-05-23 15:14:22.107] I (51) esp_image: segment 2: paddr=0002c54c vaddr=40380000 size=03acch ( 15052) load
[2026-05-23 15:14:22.112] I (54) esp_image: segment 3: paddr=00030020 vaddr=42000020 size=9942ch (627756) map
[2026-05-23 15:14:22.115] I (154) esp_image: segment 4: paddr=000c9454 vaddr=40383acc size=11614h ( 71188) load
[2026-05-23 15:14:22.118] I (168) esp_image: segment 5: paddr=000daa70 vaddr=50000200 size=0001ch (    28) load
[2026-05-23 15:14:22.119] I (175) boot: Loaded app from partition at offset 0x10000
[2026-05-23 15:14:22.120] I (175) boot: Disabling RNG early entropy source...
[2026-05-23 15:14:22.121] I (176) cpu_start: Unicore app
[2026-05-23 15:14:22.122] I (185) cpu_start: Pro cpu start user code
[2026-05-23 15:14:22.123] I (185) cpu_start: cpu freq: 160000000 Hz
[2026-05-23 15:14:22.124] I (185) app_init: Application information:
[2026-05-23 15:14:22.127] I (185) app_init: Project name:     sensor_acquirer
[2026-05-23 15:14:22.130] I (185) app_init: App version:      v1.0-171-gbbe0783
[2026-05-23 15:14:22.132] I (186) app_init: Compile time:     May 23 2026 14:30:31
[2026-05-23 15:14:22.134] I (186) app_init: ELF file SHA256:  493679023...
[2026-05-23 15:14:22.135] I (187) app_init: ESP-IDF:          v5.4.1
[2026-05-23 15:14:22.139] I (187) efuse_init: Min chip rev:     v0.3
[2026-05-23 15:14:22.140] I (188) efuse_init: Max chip rev:     v1.99
[2026-05-23 15:14:22.140] I (188) efuse_init: Chip rev:         v0.4
[2026-05-23 15:14:22.145] I (189) heap_init: Initializing. RAM available for dynamic allocation:
[2026-05-23 15:14:22.146] I (190) heap_init: At 3FC9C340 len 00023CC0 (143 KiB): RAM
[2026-05-23 15:14:22.147] I (190) heap_init: At 3FCC0000 len 0001C710 (113 KiB): Retention RAM
[2026-05-23 15:14:22.149] I (191) heap_init: At 3FCDC710 len 00002950 (10 KiB): Retention RAM
[2026-05-23 15:14:22.150] I (192) heap_init: At 5000021C len 00001DCC (7 KiB): RTCRAM
[2026-05-23 15:14:22.151] I (193) spi_flash: detected chip: generic
[2026-05-23 15:14:22.151] I (194) spi_flash: flash io: dio
[2026-05-23 15:14:22.154] W (194) spi_flash: Detected size(4096k) larger than the size in the binary image header(2048k). Using the size in the binary image header.
[2026-05-23 15:14:22.155] I (195) sleep_gpio: Configure to isolate all GPIO pins in sleep state
[2026-05-23 15:14:22.157] I (196) sleep_gpio: Enable automatic switching of GPIO sleep configuration
[2026-05-23 15:14:22.157] I (197) main_task: Started on CPU0
[2026-05-23 15:14:22.158] I (197) main_task: Calling app_main()
[2026-05-23 15:14:22.158] WCAN_CFG_WAIT v=1
# UART boot config sent: wcan v=1 role=sensor transport=BROADCAST test_duration_ms=30000 host_wait_time_ms=5000 base=0xd0 count=1 hz=750 linger=100
[2026-05-23 15:14:22.159] WCAN_CFG_WAIT v=1
[2026-05-23 15:14:24.599] WCAN_CFG_ACK
[2026-05-23 15:14:24.600] WCAN_CFG_ACK
[2026-05-23 15:14:24.605] I (2826) pp: pp rom version: 9387209
[2026-05-23 15:14:24.606] I (2827) net80211: net80211 rom version: 9387209
[2026-05-23 15:14:24.609] I (2828) wifi:wifi driver task: 3fca77a4, prio:23, stack:6656, core=0
[2026-05-23 15:14:24.614] I (2832) wifi:wifi firmware version: 79fa3f41ba
[2026-05-23 15:14:24.618] I (2832) wifi:wifi certification version: v7.0
[2026-05-23 15:14:24.622] I (2832) wifi:config NVS flash: enabled
[2026-05-23 15:14:24.626] I (2832) wifi:config nano formatting: disabled
[2026-05-23 15:14:24.630] I (2833) wifi:Init data frame dynamic rx buffer num: 32
[2026-05-23 15:14:24.633] I (2833) wifi:Init static rx mgmt buffer num: 5
[2026-05-23 15:14:24.636] I (2834) wifi:Init management short buffer num: 32
[2026-05-23 15:14:24.638] I (2834) wifi:Init dynamic tx buffer num: 32
[2026-05-23 15:14:24.640] I (2835) wifi:Init static tx FG buffer num: 2
[2026-05-23 15:14:24.642] I (2836) wifi:Init static rx buffer size: 1600
[2026-05-23 15:14:24.644] I (2836) wifi:Init static rx buffer num: 10
[2026-05-23 15:14:24.645] I (2836) wifi:Init dynamic rx buffer num: 32
[2026-05-23 15:14:24.647] I (2838) wifi_init: rx ba win: 6
[2026-05-23 15:14:24.648] I (2838) wifi_init: accept mbox: 6
[2026-05-23 15:14:24.649] I (2838) wifi_init: tcpip mbox: 32
[2026-05-23 15:14:24.650] I (2838) wifi_init: udp mbox: 6
[2026-05-23 15:14:24.652] I (2838) wifi_init: tcp mbox: 6
[2026-05-23 15:14:24.653] I (2839) wifi_init: tcp tx win: 5760
[2026-05-23 15:14:24.653] I (2839) wifi_init: tcp rx win: 5760
[2026-05-23 15:14:24.654] I (2840) wifi_init: tcp mss: 1440
[2026-05-23 15:14:24.656] I (2840) wifi_init: WiFi IRAM OP enabled
[2026-05-23 15:14:24.657] I (2840) wifi_init: WiFi RX IRAM OP enabled
[2026-05-23 15:14:24.659] I (2841) phy_init: phy_version 1200,2b7123f9,Feb 18 2025,15:22:21
[2026-05-23 15:14:24.659] I (2876) wifi:mode : sta (54:32:04:8c:0b:8c)
[2026-05-23 15:14:24.660] I (2876) wifi:enable tsf
[2026-05-23 15:14:24.661] I (2879) ESPNOW: espnow [version: 2.0] init
[2026-05-23 15:14:24.662] WCAN_TEST_READY role=sensor
# Waiting for phased test start
# UART test start sent: WCAN_TEST_START at 2026-05-23T15:14:24.676477
[2026-05-23 15:14:25.806] P(FAIL):3831:d0:4:304:379:76
[2026-05-23 15:14:26.564] P(FAIL):4590:d0:11:836:911:76
[2026-05-23 15:14:26.945] P(FAIL):4970:d0:12:912:987:76
[2026-05-23 15:14:27.406] P(FAIL):5430:d0:18:1368:1443:76
[2026-05-23 15:14:27.814] P(FAIL):5839:d0:21:1596:1671:76
[2026-05-23 15:14:30.503] P(FAIL):8528:d0:50:3800:3875:76
[2026-05-23 15:14:41.189] P(FAIL):19214:d0:155:11780:11855:76
[2026-05-23 15:14:41.604] P(FAIL):19629:d0:157:11932:12007:76
[2026-05-23 15:14:42.010] P(FAIL):20035:d0:158:12008:12083:76
[2026-05-23 15:14:42.213] S(FAIL):20238:d0:0:12768:12775:8
[2026-05-23 15:14:42.357] P(FAIL):20382:d0:160:12160:12235:76
[2026-05-23 15:14:55.056] P(FAIL):33081:d0:291:22232:22307:76
[2026-05-23 15:14:55.855] P(FAIL):33881:d0:292:22308:22383:76
[2026-05-23 15:14:55.984] WCAN_BATCH id=0xd0 count=295 avg_hz=9.82 avg_points=75.89 min_points=45 max_points=76 avg_interval_ms=101.83 min_interval_ms=101.19 max_interval_ms=245.31 avg_dispatch_ms=3.70 max_dispatch_ms=6.66 dispatched_count=326 avg_queue_wait_ms=82.17 max_queue_wait_ms=1001.08
[2026-05-23 15:14:55.988] WCAN_SENSOR_END generated=22504 avg_hz=750.19
[2026-05-23 15:14:55.990] S(FAIL):34006:d0:0:12928:13035:108
[2026-05-23 15:14:56.006] WCAN_MEASURES elapsed_ms=29999 heap_start_free=126648 heap_end_free=141436 heap_start_min_free=126648 heap_end_min_free=125760 heap_start_largest=98304 heap_end_largest=98304 airtime_us_total=1203114 packets_sent_total=326 sensor_send_failures_total=116
[2026-05-23 15:14:56.008] WCAN_TEST_END role=sensor

# Monitor stopped: 2026-05-23T15:14:56.008509
