# Monitor started: 2026-05-23T21:57:31.502086
# Port: /dev/ttyACM1, Baud: 921600, Timeout: 35.000s after WCAN_TEST_START

# UART boot config: wcan v=1 role=sensor transport=MULTICAST test_duration_ms=30000 host_wait_time_ms=5000 base=0xe0 count=1 hz=100 linger=100
[2026-05-23 21:57:31.510] ESP-ROM:esp32c3-api1-20210207
[2026-05-23 21:57:31.518] Build:Feb  7 2021
[2026-05-23 21:57:31.540] rst:0x15 (USB_UART_CHIP_RESET),boot:0xd (SPI_FAST_FLASH_BOOT)
[2026-05-23 21:57:31.548] Saved PC:0x40384eba
[2026-05-23 21:57:31.551] SPIWP:0xee
[2026-05-23 21:57:31.564] mode:DIO, clock div:1
[2026-05-23 21:57:31.570] load:0x3fcd5820,len:0x1574
[2026-05-23 21:57:31.571] load:0x403cc710,len:0xc30
[2026-05-23 21:57:31.573] load:0x403ce710,len:0x2fa0
[2026-05-23 21:57:31.574] entry 0x403cc71a
[2026-05-23 21:57:31.580] I (24) boot: ESP-IDF v5.4.1 2nd stage bootloader
[2026-05-23 21:57:31.587] I (24) boot: compile time May 19 2026 23:41:33
[2026-05-23 21:57:31.590] I (25) boot: chip revision: v0.4
[2026-05-23 21:57:31.594] I (25) boot: efuse block revision: v1.3
[2026-05-23 21:57:31.595] I (25) boot.esp32c3: SPI Speed      : 80MHz
[2026-05-23 21:57:31.596] I (25) boot.esp32c3: SPI Mode       : DIO
[2026-05-23 21:57:31.598] I (26) boot.esp32c3: SPI Flash Size : 2MB
[2026-05-23 21:57:31.603] I (26) boot: Enabling RNG early entropy source...
[2026-05-23 21:57:31.606] I (27) boot: Partition Table:
[2026-05-23 21:57:31.612] I (27) boot: ## Label            Usage          Type ST Offset   Length
[2026-05-23 21:57:31.620] I (28) boot:  0 nvs              WiFi data        01 02 00009000 00006000
[2026-05-23 21:57:31.627] I (29) boot:  1 phy_init         RF data          01 01 0000f000 00001000
[2026-05-23 21:57:31.630] I (29) boot:  2 factory          factory app      00 00 00010000 00100000
[2026-05-23 21:57:31.632] I (30) boot: End of partition table
[2026-05-23 21:57:31.639] I (31) esp_image: segment 0: paddr=00010020 vaddr=3c0a0020 size=19850h (104528) map
[2026-05-23 21:57:31.644] I (48) esp_image: segment 1: paddr=00029878 vaddr=3fc95000 size=02da0h ( 11680) load
[2026-05-23 21:57:31.651] I (51) esp_image: segment 2: paddr=0002c620 vaddr=40380000 size=039f8h ( 14840) load
[2026-05-23 21:57:31.653] I (54) esp_image: segment 3: paddr=00030020 vaddr=42000020 size=990b4h (626868) map
[2026-05-23 21:57:31.659] I (154) esp_image: segment 4: paddr=000c90dc vaddr=403839f8 size=114f8h ( 70904) load
[2026-05-23 21:57:31.669] I (168) esp_image: segment 5: paddr=000da5dc vaddr=50000200 size=0001ch (    28) load
[2026-05-23 21:57:31.674] I (174) boot: Loaded app from partition at offset 0x10000
[2026-05-23 21:57:31.678] I (175) boot: Disabling RNG early entropy source...
[2026-05-23 21:57:31.685] I (176) cpu_start: Unicore app
[2026-05-23 21:57:31.689] I (185) cpu_start: Pro cpu start user code
[2026-05-23 21:57:31.690] I (185) cpu_start: cpu freq: 160000000 Hz
[2026-05-23 21:57:31.691] I (185) app_init: Application information:
[2026-05-23 21:57:31.692] I (185) app_init: Project name:     sensor_acquirer
[2026-05-23 21:57:31.698] I (185) app_init: App version:      v1.0-171-gbbe0783
[2026-05-23 21:57:31.700] I (186) app_init: Compile time:     May 23 2026 14:30:40
[2026-05-23 21:57:31.703] I (186) app_init: ELF file SHA256:  0e7d705e7...
[2026-05-23 21:57:31.704] I (187) app_init: ESP-IDF:          v5.4.1
[2026-05-23 21:57:31.705] I (187) efuse_init: Min chip rev:     v0.3
[2026-05-23 21:57:31.707] I (188) efuse_init: Max chip rev:     v1.99
[2026-05-23 21:57:31.711] I (188) efuse_init: Chip rev:         v0.4
[2026-05-23 21:57:31.714] I (189) heap_init: Initializing. RAM available for dynamic allocation:
[2026-05-23 21:57:31.718] I (190) heap_init: At 3FC9C130 len 00023ED0 (143 KiB): RAM
[2026-05-23 21:57:31.721] I (190) heap_init: At 3FCC0000 len 0001C710 (113 KiB): Retention RAM
[2026-05-23 21:57:31.723] I (191) heap_init: At 3FCDC710 len 00002950 (10 KiB): Retention RAM
[2026-05-23 21:57:31.724] I (192) heap_init: At 5000021C len 00001DCC (7 KiB): RTCRAM
[2026-05-23 21:57:31.725] I (193) spi_flash: detected chip: generic
[2026-05-23 21:57:31.725] I (194) spi_flash: flash io: dio
[2026-05-23 21:57:31.727] W (194) spi_flash: Detected size(4096k) larger than the size in the binary image header(2048k). Using the size in the binary image header.
[2026-05-23 21:57:31.728] I (195) sleep_gpio: Configure to isolate all GPIO pins in sleep state
[2026-05-23 21:57:31.729] I (196) sleep_gpio: Enable automatic switching of GPIO sleep configuration
[2026-05-23 21:57:31.730] I (197) main_task: Started on CPU0
[2026-05-23 21:57:31.731] I (197) main_task: Calling app_main()
[2026-05-23 21:57:31.731] WCAN_CFG_WAIT v=1
# UART boot config sent: wcan v=1 role=sensor transport=MULTICAST test_duration_ms=30000 host_wait_time_ms=5000 base=0xe0 count=1 hz=100 linger=100
[2026-05-23 21:57:31.732] WCAN_CFG_WAIT v=1
[2026-05-23 21:57:34.171] WCAN_CFG_ACK
[2026-05-23 21:57:34.173] WCAN_CFG_ACK
[2026-05-23 21:57:34.178] I (2873) pp: pp rom version: 9387209
[2026-05-23 21:57:34.185] I (2874) net80211: net80211 rom version: 9387209
[2026-05-23 21:57:34.194] I (2875) wifi:wifi driver task: 3fca7510, prio:23, stack:6656, core=0
[2026-05-23 21:57:34.200] I (2879) wifi:wifi firmware version: 79fa3f41ba
[2026-05-23 21:57:34.205] I (2879) wifi:wifi certification version: v7.0
[2026-05-23 21:57:34.208] I (2879) wifi:config NVS flash: enabled
[2026-05-23 21:57:34.211] I (2879) wifi:config nano formatting: disabled
[2026-05-23 21:57:34.214] I (2880) wifi:Init data frame dynamic rx buffer num: 32
[2026-05-23 21:57:34.216] I (2880) wifi:Init static rx mgmt buffer num: 5
[2026-05-23 21:57:34.217] I (2881) wifi:Init management short buffer num: 32
[2026-05-23 21:57:34.219] I (2881) wifi:Init dynamic tx buffer num: 32
[2026-05-23 21:57:34.220] I (2882) wifi:Init static tx FG buffer num: 2
[2026-05-23 21:57:34.222] I (2883) wifi:Init static rx buffer size: 1600
[2026-05-23 21:57:34.223] I (2883) wifi:Init static rx buffer num: 10
[2026-05-23 21:57:34.224] I (2883) wifi:Init dynamic rx buffer num: 32
[2026-05-23 21:57:34.225] I (2885) wifi_init: rx ba win: 6
[2026-05-23 21:57:34.226] I (2885) wifi_init: accept mbox: 6
[2026-05-23 21:57:34.227] I (2885) wifi_init: tcpip mbox: 32
[2026-05-23 21:57:34.228] I (2885) wifi_init: udp mbox: 6
[2026-05-23 21:57:34.228] I (2885) wifi_init: tcp mbox: 6
[2026-05-23 21:57:34.229] I (2886) wifi_init: tcp tx win: 5760
[2026-05-23 21:57:34.230] I (2886) wifi_init: tcp rx win: 5760
[2026-05-23 21:57:34.231] I (2887) wifi_init: tcp mss: 1440
[2026-05-23 21:57:34.232] I (2887) wifi_init: WiFi IRAM OP enabled
[2026-05-23 21:57:34.232] I (2888) wifi_init: WiFi RX IRAM OP enabled
[2026-05-23 21:57:34.234] I (2888) phy_init: phy_version 1200,2b7123f9,Feb 18 2025,15:22:21
[2026-05-23 21:57:34.234] I (2922) wifi:mode : sta (74:4d:bd:e1:d5:b8)
[2026-05-23 21:57:34.235] I (2923) wifi:enable tsf
[2026-05-23 21:57:34.236] I (2926) ESPNOW: espnow [version: 2.0] init
[2026-05-23 21:57:34.236] WCAN_TEST_READY role=sensor
# Waiting for phased test start
# UART test start sent: WCAN_TEST_START at 2026-05-23T21:57:34.248131
[2026-05-23 21:58:04.587] WCAN_BATCH id=0xe0 count=272 avg_hz=9.09 avg_points=11.00 min_points=11 max_points=11 avg_interval_ms=110.00 min_interval_ms=109.95 max_interval_ms=110.03 avg_dispatch_ms=1.89 max_dispatch_ms=6.79 dispatched_count=272 avg_queue_wait_ms=0.11 max_queue_wait_ms=0.24
[2026-05-23 21:58:04.590] WCAN_SENSOR_END generated=2998 avg_hz=99.97
[2026-05-23 21:58:04.602] WCAN_MEASURES elapsed_ms=29999 heap_start_free=97696 heap_end_free=109420 heap_start_min_free=97672 heap_end_min_free=97332 heap_start_largest=77824 heap_end_largest=77824 airtime_us_total=510844 packets_sent_total=272 sensor_send_failures_total=0
[2026-05-23 21:58:04.603] WCAN_TEST_END role=sensor

# Monitor stopped: 2026-05-23T21:58:04.603582
