# Monitor started: 2026-05-23T15:05:51.689421
# Port: /dev/ttyACM1, Baud: 921600, Timeout: 35.000s after WCAN_TEST_START

# UART boot config: wcan v=1 role=sensor transport=BROADCAST test_duration_ms=30000 host_wait_time_ms=5000 base=0xe0 count=1 hz=200 linger=100
[2026-05-23 15:05:51.702] ESP-ROM:esp32c3-api1-20210207
[2026-05-23 15:05:51.708] Build:Feb  7 2021
[2026-05-23 15:05:51.732] rst:0x15 (USB_UART_CHIP_RESET),boot:0xd (SPI_FAST_FLASH_BOOT)
[2026-05-23 15:05:51.736] Saved PC:0x40384eba
[2026-05-23 15:05:51.740] SPIWP:0xee
[2026-05-23 15:05:51.746] mode:DIO, clock div:1
[2026-05-23 15:05:51.759] load:0x3fcd5820,len:0x1574
[2026-05-23 15:05:51.762] load:0x403cc710,len:0xc30
[2026-05-23 15:05:51.767] load:0x403ce710,len:0x2fa0
[2026-05-23 15:05:51.772] entry 0x403cc71a
[2026-05-23 15:05:51.778] I (24) boot: ESP-IDF v5.4.1 2nd stage bootloader
[2026-05-23 15:05:51.786] I (24) boot: compile time May 20 2026 00:05:32
[2026-05-23 15:05:51.791] I (25) boot: chip revision: v0.4
[2026-05-23 15:05:51.793] I (25) boot: efuse block revision: v1.3
[2026-05-23 15:05:51.800] I (25) boot.esp32c3: SPI Speed      : 80MHz
[2026-05-23 15:05:51.812] I (25) boot.esp32c3: SPI Mode       : DIO
[2026-05-23 15:05:51.813] I (26) boot.esp32c3: SPI Flash Size : 2MB
[2026-05-23 15:05:51.816] I (26) boot: Enabling RNG early entropy source...
[2026-05-23 15:05:51.817] I (27) boot: Partition Table:
[2026-05-23 15:05:51.821] I (27) boot: ## Label            Usage          Type ST Offset   Length
[2026-05-23 15:05:51.824] I (28) boot:  0 nvs              WiFi data        01 02 00009000 00006000
[2026-05-23 15:05:51.827] I (29) boot:  1 phy_init         RF data          01 01 0000f000 00001000
[2026-05-23 15:05:51.830] I (29) boot:  2 factory          factory app      00 00 00010000 00100000
[2026-05-23 15:05:51.832] I (30) boot: End of partition table
[2026-05-23 15:05:51.834] I (31) esp_image: segment 0: paddr=00010020 vaddr=3c0a0020 size=1977ch (104316) map
[2026-05-23 15:05:51.841] I (48) esp_image: segment 1: paddr=000297a4 vaddr=3fc95200 size=02da0h ( 11680) load
[2026-05-23 15:05:51.846] I (51) esp_image: segment 2: paddr=0002c54c vaddr=40380000 size=03acch ( 15052) load
[2026-05-23 15:05:51.849] I (54) esp_image: segment 3: paddr=00030020 vaddr=42000020 size=9942ch (627756) map
[2026-05-23 15:05:51.853] I (154) esp_image: segment 4: paddr=000c9454 vaddr=40383acc size=11614h ( 71188) load
[2026-05-23 15:05:51.857] I (168) esp_image: segment 5: paddr=000daa70 vaddr=50000200 size=0001ch (    28) load
[2026-05-23 15:05:51.858] I (175) boot: Loaded app from partition at offset 0x10000
[2026-05-23 15:05:51.859] I (175) boot: Disabling RNG early entropy source...
[2026-05-23 15:05:51.860] I (176) cpu_start: Unicore app
[2026-05-23 15:05:51.861] I (185) cpu_start: Pro cpu start user code
[2026-05-23 15:05:51.862] I (185) cpu_start: cpu freq: 160000000 Hz
[2026-05-23 15:05:51.864] I (185) app_init: Application information:
[2026-05-23 15:05:51.865] I (185) app_init: Project name:     sensor_acquirer
[2026-05-23 15:05:51.867] I (185) app_init: App version:      v1.0-171-gbbe0783
[2026-05-23 15:05:51.868] I (186) app_init: Compile time:     May 23 2026 14:30:31
[2026-05-23 15:05:51.872] I (187) app_init: ELF file SHA256:  493679023...
[2026-05-23 15:05:51.876] I (187) app_init: ESP-IDF:          v5.4.1
[2026-05-23 15:05:51.878] I (188) efuse_init: Min chip rev:     v0.3
[2026-05-23 15:05:51.879] I (188) efuse_init: Max chip rev:     v1.99
[2026-05-23 15:05:51.880] I (189) efuse_init: Chip rev:         v0.4
[2026-05-23 15:05:51.882] I (189) heap_init: Initializing. RAM available for dynamic allocation:
[2026-05-23 15:05:51.883] I (190) heap_init: At 3FC9C340 len 00023CC0 (143 KiB): RAM
[2026-05-23 15:05:51.885] I (190) heap_init: At 3FCC0000 len 0001C710 (113 KiB): Retention RAM
[2026-05-23 15:05:51.886] I (191) heap_init: At 3FCDC710 len 00002950 (10 KiB): Retention RAM
[2026-05-23 15:05:51.887] I (192) heap_init: At 5000021C len 00001DCC (7 KiB): RTCRAM
[2026-05-23 15:05:51.890] I (194) spi_flash: detected chip: generic
[2026-05-23 15:05:51.892] I (194) spi_flash: flash io: dio
[2026-05-23 15:05:51.898] W (194) spi_flash: Detected size(4096k) larger than the size in the binary image header(2048k). Using the size in the binary image header.
[2026-05-23 15:05:51.899] I (196) sleep_gpio: Configure to isolate all GPIO pins in sleep state
[2026-05-23 15:05:51.901] I (196) sleep_gpio: Enable automatic switching of GPIO sleep configuration
[2026-05-23 15:05:51.901] I (197) main_task: Started on CPU0
[2026-05-23 15:05:51.902] I (197) main_task: Calling app_main()
[2026-05-23 15:05:51.903] WCAN_CFG_WAIT v=1
# UART boot config sent: wcan v=1 role=sensor transport=BROADCAST test_duration_ms=30000 host_wait_time_ms=5000 base=0xe0 count=1 hz=200 linger=100
[2026-05-23 15:05:51.907] WCAN_CFG_WAIT v=1
[2026-05-23 15:05:54.347] WCAN_CFG_ACK
[2026-05-23 15:05:54.348] WCAN_CFG_ACK
[2026-05-23 15:05:54.352] I (2862) pp: pp rom version: 9387209
[2026-05-23 15:05:54.353] I (2863) net80211: net80211 rom version: 9387209
[2026-05-23 15:05:54.355] I (2864) wifi:wifi driver task: 3fca7720, prio:23, stack:6656, core=0
[2026-05-23 15:05:54.359] I (2868) wifi:wifi firmware version: 79fa3f41ba
[2026-05-23 15:05:54.360] I (2868) wifi:wifi certification version: v7.0
[2026-05-23 15:05:54.361] I (2868) wifi:config NVS flash: enabled
[2026-05-23 15:05:54.362] I (2868) wifi:config nano formatting: disabled
[2026-05-23 15:05:54.363] I (2869) wifi:Init data frame dynamic rx buffer num: 32
[2026-05-23 15:05:54.364] I (2869) wifi:Init static rx mgmt buffer num: 5
[2026-05-23 15:05:54.365] I (2870) wifi:Init management short buffer num: 32
[2026-05-23 15:05:54.367] I (2870) wifi:Init dynamic tx buffer num: 32
[2026-05-23 15:05:54.368] I (2871) wifi:Init static tx FG buffer num: 2
[2026-05-23 15:05:54.369] I (2872) wifi:Init static rx buffer size: 1600
[2026-05-23 15:05:54.370] I (2872) wifi:Init static rx buffer num: 10
[2026-05-23 15:05:54.371] I (2872) wifi:Init dynamic rx buffer num: 32
[2026-05-23 15:05:54.371] I (2874) wifi_init: rx ba win: 6
[2026-05-23 15:05:54.372] I (2874) wifi_init: accept mbox: 6
[2026-05-23 15:05:54.373] I (2874) wifi_init: tcpip mbox: 32
[2026-05-23 15:05:54.374] I (2874) wifi_init: udp mbox: 6
[2026-05-23 15:05:54.375] I (2874) wifi_init: tcp mbox: 6
[2026-05-23 15:05:54.376] I (2875) wifi_init: tcp tx win: 5760
[2026-05-23 15:05:54.376] I (2875) wifi_init: tcp rx win: 5760
[2026-05-23 15:05:54.377] I (2876) wifi_init: tcp mss: 1440
[2026-05-23 15:05:54.378] I (2876) wifi_init: WiFi IRAM OP enabled
[2026-05-23 15:05:54.379] I (2876) wifi_init: WiFi RX IRAM OP enabled
[2026-05-23 15:05:54.381] I (2877) phy_init: phy_version 1200,2b7123f9,Feb 18 2025,15:22:21
[2026-05-23 15:05:54.404] I (2913) wifi:mode : sta (74:4d:bd:e1:d5:b8)
[2026-05-23 15:05:54.404] I (2913) wifi:enable tsf
[2026-05-23 15:05:54.407] I (2916) ESPNOW: espnow [version: 2.0] init
[2026-05-23 15:05:54.408] WCAN_TEST_READY role=sensor
# Waiting for phased test start
# UART test start sent: WCAN_TEST_START at 2026-05-23T15:05:54.419308
[2026-05-23 15:05:55.675] P(FAIL):3988:e0:5:105:125:21
[2026-05-23 15:05:56.025] P(FAIL):4338:e0:8:168:188:21
[2026-05-23 15:05:58.056] P(FAIL):6369:e0:27:567:587:21
[2026-05-23 15:05:58.413] P(FAIL):6726:e0:31:651:671:21
[2026-05-23 15:05:58.822] P(FAIL):7135:e0:32:672:692:21
[2026-05-23 15:05:59.230] P(FAIL):7543:e0:36:756:776:21
[2026-05-23 15:05:59.650] P(FAIL):7963:e0:43:903:923:21
[2026-05-23 15:06:06.185] P(FAIL):14498:e0:105:2205:2225:21
[2026-05-23 15:06:11.088] P(FAIL):19401:e0:151:3171:3191:21
[2026-05-23 15:06:24.774] P(FAIL):33087:e0:282:5922:5942:21
[2026-05-23 15:06:25.576] P(FAIL):33887:e0:283:5943:5963:21
[2026-05-23 15:06:25.733] WCAN_BATCH id=0xe0 count=286 avg_hz=9.52 avg_points=20.98 min_points=14 max_points=21 avg_interval_ms=105.00 min_interval_ms=104.87 max_interval_ms=105.13 avg_dispatch_ms=1.83 max_dispatch_ms=7.51 dispatched_count=314 avg_queue_wait_ms=40.33 max_queue_wait_ms=560.75
[2026-05-23 15:06:25.734] WCAN_SENSOR_END generated=5998 avg_hz=199.97
[2026-05-23 15:06:25.738] WCAN_MEASURES elapsed_ms=29999 heap_start_free=126780 heap_end_free=141412 heap_start_min_free=126680 heap_end_min_free=126340 heap_start_largest=98304 heap_end_largest=98304 airtime_us_total=570821 packets_sent_total=314 sensor_send_failures_total=0
[2026-05-23 15:06:25.739] WCAN_TEST_END role=sensor

# Monitor stopped: 2026-05-23T15:06:25.739405
