# Monitor started: 2026-05-23T20:34:43.776565
# Port: /dev/ttyACM1, Baud: 921600, Timeout: 35.000s after WCAN_TEST_START

# UART boot config: wcan v=1 role=sensor transport=MULTICAST test_duration_ms=30000 host_wait_time_ms=5000 base=0xe0 count=3 hz=1000 linger=100
[2026-05-23 20:34:43.777] ESP-ROM:esp32c3-api1-20210207
[2026-05-23 20:34:43.778] Build:Feb  7 2021
[2026-05-23 20:34:43.802] rst:0x15 (USB_UART_CHIP_RESET),boot:0xd (SPI_FAST_FLASH_BOOT)
[2026-05-23 20:34:43.811] Saved PC:0x40384eba
[2026-05-23 20:34:43.817] SPIWP:0xee
[2026-05-23 20:34:43.823] mode:DIO, clock div:1
[2026-05-23 20:34:43.830] load:0x3fcd5820,len:0x1574
[2026-05-23 20:34:43.843] load:0x403cc710,len:0xc30
[2026-05-23 20:34:43.853] load:0x403ce710,len:0x2fa0
[2026-05-23 20:34:43.858] entry 0x403cc71a
[2026-05-23 20:34:43.863] I (24) boot: ESP-IDF v5.4.1 2nd stage bootloader
[2026-05-23 20:34:43.864] I (24) boot: compile time May 19 2026 23:41:33
[2026-05-23 20:34:43.865] I (25) boot: chip revision: v0.4
[2026-05-23 20:34:43.866] I (25) boot: efuse block revision: v1.3
[2026-05-23 20:34:43.867] I (25) boot.esp32c3: SPI Speed      : 80MHz
[2026-05-23 20:34:43.870] I (25) boot.esp32c3: SPI Mode       : DIO
[2026-05-23 20:34:43.872] I (26) boot.esp32c3: SPI Flash Size : 2MB
[2026-05-23 20:34:43.874] I (26) boot: Enabling RNG early entropy source...
[2026-05-23 20:34:43.875] I (27) boot: Partition Table:
[2026-05-23 20:34:43.881] I (27) boot: ## Label            Usage          Type ST Offset   Length
[2026-05-23 20:34:43.888] I (28) boot:  0 nvs              WiFi data        01 02 00009000 00006000
[2026-05-23 20:34:43.889] I (29) boot:  1 phy_init         RF data          01 01 0000f000 00001000
[2026-05-23 20:34:43.893] I (29) boot:  2 factory          factory app      00 00 00010000 00100000
[2026-05-23 20:34:43.894] I (30) boot: End of partition table
[2026-05-23 20:34:43.898] I (31) esp_image: segment 0: paddr=00010020 vaddr=3c0a0020 size=19850h (104528) map
[2026-05-23 20:34:43.904] I (48) esp_image: segment 1: paddr=00029878 vaddr=3fc95000 size=02da0h ( 11680) load
[2026-05-23 20:34:43.911] I (51) esp_image: segment 2: paddr=0002c620 vaddr=40380000 size=039f8h ( 14840) load
[2026-05-23 20:34:43.914] I (54) esp_image: segment 3: paddr=00030020 vaddr=42000020 size=990b4h (626868) map
[2026-05-23 20:34:43.918] I (154) esp_image: segment 4: paddr=000c90dc vaddr=403839f8 size=114f8h ( 70904) load
[2026-05-23 20:34:43.919] I (168) esp_image: segment 5: paddr=000da5dc vaddr=50000200 size=0001ch (    28) load
[2026-05-23 20:34:43.922] I (174) boot: Loaded app from partition at offset 0x10000
[2026-05-23 20:34:43.924] I (175) boot: Disabling RNG early entropy source...
[2026-05-23 20:34:43.927] I (176) cpu_start: Unicore app
[2026-05-23 20:34:43.927] I (185) cpu_start: Pro cpu start user code
[2026-05-23 20:34:43.929] I (185) cpu_start: cpu freq: 160000000 Hz
[2026-05-23 20:34:43.930] I (185) app_init: Application information:
[2026-05-23 20:34:43.932] I (185) app_init: Project name:     sensor_acquirer
[2026-05-23 20:34:43.934] I (185) app_init: App version:      v1.0-171-gbbe0783
[2026-05-23 20:34:43.937] I (186) app_init: Compile time:     May 23 2026 14:30:40
[2026-05-23 20:34:43.942] I (186) app_init: ELF file SHA256:  0e7d705e7...
[2026-05-23 20:34:43.943] I (187) app_init: ESP-IDF:          v5.4.1
[2026-05-23 20:34:43.949] I (187) efuse_init: Min chip rev:     v0.3
[2026-05-23 20:34:43.949] I (188) efuse_init: Max chip rev:     v1.99
[2026-05-23 20:34:43.951] I (188) efuse_init: Chip rev:         v0.4
[2026-05-23 20:34:43.952] I (189) heap_init: Initializing. RAM available for dynamic allocation:
[2026-05-23 20:34:43.954] I (190) heap_init: At 3FC9C130 len 00023ED0 (143 KiB): RAM
[2026-05-23 20:34:43.958] I (190) heap_init: At 3FCC0000 len 0001C710 (113 KiB): Retention RAM
[2026-05-23 20:34:43.960] I (191) heap_init: At 3FCDC710 len 00002950 (10 KiB): Retention RAM
[2026-05-23 20:34:43.962] I (192) heap_init: At 5000021C len 00001DCC (7 KiB): RTCRAM
[2026-05-23 20:34:43.963] I (193) spi_flash: detected chip: generic
[2026-05-23 20:34:43.964] I (194) spi_flash: flash io: dio
[2026-05-23 20:34:43.969] W (194) spi_flash: Detected size(4096k) larger than the size in the binary image header(2048k). Using the size in the binary image header.
[2026-05-23 20:34:43.971] I (195) sleep_gpio: Configure to isolate all GPIO pins in sleep state
[2026-05-23 20:34:43.972] I (196) sleep_gpio: Enable automatic switching of GPIO sleep configuration
[2026-05-23 20:34:43.973] I (197) main_task: Started on CPU0
[2026-05-23 20:34:43.974] I (197) main_task: Calling app_main()
[2026-05-23 20:34:43.974] WCAN_CFG_WAIT v=1
# UART boot config sent: wcan v=1 role=sensor transport=MULTICAST test_duration_ms=30000 host_wait_time_ms=5000 base=0xe0 count=3 hz=1000 linger=100
[2026-05-23 20:34:43.975] WCAN_CFG_WAIT v=1
[2026-05-23 20:34:46.455] WCAN_CFG_ACK
[2026-05-23 20:34:46.456] WCAN_CFG_ACK
[2026-05-23 20:34:46.460] I (2882) pp: pp rom version: 9387209
[2026-05-23 20:34:46.462] I (2883) net80211: net80211 rom version: 9387209
[2026-05-23 20:34:46.468] I (2884) wifi:wifi driver task: 3fca7510, prio:23, stack:6656, core=0
[2026-05-23 20:34:46.473] I (2888) wifi:wifi firmware version: 79fa3f41ba
[2026-05-23 20:34:46.479] I (2888) wifi:wifi certification version: v7.0
[2026-05-23 20:34:46.483] I (2888) wifi:config NVS flash: enabled
[2026-05-23 20:34:46.487] I (2888) wifi:config nano formatting: disabled
[2026-05-23 20:34:46.492] I (2889) wifi:Init data frame dynamic rx buffer num: 32
[2026-05-23 20:34:46.496] I (2889) wifi:Init static rx mgmt buffer num: 5
[2026-05-23 20:34:46.500] I (2890) wifi:Init management short buffer num: 32
[2026-05-23 20:34:46.503] I (2890) wifi:Init dynamic tx buffer num: 32
[2026-05-23 20:34:46.507] I (2891) wifi:Init static tx FG buffer num: 2
[2026-05-23 20:34:46.509] I (2891) wifi:Init static rx buffer size: 1600
[2026-05-23 20:34:46.511] I (2892) wifi:Init static rx buffer num: 10
[2026-05-23 20:34:46.512] I (2892) wifi:Init dynamic rx buffer num: 32
[2026-05-23 20:34:46.514] I (2894) wifi_init: rx ba win: 6
[2026-05-23 20:34:46.515] I (2894) wifi_init: accept mbox: 6
[2026-05-23 20:34:46.516] I (2894) wifi_init: tcpip mbox: 32
[2026-05-23 20:34:46.518] I (2894) wifi_init: udp mbox: 6
[2026-05-23 20:34:46.519] I (2894) wifi_init: tcp mbox: 6
[2026-05-23 20:34:46.520] I (2895) wifi_init: tcp tx win: 5760
[2026-05-23 20:34:46.521] I (2895) wifi_init: tcp rx win: 5760
[2026-05-23 20:34:46.522] I (2896) wifi_init: tcp mss: 1440
[2026-05-23 20:34:46.523] I (2896) wifi_init: WiFi IRAM OP enabled
[2026-05-23 20:34:46.524] I (2896) wifi_init: WiFi RX IRAM OP enabled
[2026-05-23 20:34:46.526] I (2897) phy_init: phy_version 1200,2b7123f9,Feb 18 2025,15:22:21
[2026-05-23 20:34:46.527] I (2932) wifi:mode : sta (74:4d:bd:e1:d5:b8)
[2026-05-23 20:34:46.528] I (2933) wifi:enable tsf
[2026-05-23 20:34:46.529] I (2936) ESPNOW: espnow [version: 2.0] init
[2026-05-23 20:34:46.530] WCAN_TEST_READY role=sensor
# Waiting for phased test start
# UART test start sent: WCAN_TEST_START at 2026-05-23T20:34:46.542954
[2026-05-23 20:35:16.868] WCAN_BATCH id=0xe0 count=297 avg_hz=9.90 avg_points=101.00 min_points=101 max_points=101 avg_interval_ms=101.00 min_interval_ms=100.92 max_interval_ms=101.09 avg_dispatch_ms=5.14 max_dispatch_ms=16.57 dispatched_count=297 avg_queue_wait_ms=0.16 max_queue_wait_ms=0.31
[2026-05-23 20:35:16.873] WCAN_BATCH id=0xe1 count=297 avg_hz=9.90 avg_points=101.00 min_points=101 max_points=101 avg_interval_ms=101.00 min_interval_ms=100.93 max_interval_ms=101.11 avg_dispatch_ms=8.66 max_dispatch_ms=20.08 dispatched_count=297 avg_queue_wait_ms=5.38 max_queue_wait_ms=16.83
[2026-05-23 20:35:16.886] WCAN_BATCH id=0xe2 count=297 avg_hz=9.90 avg_points=101.00 min_points=101 max_points=101 avg_interval_ms=101.00 min_interval_ms=100.93 max_interval_ms=101.10 avg_dispatch_ms=8.29 max_dispatch_ms=14.94 dispatched_count=297 avg_queue_wait_ms=14.12 max_queue_wait_ms=25.20
[2026-05-23 20:35:16.889] WCAN_SENSOR_END generated=29998 avg_hz=1000.00
[2026-05-23 20:35:16.905] WCAN_MEASURES elapsed_ms=29999 heap_start_free=66428 heap_end_free=79368 heap_start_min_free=66412 heap_end_min_free=61860 heap_start_largest=47104 heap_end_largest=45056 airtime_us_total=6550015 packets_sent_total=891 sensor_send_failures_total=0
[2026-05-23 20:35:16.906] WCAN_TEST_END role=sensor

# Monitor stopped: 2026-05-23T20:35:16.906370
