# Monitor started: 2026-05-23T17:19:09.035197
# Port: /dev/ttyACM1, Baud: 921600, Timeout: 35.000s after WCAN_TEST_START

# UART boot config: wcan v=1 role=idle transport=BROADCAST test_duration_ms=30000 host_wait_time_ms=5000
[2026-05-23 17:19:09.041] ESP-ROM:esp32c3-api1-20210207
[2026-05-23 17:19:09.053] Build:Feb  7 2021
[2026-05-23 17:19:09.071] rst:0x15 (USB_UART_CHIP_RESET),boot:0xd (SPI_FAST_FLASH_BOOT)
[2026-05-23 17:19:09.078] Saved PC:0x40384eba
[2026-05-23 17:19:09.085] SPIWP:0xee
[2026-05-23 17:19:09.089] mode:DIO, clock div:1
[2026-05-23 17:19:09.094] load:0x3fcd5820,len:0x1574
[2026-05-23 17:19:09.096] load:0x403cc710,len:0xc30
[2026-05-23 17:19:09.098] load:0x403ce710,len:0x2fa0
[2026-05-23 17:19:09.099] entry 0x403cc71a
[2026-05-23 17:19:09.102] I (24) boot: ESP-IDF v5.4.1 2nd stage bootloader
[2026-05-23 17:19:09.105] I (24) boot: compile time May 20 2026 00:05:32
[2026-05-23 17:19:09.106] I (25) boot: chip revision: v0.4
[2026-05-23 17:19:09.107] I (25) boot: efuse block revision: v1.3
[2026-05-23 17:19:09.109] I (25) boot.esp32c3: SPI Speed      : 80MHz
[2026-05-23 17:19:09.117] I (25) boot.esp32c3: SPI Mode       : DIO
[2026-05-23 17:19:09.121] I (26) boot.esp32c3: SPI Flash Size : 2MB
[2026-05-23 17:19:09.127] I (26) boot: Enabling RNG early entropy source...
[2026-05-23 17:19:09.130] I (27) boot: Partition Table:
[2026-05-23 17:19:09.133] I (27) boot: ## Label            Usage          Type ST Offset   Length
[2026-05-23 17:19:09.138] I (28) boot:  0 nvs              WiFi data        01 02 00009000 00006000
[2026-05-23 17:19:09.140] I (29) boot:  1 phy_init         RF data          01 01 0000f000 00001000
[2026-05-23 17:19:09.145] I (29) boot:  2 factory          factory app      00 00 00010000 00100000
[2026-05-23 17:19:09.150] I (30) boot: End of partition table
[2026-05-23 17:19:09.158] I (31) esp_image: segment 0: paddr=00010020 vaddr=3c0a0020 size=1977ch (104316) map
[2026-05-23 17:19:09.161] I (48) esp_image: segment 1: paddr=000297a4 vaddr=3fc95200 size=02da0h ( 11680) load
[2026-05-23 17:19:09.168] I (51) esp_image: segment 2: paddr=0002c54c vaddr=40380000 size=03acch ( 15052) load
[2026-05-23 17:19:09.172] I (54) esp_image: segment 3: paddr=00030020 vaddr=42000020 size=9942ch (627756) map
[2026-05-23 17:19:09.175] I (154) esp_image: segment 4: paddr=000c9454 vaddr=40383acc size=11614h ( 71188) load
[2026-05-23 17:19:09.181] I (168) esp_image: segment 5: paddr=000daa70 vaddr=50000200 size=0001ch (    28) load
[2026-05-23 17:19:09.185] I (175) boot: Loaded app from partition at offset 0x10000
[2026-05-23 17:19:09.187] I (175) boot: Disabling RNG early entropy source...
[2026-05-23 17:19:09.188] I (176) cpu_start: Unicore app
[2026-05-23 17:19:09.189] I (185) cpu_start: Pro cpu start user code
[2026-05-23 17:19:09.192] I (185) cpu_start: cpu freq: 160000000 Hz
[2026-05-23 17:19:09.194] I (185) app_init: Application information:
[2026-05-23 17:19:09.198] I (185) app_init: Project name:     sensor_acquirer
[2026-05-23 17:19:09.200] I (185) app_init: App version:      v1.0-171-gbbe0783
[2026-05-23 17:19:09.205] I (186) app_init: Compile time:     May 23 2026 14:30:31
[2026-05-23 17:19:09.207] I (187) app_init: ELF file SHA256:  493679023...
[2026-05-23 17:19:09.208] I (187) app_init: ESP-IDF:          v5.4.1
[2026-05-23 17:19:09.212] I (188) efuse_init: Min chip rev:     v0.3
[2026-05-23 17:19:09.214] I (188) efuse_init: Max chip rev:     v1.99
[2026-05-23 17:19:09.215] I (189) efuse_init: Chip rev:         v0.4
[2026-05-23 17:19:09.228] I (189) heap_init: Initializing. RAM available for dynamic allocation:
[2026-05-23 17:19:09.233] I (190) heap_init: At 3FC9C340 len 00023CC0 (143 KiB): RAM
[2026-05-23 17:19:09.234] I (191) heap_init: At 3FCC0000 len 0001C710 (113 KiB): Retention RAM
[2026-05-23 17:19:09.237] I (191) heap_init: At 3FCDC710 len 00002950 (10 KiB): Retention RAM
[2026-05-23 17:19:09.238] I (192) heap_init: At 5000021C len 00001DCC (7 KiB): RTCRAM
[2026-05-23 17:19:09.239] I (194) spi_flash: detected chip: generic
[2026-05-23 17:19:09.239] I (194) spi_flash: flash io: dio
[2026-05-23 17:19:09.242] W (194) spi_flash: Detected size(4096k) larger than the size in the binary image header(2048k). Using the size in the binary image header.
[2026-05-23 17:19:09.244] I (196) sleep_gpio: Configure to isolate all GPIO pins in sleep state
[2026-05-23 17:19:09.245] I (196) sleep_gpio: Enable automatic switching of GPIO sleep configuration
[2026-05-23 17:19:09.246] I (197) main_task: Started on CPU0
[2026-05-23 17:19:09.246] I (197) main_task: Calling app_main()
[2026-05-23 17:19:09.247] WCAN_CFG_WAIT v=1
# UART boot config sent: wcan v=1 role=idle transport=BROADCAST test_duration_ms=30000 host_wait_time_ms=5000
[2026-05-23 17:19:09.247] WCAN_CFG_WAIT v=1
[2026-05-23 17:19:10.933] WCAN_CFG_ACK
[2026-05-23 17:19:10.933] WCAN_CFG_ACK
[2026-05-23 17:19:10.933] WCAN_TEST_READY role=idle
# Waiting for phased test start
# UART test start sent: WCAN_TEST_START at 2026-05-23T17:19:11.731937
[2026-05-23 17:19:12.031] WCAN_TEST_END role=idle

# Monitor stopped: 2026-05-23T17:19:12.031956
