# Monitor started: 2026-05-23T20:22:54.901240
# Port: /dev/ttyACM0, Baud: 921600, Timeout: 35.000s after WCAN_TEST_START

# UART boot config: wcan v=1 role=sensor transport=MULTICAST test_duration_ms=30000 host_wait_time_ms=5000 base=0xd0 count=3 hz=750 linger=100
[2026-05-23 20:22:54.910] ESP-ROM:esp32c3-api1-20210207
[2026-05-23 20:22:54.911] Build:Feb  7 2021
[2026-05-23 20:22:54.927] rst:0x15 (USB_UART_CHIP_RESET),boot:0xd (SPI_FAST_FLASH_BOOT)
[2026-05-23 20:22:54.928] Saved PC:0x40384eba
[2026-05-23 20:22:54.928] SPIWP:0xee
[2026-05-23 20:22:54.928] mode:DIO, clock div:1
[2026-05-23 20:22:54.929] load:0x3fcd5820,len:0x1574
[2026-05-23 20:22:54.929] load:0x403cc710,len:0xc30
[2026-05-23 20:22:54.940] load:0x403ce710,len:0x2fa0
[2026-05-23 20:22:54.940] entry 0x403cc71a
[2026-05-23 20:22:54.941] I (24) boot: ESP-IDF v5.4.1 2nd stage bootloader
[2026-05-23 20:22:54.944] I (24) boot: compile time May 19 2026 23:41:33
[2026-05-23 20:22:54.949] I (25) boot: chip revision: v0.4
[2026-05-23 20:22:54.956] I (25) boot: efuse block revision: v1.3
[2026-05-23 20:22:54.960] I (25) boot.esp32c3: SPI Speed      : 80MHz
[2026-05-23 20:22:54.960] I (25) boot.esp32c3: SPI Mode       : DIO
[2026-05-23 20:22:54.969] I (26) boot.esp32c3: SPI Flash Size : 2MB
[2026-05-23 20:22:54.973] I (26) boot: Enabling RNG early entropy source...
[2026-05-23 20:22:54.975] I (27) boot: Partition Table:
[2026-05-23 20:22:54.992] I (27) boot: ## Label            Usage          Type ST Offset   Length
[2026-05-23 20:22:55.009] I (28) boot:  0 nvs              WiFi data        01 02 00009000 00006000
[2026-05-23 20:22:55.016] I (29) boot:  1 phy_init         RF data          01 01 0000f000 00001000
[2026-05-23 20:22:55.019] I (29) boot:  2 factory          factory app      00 00 00010000 00100000
[2026-05-23 20:22:55.020] I (30) boot: End of partition table
[2026-05-23 20:22:55.033] I (31) esp_image: segment 0: paddr=00010020 vaddr=3c0a0020 size=19850h (104528) map
[2026-05-23 20:22:55.037] I (48) esp_image: segment 1: paddr=00029878 vaddr=3fc95000 size=02da0h ( 11680) load
[2026-05-23 20:22:55.041] I (51) esp_image: segment 2: paddr=0002c620 vaddr=40380000 size=039f8h ( 14840) load
[2026-05-23 20:22:55.044] I (54) esp_image: segment 3: paddr=00030020 vaddr=42000020 size=990b4h (626868) map
[2026-05-23 20:22:55.047] I (154) esp_image: segment 4: paddr=000c90dc vaddr=403839f8 size=114f8h ( 70904) load
[2026-05-23 20:22:55.052] I (168) esp_image: segment 5: paddr=000da5dc vaddr=50000200 size=0001ch (    28) load
[2026-05-23 20:22:55.055] I (174) boot: Loaded app from partition at offset 0x10000
[2026-05-23 20:22:55.059] I (175) boot: Disabling RNG early entropy source...
[2026-05-23 20:22:55.060] I (176) cpu_start: Unicore app
[2026-05-23 20:22:55.071] I (184) cpu_start: Pro cpu start user code
[2026-05-23 20:22:55.076] I (185) cpu_start: cpu freq: 160000000 Hz
[2026-05-23 20:22:55.082] I (185) app_init: Application information:
[2026-05-23 20:22:55.089] I (185) app_init: Project name:     sensor_acquirer
[2026-05-23 20:22:55.094] I (185) app_init: App version:      v1.0-171-gbbe0783
[2026-05-23 20:22:55.095] I (186) app_init: Compile time:     May 23 2026 14:30:40
[2026-05-23 20:22:55.096] I (186) app_init: ELF file SHA256:  0e7d705e7...
[2026-05-23 20:22:55.098] I (187) app_init: ESP-IDF:          v5.4.1
[2026-05-23 20:22:55.098] I (187) efuse_init: Min chip rev:     v0.3
[2026-05-23 20:22:55.099] I (188) efuse_init: Max chip rev:     v1.99
[2026-05-23 20:22:55.100] I (188) efuse_init: Chip rev:         v0.4
[2026-05-23 20:22:55.101] I (189) heap_init: Initializing. RAM available for dynamic allocation:
[2026-05-23 20:22:55.103] I (190) heap_init: At 3FC9C130 len 00023ED0 (143 KiB): RAM
[2026-05-23 20:22:55.104] I (190) heap_init: At 3FCC0000 len 0001C710 (113 KiB): Retention RAM
[2026-05-23 20:22:55.107] I (191) heap_init: At 3FCDC710 len 00002950 (10 KiB): Retention RAM
[2026-05-23 20:22:55.108] I (192) heap_init: At 5000021C len 00001DCC (7 KiB): RTCRAM
[2026-05-23 20:22:55.109] I (193) spi_flash: detected chip: generic
[2026-05-23 20:22:55.110] I (193) spi_flash: flash io: dio
[2026-05-23 20:22:55.112] W (194) spi_flash: Detected size(4096k) larger than the size in the binary image header(2048k). Using the size in the binary image header.
[2026-05-23 20:22:55.116] I (195) sleep_gpio: Configure to isolate all GPIO pins in sleep state
[2026-05-23 20:22:55.117] I (196) sleep_gpio: Enable automatic switching of GPIO sleep configuration
[2026-05-23 20:22:55.118] I (197) main_task: Started on CPU0
[2026-05-23 20:22:55.121] I (197) main_task: Calling app_main()
[2026-05-23 20:22:55.121] WCAN_CFG_WAIT v=1
# UART boot config sent: wcan v=1 role=sensor transport=MULTICAST test_duration_ms=30000 host_wait_time_ms=5000 base=0xd0 count=3 hz=750 linger=100
[2026-05-23 20:22:55.122] WCAN_CFG_WAIT v=1
[2026-05-23 20:22:57.564] WCAN_CFG_ACK
[2026-05-23 20:22:57.565] WCAN_CFG_ACK
[2026-05-23 20:22:57.570] I (2866) pp: pp rom version: 9387209
[2026-05-23 20:22:57.574] I (2867) net80211: net80211 rom version: 9387209
[2026-05-23 20:22:57.577] I (2868) wifi:wifi driver task: 3fca7594, prio:23, stack:6656, core=0
[2026-05-23 20:22:57.578] I (2872) wifi:wifi firmware version: 79fa3f41ba
[2026-05-23 20:22:57.578] I (2872) wifi:wifi certification version: v7.0
[2026-05-23 20:22:57.579] I (2872) wifi:config NVS flash: enabled
[2026-05-23 20:22:57.579] I (2872) wifi:config nano formatting: disabled
[2026-05-23 20:22:57.580] I (2873) wifi:Init data frame dynamic rx buffer num: 32
[2026-05-23 20:22:57.581] I (2873) wifi:Init static rx mgmt buffer num: 5
[2026-05-23 20:22:57.581] I (2874) wifi:Init management short buffer num: 32
[2026-05-23 20:22:57.582] I (2874) wifi:Init dynamic tx buffer num: 32
[2026-05-23 20:22:57.582] I (2875) wifi:Init static tx FG buffer num: 2
[2026-05-23 20:22:57.583] I (2875) wifi:Init static rx buffer size: 1600
[2026-05-23 20:22:57.583] I (2876) wifi:Init static rx buffer num: 10
[2026-05-23 20:22:57.584] I (2876) wifi:Init dynamic rx buffer num: 32
[2026-05-23 20:22:57.584] I (2877) wifi_init: rx ba win: 6
[2026-05-23 20:22:57.585] I (2878) wifi_init: accept mbox: 6
[2026-05-23 20:22:57.585] I (2878) wifi_init: tcpip mbox: 32
[2026-05-23 20:22:57.585] I (2878) wifi_init: udp mbox: 6
[2026-05-23 20:22:57.586] I (2878) wifi_init: tcp mbox: 6
[2026-05-23 20:22:57.586] I (2879) wifi_init: tcp tx win: 5760
[2026-05-23 20:22:57.586] I (2879) wifi_init: tcp rx win: 5760
[2026-05-23 20:22:57.587] I (2880) wifi_init: tcp mss: 1440
[2026-05-23 20:22:57.587] I (2880) wifi_init: WiFi IRAM OP enabled
[2026-05-23 20:22:57.589] I (2880) wifi_init: WiFi RX IRAM OP enabled
[2026-05-23 20:22:57.591] I (2881) phy_init: phy_version 1200,2b7123f9,Feb 18 2025,15:22:21
[2026-05-23 20:22:57.617] I (2915) wifi:mode : sta (54:32:04:8c:0b:8c)
[2026-05-23 20:22:57.617] I (2916) wifi:enable tsf
[2026-05-23 20:22:57.620] I (2919) ESPNOW: espnow [version: 2.0] init
[2026-05-23 20:22:57.621] WCAN_TEST_READY role=sensor
# Waiting for phased test start
# UART test start sent: WCAN_TEST_START at 2026-05-23T20:22:57.632804
[2026-05-23 20:23:27.965] WCAN_BATCH id=0xd0 count=296 avg_hz=9.87 avg_points=76.00 min_points=76 max_points=76 avg_interval_ms=101.31 min_interval_ms=101.28 max_interval_ms=101.33 avg_dispatch_ms=4.25 max_dispatch_ms=17.82 dispatched_count=296 avg_queue_wait_ms=0.16 max_queue_wait_ms=0.28
[2026-05-23 20:23:27.966] WCAN_BATCH id=0xd1 count=296 avg_hz=9.87 avg_points=76.00 min_points=76 max_points=76 avg_interval_ms=101.31 min_interval_ms=101.26 max_interval_ms=101.35 avg_dispatch_ms=3.62 max_dispatch_ms=9.78 dispatched_count=296 avg_queue_wait_ms=4.48 max_queue_wait_ms=18.03
[2026-05-23 20:23:27.968] WCAN_BATCH id=0xd2 count=296 avg_hz=9.87 avg_points=76.00 min_points=76 max_points=76 avg_interval_ms=101.31 min_interval_ms=101.26 max_interval_ms=101.35 avg_dispatch_ms=4.03 max_dispatch_ms=19.26 dispatched_count=296 avg_queue_wait_ms=8.18 max_queue_wait_ms=24.95
[2026-05-23 20:23:27.968] WCAN_SENSOR_END generated=22504 avg_hz=750.19
[2026-05-23 20:23:27.972] WCAN_MEASURES elapsed_ms=29999 heap_start_free=66296 heap_end_free=76512 heap_start_min_free=66296 heap_end_min_free=61676 heap_start_largest=47104 heap_end_largest=43008 airtime_us_total=3511248 packets_sent_total=888 sensor_send_failures_total=0
[2026-05-23 20:23:27.972] WCAN_TEST_END role=sensor

# Monitor stopped: 2026-05-23T20:23:27.972253
