# Monitor started: 2026-05-23T18:23:58.638342
# Port: /dev/ttyACM0, Baud: 921600, Timeout: 35.000s after WCAN_TEST_START

# UART boot config: wcan v=1 role=sensor transport=BROADCAST test_duration_ms=30000 host_wait_time_ms=5000 base=0xd0 count=1 hz=1000 linger=100
[2026-05-23 18:23:58.649] ESP-ROM:esp32c3-api1-20210207
[2026-05-23 18:23:58.658] Build:Feb  7 2021
[2026-05-23 18:23:58.685] rst:0x15 (USB_UART_CHIP_RESET),boot:0xd (SPI_FAST_FLASH_BOOT)
[2026-05-23 18:23:58.691] Saved PC:0x40384eba
[2026-05-23 18:23:58.695] SPIWP:0xee
[2026-05-23 18:23:58.701] mode:DIO, clock div:1
[2026-05-23 18:23:58.713] load:0x3fcd5820,len:0x1574
[2026-05-23 18:23:58.715] load:0x403cc710,len:0xc30
[2026-05-23 18:23:58.718] load:0x403ce710,len:0x2fa0
[2026-05-23 18:23:58.719] entry 0x403cc71a
[2026-05-23 18:23:58.723] I (24) boot: ESP-IDF v5.4.1 2nd stage bootloader
[2026-05-23 18:23:58.730] I (24) boot: compile time May 20 2026 00:05:32
[2026-05-23 18:23:58.735] I (25) boot: chip revision: v0.4
[2026-05-23 18:23:58.755] I (25) boot: efuse block revision: v1.3
[2026-05-23 18:23:58.761] I (25) boot.esp32c3: SPI Speed      : 80MHz
[2026-05-23 18:23:58.763] I (25) boot.esp32c3: SPI Mode       : DIO
[2026-05-23 18:23:58.772] I (26) boot.esp32c3: SPI Flash Size : 2MB
[2026-05-23 18:23:58.775] I (26) boot: Enabling RNG early entropy source...
[2026-05-23 18:23:58.775] I (27) boot: Partition Table:
[2026-05-23 18:23:58.779] I (27) boot: ## Label            Usage          Type ST Offset   Length
[2026-05-23 18:23:58.781] I (28) boot:  0 nvs              WiFi data        01 02 00009000 00006000
[2026-05-23 18:23:58.785] I (29) boot:  1 phy_init         RF data          01 01 0000f000 00001000
[2026-05-23 18:23:58.787] I (29) boot:  2 factory          factory app      00 00 00010000 00100000
[2026-05-23 18:23:58.788] I (30) boot: End of partition table
[2026-05-23 18:23:58.791] I (31) esp_image: segment 0: paddr=00010020 vaddr=3c0a0020 size=1977ch (104316) map
[2026-05-23 18:23:58.793] I (48) esp_image: segment 1: paddr=000297a4 vaddr=3fc95200 size=02da0h ( 11680) load
[2026-05-23 18:23:58.798] I (51) esp_image: segment 2: paddr=0002c54c vaddr=40380000 size=03acch ( 15052) load
[2026-05-23 18:23:58.805] I (54) esp_image: segment 3: paddr=00030020 vaddr=42000020 size=9942ch (627756) map
[2026-05-23 18:23:58.807] I (154) esp_image: segment 4: paddr=000c9454 vaddr=40383acc size=11614h ( 71188) load
[2026-05-23 18:23:58.812] I (168) esp_image: segment 5: paddr=000daa70 vaddr=50000200 size=0001ch (    28) load
[2026-05-23 18:23:58.817] I (175) boot: Loaded app from partition at offset 0x10000
[2026-05-23 18:23:58.819] I (175) boot: Disabling RNG early entropy source...
[2026-05-23 18:23:58.820] I (176) cpu_start: Unicore app
[2026-05-23 18:23:58.820] I (185) cpu_start: Pro cpu start user code
[2026-05-23 18:23:58.822] I (185) cpu_start: cpu freq: 160000000 Hz
[2026-05-23 18:23:58.825] I (185) app_init: Application information:
[2026-05-23 18:23:58.827] I (185) app_init: Project name:     sensor_acquirer
[2026-05-23 18:23:58.828] I (185) app_init: App version:      v1.0-171-gbbe0783
[2026-05-23 18:23:58.829] I (186) app_init: Compile time:     May 23 2026 14:30:31
[2026-05-23 18:23:58.831] I (186) app_init: ELF file SHA256:  493679023...
[2026-05-23 18:23:58.832] I (187) app_init: ESP-IDF:          v5.4.1
[2026-05-23 18:23:58.832] I (187) efuse_init: Min chip rev:     v0.3
[2026-05-23 18:23:58.833] I (188) efuse_init: Max chip rev:     v1.99
[2026-05-23 18:23:58.834] I (188) efuse_init: Chip rev:         v0.4
[2026-05-23 18:23:58.835] I (189) heap_init: Initializing. RAM available for dynamic allocation:
[2026-05-23 18:23:58.836] I (190) heap_init: At 3FC9C340 len 00023CC0 (143 KiB): RAM
[2026-05-23 18:23:58.837] I (190) heap_init: At 3FCC0000 len 0001C710 (113 KiB): Retention RAM
[2026-05-23 18:23:58.839] I (191) heap_init: At 3FCDC710 len 00002950 (10 KiB): Retention RAM
[2026-05-23 18:23:58.840] I (192) heap_init: At 5000021C len 00001DCC (7 KiB): RTCRAM
[2026-05-23 18:23:58.840] I (193) spi_flash: detected chip: generic
[2026-05-23 18:23:58.841] I (193) spi_flash: flash io: dio
[2026-05-23 18:23:58.843] W (194) spi_flash: Detected size(4096k) larger than the size in the binary image header(2048k). Using the size in the binary image header.
[2026-05-23 18:23:58.844] I (195) sleep_gpio: Configure to isolate all GPIO pins in sleep state
[2026-05-23 18:23:58.846] I (196) sleep_gpio: Enable automatic switching of GPIO sleep configuration
[2026-05-23 18:23:58.846] I (197) main_task: Started on CPU0
[2026-05-23 18:23:58.847] I (197) main_task: Calling app_main()
[2026-05-23 18:23:58.847] WCAN_CFG_WAIT v=1
# UART boot config sent: wcan v=1 role=sensor transport=BROADCAST test_duration_ms=30000 host_wait_time_ms=5000 base=0xd0 count=1 hz=1000 linger=100
[2026-05-23 18:23:58.848] WCAN_CFG_WAIT v=1
[2026-05-23 18:24:01.317] WCAN_CFG_ACK
[2026-05-23 18:24:01.318] WCAN_CFG_ACK
[2026-05-23 18:24:01.323] I (2882) pp: pp rom version: 9387209
[2026-05-23 18:24:01.329] I (2883) net80211: net80211 rom version: 9387209
[2026-05-23 18:24:01.335] I (2884) wifi:wifi driver task: 3fca77a4, prio:23, stack:6656, core=0
[2026-05-23 18:24:01.339] I (2888) wifi:wifi firmware version: 79fa3f41ba
[2026-05-23 18:24:01.345] I (2888) wifi:wifi certification version: v7.0
[2026-05-23 18:24:01.352] I (2888) wifi:config NVS flash: enabled
[2026-05-23 18:24:01.356] I (2888) wifi:config nano formatting: disabled
[2026-05-23 18:24:01.360] I (2889) wifi:Init data frame dynamic rx buffer num: 32
[2026-05-23 18:24:01.362] I (2889) wifi:Init static rx mgmt buffer num: 5
[2026-05-23 18:24:01.364] I (2890) wifi:Init management short buffer num: 32
[2026-05-23 18:24:01.366] I (2890) wifi:Init dynamic tx buffer num: 32
[2026-05-23 18:24:01.368] I (2891) wifi:Init static tx FG buffer num: 2
[2026-05-23 18:24:01.370] I (2891) wifi:Init static rx buffer size: 1600
[2026-05-23 18:24:01.372] I (2892) wifi:Init static rx buffer num: 10
[2026-05-23 18:24:01.374] I (2892) wifi:Init dynamic rx buffer num: 32
[2026-05-23 18:24:01.375] I (2894) wifi_init: rx ba win: 6
[2026-05-23 18:24:01.376] I (2894) wifi_init: accept mbox: 6
[2026-05-23 18:24:01.377] I (2894) wifi_init: tcpip mbox: 32
[2026-05-23 18:24:01.379] I (2894) wifi_init: udp mbox: 6
[2026-05-23 18:24:01.380] I (2894) wifi_init: tcp mbox: 6
[2026-05-23 18:24:01.381] I (2895) wifi_init: tcp tx win: 5760
[2026-05-23 18:24:01.382] I (2895) wifi_init: tcp rx win: 5760
[2026-05-23 18:24:01.383] I (2896) wifi_init: tcp mss: 1440
[2026-05-23 18:24:01.384] I (2896) wifi_init: WiFi IRAM OP enabled
[2026-05-23 18:24:01.386] I (2896) wifi_init: WiFi RX IRAM OP enabled
[2026-05-23 18:24:01.388] I (2897) phy_init: phy_version 1200,2b7123f9,Feb 18 2025,15:22:21
[2026-05-23 18:24:01.389] I (2931) wifi:mode : sta (54:32:04:8c:0b:8c)
[2026-05-23 18:24:01.390] I (2932) wifi:enable tsf
[2026-05-23 18:24:01.391] I (2935) ESPNOW: espnow [version: 2.0] init
[2026-05-23 18:24:01.392] WCAN_TEST_READY role=sensor
# Waiting for phased test start
# UART test start sent: WCAN_TEST_START at 2026-05-23T18:24:01.403321
[2026-05-23 18:24:02.214] P(FAIL):3578:d0:0:0:100:101
[2026-05-23 18:24:02.538] P(FAIL):3903:d0:1:101:201:101
[2026-05-23 18:24:02.989] P(FAIL):4353:d0:8:808:908:101
[2026-05-23 18:24:03.423] P(FAIL):4787:d0:12:1212:1312:101
[2026-05-23 18:24:03.829] P(FAIL):5193:d0:13:1313:1413:101
[2026-05-23 18:24:04.306] P(FAIL):5670:d0:21:2121:2221:101
[2026-05-23 18:24:04.783] P(FAIL):6147:d0:25:2525:2625:101
[2026-05-23 18:24:05.343] P(FAIL):6707:d0:31:3131:3231:101
[2026-05-23 18:24:05.724] P(FAIL):7088:d0:32:3232:3332:101
[2026-05-23 18:24:06.141] P(FAIL):7505:d0:36:3636:3736:101
[2026-05-23 18:24:06.508] P(FAIL):7872:d0:38:3838:3938:101
[2026-05-23 18:24:07.236] P(FAIL):8600:d0:50:5050:5150:101
[2026-05-23 18:24:07.724] P(FAIL):9088:d0:55:5555:5655:101
[2026-05-23 18:24:08.325] P(FAIL):9689:d0:60:6060:6160:101
[2026-05-23 18:24:08.815] P(FAIL):10179:d0:66:6666:6766:101
[2026-05-23 18:24:09.198] P(FAIL):10562:d0:70:7070:7170:101
[2026-05-23 18:24:09.608] P(FAIL):10972:d0:74:7474:7574:101
[2026-05-23 18:24:10.030] P(FAIL):11394:d0:78:7878:7978:101
[2026-05-23 18:24:10.472] P(FAIL):11836:d0:82:8282:8382:101
[2026-05-23 18:24:10.836] P(FAIL):12200:d0:86:8686:8786:101
[2026-05-23 18:24:11.258] P(FAIL):12622:d0:90:9090:9190:101
[2026-05-23 18:24:11.700] P(FAIL):13064:d0:94:9494:9594:101
[2026-05-23 18:24:12.066] P(FAIL):13430:d0:96:9696:9796:101
[2026-05-23 18:24:12.519] P(FAIL):13883:d0:102:10302:10402:101
[2026-05-23 18:24:13.028] P(FAIL):14392:d0:107:10807:10907:101
[2026-05-23 18:24:13.434] P(FAIL):14798:d0:112:11312:11412:101
[2026-05-23 18:24:13.915] P(FAIL):15279:d0:116:11716:11816:101
[2026-05-23 18:24:14.295] P(FAIL):15659:d0:119:12019:12119:101
[2026-05-23 18:24:14.666] P(FAIL):16031:d0:124:12524:12624:101
[2026-05-23 18:24:15.356] P(FAIL):16720:d0:130:13130:13230:101
[2026-05-23 18:24:15.822] P(FAIL):17186:d0:136:13736:13836:101
[2026-05-23 18:24:16.228] P(FAIL):17592:d0:139:14039:14139:101
[2026-05-23 18:24:16.675] P(FAIL):18039:d0:143:14443:14543:101
[2026-05-23 18:24:17.154] P(FAIL):18518:d0:148:14948:15048:101
[2026-05-23 18:24:17.503] P(FAIL):18867:d0:150:15150:15250:101
[2026-05-23 18:24:17.941] P(FAIL):19303:d0:156:15756:15856:101
[2026-05-23 18:24:18.282] P(FAIL):19647:d0:160:16160:16260:101
[2026-05-23 18:24:18.724] P(FAIL):20088:d0:164:16564:16664:101
[2026-05-23 18:24:19.083] P(FAIL):20447:d0:168:16968:17068:101
[2026-05-23 18:24:19.489] P(FAIL):20853:d0:172:17372:17472:101
[2026-05-23 18:24:19.905] P(FAIL):21269:d0:176:17776:17876:101
[2026-05-23 18:24:20.343] P(FAIL):21707:d0:180:18180:18280:101
[2026-05-23 18:24:20.729] P(FAIL):22093:d0:184:18584:18684:101
[2026-05-23 18:24:21.119] P(FAIL):22483:d0:188:18988:19088:101
[2026-05-23 18:24:21.600] P(FAIL):22965:d0:192:19392:19492:101
[2026-05-23 18:24:21.949] P(FAIL):23313:d0:193:19493:19593:101
[2026-05-23 18:24:22.410] P(FAIL):23774:d0:200:20200:20300:101
[2026-05-23 18:24:22.721] P(FAIL):24084:d0:201:20301:20401:101
[2026-05-23 18:24:23.280] P(FAIL):24644:d0:209:21109:21209:101
[2026-05-23 18:24:23.648] P(FAIL):25013:d0:213:21513:21613:101
[2026-05-23 18:24:24.013] P(FAIL):25377:d0:217:21917:22017:101
[2026-05-23 18:24:24.582] P(FAIL):25947:d0:222:22422:22522:101
[2026-05-23 18:24:25.135] P(FAIL):26499:d0:227:22927:23027:101
[2026-05-23 18:24:25.518] P(FAIL):26882:d0:229:23129:23229:101
[2026-05-23 18:24:25.991] P(FAIL):27355:d0:234:23634:23734:101
[2026-05-23 18:24:26.461] P(FAIL):27825:d0:240:24240:24340:101
[2026-05-23 18:24:26.935] P(FAIL):28299:d0:245:24745:24845:101
[2026-05-23 18:24:27.329] P(FAIL):28693:d0:249:25149:25249:101
[2026-05-23 18:24:27.746] P(FAIL):29111:d0:253:25553:25653:101
[2026-05-23 18:24:28.174] P(FAIL):29538:d0:258:26058:26158:101
[2026-05-23 18:24:28.574] P(FAIL):29938:d0:262:26462:26562:101
[2026-05-23 18:24:29.059] P(FAIL):30424:d0:266:26866:26966:101
[2026-05-23 18:24:29.455] P(FAIL):30819:d0:269:27169:27269:101
[2026-05-23 18:24:30.007] P(FAIL):31372:d0:275:27775:27875:101
[2026-05-23 18:24:30.458] P(FAIL):31822:d0:280:28280:28380:101
[2026-05-23 18:24:30.991] P(FAIL):32355:d0:285:28785:28885:101
[2026-05-23 18:24:31.383] P(FAIL):32747:d0:287:28987:29087:101
[2026-05-23 18:24:31.761] P(FAIL):33125:d0:289:29189:29289:101
[2026-05-23 18:24:32.561] P(FAIL):33925:d0:290:29290:29390:101
[2026-05-23 18:24:32.720] WCAN_BATCH id=0xd0 count=298 avg_hz=9.90 avg_points=100.67 min_points=2 max_points=101 avg_interval_ms=101.00 min_interval_ms=100.89 max_interval_ms=101.08 avg_dispatch_ms=5.23 max_dispatch_ms=14.25 dispatched_count=504 avg_queue_wait_ms=197.03 max_queue_wait_ms=764.28
[2026-05-23 18:24:32.724] WCAN_SENSOR_END generated=29998 avg_hz=1000.00
[2026-05-23 18:24:32.739] WCAN_MEASURES elapsed_ms=29999 heap_start_free=126648 heap_end_free=141280 heap_start_min_free=124496 heap_end_min_free=123820 heap_start_largest=98304 heap_end_largest=98304 airtime_us_total=2630308 packets_sent_total=504 sensor_send_failures_total=0
[2026-05-23 18:24:32.740] WCAN_TEST_END role=sensor

# Monitor stopped: 2026-05-23T18:24:32.740277
