# Monitor started: 2026-05-23T20:27:05.460921
# Port: /dev/ttyACM0, Baud: 921600, Timeout: 35.000s after WCAN_TEST_START

# UART boot config: wcan v=1 role=sensor transport=MULTICAST test_duration_ms=30000 host_wait_time_ms=5000 base=0xd0 count=3 hz=750 linger=100
[2026-05-23 20:27:05.472] ESP-ROM:esp32c3-api1-20210207
[2026-05-23 20:27:05.479] Build:Feb  7 2021
[2026-05-23 20:27:05.495] rst:0x15 (USB_UART_CHIP_RESET),boot:0xd (SPI_FAST_FLASH_BOOT)
[2026-05-23 20:27:05.501] Saved PC:0x40384eba
[2026-05-23 20:27:05.504] SPIWP:0xee
[2026-05-23 20:27:05.514] mode:DIO, clock div:1
[2026-05-23 20:27:05.518] load:0x3fcd5820,len:0x1574
[2026-05-23 20:27:05.521] load:0x403cc710,len:0xc30
[2026-05-23 20:27:05.524] load:0x403ce710,len:0x2fa0
[2026-05-23 20:27:05.526] entry 0x403cc71a
[2026-05-23 20:27:05.529] I (24) boot: ESP-IDF v5.4.1 2nd stage bootloader
[2026-05-23 20:27:05.532] I (24) boot: compile time May 19 2026 23:41:33
[2026-05-23 20:27:05.533] I (25) boot: chip revision: v0.4
[2026-05-23 20:27:05.534] I (25) boot: efuse block revision: v1.3
[2026-05-23 20:27:05.538] I (25) boot.esp32c3: SPI Speed      : 80MHz
[2026-05-23 20:27:05.542] I (25) boot.esp32c3: SPI Mode       : DIO
[2026-05-23 20:27:05.545] I (26) boot.esp32c3: SPI Flash Size : 2MB
[2026-05-23 20:27:05.549] I (26) boot: Enabling RNG early entropy source...
[2026-05-23 20:27:05.551] I (27) boot: Partition Table:
[2026-05-23 20:27:05.567] I (27) boot: ## Label            Usage          Type ST Offset   Length
[2026-05-23 20:27:05.573] I (28) boot:  0 nvs              WiFi data        01 02 00009000 00006000
[2026-05-23 20:27:05.575] I (29) boot:  1 phy_init         RF data          01 01 0000f000 00001000
[2026-05-23 20:27:05.581] I (29) boot:  2 factory          factory app      00 00 00010000 00100000
[2026-05-23 20:27:05.582] I (30) boot: End of partition table
[2026-05-23 20:27:05.587] I (31) esp_image: segment 0: paddr=00010020 vaddr=3c0a0020 size=19850h (104528) map
[2026-05-23 20:27:05.590] I (48) esp_image: segment 1: paddr=00029878 vaddr=3fc95000 size=02da0h ( 11680) load
[2026-05-23 20:27:05.591] I (51) esp_image: segment 2: paddr=0002c620 vaddr=40380000 size=039f8h ( 14840) load
[2026-05-23 20:27:05.593] I (54) esp_image: segment 3: paddr=00030020 vaddr=42000020 size=990b4h (626868) map
[2026-05-23 20:27:05.597] I (154) esp_image: segment 4: paddr=000c90dc vaddr=403839f8 size=114f8h ( 70904) load
[2026-05-23 20:27:05.599] I (168) esp_image: segment 5: paddr=000da5dc vaddr=50000200 size=0001ch (    28) load
[2026-05-23 20:27:05.603] I (174) boot: Loaded app from partition at offset 0x10000
[2026-05-23 20:27:05.612] I (175) boot: Disabling RNG early entropy source...
[2026-05-23 20:27:05.613] I (176) cpu_start: Unicore app
[2026-05-23 20:27:05.614] I (184) cpu_start: Pro cpu start user code
[2026-05-23 20:27:05.616] I (184) cpu_start: cpu freq: 160000000 Hz
[2026-05-23 20:27:05.619] I (185) app_init: Application information:
[2026-05-23 20:27:05.620] I (185) app_init: Project name:     sensor_acquirer
[2026-05-23 20:27:05.623] I (185) app_init: App version:      v1.0-171-gbbe0783
[2026-05-23 20:27:05.626] I (186) app_init: Compile time:     May 23 2026 14:30:40
[2026-05-23 20:27:05.627] I (186) app_init: ELF file SHA256:  0e7d705e7...
[2026-05-23 20:27:05.630] I (187) app_init: ESP-IDF:          v5.4.1
[2026-05-23 20:27:05.633] I (187) efuse_init: Min chip rev:     v0.3
[2026-05-23 20:27:05.633] I (188) efuse_init: Max chip rev:     v1.99
[2026-05-23 20:27:05.636] I (188) efuse_init: Chip rev:         v0.4
[2026-05-23 20:27:05.646] I (189) heap_init: Initializing. RAM available for dynamic allocation:
[2026-05-23 20:27:05.652] I (190) heap_init: At 3FC9C130 len 00023ED0 (143 KiB): RAM
[2026-05-23 20:27:05.654] I (190) heap_init: At 3FCC0000 len 0001C710 (113 KiB): Retention RAM
[2026-05-23 20:27:05.655] I (191) heap_init: At 3FCDC710 len 00002950 (10 KiB): Retention RAM
[2026-05-23 20:27:05.656] I (192) heap_init: At 5000021C len 00001DCC (7 KiB): RTCRAM
[2026-05-23 20:27:05.657] I (193) spi_flash: detected chip: generic
[2026-05-23 20:27:05.657] I (193) spi_flash: flash io: dio
[2026-05-23 20:27:05.659] W (193) spi_flash: Detected size(4096k) larger than the size in the binary image header(2048k). Using the size in the binary image header.
[2026-05-23 20:27:05.661] I (195) sleep_gpio: Configure to isolate all GPIO pins in sleep state
[2026-05-23 20:27:05.662] I (196) sleep_gpio: Enable automatic switching of GPIO sleep configuration
[2026-05-23 20:27:05.662] I (197) main_task: Started on CPU0
[2026-05-23 20:27:05.663] I (197) main_task: Calling app_main()
[2026-05-23 20:27:05.663] WCAN_CFG_WAIT v=1
# UART boot config sent: wcan v=1 role=sensor transport=MULTICAST test_duration_ms=30000 host_wait_time_ms=5000 base=0xd0 count=3 hz=750 linger=100
[2026-05-23 20:27:05.664] WCAN_CFG_WAIT v=1
[2026-05-23 20:27:08.120] WCAN_CFG_ACK
[2026-05-23 20:27:08.121] WCAN_CFG_ACK
[2026-05-23 20:27:08.125] I (2862) pp: pp rom version: 9387209
[2026-05-23 20:27:08.130] I (2863) net80211: net80211 rom version: 9387209
[2026-05-23 20:27:08.135] I (2864) wifi:wifi driver task: 3fca7594, prio:23, stack:6656, core=0
[2026-05-23 20:27:08.139] I (2868) wifi:wifi firmware version: 79fa3f41ba
[2026-05-23 20:27:08.143] I (2868) wifi:wifi certification version: v7.0
[2026-05-23 20:27:08.146] I (2868) wifi:config NVS flash: enabled
[2026-05-23 20:27:08.150] I (2868) wifi:config nano formatting: disabled
[2026-05-23 20:27:08.154] I (2869) wifi:Init data frame dynamic rx buffer num: 32
[2026-05-23 20:27:08.156] I (2869) wifi:Init static rx mgmt buffer num: 5
[2026-05-23 20:27:08.158] I (2870) wifi:Init management short buffer num: 32
[2026-05-23 20:27:08.160] I (2870) wifi:Init dynamic tx buffer num: 32
[2026-05-23 20:27:08.162] I (2871) wifi:Init static tx FG buffer num: 2
[2026-05-23 20:27:08.163] I (2872) wifi:Init static rx buffer size: 1600
[2026-05-23 20:27:08.165] I (2872) wifi:Init static rx buffer num: 10
[2026-05-23 20:27:08.167] I (2872) wifi:Init dynamic rx buffer num: 32
[2026-05-23 20:27:08.168] I (2874) wifi_init: rx ba win: 6
[2026-05-23 20:27:08.170] I (2874) wifi_init: accept mbox: 6
[2026-05-23 20:27:08.171] I (2874) wifi_init: tcpip mbox: 32
[2026-05-23 20:27:08.172] I (2874) wifi_init: udp mbox: 6
[2026-05-23 20:27:08.174] I (2874) wifi_init: tcp mbox: 6
[2026-05-23 20:27:08.175] I (2875) wifi_init: tcp tx win: 5760
[2026-05-23 20:27:08.176] I (2875) wifi_init: tcp rx win: 5760
[2026-05-23 20:27:08.177] I (2876) wifi_init: tcp mss: 1440
[2026-05-23 20:27:08.178] I (2876) wifi_init: WiFi IRAM OP enabled
[2026-05-23 20:27:08.180] I (2876) wifi_init: WiFi RX IRAM OP enabled
[2026-05-23 20:27:08.182] I (2877) phy_init: phy_version 1200,2b7123f9,Feb 18 2025,15:22:21
[2026-05-23 20:27:08.183] I (2911) wifi:mode : sta (54:32:04:8c:0b:8c)
[2026-05-23 20:27:08.184] I (2912) wifi:enable tsf
[2026-05-23 20:27:08.186] I (2915) ESPNOW: espnow [version: 2.0] init
[2026-05-23 20:27:08.187] WCAN_TEST_READY role=sensor
# Waiting for phased test start
# UART test start sent: WCAN_TEST_START at 2026-05-23T20:27:08.198736
[2026-05-23 20:27:38.536] WCAN_BATCH id=0xd0 count=296 avg_hz=9.87 avg_points=76.00 min_points=76 max_points=76 avg_interval_ms=101.31 min_interval_ms=101.25 max_interval_ms=101.33 avg_dispatch_ms=4.48 max_dispatch_ms=30.31 dispatched_count=296 avg_queue_wait_ms=0.13 max_queue_wait_ms=0.27
[2026-05-23 20:27:38.546] WCAN_BATCH id=0xd1 count=296 avg_hz=9.87 avg_points=76.00 min_points=76 max_points=76 avg_interval_ms=101.31 min_interval_ms=101.23 max_interval_ms=101.34 avg_dispatch_ms=9.73 max_dispatch_ms=32.64 dispatched_count=296 avg_queue_wait_ms=4.66 max_queue_wait_ms=30.49
[2026-05-23 20:27:38.553] WCAN_BATCH id=0xd2 count=296 avg_hz=9.87 avg_points=76.00 min_points=76 max_points=76 avg_interval_ms=101.31 min_interval_ms=101.23 max_interval_ms=101.34 avg_dispatch_ms=8.80 max_dispatch_ms=26.27 dispatched_count=296 avg_queue_wait_ms=14.47 max_queue_wait_ms=37.44
[2026-05-23 20:27:38.554] WCAN_SENSOR_END generated=22504 avg_hz=750.19
[2026-05-23 20:27:38.559] WCAN_MEASURES elapsed_ms=29999 heap_start_free=66296 heap_end_free=82364 heap_start_min_free=66280 heap_end_min_free=65576 heap_start_largest=47104 heap_end_largest=47104 airtime_us_total=6798510 packets_sent_total=888 sensor_send_failures_total=0
[2026-05-23 20:27:38.559] WCAN_TEST_END role=sensor

# Monitor stopped: 2026-05-23T20:27:38.559786
