# Monitor started: 2026-05-23T18:25:24.202476
# Port: /dev/ttyACM0, Baud: 921600, Timeout: 35.000s after WCAN_TEST_START

# UART boot config: wcan v=1 role=sensor transport=BROADCAST test_duration_ms=30000 host_wait_time_ms=5000 base=0xd0 count=1 hz=1000 linger=100
[2026-05-23 18:25:24.203] ESP-ROM:esp32c3-api1-20210207
[2026-05-23 18:25:24.204] Build:Feb  7 2021
[2026-05-23 18:25:24.209] rst:0x15 (USB_UART_CHIP_RESET),boot:0xd (SPI_FAST_FLASH_BOOT)
[2026-05-23 18:25:24.210] Saved PC:0x40384eba
[2026-05-23 18:25:24.212] SPIWP:0xee
[2026-05-23 18:25:24.215] mode:DIO, clock div:1
[2026-05-23 18:25:24.219] load:0x3fcd5820,len:0x1574
[2026-05-23 18:25:24.220] load:0x403cc710,len:0xc30
[2026-05-23 18:25:24.223] load:0x403ce710,len:0x2fa0
[2026-05-23 18:25:24.225] entry 0x403cc71a
[2026-05-23 18:25:24.229] I (24) boot: ESP-IDF v5.4.1 2nd stage bootloader
[2026-05-23 18:25:24.233] I (24) boot: compile time May 20 2026 00:05:32
[2026-05-23 18:25:24.235] I (24) boot: chip revision: v0.4
[2026-05-23 18:25:24.239] I (25) boot: efuse block revision: v1.3
[2026-05-23 18:25:24.243] I (25) boot.esp32c3: SPI Speed      : 80MHz
[2026-05-23 18:25:24.247] I (25) boot.esp32c3: SPI Mode       : DIO
[2026-05-23 18:25:24.252] I (26) boot.esp32c3: SPI Flash Size : 2MB
[2026-05-23 18:25:24.256] I (26) boot: Enabling RNG early entropy source...
[2026-05-23 18:25:24.259] I (27) boot: Partition Table:
[2026-05-23 18:25:24.264] I (27) boot: ## Label            Usage          Type ST Offset   Length
[2026-05-23 18:25:24.273] I (28) boot:  0 nvs              WiFi data        01 02 00009000 00006000
[2026-05-23 18:25:24.279] I (29) boot:  1 phy_init         RF data          01 01 0000f000 00001000
[2026-05-23 18:25:24.284] I (29) boot:  2 factory          factory app      00 00 00010000 00100000
[2026-05-23 18:25:24.287] I (30) boot: End of partition table
[2026-05-23 18:25:24.300] I (31) esp_image: segment 0: paddr=00010020 vaddr=3c0a0020 size=1977ch (104316) map
[2026-05-23 18:25:24.305] I (48) esp_image: segment 1: paddr=000297a4 vaddr=3fc95200 size=02da0h ( 11680) load
[2026-05-23 18:25:24.307] I (51) esp_image: segment 2: paddr=0002c54c vaddr=40380000 size=03acch ( 15052) load
[2026-05-23 18:25:24.312] I (54) esp_image: segment 3: paddr=00030020 vaddr=42000020 size=9942ch (627756) map
[2026-05-23 18:25:24.320] I (154) esp_image: segment 4: paddr=000c9454 vaddr=40383acc size=11614h ( 71188) load
[2026-05-23 18:25:24.325] I (168) esp_image: segment 5: paddr=000daa70 vaddr=50000200 size=0001ch (    28) load
[2026-05-23 18:25:24.329] I (175) boot: Loaded app from partition at offset 0x10000
[2026-05-23 18:25:24.334] I (175) boot: Disabling RNG early entropy source...
[2026-05-23 18:25:24.338] I (176) cpu_start: Unicore app
[2026-05-23 18:25:24.341] I (185) cpu_start: Pro cpu start user code
[2026-05-23 18:25:24.345] I (185) cpu_start: cpu freq: 160000000 Hz
[2026-05-23 18:25:24.346] I (185) app_init: Application information:
[2026-05-23 18:25:24.351] I (185) app_init: Project name:     sensor_acquirer
[2026-05-23 18:25:24.356] I (185) app_init: App version:      v1.0-171-gbbe0783
[2026-05-23 18:25:24.360] I (186) app_init: Compile time:     May 23 2026 14:30:31
[2026-05-23 18:25:24.365] I (186) app_init: ELF file SHA256:  493679023...
[2026-05-23 18:25:24.368] I (187) app_init: ESP-IDF:          v5.4.1
[2026-05-23 18:25:24.369] I (187) efuse_init: Min chip rev:     v0.3
[2026-05-23 18:25:24.370] I (188) efuse_init: Max chip rev:     v1.99
[2026-05-23 18:25:24.372] I (188) efuse_init: Chip rev:         v0.4
[2026-05-23 18:25:24.378] I (189) heap_init: Initializing. RAM available for dynamic allocation:
[2026-05-23 18:25:24.381] I (190) heap_init: At 3FC9C340 len 00023CC0 (143 KiB): RAM
[2026-05-23 18:25:24.382] I (190) heap_init: At 3FCC0000 len 0001C710 (113 KiB): Retention RAM
[2026-05-23 18:25:24.383] I (191) heap_init: At 3FCDC710 len 00002950 (10 KiB): Retention RAM
[2026-05-23 18:25:24.384] I (192) heap_init: At 5000021C len 00001DCC (7 KiB): RTCRAM
[2026-05-23 18:25:24.385] I (193) spi_flash: detected chip: generic
[2026-05-23 18:25:24.386] I (193) spi_flash: flash io: dio
[2026-05-23 18:25:24.388] W (194) spi_flash: Detected size(4096k) larger than the size in the binary image header(2048k). Using the size in the binary image header.
[2026-05-23 18:25:24.389] I (195) sleep_gpio: Configure to isolate all GPIO pins in sleep state
[2026-05-23 18:25:24.390] I (196) sleep_gpio: Enable automatic switching of GPIO sleep configuration
[2026-05-23 18:25:24.391] I (197) main_task: Started on CPU0
[2026-05-23 18:25:24.392] I (197) main_task: Calling app_main()
[2026-05-23 18:25:24.392] WCAN_CFG_WAIT v=1
# UART boot config sent: wcan v=1 role=sensor transport=BROADCAST test_duration_ms=30000 host_wait_time_ms=5000 base=0xd0 count=1 hz=1000 linger=100
[2026-05-23 18:25:24.393] WCAN_CFG_WAIT v=1
[2026-05-23 18:25:26.853] WCAN_CFG_ACK
[2026-05-23 18:25:26.853] WCAN_CFG_ACK
[2026-05-23 18:25:26.858] I (2854) pp: pp rom version: 9387209
[2026-05-23 18:25:26.863] I (2855) net80211: net80211 rom version: 9387209
[2026-05-23 18:25:26.868] I (2856) wifi:wifi driver task: 3fca77a4, prio:23, stack:6656, core=0
[2026-05-23 18:25:26.869] I (2860) wifi:wifi firmware version: 79fa3f41ba
[2026-05-23 18:25:26.870] I (2860) wifi:wifi certification version: v7.0
[2026-05-23 18:25:26.871] I (2860) wifi:config NVS flash: enabled
[2026-05-23 18:25:26.872] I (2860) wifi:config nano formatting: disabled
[2026-05-23 18:25:26.873] I (2861) wifi:Init data frame dynamic rx buffer num: 32
[2026-05-23 18:25:26.874] I (2861) wifi:Init static rx mgmt buffer num: 5
[2026-05-23 18:25:26.874] I (2862) wifi:Init management short buffer num: 32
[2026-05-23 18:25:26.874] I (2862) wifi:Init dynamic tx buffer num: 32
[2026-05-23 18:25:26.875] I (2863) wifi:Init static tx FG buffer num: 2
[2026-05-23 18:25:26.876] I (2863) wifi:Init static rx buffer size: 1600
[2026-05-23 18:25:26.877] I (2864) wifi:Init static rx buffer num: 10
[2026-05-23 18:25:26.878] I (2864) wifi:Init dynamic rx buffer num: 32
[2026-05-23 18:25:26.879] I (2865) wifi_init: rx ba win: 6
[2026-05-23 18:25:26.881] I (2866) wifi_init: accept mbox: 6
[2026-05-23 18:25:26.881] I (2866) wifi_init: tcpip mbox: 32
[2026-05-23 18:25:26.882] I (2866) wifi_init: udp mbox: 6
[2026-05-23 18:25:26.883] I (2866) wifi_init: tcp mbox: 6
[2026-05-23 18:25:26.883] I (2867) wifi_init: tcp tx win: 5760
[2026-05-23 18:25:26.884] I (2867) wifi_init: tcp rx win: 5760
[2026-05-23 18:25:26.885] I (2868) wifi_init: tcp mss: 1440
[2026-05-23 18:25:26.885] I (2868) wifi_init: WiFi IRAM OP enabled
[2026-05-23 18:25:26.886] I (2868) wifi_init: WiFi RX IRAM OP enabled
[2026-05-23 18:25:26.888] I (2869) phy_init: phy_version 1200,2b7123f9,Feb 18 2025,15:22:21
[2026-05-23 18:25:26.906] I (2902) wifi:mode : sta (54:32:04:8c:0b:8c)
[2026-05-23 18:25:26.906] I (2903) wifi:enable tsf
[2026-05-23 18:25:26.909] I (2906) ESPNOW: espnow [version: 2.0] init
[2026-05-23 18:25:26.910] WCAN_TEST_READY role=sensor
# Waiting for phased test start
# UART test start sent: WCAN_TEST_START at 2026-05-23T18:25:26.923112
[2026-05-23 18:25:27.737] P(FAIL):3537:d0:0:0:100:101
[2026-05-23 18:25:28.151] P(FAIL):3951:d0:5:505:605:101
[2026-05-23 18:25:28.596] P(FAIL):4396:d0:9:909:1009:101
[2026-05-23 18:25:29.015] P(FAIL):4815:d0:13:1313:1413:101
[2026-05-23 18:25:29.423] P(FAIL):5223:d0:17:1717:1817:101
[2026-05-23 18:25:29.830] P(FAIL):5630:d0:21:2121:2221:101
[2026-05-23 18:25:30.308] P(FAIL):6108:d0:25:2525:2625:101
[2026-05-23 18:25:30.758] P(FAIL):6558:d0:29:2929:3029:101
[2026-05-23 18:25:31.184] P(FAIL):6984:d0:31:3131:3231:101
[2026-05-23 18:25:31.473] P(FAIL):7273:d0:33:3333:3433:101
[2026-05-23 18:25:31.867] P(FAIL):7667:d0:34:3434:3534:101
[2026-05-23 18:25:32.172] S(FAIL):7971:d0:0:4444:4636:193
[2026-05-23 18:25:32.277] P(FAIL):8077:d0:37:3737:3837:101
[2026-05-23 18:25:32.380] S(FAIL):8178:d0:0:4940:5045:106
[2026-05-23 18:25:32.641] P(FAIL):8441:d0:38:3838:3938:101
[2026-05-23 18:25:32.844] S(FAIL):8644:d0:0:5147:5410:264
[2026-05-23 18:25:32.991] P(FAIL):8791:d0:40:4040:4140:101
[2026-05-23 18:25:33.858] P(FAIL):9658:d0:54:6165:6265:101
[2026-05-23 18:25:34.321] P(FAIL):10121:d0:55:6266:6366:101
[2026-05-23 18:25:34.719] P(FAIL):10519:d0:62:6973:7073:101
[2026-05-23 18:25:36.970] P(FAIL):12769:d0:85:9296:9396:101
[2026-05-23 18:25:37.502] P(FAIL):13302:d0:90:9801:9901:101
[2026-05-23 18:25:38.745] P(FAIL):14545:d0:102:11013:11113:101
[2026-05-23 18:25:39.086] P(FAIL):14886:d0:103:11114:11214:101
[2026-05-23 18:25:39.636] P(FAIL):15436:d0:111:11922:12022:101
[2026-05-23 18:25:40.179] P(FAIL):15979:d0:117:12528:12628:101
[2026-05-23 18:25:40.657] P(FAIL):16456:d0:121:12932:13032:101
[2026-05-23 18:25:41.040] P(FAIL):16840:d0:123:13134:13234:101
[2026-05-23 18:25:41.357] P(FAIL):17157:d0:127:13538:13638:101
[2026-05-23 18:25:41.786] P(FAIL):17586:d0:133:14144:14244:101
[2026-05-23 18:25:42.243] P(FAIL):18042:d0:137:14548:14648:101
[2026-05-23 18:25:46.844] P(FAIL):22643:d0:183:19194:19294:101
[2026-05-23 18:25:47.962] P(FAIL):23761:d0:194:20305:20405:101
[2026-05-23 18:25:48.775] P(FAIL):24575:d0:202:21113:21213:101
[2026-05-23 18:25:49.305] P(FAIL):25104:d0:207:21618:21718:101
[2026-05-23 18:25:49.687] P(FAIL):25487:d0:211:22022:22122:101
[2026-05-23 18:25:50.210] P(FAIL):26010:d0:216:22527:22627:101
[2026-05-23 18:25:52.102] P(FAIL):27902:d0:235:24446:24546:101
[2026-05-23 18:25:52.953] P(FAIL):28753:d0:243:25254:25354:101
[2026-05-23 18:25:53.340] P(FAIL):29140:d0:245:25456:25556:101
[2026-05-23 18:25:54.012] P(FAIL):29812:d0:254:26365:26465:101
[2026-05-23 18:25:54.459] P(FAIL):30259:d0:258:26769:26869:101
[2026-05-23 18:25:54.800] P(FAIL):30600:d0:260:26971:27071:101
[2026-05-23 18:25:55.203] P(FAIL):31003:d0:261:27072:27172:101
[2026-05-23 18:25:55.414] S(FAIL):31214:d0:0:5613:5760:148
[2026-05-23 18:25:55.550] P(FAIL):31349:d0:262:27173:27273:101
[2026-05-23 18:25:55.982] P(FAIL):31782:d0:270:27981:28081:101
[2026-05-23 18:25:56.423] P(FAIL):32222:d0:274:28521:28621:101
[2026-05-23 18:25:56.727] P(FAIL):32527:d0:275:28622:28722:101
[2026-05-23 18:25:57.436] P(FAIL):33236:d0:285:29632:29732:101
[2026-05-23 18:25:58.243] WCAN_BATCH id=0xd0 count=289 avg_hz=9.62 avg_points=100.87 min_points=64 max_points=101 avg_interval_ms=103.94 min_interval_ms=100.82 max_interval_ms=365.01 avg_dispatch_ms=4.85 max_dispatch_ms=13.60 dispatched_count=433 avg_queue_wait_ms=227.74 max_queue_wait_ms=1562.79
[2026-05-23 18:25:58.246] WCAN_SENSOR_END generated=29998 avg_hz=1000.00
[2026-05-23 18:25:58.248] S(FAIL):34032:d0:0:28183:28318:136
[2026-05-23 18:25:58.263] WCAN_MEASURES elapsed_ms=29999 heap_start_free=126648 heap_end_free=141436 heap_start_min_free=124496 heap_end_min_free=123820 heap_start_largest=98304 heap_end_largest=98304 airtime_us_total=2097155 packets_sent_total=433 sensor_send_failures_total=847
[2026-05-23 18:25:58.264] WCAN_TEST_END role=sensor

# Monitor stopped: 2026-05-23T18:25:58.264422
