# Monitor started: 2026-05-23T16:57:35.185643
# Port: /dev/ttyACM1, Baud: 921600, Timeout: 35.000s after WCAN_TEST_START

# UART boot config: wcan v=1 role=sensor transport=BROADCAST test_duration_ms=30000 host_wait_time_ms=5000 base=0xe0 count=1 hz=100 linger=0
[2026-05-23 16:57:35.186] ESP-ROM:esp32c3-api1-20210207
[2026-05-23 16:57:35.187] Build:Feb  7 2021
[2026-05-23 16:57:35.201] rst:0x15 (USB_UART_CHIP_RESET),boot:0xd (SPI_FAST_FLASH_BOOT)
[2026-05-23 16:57:35.208] Saved PC:0x40384eba
[2026-05-23 16:57:35.213] SPIWP:0xee
[2026-05-23 16:57:35.219] mode:DIO, clock div:1
[2026-05-23 16:57:35.229] load:0x3fcd5820,len:0x1574
[2026-05-23 16:57:35.239] load:0x403cc710,len:0xc30
[2026-05-23 16:57:35.247] load:0x403ce710,len:0x2fa0
[2026-05-23 16:57:35.254] entry 0x403cc71a
[2026-05-23 16:57:35.260] I (24) boot: ESP-IDF v5.4.1 2nd stage bootloader
[2026-05-23 16:57:35.267] I (24) boot: compile time May 20 2026 00:05:32
[2026-05-23 16:57:35.270] I (25) boot: chip revision: v0.4
[2026-05-23 16:57:35.272] I (25) boot: efuse block revision: v1.3
[2026-05-23 16:57:35.275] I (25) boot.esp32c3: SPI Speed      : 80MHz
[2026-05-23 16:57:35.278] I (25) boot.esp32c3: SPI Mode       : DIO
[2026-05-23 16:57:35.282] I (26) boot.esp32c3: SPI Flash Size : 2MB
[2026-05-23 16:57:35.285] I (26) boot: Enabling RNG early entropy source...
[2026-05-23 16:57:35.286] I (27) boot: Partition Table:
[2026-05-23 16:57:35.295] I (27) boot: ## Label            Usage          Type ST Offset   Length
[2026-05-23 16:57:35.302] I (28) boot:  0 nvs              WiFi data        01 02 00009000 00006000
[2026-05-23 16:57:35.305] I (29) boot:  1 phy_init         RF data          01 01 0000f000 00001000
[2026-05-23 16:57:35.306] I (29) boot:  2 factory          factory app      00 00 00010000 00100000
[2026-05-23 16:57:35.308] I (30) boot: End of partition table
[2026-05-23 16:57:35.311] I (31) esp_image: segment 0: paddr=00010020 vaddr=3c0a0020 size=1977ch (104316) map
[2026-05-23 16:57:35.314] I (48) esp_image: segment 1: paddr=000297a4 vaddr=3fc95200 size=02da0h ( 11680) load
[2026-05-23 16:57:35.316] I (51) esp_image: segment 2: paddr=0002c54c vaddr=40380000 size=03acch ( 15052) load
[2026-05-23 16:57:35.321] I (54) esp_image: segment 3: paddr=00030020 vaddr=42000020 size=9942ch (627756) map
[2026-05-23 16:57:35.323] I (154) esp_image: segment 4: paddr=000c9454 vaddr=40383acc size=11614h ( 71188) load
[2026-05-23 16:57:35.326] I (168) esp_image: segment 5: paddr=000daa70 vaddr=50000200 size=0001ch (    28) load
[2026-05-23 16:57:35.327] I (175) boot: Loaded app from partition at offset 0x10000
[2026-05-23 16:57:35.329] I (175) boot: Disabling RNG early entropy source...
[2026-05-23 16:57:35.332] I (176) cpu_start: Unicore app
[2026-05-23 16:57:35.333] I (185) cpu_start: Pro cpu start user code
[2026-05-23 16:57:35.336] I (185) cpu_start: cpu freq: 160000000 Hz
[2026-05-23 16:57:35.337] I (185) app_init: Application information:
[2026-05-23 16:57:35.342] I (185) app_init: Project name:     sensor_acquirer
[2026-05-23 16:57:35.346] I (185) app_init: App version:      v1.0-171-gbbe0783
[2026-05-23 16:57:35.351] I (186) app_init: Compile time:     May 23 2026 14:30:31
[2026-05-23 16:57:35.362] I (187) app_init: ELF file SHA256:  493679023...
[2026-05-23 16:57:35.368] I (187) app_init: ESP-IDF:          v5.4.1
[2026-05-23 16:57:35.372] I (188) efuse_init: Min chip rev:     v0.3
[2026-05-23 16:57:35.374] I (188) efuse_init: Max chip rev:     v1.99
[2026-05-23 16:57:35.375] I (189) efuse_init: Chip rev:         v0.4
[2026-05-23 16:57:35.379] I (189) heap_init: Initializing. RAM available for dynamic allocation:
[2026-05-23 16:57:35.380] I (190) heap_init: At 3FC9C340 len 00023CC0 (143 KiB): RAM
[2026-05-23 16:57:35.384] I (191) heap_init: At 3FCC0000 len 0001C710 (113 KiB): Retention RAM
[2026-05-23 16:57:35.385] I (191) heap_init: At 3FCDC710 len 00002950 (10 KiB): Retention RAM
[2026-05-23 16:57:35.387] I (192) heap_init: At 5000021C len 00001DCC (7 KiB): RTCRAM
[2026-05-23 16:57:35.392] I (194) spi_flash: detected chip: generic
[2026-05-23 16:57:35.395] I (194) spi_flash: flash io: dio
[2026-05-23 16:57:35.399] W (194) spi_flash: Detected size(4096k) larger than the size in the binary image header(2048k). Using the size in the binary image header.
[2026-05-23 16:57:35.402] I (196) sleep_gpio: Configure to isolate all GPIO pins in sleep state
[2026-05-23 16:57:35.404] I (196) sleep_gpio: Enable automatic switching of GPIO sleep configuration
[2026-05-23 16:57:35.405] I (197) main_task: Started on CPU0
[2026-05-23 16:57:35.406] I (197) main_task: Calling app_main()
[2026-05-23 16:57:35.406] WCAN_CFG_WAIT v=1
# UART boot config sent: wcan v=1 role=sensor transport=BROADCAST test_duration_ms=30000 host_wait_time_ms=5000 base=0xe0 count=1 hz=100 linger=0
[2026-05-23 16:57:35.408] WCAN_CFG_WAIT v=1
[2026-05-23 16:57:37.807] WCAN_CFG_ACK
[2026-05-23 16:57:37.808] WCAN_CFG_ACK
[2026-05-23 16:57:37.812] I (2825) pp: pp rom version: 9387209
[2026-05-23 16:57:37.813] I (2826) net80211: net80211 rom version: 9387209
[2026-05-23 16:57:37.815] I (2827) wifi:wifi driver task: 3fca7720, prio:23, stack:6656, core=0
[2026-05-23 16:57:37.818] I (2831) wifi:wifi firmware version: 79fa3f41ba
[2026-05-23 16:57:37.820] I (2831) wifi:wifi certification version: v7.0
[2026-05-23 16:57:37.821] I (2831) wifi:config NVS flash: enabled
[2026-05-23 16:57:37.822] I (2831) wifi:config nano formatting: disabled
[2026-05-23 16:57:37.824] I (2832) wifi:Init data frame dynamic rx buffer num: 32
[2026-05-23 16:57:37.825] I (2832) wifi:Init static rx mgmt buffer num: 5
[2026-05-23 16:57:37.827] I (2833) wifi:Init management short buffer num: 32
[2026-05-23 16:57:37.828] I (2833) wifi:Init dynamic tx buffer num: 32
[2026-05-23 16:57:37.830] I (2834) wifi:Init static tx FG buffer num: 2
[2026-05-23 16:57:37.831] I (2834) wifi:Init static rx buffer size: 1600
[2026-05-23 16:57:37.832] I (2835) wifi:Init static rx buffer num: 10
[2026-05-23 16:57:37.833] I (2835) wifi:Init dynamic rx buffer num: 32
[2026-05-23 16:57:37.834] I (2836) wifi_init: rx ba win: 6
[2026-05-23 16:57:37.835] I (2837) wifi_init: accept mbox: 6
[2026-05-23 16:57:37.836] I (2837) wifi_init: tcpip mbox: 32
[2026-05-23 16:57:37.838] I (2837) wifi_init: udp mbox: 6
[2026-05-23 16:57:37.839] I (2837) wifi_init: tcp mbox: 6
[2026-05-23 16:57:37.840] I (2838) wifi_init: tcp tx win: 5760
[2026-05-23 16:57:37.841] I (2838) wifi_init: tcp rx win: 5760
[2026-05-23 16:57:37.842] I (2839) wifi_init: tcp mss: 1440
[2026-05-23 16:57:37.843] I (2839) wifi_init: WiFi IRAM OP enabled
[2026-05-23 16:57:37.845] I (2839) wifi_init: WiFi RX IRAM OP enabled
[2026-05-23 16:57:37.847] I (2840) phy_init: phy_version 1200,2b7123f9,Feb 18 2025,15:22:21
[2026-05-23 16:57:37.861] I (2874) wifi:mode : sta (74:4d:bd:e1:d5:b8)
[2026-05-23 16:57:37.862] I (2875) wifi:enable tsf
[2026-05-23 16:57:37.865] I (2878) ESPNOW: espnow [version: 2.0] init
[2026-05-23 16:57:37.866] WCAN_TEST_READY role=sensor
# Waiting for phased test start
# UART test start sent: WCAN_TEST_START at 2026-05-23T16:57:37.877412
[2026-05-23 16:57:39.446] S(FAIL):4262:e0:0:85:85:1
[2026-05-23 16:57:39.673] P(FAIL):4490:e0:114:115:115:1
[2026-05-23 16:57:39.835] S(FAIL):4652:e0:0:125:147:23
[2026-05-23 16:57:40.099] P(FAIL):4916:e0:130:154:154:1
[2026-05-23 16:57:40.656] S(FAIL):5472:e0:0:164:190:27
[2026-05-23 16:57:40.849] P(FAIL):5666:e0:185:236:236:1
[2026-05-23 16:57:40.866] S(FAIL):5682:e0:0:246:265:20
[2026-05-23 16:57:41.227] P(FAIL):6044:e0:186:237:237:1
[2026-05-23 16:57:41.256] S(FAIL):6072:e0:0:267:303:37
[2026-05-23 16:57:41.716] S(FAIL):6532:e0:0:306:315:10
[2026-05-23 16:57:41.977] P(FAIL):6793:e0:224:342:342:1
[2026-05-23 16:57:42.006] S(FAIL):6822:e0:0:352:378:27
[2026-05-23 16:57:42.408] P(FAIL):7225:e0:226:344:344:1
[2026-05-23 16:57:42.438] S(FAIL):7252:e0:0:381:421:41
[2026-05-23 16:57:42.792] P(FAIL):7609:e0:228:346:346:1
[2026-05-23 16:57:42.805] S(FAIL):7622:e0:0:424:459:36
[2026-05-23 16:57:43.177] P(FAIL):7993:e0:229:347:347:1
[2026-05-23 16:57:43.216] S(FAIL):8032:e0:0:461:498:38
[2026-05-23 16:57:43.509] P(FAIL):8326:e0:232:350:350:1
[2026-05-23 16:57:43.776] S(FAIL):8592:e0:0:502:531:30
[2026-05-23 16:57:43.968] P(FAIL):8784:e0:258:548:548:1
[2026-05-23 16:57:44.256] S(FAIL):9072:e0:0:558:577:20
[2026-05-23 16:57:44.510] P(FAIL):9326:e0:286:596:596:1
[2026-05-23 16:57:44.526] S(FAIL):9342:e0:0:606:631:26
[2026-05-23 16:57:44.820] P(FAIL):9637:e0:287:597:597:1
[2026-05-23 16:57:46.215] S(FAIL):11032:e0:0:633:662:30
[2026-05-23 16:57:46.451] P(FAIL):11268:e0:426:792:792:1
[2026-05-23 16:57:46.495] S(FAIL):11312:e0:0:802:825:24
[2026-05-23 16:57:46.907] P(FAIL):11723:e0:430:796:796:1
[2026-05-23 16:57:47.096] S(FAIL):11912:e0:0:830:871:42
[2026-05-23 16:57:47.337] P(FAIL):12154:e0:448:880:880:1
[2026-05-23 16:57:47.366] S(FAIL):12182:e0:0:890:914:25
[2026-05-23 16:57:47.677] P(FAIL):12494:e0:450:882:882:1
[2026-05-23 16:57:48.226] S(FAIL):13042:e0:0:917:948:32
[2026-05-23 16:57:48.449] P(FAIL):13266:e0:504:993:993:1
[2026-05-23 16:57:49.336] S(FAIL):14152:e0:0:1003:1025:23
[2026-05-23 16:57:49.564] P(FAIL):14381:e0:592:1104:1104:1
[2026-05-23 16:57:49.596] S(FAIL):14412:e0:0:1114:1136:23
[2026-05-23 16:57:50.496] S(FAIL):15312:e0:0:1140:1148:9
[2026-05-23 16:57:50.685] P(FAIL):15501:e0:676:1220:1220:1
[2026-05-23 16:57:50.716] S(FAIL):15532:e0:0:1230:1248:19
[2026-05-23 16:57:51.017] P(FAIL):15834:e0:679:1223:1223:1
[2026-05-23 16:57:51.055] S(FAIL):15872:e0:0:1252:1282:31
[2026-05-23 16:57:51.387] P(FAIL):16203:e0:682:1226:1226:1
[2026-05-23 16:57:51.426] S(FAIL):16242:e0:0:1286:1319:34
[2026-05-23 16:57:51.729] P(FAIL):16546:e0:685:1229:1229:1
[2026-05-23 16:57:51.876] S(FAIL):16692:e0:0:1323:1353:31
[2026-05-23 16:57:52.056] S(FAIL):16872:e0:0:1368:1369:2
[2026-05-23 16:57:52.268] P(FAIL):17084:e0:715:1376:1376:1
[2026-05-23 16:57:52.296] S(FAIL):17112:e0:0:1386:1407:22
[2026-05-23 16:57:52.630] P(FAIL):17447:e0:717:1378:1378:1
[2026-05-23 16:57:52.645] S(FAIL):17462:e0:0:1410:1443:34
[2026-05-23 16:57:53.016] P(FAIL):17833:e0:718:1379:1379:1
[2026-05-23 16:57:53.196] S(FAIL):18012:e0:0:1445:1482:38
[2026-05-23 16:57:53.520] P(FAIL):18336:e0:735:1490:1490:1
[2026-05-23 16:57:53.536] S(FAIL):18352:e0:0:1500:1532:33
[2026-05-23 16:57:53.823] P(FAIL):18639:e0:736:1491:1491:1
[2026-05-23 16:57:53.866] S(FAIL):18682:e0:0:1534:1562:29
[2026-05-23 16:57:54.217] P(FAIL):19034:e0:740:1495:1495:1
[2026-05-23 16:57:54.405] S(FAIL):19222:e0:0:1567:1602:36
[2026-05-23 16:57:54.690] P(FAIL):19506:e0:758:1611:1611:1
[2026-05-23 16:57:54.706] S(FAIL):19522:e0:0:1621:1649:29
[2026-05-23 16:57:55.030] P(FAIL):19846:e0:759:1612:1612:1
[2026-05-23 16:57:55.096] S(FAIL):19912:e0:0:1651:1683:33
[2026-05-23 16:57:55.440] P(FAIL):20256:e0:765:1618:1618:1
[2026-05-23 16:57:55.496] S(FAIL):20312:e0:0:1690:1724:35
[2026-05-23 16:57:55.775] S(FAIL):20592:e0:0:1730:1749:20
[2026-05-23 16:57:56.092] P(FAIL):20908:e0:778:1728:1728:1
[2026-05-23 16:57:56.126] S(FAIL):20942:e0:0:1758:1789:32
[2026-05-23 16:57:56.216] S(FAIL):21032:e0:0:1793:1799:7
[2026-05-23 16:57:56.598] P(FAIL):21414:e0:783:1753:1753:1
[2026-05-23 16:57:57.716] S(FAIL):22532:e0:0:1802:1840:39
[2026-05-23 16:57:57.926] P(FAIL):22742:e0:894:1942:1942:1
[2026-05-23 16:57:57.956] S(FAIL):22772:e0:0:1952:1973:22
[2026-05-23 16:57:58.324] P(FAIL):23140:e0:896:1944:1944:1
[2026-05-23 16:57:58.366] S(FAIL):23182:e0:0:1976:2012:37
[2026-05-23 16:57:58.776] S(FAIL):23592:e0:0:2017:2022:6
[2026-05-23 16:57:59.029] P(FAIL):23846:e0:935:2048:2048:1
[2026-05-23 16:57:59.236] S(FAIL):24052:e0:0:2058:2083:26
[2026-05-23 16:57:59.506] P(FAIL):24322:e0:955:2094:2094:1
[2026-05-23 16:57:59.536] S(FAIL):24352:e0:0:2104:2131:28
[2026-05-23 16:57:59.855] P(FAIL):24672:e0:957:2096:2096:1
[2026-05-23 16:58:00.635] S(FAIL):25452:e0:0:2134:2166:33
[2026-05-23 16:58:00.906] P(FAIL):25722:e0:1034:2234:2234:1
[2026-05-23 16:58:02.165] S(FAIL):26982:e0:0:2244:2271:28
[2026-05-23 16:58:02.442] P(FAIL):27258:e0:1159:2387:2387:1
[2026-05-23 16:58:02.516] S(FAIL):27332:e0:0:2397:2424:28
[2026-05-23 16:58:02.956] S(FAIL):27772:e0:0:2432:2437:6
[2026-05-23 16:58:03.191] P(FAIL):28007:e0:1204:2466:2466:1
[2026-05-23 16:58:03.725] S(FAIL):28542:e0:0:2476:2499:24
[2026-05-23 16:58:03.968] P(FAIL):28784:e0:1257:2543:2543:1
[2026-05-23 16:58:04.046] S(FAIL):28862:e0:0:2553:2577:25
[2026-05-23 16:58:04.287] P(FAIL):29104:e0:1264:2550:2550:1
[2026-05-23 16:58:04.335] S(FAIL):29152:e0:0:2585:2609:25
[2026-05-23 16:58:04.692] P(FAIL):29509:e0:1268:2579:2579:1
[2026-05-23 16:58:04.706] S(FAIL):29522:e0:0:2614:2649:36
[2026-05-23 16:58:04.967] P(FAIL):29783:e0:1269:2580:2580:1
[2026-05-23 16:58:04.996] S(FAIL):29812:e0:0:2651:2677:27
[2026-05-23 16:58:05.378] P(FAIL):30195:e0:1271:2582:2582:1
[2026-05-23 16:58:05.786] S(FAIL):30602:e0:0:2680:2718:39
[2026-05-23 16:58:06.042] P(FAIL):30858:e0:1311:2749:2749:1
[2026-05-23 16:58:06.236] S(FAIL):31052:e0:0:2759:2784:26
[2026-05-23 16:58:06.503] P(FAIL):31319:e0:1330:2794:2794:1
[2026-05-23 16:58:07.606] S(FAIL):32422:e0:0:2804:2830:27
[2026-05-23 16:58:07.895] P(FAIL):32711:e0:1440:2931:2931:1
[2026-05-23 16:58:07.905] S(FAIL):32722:e0:0:2941:2969:29
[2026-05-23 16:58:08.226] P(FAIL):33042:e0:1441:2932:2932:1
[2026-05-23 16:58:09.026] P(FAIL):33842:e0:1442:2933:2933:1
[2026-05-23 16:58:09.190] WCAN_BATCH id=0xe0 count=1451 avg_hz=48.82 avg_points=1.00 min_points=1 max_points=1 avg_interval_ms=20.48 min_interval_ms=9.87 max_interval_ms=430.05 avg_dispatch_ms=1.36 max_dispatch_ms=17.09 dispatched_count=1603 avg_queue_wait_ms=142.98 max_queue_wait_ms=1804.22
[2026-05-23 16:58:09.191] WCAN_SENSOR_END generated=2998 avg_hz=99.97
[2026-05-23 16:58:09.192] S(FAIL):34004:e0:0:2971:2998:28
[2026-05-23 16:58:09.197] WCAN_MEASURES elapsed_ms=29999 heap_start_free=126780 heap_end_free=141568 heap_start_min_free=126760 heap_end_min_free=126488 heap_start_largest=98304 heap_end_largest=98304 airtime_us_total=2159877 packets_sent_total=1603 sensor_send_failures_total=1548
[2026-05-23 16:58:09.197] WCAN_TEST_END role=sensor

# Monitor stopped: 2026-05-23T16:58:09.197705
