# Monitor started: 2026-05-23T14:49:32.908090
# Port: /dev/ttyACM0, Baud: 921600, Timeout: 35.000s after WCAN_TEST_START

# UART boot config: wcan v=1 role=idle transport=BROADCAST test_duration_ms=30000 host_wait_time_ms=5000
[2026-05-23 14:49:32.909] ESP-ROM:esp32c3-api1-20210207
[2026-05-23 14:49:32.910] Build:Feb  7 2021
[2026-05-23 14:49:32.912] rst:0x15 (USB_UART_CHIP_RESET),boot:0xd (SPI_FAST_FLASH_BOOT)
[2026-05-23 14:49:32.914] Saved PC:0x40384eba
[2026-05-23 14:49:32.915] SPIWP:0xee
[2026-05-23 14:49:32.917] mode:DIO, clock div:1
[2026-05-23 14:49:32.921] load:0x3fcd5820,len:0x1574
[2026-05-23 14:49:32.927] load:0x403cc710,len:0xc30
[2026-05-23 14:49:32.932] load:0x403ce710,len:0x2fa0
[2026-05-23 14:49:32.936] entry 0x403cc71a
[2026-05-23 14:49:32.943] I (24) boot: ESP-IDF v5.4.1 2nd stage bootloader
[2026-05-23 14:49:32.945] I (24) boot: compile time May 20 2026 00:05:32
[2026-05-23 14:49:32.946] I (25) boot: chip revision: v0.4
[2026-05-23 14:49:32.948] I (25) boot: efuse block revision: v1.3
[2026-05-23 14:49:32.950] I (25) boot.esp32c3: SPI Speed      : 80MHz
[2026-05-23 14:49:32.952] I (25) boot.esp32c3: SPI Mode       : DIO
[2026-05-23 14:49:32.960] I (26) boot.esp32c3: SPI Flash Size : 2MB
[2026-05-23 14:49:32.971] I (26) boot: Enabling RNG early entropy source...
[2026-05-23 14:49:32.974] I (27) boot: Partition Table:
[2026-05-23 14:49:32.979] I (27) boot: ## Label            Usage          Type ST Offset   Length
[2026-05-23 14:49:32.983] I (28) boot:  0 nvs              WiFi data        01 02 00009000 00006000
[2026-05-23 14:49:32.985] I (29) boot:  1 phy_init         RF data          01 01 0000f000 00001000
[2026-05-23 14:49:32.988] I (29) boot:  2 factory          factory app      00 00 00010000 00100000
[2026-05-23 14:49:32.989] I (30) boot: End of partition table
[2026-05-23 14:49:32.995] I (31) esp_image: segment 0: paddr=00010020 vaddr=3c0a0020 size=1977ch (104316) map
[2026-05-23 14:49:32.997] I (48) esp_image: segment 1: paddr=000297a4 vaddr=3fc95200 size=02da0h ( 11680) load
[2026-05-23 14:49:33.000] I (51) esp_image: segment 2: paddr=0002c54c vaddr=40380000 size=03acch ( 15052) load
[2026-05-23 14:49:33.009] I (54) esp_image: segment 3: paddr=00030020 vaddr=42000020 size=9942ch (627756) map
[2026-05-23 14:49:33.010] I (154) esp_image: segment 4: paddr=000c9454 vaddr=40383acc size=11614h ( 71188) load
[2026-05-23 14:49:33.013] I (168) esp_image: segment 5: paddr=000daa70 vaddr=50000200 size=0001ch (    28) load
[2026-05-23 14:49:33.015] I (175) boot: Loaded app from partition at offset 0x10000
[2026-05-23 14:49:33.019] I (175) boot: Disabling RNG early entropy source...
[2026-05-23 14:49:33.020] I (176) cpu_start: Unicore app
[2026-05-23 14:49:33.021] I (185) cpu_start: Pro cpu start user code
[2026-05-23 14:49:33.023] I (185) cpu_start: cpu freq: 160000000 Hz
[2026-05-23 14:49:33.024] I (185) app_init: Application information:
[2026-05-23 14:49:33.025] I (185) app_init: Project name:     sensor_acquirer
[2026-05-23 14:49:33.029] I (185) app_init: App version:      v1.0-171-gbbe0783
[2026-05-23 14:49:33.032] I (186) app_init: Compile time:     May 23 2026 14:30:31
[2026-05-23 14:49:33.034] I (186) app_init: ELF file SHA256:  493679023...
[2026-05-23 14:49:33.035] I (187) app_init: ESP-IDF:          v5.4.1
[2026-05-23 14:49:33.037] I (187) efuse_init: Min chip rev:     v0.3
[2026-05-23 14:49:33.040] I (188) efuse_init: Max chip rev:     v1.99
[2026-05-23 14:49:33.042] I (188) efuse_init: Chip rev:         v0.4
[2026-05-23 14:49:33.046] I (189) heap_init: Initializing. RAM available for dynamic allocation:
[2026-05-23 14:49:33.048] I (190) heap_init: At 3FC9C340 len 00023CC0 (143 KiB): RAM
[2026-05-23 14:49:33.050] I (190) heap_init: At 3FCC0000 len 0001C710 (113 KiB): Retention RAM
[2026-05-23 14:49:33.051] I (191) heap_init: At 3FCDC710 len 00002950 (10 KiB): Retention RAM
[2026-05-23 14:49:33.053] I (192) heap_init: At 5000021C len 00001DCC (7 KiB): RTCRAM
[2026-05-23 14:49:33.055] I (193) spi_flash: detected chip: generic
[2026-05-23 14:49:33.055] I (194) spi_flash: flash io: dio
[2026-05-23 14:49:33.059] W (194) spi_flash: Detected size(4096k) larger than the size in the binary image header(2048k). Using the size in the binary image header.
[2026-05-23 14:49:33.061] I (195) sleep_gpio: Configure to isolate all GPIO pins in sleep state
[2026-05-23 14:49:33.062] I (196) sleep_gpio: Enable automatic switching of GPIO sleep configuration
[2026-05-23 14:49:33.063] I (197) main_task: Started on CPU0
[2026-05-23 14:49:33.064] I (197) main_task: Calling app_main()
[2026-05-23 14:49:33.065] WCAN_CFG_WAIT v=1
# UART boot config sent: wcan v=1 role=idle transport=BROADCAST test_duration_ms=30000 host_wait_time_ms=5000
[2026-05-23 14:49:33.066] WCAN_CFG_WAIT v=1
[2026-05-23 14:49:34.745] WCAN_CFG_ACK
[2026-05-23 14:49:34.746] WCAN_CFG_ACK
[2026-05-23 14:49:34.747] WCAN_TEST_READY role=idle
# Waiting for phased test start
# UART test start sent: WCAN_TEST_START at 2026-05-23T14:49:35.608917
[2026-05-23 14:49:35.908] WCAN_TEST_END role=idle

# Monitor stopped: 2026-05-23T14:49:35.909088
