# Monitor started: 2026-05-23T17:58:15.997732
# Port: /dev/ttyACM0, Baud: 921600, Timeout: 35.000s after WCAN_TEST_START

# UART boot config: wcan v=1 role=sensor transport=BROADCAST test_duration_ms=30000 host_wait_time_ms=5000 base=0xd0 count=1 hz=100 linger=100
[2026-05-23 17:58:16.005] ESP-ROM:esp32c3-api1-20210207
[2026-05-23 17:58:16.009] Build:Feb  7 2021
[2026-05-23 17:58:16.018] rst:0x15 (USB_UART_CHIP_RESET),boot:0xd (SPI_FAST_FLASH_BOOT)
[2026-05-23 17:58:16.019] Saved PC:0x40384eba
[2026-05-23 17:58:16.021] SPIWP:0xee
[2026-05-23 17:58:16.024] mode:DIO, clock div:1
[2026-05-23 17:58:16.026] load:0x3fcd5820,len:0x1574
[2026-05-23 17:58:16.030] load:0x403cc710,len:0xc30
[2026-05-23 17:58:16.033] load:0x403ce710,len:0x2fa0
[2026-05-23 17:58:16.035] entry 0x403cc71a
[2026-05-23 17:58:16.039] I (24) boot: ESP-IDF v5.4.1 2nd stage bootloader
[2026-05-23 17:58:16.040] I (24) boot: compile time May 20 2026 00:05:32
[2026-05-23 17:58:16.042] I (24) boot: chip revision: v0.4
[2026-05-23 17:58:16.045] I (25) boot: efuse block revision: v1.3
[2026-05-23 17:58:16.046] I (25) boot.esp32c3: SPI Speed      : 80MHz
[2026-05-23 17:58:16.049] I (25) boot.esp32c3: SPI Mode       : DIO
[2026-05-23 17:58:16.052] I (26) boot.esp32c3: SPI Flash Size : 2MB
[2026-05-23 17:58:16.055] I (26) boot: Enabling RNG early entropy source...
[2026-05-23 17:58:16.058] I (27) boot: Partition Table:
[2026-05-23 17:58:16.060] I (27) boot: ## Label            Usage          Type ST Offset   Length
[2026-05-23 17:58:16.061] I (28) boot:  0 nvs              WiFi data        01 02 00009000 00006000
[2026-05-23 17:58:16.062] I (29) boot:  1 phy_init         RF data          01 01 0000f000 00001000
[2026-05-23 17:58:16.077] I (29) boot:  2 factory          factory app      00 00 00010000 00100000
[2026-05-23 17:58:16.080] I (30) boot: End of partition table
[2026-05-23 17:58:16.089] I (31) esp_image: segment 0: paddr=00010020 vaddr=3c0a0020 size=1977ch (104316) map
[2026-05-23 17:58:16.092] I (48) esp_image: segment 1: paddr=000297a4 vaddr=3fc95200 size=02da0h ( 11680) load
[2026-05-23 17:58:16.100] I (51) esp_image: segment 2: paddr=0002c54c vaddr=40380000 size=03acch ( 15052) load
[2026-05-23 17:58:16.106] I (54) esp_image: segment 3: paddr=00030020 vaddr=42000020 size=9942ch (627756) map
[2026-05-23 17:58:16.108] I (154) esp_image: segment 4: paddr=000c9454 vaddr=40383acc size=11614h ( 71188) load
[2026-05-23 17:58:16.114] I (168) esp_image: segment 5: paddr=000daa70 vaddr=50000200 size=0001ch (    28) load
[2026-05-23 17:58:16.116] I (175) boot: Loaded app from partition at offset 0x10000
[2026-05-23 17:58:16.117] I (175) boot: Disabling RNG early entropy source...
[2026-05-23 17:58:16.118] I (176) cpu_start: Unicore app
[2026-05-23 17:58:16.121] I (185) cpu_start: Pro cpu start user code
[2026-05-23 17:58:16.125] I (185) cpu_start: cpu freq: 160000000 Hz
[2026-05-23 17:58:16.131] I (185) app_init: Application information:
[2026-05-23 17:58:16.136] I (185) app_init: Project name:     sensor_acquirer
[2026-05-23 17:58:16.137] I (185) app_init: App version:      v1.0-171-gbbe0783
[2026-05-23 17:58:16.140] I (186) app_init: Compile time:     May 23 2026 14:30:31
[2026-05-23 17:58:16.141] I (187) app_init: ELF file SHA256:  493679023...
[2026-05-23 17:58:16.146] I (187) app_init: ESP-IDF:          v5.4.1
[2026-05-23 17:58:16.149] I (188) efuse_init: Min chip rev:     v0.3
[2026-05-23 17:58:16.151] I (188) efuse_init: Max chip rev:     v1.99
[2026-05-23 17:58:16.157] I (189) efuse_init: Chip rev:         v0.4
[2026-05-23 17:58:16.163] I (189) heap_init: Initializing. RAM available for dynamic allocation:
[2026-05-23 17:58:16.166] I (190) heap_init: At 3FC9C340 len 00023CC0 (143 KiB): RAM
[2026-05-23 17:58:16.167] I (190) heap_init: At 3FCC0000 len 0001C710 (113 KiB): Retention RAM
[2026-05-23 17:58:16.168] I (191) heap_init: At 3FCDC710 len 00002950 (10 KiB): Retention RAM
[2026-05-23 17:58:16.169] I (192) heap_init: At 5000021C len 00001DCC (7 KiB): RTCRAM
[2026-05-23 17:58:16.170] I (194) spi_flash: detected chip: generic
[2026-05-23 17:58:16.171] I (194) spi_flash: flash io: dio
[2026-05-23 17:58:16.173] W (194) spi_flash: Detected size(4096k) larger than the size in the binary image header(2048k). Using the size in the binary image header.
[2026-05-23 17:58:16.174] I (196) sleep_gpio: Configure to isolate all GPIO pins in sleep state
[2026-05-23 17:58:16.176] I (196) sleep_gpio: Enable automatic switching of GPIO sleep configuration
[2026-05-23 17:58:16.177] I (197) main_task: Started on CPU0
[2026-05-23 17:58:16.177] I (197) main_task: Calling app_main()
[2026-05-23 17:58:16.178] WCAN_CFG_WAIT v=1
# UART boot config sent: wcan v=1 role=sensor transport=BROADCAST test_duration_ms=30000 host_wait_time_ms=5000 base=0xd0 count=1 hz=100 linger=100
[2026-05-23 17:58:16.182] WCAN_CFG_WAIT v=1
[2026-05-23 17:58:18.618] WCAN_CFG_ACK
[2026-05-23 17:58:18.618] WCAN_CFG_ACK
[2026-05-23 17:58:18.623] I (2825) pp: pp rom version: 9387209
[2026-05-23 17:58:18.624] I (2826) net80211: net80211 rom version: 9387209
[2026-05-23 17:58:18.625] I (2827) wifi:wifi driver task: 3fca77a4, prio:23, stack:6656, core=0
[2026-05-23 17:58:18.629] I (2831) wifi:wifi firmware version: 79fa3f41ba
[2026-05-23 17:58:18.630] I (2831) wifi:wifi certification version: v7.0
[2026-05-23 17:58:18.630] I (2831) wifi:config NVS flash: enabled
[2026-05-23 17:58:18.631] I (2831) wifi:config nano formatting: disabled
[2026-05-23 17:58:18.631] I (2832) wifi:Init data frame dynamic rx buffer num: 32
[2026-05-23 17:58:18.632] I (2832) wifi:Init static rx mgmt buffer num: 5
[2026-05-23 17:58:18.632] I (2833) wifi:Init management short buffer num: 32
[2026-05-23 17:58:18.633] I (2833) wifi:Init dynamic tx buffer num: 32
[2026-05-23 17:58:18.633] I (2834) wifi:Init static tx FG buffer num: 2
[2026-05-23 17:58:18.634] I (2834) wifi:Init static rx buffer size: 1600
[2026-05-23 17:58:18.635] I (2835) wifi:Init static rx buffer num: 10
[2026-05-23 17:58:18.637] I (2835) wifi:Init dynamic rx buffer num: 32
[2026-05-23 17:58:18.637] I (2837) wifi_init: rx ba win: 6
[2026-05-23 17:58:18.638] I (2837) wifi_init: accept mbox: 6
[2026-05-23 17:58:18.639] I (2837) wifi_init: tcpip mbox: 32
[2026-05-23 17:58:18.639] I (2837) wifi_init: udp mbox: 6
[2026-05-23 17:58:18.640] I (2837) wifi_init: tcp mbox: 6
[2026-05-23 17:58:18.641] I (2838) wifi_init: tcp tx win: 5760
[2026-05-23 17:58:18.641] I (2838) wifi_init: tcp rx win: 5760
[2026-05-23 17:58:18.642] I (2839) wifi_init: tcp mss: 1440
[2026-05-23 17:58:18.643] I (2839) wifi_init: WiFi IRAM OP enabled
[2026-05-23 17:58:18.644] I (2839) wifi_init: WiFi RX IRAM OP enabled
[2026-05-23 17:58:18.645] I (2840) phy_init: phy_version 1200,2b7123f9,Feb 18 2025,15:22:21
[2026-05-23 17:58:18.678] I (2879) wifi:mode : sta (54:32:04:8c:0b:8c)
[2026-05-23 17:58:18.678] I (2880) wifi:enable tsf
[2026-05-23 17:58:18.681] I (2883) ESPNOW: espnow [version: 2.0] init
[2026-05-23 17:58:18.682] WCAN_TEST_READY role=sensor
# Waiting for phased test start
# UART test start sent: WCAN_TEST_START at 2026-05-23T17:58:18.695241
[2026-05-23 17:58:49.055] P(FAIL):33060:d0:269:2959:2969:11
[2026-05-23 17:58:49.855] P(FAIL):33860:d0:270:2970:2980:11
[2026-05-23 17:58:50.007] WCAN_BATCH id=0xd0 count=273 avg_hz=9.09 avg_points=10.99 min_points=7 max_points=11 avg_interval_ms=110.00 min_interval_ms=109.96 max_interval_ms=110.02 avg_dispatch_ms=1.89 max_dispatch_ms=8.80 dispatched_count=277 avg_queue_wait_ms=3.40 max_queue_wait_ms=271.75
[2026-05-23 17:58:50.009] WCAN_SENSOR_END generated=2998 avg_hz=99.97
[2026-05-23 17:58:50.017] WCAN_MEASURES elapsed_ms=29999 heap_start_free=126648 heap_end_free=141436 heap_start_min_free=126588 heap_end_min_free=126288 heap_start_largest=98304 heap_end_largest=98304 airtime_us_total=521032 packets_sent_total=277 sensor_send_failures_total=0
[2026-05-23 17:58:50.018] WCAN_TEST_END role=sensor

# Monitor stopped: 2026-05-23T17:58:50.019036
