# Monitor started: 2026-05-23T14:50:15.600788
# Port: /dev/ttyACM0, Baud: 921600, Timeout: 35.000s after WCAN_TEST_START

# UART boot config: wcan v=1 role=sensor transport=BROADCAST test_duration_ms=30000 host_wait_time_ms=5000 base=0xd0 count=1 hz=100 linger=100
[2026-05-23 14:50:15.611] ESP-ROM:esp32c3-api1-20210207
[2026-05-23 14:50:15.615] Build:Feb  7 2021
[2026-05-23 14:50:15.634] rst:0x15 (USB_UART_CHIP_RESET),boot:0xd (SPI_FAST_FLASH_BOOT)
[2026-05-23 14:50:15.640] Saved PC:0x40384eba
[2026-05-23 14:50:15.644] SPIWP:0xee
[2026-05-23 14:50:15.651] mode:DIO, clock div:1
[2026-05-23 14:50:15.659] load:0x3fcd5820,len:0x1574
[2026-05-23 14:50:15.663] load:0x403cc710,len:0xc30
[2026-05-23 14:50:15.665] load:0x403ce710,len:0x2fa0
[2026-05-23 14:50:15.667] entry 0x403cc71a
[2026-05-23 14:50:15.670] I (24) boot: ESP-IDF v5.4.1 2nd stage bootloader
[2026-05-23 14:50:15.671] I (24) boot: compile time May 20 2026 00:05:32
[2026-05-23 14:50:15.673] I (25) boot: chip revision: v0.4
[2026-05-23 14:50:15.675] I (25) boot: efuse block revision: v1.3
[2026-05-23 14:50:15.677] I (25) boot.esp32c3: SPI Speed      : 80MHz
[2026-05-23 14:50:15.680] I (25) boot.esp32c3: SPI Mode       : DIO
[2026-05-23 14:50:15.682] I (26) boot.esp32c3: SPI Flash Size : 2MB
[2026-05-23 14:50:15.685] I (26) boot: Enabling RNG early entropy source...
[2026-05-23 14:50:15.689] I (27) boot: Partition Table:
[2026-05-23 14:50:15.692] I (27) boot: ## Label            Usage          Type ST Offset   Length
[2026-05-23 14:50:15.695] I (28) boot:  0 nvs              WiFi data        01 02 00009000 00006000
[2026-05-23 14:50:15.697] I (29) boot:  1 phy_init         RF data          01 01 0000f000 00001000
[2026-05-23 14:50:15.699] I (29) boot:  2 factory          factory app      00 00 00010000 00100000
[2026-05-23 14:50:15.701] I (30) boot: End of partition table
[2026-05-23 14:50:15.707] I (31) esp_image: segment 0: paddr=00010020 vaddr=3c0a0020 size=1977ch (104316) map
[2026-05-23 14:50:15.712] I (48) esp_image: segment 1: paddr=000297a4 vaddr=3fc95200 size=02da0h ( 11680) load
[2026-05-23 14:50:15.715] I (51) esp_image: segment 2: paddr=0002c54c vaddr=40380000 size=03acch ( 15052) load
[2026-05-23 14:50:15.720] I (54) esp_image: segment 3: paddr=00030020 vaddr=42000020 size=9942ch (627756) map
[2026-05-23 14:50:15.726] I (154) esp_image: segment 4: paddr=000c9454 vaddr=40383acc size=11614h ( 71188) load
[2026-05-23 14:50:15.736] I (168) esp_image: segment 5: paddr=000daa70 vaddr=50000200 size=0001ch (    28) load
[2026-05-23 14:50:15.740] I (175) boot: Loaded app from partition at offset 0x10000
[2026-05-23 14:50:15.747] I (175) boot: Disabling RNG early entropy source...
[2026-05-23 14:50:15.749] I (176) cpu_start: Unicore app
[2026-05-23 14:50:15.750] I (185) cpu_start: Pro cpu start user code
[2026-05-23 14:50:15.759] I (185) cpu_start: cpu freq: 160000000 Hz
[2026-05-23 14:50:15.763] I (185) app_init: Application information:
[2026-05-23 14:50:15.766] I (185) app_init: Project name:     sensor_acquirer
[2026-05-23 14:50:15.768] I (185) app_init: App version:      v1.0-171-gbbe0783
[2026-05-23 14:50:15.770] I (186) app_init: Compile time:     May 23 2026 14:30:31
[2026-05-23 14:50:15.774] I (186) app_init: ELF file SHA256:  493679023...
[2026-05-23 14:50:15.778] I (187) app_init: ESP-IDF:          v5.4.1
[2026-05-23 14:50:15.781] I (187) efuse_init: Min chip rev:     v0.3
[2026-05-23 14:50:15.784] I (188) efuse_init: Max chip rev:     v1.99
[2026-05-23 14:50:15.787] I (188) efuse_init: Chip rev:         v0.4
[2026-05-23 14:50:15.791] I (189) heap_init: Initializing. RAM available for dynamic allocation:
[2026-05-23 14:50:15.795] I (190) heap_init: At 3FC9C340 len 00023CC0 (143 KiB): RAM
[2026-05-23 14:50:15.797] I (190) heap_init: At 3FCC0000 len 0001C710 (113 KiB): Retention RAM
[2026-05-23 14:50:15.801] I (191) heap_init: At 3FCDC710 len 00002950 (10 KiB): Retention RAM
[2026-05-23 14:50:15.804] I (192) heap_init: At 5000021C len 00001DCC (7 KiB): RTCRAM
[2026-05-23 14:50:15.807] I (193) spi_flash: detected chip: generic
[2026-05-23 14:50:15.809] I (193) spi_flash: flash io: dio
[2026-05-23 14:50:15.815] W (194) spi_flash: Detected size(4096k) larger than the size in the binary image header(2048k). Using the size in the binary image header.
[2026-05-23 14:50:15.817] I (195) sleep_gpio: Configure to isolate all GPIO pins in sleep state
[2026-05-23 14:50:15.818] I (196) sleep_gpio: Enable automatic switching of GPIO sleep configuration
[2026-05-23 14:50:15.819] I (197) main_task: Started on CPU0
[2026-05-23 14:50:15.820] I (197) main_task: Calling app_main()
[2026-05-23 14:50:15.820] WCAN_CFG_WAIT v=1
# UART boot config sent: wcan v=1 role=sensor transport=BROADCAST test_duration_ms=30000 host_wait_time_ms=5000 base=0xd0 count=1 hz=100 linger=100
[2026-05-23 14:50:15.821] WCAN_CFG_WAIT v=1
[2026-05-23 14:50:18.260] WCAN_CFG_ACK
[2026-05-23 14:50:18.261] WCAN_CFG_ACK
[2026-05-23 14:50:18.265] I (2864) pp: pp rom version: 9387209
[2026-05-23 14:50:18.266] I (2865) net80211: net80211 rom version: 9387209
[2026-05-23 14:50:18.267] I (2866) wifi:wifi driver task: 3fca77a4, prio:23, stack:6656, core=0
[2026-05-23 14:50:18.273] I (2870) wifi:wifi firmware version: 79fa3f41ba
[2026-05-23 14:50:18.277] I (2870) wifi:wifi certification version: v7.0
[2026-05-23 14:50:18.280] I (2870) wifi:config NVS flash: enabled
[2026-05-23 14:50:18.287] I (2870) wifi:config nano formatting: disabled
[2026-05-23 14:50:18.291] I (2871) wifi:Init data frame dynamic rx buffer num: 32
[2026-05-23 14:50:18.296] I (2871) wifi:Init static rx mgmt buffer num: 5
[2026-05-23 14:50:18.301] I (2872) wifi:Init management short buffer num: 32
[2026-05-23 14:50:18.303] I (2872) wifi:Init dynamic tx buffer num: 32
[2026-05-23 14:50:18.307] I (2873) wifi:Init static tx FG buffer num: 2
[2026-05-23 14:50:18.309] I (2873) wifi:Init static rx buffer size: 1600
[2026-05-23 14:50:18.311] I (2874) wifi:Init static rx buffer num: 10
[2026-05-23 14:50:18.313] I (2874) wifi:Init dynamic rx buffer num: 32
[2026-05-23 14:50:18.314] I (2875) wifi_init: rx ba win: 6
[2026-05-23 14:50:18.315] I (2876) wifi_init: accept mbox: 6
[2026-05-23 14:50:18.316] I (2876) wifi_init: tcpip mbox: 32
[2026-05-23 14:50:18.317] I (2876) wifi_init: udp mbox: 6
[2026-05-23 14:50:18.318] I (2876) wifi_init: tcp mbox: 6
[2026-05-23 14:50:18.319] I (2877) wifi_init: tcp tx win: 5760
[2026-05-23 14:50:18.320] I (2877) wifi_init: tcp rx win: 5760
[2026-05-23 14:50:18.321] I (2878) wifi_init: tcp mss: 1440
[2026-05-23 14:50:18.322] I (2878) wifi_init: WiFi IRAM OP enabled
[2026-05-23 14:50:18.323] I (2878) wifi_init: WiFi RX IRAM OP enabled
[2026-05-23 14:50:18.324] I (2879) phy_init: phy_version 1200,2b7123f9,Feb 18 2025,15:22:21
[2026-05-23 14:50:18.348] I (2946) wifi:mode : sta (54:32:04:8c:0b:8c)
[2026-05-23 14:50:18.348] I (2947) wifi:enable tsf
[2026-05-23 14:50:18.351] I (2950) ESPNOW: espnow [version: 2.0] init
[2026-05-23 14:50:18.352] WCAN_TEST_READY role=sensor
# Waiting for phased test start
# UART test start sent: WCAN_TEST_START at 2026-05-23T14:50:18.363495
[2026-05-23 14:50:19.851] P(FAIL):4253:d0:7:77:87:11
[2026-05-23 14:50:23.027] P(FAIL):7428:d0:35:385:395:11
[2026-05-23 14:50:26.048] P(FAIL):10450:d0:63:693:703:11
[2026-05-23 14:50:27.290] P(FAIL):11692:d0:74:814:824:11
[2026-05-23 14:50:29.015] P(FAIL):13417:d0:89:979:989:11
[2026-05-23 14:50:40.017] P(FAIL):24419:d0:190:2090:2100:11
[2026-05-23 14:50:45.179] P(FAIL):29581:d0:237:2607:2617:11
[2026-05-23 14:50:48.678] P(FAIL):33079:d0:269:2959:2969:11
[2026-05-23 14:50:49.340] P(FAIL):33742:d0:270:2970:2980:11
[2026-05-23 14:50:49.688] WCAN_BATCH id=0xd0 count=273 avg_hz=9.09 avg_points=10.99 min_points=7 max_points=11 avg_interval_ms=110.00 min_interval_ms=109.83 max_interval_ms=110.18 avg_dispatch_ms=2.10 max_dispatch_ms=26.22 dispatched_count=299 avg_queue_wait_ms=26.45 max_queue_wait_ms=333.25
[2026-05-23 14:50:49.691] WCAN_SENSOR_END generated=2998 avg_hz=99.97
[2026-05-23 14:50:49.708] WCAN_MEASURES elapsed_ms=29999 heap_start_free=126648 heap_end_free=141436 heap_start_min_free=126648 heap_end_min_free=126288 heap_start_largest=98304 heap_end_largest=98304 airtime_us_total=626000 packets_sent_total=299 sensor_send_failures_total=0
[2026-05-23 14:50:49.709] WCAN_TEST_END role=sensor

# Monitor stopped: 2026-05-23T14:50:49.709115
