# Monitor started: 2026-05-23T14:50:15.601015
# Port: /dev/ttyACM1, Baud: 921600, Timeout: 35.000s after WCAN_TEST_START

# UART boot config: wcan v=1 role=sensor transport=BROADCAST test_duration_ms=30000 host_wait_time_ms=5000 base=0xe0 count=1 hz=100 linger=100
[2026-05-23 14:50:15.609] ESP-ROM:esp32c3-api1-20210207
[2026-05-23 14:50:15.614] Build:Feb  7 2021
[2026-05-23 14:50:15.641] rst:0x15 (USB_UART_CHIP_RESET),boot:0xd (SPI_FAST_FLASH_BOOT)
[2026-05-23 14:50:15.647] Saved PC:0x40384eba
[2026-05-23 14:50:15.649] SPIWP:0xee
[2026-05-23 14:50:15.655] mode:DIO, clock div:1
[2026-05-23 14:50:15.662] load:0x3fcd5820,len:0x1574
[2026-05-23 14:50:15.671] load:0x403cc710,len:0xc30
[2026-05-23 14:50:15.677] load:0x403ce710,len:0x2fa0
[2026-05-23 14:50:15.680] entry 0x403cc71a
[2026-05-23 14:50:15.685] I (24) boot: ESP-IDF v5.4.1 2nd stage bootloader
[2026-05-23 14:50:15.687] I (24) boot: compile time May 20 2026 00:05:32
[2026-05-23 14:50:15.688] I (25) boot: chip revision: v0.4
[2026-05-23 14:50:15.691] I (25) boot: efuse block revision: v1.3
[2026-05-23 14:50:15.698] I (25) boot.esp32c3: SPI Speed      : 80MHz
[2026-05-23 14:50:15.702] I (25) boot.esp32c3: SPI Mode       : DIO
[2026-05-23 14:50:15.704] I (26) boot.esp32c3: SPI Flash Size : 2MB
[2026-05-23 14:50:15.707] I (26) boot: Enabling RNG early entropy source...
[2026-05-23 14:50:15.710] I (27) boot: Partition Table:
[2026-05-23 14:50:15.714] I (27) boot: ## Label            Usage          Type ST Offset   Length
[2026-05-23 14:50:15.720] I (28) boot:  0 nvs              WiFi data        01 02 00009000 00006000
[2026-05-23 14:50:15.723] I (29) boot:  1 phy_init         RF data          01 01 0000f000 00001000
[2026-05-23 14:50:15.735] I (29) boot:  2 factory          factory app      00 00 00010000 00100000
[2026-05-23 14:50:15.738] I (30) boot: End of partition table
[2026-05-23 14:50:15.745] I (31) esp_image: segment 0: paddr=00010020 vaddr=3c0a0020 size=1977ch (104316) map
[2026-05-23 14:50:15.753] I (48) esp_image: segment 1: paddr=000297a4 vaddr=3fc95200 size=02da0h ( 11680) load
[2026-05-23 14:50:15.762] I (51) esp_image: segment 2: paddr=0002c54c vaddr=40380000 size=03acch ( 15052) load
[2026-05-23 14:50:15.766] I (54) esp_image: segment 3: paddr=00030020 vaddr=42000020 size=9942ch (627756) map
[2026-05-23 14:50:15.771] I (154) esp_image: segment 4: paddr=000c9454 vaddr=40383acc size=11614h ( 71188) load
[2026-05-23 14:50:15.774] I (168) esp_image: segment 5: paddr=000daa70 vaddr=50000200 size=0001ch (    28) load
[2026-05-23 14:50:15.777] I (175) boot: Loaded app from partition at offset 0x10000
[2026-05-23 14:50:15.780] I (175) boot: Disabling RNG early entropy source...
[2026-05-23 14:50:15.780] I (176) cpu_start: Unicore app
[2026-05-23 14:50:15.783] I (185) cpu_start: Pro cpu start user code
[2026-05-23 14:50:15.784] I (185) cpu_start: cpu freq: 160000000 Hz
[2026-05-23 14:50:15.788] I (185) app_init: Application information:
[2026-05-23 14:50:15.791] I (185) app_init: Project name:     sensor_acquirer
[2026-05-23 14:50:15.793] I (185) app_init: App version:      v1.0-171-gbbe0783
[2026-05-23 14:50:15.797] I (186) app_init: Compile time:     May 23 2026 14:30:31
[2026-05-23 14:50:15.800] I (187) app_init: ELF file SHA256:  493679023...
[2026-05-23 14:50:15.802] I (187) app_init: ESP-IDF:          v5.4.1
[2026-05-23 14:50:15.805] I (188) efuse_init: Min chip rev:     v0.3
[2026-05-23 14:50:15.807] I (188) efuse_init: Max chip rev:     v1.99
[2026-05-23 14:50:15.810] I (189) efuse_init: Chip rev:         v0.4
[2026-05-23 14:50:15.814] I (189) heap_init: Initializing. RAM available for dynamic allocation:
[2026-05-23 14:50:15.816] I (190) heap_init: At 3FC9C340 len 00023CC0 (143 KiB): RAM
[2026-05-23 14:50:15.818] I (191) heap_init: At 3FCC0000 len 0001C710 (113 KiB): Retention RAM
[2026-05-23 14:50:15.819] I (191) heap_init: At 3FCDC710 len 00002950 (10 KiB): Retention RAM
[2026-05-23 14:50:15.820] I (192) heap_init: At 5000021C len 00001DCC (7 KiB): RTCRAM
[2026-05-23 14:50:15.820] I (194) spi_flash: detected chip: generic
[2026-05-23 14:50:15.821] I (194) spi_flash: flash io: dio
[2026-05-23 14:50:15.822] W (194) spi_flash: Detected size(4096k) larger than the size in the binary image header(2048k). Using the size in the binary image header.
[2026-05-23 14:50:15.822] I (196) sleep_gpio: Configure to isolate all GPIO pins in sleep state
[2026-05-23 14:50:15.823] I (196) sleep_gpio: Enable automatic switching of GPIO sleep configuration
[2026-05-23 14:50:15.823] I (197) main_task: Started on CPU0
[2026-05-23 14:50:15.823] I (197) main_task: Calling app_main()
[2026-05-23 14:50:15.823] WCAN_CFG_WAIT v=1
# UART boot config sent: wcan v=1 role=sensor transport=BROADCAST test_duration_ms=30000 host_wait_time_ms=5000 base=0xe0 count=1 hz=100 linger=100
[2026-05-23 14:50:15.824] WCAN_CFG_WAIT v=1
[2026-05-23 14:50:18.264] WCAN_CFG_ACK
[2026-05-23 14:50:18.264] WCAN_CFG_ACK
[2026-05-23 14:50:18.269] I (2867) pp: pp rom version: 9387209
[2026-05-23 14:50:18.270] I (2868) net80211: net80211 rom version: 9387209
[2026-05-23 14:50:18.273] I (2869) wifi:wifi driver task: 3fca7720, prio:23, stack:6656, core=0
[2026-05-23 14:50:18.279] I (2873) wifi:wifi firmware version: 79fa3f41ba
[2026-05-23 14:50:18.284] I (2873) wifi:wifi certification version: v7.0
[2026-05-23 14:50:18.287] I (2873) wifi:config NVS flash: enabled
[2026-05-23 14:50:18.291] I (2873) wifi:config nano formatting: disabled
[2026-05-23 14:50:18.295] I (2874) wifi:Init data frame dynamic rx buffer num: 32
[2026-05-23 14:50:18.299] I (2874) wifi:Init static rx mgmt buffer num: 5
[2026-05-23 14:50:18.303] I (2875) wifi:Init management short buffer num: 32
[2026-05-23 14:50:18.305] I (2875) wifi:Init dynamic tx buffer num: 32
[2026-05-23 14:50:18.307] I (2876) wifi:Init static tx FG buffer num: 2
[2026-05-23 14:50:18.309] I (2876) wifi:Init static rx buffer size: 1600
[2026-05-23 14:50:18.312] I (2877) wifi:Init static rx buffer num: 10
[2026-05-23 14:50:18.315] I (2877) wifi:Init dynamic rx buffer num: 32
[2026-05-23 14:50:18.316] I (2878) wifi_init: rx ba win: 6
[2026-05-23 14:50:18.317] I (2879) wifi_init: accept mbox: 6
[2026-05-23 14:50:18.318] I (2879) wifi_init: tcpip mbox: 32
[2026-05-23 14:50:18.319] I (2879) wifi_init: udp mbox: 6
[2026-05-23 14:50:18.320] I (2879) wifi_init: tcp mbox: 6
[2026-05-23 14:50:18.321] I (2880) wifi_init: tcp tx win: 5760
[2026-05-23 14:50:18.322] I (2880) wifi_init: tcp rx win: 5760
[2026-05-23 14:50:18.322] I (2881) wifi_init: tcp mss: 1440
[2026-05-23 14:50:18.323] I (2881) wifi_init: WiFi IRAM OP enabled
[2026-05-23 14:50:18.324] I (2881) wifi_init: WiFi RX IRAM OP enabled
[2026-05-23 14:50:18.324] I (2882) phy_init: phy_version 1200,2b7123f9,Feb 18 2025,15:22:21
[2026-05-23 14:50:18.347] I (2946) wifi:mode : sta (74:4d:bd:e1:d5:b8)
[2026-05-23 14:50:18.348] I (2946) wifi:enable tsf
[2026-05-23 14:50:18.351] I (2949) ESPNOW: espnow [version: 2.0] init
[2026-05-23 14:50:18.352] WCAN_TEST_READY role=sensor
# Waiting for phased test start
# UART test start sent: WCAN_TEST_START at 2026-05-23T14:50:18.363351
[2026-05-23 14:50:19.176] P(FAIL):3577:e0:0:0:10:11
[2026-05-23 14:50:19.531] P(FAIL):3932:e0:4:44:54:11
[2026-05-23 14:50:20.226] P(FAIL):4627:e0:10:110:120:11
[2026-05-23 14:50:20.720] P(FAIL):5121:e0:14:154:164:11
[2026-05-23 14:50:21.099] P(FAIL):5501:e0:18:198:208:11
[2026-05-23 14:50:21.700] P(FAIL):6101:e0:23:253:263:11
[2026-05-23 14:50:22.160] P(FAIL):6562:e0:27:297:307:11
[2026-05-23 14:50:22.586] P(FAIL):6987:e0:31:341:351:11
[2026-05-23 14:50:23.447] P(FAIL):7849:e0:39:429:439:11
[2026-05-23 14:50:23.896] P(FAIL):8297:e0:43:473:483:11
[2026-05-23 14:50:24.364] P(FAIL):8765:e0:47:517:527:11
[2026-05-23 14:50:24.774] P(FAIL):9175:e0:51:561:571:11
[2026-05-23 14:50:25.177] P(FAIL):9578:e0:55:605:615:11
[2026-05-23 14:50:25.622] P(FAIL):10023:e0:59:649:659:11
[2026-05-23 14:50:26.491] P(FAIL):10892:e0:67:737:747:11
[2026-05-23 14:50:26.921] P(FAIL):11323:e0:71:781:791:11
[2026-05-23 14:50:27.697] P(FAIL):12098:e0:78:858:868:11
[2026-05-23 14:50:28.200] P(FAIL):12601:e0:82:902:912:11
[2026-05-23 14:50:28.572] P(FAIL):12973:e0:86:946:956:11
[2026-05-23 14:50:28.905] P(FAIL):13306:e0:88:968:978:11
[2026-05-23 14:50:29.368] P(FAIL):13769:e0:94:1034:1044:11
[2026-05-23 14:50:29.900] P(FAIL):14301:e0:97:1067:1077:11
[2026-05-23 14:50:30.370] P(FAIL):14772:e0:102:1122:1132:11
[2026-05-23 14:50:30.846] P(FAIL):15247:e0:106:1166:1176:11
[2026-05-23 14:50:31.281] P(FAIL):15682:e0:110:1210:1220:11
[2026-05-23 14:50:32.008] P(FAIL):16409:e0:117:1287:1297:11
[2026-05-23 14:50:32.452] P(FAIL):16853:e0:121:1331:1341:11
[2026-05-23 14:50:32.806] P(FAIL):17207:e0:125:1375:1385:11
[2026-05-23 14:50:33.200] P(FAIL):17602:e0:128:1408:1418:11
[2026-05-23 14:50:33.733] P(FAIL):18134:e0:132:1452:1462:11
[2026-05-23 14:50:34.015] P(FAIL):18417:e0:136:1496:1506:11
[2026-05-23 14:50:34.394] P(FAIL):18795:e0:139:1529:1539:11
[2026-05-23 14:50:34.736] P(FAIL):19137:e0:142:1562:1572:11
[2026-05-23 14:50:35.220] P(FAIL):19621:e0:146:1606:1616:11
[2026-05-23 14:50:35.647] P(FAIL):20048:e0:150:1650:1660:11
[2026-05-23 14:50:35.980] P(FAIL):20381:e0:154:1694:1704:11
[2026-05-23 14:50:36.484] P(FAIL):20886:e0:158:1738:1748:11
[2026-05-23 14:50:36.768] P(FAIL):21170:e0:161:1771:1781:11
[2026-05-23 14:50:37.163] P(FAIL):21564:e0:164:1804:1814:11
[2026-05-23 14:50:37.556] P(FAIL):21957:e0:168:1848:1858:11
[2026-05-23 14:50:37.897] P(FAIL):22298:e0:171:1881:1891:11
[2026-05-23 14:50:38.278] P(FAIL):22679:e0:174:1914:1924:11
[2026-05-23 14:50:38.816] P(FAIL):23218:e0:179:1969:1979:11
[2026-05-23 14:50:39.236] P(FAIL):23637:e0:183:2013:2023:11
[2026-05-23 14:50:39.575] P(FAIL):23976:e0:186:2046:2056:11
[2026-05-23 14:50:40.463] P(FAIL):24864:e0:194:2134:2144:11
[2026-05-23 14:50:40.874] P(FAIL):25275:e0:198:2178:2188:11
[2026-05-23 14:50:41.249] P(FAIL):25651:e0:201:2211:2221:11
[2026-05-23 14:50:41.767] P(FAIL):26168:e0:206:2266:2276:11
[2026-05-23 14:50:42.158] P(FAIL):26559:e0:207:2277:2287:11
[2026-05-23 14:50:42.529] P(FAIL):26930:e0:213:2343:2353:11
[2026-05-23 14:50:42.827] P(FAIL):27229:e0:216:2376:2386:11
[2026-05-23 14:50:43.170] P(FAIL):27571:e0:219:2409:2419:11
[2026-05-23 14:50:43.499] P(FAIL):27900:e0:222:2442:2452:11
[2026-05-23 14:50:43.918] P(FAIL):28319:e0:225:2475:2485:11
[2026-05-23 14:50:44.362] P(FAIL):28764:e0:229:2519:2529:11
[2026-05-23 14:50:44.835] P(FAIL):29236:e0:233:2563:2573:11
[2026-05-23 14:50:45.295] P(FAIL):29696:e0:237:2607:2617:11
[2026-05-23 14:50:45.748] P(FAIL):30150:e0:242:2662:2672:11
[2026-05-23 14:50:46.184] P(FAIL):30585:e0:246:2706:2716:11
[2026-05-23 14:50:46.655] P(FAIL):31056:e0:250:2750:2760:11
[2026-05-23 14:50:47.069] P(FAIL):31470:e0:254:2794:2804:11
[2026-05-23 14:50:47.442] P(FAIL):31844:e0:258:2838:2848:11
[2026-05-23 14:50:47.812] P(FAIL):32213:e0:261:2871:2881:11
[2026-05-23 14:50:48.200] P(FAIL):32601:e0:264:2904:2914:11
[2026-05-23 14:50:48.604] P(FAIL):33005:e0:268:2948:2958:11
[2026-05-23 14:50:49.310] P(FAIL):33711:e0:269:2959:2969:11
[2026-05-23 14:50:49.690] WCAN_BATCH id=0xe0 count=273 avg_hz=9.09 avg_points=10.99 min_points=7 max_points=11 avg_interval_ms=110.00 min_interval_ms=109.89 max_interval_ms=110.11 avg_dispatch_ms=2.16 max_dispatch_ms=50.55 dispatched_count=472 avg_queue_wait_ms=137.27 max_queue_wait_ms=514.75
[2026-05-23 14:50:49.692] WCAN_SENSOR_END generated=2998 avg_hz=99.97
[2026-05-23 14:50:49.707] WCAN_MEASURES elapsed_ms=29999 heap_start_free=126780 heap_end_free=141412 heap_start_min_free=126780 heap_end_min_free=126420 heap_start_largest=98304 heap_end_largest=98304 airtime_us_total=1015282 packets_sent_total=472 sensor_send_failures_total=0
[2026-05-23 14:50:49.708] WCAN_TEST_END role=sensor

# Monitor stopped: 2026-05-23T14:50:49.708249
