# Monitor started: 2026-05-23T20:57:40.378279
# Port: /dev/ttyACM1, Baud: 921600, Timeout: 35.000s after WCAN_TEST_START

# UART boot config: wcan v=1 role=sensor transport=MULTICAST test_duration_ms=30000 host_wait_time_ms=5000 base=0xe0 count=1 hz=100 linger=0
[2026-05-23 20:57:40.378] ESP-ROM:esp32c3-api1-20210207
[2026-05-23 20:57:40.379] Build:Feb  7 2021
[2026-05-23 20:57:40.380] rst:0x15 (USB_UART_CHIP_RESET),boot:0xd (SPI_FAST_FLASH_BOOT)
[2026-05-23 20:57:40.382] Saved PC:0x40384eba
[2026-05-23 20:57:40.383] SPIWP:0xee
[2026-05-23 20:57:40.386] mode:DIO, clock div:1
[2026-05-23 20:57:40.389] load:0x3fcd5820,len:0x1574
[2026-05-23 20:57:40.393] load:0x403cc710,len:0xc30
[2026-05-23 20:57:40.402] load:0x403ce710,len:0x2fa0
[2026-05-23 20:57:40.405] entry 0x403cc71a
[2026-05-23 20:57:40.409] I (24) boot: ESP-IDF v5.4.1 2nd stage bootloader
[2026-05-23 20:57:40.413] I (24) boot: compile time May 19 2026 23:41:33
[2026-05-23 20:57:40.416] I (25) boot: chip revision: v0.4
[2026-05-23 20:57:40.422] I (25) boot: efuse block revision: v1.3
[2026-05-23 20:57:40.425] I (25) boot.esp32c3: SPI Speed      : 80MHz
[2026-05-23 20:57:40.434] I (25) boot.esp32c3: SPI Mode       : DIO
[2026-05-23 20:57:40.436] I (26) boot.esp32c3: SPI Flash Size : 2MB
[2026-05-23 20:57:40.449] I (26) boot: Enabling RNG early entropy source...
[2026-05-23 20:57:40.450] I (27) boot: Partition Table:
[2026-05-23 20:57:40.452] I (27) boot: ## Label            Usage          Type ST Offset   Length
[2026-05-23 20:57:40.455] I (28) boot:  0 nvs              WiFi data        01 02 00009000 00006000
[2026-05-23 20:57:40.466] I (29) boot:  1 phy_init         RF data          01 01 0000f000 00001000
[2026-05-23 20:57:40.471] I (29) boot:  2 factory          factory app      00 00 00010000 00100000
[2026-05-23 20:57:40.472] I (30) boot: End of partition table
[2026-05-23 20:57:40.474] I (31) esp_image: segment 0: paddr=00010020 vaddr=3c0a0020 size=19850h (104528) map
[2026-05-23 20:57:40.476] I (48) esp_image: segment 1: paddr=00029878 vaddr=3fc95000 size=02da0h ( 11680) load
[2026-05-23 20:57:40.478] I (51) esp_image: segment 2: paddr=0002c620 vaddr=40380000 size=039f8h ( 14840) load
[2026-05-23 20:57:40.480] I (54) esp_image: segment 3: paddr=00030020 vaddr=42000020 size=990b4h (626868) map
[2026-05-23 20:57:40.483] I (154) esp_image: segment 4: paddr=000c90dc vaddr=403839f8 size=114f8h ( 70904) load
[2026-05-23 20:57:40.484] I (168) esp_image: segment 5: paddr=000da5dc vaddr=50000200 size=0001ch (    28) load
[2026-05-23 20:57:40.487] I (175) boot: Loaded app from partition at offset 0x10000
[2026-05-23 20:57:40.488] I (175) boot: Disabling RNG early entropy source...
[2026-05-23 20:57:40.489] I (176) cpu_start: Unicore app
[2026-05-23 20:57:40.490] I (185) cpu_start: Pro cpu start user code
[2026-05-23 20:57:40.491] I (185) cpu_start: cpu freq: 160000000 Hz
[2026-05-23 20:57:40.494] I (185) app_init: Application information:
[2026-05-23 20:57:40.496] I (185) app_init: Project name:     sensor_acquirer
[2026-05-23 20:57:40.497] I (185) app_init: App version:      v1.0-171-gbbe0783
[2026-05-23 20:57:40.499] I (186) app_init: Compile time:     May 23 2026 14:30:40
[2026-05-23 20:57:40.501] I (187) app_init: ELF file SHA256:  0e7d705e7...
[2026-05-23 20:57:40.503] I (187) app_init: ESP-IDF:          v5.4.1
[2026-05-23 20:57:40.507] I (188) efuse_init: Min chip rev:     v0.3
[2026-05-23 20:57:40.508] I (188) efuse_init: Max chip rev:     v1.99
[2026-05-23 20:57:40.510] I (189) efuse_init: Chip rev:         v0.4
[2026-05-23 20:57:40.515] I (189) heap_init: Initializing. RAM available for dynamic allocation:
[2026-05-23 20:57:40.516] I (190) heap_init: At 3FC9C130 len 00023ED0 (143 KiB): RAM
[2026-05-23 20:57:40.520] I (190) heap_init: At 3FCC0000 len 0001C710 (113 KiB): Retention RAM
[2026-05-23 20:57:40.524] I (191) heap_init: At 3FCDC710 len 00002950 (10 KiB): Retention RAM
[2026-05-23 20:57:40.526] I (192) heap_init: At 5000021C len 00001DCC (7 KiB): RTCRAM
[2026-05-23 20:57:40.527] I (194) spi_flash: detected chip: generic
[2026-05-23 20:57:40.528] I (194) spi_flash: flash io: dio
[2026-05-23 20:57:40.533] W (194) spi_flash: Detected size(4096k) larger than the size in the binary image header(2048k). Using the size in the binary image header.
[2026-05-23 20:57:40.534] I (196) sleep_gpio: Configure to isolate all GPIO pins in sleep state
[2026-05-23 20:57:40.538] I (196) sleep_gpio: Enable automatic switching of GPIO sleep configuration
[2026-05-23 20:57:40.538] I (197) main_task: Started on CPU0
[2026-05-23 20:57:40.539] I (197) main_task: Calling app_main()
[2026-05-23 20:57:40.540] WCAN_CFG_WAIT v=1
# UART boot config sent: wcan v=1 role=sensor transport=MULTICAST test_duration_ms=30000 host_wait_time_ms=5000 base=0xe0 count=1 hz=100 linger=0
[2026-05-23 20:57:40.542] WCAN_CFG_WAIT v=1
[2026-05-23 20:57:42.959] WCAN_CFG_ACK
[2026-05-23 20:57:42.959] WCAN_CFG_ACK
[2026-05-23 20:57:42.961] I (2782) pp: pp rom version: 9387209
[2026-05-23 20:57:42.962] I (2783) net80211: net80211 rom version: 9387209
[2026-05-23 20:57:42.964] I (2784) wifi:wifi driver task: 3fca7510, prio:23, stack:6656, core=0
[2026-05-23 20:57:42.967] I (2788) wifi:wifi firmware version: 79fa3f41ba
[2026-05-23 20:57:42.968] I (2788) wifi:wifi certification version: v7.0
[2026-05-23 20:57:42.969] I (2788) wifi:config NVS flash: enabled
[2026-05-23 20:57:42.969] I (2788) wifi:config nano formatting: disabled
[2026-05-23 20:57:42.969] I (2789) wifi:Init data frame dynamic rx buffer num: 32
[2026-05-23 20:57:42.970] I (2789) wifi:Init static rx mgmt buffer num: 5
[2026-05-23 20:57:42.970] I (2790) wifi:Init management short buffer num: 32
[2026-05-23 20:57:42.971] I (2790) wifi:Init dynamic tx buffer num: 32
[2026-05-23 20:57:42.971] I (2791) wifi:Init static tx FG buffer num: 2
[2026-05-23 20:57:42.971] I (2792) wifi:Init static rx buffer size: 1600
[2026-05-23 20:57:42.972] I (2792) wifi:Init static rx buffer num: 10
[2026-05-23 20:57:42.972] I (2792) wifi:Init dynamic rx buffer num: 32
[2026-05-23 20:57:42.972] I (2794) wifi_init: rx ba win: 6
[2026-05-23 20:57:42.973] I (2794) wifi_init: accept mbox: 6
[2026-05-23 20:57:42.973] I (2794) wifi_init: tcpip mbox: 32
[2026-05-23 20:57:42.973] I (2794) wifi_init: udp mbox: 6
[2026-05-23 20:57:42.974] I (2794) wifi_init: tcp mbox: 6
[2026-05-23 20:57:42.974] I (2795) wifi_init: tcp tx win: 5760
[2026-05-23 20:57:42.974] I (2795) wifi_init: tcp rx win: 5760
[2026-05-23 20:57:42.975] I (2796) wifi_init: tcp mss: 1440
[2026-05-23 20:57:42.975] I (2796) wifi_init: WiFi IRAM OP enabled
[2026-05-23 20:57:42.976] I (2796) wifi_init: WiFi RX IRAM OP enabled
[2026-05-23 20:57:42.977] I (2797) phy_init: phy_version 1200,2b7123f9,Feb 18 2025,15:22:21
[2026-05-23 20:57:43.013] I (2833) wifi:mode : sta (74:4d:bd:e1:d5:b8)
[2026-05-23 20:57:43.013] I (2834) wifi:enable tsf
[2026-05-23 20:57:43.016] I (2837) ESPNOW: espnow [version: 2.0] init
[2026-05-23 20:57:43.017] WCAN_TEST_READY role=sensor
# Waiting for phased test start
# UART test start sent: WCAN_TEST_START at 2026-05-23T20:57:43.028531
[2026-05-23 20:58:13.362] WCAN_BATCH id=0xe0 count=2999 avg_hz=100.00 avg_points=1.00 min_points=1 max_points=1 avg_interval_ms=10.00 min_interval_ms=9.96 max_interval_ms=10.04 avg_dispatch_ms=1.77 max_dispatch_ms=14.35 dispatched_count=2999 avg_queue_wait_ms=0.09 max_queue_wait_ms=0.25
[2026-05-23 20:58:13.363] WCAN_SENSOR_END generated=2998 avg_hz=99.97
[2026-05-23 20:58:13.364] WCAN_MEASURES elapsed_ms=29999 heap_start_free=97696 heap_end_free=109420 heap_start_min_free=97696 heap_end_min_free=97372 heap_start_largest=77824 heap_end_largest=77824 airtime_us_total=5249830 packets_sent_total=2999 sensor_send_failures_total=0
[2026-05-23 20:58:13.364] WCAN_TEST_END role=sensor

# Monitor stopped: 2026-05-23T20:58:13.364641
