# Monitor started: 2026-05-23T16:14:01.678670
# Port: /dev/ttyACM1, Baud: 921600, Timeout: 35.000s after WCAN_TEST_START

# UART boot config: wcan v=1 role=sensor transport=BROADCAST test_duration_ms=30000 host_wait_time_ms=5000 base=0xe0 count=3 hz=750 linger=100
[2026-05-23 16:14:01.680] ESP-ROM:esp32c3-api1-20210207
[2026-05-23 16:14:01.681] Build:Feb  7 2021
[2026-05-23 16:14:01.689] rst:0x15 (USB_UART_CHIP_RESET),boot:0xd (SPI_FAST_FLASH_BOOT)
[2026-05-23 16:14:01.693] Saved PC:0x40384eba
[2026-05-23 16:14:01.696] SPIWP:0xee
[2026-05-23 16:14:01.700] mode:DIO, clock div:1
[2026-05-23 16:14:01.703] load:0x3fcd5820,len:0x1574
[2026-05-23 16:14:01.713] load:0x403cc710,len:0xc30
[2026-05-23 16:14:01.716] load:0x403ce710,len:0x2fa0
[2026-05-23 16:14:01.717] entry 0x403cc71a
[2026-05-23 16:14:01.735] I (24) boot: ESP-IDF v5.4.1 2nd stage bootloader
[2026-05-23 16:14:01.743] I (24) boot: compile time May 20 2026 00:05:32
[2026-05-23 16:14:01.755] I (25) boot: chip revision: v0.4
[2026-05-23 16:14:01.762] I (25) boot: efuse block revision: v1.3
[2026-05-23 16:14:01.763] I (25) boot.esp32c3: SPI Speed      : 80MHz
[2026-05-23 16:14:01.768] I (25) boot.esp32c3: SPI Mode       : DIO
[2026-05-23 16:14:01.771] I (26) boot.esp32c3: SPI Flash Size : 2MB
[2026-05-23 16:14:01.773] I (26) boot: Enabling RNG early entropy source...
[2026-05-23 16:14:01.774] I (27) boot: Partition Table:
[2026-05-23 16:14:01.777] I (27) boot: ## Label            Usage          Type ST Offset   Length
[2026-05-23 16:14:01.784] I (28) boot:  0 nvs              WiFi data        01 02 00009000 00006000
[2026-05-23 16:14:01.798] I (29) boot:  1 phy_init         RF data          01 01 0000f000 00001000
[2026-05-23 16:14:01.805] I (29) boot:  2 factory          factory app      00 00 00010000 00100000
[2026-05-23 16:14:01.808] I (30) boot: End of partition table
[2026-05-23 16:14:01.818] I (31) esp_image: segment 0: paddr=00010020 vaddr=3c0a0020 size=1977ch (104316) map
[2026-05-23 16:14:01.826] I (48) esp_image: segment 1: paddr=000297a4 vaddr=3fc95200 size=02da0h ( 11680) load
[2026-05-23 16:14:01.831] I (51) esp_image: segment 2: paddr=0002c54c vaddr=40380000 size=03acch ( 15052) load
[2026-05-23 16:14:01.834] I (54) esp_image: segment 3: paddr=00030020 vaddr=42000020 size=9942ch (627756) map
[2026-05-23 16:14:01.837] I (154) esp_image: segment 4: paddr=000c9454 vaddr=40383acc size=11614h ( 71188) load
[2026-05-23 16:14:01.844] I (168) esp_image: segment 5: paddr=000daa70 vaddr=50000200 size=0001ch (    28) load
[2026-05-23 16:14:01.850] I (175) boot: Loaded app from partition at offset 0x10000
[2026-05-23 16:14:01.852] I (175) boot: Disabling RNG early entropy source...
[2026-05-23 16:14:01.854] I (176) cpu_start: Unicore app
[2026-05-23 16:14:01.857] I (185) cpu_start: Pro cpu start user code
[2026-05-23 16:14:01.859] I (185) cpu_start: cpu freq: 160000000 Hz
[2026-05-23 16:14:01.861] I (185) app_init: Application information:
[2026-05-23 16:14:01.863] I (185) app_init: Project name:     sensor_acquirer
[2026-05-23 16:14:01.864] I (185) app_init: App version:      v1.0-171-gbbe0783
[2026-05-23 16:14:01.865] I (186) app_init: Compile time:     May 23 2026 14:30:31
[2026-05-23 16:14:01.866] I (187) app_init: ELF file SHA256:  493679023...
[2026-05-23 16:14:01.866] I (187) app_init: ESP-IDF:          v5.4.1
[2026-05-23 16:14:01.867] I (188) efuse_init: Min chip rev:     v0.3
[2026-05-23 16:14:01.868] I (188) efuse_init: Max chip rev:     v1.99
[2026-05-23 16:14:01.869] I (189) efuse_init: Chip rev:         v0.4
[2026-05-23 16:14:01.871] I (189) heap_init: Initializing. RAM available for dynamic allocation:
[2026-05-23 16:14:01.871] I (190) heap_init: At 3FC9C340 len 00023CC0 (143 KiB): RAM
[2026-05-23 16:14:01.873] I (191) heap_init: At 3FCC0000 len 0001C710 (113 KiB): Retention RAM
[2026-05-23 16:14:01.874] I (191) heap_init: At 3FCDC710 len 00002950 (10 KiB): Retention RAM
[2026-05-23 16:14:01.875] I (192) heap_init: At 5000021C len 00001DCC (7 KiB): RTCRAM
[2026-05-23 16:14:01.876] I (194) spi_flash: detected chip: generic
[2026-05-23 16:14:01.876] I (194) spi_flash: flash io: dio
[2026-05-23 16:14:01.879] W (194) spi_flash: Detected size(4096k) larger than the size in the binary image header(2048k). Using the size in the binary image header.
[2026-05-23 16:14:01.879] I (196) sleep_gpio: Configure to isolate all GPIO pins in sleep state
[2026-05-23 16:14:01.880] I (196) sleep_gpio: Enable automatic switching of GPIO sleep configuration
[2026-05-23 16:14:01.880] I (197) main_task: Started on CPU0
[2026-05-23 16:14:01.880] I (197) main_task: Calling app_main()
[2026-05-23 16:14:01.881] WCAN_CFG_WAIT v=1
# UART boot config sent: wcan v=1 role=sensor transport=BROADCAST test_duration_ms=30000 host_wait_time_ms=5000 base=0xe0 count=3 hz=750 linger=100
[2026-05-23 16:14:01.881] WCAN_CFG_WAIT v=1
[2026-05-23 16:14:04.337] WCAN_CFG_ACK
[2026-05-23 16:14:04.338] WCAN_CFG_ACK
[2026-05-23 16:14:04.342] I (2862) pp: pp rom version: 9387209
[2026-05-23 16:14:04.344] I (2863) net80211: net80211 rom version: 9387209
[2026-05-23 16:14:04.346] I (2864) wifi:wifi driver task: 3fca7720, prio:23, stack:6656, core=0
[2026-05-23 16:14:04.348] I (2868) wifi:wifi firmware version: 79fa3f41ba
[2026-05-23 16:14:04.349] I (2868) wifi:wifi certification version: v7.0
[2026-05-23 16:14:04.351] I (2868) wifi:config NVS flash: enabled
[2026-05-23 16:14:04.352] I (2868) wifi:config nano formatting: disabled
[2026-05-23 16:14:04.353] I (2869) wifi:Init data frame dynamic rx buffer num: 32
[2026-05-23 16:14:04.355] I (2869) wifi:Init static rx mgmt buffer num: 5
[2026-05-23 16:14:04.356] I (2870) wifi:Init management short buffer num: 32
[2026-05-23 16:14:04.357] I (2870) wifi:Init dynamic tx buffer num: 32
[2026-05-23 16:14:04.358] I (2871) wifi:Init static tx FG buffer num: 2
[2026-05-23 16:14:04.360] I (2871) wifi:Init static rx buffer size: 1600
[2026-05-23 16:14:04.361] I (2872) wifi:Init static rx buffer num: 10
[2026-05-23 16:14:04.362] I (2872) wifi:Init dynamic rx buffer num: 32
[2026-05-23 16:14:04.363] I (2873) wifi_init: rx ba win: 6
[2026-05-23 16:14:04.364] I (2874) wifi_init: accept mbox: 6
[2026-05-23 16:14:04.365] I (2874) wifi_init: tcpip mbox: 32
[2026-05-23 16:14:04.366] I (2874) wifi_init: udp mbox: 6
[2026-05-23 16:14:04.367] I (2874) wifi_init: tcp mbox: 6
[2026-05-23 16:14:04.368] I (2875) wifi_init: tcp tx win: 5760
[2026-05-23 16:14:04.369] I (2875) wifi_init: tcp rx win: 5760
[2026-05-23 16:14:04.370] I (2876) wifi_init: tcp mss: 1440
[2026-05-23 16:14:04.371] I (2876) wifi_init: WiFi IRAM OP enabled
[2026-05-23 16:14:04.372] I (2876) wifi_init: WiFi RX IRAM OP enabled
[2026-05-23 16:14:04.374] I (2877) phy_init: phy_version 1200,2b7123f9,Feb 18 2025,15:22:21
[2026-05-23 16:14:04.392] I (2911) wifi:mode : sta (74:4d:bd:e1:d5:b8)
[2026-05-23 16:14:04.393] I (2912) wifi:enable tsf
[2026-05-23 16:14:04.396] I (2915) ESPNOW: espnow [version: 2.0] init
[2026-05-23 16:14:04.397] WCAN_TEST_READY role=sensor
# Waiting for phased test start
# UART test start sent: WCAN_TEST_START at 2026-05-23T16:14:04.408625
[2026-05-23 16:14:05.221] P(FAIL):3545:e1:1:0:75:76
[2026-05-23 16:14:05.226] P(FAIL):3549:e2:2:0:75:76
[2026-05-23 16:14:05.543] P(FAIL):3867:e0:12:304:379:76
[2026-05-23 16:14:05.550] P(FAIL):3874:e2:5:76:151:76
[2026-05-23 16:14:05.557] P(FAIL):3881:e1:7:152:227:76
[2026-05-23 16:14:05.862] P(FAIL):4186:e2:8:152:227:76
[2026-05-23 16:14:05.920] P(FAIL):4243:e1:10:228:303:76
[2026-05-23 16:14:05.936] P(FAIL):4260:e0:21:532:607:76
[2026-05-23 16:14:06.291] P(FAIL):4615:e1:22:532:607:76
[2026-05-23 16:14:06.310] P(FAIL):4634:e2:35:836:911:76
[2026-05-23 16:14:06.312] P(FAIL):4636:e0:24:608:683:76
[2026-05-23 16:14:06.695] P(FAIL):5019:e0:27:684:759:76
[2026-05-23 16:14:06.719] P(FAIL):5043:e2:38:912:987:76
[2026-05-23 16:14:06.727] P(FAIL):5051:e1:37:912:987:76
[2026-05-23 16:14:07.144] P(FAIL):5467:e2:41:988:1063:76
[2026-05-23 16:14:07.152] P(FAIL):5475:e1:40:988:1063:76
[2026-05-23 16:14:07.154] P(FAIL):5477:e0:45:1140:1215:76
[2026-05-23 16:14:07.254] S(FAIL):5576:e1:0:1748:1825:78
[2026-05-23 16:14:07.405] S(FAIL):5728:e0:0:1444:1483:40
[2026-05-23 16:14:07.447] S(FAIL):5771:e2:0:1748:1819:72
[2026-05-23 16:14:07.520] P(FAIL):5843:e0:48:1216:1291:76
[2026-05-23 16:14:07.520] P(FAIL):5843:e1:43:1064:1139:76
[2026-05-23 16:14:07.543] P(FAIL):5866:e2:50:1216:1291:76
[2026-05-23 16:14:07.623] S(FAIL):5946:e1:0:1902:2102:201
[2026-05-23 16:14:07.723] S(FAIL):6046:e0:0:2016:2101:86
[2026-05-23 16:14:07.895] P(FAIL):6219:e1:46:1140:1215:76
[2026-05-23 16:14:07.900] P(FAIL):6224:e0:54:1368:1443:76
[2026-05-23 16:14:08.099] S(FAIL):6422:e1:0:2179:2383:205
[2026-05-23 16:14:08.280] P(FAIL):6603:e1:52:1292:1367:76
[2026-05-23 16:14:08.364] P(FAIL):6687:e2:82:2348:2423:76
[2026-05-23 16:14:08.375] P(FAIL):6698:e0:79:2178:2253:76
[2026-05-23 16:14:08.727] P(FAIL):7050:e2:92:2652:2727:76
[2026-05-23 16:14:08.777] P(FAIL):7101:e1:93:2673:2748:76
[2026-05-23 16:14:08.779] P(FAIL):7103:e0:84:2388:2463:76
[2026-05-23 16:14:09.016] S(FAIL):7339:e0:0:2254:2387:134
[2026-05-23 16:14:09.036] P(FAIL):7360:e1:99:2825:2900:76
[2026-05-23 16:14:09.154] P(FAIL):7477:e0:87:2464:2539:76
[2026-05-23 16:14:09.458] S(FAIL):7781:e0:0:3224:3327:104
[2026-05-23 16:14:09.498] P(FAIL):7821:e0:94:2692:2767:76
[2026-05-23 16:14:09.600] S(FAIL):7923:e0:0:3556:3585:30
[2026-05-23 16:14:09.856] P(FAIL):8179:e0:97:2768:2843:76
[2026-05-23 16:14:10.261] P(FAIL):8584:e0:109:3072:3147:76
[2026-05-23 16:14:10.583] P(FAIL):8906:e0:123:3480:3555:76
[2026-05-23 16:14:10.769] S(FAIL):9092:e0:0:3662:3854:193
[2026-05-23 16:14:10.977] P(FAIL):9301:e0:128:3586:3661:76
[2026-05-23 16:14:11.283] S(FAIL):9606:e0:0:4539:4696:158
[2026-05-23 16:14:11.308] P(FAIL):9632:e0:141:4007:4082:76
[2026-05-23 16:14:11.342] P(FAIL):9665:e2:164:4628:4703:76
[2026-05-23 16:14:11.652] P(FAIL):9975:e1:174:4877:4952:76
[2026-05-23 16:14:11.666] P(FAIL):9990:e0:153:4311:4386:76
[2026-05-23 16:14:12.035] P(FAIL):10358:e2:184:5160:5235:76
[2026-05-23 16:14:12.036] P(FAIL):10359:e0:179:5021:5096:76
[2026-05-23 16:14:12.373] P(FAIL):10696:e0:182:5097:5172:76
[2026-05-23 16:14:12.451] P(FAIL):10774:e2:187:5236:5311:76
[2026-05-23 16:14:34.724] P(FAIL):33047:e0:857:22197:22272:76
[2026-05-23 16:14:34.767] P(FAIL):33090:e1:858:22205:22280:76
[2026-05-23 16:14:34.974] P(FAIL):33298:e2:859:22260:22335:76
[2026-05-23 16:14:35.524] P(FAIL):33847:e0:860:22273:22348:76
[2026-05-23 16:14:35.567] P(FAIL):33890:e1:861:22281:22356:76
[2026-05-23 16:14:35.721] WCAN_BATCH id=0xe0 count=287 avg_hz=9.54 avg_points=75.75 min_points=4 max_points=76 avg_interval_ms=104.87 min_interval_ms=101.07 max_interval_ms=358.60 avg_dispatch_ms=3.66 max_dispatch_ms=8.61 dispatched_count=344 avg_queue_wait_ms=247.15 max_queue_wait_ms=1285.68
[2026-05-23 16:14:35.726] WCAN_BATCH id=0xe1 count=288 avg_hz=9.60 avg_points=75.99 min_points=72 max_points=76 avg_interval_ms=104.19 min_interval_ms=101.22 max_interval_ms=374.61 avg_dispatch_ms=3.68 max_dispatch_ms=13.86 dispatched_count=324 avg_queue_wait_ms=142.16 max_queue_wait_ms=1638.32
[2026-05-23 16:14:35.731] WCAN_BATCH id=0xe2 count=295 avg_hz=9.81 avg_points=75.80 min_points=17 max_points=76 avg_interval_ms=101.96 min_interval_ms=101.22 max_interval_ms=197.31 avg_dispatch_ms=3.65 max_dispatch_ms=13.54 dispatched_count=330 avg_queue_wait_ms=96.61 max_queue_wait_ms=1040.49
[2026-05-23 16:14:35.732] WCAN_SENSOR_END generated=22504 avg_hz=750.19
[2026-05-23 16:14:35.733] S(FAIL):34048:e0:0:4925:4944:20
[2026-05-23 16:14:35.733] S(FAIL):34049:e1:0:2536:2672:137
[2026-05-23 16:14:35.734] S(FAIL):34049:e2:0:2048:2119:72
[2026-05-23 16:14:35.738] WCAN_MEASURES elapsed_ms=29999 heap_start_free=88072 heap_end_free=109780 heap_start_min_free=88072 heap_end_min_free=87268 heap_start_largest=65536 heap_end_largest=77824 airtime_us_total=3646287 packets_sent_total=998 sensor_send_failures_total=1530
[2026-05-23 16:14:35.739] WCAN_TEST_END role=sensor

# Monitor stopped: 2026-05-23T16:14:35.739504
