# Monitor started: 2026-05-23T17:44:45.522553
# Port: /dev/ttyACM1, Baud: 921600, Timeout: 35.000s after WCAN_TEST_START

# UART boot config: wcan v=1 role=sensor transport=BROADCAST test_duration_ms=30000 host_wait_time_ms=5000 base=0xe0 count=1 hz=10 linger=100
[2026-05-23 17:44:45.531] ESP-ROM:esp32c3-api1-20210207
[2026-05-23 17:44:45.540] Build:Feb  7 2021
[2026-05-23 17:44:45.558] rst:0x15 (USB_UART_CHIP_RESET),boot:0xd (SPI_FAST_FLASH_BOOT)
[2026-05-23 17:44:45.566] Saved PC:0x40384eba
[2026-05-23 17:44:45.570] SPIWP:0xee
[2026-05-23 17:44:45.581] mode:DIO, clock div:1
[2026-05-23 17:44:45.596] load:0x3fcd5820,len:0x1574
[2026-05-23 17:44:45.599] load:0x403cc710,len:0xc30
[2026-05-23 17:44:45.599] load:0x403ce710,len:0x2fa0
[2026-05-23 17:44:45.603] entry 0x403cc71a
[2026-05-23 17:44:45.612] I (24) boot: ESP-IDF v5.4.1 2nd stage bootloader
[2026-05-23 17:44:45.625] I (24) boot: compile time May 20 2026 00:05:32
[2026-05-23 17:44:45.631] I (24) boot: chip revision: v0.4
[2026-05-23 17:44:45.635] I (25) boot: efuse block revision: v1.3
[2026-05-23 17:44:45.641] I (25) boot.esp32c3: SPI Speed      : 80MHz
[2026-05-23 17:44:45.653] I (25) boot.esp32c3: SPI Mode       : DIO
[2026-05-23 17:44:45.655] I (26) boot.esp32c3: SPI Flash Size : 2MB
[2026-05-23 17:44:45.657] I (26) boot: Enabling RNG early entropy source...
[2026-05-23 17:44:45.659] I (27) boot: Partition Table:
[2026-05-23 17:44:45.662] I (27) boot: ## Label            Usage          Type ST Offset   Length
[2026-05-23 17:44:45.663] I (28) boot:  0 nvs              WiFi data        01 02 00009000 00006000
[2026-05-23 17:44:45.666] I (29) boot:  1 phy_init         RF data          01 01 0000f000 00001000
[2026-05-23 17:44:45.668] I (29) boot:  2 factory          factory app      00 00 00010000 00100000
[2026-05-23 17:44:45.669] I (30) boot: End of partition table
[2026-05-23 17:44:45.671] I (31) esp_image: segment 0: paddr=00010020 vaddr=3c0a0020 size=1977ch (104316) map
[2026-05-23 17:44:45.673] I (48) esp_image: segment 1: paddr=000297a4 vaddr=3fc95200 size=02da0h ( 11680) load
[2026-05-23 17:44:45.686] I (51) esp_image: segment 2: paddr=0002c54c vaddr=40380000 size=03acch ( 15052) load
[2026-05-23 17:44:45.688] I (54) esp_image: segment 3: paddr=00030020 vaddr=42000020 size=9942ch (627756) map
[2026-05-23 17:44:45.691] I (154) esp_image: segment 4: paddr=000c9454 vaddr=40383acc size=11614h ( 71188) load
[2026-05-23 17:44:45.694] I (168) esp_image: segment 5: paddr=000daa70 vaddr=50000200 size=0001ch (    28) load
[2026-05-23 17:44:45.697] I (175) boot: Loaded app from partition at offset 0x10000
[2026-05-23 17:44:45.701] I (175) boot: Disabling RNG early entropy source...
[2026-05-23 17:44:45.702] I (176) cpu_start: Unicore app
[2026-05-23 17:44:45.704] I (185) cpu_start: Pro cpu start user code
[2026-05-23 17:44:45.710] I (185) cpu_start: cpu freq: 160000000 Hz
[2026-05-23 17:44:45.711] I (185) app_init: Application information:
[2026-05-23 17:44:45.712] I (185) app_init: Project name:     sensor_acquirer
[2026-05-23 17:44:45.713] I (185) app_init: App version:      v1.0-171-gbbe0783
[2026-05-23 17:44:45.714] I (186) app_init: Compile time:     May 23 2026 14:30:31
[2026-05-23 17:44:45.716] I (187) app_init: ELF file SHA256:  493679023...
[2026-05-23 17:44:45.716] I (187) app_init: ESP-IDF:          v5.4.1
[2026-05-23 17:44:45.717] I (188) efuse_init: Min chip rev:     v0.3
[2026-05-23 17:44:45.718] I (188) efuse_init: Max chip rev:     v1.99
[2026-05-23 17:44:45.719] I (189) efuse_init: Chip rev:         v0.4
[2026-05-23 17:44:45.720] I (189) heap_init: Initializing. RAM available for dynamic allocation:
[2026-05-23 17:44:45.721] I (190) heap_init: At 3FC9C340 len 00023CC0 (143 KiB): RAM
[2026-05-23 17:44:45.722] I (190) heap_init: At 3FCC0000 len 0001C710 (113 KiB): Retention RAM
[2026-05-23 17:44:45.722] I (191) heap_init: At 3FCDC710 len 00002950 (10 KiB): Retention RAM
[2026-05-23 17:44:45.722] I (192) heap_init: At 5000021C len 00001DCC (7 KiB): RTCRAM
[2026-05-23 17:44:45.722] I (194) spi_flash: detected chip: generic
[2026-05-23 17:44:45.723] I (194) spi_flash: flash io: dio
[2026-05-23 17:44:45.723] W (194) spi_flash: Detected size(4096k) larger than the size in the binary image header(2048k). Using the size in the binary image header.
[2026-05-23 17:44:45.724] I (196) sleep_gpio: Configure to isolate all GPIO pins in sleep state
[2026-05-23 17:44:45.724] I (196) sleep_gpio: Enable automatic switching of GPIO sleep configuration
[2026-05-23 17:44:45.724] I (197) main_task: Started on CPU0
[2026-05-23 17:44:45.724] I (197) main_task: Calling app_main()
[2026-05-23 17:44:45.725] WCAN_CFG_WAIT v=1
# UART boot config sent: wcan v=1 role=sensor transport=BROADCAST test_duration_ms=30000 host_wait_time_ms=5000 base=0xe0 count=1 hz=10 linger=100
[2026-05-23 17:44:45.725] WCAN_CFG_WAIT v=1
[2026-05-23 17:44:48.162] WCAN_CFG_ACK
[2026-05-23 17:44:48.163] WCAN_CFG_ACK
[2026-05-23 17:44:48.169] I (2842) pp: pp rom version: 9387209
[2026-05-23 17:44:48.173] I (2843) net80211: net80211 rom version: 9387209
[2026-05-23 17:44:48.178] I (2844) wifi:wifi driver task: 3fca7720, prio:23, stack:6656, core=0
[2026-05-23 17:44:48.184] I (2848) wifi:wifi firmware version: 79fa3f41ba
[2026-05-23 17:44:48.189] I (2848) wifi:wifi certification version: v7.0
[2026-05-23 17:44:48.193] I (2848) wifi:config NVS flash: enabled
[2026-05-23 17:44:48.196] I (2848) wifi:config nano formatting: disabled
[2026-05-23 17:44:48.199] I (2849) wifi:Init data frame dynamic rx buffer num: 32
[2026-05-23 17:44:48.201] I (2849) wifi:Init static rx mgmt buffer num: 5
[2026-05-23 17:44:48.203] I (2850) wifi:Init management short buffer num: 32
[2026-05-23 17:44:48.204] I (2850) wifi:Init dynamic tx buffer num: 32
[2026-05-23 17:44:48.206] I (2851) wifi:Init static tx FG buffer num: 2
[2026-05-23 17:44:48.208] I (2851) wifi:Init static rx buffer size: 1600
[2026-05-23 17:44:48.210] I (2852) wifi:Init static rx buffer num: 10
[2026-05-23 17:44:48.211] I (2852) wifi:Init dynamic rx buffer num: 32
[2026-05-23 17:44:48.212] I (2853) wifi_init: rx ba win: 6
[2026-05-23 17:44:48.213] I (2854) wifi_init: accept mbox: 6
[2026-05-23 17:44:48.214] I (2854) wifi_init: tcpip mbox: 32
[2026-05-23 17:44:48.214] I (2854) wifi_init: udp mbox: 6
[2026-05-23 17:44:48.216] I (2854) wifi_init: tcp mbox: 6
[2026-05-23 17:44:48.217] I (2855) wifi_init: tcp tx win: 5760
[2026-05-23 17:44:48.217] I (2855) wifi_init: tcp rx win: 5760
[2026-05-23 17:44:48.218] I (2856) wifi_init: tcp mss: 1440
[2026-05-23 17:44:48.219] I (2856) wifi_init: WiFi IRAM OP enabled
[2026-05-23 17:44:48.220] I (2856) wifi_init: WiFi RX IRAM OP enabled
[2026-05-23 17:44:48.221] I (2857) phy_init: phy_version 1200,2b7123f9,Feb 18 2025,15:22:21
[2026-05-23 17:44:48.222] I (2890) wifi:mode : sta (74:4d:bd:e1:d5:b8)
[2026-05-23 17:44:48.222] I (2891) wifi:enable tsf
[2026-05-23 17:44:48.223] I (2894) ESPNOW: espnow [version: 2.0] init
[2026-05-23 17:44:48.223] WCAN_TEST_READY role=sensor
# Waiting for phased test start
# UART test start sent: WCAN_TEST_START at 2026-05-23T17:44:48.234862
[2026-05-23 17:45:18.807] P(FAIL):33285:e0:148:296:297:2
[2026-05-23 17:45:19.556] WCAN_BATCH id=0xe0 count=150 avg_hz=5.00 avg_points=1.99 min_points=1 max_points=2 avg_interval_ms=200.00 min_interval_ms=199.96 max_interval_ms=200.03 avg_dispatch_ms=1.56 max_dispatch_ms=3.86 dispatched_count=152 avg_queue_wait_ms=2.29 max_queue_wait_ms=165.74
[2026-05-23 17:45:19.559] WCAN_SENSOR_END generated=298 avg_hz=9.97
[2026-05-23 17:45:19.575] WCAN_MEASURES elapsed_ms=29999 heap_start_free=126780 heap_end_free=141412 heap_start_min_free=126780 heap_end_min_free=126488 heap_start_largest=98304 heap_end_largest=98304 airtime_us_total=235427 packets_sent_total=152 sensor_send_failures_total=0
[2026-05-23 17:45:19.576] WCAN_TEST_END role=sensor

# Monitor stopped: 2026-05-23T17:45:19.576048
