# Monitor started: 2026-04-22T17:58:53.571956
# Port: COM10, Baud: 115200, Duration: 30s

[2026-04-22 17:58:53.571] I (101) esp_image: segment 2: paddr=0002af24 vaddr=40380000 sizeESP-ROM:esp32c3-api1-20210207
[2026-04-22 17:58:53.573] Build:Feb  7 2021
[2026-04-22 17:58:53.573] rst:0x15 (USB_UART_CHIP_RESET),boot:0xd (SPI_FAST_FLASH_BOOT)
[2026-04-22 17:58:53.573] Saved PC:0x40384ec6
[2026-04-22 17:58:53.573] SPIWP:0xee
[2026-04-22 17:58:53.573] mode:DIO, clock div:1
[2026-04-22 17:58:53.573] load:0x3fcd5820,len:0x1574
[2026-04-22 17:58:53.575] load:0x403cc710,len:0xc30
[2026-04-22 17:58:53.578] load:0x403ce710,len:0x2f64
[2026-04-22 17:58:53.580] entry 0x403cc71a
[2026-04-22 17:58:53.588] I (24) boot: ESP-IDF v5.4.1 2nd stage bootloader
[2026-04-22 17:58:53.594] I (24) boot: compile time Apr 22 2026 16:23:48
[2026-04-22 17:58:53.596] I (25) boot: chip revision: v0.4
[2026-04-22 17:58:53.601] I (25) boot: efuse block revision: v1.3
[2026-04-22 17:58:53.607] I (28) boot.esp32c3: SPI Speed      : 80MHz
[2026-04-22 17:58:53.612] I (32) boot.esp32c3: SPI Mode       : DIO
[2026-04-22 17:58:53.619] I (36) boot.esp32c3: SPI Flash Size : 2MB
[2026-04-22 17:58:53.624] I (39) boot: Enabling RNG early entropy source...
[2026-04-22 17:58:53.627] I (44) boot: Partition Table:
[2026-04-22 17:58:53.637] I (46) boot: ## Label            Usage          Type ST Offset   Length
[2026-04-22 17:58:53.647] I (53) boot:  0 nvs              WiFi data        01 02 00009000 00006000
[2026-04-22 17:58:53.656] I (59) boot:  1 phy_init         RF data          01 01 0000f000 00001000
[2026-04-22 17:58:53.667] I (66) boot:  2 factory          factory app      00 00 00010000 00100000
[2026-04-22 17:58:53.672] I (72) boot: End of partition table
[2026-04-22 17:58:53.683] I (76) esp_image: segment 0: paddr=00010020 vaddr=3c090020 size=18154h ( 98644) map
[2026-04-22 17:58:53.693] I (99) esp_image: segment 1: paddr=0002817c vaddr=3fc94000 size=02da0h ( 11680) load
[2026-04-22 17:58:53.705] I (101) esp_image: segment 2: paddr=0002af24 vaddr=40380000 size=050f4h ( 20724) load
[2026-04-22 17:58:53.716] I (106) esp_image: segment 3: paddr=00030020 vaddr=42000020 size=8eb9ch (584604) map
[2026-04-22 17:58:53.728] I (203) esp_image: segment 4: paddr=000bebc4 vaddr=403850f4 size=0ee28h ( 60968) load
[2026-04-22 17:58:53.739] I (215) esp_image: segment 5: paddr=000cd9f4 vaddr=50000200 size=0001ch (    28) load
[2026-04-22 17:58:53.747] I (221) boot: Loaded app from partition at offset 0x10000
[2026-04-22 17:58:53.753] I (221) boot: Disabling RNG early entropy source...
[2026-04-22 17:58:53.756] I (232) cpu_start: Unicore app
[2026-04-22 17:58:53.761] I (241) cpu_start: Pro cpu start user code
[2026-04-22 17:58:53.767] I (241) cpu_start: cpu freq: 160000000 Hz
[2026-04-22 17:58:53.773] I (241) app_init: Application information:
[2026-04-22 17:58:53.780] I (241) app_init: Project name:     sensor_acquirer
[2026-04-22 17:58:53.787] I (245) app_init: App version:      e468f2b-dirty
[2026-04-22 17:58:53.795] I (250) app_init: Compile time:     Apr 22 2026 16:22:46
[2026-04-22 17:58:53.802] I (255) app_init: ELF file SHA256:  2e4e02f66...
[2026-04-22 17:58:53.808] I (259) app_init: ESP-IDF:          v5.4.1
[2026-04-22 17:58:53.813] I (263) efuse_init: Min chip rev:     v0.3
[2026-04-22 17:58:53.819] I (267) efuse_init: Max chip rev:     v1.99
[2026-04-22 17:58:53.824] I (271) efuse_init: Chip rev:         v0.4
[2026-04-22 17:58:53.834] I (275) heap_init: Initializing. RAM available for dynamic allocation:
[2026-04-22 17:58:53.841] I (281) heap_init: At 3FC9B1B0 len 00024E50 (147 KiB): RAM
[2026-04-22 17:58:53.851] I (286) heap_init: At 3FCC0000 len 0001C710 (113 KiB): Retention RAM
[2026-04-22 17:58:53.860] I (292) heap_init: At 3FCDC710 len 00002950 (10 KiB): Retention RAM
[2026-04-22 17:58:53.868] I (298) heap_init: At 5000021C len 00001DCC (7 KiB): RTCRAM
[2026-04-22 17:58:53.875] I (304) spi_flash: detected chip: generic
[2026-04-22 17:58:53.879] I (307) spi_flash: flash io: dio
[2026-04-22 17:58:53.899] W (310) spi_flash: Detected size(4096k) larger than the size in the binary image header(2048k). Using the size in the binary image header.
[2026-04-22 17:58:53.909] I (323) sleep_gpio: Configure to isolate all GPIO pins in sleep state
[2026-04-22 17:58:53.920] I (329) sleep_gpio: Enable automatic switching of GPIO sleep configuration
[2026-04-22 17:58:53.927] I (336) main_task: Started on CPU0
[2026-04-22 17:58:53.933] I (336) main_task: Calling app_main()
[2026-04-22 17:58:53.937] I (336) MAIN: MAC: 74:4d:bd:e1:d5:b8
[2026-04-22 17:58:53.944] I (346) pp: pp rom version: 9387209
[2026-04-22 17:58:53.951] I (346) net80211: net80211 rom version: 9387209
[2026-04-22 17:58:53.961] I (356) wifi:wifi driver task: 3fca4114, prio:23, stack:6656, core=0
[2026-04-22 17:58:53.968] I (356) wifi:wifi firmware version: 79fa3f41ba
[2026-04-22 17:58:53.974] I (356) wifi:wifi certification version: v7.0
[2026-04-22 17:58:53.981] I (366) wifi:config NVS flash: enabled
[2026-04-22 17:58:53.987] I (366) wifi:config nano formatting: disabled
[2026-04-22 17:58:53.994] I (366) wifi:Init data frame dynamic rx buffer num: 32
[2026-04-22 17:58:54.000] I (376) wifi:Init static rx mgmt buffer num: 5
[2026-04-22 17:58:54.007] I (376) wifi:Init management short buffer num: 32
[2026-04-22 17:58:54.013] I (386) wifi:Init dynamic tx buffer num: 32
[2026-04-22 17:58:54.022] I (386) wifi:Init static tx FG buffer num: 2
[2026-04-22 17:58:54.033] I (396) wifi:Init static rx buffer size: 1600
[2026-04-22 17:58:54.043] I (396) wifi:Init static rx buffer num: 10
[2026-04-22 17:58:54.051] I (396) wifi:Init dynamic rx buffer num: 32
[2026-04-22 17:58:54.058] I (406) wifi_init: rx ba win: 6
[2026-04-22 17:58:54.064] I (406) wifi_init: accept mbox: 6
[2026-04-22 17:58:54.069] I (406) wifi_init: tcpip mbox: 32
[2026-04-22 17:58:54.075] I (416) wifi_init: udp mbox: 6
[2026-04-22 17:58:54.081] I (416) wifi_init: tcp mbox: 6
[2026-04-22 17:58:54.087] I (416) wifi_init: tcp tx win: 5760
[2026-04-22 17:58:54.094] I (416) wifi_init: tcp rx win: 5760
[2026-04-22 17:58:54.099] I (426) wifi_init: tcp mss: 1440
[2026-04-22 17:58:54.102] I (426) wifi_init: WiFi IRAM OP enabled
[2026-04-22 17:58:54.106] I (426) wifi_init: WiFi RX IRAM OP enabled
[2026-04-22 17:58:54.111] I (436) phy_init: phy_version 1200,2b7123f9,Feb 18 2025,15:22:21
[2026-04-22 17:58:54.116] I (476) wifi:mode : softAP (74:4d:bd:e1:d5:b9)
[2026-04-22 17:58:54.120] I (476) wifi:Total power save buffer number: 16
[2026-04-22 17:58:54.124] I (476) wifi:Init max length of beacon: 752/752
[2026-04-22 17:58:54.128] I (476) wifi:Init max length of beacon: 752/752
[2026-04-22 17:58:54.131] I (476) MAIN: WiFi initialized
[2026-04-22 17:58:54.133] I (486) MAIN: SENSOR mode — CAN ID: 0xd5b8
[2026-04-22 17:58:54.134] I (486) ESPNOW: espnow [version: 2.0] init
[2026-04-22 17:58:54.136] I (486) SEND: Send processing task started
[2026-04-22 17:58:54.139] I (496) RECV: Receive processing task started
[2026-04-22 17:58:54.140] I (496) WCAN: WCAN initialized
[2026-04-22 17:58:54.143] I (496) ReadDataTask: ReadDataTask started with CAN ID 0xd5b8
[2026-04-22 17:58:54.144] I (506) ReadDataTask: Sent counter=0
[2026-04-22 17:58:54.147] I (506) main_task: Returned from app_main()
[2026-04-22 17:58:54.378] I (1506) ReadDataTask: Sent counter=1
[2026-04-22 17:58:55.377] I (2506) ReadDataTask: Sent counter=2
[2026-04-22 17:58:56.377] I (3506) ReadDataTask: Sent counter=3
[2026-04-22 17:58:57.377] I (4506) ReadDataTask: Sent counter=4
[2026-04-22 17:58:58.377] I (5506) ReadDataTask: Sent counter=5
[2026-04-22 17:58:59.377] I (6506) ReadDataTask: Sent counter=6
[2026-04-22 17:59:00.378] I (7506) ReadDataTask: Sent counter=7
[2026-04-22 17:59:01.378] I (8506) ReadDataTask: Sent counter=8
[2026-04-22 17:59:02.378] I (9506) ReadDataTask: Sent counter=9
[2026-04-22 17:59:03.378] I (10506) ReadDataTask: Sent counter=10
[2026-04-22 17:59:04.378] I (11506) ReadDataTask: Sent counter=11
[2026-04-22 17:59:05.378] I (12506) ReadDataTask: Sent counter=12
[2026-04-22 17:59:06.378] I (13506) ReadDataTask: Sent counter=13
[2026-04-22 17:59:07.377] I (14506) ReadDataTask: Sent counter=14
[2026-04-22 17:59:08.378] I (15506) ReadDataTask: Sent counter=15
[2026-04-22 17:59:09.378] I (16506) ReadDataTask: Sent counter=16
[2026-04-22 17:59:10.378] I (17506) ReadDataTask: Sent counter=17
[2026-04-22 17:59:11.378] I (18506) ReadDataTask: Sent counter=18
[2026-04-22 17:59:12.379] I (19506) ReadDataTask: Sent counter=19
[2026-04-22 17:59:13.378] I (20506) ReadDataTask: Sent counter=20
[2026-04-22 17:59:14.378] I (21506) ReadDataTask: Sent counter=21
[2026-04-22 17:59:15.379] I (22506) ReadDataTask: Sent counter=22
[2026-04-22 17:59:16.378] I (23506) ReadDataTask: Sent counter=23
[2026-04-22 17:59:17.379] I (24506) ReadDataTask: Sent counter=24
[2026-04-22 17:59:18.378] I (25506) ReadDataTask: Sent counter=25
[2026-04-22 17:59:19.379] I (26506) ReadDataTask: Sent counter=26
[2026-04-22 17:59:20.379] I (27506) ReadDataTask: Sent counter=27
[2026-04-22 17:59:21.379] I (28506) ReadDataTask: Sent counter=28
[2026-04-22 17:59:22.379] I (29506) ReadDataTask: Sent counter=29
[2026-04-22 17:59:23.379] I (30506) ReadDataTask: Sent counter=30

# Monitor stopped: 2026-04-22T17:59:23.881635
