# Monitor started: 2026-05-23T20:16:35.616813
# Port: /dev/ttyACM1, Baud: 921600, Timeout: 35.000s after WCAN_TEST_START

# UART boot config: wcan v=1 role=sensor transport=MULTICAST test_duration_ms=30000 host_wait_time_ms=5000 base=0xe0 count=3 hz=750 linger=100
[2026-05-23 20:16:35.618] ESP-ROM:esp32c3-api1-20210207
[2026-05-23 20:16:35.620] Build:Feb  7 2021
[2026-05-23 20:16:35.634] rst:0x15 (USB_UART_CHIP_RESET),boot:0xd (SPI_FAST_FLASH_BOOT)
[2026-05-23 20:16:35.639] Saved PC:0x40384eba
[2026-05-23 20:16:35.641] SPIWP:0xee
[2026-05-23 20:16:35.644] mode:DIO, clock div:1
[2026-05-23 20:16:35.645] load:0x3fcd5820,len:0x1574
[2026-05-23 20:16:35.648] load:0x403cc710,len:0xc30
[2026-05-23 20:16:35.650] load:0x403ce710,len:0x2fa0
[2026-05-23 20:16:35.651] entry 0x403cc71a
[2026-05-23 20:16:35.653] I (24) boot: ESP-IDF v5.4.1 2nd stage bootloader
[2026-05-23 20:16:35.657] I (24) boot: compile time May 19 2026 23:41:33
[2026-05-23 20:16:35.660] I (25) boot: chip revision: v0.4
[2026-05-23 20:16:35.664] I (25) boot: efuse block revision: v1.3
[2026-05-23 20:16:35.668] I (25) boot.esp32c3: SPI Speed      : 80MHz
[2026-05-23 20:16:35.673] I (25) boot.esp32c3: SPI Mode       : DIO
[2026-05-23 20:16:35.674] I (26) boot.esp32c3: SPI Flash Size : 2MB
[2026-05-23 20:16:35.676] I (26) boot: Enabling RNG early entropy source...
[2026-05-23 20:16:35.677] I (27) boot: Partition Table:
[2026-05-23 20:16:35.682] I (27) boot: ## Label            Usage          Type ST Offset   Length
[2026-05-23 20:16:35.694] I (28) boot:  0 nvs              WiFi data        01 02 00009000 00006000
[2026-05-23 20:16:35.697] I (29) boot:  1 phy_init         RF data          01 01 0000f000 00001000
[2026-05-23 20:16:35.700] I (29) boot:  2 factory          factory app      00 00 00010000 00100000
[2026-05-23 20:16:35.710] I (30) boot: End of partition table
[2026-05-23 20:16:35.723] I (31) esp_image: segment 0: paddr=00010020 vaddr=3c0a0020 size=19850h (104528) map
[2026-05-23 20:16:35.736] I (48) esp_image: segment 1: paddr=00029878 vaddr=3fc95000 size=02da0h ( 11680) load
[2026-05-23 20:16:35.744] I (51) esp_image: segment 2: paddr=0002c620 vaddr=40380000 size=039f8h ( 14840) load
[2026-05-23 20:16:35.746] I (54) esp_image: segment 3: paddr=00030020 vaddr=42000020 size=990b4h (626868) map
[2026-05-23 20:16:35.750] I (154) esp_image: segment 4: paddr=000c90dc vaddr=403839f8 size=114f8h ( 70904) load
[2026-05-23 20:16:35.757] I (168) esp_image: segment 5: paddr=000da5dc vaddr=50000200 size=0001ch (    28) load
[2026-05-23 20:16:35.758] I (174) boot: Loaded app from partition at offset 0x10000
[2026-05-23 20:16:35.760] I (175) boot: Disabling RNG early entropy source...
[2026-05-23 20:16:35.761] I (176) cpu_start: Unicore app
[2026-05-23 20:16:35.761] I (185) cpu_start: Pro cpu start user code
[2026-05-23 20:16:35.762] I (185) cpu_start: cpu freq: 160000000 Hz
[2026-05-23 20:16:35.764] I (185) app_init: Application information:
[2026-05-23 20:16:35.765] I (185) app_init: Project name:     sensor_acquirer
[2026-05-23 20:16:35.767] I (185) app_init: App version:      v1.0-171-gbbe0783
[2026-05-23 20:16:35.768] I (186) app_init: Compile time:     May 23 2026 14:30:40
[2026-05-23 20:16:35.770] I (186) app_init: ELF file SHA256:  0e7d705e7...
[2026-05-23 20:16:35.772] I (187) app_init: ESP-IDF:          v5.4.1
[2026-05-23 20:16:35.773] I (187) efuse_init: Min chip rev:     v0.3
[2026-05-23 20:16:35.774] I (188) efuse_init: Max chip rev:     v1.99
[2026-05-23 20:16:35.775] I (188) efuse_init: Chip rev:         v0.4
[2026-05-23 20:16:35.777] I (189) heap_init: Initializing. RAM available for dynamic allocation:
[2026-05-23 20:16:35.778] I (190) heap_init: At 3FC9C130 len 00023ED0 (143 KiB): RAM
[2026-05-23 20:16:35.778] I (190) heap_init: At 3FCC0000 len 0001C710 (113 KiB): Retention RAM
[2026-05-23 20:16:35.779] I (191) heap_init: At 3FCDC710 len 00002950 (10 KiB): Retention RAM
[2026-05-23 20:16:35.780] I (192) heap_init: At 5000021C len 00001DCC (7 KiB): RTCRAM
[2026-05-23 20:16:35.781] I (193) spi_flash: detected chip: generic
[2026-05-23 20:16:35.781] I (193) spi_flash: flash io: dio
[2026-05-23 20:16:35.783] W (194) spi_flash: Detected size(4096k) larger than the size in the binary image header(2048k). Using the size in the binary image header.
[2026-05-23 20:16:35.786] I (195) sleep_gpio: Configure to isolate all GPIO pins in sleep state
[2026-05-23 20:16:35.790] I (196) sleep_gpio: Enable automatic switching of GPIO sleep configuration
[2026-05-23 20:16:35.790] I (197) main_task: Started on CPU0
[2026-05-23 20:16:35.791] I (197) main_task: Calling app_main()
[2026-05-23 20:16:35.791] WCAN_CFG_WAIT v=1
# UART boot config sent: wcan v=1 role=sensor transport=MULTICAST test_duration_ms=30000 host_wait_time_ms=5000 base=0xe0 count=3 hz=750 linger=100
[2026-05-23 20:16:35.792] WCAN_CFG_WAIT v=1
[2026-05-23 20:16:38.235] WCAN_CFG_ACK
[2026-05-23 20:16:38.235] WCAN_CFG_ACK
[2026-05-23 20:16:38.240] I (2822) pp: pp rom version: 9387209
[2026-05-23 20:16:38.241] I (2823) net80211: net80211 rom version: 9387209
[2026-05-23 20:16:38.243] I (2824) wifi:wifi driver task: 3fca7510, prio:23, stack:6656, core=0
[2026-05-23 20:16:38.246] I (2828) wifi:wifi firmware version: 79fa3f41ba
[2026-05-23 20:16:38.247] I (2828) wifi:wifi certification version: v7.0
[2026-05-23 20:16:38.248] I (2828) wifi:config NVS flash: enabled
[2026-05-23 20:16:38.249] I (2828) wifi:config nano formatting: disabled
[2026-05-23 20:16:38.250] I (2829) wifi:Init data frame dynamic rx buffer num: 32
[2026-05-23 20:16:38.251] I (2829) wifi:Init static rx mgmt buffer num: 5
[2026-05-23 20:16:38.252] I (2830) wifi:Init management short buffer num: 32
[2026-05-23 20:16:38.253] I (2830) wifi:Init dynamic tx buffer num: 32
[2026-05-23 20:16:38.255] I (2831) wifi:Init static tx FG buffer num: 2
[2026-05-23 20:16:38.256] I (2832) wifi:Init static rx buffer size: 1600
[2026-05-23 20:16:38.257] I (2832) wifi:Init static rx buffer num: 10
[2026-05-23 20:16:38.258] I (2832) wifi:Init dynamic rx buffer num: 32
[2026-05-23 20:16:38.259] I (2834) wifi_init: rx ba win: 6
[2026-05-23 20:16:38.260] I (2834) wifi_init: accept mbox: 6
[2026-05-23 20:16:38.261] I (2834) wifi_init: tcpip mbox: 32
[2026-05-23 20:16:38.262] I (2834) wifi_init: udp mbox: 6
[2026-05-23 20:16:38.263] I (2834) wifi_init: tcp mbox: 6
[2026-05-23 20:16:38.264] I (2835) wifi_init: tcp tx win: 5760
[2026-05-23 20:16:38.265] I (2835) wifi_init: tcp rx win: 5760
[2026-05-23 20:16:38.266] I (2836) wifi_init: tcp mss: 1440
[2026-05-23 20:16:38.267] I (2836) wifi_init: WiFi IRAM OP enabled
[2026-05-23 20:16:38.268] I (2836) wifi_init: WiFi RX IRAM OP enabled
[2026-05-23 20:16:38.270] I (2837) phy_init: phy_version 1200,2b7123f9,Feb 18 2025,15:22:21
[2026-05-23 20:16:38.288] I (2870) wifi:mode : sta (74:4d:bd:e1:d5:b8)
[2026-05-23 20:16:38.289] I (2871) wifi:enable tsf
[2026-05-23 20:16:38.292] I (2874) ESPNOW: espnow [version: 2.0] init
[2026-05-23 20:16:38.293] WCAN_TEST_READY role=sensor
# Waiting for phased test start
# UART test start sent: WCAN_TEST_START at 2026-05-23T20:16:38.304959
[2026-05-23 20:17:08.641] WCAN_BATCH id=0xe0 count=296 avg_hz=9.87 avg_points=76.00 min_points=76 max_points=76 avg_interval_ms=101.31 min_interval_ms=101.28 max_interval_ms=101.33 avg_dispatch_ms=4.21 max_dispatch_ms=12.60 dispatched_count=296 avg_queue_wait_ms=0.14 max_queue_wait_ms=0.28
[2026-05-23 20:17:08.646] WCAN_BATCH id=0xe1 count=296 avg_hz=9.87 avg_points=76.00 min_points=76 max_points=76 avg_interval_ms=101.31 min_interval_ms=101.26 max_interval_ms=101.34 avg_dispatch_ms=3.56 max_dispatch_ms=7.33 dispatched_count=296 avg_queue_wait_ms=4.42 max_queue_wait_ms=12.80
[2026-05-23 20:17:08.649] WCAN_BATCH id=0xe2 count=296 avg_hz=9.87 avg_points=76.00 min_points=76 max_points=76 avg_interval_ms=101.31 min_interval_ms=101.26 max_interval_ms=101.34 avg_dispatch_ms=3.84 max_dispatch_ms=9.09 dispatched_count=296 avg_queue_wait_ms=8.05 max_queue_wait_ms=16.29
[2026-05-23 20:17:08.650] WCAN_SENSOR_END generated=22504 avg_hz=750.19
[2026-05-23 20:17:08.652] WCAN_MEASURES elapsed_ms=29999 heap_start_free=66428 heap_end_free=78020 heap_start_min_free=66428 heap_end_min_free=64320 heap_start_largest=47104 heap_end_largest=47104 airtime_us_total=3427392 packets_sent_total=888 sensor_send_failures_total=0
[2026-05-23 20:17:08.652] WCAN_TEST_END role=sensor

# Monitor stopped: 2026-05-23T20:17:08.652671
