# Monitor started: 2026-05-23T18:06:48.481951
# Port: /dev/ttyACM1, Baud: 921600, Timeout: 35.000s after WCAN_TEST_START

# UART boot config: wcan v=1 role=sensor transport=BROADCAST test_duration_ms=30000 host_wait_time_ms=5000 base=0xe0 count=1 hz=200 linger=100
[2026-05-23 18:06:48.492] ESP-ROM:esp32c3-api1-20210207
[2026-05-23 18:06:48.497] Build:Feb  7 2021
[2026-05-23 18:06:48.513] rst:0x15 (USB_UART_CHIP_RESET),boot:0xd (SPI_FAST_FLASH_BOOT)
[2026-05-23 18:06:48.520] Saved PC:0x40384eba
[2026-05-23 18:06:48.525] SPIWP:0xee
[2026-05-23 18:06:48.533] mode:DIO, clock div:1
[2026-05-23 18:06:48.541] load:0x3fcd5820,len:0x1574
[2026-05-23 18:06:48.550] load:0x403cc710,len:0xc30
[2026-05-23 18:06:48.558] load:0x403ce710,len:0x2fa0
[2026-05-23 18:06:48.563] entry 0x403cc71a
[2026-05-23 18:06:48.566] I (24) boot: ESP-IDF v5.4.1 2nd stage bootloader
[2026-05-23 18:06:48.569] I (24) boot: compile time May 20 2026 00:05:32
[2026-05-23 18:06:48.574] I (25) boot: chip revision: v0.4
[2026-05-23 18:06:48.581] I (25) boot: efuse block revision: v1.3
[2026-05-23 18:06:48.592] I (25) boot.esp32c3: SPI Speed      : 80MHz
[2026-05-23 18:06:48.601] I (25) boot.esp32c3: SPI Mode       : DIO
[2026-05-23 18:06:48.603] I (26) boot.esp32c3: SPI Flash Size : 2MB
[2026-05-23 18:06:48.606] I (26) boot: Enabling RNG early entropy source...
[2026-05-23 18:06:48.607] I (27) boot: Partition Table:
[2026-05-23 18:06:48.609] I (27) boot: ## Label            Usage          Type ST Offset   Length
[2026-05-23 18:06:48.612] I (28) boot:  0 nvs              WiFi data        01 02 00009000 00006000
[2026-05-23 18:06:48.616] I (29) boot:  1 phy_init         RF data          01 01 0000f000 00001000
[2026-05-23 18:06:48.628] I (29) boot:  2 factory          factory app      00 00 00010000 00100000
[2026-05-23 18:06:48.632] I (30) boot: End of partition table
[2026-05-23 18:06:48.635] I (31) esp_image: segment 0: paddr=00010020 vaddr=3c0a0020 size=1977ch (104316) map
[2026-05-23 18:06:48.647] I (48) esp_image: segment 1: paddr=000297a4 vaddr=3fc95200 size=02da0h ( 11680) load
[2026-05-23 18:06:48.649] I (51) esp_image: segment 2: paddr=0002c54c vaddr=40380000 size=03acch ( 15052) load
[2026-05-23 18:06:48.658] I (54) esp_image: segment 3: paddr=00030020 vaddr=42000020 size=9942ch (627756) map
[2026-05-23 18:06:48.664] I (154) esp_image: segment 4: paddr=000c9454 vaddr=40383acc size=11614h ( 71188) load
[2026-05-23 18:06:48.671] I (168) esp_image: segment 5: paddr=000daa70 vaddr=50000200 size=0001ch (    28) load
[2026-05-23 18:06:48.674] I (175) boot: Loaded app from partition at offset 0x10000
[2026-05-23 18:06:48.676] I (175) boot: Disabling RNG early entropy source...
[2026-05-23 18:06:48.677] I (176) cpu_start: Unicore app
[2026-05-23 18:06:48.678] I (185) cpu_start: Pro cpu start user code
[2026-05-23 18:06:48.679] I (185) cpu_start: cpu freq: 160000000 Hz
[2026-05-23 18:06:48.681] I (185) app_init: Application information:
[2026-05-23 18:06:48.682] I (185) app_init: Project name:     sensor_acquirer
[2026-05-23 18:06:48.684] I (185) app_init: App version:      v1.0-171-gbbe0783
[2026-05-23 18:06:48.685] I (186) app_init: Compile time:     May 23 2026 14:30:31
[2026-05-23 18:06:48.686] I (187) app_init: ELF file SHA256:  493679023...
[2026-05-23 18:06:48.687] I (187) app_init: ESP-IDF:          v5.4.1
[2026-05-23 18:06:48.688] I (188) efuse_init: Min chip rev:     v0.3
[2026-05-23 18:06:48.689] I (188) efuse_init: Max chip rev:     v1.99
[2026-05-23 18:06:48.690] I (189) efuse_init: Chip rev:         v0.4
[2026-05-23 18:06:48.691] I (189) heap_init: Initializing. RAM available for dynamic allocation:
[2026-05-23 18:06:48.692] I (190) heap_init: At 3FC9C340 len 00023CC0 (143 KiB): RAM
[2026-05-23 18:06:48.693] I (190) heap_init: At 3FCC0000 len 0001C710 (113 KiB): Retention RAM
[2026-05-23 18:06:48.695] I (191) heap_init: At 3FCDC710 len 00002950 (10 KiB): Retention RAM
[2026-05-23 18:06:48.696] I (192) heap_init: At 5000021C len 00001DCC (7 KiB): RTCRAM
[2026-05-23 18:06:48.696] I (194) spi_flash: detected chip: generic
[2026-05-23 18:06:48.697] I (194) spi_flash: flash io: dio
[2026-05-23 18:06:48.699] W (194) spi_flash: Detected size(4096k) larger than the size in the binary image header(2048k). Using the size in the binary image header.
[2026-05-23 18:06:48.700] I (196) sleep_gpio: Configure to isolate all GPIO pins in sleep state
[2026-05-23 18:06:48.702] I (196) sleep_gpio: Enable automatic switching of GPIO sleep configuration
[2026-05-23 18:06:48.703] I (197) main_task: Started on CPU0
[2026-05-23 18:06:48.704] I (197) main_task: Calling app_main()
[2026-05-23 18:06:48.704] WCAN_CFG_WAIT v=1
# UART boot config sent: wcan v=1 role=sensor transport=BROADCAST test_duration_ms=30000 host_wait_time_ms=5000 base=0xe0 count=1 hz=200 linger=100
[2026-05-23 18:06:48.705] WCAN_CFG_WAIT v=1
[2026-05-23 18:06:51.145] WCAN_CFG_ACK
[2026-05-23 18:06:51.145] WCAN_CFG_ACK
[2026-05-23 18:06:51.154] I (2867) pp: pp rom version: 9387209
[2026-05-23 18:06:51.161] I (2868) net80211: net80211 rom version: 9387209
[2026-05-23 18:06:51.171] I (2869) wifi:wifi driver task: 3fca7720, prio:23, stack:6656, core=0
[2026-05-23 18:06:51.177] I (2873) wifi:wifi firmware version: 79fa3f41ba
[2026-05-23 18:06:51.180] I (2873) wifi:wifi certification version: v7.0
[2026-05-23 18:06:51.183] I (2873) wifi:config NVS flash: enabled
[2026-05-23 18:06:51.186] I (2873) wifi:config nano formatting: disabled
[2026-05-23 18:06:51.190] I (2874) wifi:Init data frame dynamic rx buffer num: 32
[2026-05-23 18:06:51.192] I (2874) wifi:Init static rx mgmt buffer num: 5
[2026-05-23 18:06:51.194] I (2875) wifi:Init management short buffer num: 32
[2026-05-23 18:06:51.196] I (2875) wifi:Init dynamic tx buffer num: 32
[2026-05-23 18:06:51.197] I (2876) wifi:Init static tx FG buffer num: 2
[2026-05-23 18:06:51.199] I (2876) wifi:Init static rx buffer size: 1600
[2026-05-23 18:06:51.200] I (2877) wifi:Init static rx buffer num: 10
[2026-05-23 18:06:51.202] I (2877) wifi:Init dynamic rx buffer num: 32
[2026-05-23 18:06:51.203] I (2878) wifi_init: rx ba win: 6
[2026-05-23 18:06:51.204] I (2879) wifi_init: accept mbox: 6
[2026-05-23 18:06:51.205] I (2879) wifi_init: tcpip mbox: 32
[2026-05-23 18:06:51.206] I (2879) wifi_init: udp mbox: 6
[2026-05-23 18:06:51.207] I (2879) wifi_init: tcp mbox: 6
[2026-05-23 18:06:51.208] I (2880) wifi_init: tcp tx win: 5760
[2026-05-23 18:06:51.209] I (2880) wifi_init: tcp rx win: 5760
[2026-05-23 18:06:51.210] I (2881) wifi_init: tcp mss: 1440
[2026-05-23 18:06:51.212] I (2881) wifi_init: WiFi IRAM OP enabled
[2026-05-23 18:06:51.213] I (2881) wifi_init: WiFi RX IRAM OP enabled
[2026-05-23 18:06:51.215] I (2882) phy_init: phy_version 1200,2b7123f9,Feb 18 2025,15:22:21
[2026-05-23 18:06:51.217] I (2920) wifi:mode : sta (74:4d:bd:e1:d5:b8)
[2026-05-23 18:06:51.217] I (2921) wifi:enable tsf
[2026-05-23 18:06:51.218] I (2924) ESPNOW: espnow [version: 2.0] init
[2026-05-23 18:06:51.218] WCAN_TEST_READY role=sensor
# Waiting for phased test start
# UART test start sent: WCAN_TEST_START at 2026-05-23T18:06:51.229409
[2026-05-23 18:07:21.566] P(FAIL):33087:e0:282:5922:5942:21
[2026-05-23 18:07:22.367] P(FAIL):33887:e0:283:5943:5963:21
[2026-05-23 18:07:22.539] WCAN_BATCH id=0xe0 count=286 avg_hz=9.52 avg_points=20.98 min_points=14 max_points=21 avg_interval_ms=105.00 min_interval_ms=104.93 max_interval_ms=105.04 avg_dispatch_ms=2.80 max_dispatch_ms=17.99 dispatched_count=286 avg_queue_wait_ms=1.82 max_queue_wait_ms=249.75
[2026-05-23 18:07:22.540] WCAN_SENSOR_END generated=5998 avg_hz=199.97
[2026-05-23 18:07:22.544] WCAN_MEASURES elapsed_ms=29999 heap_start_free=126780 heap_end_free=141568 heap_start_min_free=126680 heap_end_min_free=126340 heap_start_largest=98304 heap_end_largest=98304 airtime_us_total=798888 packets_sent_total=286 sensor_send_failures_total=0
[2026-05-23 18:07:22.544] WCAN_TEST_END role=sensor

# Monitor stopped: 2026-05-23T18:07:22.544342
