# Monitor started: 2026-05-23T18:06:48.481447
# Port: /dev/ttyACM0, Baud: 921600, Timeout: 35.000s after WCAN_TEST_START

# UART boot config: wcan v=1 role=sensor transport=BROADCAST test_duration_ms=30000 host_wait_time_ms=5000 base=0xd0 count=1 hz=200 linger=100
[2026-05-23 18:06:48.487] ESP-ROM:esp32c3-api1-20210207
[2026-05-23 18:06:48.495] Build:Feb  7 2021
[2026-05-23 18:06:48.516] rst:0x15 (USB_UART_CHIP_RESET),boot:0xd (SPI_FAST_FLASH_BOOT)
[2026-05-23 18:06:48.523] Saved PC:0x40384eba
[2026-05-23 18:06:48.527] SPIWP:0xee
[2026-05-23 18:06:48.539] mode:DIO, clock div:1
[2026-05-23 18:06:48.542] load:0x3fcd5820,len:0x1574
[2026-05-23 18:06:48.545] load:0x403cc710,len:0xc30
[2026-05-23 18:06:48.546] load:0x403ce710,len:0x2fa0
[2026-05-23 18:06:48.552] entry 0x403cc71a
[2026-05-23 18:06:48.561] I (24) boot: ESP-IDF v5.4.1 2nd stage bootloader
[2026-05-23 18:06:48.568] I (24) boot: compile time May 20 2026 00:05:32
[2026-05-23 18:06:48.573] I (24) boot: chip revision: v0.4
[2026-05-23 18:06:48.576] I (25) boot: efuse block revision: v1.3
[2026-05-23 18:06:48.596] I (25) boot.esp32c3: SPI Speed      : 80MHz
[2026-05-23 18:06:48.601] I (25) boot.esp32c3: SPI Mode       : DIO
[2026-05-23 18:06:48.604] I (26) boot.esp32c3: SPI Flash Size : 2MB
[2026-05-23 18:06:48.612] I (26) boot: Enabling RNG early entropy source...
[2026-05-23 18:06:48.617] I (27) boot: Partition Table:
[2026-05-23 18:06:48.629] I (27) boot: ## Label            Usage          Type ST Offset   Length
[2026-05-23 18:06:48.630] I (28) boot:  0 nvs              WiFi data        01 02 00009000 00006000
[2026-05-23 18:06:48.634] I (29) boot:  1 phy_init         RF data          01 01 0000f000 00001000
[2026-05-23 18:06:48.635] I (29) boot:  2 factory          factory app      00 00 00010000 00100000
[2026-05-23 18:06:48.637] I (30) boot: End of partition table
[2026-05-23 18:06:48.640] I (31) esp_image: segment 0: paddr=00010020 vaddr=3c0a0020 size=1977ch (104316) map
[2026-05-23 18:06:48.643] I (48) esp_image: segment 1: paddr=000297a4 vaddr=3fc95200 size=02da0h ( 11680) load
[2026-05-23 18:06:48.650] I (51) esp_image: segment 2: paddr=0002c54c vaddr=40380000 size=03acch ( 15052) load
[2026-05-23 18:06:48.655] I (54) esp_image: segment 3: paddr=00030020 vaddr=42000020 size=9942ch (627756) map
[2026-05-23 18:06:48.658] I (154) esp_image: segment 4: paddr=000c9454 vaddr=40383acc size=11614h ( 71188) load
[2026-05-23 18:06:48.661] I (168) esp_image: segment 5: paddr=000daa70 vaddr=50000200 size=0001ch (    28) load
[2026-05-23 18:06:48.665] I (175) boot: Loaded app from partition at offset 0x10000
[2026-05-23 18:06:48.669] I (175) boot: Disabling RNG early entropy source...
[2026-05-23 18:06:48.673] I (176) cpu_start: Unicore app
[2026-05-23 18:06:48.675] I (185) cpu_start: Pro cpu start user code
[2026-05-23 18:06:48.676] I (185) cpu_start: cpu freq: 160000000 Hz
[2026-05-23 18:06:48.677] I (185) app_init: Application information:
[2026-05-23 18:06:48.679] I (185) app_init: Project name:     sensor_acquirer
[2026-05-23 18:06:48.680] I (185) app_init: App version:      v1.0-171-gbbe0783
[2026-05-23 18:06:48.682] I (186) app_init: Compile time:     May 23 2026 14:30:31
[2026-05-23 18:06:48.683] I (186) app_init: ELF file SHA256:  493679023...
[2026-05-23 18:06:48.685] I (187) app_init: ESP-IDF:          v5.4.1
[2026-05-23 18:06:48.686] I (188) efuse_init: Min chip rev:     v0.3
[2026-05-23 18:06:48.687] I (188) efuse_init: Max chip rev:     v1.99
[2026-05-23 18:06:48.688] I (188) efuse_init: Chip rev:         v0.4
[2026-05-23 18:06:48.689] I (189) heap_init: Initializing. RAM available for dynamic allocation:
[2026-05-23 18:06:48.690] I (190) heap_init: At 3FC9C340 len 00023CC0 (143 KiB): RAM
[2026-05-23 18:06:48.692] I (190) heap_init: At 3FCC0000 len 0001C710 (113 KiB): Retention RAM
[2026-05-23 18:06:48.693] I (191) heap_init: At 3FCDC710 len 00002950 (10 KiB): Retention RAM
[2026-05-23 18:06:48.694] I (192) heap_init: At 5000021C len 00001DCC (7 KiB): RTCRAM
[2026-05-23 18:06:48.695] I (193) spi_flash: detected chip: generic
[2026-05-23 18:06:48.696] I (194) spi_flash: flash io: dio
[2026-05-23 18:06:48.698] W (194) spi_flash: Detected size(4096k) larger than the size in the binary image header(2048k). Using the size in the binary image header.
[2026-05-23 18:06:48.699] I (195) sleep_gpio: Configure to isolate all GPIO pins in sleep state
[2026-05-23 18:06:48.700] I (196) sleep_gpio: Enable automatic switching of GPIO sleep configuration
[2026-05-23 18:06:48.701] I (197) main_task: Started on CPU0
[2026-05-23 18:06:48.702] I (197) main_task: Calling app_main()
[2026-05-23 18:06:48.703] WCAN_CFG_WAIT v=1
# UART boot config sent: wcan v=1 role=sensor transport=BROADCAST test_duration_ms=30000 host_wait_time_ms=5000 base=0xd0 count=1 hz=200 linger=100
[2026-05-23 18:06:48.704] WCAN_CFG_WAIT v=1
[2026-05-23 18:06:51.143] WCAN_CFG_ACK
[2026-05-23 18:06:51.144] WCAN_CFG_ACK
[2026-05-23 18:06:51.148] I (2866) pp: pp rom version: 9387209
[2026-05-23 18:06:51.153] I (2867) net80211: net80211 rom version: 9387209
[2026-05-23 18:06:51.164] I (2868) wifi:wifi driver task: 3fca77a4, prio:23, stack:6656, core=0
[2026-05-23 18:06:51.170] I (2872) wifi:wifi firmware version: 79fa3f41ba
[2026-05-23 18:06:51.176] I (2872) wifi:wifi certification version: v7.0
[2026-05-23 18:06:51.180] I (2872) wifi:config NVS flash: enabled
[2026-05-23 18:06:51.184] I (2872) wifi:config nano formatting: disabled
[2026-05-23 18:06:51.187] I (2873) wifi:Init data frame dynamic rx buffer num: 32
[2026-05-23 18:06:51.189] I (2873) wifi:Init static rx mgmt buffer num: 5
[2026-05-23 18:06:51.191] I (2874) wifi:Init management short buffer num: 32
[2026-05-23 18:06:51.193] I (2874) wifi:Init dynamic tx buffer num: 32
[2026-05-23 18:06:51.195] I (2875) wifi:Init static tx FG buffer num: 2
[2026-05-23 18:06:51.197] I (2875) wifi:Init static rx buffer size: 1600
[2026-05-23 18:06:51.198] I (2876) wifi:Init static rx buffer num: 10
[2026-05-23 18:06:51.200] I (2876) wifi:Init dynamic rx buffer num: 32
[2026-05-23 18:06:51.201] I (2877) wifi_init: rx ba win: 6
[2026-05-23 18:06:51.202] I (2878) wifi_init: accept mbox: 6
[2026-05-23 18:06:51.203] I (2878) wifi_init: tcpip mbox: 32
[2026-05-23 18:06:51.204] I (2878) wifi_init: udp mbox: 6
[2026-05-23 18:06:51.205] I (2878) wifi_init: tcp mbox: 6
[2026-05-23 18:06:51.206] I (2879) wifi_init: tcp tx win: 5760
[2026-05-23 18:06:51.207] I (2879) wifi_init: tcp rx win: 5760
[2026-05-23 18:06:51.208] I (2880) wifi_init: tcp mss: 1440
[2026-05-23 18:06:51.210] I (2880) wifi_init: WiFi IRAM OP enabled
[2026-05-23 18:06:51.211] I (2880) wifi_init: WiFi RX IRAM OP enabled
[2026-05-23 18:06:51.213] I (2881) phy_init: phy_version 1200,2b7123f9,Feb 18 2025,15:22:21
[2026-05-23 18:06:51.214] I (2918) wifi:mode : sta (54:32:04:8c:0b:8c)
[2026-05-23 18:06:51.215] I (2918) wifi:enable tsf
[2026-05-23 18:06:51.216] I (2921) ESPNOW: espnow [version: 2.0] init
[2026-05-23 18:06:51.217] WCAN_TEST_READY role=sensor
# Waiting for phased test start
# UART test start sent: WCAN_TEST_START at 2026-05-23T18:06:51.229535
[2026-05-23 18:06:52.783] P(FAIL):4304:d0:8:168:188:21
[2026-05-23 18:06:54.718] P(FAIL):6239:d0:26:546:566:21
[2026-05-23 18:06:55.226] P(FAIL):6748:d0:31:651:671:21
[2026-05-23 18:06:56.922] P(FAIL):8443:d0:48:1008:1028:21
[2026-05-23 18:06:57.737] P(FAIL):9258:d0:55:1155:1175:21
[2026-05-23 18:06:59.105] P(FAIL):10626:d0:68:1428:1448:21
[2026-05-23 18:07:00.688] P(FAIL):12209:d0:83:1743:1763:21
[2026-05-23 18:07:02.542] P(FAIL):14063:d0:101:2121:2141:21
[2026-05-23 18:07:03.130] P(FAIL):14652:d0:106:2226:2246:21
[2026-05-23 18:07:04.946] P(FAIL):16467:d0:123:2583:2603:21
[2026-05-23 18:07:06.631] P(FAIL):18152:d0:139:2919:2939:21
[2026-05-23 18:07:08.210] P(FAIL):19731:d0:154:3234:3254:21
[2026-05-23 18:07:08.584] P(FAIL):20105:d0:158:3318:3338:21
[2026-05-23 18:07:10.204] P(FAIL):21725:d0:173:3633:3653:21
[2026-05-23 18:07:10.500] P(FAIL):22021:d0:177:3717:3737:21
[2026-05-23 18:07:10.861] P(FAIL):22382:d0:180:3780:3800:21
[2026-05-23 18:07:11.684] P(FAIL):23205:d0:187:3927:3947:21
[2026-05-23 18:07:12.080] P(FAIL):23599:d0:190:3990:4010:21
[2026-05-23 18:07:13.488] P(FAIL):25009:d0:205:4305:4325:21
[2026-05-23 18:07:14.666] P(FAIL):26187:d0:216:4536:4556:21
[2026-05-23 18:07:15.689] P(FAIL):27210:d0:226:4746:4766:21
[2026-05-23 18:07:17.992] P(FAIL):29513:d0:248:5208:5228:21
[2026-05-23 18:07:18.395] P(FAIL):29916:d0:249:5229:5249:21
[2026-05-23 18:07:18.800] P(FAIL):30321:d0:254:5334:5354:21
[2026-05-23 18:07:19.211] P(FAIL):30732:d0:259:5439:5459:21
[2026-05-23 18:07:19.565] P(FAIL):31086:d0:263:5523:5543:21
[2026-05-23 18:07:19.893] P(FAIL):31414:d0:264:5544:5564:21
[2026-05-23 18:07:20.356] P(FAIL):31877:d0:270:5670:5690:21
[2026-05-23 18:07:21.560] P(FAIL):33081:d0:282:5922:5942:21
[2026-05-23 18:07:22.360] P(FAIL):33881:d0:283:5943:5963:21
[2026-05-23 18:07:22.538] WCAN_BATCH id=0xd0 count=286 avg_hz=9.52 avg_points=20.98 min_points=14 max_points=21 avg_interval_ms=105.00 min_interval_ms=104.87 max_interval_ms=105.14 avg_dispatch_ms=2.31 max_dispatch_ms=11.89 dispatched_count=382 avg_queue_wait_ms=85.71 max_queue_wait_ms=510.29
[2026-05-23 18:07:22.538] WCAN_SENSOR_END generated=5998 avg_hz=199.97
[2026-05-23 18:07:22.543] WCAN_MEASURES elapsed_ms=29999 heap_start_free=126648 heap_end_free=141436 heap_start_min_free=126548 heap_end_min_free=126208 heap_start_largest=98304 heap_end_largest=98304 airtime_us_total=880190 packets_sent_total=382 sensor_send_failures_total=0
[2026-05-23 18:07:22.543] WCAN_TEST_END role=sensor

# Monitor stopped: 2026-05-23T18:07:22.543711
