# Monitor started: 2026-05-23T17:49:01.850574
# Port: /dev/ttyACM0, Baud: 921600, Timeout: 35.000s after WCAN_TEST_START

# UART boot config: wcan v=1 role=sensor transport=BROADCAST test_duration_ms=30000 host_wait_time_ms=5000 base=0xd0 count=1 hz=10 linger=100
[2026-05-23 17:49:01.862] ESP-ROM:esp32c3-api1-20210207
[2026-05-23 17:49:01.870] Build:Feb  7 2021
[2026-05-23 17:49:01.886] rst:0x15 (USB_UART_CHIP_RESET),boot:0xd (SPI_FAST_FLASH_BOOT)
[2026-05-23 17:49:01.891] Saved PC:0x40384eba
[2026-05-23 17:49:01.894] SPIWP:0xee
[2026-05-23 17:49:01.898] mode:DIO, clock div:1
[2026-05-23 17:49:01.902] load:0x3fcd5820,len:0x1574
[2026-05-23 17:49:01.907] load:0x403cc710,len:0xc30
[2026-05-23 17:49:01.910] load:0x403ce710,len:0x2fa0
[2026-05-23 17:49:01.910] entry 0x403cc71a
[2026-05-23 17:49:01.912] I (24) boot: ESP-IDF v5.4.1 2nd stage bootloader
[2026-05-23 17:49:01.914] I (24) boot: compile time May 20 2026 00:05:32
[2026-05-23 17:49:01.915] I (25) boot: chip revision: v0.4
[2026-05-23 17:49:01.915] I (25) boot: efuse block revision: v1.3
[2026-05-23 17:49:01.917] I (25) boot.esp32c3: SPI Speed      : 80MHz
[2026-05-23 17:49:01.918] I (25) boot.esp32c3: SPI Mode       : DIO
[2026-05-23 17:49:01.919] I (26) boot.esp32c3: SPI Flash Size : 2MB
[2026-05-23 17:49:01.921] I (26) boot: Enabling RNG early entropy source...
[2026-05-23 17:49:01.921] I (27) boot: Partition Table:
[2026-05-23 17:49:01.926] I (27) boot: ## Label            Usage          Type ST Offset   Length
[2026-05-23 17:49:01.929] I (28) boot:  0 nvs              WiFi data        01 02 00009000 00006000
[2026-05-23 17:49:01.931] I (29) boot:  1 phy_init         RF data          01 01 0000f000 00001000
[2026-05-23 17:49:01.933] I (29) boot:  2 factory          factory app      00 00 00010000 00100000
[2026-05-23 17:49:01.935] I (30) boot: End of partition table
[2026-05-23 17:49:01.941] I (31) esp_image: segment 0: paddr=00010020 vaddr=3c0a0020 size=1977ch (104316) map
[2026-05-23 17:49:01.949] I (48) esp_image: segment 1: paddr=000297a4 vaddr=3fc95200 size=02da0h ( 11680) load
[2026-05-23 17:49:01.959] I (51) esp_image: segment 2: paddr=0002c54c vaddr=40380000 size=03acch ( 15052) load
[2026-05-23 17:49:01.969] I (54) esp_image: segment 3: paddr=00030020 vaddr=42000020 size=9942ch (627756) map
[2026-05-23 17:49:01.975] I (154) esp_image: segment 4: paddr=000c9454 vaddr=40383acc size=11614h ( 71188) load
[2026-05-23 17:49:01.977] I (168) esp_image: segment 5: paddr=000daa70 vaddr=50000200 size=0001ch (    28) load
[2026-05-23 17:49:01.980] I (175) boot: Loaded app from partition at offset 0x10000
[2026-05-23 17:49:01.982] I (175) boot: Disabling RNG early entropy source...
[2026-05-23 17:49:01.984] I (176) cpu_start: Unicore app
[2026-05-23 17:49:01.986] I (185) cpu_start: Pro cpu start user code
[2026-05-23 17:49:01.987] I (185) cpu_start: cpu freq: 160000000 Hz
[2026-05-23 17:49:01.988] I (185) app_init: Application information:
[2026-05-23 17:49:01.992] I (185) app_init: Project name:     sensor_acquirer
[2026-05-23 17:49:01.994] I (185) app_init: App version:      v1.0-171-gbbe0783
[2026-05-23 17:49:01.995] I (186) app_init: Compile time:     May 23 2026 14:30:31
[2026-05-23 17:49:01.997] I (186) app_init: ELF file SHA256:  493679023...
[2026-05-23 17:49:01.998] I (187) app_init: ESP-IDF:          v5.4.1
[2026-05-23 17:49:01.999] I (187) efuse_init: Min chip rev:     v0.3
[2026-05-23 17:49:02.001] I (188) efuse_init: Max chip rev:     v1.99
[2026-05-23 17:49:02.002] I (188) efuse_init: Chip rev:         v0.4
[2026-05-23 17:49:02.003] I (189) heap_init: Initializing. RAM available for dynamic allocation:
[2026-05-23 17:49:02.005] I (190) heap_init: At 3FC9C340 len 00023CC0 (143 KiB): RAM
[2026-05-23 17:49:02.011] I (190) heap_init: At 3FCC0000 len 0001C710 (113 KiB): Retention RAM
[2026-05-23 17:49:02.014] I (191) heap_init: At 3FCDC710 len 00002950 (10 KiB): Retention RAM
[2026-05-23 17:49:02.018] I (192) heap_init: At 5000021C len 00001DCC (7 KiB): RTCRAM
[2026-05-23 17:49:02.018] I (193) spi_flash: detected chip: generic
[2026-05-23 17:49:02.020] I (194) spi_flash: flash io: dio
[2026-05-23 17:49:02.022] W (194) spi_flash: Detected size(4096k) larger than the size in the binary image header(2048k). Using the size in the binary image header.
[2026-05-23 17:49:02.025] I (195) sleep_gpio: Configure to isolate all GPIO pins in sleep state
[2026-05-23 17:49:02.027] I (196) sleep_gpio: Enable automatic switching of GPIO sleep configuration
[2026-05-23 17:49:02.028] I (197) main_task: Started on CPU0
[2026-05-23 17:49:02.028] I (197) main_task: Calling app_main()
[2026-05-23 17:49:02.029] WCAN_CFG_WAIT v=1
# UART boot config sent: wcan v=1 role=sensor transport=BROADCAST test_duration_ms=30000 host_wait_time_ms=5000 base=0xd0 count=1 hz=10 linger=100
[2026-05-23 17:49:02.033] WCAN_CFG_WAIT v=1
[2026-05-23 17:49:04.449] WCAN_CFG_ACK
[2026-05-23 17:49:04.450] WCAN_CFG_ACK
[2026-05-23 17:49:04.454] I (2803) pp: pp rom version: 9387209
[2026-05-23 17:49:04.455] I (2804) net80211: net80211 rom version: 9387209
[2026-05-23 17:49:04.456] I (2805) wifi:wifi driver task: 3fca77a4, prio:23, stack:6656, core=0
[2026-05-23 17:49:04.460] I (2809) wifi:wifi firmware version: 79fa3f41ba
[2026-05-23 17:49:04.461] I (2809) wifi:wifi certification version: v7.0
[2026-05-23 17:49:04.461] I (2809) wifi:config NVS flash: enabled
[2026-05-23 17:49:04.461] I (2809) wifi:config nano formatting: disabled
[2026-05-23 17:49:04.461] I (2810) wifi:Init data frame dynamic rx buffer num: 32
[2026-05-23 17:49:04.462] I (2810) wifi:Init static rx mgmt buffer num: 5
[2026-05-23 17:49:04.462] I (2811) wifi:Init management short buffer num: 32
[2026-05-23 17:49:04.463] I (2811) wifi:Init dynamic tx buffer num: 32
[2026-05-23 17:49:04.463] I (2812) wifi:Init static tx FG buffer num: 2
[2026-05-23 17:49:04.464] I (2812) wifi:Init static rx buffer size: 1600
[2026-05-23 17:49:04.465] I (2813) wifi:Init static rx buffer num: 10
[2026-05-23 17:49:04.465] I (2813) wifi:Init dynamic rx buffer num: 32
[2026-05-23 17:49:04.466] I (2815) wifi_init: rx ba win: 6
[2026-05-23 17:49:04.467] I (2815) wifi_init: accept mbox: 6
[2026-05-23 17:49:04.467] I (2815) wifi_init: tcpip mbox: 32
[2026-05-23 17:49:04.467] I (2815) wifi_init: udp mbox: 6
[2026-05-23 17:49:04.467] I (2815) wifi_init: tcp mbox: 6
[2026-05-23 17:49:04.468] I (2816) wifi_init: tcp tx win: 5760
[2026-05-23 17:49:04.468] I (2816) wifi_init: tcp rx win: 5760
[2026-05-23 17:49:04.468] I (2817) wifi_init: tcp mss: 1440
[2026-05-23 17:49:04.468] I (2817) wifi_init: WiFi IRAM OP enabled
[2026-05-23 17:49:04.469] I (2817) wifi_init: WiFi RX IRAM OP enabled
[2026-05-23 17:49:04.469] I (2818) phy_init: phy_version 1200,2b7123f9,Feb 18 2025,15:22:21
[2026-05-23 17:49:04.506] I (2854) wifi:mode : sta (54:32:04:8c:0b:8c)
[2026-05-23 17:49:04.506] I (2855) wifi:enable tsf
[2026-05-23 17:49:04.509] I (2858) ESPNOW: espnow [version: 2.0] init
[2026-05-23 17:49:04.510] WCAN_TEST_READY role=sensor
# Waiting for phased test start
# UART test start sent: WCAN_TEST_START at 2026-05-23T17:49:04.529239
[2026-05-23 17:49:35.108] P(FAIL):33260:d0:148:296:297:2
[2026-05-23 17:49:35.833] WCAN_BATCH id=0xd0 count=150 avg_hz=5.00 avg_points=1.99 min_points=1 max_points=2 avg_interval_ms=200.00 min_interval_ms=199.96 max_interval_ms=200.02 avg_dispatch_ms=1.19 max_dispatch_ms=3.32 dispatched_count=151 avg_queue_wait_ms=1.95 max_queue_wait_ms=169.73
[2026-05-23 17:49:35.833] WCAN_SENSOR_END generated=298 avg_hz=9.97
[2026-05-23 17:49:35.836] WCAN_MEASURES elapsed_ms=29999 heap_start_free=126648 heap_end_free=141436 heap_start_min_free=126624 heap_end_min_free=126380 heap_start_largest=98304 heap_end_largest=98304 airtime_us_total=178058 packets_sent_total=151 sensor_send_failures_total=0
[2026-05-23 17:49:35.836] WCAN_TEST_END role=sensor

# Monitor stopped: 2026-05-23T17:49:35.836385
