# Monitor started: 2026-05-23T15:29:59.896783
# Port: /dev/ttyACM0, Baud: 921600, Timeout: 35.000s after WCAN_TEST_START

# UART boot config: wcan v=1 role=sensor transport=BROADCAST test_duration_ms=30000 host_wait_time_ms=5000 base=0xd0 count=1 hz=1000 linger=100
[2026-05-23 15:29:59.897] ESP-ROM:esp32c3-api1-20210207
[2026-05-23 15:29:59.897] Build:Feb  7 2021
[2026-05-23 15:29:59.902] rst:0x15 (USB_UART_CHIP_RESET),boot:0xd (SPI_FAST_FLASH_BOOT)
[2026-05-23 15:29:59.903] Saved PC:0x40384eba
[2026-05-23 15:29:59.903] SPIWP:0xee
[2026-05-23 15:29:59.904] mode:DIO, clock div:1
[2026-05-23 15:29:59.907] load:0x3fcd5820,len:0x1574
[2026-05-23 15:29:59.907] load:0x403cc710,len:0xc30
[2026-05-23 15:29:59.909] load:0x403ce710,len:0x2fa0
[2026-05-23 15:29:59.911] entry 0x403cc71a
[2026-05-23 15:29:59.913] I (24) boot: ESP-IDF v5.4.1 2nd stage bootloader
[2026-05-23 15:29:59.918] I (24) boot: compile time May 20 2026 00:05:32
[2026-05-23 15:29:59.922] I (25) boot: chip revision: v0.4
[2026-05-23 15:29:59.924] I (25) boot: efuse block revision: v1.3
[2026-05-23 15:29:59.927] I (25) boot.esp32c3: SPI Speed      : 80MHz
[2026-05-23 15:29:59.928] I (25) boot.esp32c3: SPI Mode       : DIO
[2026-05-23 15:29:59.932] I (26) boot.esp32c3: SPI Flash Size : 2MB
[2026-05-23 15:29:59.934] I (26) boot: Enabling RNG early entropy source...
[2026-05-23 15:29:59.935] I (27) boot: Partition Table:
[2026-05-23 15:29:59.941] I (27) boot: ## Label            Usage          Type ST Offset   Length
[2026-05-23 15:29:59.946] I (28) boot:  0 nvs              WiFi data        01 02 00009000 00006000
[2026-05-23 15:29:59.952] I (29) boot:  1 phy_init         RF data          01 01 0000f000 00001000
[2026-05-23 15:29:59.956] I (29) boot:  2 factory          factory app      00 00 00010000 00100000
[2026-05-23 15:29:59.957] I (30) boot: End of partition table
[2026-05-23 15:29:59.963] I (31) esp_image: segment 0: paddr=00010020 vaddr=3c0a0020 size=1977ch (104316) map
[2026-05-23 15:29:59.967] I (48) esp_image: segment 1: paddr=000297a4 vaddr=3fc95200 size=02da0h ( 11680) load
[2026-05-23 15:29:59.973] I (51) esp_image: segment 2: paddr=0002c54c vaddr=40380000 size=03acch ( 15052) load
[2026-05-23 15:29:59.978] I (54) esp_image: segment 3: paddr=00030020 vaddr=42000020 size=9942ch (627756) map
[2026-05-23 15:29:59.985] I (154) esp_image: segment 4: paddr=000c9454 vaddr=40383acc size=11614h ( 71188) load
[2026-05-23 15:29:59.991] I (168) esp_image: segment 5: paddr=000daa70 vaddr=50000200 size=0001ch (    28) load
[2026-05-23 15:29:59.994] I (175) boot: Loaded app from partition at offset 0x10000
[2026-05-23 15:30:00.000] I (175) boot: Disabling RNG early entropy source...
[2026-05-23 15:30:00.002] I (176) cpu_start: Unicore app
[2026-05-23 15:30:00.004] I (185) cpu_start: Pro cpu start user code
[2026-05-23 15:30:00.007] I (185) cpu_start: cpu freq: 160000000 Hz
[2026-05-23 15:30:00.008] I (185) app_init: Application information:
[2026-05-23 15:30:00.010] I (185) app_init: Project name:     sensor_acquirer
[2026-05-23 15:30:00.015] I (185) app_init: App version:      v1.0-171-gbbe0783
[2026-05-23 15:30:00.021] I (186) app_init: Compile time:     May 23 2026 14:30:31
[2026-05-23 15:30:00.024] I (187) app_init: ELF file SHA256:  493679023...
[2026-05-23 15:30:00.027] I (187) app_init: ESP-IDF:          v5.4.1
[2026-05-23 15:30:00.028] I (188) efuse_init: Min chip rev:     v0.3
[2026-05-23 15:30:00.030] I (188) efuse_init: Max chip rev:     v1.99
[2026-05-23 15:30:00.034] I (189) efuse_init: Chip rev:         v0.4
[2026-05-23 15:30:00.037] I (189) heap_init: Initializing. RAM available for dynamic allocation:
[2026-05-23 15:30:00.039] I (190) heap_init: At 3FC9C340 len 00023CC0 (143 KiB): RAM
[2026-05-23 15:30:00.044] I (190) heap_init: At 3FCC0000 len 0001C710 (113 KiB): Retention RAM
[2026-05-23 15:30:00.047] I (191) heap_init: At 3FCDC710 len 00002950 (10 KiB): Retention RAM
[2026-05-23 15:30:00.050] I (192) heap_init: At 5000021C len 00001DCC (7 KiB): RTCRAM
[2026-05-23 15:30:00.051] I (194) spi_flash: detected chip: generic
[2026-05-23 15:30:00.052] I (194) spi_flash: flash io: dio
[2026-05-23 15:30:00.055] W (194) spi_flash: Detected size(4096k) larger than the size in the binary image header(2048k). Using the size in the binary image header.
[2026-05-23 15:30:00.057] I (196) sleep_gpio: Configure to isolate all GPIO pins in sleep state
[2026-05-23 15:30:00.059] I (196) sleep_gpio: Enable automatic switching of GPIO sleep configuration
[2026-05-23 15:30:00.061] I (197) main_task: Started on CPU0
[2026-05-23 15:30:00.061] I (197) main_task: Calling app_main()
[2026-05-23 15:30:00.062] WCAN_CFG_WAIT v=1
# UART boot config sent: wcan v=1 role=sensor transport=BROADCAST test_duration_ms=30000 host_wait_time_ms=5000 base=0xd0 count=1 hz=1000 linger=100
[2026-05-23 15:30:00.065] WCAN_CFG_WAIT v=1
[2026-05-23 15:30:02.535] WCAN_CFG_ACK
[2026-05-23 15:30:02.535] WCAN_CFG_ACK
[2026-05-23 15:30:02.540] I (2842) pp: pp rom version: 9387209
[2026-05-23 15:30:02.541] I (2843) net80211: net80211 rom version: 9387209
[2026-05-23 15:30:02.543] I (2844) wifi:wifi driver task: 3fca77a4, prio:23, stack:6656, core=0
[2026-05-23 15:30:02.545] I (2848) wifi:wifi firmware version: 79fa3f41ba
[2026-05-23 15:30:02.546] I (2848) wifi:wifi certification version: v7.0
[2026-05-23 15:30:02.548] I (2848) wifi:config NVS flash: enabled
[2026-05-23 15:30:02.549] I (2848) wifi:config nano formatting: disabled
[2026-05-23 15:30:02.550] I (2849) wifi:Init data frame dynamic rx buffer num: 32
[2026-05-23 15:30:02.551] I (2849) wifi:Init static rx mgmt buffer num: 5
[2026-05-23 15:30:02.552] I (2850) wifi:Init management short buffer num: 32
[2026-05-23 15:30:02.553] I (2850) wifi:Init dynamic tx buffer num: 32
[2026-05-23 15:30:02.555] I (2851) wifi:Init static tx FG buffer num: 2
[2026-05-23 15:30:02.556] I (2851) wifi:Init static rx buffer size: 1600
[2026-05-23 15:30:02.557] I (2852) wifi:Init static rx buffer num: 10
[2026-05-23 15:30:02.558] I (2852) wifi:Init dynamic rx buffer num: 32
[2026-05-23 15:30:02.558] I (2853) wifi_init: rx ba win: 6
[2026-05-23 15:30:02.559] I (2854) wifi_init: accept mbox: 6
[2026-05-23 15:30:02.560] I (2854) wifi_init: tcpip mbox: 32
[2026-05-23 15:30:02.561] I (2854) wifi_init: udp mbox: 6
[2026-05-23 15:30:02.562] I (2854) wifi_init: tcp mbox: 6
[2026-05-23 15:30:02.562] I (2855) wifi_init: tcp tx win: 5760
[2026-05-23 15:30:02.563] I (2855) wifi_init: tcp rx win: 5760
[2026-05-23 15:30:02.564] I (2856) wifi_init: tcp mss: 1440
[2026-05-23 15:30:02.565] I (2856) wifi_init: WiFi IRAM OP enabled
[2026-05-23 15:30:02.566] I (2856) wifi_init: WiFi RX IRAM OP enabled
[2026-05-23 15:30:02.568] I (2857) phy_init: phy_version 1200,2b7123f9,Feb 18 2025,15:22:21
[2026-05-23 15:30:02.588] I (2890) wifi:mode : sta (54:32:04:8c:0b:8c)
[2026-05-23 15:30:02.589] I (2891) wifi:enable tsf
[2026-05-23 15:30:02.592] I (2894) ESPNOW: espnow [version: 2.0] init
[2026-05-23 15:30:02.593] WCAN_TEST_READY role=sensor
# Waiting for phased test start
# UART test start sent: WCAN_TEST_START at 2026-05-23T15:30:02.604713
[2026-05-23 15:30:10.121] P(FAIL):10227:d0:67:6767:6867:101
[2026-05-23 15:30:15.794] P(FAIL):15900:d0:123:12423:12523:101
[2026-05-23 15:30:17.082] P(FAIL):17188:d0:136:13736:13836:101
[2026-05-23 15:30:18.316] P(FAIL):18422:d0:148:14948:15048:101
[2026-05-23 15:30:18.717] P(FAIL):18823:d0:152:15352:15452:101
[2026-05-23 15:30:19.271] P(FAIL):19377:d0:157:15857:15957:101
[2026-05-23 15:30:20.270] P(FAIL):20376:d0:167:16867:16967:101
[2026-05-23 15:30:24.047] P(FAIL):24153:d0:205:20705:20805:101
[2026-05-23 15:30:24.317] P(FAIL):24423:d0:207:20907:21007:101
[2026-05-23 15:30:28.144] P(FAIL):28250:d0:246:24846:24946:101
[2026-05-23 15:30:33.005] P(FAIL):33111:d0:293:29593:29693:101
[2026-05-23 15:30:33.805] P(FAIL):33911:d0:294:29694:29794:101
[2026-05-23 15:30:33.918] WCAN_BATCH id=0xd0 count=298 avg_hz=9.90 avg_points=100.67 min_points=2 max_points=101 avg_interval_ms=101.00 min_interval_ms=100.90 max_interval_ms=101.09 avg_dispatch_ms=4.66 max_dispatch_ms=10.82 dispatched_count=329 avg_queue_wait_ms=36.50 max_queue_wait_ms=338.79
[2026-05-23 15:30:33.918] WCAN_SENSOR_END generated=29998 avg_hz=1000.00
[2026-05-23 15:30:33.923] WCAN_MEASURES elapsed_ms=29999 heap_start_free=126648 heap_end_free=141280 heap_start_min_free=126648 heap_end_min_free=123820 heap_start_largest=98304 heap_end_largest=98304 airtime_us_total=1528971 packets_sent_total=329 sensor_send_failures_total=0
[2026-05-23 15:30:33.924] WCAN_TEST_END role=sensor

# Monitor stopped: 2026-05-23T15:30:33.924066
