# Monitor started: 2026-05-23T15:29:59.896743
# Port: /dev/ttyACM1, Baud: 921600, Timeout: 35.000s after WCAN_TEST_START

# UART boot config: wcan v=1 role=sensor transport=BROADCAST test_duration_ms=30000 host_wait_time_ms=5000 base=0xe0 count=1 hz=1000 linger=100
[2026-05-23 15:29:59.897] ESP-ROM:esp32c3-api1-20210207
[2026-05-23 15:29:59.897] Build:Feb  7 2021
[2026-05-23 15:29:59.899] rst:0x15 (USB_UART_CHIP_RESET),boot:0xd (SPI_FAST_FLASH_BOOT)
[2026-05-23 15:29:59.900] Saved PC:0x40384eba
[2026-05-23 15:29:59.901] SPIWP:0xee
[2026-05-23 15:29:59.903] mode:DIO, clock div:1
[2026-05-23 15:29:59.906] load:0x3fcd5820,len:0x1574
[2026-05-23 15:29:59.908] load:0x403cc710,len:0xc30
[2026-05-23 15:29:59.910] load:0x403ce710,len:0x2fa0
[2026-05-23 15:29:59.912] entry 0x403cc71a
[2026-05-23 15:29:59.914] I (24) boot: ESP-IDF v5.4.1 2nd stage bootloader
[2026-05-23 15:29:59.917] I (24) boot: compile time May 20 2026 00:05:32
[2026-05-23 15:29:59.921] I (25) boot: chip revision: v0.4
[2026-05-23 15:29:59.923] I (25) boot: efuse block revision: v1.3
[2026-05-23 15:29:59.926] I (25) boot.esp32c3: SPI Speed      : 80MHz
[2026-05-23 15:29:59.930] I (25) boot.esp32c3: SPI Mode       : DIO
[2026-05-23 15:29:59.934] I (26) boot.esp32c3: SPI Flash Size : 2MB
[2026-05-23 15:29:59.938] I (26) boot: Enabling RNG early entropy source...
[2026-05-23 15:29:59.940] I (27) boot: Partition Table:
[2026-05-23 15:29:59.946] I (27) boot: ## Label            Usage          Type ST Offset   Length
[2026-05-23 15:29:59.951] I (28) boot:  0 nvs              WiFi data        01 02 00009000 00006000
[2026-05-23 15:29:59.959] I (29) boot:  1 phy_init         RF data          01 01 0000f000 00001000
[2026-05-23 15:29:59.965] I (29) boot:  2 factory          factory app      00 00 00010000 00100000
[2026-05-23 15:29:59.967] I (30) boot: End of partition table
[2026-05-23 15:29:59.974] I (31) esp_image: segment 0: paddr=00010020 vaddr=3c0a0020 size=1977ch (104316) map
[2026-05-23 15:29:59.982] I (48) esp_image: segment 1: paddr=000297a4 vaddr=3fc95200 size=02da0h ( 11680) load
[2026-05-23 15:29:59.990] I (51) esp_image: segment 2: paddr=0002c54c vaddr=40380000 size=03acch ( 15052) load
[2026-05-23 15:29:59.997] I (54) esp_image: segment 3: paddr=00030020 vaddr=42000020 size=9942ch (627756) map
[2026-05-23 15:30:00.001] I (154) esp_image: segment 4: paddr=000c9454 vaddr=40383acc size=11614h ( 71188) load
[2026-05-23 15:30:00.006] I (168) esp_image: segment 5: paddr=000daa70 vaddr=50000200 size=0001ch (    28) load
[2026-05-23 15:30:00.011] I (175) boot: Loaded app from partition at offset 0x10000
[2026-05-23 15:30:00.013] I (175) boot: Disabling RNG early entropy source...
[2026-05-23 15:30:00.014] I (176) cpu_start: Unicore app
[2026-05-23 15:30:00.016] I (185) cpu_start: Pro cpu start user code
[2026-05-23 15:30:00.018] I (185) cpu_start: cpu freq: 160000000 Hz
[2026-05-23 15:30:00.022] I (185) app_init: Application information:
[2026-05-23 15:30:00.025] I (185) app_init: Project name:     sensor_acquirer
[2026-05-23 15:30:00.028] I (185) app_init: App version:      v1.0-171-gbbe0783
[2026-05-23 15:30:00.032] I (186) app_init: Compile time:     May 23 2026 14:30:31
[2026-05-23 15:30:00.036] I (187) app_init: ELF file SHA256:  493679023...
[2026-05-23 15:30:00.038] I (187) app_init: ESP-IDF:          v5.4.1
[2026-05-23 15:30:00.041] I (188) efuse_init: Min chip rev:     v0.3
[2026-05-23 15:30:00.042] I (188) efuse_init: Max chip rev:     v1.99
[2026-05-23 15:30:00.043] I (189) efuse_init: Chip rev:         v0.4
[2026-05-23 15:30:00.048] I (189) heap_init: Initializing. RAM available for dynamic allocation:
[2026-05-23 15:30:00.050] I (190) heap_init: At 3FC9C340 len 00023CC0 (143 KiB): RAM
[2026-05-23 15:30:00.056] I (191) heap_init: At 3FCC0000 len 0001C710 (113 KiB): Retention RAM
[2026-05-23 15:30:00.059] I (191) heap_init: At 3FCDC710 len 00002950 (10 KiB): Retention RAM
[2026-05-23 15:30:00.060] I (192) heap_init: At 5000021C len 00001DCC (7 KiB): RTCRAM
[2026-05-23 15:30:00.060] I (194) spi_flash: detected chip: generic
[2026-05-23 15:30:00.062] I (194) spi_flash: flash io: dio
[2026-05-23 15:30:00.065] W (194) spi_flash: Detected size(4096k) larger than the size in the binary image header(2048k). Using the size in the binary image header.
[2026-05-23 15:30:00.067] I (196) sleep_gpio: Configure to isolate all GPIO pins in sleep state
[2026-05-23 15:30:00.067] I (196) sleep_gpio: Enable automatic switching of GPIO sleep configuration
[2026-05-23 15:30:00.068] I (197) main_task: Started on CPU0
[2026-05-23 15:30:00.068] I (197) main_task: Calling app_main()
[2026-05-23 15:30:00.068] WCAN_CFG_WAIT v=1
# UART boot config sent: wcan v=1 role=sensor transport=BROADCAST test_duration_ms=30000 host_wait_time_ms=5000 base=0xe0 count=1 hz=1000 linger=100
[2026-05-23 15:30:00.069] WCAN_CFG_WAIT v=1
[2026-05-23 15:30:02.535] WCAN_CFG_ACK
[2026-05-23 15:30:02.535] WCAN_CFG_ACK
[2026-05-23 15:30:02.541] I (2842) pp: pp rom version: 9387209
[2026-05-23 15:30:02.542] I (2843) net80211: net80211 rom version: 9387209
[2026-05-23 15:30:02.543] I (2844) wifi:wifi driver task: 3fca7720, prio:23, stack:6656, core=0
[2026-05-23 15:30:02.546] I (2848) wifi:wifi firmware version: 79fa3f41ba
[2026-05-23 15:30:02.547] I (2848) wifi:wifi certification version: v7.0
[2026-05-23 15:30:02.548] I (2848) wifi:config NVS flash: enabled
[2026-05-23 15:30:02.549] I (2848) wifi:config nano formatting: disabled
[2026-05-23 15:30:02.551] I (2849) wifi:Init data frame dynamic rx buffer num: 32
[2026-05-23 15:30:02.553] I (2849) wifi:Init static rx mgmt buffer num: 5
[2026-05-23 15:30:02.554] I (2850) wifi:Init management short buffer num: 32
[2026-05-23 15:30:02.555] I (2850) wifi:Init dynamic tx buffer num: 32
[2026-05-23 15:30:02.557] I (2851) wifi:Init static tx FG buffer num: 2
[2026-05-23 15:30:02.558] I (2851) wifi:Init static rx buffer size: 1600
[2026-05-23 15:30:02.559] I (2852) wifi:Init static rx buffer num: 10
[2026-05-23 15:30:02.561] I (2852) wifi:Init dynamic rx buffer num: 32
[2026-05-23 15:30:02.562] I (2853) wifi_init: rx ba win: 6
[2026-05-23 15:30:02.563] I (2854) wifi_init: accept mbox: 6
[2026-05-23 15:30:02.563] I (2854) wifi_init: tcpip mbox: 32
[2026-05-23 15:30:02.564] I (2854) wifi_init: udp mbox: 6
[2026-05-23 15:30:02.565] I (2854) wifi_init: tcp mbox: 6
[2026-05-23 15:30:02.566] I (2855) wifi_init: tcp tx win: 5760
[2026-05-23 15:30:02.567] I (2855) wifi_init: tcp rx win: 5760
[2026-05-23 15:30:02.568] I (2856) wifi_init: tcp mss: 1440
[2026-05-23 15:30:02.568] I (2856) wifi_init: WiFi IRAM OP enabled
[2026-05-23 15:30:02.568] I (2856) wifi_init: WiFi RX IRAM OP enabled
[2026-05-23 15:30:02.569] I (2857) phy_init: phy_version 1200,2b7123f9,Feb 18 2025,15:22:21
[2026-05-23 15:30:02.589] I (2892) wifi:mode : sta (74:4d:bd:e1:d5:b8)
[2026-05-23 15:30:02.590] I (2892) wifi:enable tsf
[2026-05-23 15:30:02.594] I (2895) ESPNOW: espnow [version: 2.0] init
[2026-05-23 15:30:02.594] WCAN_TEST_READY role=sensor
# Waiting for phased test start
# UART test start sent: WCAN_TEST_START at 2026-05-23T15:30:02.605184
[2026-05-23 15:30:03.421] P(FAIL):3527:e0:0:0:100:101
[2026-05-23 15:30:03.744] P(FAIL):3850:e0:1:101:201:101
[2026-05-23 15:30:04.199] P(FAIL):4305:e0:8:808:908:101
[2026-05-23 15:30:04.703] P(FAIL):4809:e0:13:1313:1413:101
[2026-05-23 15:30:05.109] P(FAIL):5215:e0:17:1717:1817:101
[2026-05-23 15:30:05.515] P(FAIL):5621:e0:21:2121:2221:101
[2026-05-23 15:30:05.992] P(FAIL):6098:e0:25:2525:2625:101
[2026-05-23 15:30:06.456] P(FAIL):6562:e0:30:3030:3130:101
[2026-05-23 15:30:06.806] P(FAIL):6912:e0:35:3535:3635:101
[2026-05-23 15:30:07.233] P(FAIL):7339:e0:38:3838:3938:101
[2026-05-23 15:30:07.636] P(FAIL):7742:e0:42:4242:4342:101
[2026-05-23 15:30:08.003] P(FAIL):8109:e0:46:4646:4746:101
[2026-05-23 15:30:08.424] P(FAIL):8530:e0:50:5050:5150:101
[2026-05-23 15:30:08.830] P(FAIL):8936:e0:54:5454:5554:101
[2026-05-23 15:30:09.295] P(FAIL):9401:e0:58:5858:5958:101
[2026-05-23 15:30:09.763] P(FAIL):9869:e0:63:6363:6463:101
[2026-05-23 15:30:10.538] P(FAIL):10644:e0:71:7171:7271:101
[2026-05-23 15:30:10.931] P(FAIL):11037:e0:75:7575:7675:101
[2026-05-23 15:30:11.404] P(FAIL):11510:e0:79:7979:8079:101
[2026-05-23 15:30:11.835] P(FAIL):11941:e0:84:8484:8584:101
[2026-05-23 15:30:12.274] P(FAIL):12380:e0:88:8888:8988:101
[2026-05-23 15:30:12.631] P(FAIL):12737:e0:92:9292:9392:101
[2026-05-23 15:30:13.116] P(FAIL):13222:e0:96:9696:9796:101
[2026-05-23 15:30:13.532] P(FAIL):13638:e0:97:9797:9897:101
[2026-05-23 15:30:14.029] P(FAIL):14134:e0:105:10605:10705:101
[2026-05-23 15:30:14.539] P(FAIL):14645:e0:110:11110:11210:101
[2026-05-23 15:30:14.966] P(FAIL):15072:e0:115:11615:11715:101
[2026-05-23 15:30:15.421] P(FAIL):15527:e0:119:12019:12119:101
[2026-05-23 15:30:15.789] P(FAIL):15895:e0:123:12423:12523:101
[2026-05-23 15:30:16.306] P(FAIL):16412:e0:128:12928:13028:101
[2026-05-23 15:30:16.739] P(FAIL):16845:e0:132:13332:13432:101
[2026-05-23 15:30:17.490] P(FAIL):17596:e0:140:14140:14240:101
[2026-05-23 15:30:17.944] P(FAIL):18050:e0:144:14544:14644:101
[2026-05-23 15:30:18.361] P(FAIL):18467:e0:148:14948:15048:101
[2026-05-23 15:30:18.778] P(FAIL):18884:e0:150:15150:15250:101
[2026-05-23 15:30:19.864] P(FAIL):19970:e0:163:16463:16563:101
[2026-05-23 15:30:20.248] P(FAIL):20353:e0:167:16867:16967:101
[2026-05-23 15:30:20.636] P(FAIL):20742:e0:171:17271:17371:101
[2026-05-23 15:30:21.041] P(FAIL):21147:e0:175:17675:17775:101
[2026-05-23 15:30:21.427] P(FAIL):21533:e0:179:18079:18179:101
[2026-05-23 15:30:21.851] P(FAIL):21957:e0:183:18483:18583:101
[2026-05-23 15:30:22.317] P(FAIL):22423:e0:187:18887:18987:101
[2026-05-23 15:30:22.763] P(FAIL):22869:e0:192:19392:19492:101
[2026-05-23 15:30:23.224] P(FAIL):23329:e0:196:19796:19896:101
[2026-05-23 15:30:23.715] P(FAIL):23821:e0:201:20301:20401:101
[2026-05-23 15:30:24.048] P(FAIL):24153:e0:203:20503:20603:101
[2026-05-23 15:30:24.448] P(FAIL):24554:e0:204:20604:20704:101
[2026-05-23 15:30:24.902] P(FAIL):25007:e0:213:21513:21613:101
[2026-05-23 15:30:25.311] P(FAIL):25417:e0:217:21917:22017:101
[2026-05-23 15:30:25.666] P(FAIL):25771:e0:221:22321:22421:101
[2026-05-23 15:30:26.068] P(FAIL):26173:e0:225:22725:22825:101
[2026-05-23 15:30:26.485] P(FAIL):26590:e0:229:23129:23229:101
[2026-05-23 15:30:27.037] P(FAIL):27142:e0:235:23735:23835:101
[2026-05-23 15:30:27.406] P(FAIL):27511:e0:238:24038:24138:101
[2026-05-23 15:30:27.845] P(FAIL):27950:e0:242:24442:24542:101
[2026-05-23 15:30:28.471] P(FAIL):28576:e0:249:25149:25249:101
[2026-05-23 15:30:28.951] P(FAIL):29056:e0:253:25553:25653:101
[2026-05-23 15:30:29.339] P(FAIL):29444:e0:257:25957:26057:101
[2026-05-23 15:30:29.731] P(FAIL):29837:e0:261:26361:26461:101
[2026-05-23 15:30:30.081] P(FAIL):30186:e0:265:26765:26865:101
[2026-05-23 15:30:30.435] P(FAIL):30540:e0:266:26866:26966:101
[2026-05-23 15:30:30.879] P(FAIL):30984:e0:272:27472:27572:101
[2026-05-23 15:30:31.653] P(FAIL):31758:e0:279:28179:28279:101
[2026-05-23 15:30:32.069] P(FAIL):32174:e0:284:28684:28784:101
[2026-05-23 15:30:32.444] P(FAIL):32549:e0:288:29088:29188:101
[2026-05-23 15:30:32.864] P(FAIL):32969:e0:292:29492:29592:101
[2026-05-23 15:30:33.559] P(FAIL):33665:e0:293:29593:29693:101
[2026-05-23 15:30:33.920] WCAN_BATCH id=0xe0 count=298 avg_hz=9.90 avg_points=100.67 min_points=2 max_points=101 avg_interval_ms=101.00 min_interval_ms=100.85 max_interval_ms=101.15 avg_dispatch_ms=5.13 max_dispatch_ms=13.13 dispatched_count=499 avg_queue_wait_ms=167.58 max_queue_wait_ms=728.28
[2026-05-23 15:30:33.921] WCAN_SENSOR_END generated=29998 avg_hz=1000.00
[2026-05-23 15:30:33.924] WCAN_MEASURES elapsed_ms=29999 heap_start_free=126780 heap_end_free=141568 heap_start_min_free=126780 heap_end_min_free=123952 heap_start_largest=98304 heap_end_largest=98304 airtime_us_total=2555633 packets_sent_total=499 sensor_send_failures_total=0
[2026-05-23 15:30:33.925] WCAN_TEST_END role=sensor

# Monitor stopped: 2026-05-23T15:30:33.925256
