# Monitor started: 2026-05-23T19:42:15.071332
# Port: /dev/ttyACM0, Baud: 921600, Timeout: 35.000s after WCAN_TEST_START

# UART boot config: wcan v=1 role=sensor transport=MULTICAST test_duration_ms=30000 host_wait_time_ms=5000 base=0xd0 count=3 hz=10 linger=100
[2026-05-23 19:42:15.072] ESP-ROM:esp32c3-api1-20210207
[2026-05-23 19:42:15.073] Build:Feb  7 2021
[2026-05-23 19:42:15.088] rst:0x15 (USB_UART_CHIP_RESET),boot:0xd (SPI_FAST_FLASH_BOOT)
[2026-05-23 19:42:15.096] Saved PC:0x40384eba
[2026-05-23 19:42:15.104] SPIWP:0xee
[2026-05-23 19:42:15.114] mode:DIO, clock div:1
[2026-05-23 19:42:15.124] load:0x3fcd5820,len:0x1574
[2026-05-23 19:42:15.135] load:0x403cc710,len:0xc30
[2026-05-23 19:42:15.139] load:0x403ce710,len:0x2fa0
[2026-05-23 19:42:15.141] entry 0x403cc71a
[2026-05-23 19:42:15.147] I (24) boot: ESP-IDF v5.4.1 2nd stage bootloader
[2026-05-23 19:42:15.150] I (24) boot: compile time May 19 2026 23:41:33
[2026-05-23 19:42:15.152] I (25) boot: chip revision: v0.4
[2026-05-23 19:42:15.154] I (25) boot: efuse block revision: v1.3
[2026-05-23 19:42:15.157] I (25) boot.esp32c3: SPI Speed      : 80MHz
[2026-05-23 19:42:15.162] I (25) boot.esp32c3: SPI Mode       : DIO
[2026-05-23 19:42:15.174] I (26) boot.esp32c3: SPI Flash Size : 2MB
[2026-05-23 19:42:15.185] I (26) boot: Enabling RNG early entropy source...
[2026-05-23 19:42:15.194] I (27) boot: Partition Table:
[2026-05-23 19:42:15.218] I (27) boot: ## Label            Usage          Type ST Offset   Length
[2026-05-23 19:42:15.226] I (28) boot:  0 nvs              WiFi data        01 02 00009000 00006000
[2026-05-23 19:42:15.227] I (29) boot:  1 phy_init         RF data          01 01 0000f000 00001000
[2026-05-23 19:42:15.230] I (29) boot:  2 factory          factory app      00 00 00010000 00100000
[2026-05-23 19:42:15.232] I (30) boot: End of partition table
[2026-05-23 19:42:15.235] I (31) esp_image: segment 0: paddr=00010020 vaddr=3c0a0020 size=19850h (104528) map
[2026-05-23 19:42:15.244] I (48) esp_image: segment 1: paddr=00029878 vaddr=3fc95000 size=02da0h ( 11680) load
[2026-05-23 19:42:15.250] I (51) esp_image: segment 2: paddr=0002c620 vaddr=40380000 size=039f8h ( 14840) load
[2026-05-23 19:42:15.261] I (54) esp_image: segment 3: paddr=00030020 vaddr=42000020 size=990b4h (626868) map
[2026-05-23 19:42:15.262] I (154) esp_image: segment 4: paddr=000c90dc vaddr=403839f8 size=114f8h ( 70904) load
[2026-05-23 19:42:15.266] I (168) esp_image: segment 5: paddr=000da5dc vaddr=50000200 size=0001ch (    28) load
[2026-05-23 19:42:15.266] I (174) boot: Loaded app from partition at offset 0x10000
[2026-05-23 19:42:15.267] I (175) boot: Disabling RNG early entropy source...
[2026-05-23 19:42:15.268] I (176) cpu_start: Unicore app
[2026-05-23 19:42:15.268] I (184) cpu_start: Pro cpu start user code
[2026-05-23 19:42:15.271] I (184) cpu_start: cpu freq: 160000000 Hz
[2026-05-23 19:42:15.271] I (185) app_init: Application information:
[2026-05-23 19:42:15.272] I (185) app_init: Project name:     sensor_acquirer
[2026-05-23 19:42:15.273] I (185) app_init: App version:      v1.0-171-gbbe0783
[2026-05-23 19:42:15.275] I (186) app_init: Compile time:     May 23 2026 14:30:40
[2026-05-23 19:42:15.276] I (186) app_init: ELF file SHA256:  0e7d705e7...
[2026-05-23 19:42:15.277] I (187) app_init: ESP-IDF:          v5.4.1
[2026-05-23 19:42:15.278] I (187) efuse_init: Min chip rev:     v0.3
[2026-05-23 19:42:15.279] I (188) efuse_init: Max chip rev:     v1.99
[2026-05-23 19:42:15.280] I (188) efuse_init: Chip rev:         v0.4
[2026-05-23 19:42:15.283] I (189) heap_init: Initializing. RAM available for dynamic allocation:
[2026-05-23 19:42:15.285] I (190) heap_init: At 3FC9C130 len 00023ED0 (143 KiB): RAM
[2026-05-23 19:42:15.286] I (190) heap_init: At 3FCC0000 len 0001C710 (113 KiB): Retention RAM
[2026-05-23 19:42:15.287] I (191) heap_init: At 3FCDC710 len 00002950 (10 KiB): Retention RAM
[2026-05-23 19:42:15.288] I (192) heap_init: At 5000021C len 00001DCC (7 KiB): RTCRAM
[2026-05-23 19:42:15.289] I (193) spi_flash: detected chip: generic
[2026-05-23 19:42:15.289] I (193) spi_flash: flash io: dio
[2026-05-23 19:42:15.290] W (193) spi_flash: Detected size(4096k) larger than the size in the binary image header(2048k). Using the size in the binary image header.
[2026-05-23 19:42:15.290] I (195) sleep_gpio: Configure to isolate all GPIO pins in sleep state
[2026-05-23 19:42:15.290] I (196) sleep_gpio: Enable automatic switching of GPIO sleep configuration
[2026-05-23 19:42:15.290] I (197) main_task: Started on CPU0
[2026-05-23 19:42:15.291] I (197) main_task: Calling app_main()
[2026-05-23 19:42:15.291] WCAN_CFG_WAIT v=1
# UART boot config sent: wcan v=1 role=sensor transport=MULTICAST test_duration_ms=30000 host_wait_time_ms=5000 base=0xd0 count=3 hz=10 linger=100
[2026-05-23 19:42:15.291] WCAN_CFG_WAIT v=1
[2026-05-23 19:42:17.711] WCAN_CFG_ACK
[2026-05-23 19:42:17.711] WCAN_CFG_ACK
[2026-05-23 19:42:17.716] I (2844) pp: pp rom version: 9387209
[2026-05-23 19:42:17.716] I (2845) net80211: net80211 rom version: 9387209
[2026-05-23 19:42:17.718] I (2846) wifi:wifi driver task: 3fca7594, prio:23, stack:6656, core=0
[2026-05-23 19:42:17.722] I (2850) wifi:wifi firmware version: 79fa3f41ba
[2026-05-23 19:42:17.722] I (2850) wifi:wifi certification version: v7.0
[2026-05-23 19:42:17.723] I (2850) wifi:config NVS flash: enabled
[2026-05-23 19:42:17.724] I (2850) wifi:config nano formatting: disabled
[2026-05-23 19:42:17.724] I (2851) wifi:Init data frame dynamic rx buffer num: 32
[2026-05-23 19:42:17.725] I (2851) wifi:Init static rx mgmt buffer num: 5
[2026-05-23 19:42:17.725] I (2852) wifi:Init management short buffer num: 32
[2026-05-23 19:42:17.726] I (2852) wifi:Init dynamic tx buffer num: 32
[2026-05-23 19:42:17.726] I (2853) wifi:Init static tx FG buffer num: 2
[2026-05-23 19:42:17.727] I (2854) wifi:Init static rx buffer size: 1600
[2026-05-23 19:42:17.728] I (2854) wifi:Init static rx buffer num: 10
[2026-05-23 19:42:17.728] I (2854) wifi:Init dynamic rx buffer num: 32
[2026-05-23 19:42:17.729] I (2856) wifi_init: rx ba win: 6
[2026-05-23 19:42:17.729] I (2856) wifi_init: accept mbox: 6
[2026-05-23 19:42:17.730] I (2856) wifi_init: tcpip mbox: 32
[2026-05-23 19:42:17.730] I (2856) wifi_init: udp mbox: 6
[2026-05-23 19:42:17.730] I (2856) wifi_init: tcp mbox: 6
[2026-05-23 19:42:17.731] I (2857) wifi_init: tcp tx win: 5760
[2026-05-23 19:42:17.731] I (2857) wifi_init: tcp rx win: 5760
[2026-05-23 19:42:17.732] I (2858) wifi_init: tcp mss: 1440
[2026-05-23 19:42:17.732] I (2858) wifi_init: WiFi IRAM OP enabled
[2026-05-23 19:42:17.733] I (2858) wifi_init: WiFi RX IRAM OP enabled
[2026-05-23 19:42:17.734] I (2859) phy_init: phy_version 1200,2b7123f9,Feb 18 2025,15:22:21
[2026-05-23 19:42:17.767] I (2895) wifi:mode : sta (54:32:04:8c:0b:8c)
[2026-05-23 19:42:17.768] I (2895) wifi:enable tsf
[2026-05-23 19:42:17.771] I (2898) ESPNOW: espnow [version: 2.0] init
[2026-05-23 19:42:17.772] WCAN_TEST_READY role=sensor
# Waiting for phased test start
# UART test start sent: WCAN_TEST_START at 2026-05-23T19:42:17.783913
[2026-05-23 19:42:48.117] WCAN_BATCH id=0xd0 count=150 avg_hz=5.00 avg_points=1.99 min_points=1 max_points=2 avg_interval_ms=200.00 min_interval_ms=199.95 max_interval_ms=200.02 avg_dispatch_ms=1.60 max_dispatch_ms=4.46 dispatched_count=150 avg_queue_wait_ms=0.14 max_queue_wait_ms=0.26
[2026-05-23 19:42:48.122] WCAN_BATCH id=0xd1 count=150 avg_hz=5.00 avg_points=1.99 min_points=1 max_points=2 avg_interval_ms=200.00 min_interval_ms=199.92 max_interval_ms=200.04 avg_dispatch_ms=1.37 max_dispatch_ms=3.92 dispatched_count=150 avg_queue_wait_ms=1.78 max_queue_wait_ms=4.67
[2026-05-23 19:42:48.126] WCAN_BATCH id=0xd2 count=150 avg_hz=5.00 avg_points=1.99 min_points=1 max_points=2 avg_interval_ms=200.00 min_interval_ms=199.92 max_interval_ms=200.04 avg_dispatch_ms=1.45 max_dispatch_ms=4.81 dispatched_count=150 avg_queue_wait_ms=3.21 max_queue_wait_ms=6.32
[2026-05-23 19:42:48.127] WCAN_SENSOR_END generated=298 avg_hz=9.97
[2026-05-23 19:42:48.131] WCAN_MEASURES elapsed_ms=29999 heap_start_free=66296 heap_end_free=82516 heap_start_min_free=66296 heap_end_min_free=66016 heap_start_largest=47104 heap_end_largest=47104 airtime_us_total=656953 packets_sent_total=450 sensor_send_failures_total=0
[2026-05-23 19:42:48.131] WCAN_TEST_END role=sensor

# Monitor stopped: 2026-05-23T19:42:48.131754
