# Monitor started: 2026-05-23T20:10:21.596248
# Port: /dev/ttyACM0, Baud: 921600, Timeout: 35.000s after WCAN_TEST_START

# UART boot config: wcan v=1 role=sensor transport=MULTICAST test_duration_ms=30000 host_wait_time_ms=5000 base=0xd0 count=3 hz=200 linger=100
[2026-05-23 20:10:21.597] ESP-ROM:esp32c3-api1-20210207
[2026-05-23 20:10:21.598] Build:Feb  7 2021
[2026-05-23 20:10:21.602] rst:0x15 (USB_UART_CHIP_RESET),boot:0xd (SPI_FAST_FLASH_BOOT)
[2026-05-23 20:10:21.603] Saved PC:0x40384eba
[2026-05-23 20:10:21.604] SPIWP:0xee
[2026-05-23 20:10:21.606] mode:DIO, clock div:1
[2026-05-23 20:10:21.608] load:0x3fcd5820,len:0x1574
[2026-05-23 20:10:21.609] load:0x403cc710,len:0xc30
[2026-05-23 20:10:21.612] load:0x403ce710,len:0x2fa0
[2026-05-23 20:10:21.614] entry 0x403cc71a
[2026-05-23 20:10:21.619] I (24) boot: ESP-IDF v5.4.1 2nd stage bootloader
[2026-05-23 20:10:21.622] I (24) boot: compile time May 19 2026 23:41:33
[2026-05-23 20:10:21.624] I (24) boot: chip revision: v0.4
[2026-05-23 20:10:21.627] I (25) boot: efuse block revision: v1.3
[2026-05-23 20:10:21.630] I (25) boot.esp32c3: SPI Speed      : 80MHz
[2026-05-23 20:10:21.633] I (25) boot.esp32c3: SPI Mode       : DIO
[2026-05-23 20:10:21.637] I (26) boot.esp32c3: SPI Flash Size : 2MB
[2026-05-23 20:10:21.640] I (26) boot: Enabling RNG early entropy source...
[2026-05-23 20:10:21.643] I (27) boot: Partition Table:
[2026-05-23 20:10:21.649] I (27) boot: ## Label            Usage          Type ST Offset   Length
[2026-05-23 20:10:21.654] I (28) boot:  0 nvs              WiFi data        01 02 00009000 00006000
[2026-05-23 20:10:21.659] I (29) boot:  1 phy_init         RF data          01 01 0000f000 00001000
[2026-05-23 20:10:21.664] I (29) boot:  2 factory          factory app      00 00 00010000 00100000
[2026-05-23 20:10:21.666] I (30) boot: End of partition table
[2026-05-23 20:10:21.670] I (31) esp_image: segment 0: paddr=00010020 vaddr=3c0a0020 size=19850h (104528) map
[2026-05-23 20:10:21.680] I (48) esp_image: segment 1: paddr=00029878 vaddr=3fc95000 size=02da0h ( 11680) load
[2026-05-23 20:10:21.689] I (51) esp_image: segment 2: paddr=0002c620 vaddr=40380000 size=039f8h ( 14840) load
[2026-05-23 20:10:21.696] I (54) esp_image: segment 3: paddr=00030020 vaddr=42000020 size=990b4h (626868) map
[2026-05-23 20:10:21.709] I (154) esp_image: segment 4: paddr=000c90dc vaddr=403839f8 size=114f8h ( 70904) load
[2026-05-23 20:10:21.716] I (168) esp_image: segment 5: paddr=000da5dc vaddr=50000200 size=0001ch (    28) load
[2026-05-23 20:10:21.719] I (175) boot: Loaded app from partition at offset 0x10000
[2026-05-23 20:10:21.722] I (175) boot: Disabling RNG early entropy source...
[2026-05-23 20:10:21.724] I (176) cpu_start: Unicore app
[2026-05-23 20:10:21.728] I (185) cpu_start: Pro cpu start user code
[2026-05-23 20:10:21.731] I (185) cpu_start: cpu freq: 160000000 Hz
[2026-05-23 20:10:21.733] I (185) app_init: Application information:
[2026-05-23 20:10:21.736] I (185) app_init: Project name:     sensor_acquirer
[2026-05-23 20:10:21.738] I (185) app_init: App version:      v1.0-171-gbbe0783
[2026-05-23 20:10:21.747] I (186) app_init: Compile time:     May 23 2026 14:30:40
[2026-05-23 20:10:21.750] I (186) app_init: ELF file SHA256:  0e7d705e7...
[2026-05-23 20:10:21.752] I (187) app_init: ESP-IDF:          v5.4.1
[2026-05-23 20:10:21.754] I (187) efuse_init: Min chip rev:     v0.3
[2026-05-23 20:10:21.755] I (188) efuse_init: Max chip rev:     v1.99
[2026-05-23 20:10:21.756] I (188) efuse_init: Chip rev:         v0.4
[2026-05-23 20:10:21.758] I (189) heap_init: Initializing. RAM available for dynamic allocation:
[2026-05-23 20:10:21.759] I (190) heap_init: At 3FC9C130 len 00023ED0 (143 KiB): RAM
[2026-05-23 20:10:21.761] I (190) heap_init: At 3FCC0000 len 0001C710 (113 KiB): Retention RAM
[2026-05-23 20:10:21.762] I (191) heap_init: At 3FCDC710 len 00002950 (10 KiB): Retention RAM
[2026-05-23 20:10:21.763] I (192) heap_init: At 5000021C len 00001DCC (7 KiB): RTCRAM
[2026-05-23 20:10:21.764] I (193) spi_flash: detected chip: generic
[2026-05-23 20:10:21.765] I (193) spi_flash: flash io: dio
[2026-05-23 20:10:21.766] W (194) spi_flash: Detected size(4096k) larger than the size in the binary image header(2048k). Using the size in the binary image header.
[2026-05-23 20:10:21.768] I (195) sleep_gpio: Configure to isolate all GPIO pins in sleep state
[2026-05-23 20:10:21.768] I (196) sleep_gpio: Enable automatic switching of GPIO sleep configuration
[2026-05-23 20:10:21.768] I (197) main_task: Started on CPU0
[2026-05-23 20:10:21.769] I (197) main_task: Calling app_main()
[2026-05-23 20:10:21.769] WCAN_CFG_WAIT v=1
# UART boot config sent: wcan v=1 role=sensor transport=MULTICAST test_duration_ms=30000 host_wait_time_ms=5000 base=0xd0 count=3 hz=200 linger=100
[2026-05-23 20:10:21.769] WCAN_CFG_WAIT v=1
[2026-05-23 20:10:24.214] WCAN_CFG_ACK
[2026-05-23 20:10:24.215] WCAN_CFG_ACK
[2026-05-23 20:10:24.219] I (2822) pp: pp rom version: 9387209
[2026-05-23 20:10:24.220] I (2823) net80211: net80211 rom version: 9387209
[2026-05-23 20:10:24.221] I (2824) wifi:wifi driver task: 3fca7594, prio:23, stack:6656, core=0
[2026-05-23 20:10:24.225] I (2828) wifi:wifi firmware version: 79fa3f41ba
[2026-05-23 20:10:24.227] I (2828) wifi:wifi certification version: v7.0
[2026-05-23 20:10:24.227] I (2828) wifi:config NVS flash: enabled
[2026-05-23 20:10:24.228] I (2828) wifi:config nano formatting: disabled
[2026-05-23 20:10:24.230] I (2829) wifi:Init data frame dynamic rx buffer num: 32
[2026-05-23 20:10:24.232] I (2829) wifi:Init static rx mgmt buffer num: 5
[2026-05-23 20:10:24.233] I (2830) wifi:Init management short buffer num: 32
[2026-05-23 20:10:24.234] I (2830) wifi:Init dynamic tx buffer num: 32
[2026-05-23 20:10:24.236] I (2831) wifi:Init static tx FG buffer num: 2
[2026-05-23 20:10:24.237] I (2831) wifi:Init static rx buffer size: 1600
[2026-05-23 20:10:24.238] I (2832) wifi:Init static rx buffer num: 10
[2026-05-23 20:10:24.239] I (2832) wifi:Init dynamic rx buffer num: 32
[2026-05-23 20:10:24.240] I (2833) wifi_init: rx ba win: 6
[2026-05-23 20:10:24.241] I (2834) wifi_init: accept mbox: 6
[2026-05-23 20:10:24.242] I (2834) wifi_init: tcpip mbox: 32
[2026-05-23 20:10:24.243] I (2834) wifi_init: udp mbox: 6
[2026-05-23 20:10:24.244] I (2834) wifi_init: tcp mbox: 6
[2026-05-23 20:10:24.245] I (2835) wifi_init: tcp tx win: 5760
[2026-05-23 20:10:24.246] I (2835) wifi_init: tcp rx win: 5760
[2026-05-23 20:10:24.247] I (2836) wifi_init: tcp mss: 1440
[2026-05-23 20:10:24.247] I (2836) wifi_init: WiFi IRAM OP enabled
[2026-05-23 20:10:24.247] I (2836) wifi_init: WiFi RX IRAM OP enabled
[2026-05-23 20:10:24.248] I (2837) phy_init: phy_version 1200,2b7123f9,Feb 18 2025,15:22:21
[2026-05-23 20:10:24.267] I (2870) wifi:mode : sta (54:32:04:8c:0b:8c)
[2026-05-23 20:10:24.268] I (2871) wifi:enable tsf
[2026-05-23 20:10:24.271] I (2874) ESPNOW: espnow [version: 2.0] init
[2026-05-23 20:10:24.272] WCAN_TEST_READY role=sensor
# Waiting for phased test start
# UART test start sent: WCAN_TEST_START at 2026-05-23T20:10:24.283674
[2026-05-23 20:10:54.627] WCAN_BATCH id=0xd0 count=285 avg_hz=9.52 avg_points=21.00 min_points=21 max_points=21 avg_interval_ms=105.00 min_interval_ms=104.97 max_interval_ms=105.02 avg_dispatch_ms=2.50 max_dispatch_ms=10.29 dispatched_count=285 avg_queue_wait_ms=0.16 max_queue_wait_ms=0.30
[2026-05-23 20:10:54.643] WCAN_BATCH id=0xd1 count=285 avg_hz=9.52 avg_points=21.00 min_points=21 max_points=21 avg_interval_ms=105.00 min_interval_ms=104.94 max_interval_ms=105.03 avg_dispatch_ms=3.52 max_dispatch_ms=13.60 dispatched_count=285 avg_queue_wait_ms=2.73 max_queue_wait_ms=10.50
[2026-05-23 20:10:54.654] WCAN_BATCH id=0xd2 count=285 avg_hz=9.52 avg_points=21.00 min_points=21 max_points=21 avg_interval_ms=105.00 min_interval_ms=104.94 max_interval_ms=105.03 avg_dispatch_ms=3.77 max_dispatch_ms=17.33 dispatched_count=285 avg_queue_wait_ms=6.33 max_queue_wait_ms=19.27
[2026-05-23 20:10:54.655] WCAN_SENSOR_END generated=5998 avg_hz=199.97
[2026-05-23 20:10:54.661] WCAN_MEASURES elapsed_ms=29999 heap_start_free=66296 heap_end_free=77856 heap_start_min_free=66296 heap_end_min_free=64224 heap_start_largest=47104 heap_end_largest=47104 airtime_us_total=2780459 packets_sent_total=855 sensor_send_failures_total=0
[2026-05-23 20:10:54.662] WCAN_TEST_END role=sensor

# Monitor stopped: 2026-05-23T20:10:54.662444
