# Monitor started: 2026-05-23T16:50:32.663233
# Port: /dev/ttyACM0, Baud: 921600, Timeout: 35.000s after WCAN_TEST_START

# UART boot config: wcan v=1 role=sensor transport=BROADCAST test_duration_ms=30000 host_wait_time_ms=5000 base=0xd0 count=1 hz=10 linger=0
[2026-05-23 16:50:32.665] ESP-ROM:esp32c3-api1-20210207
[2026-05-23 16:50:32.665] Build:Feb  7 2021
[2026-05-23 16:50:32.671] rst:0x15 (USB_UART_CHIP_RESET),boot:0xd (SPI_FAST_FLASH_BOOT)
[2026-05-23 16:50:32.673] Saved PC:0x40384eba
[2026-05-23 16:50:32.673] SPIWP:0xee
[2026-05-23 16:50:32.676] mode:DIO, clock div:1
[2026-05-23 16:50:32.678] load:0x3fcd5820,len:0x1574
[2026-05-23 16:50:32.682] load:0x403cc710,len:0xc30
[2026-05-23 16:50:32.684] load:0x403ce710,len:0x2fa0
[2026-05-23 16:50:32.685] entry 0x403cc71a
[2026-05-23 16:50:32.689] I (24) boot: ESP-IDF v5.4.1 2nd stage bootloader
[2026-05-23 16:50:32.694] I (24) boot: compile time May 20 2026 00:05:32
[2026-05-23 16:50:32.699] I (25) boot: chip revision: v0.4
[2026-05-23 16:50:32.702] I (25) boot: efuse block revision: v1.3
[2026-05-23 16:50:32.704] I (25) boot.esp32c3: SPI Speed      : 80MHz
[2026-05-23 16:50:32.710] I (25) boot.esp32c3: SPI Mode       : DIO
[2026-05-23 16:50:32.715] I (26) boot.esp32c3: SPI Flash Size : 2MB
[2026-05-23 16:50:32.718] I (26) boot: Enabling RNG early entropy source...
[2026-05-23 16:50:32.720] I (27) boot: Partition Table:
[2026-05-23 16:50:32.726] I (27) boot: ## Label            Usage          Type ST Offset   Length
[2026-05-23 16:50:32.731] I (28) boot:  0 nvs              WiFi data        01 02 00009000 00006000
[2026-05-23 16:50:32.739] I (29) boot:  1 phy_init         RF data          01 01 0000f000 00001000
[2026-05-23 16:50:32.745] I (29) boot:  2 factory          factory app      00 00 00010000 00100000
[2026-05-23 16:50:32.748] I (30) boot: End of partition table
[2026-05-23 16:50:32.755] I (31) esp_image: segment 0: paddr=00010020 vaddr=3c0a0020 size=1977ch (104316) map
[2026-05-23 16:50:32.773] I (48) esp_image: segment 1: paddr=000297a4 vaddr=3fc95200 size=02da0h ( 11680) load
[2026-05-23 16:50:32.773] I (51) esp_image: segment 2: paddr=0002c54c vaddr=40380000 size=03acch ( 15052) load
[2026-05-23 16:50:32.778] I (54) esp_image: segment 3: paddr=00030020 vaddr=42000020 size=9942ch (627756) map
[2026-05-23 16:50:32.785] I (154) esp_image: segment 4: paddr=000c9454 vaddr=40383acc size=11614h ( 71188) load
[2026-05-23 16:50:32.793] I (168) esp_image: segment 5: paddr=000daa70 vaddr=50000200 size=0001ch (    28) load
[2026-05-23 16:50:32.796] I (175) boot: Loaded app from partition at offset 0x10000
[2026-05-23 16:50:32.799] I (175) boot: Disabling RNG early entropy source...
[2026-05-23 16:50:32.802] I (176) cpu_start: Unicore app
[2026-05-23 16:50:32.806] I (185) cpu_start: Pro cpu start user code
[2026-05-23 16:50:32.808] I (185) cpu_start: cpu freq: 160000000 Hz
[2026-05-23 16:50:32.812] I (185) app_init: Application information:
[2026-05-23 16:50:32.814] I (185) app_init: Project name:     sensor_acquirer
[2026-05-23 16:50:32.818] I (185) app_init: App version:      v1.0-171-gbbe0783
[2026-05-23 16:50:32.821] I (186) app_init: Compile time:     May 23 2026 14:30:31
[2026-05-23 16:50:32.826] I (186) app_init: ELF file SHA256:  493679023...
[2026-05-23 16:50:32.827] I (187) app_init: ESP-IDF:          v5.4.1
[2026-05-23 16:50:32.830] I (187) efuse_init: Min chip rev:     v0.3
[2026-05-23 16:50:32.832] I (188) efuse_init: Max chip rev:     v1.99
[2026-05-23 16:50:32.835] I (188) efuse_init: Chip rev:         v0.4
[2026-05-23 16:50:32.839] I (189) heap_init: Initializing. RAM available for dynamic allocation:
[2026-05-23 16:50:32.841] I (190) heap_init: At 3FC9C340 len 00023CC0 (143 KiB): RAM
[2026-05-23 16:50:32.842] I (190) heap_init: At 3FCC0000 len 0001C710 (113 KiB): Retention RAM
[2026-05-23 16:50:32.843] I (191) heap_init: At 3FCDC710 len 00002950 (10 KiB): Retention RAM
[2026-05-23 16:50:32.844] I (192) heap_init: At 5000021C len 00001DCC (7 KiB): RTCRAM
[2026-05-23 16:50:32.845] I (193) spi_flash: detected chip: generic
[2026-05-23 16:50:32.845] I (193) spi_flash: flash io: dio
[2026-05-23 16:50:32.847] W (194) spi_flash: Detected size(4096k) larger than the size in the binary image header(2048k). Using the size in the binary image header.
[2026-05-23 16:50:32.849] I (195) sleep_gpio: Configure to isolate all GPIO pins in sleep state
[2026-05-23 16:50:32.850] I (196) sleep_gpio: Enable automatic switching of GPIO sleep configuration
[2026-05-23 16:50:32.850] I (197) main_task: Started on CPU0
[2026-05-23 16:50:32.850] I (197) main_task: Calling app_main()
[2026-05-23 16:50:32.850] WCAN_CFG_WAIT v=1
# UART boot config sent: wcan v=1 role=sensor transport=BROADCAST test_duration_ms=30000 host_wait_time_ms=5000 base=0xd0 count=1 hz=10 linger=0
[2026-05-23 16:50:32.851] WCAN_CFG_WAIT v=1
[2026-05-23 16:50:35.230] WCAN_CFG_ACK
[2026-05-23 16:50:35.230] WCAN_CFG_ACK
[2026-05-23 16:50:35.235] I (2771) pp: pp rom version: 9387209
[2026-05-23 16:50:35.235] I (2772) net80211: net80211 rom version: 9387209
[2026-05-23 16:50:35.237] I (2773) wifi:wifi driver task: 3fca77a4, prio:23, stack:6656, core=0
[2026-05-23 16:50:35.242] I (2777) wifi:wifi firmware version: 79fa3f41ba
[2026-05-23 16:50:35.243] I (2777) wifi:wifi certification version: v7.0
[2026-05-23 16:50:35.244] I (2777) wifi:config NVS flash: enabled
[2026-05-23 16:50:35.246] I (2777) wifi:config nano formatting: disabled
[2026-05-23 16:50:35.248] I (2778) wifi:Init data frame dynamic rx buffer num: 32
[2026-05-23 16:50:35.249] I (2778) wifi:Init static rx mgmt buffer num: 5
[2026-05-23 16:50:35.250] I (2779) wifi:Init management short buffer num: 32
[2026-05-23 16:50:35.252] I (2779) wifi:Init dynamic tx buffer num: 32
[2026-05-23 16:50:35.254] I (2780) wifi:Init static tx FG buffer num: 2
[2026-05-23 16:50:35.255] I (2780) wifi:Init static rx buffer size: 1600
[2026-05-23 16:50:35.256] I (2781) wifi:Init static rx buffer num: 10
[2026-05-23 16:50:35.257] I (2781) wifi:Init dynamic rx buffer num: 32
[2026-05-23 16:50:35.257] I (2783) wifi_init: rx ba win: 6
[2026-05-23 16:50:35.258] I (2783) wifi_init: accept mbox: 6
[2026-05-23 16:50:35.259] I (2783) wifi_init: tcpip mbox: 32
[2026-05-23 16:50:35.259] I (2783) wifi_init: udp mbox: 6
[2026-05-23 16:50:35.260] I (2783) wifi_init: tcp mbox: 6
[2026-05-23 16:50:35.261] I (2784) wifi_init: tcp tx win: 5760
[2026-05-23 16:50:35.262] I (2784) wifi_init: tcp rx win: 5760
[2026-05-23 16:50:35.263] I (2785) wifi_init: tcp mss: 1440
[2026-05-23 16:50:35.264] I (2785) wifi_init: WiFi IRAM OP enabled
[2026-05-23 16:50:35.265] I (2785) wifi_init: WiFi RX IRAM OP enabled
[2026-05-23 16:50:35.265] I (2786) phy_init: phy_version 1200,2b7123f9,Feb 18 2025,15:22:21
[2026-05-23 16:50:35.284] I (2819) wifi:mode : sta (54:32:04:8c:0b:8c)
[2026-05-23 16:50:35.285] I (2820) wifi:enable tsf
[2026-05-23 16:50:35.288] I (2823) ESPNOW: espnow [version: 2.0] init
[2026-05-23 16:50:35.289] WCAN_TEST_READY role=sensor
# Waiting for phased test start
# UART test start sent: WCAN_TEST_START at 2026-05-23T16:50:35.300761
[2026-05-23 16:50:36.098] P(FAIL):3438:d0:0:0:0:1
[2026-05-23 16:50:36.360] P(FAIL):3700:d0:3:3:3:1
[2026-05-23 16:50:36.783] P(FAIL):4123:d0:7:7:7:1
[2026-05-23 16:50:37.365] P(FAIL):4705:d0:13:13:13:1
[2026-05-23 16:50:37.769] P(FAIL):5109:d0:17:17:17:1
[2026-05-23 16:50:38.175] P(FAIL):5515:d0:21:21:21:1
[2026-05-23 16:50:38.644] P(FAIL):5984:d0:25:25:25:1
[2026-05-23 16:50:39.104] P(FAIL):6444:d0:30:30:30:1
[2026-05-23 16:50:39.607] P(FAIL):6947:d0:36:36:36:1
[2026-05-23 16:50:39.970] P(FAIL):7309:d0:37:37:37:1
[2026-05-23 16:50:40.354] P(FAIL):7694:d0:39:39:39:1
[2026-05-23 16:50:40.721] P(FAIL):8061:d0:47:47:47:1
[2026-05-23 16:50:41.120] P(FAIL):8460:d0:51:51:51:1
[2026-05-23 16:50:41.543] P(FAIL):8883:d0:55:55:55:1
[2026-05-23 16:50:42.049] P(FAIL):9389:d0:59:59:59:1
[2026-05-23 16:50:42.449] P(FAIL):9789:d0:64:64:64:1
[2026-05-23 16:50:42.799] P(FAIL):10139:d0:68:68:68:1
[2026-05-23 16:50:43.133] P(FAIL):10473:d0:70:70:70:1
[2026-05-23 16:50:43.473] P(FAIL):10813:d0:75:75:75:1
[2026-05-23 16:50:43.829] P(FAIL):11169:d0:78:78:78:1
[2026-05-23 16:50:44.226] P(FAIL):11566:d0:82:82:82:1
[2026-05-23 16:50:44.715] P(FAIL):12055:d0:86:86:86:1
[2026-05-23 16:50:45.301] P(FAIL):12641:d0:92:92:92:1
[2026-05-23 16:50:45.685] P(FAIL):13025:d0:94:94:94:1
[2026-05-23 16:50:46.056] P(FAIL):13396:d0:96:96:96:1
[2026-05-23 16:50:46.518] P(FAIL):13858:d0:104:104:104:1
[2026-05-23 16:50:46.939] P(FAIL):14278:d0:109:109:109:1
[2026-05-23 16:50:47.363] P(FAIL):14702:d0:113:113:113:1
[2026-05-23 16:50:47.766] P(FAIL):15105:d0:117:117:117:1
[2026-05-23 16:50:48.081] P(FAIL):15420:d0:121:121:121:1
[2026-05-23 16:50:48.446] P(FAIL):15785:d0:124:124:124:1
[2026-05-23 16:50:48.908] P(FAIL):16247:d0:128:128:128:1
[2026-05-23 16:50:49.245] P(FAIL):16584:d0:129:129:129:1
[2026-05-23 16:50:49.661] P(FAIL):17000:d0:136:136:136:1
[2026-05-23 16:50:50.090] P(FAIL):17429:d0:140:140:140:1
[2026-05-23 16:50:50.495] P(FAIL):17833:d0:144:144:144:1
[2026-05-23 16:50:51.035] P(FAIL):18374:d0:150:150:150:1
[2026-05-23 16:50:51.421] P(FAIL):18760:d0:154:154:154:1
[2026-05-23 16:50:51.861] P(FAIL):19200:d0:158:158:158:1
[2026-05-23 16:50:52.270] P(FAIL):19609:d0:162:162:162:1
[2026-05-23 16:50:52.639] P(FAIL):19978:d0:166:166:166:1
[2026-05-23 16:50:53.011] P(FAIL):20350:d0:170:170:170:1
[2026-05-23 16:50:53.428] P(FAIL):20767:d0:174:174:174:1
[2026-05-23 16:50:53.845] P(FAIL):21184:d0:178:178:178:1
[2026-05-23 16:50:54.257] P(FAIL):21596:d0:182:182:182:1
[2026-05-23 16:50:54.638] P(FAIL):21977:d0:186:186:186:1
[2026-05-23 16:50:55.045] P(FAIL):22384:d0:190:190:190:1
[2026-05-23 16:50:55.442] P(FAIL):22781:d0:194:194:194:1
[2026-05-23 16:50:55.887] P(FAIL):23226:d0:198:198:198:1
[2026-05-23 16:50:56.219] P(FAIL):23558:d0:202:202:202:1
[2026-05-23 16:50:56.653] P(FAIL):23992:d0:206:206:206:1
[2026-05-23 16:50:57.491] P(FAIL):24830:d0:215:215:215:1
[2026-05-23 16:50:58.807] P(FAIL):26146:d0:228:228:228:1
[2026-05-23 16:50:59.211] P(FAIL):26550:d0:230:230:230:1
[2026-05-23 16:50:59.649] P(FAIL):26988:d0:236:236:236:1
[2026-05-23 16:51:00.239] P(FAIL):27578:d0:242:242:242:1
[2026-05-23 16:51:00.610] P(FAIL):27949:d0:246:246:246:1
[2026-05-23 16:51:01.125] P(FAIL):28464:d0:250:250:250:1
[2026-05-23 16:51:01.543] P(FAIL):28882:d0:255:255:255:1
[2026-05-23 16:51:02.048] P(FAIL):29387:d0:260:260:260:1
[2026-05-23 16:51:02.370] P(FAIL):29709:d0:264:264:264:1
[2026-05-23 16:51:02.744] P(FAIL):30083:d0:267:267:267:1
[2026-05-23 16:51:03.220] P(FAIL):30559:d0:271:271:271:1
[2026-05-23 16:51:03.650] P(FAIL):30989:d0:276:276:276:1
[2026-05-23 16:51:04.111] P(FAIL):31450:d0:280:280:280:1
[2026-05-23 16:51:04.566] P(FAIL):31905:d0:285:285:285:1
[2026-05-23 16:51:05.092] P(FAIL):32431:d0:290:290:290:1
[2026-05-23 16:51:05.489] P(FAIL):32828:d0:294:294:294:1
[2026-05-23 16:51:06.047] P(FAIL):33386:d0:295:295:295:1
[2026-05-23 16:51:06.613] WCAN_BATCH id=0xd0 count=299 avg_hz=10.00 avg_points=1.00 min_points=1 max_points=1 avg_interval_ms=100.00 min_interval_ms=99.93 max_interval_ms=100.05 avg_dispatch_ms=1.22 max_dispatch_ms=15.54 dispatched_count=502 avg_queue_wait_ms=156.40 max_queue_wait_ms=687.75
[2026-05-23 16:51:06.614] WCAN_SENSOR_END generated=298 avg_hz=9.97
[2026-05-23 16:51:06.619] WCAN_MEASURES elapsed_ms=29999 heap_start_free=126648 heap_end_free=141280 heap_start_min_free=126628 heap_end_min_free=126368 heap_start_largest=98304 heap_end_largest=98304 airtime_us_total=609767 packets_sent_total=502 sensor_send_failures_total=0
[2026-05-23 16:51:06.620] WCAN_TEST_END role=sensor

# Monitor stopped: 2026-05-23T16:51:06.620063
