# Monitor started: 2026-05-23T16:50:32.663144
# Port: /dev/ttyACM1, Baud: 921600, Timeout: 35.000s after WCAN_TEST_START

# UART boot config: wcan v=1 role=sensor transport=BROADCAST test_duration_ms=30000 host_wait_time_ms=5000 base=0xe0 count=1 hz=10 linger=0
[2026-05-23 16:50:32.664] ESP-ROM:esp32c3-api1-20210207
[2026-05-23 16:50:32.664] Build:Feb  7 2021
[2026-05-23 16:50:32.670] rst:0x15 (USB_UART_CHIP_RESET),boot:0xd (SPI_FAST_FLASH_BOOT)
[2026-05-23 16:50:32.671] Saved PC:0x40384eba
[2026-05-23 16:50:32.672] SPIWP:0xee
[2026-05-23 16:50:32.674] mode:DIO, clock div:1
[2026-05-23 16:50:32.676] load:0x3fcd5820,len:0x1574
[2026-05-23 16:50:32.678] load:0x403cc710,len:0xc30
[2026-05-23 16:50:32.680] load:0x403ce710,len:0x2fa0
[2026-05-23 16:50:32.682] entry 0x403cc71a
[2026-05-23 16:50:32.685] I (24) boot: ESP-IDF v5.4.1 2nd stage bootloader
[2026-05-23 16:50:32.689] I (24) boot: compile time May 20 2026 00:05:32
[2026-05-23 16:50:32.692] I (25) boot: chip revision: v0.4
[2026-05-23 16:50:32.696] I (25) boot: efuse block revision: v1.3
[2026-05-23 16:50:32.700] I (25) boot.esp32c3: SPI Speed      : 80MHz
[2026-05-23 16:50:32.702] I (25) boot.esp32c3: SPI Mode       : DIO
[2026-05-23 16:50:32.708] I (26) boot.esp32c3: SPI Flash Size : 2MB
[2026-05-23 16:50:32.712] I (26) boot: Enabling RNG early entropy source...
[2026-05-23 16:50:32.713] I (27) boot: Partition Table:
[2026-05-23 16:50:32.720] I (27) boot: ## Label            Usage          Type ST Offset   Length
[2026-05-23 16:50:32.727] I (28) boot:  0 nvs              WiFi data        01 02 00009000 00006000
[2026-05-23 16:50:32.732] I (29) boot:  1 phy_init         RF data          01 01 0000f000 00001000
[2026-05-23 16:50:32.738] I (29) boot:  2 factory          factory app      00 00 00010000 00100000
[2026-05-23 16:50:32.741] I (30) boot: End of partition table
[2026-05-23 16:50:32.746] I (31) esp_image: segment 0: paddr=00010020 vaddr=3c0a0020 size=1977ch (104316) map
[2026-05-23 16:50:32.752] I (48) esp_image: segment 1: paddr=000297a4 vaddr=3fc95200 size=02da0h ( 11680) load
[2026-05-23 16:50:32.756] I (51) esp_image: segment 2: paddr=0002c54c vaddr=40380000 size=03acch ( 15052) load
[2026-05-23 16:50:32.776] I (54) esp_image: segment 3: paddr=00030020 vaddr=42000020 size=9942ch (627756) map
[2026-05-23 16:50:32.781] I (154) esp_image: segment 4: paddr=000c9454 vaddr=40383acc size=11614h ( 71188) load
[2026-05-23 16:50:32.787] I (168) esp_image: segment 5: paddr=000daa70 vaddr=50000200 size=0001ch (    28) load
[2026-05-23 16:50:32.794] I (175) boot: Loaded app from partition at offset 0x10000
[2026-05-23 16:50:32.798] I (175) boot: Disabling RNG early entropy source...
[2026-05-23 16:50:32.800] I (176) cpu_start: Unicore app
[2026-05-23 16:50:32.801] I (185) cpu_start: Pro cpu start user code
[2026-05-23 16:50:32.803] I (185) cpu_start: cpu freq: 160000000 Hz
[2026-05-23 16:50:32.805] I (185) app_init: Application information:
[2026-05-23 16:50:32.812] I (185) app_init: Project name:     sensor_acquirer
[2026-05-23 16:50:32.815] I (185) app_init: App version:      v1.0-171-gbbe0783
[2026-05-23 16:50:32.820] I (186) app_init: Compile time:     May 23 2026 14:30:31
[2026-05-23 16:50:32.821] I (187) app_init: ELF file SHA256:  493679023...
[2026-05-23 16:50:32.823] I (187) app_init: ESP-IDF:          v5.4.1
[2026-05-23 16:50:32.824] I (188) efuse_init: Min chip rev:     v0.3
[2026-05-23 16:50:32.827] I (188) efuse_init: Max chip rev:     v1.99
[2026-05-23 16:50:32.828] I (189) efuse_init: Chip rev:         v0.4
[2026-05-23 16:50:32.835] I (189) heap_init: Initializing. RAM available for dynamic allocation:
[2026-05-23 16:50:32.838] I (190) heap_init: At 3FC9C340 len 00023CC0 (143 KiB): RAM
[2026-05-23 16:50:32.840] I (190) heap_init: At 3FCC0000 len 0001C710 (113 KiB): Retention RAM
[2026-05-23 16:50:32.841] I (191) heap_init: At 3FCDC710 len 00002950 (10 KiB): Retention RAM
[2026-05-23 16:50:32.842] I (192) heap_init: At 5000021C len 00001DCC (7 KiB): RTCRAM
[2026-05-23 16:50:32.843] I (194) spi_flash: detected chip: generic
[2026-05-23 16:50:32.843] I (194) spi_flash: flash io: dio
[2026-05-23 16:50:32.845] W (194) spi_flash: Detected size(4096k) larger than the size in the binary image header(2048k). Using the size in the binary image header.
[2026-05-23 16:50:32.846] I (196) sleep_gpio: Configure to isolate all GPIO pins in sleep state
[2026-05-23 16:50:32.848] I (196) sleep_gpio: Enable automatic switching of GPIO sleep configuration
[2026-05-23 16:50:32.848] I (197) main_task: Started on CPU0
[2026-05-23 16:50:32.849] I (197) main_task: Calling app_main()
[2026-05-23 16:50:32.849] WCAN_CFG_WAIT v=1
# UART boot config sent: wcan v=1 role=sensor transport=BROADCAST test_duration_ms=30000 host_wait_time_ms=5000 base=0xe0 count=1 hz=10 linger=0
[2026-05-23 16:50:32.850] WCAN_CFG_WAIT v=1
[2026-05-23 16:50:35.229] WCAN_CFG_ACK
[2026-05-23 16:50:35.229] WCAN_CFG_ACK
[2026-05-23 16:50:35.234] I (2770) pp: pp rom version: 9387209
[2026-05-23 16:50:35.234] I (2770) net80211: net80211 rom version: 9387209
[2026-05-23 16:50:35.236] I (2772) wifi:wifi driver task: 3fca7720, prio:23, stack:6656, core=0
[2026-05-23 16:50:35.240] I (2776) wifi:wifi firmware version: 79fa3f41ba
[2026-05-23 16:50:35.240] I (2776) wifi:wifi certification version: v7.0
[2026-05-23 16:50:35.242] I (2776) wifi:config NVS flash: enabled
[2026-05-23 16:50:35.243] I (2776) wifi:config nano formatting: disabled
[2026-05-23 16:50:35.245] I (2777) wifi:Init data frame dynamic rx buffer num: 32
[2026-05-23 16:50:35.246] I (2777) wifi:Init static rx mgmt buffer num: 5
[2026-05-23 16:50:35.248] I (2778) wifi:Init management short buffer num: 32
[2026-05-23 16:50:35.249] I (2778) wifi:Init dynamic tx buffer num: 32
[2026-05-23 16:50:35.251] I (2779) wifi:Init static tx FG buffer num: 2
[2026-05-23 16:50:35.252] I (2779) wifi:Init static rx buffer size: 1600
[2026-05-23 16:50:35.253] I (2780) wifi:Init static rx buffer num: 10
[2026-05-23 16:50:35.254] I (2780) wifi:Init dynamic rx buffer num: 32
[2026-05-23 16:50:35.255] I (2781) wifi_init: rx ba win: 6
[2026-05-23 16:50:35.256] I (2782) wifi_init: accept mbox: 6
[2026-05-23 16:50:35.257] I (2782) wifi_init: tcpip mbox: 32
[2026-05-23 16:50:35.258] I (2782) wifi_init: udp mbox: 6
[2026-05-23 16:50:35.258] I (2782) wifi_init: tcp mbox: 6
[2026-05-23 16:50:35.259] I (2783) wifi_init: tcp tx win: 5760
[2026-05-23 16:50:35.260] I (2783) wifi_init: tcp rx win: 5760
[2026-05-23 16:50:35.261] I (2784) wifi_init: tcp mss: 1440
[2026-05-23 16:50:35.262] I (2784) wifi_init: WiFi IRAM OP enabled
[2026-05-23 16:50:35.263] I (2784) wifi_init: WiFi RX IRAM OP enabled
[2026-05-23 16:50:35.264] I (2785) phy_init: phy_version 1200,2b7123f9,Feb 18 2025,15:22:21
[2026-05-23 16:50:35.284] I (2819) wifi:mode : sta (74:4d:bd:e1:d5:b8)
[2026-05-23 16:50:35.285] I (2820) wifi:enable tsf
[2026-05-23 16:50:35.288] I (2823) ESPNOW: espnow [version: 2.0] init
[2026-05-23 16:50:35.289] WCAN_TEST_READY role=sensor
# Waiting for phased test start
# UART test start sent: WCAN_TEST_START at 2026-05-23T16:50:35.300666
[2026-05-23 16:50:36.523] P(FAIL):3863:e0:5:5:5:1
[2026-05-23 16:50:36.987] P(FAIL):4327:e0:9:9:9:1
[2026-05-23 16:50:39.151] P(FAIL):6490:e0:31:31:31:1
[2026-05-23 16:50:44.841] P(FAIL):12180:e0:88:88:88:1
[2026-05-23 16:50:50.646] P(FAIL):17985:e0:146:146:146:1
[2026-05-23 16:50:56.809] P(FAIL):24148:e0:207:207:207:1
[2026-05-23 16:50:57.145] P(FAIL):24484:e0:208:208:208:1
[2026-05-23 16:50:57.709] P(FAIL):25048:e0:216:216:216:1
[2026-05-23 16:50:58.043] P(FAIL):25380:e0:217:217:217:1
[2026-05-23 16:50:58.452] P(FAIL):25791:e0:218:218:218:1
[2026-05-23 16:50:59.114] P(FAIL):26450:e0:231:231:231:1
[2026-05-23 16:50:59.859] P(FAIL):27198:e0:238:238:238:1
[2026-05-23 16:51:01.688] P(FAIL):29027:e0:257:257:257:1
[2026-05-23 16:51:05.691] P(FAIL):33030:e0:296:296:296:1
[2026-05-23 16:51:06.491] P(FAIL):33830:e0:297:297:297:1
[2026-05-23 16:51:06.612] WCAN_BATCH id=0xe0 count=299 avg_hz=10.00 avg_points=1.00 min_points=1 max_points=1 avg_interval_ms=100.00 min_interval_ms=99.94 max_interval_ms=100.05 avg_dispatch_ms=1.20 max_dispatch_ms=5.70 dispatched_count=339 avg_queue_wait_ms=62.39 max_queue_wait_ms=849.79
[2026-05-23 16:51:06.613] WCAN_SENSOR_END generated=298 avg_hz=9.97
[2026-05-23 16:51:06.619] WCAN_MEASURES elapsed_ms=29999 heap_start_free=126780 heap_end_free=141412 heap_start_min_free=126760 heap_end_min_free=126500 heap_start_largest=98304 heap_end_largest=98304 airtime_us_total=403649 packets_sent_total=339 sensor_send_failures_total=0
[2026-05-23 16:51:06.619] WCAN_TEST_END role=sensor

# Monitor stopped: 2026-05-23T16:51:06.619542
