# Monitor started: 2026-05-23T16:27:32.832439
# Port: /dev/ttyACM1, Baud: 921600, Timeout: 35.000s after WCAN_TEST_START

# UART boot config: wcan v=1 role=sensor transport=BROADCAST test_duration_ms=30000 host_wait_time_ms=5000 base=0xe0 count=3 hz=1000 linger=100
[2026-05-23 16:27:32.832] ESP-ROM:esp32c3-api1-20210207
[2026-05-23 16:27:32.832] Build:Feb  7 2021
[2026-05-23 16:27:32.833] rst:0x15 (USB_UART_CHIP_RESET),boot:0xd (SPI_FAST_FLASH_BOOT)
[2026-05-23 16:27:32.833] Saved PC:0x40384eba
[2026-05-23 16:27:32.833] SPIWP:0xee
[2026-05-23 16:27:32.834] mode:DIO, clock div:1
[2026-05-23 16:27:32.835] load:0x3fcd5820,len:0x1574
[2026-05-23 16:27:32.836] load:0x403cc710,len:0xc30
[2026-05-23 16:27:32.838] load:0x403ce710,len:0x2fa0
[2026-05-23 16:27:32.843] entry 0x403cc71a
[2026-05-23 16:27:32.846] I (24) boot: ESP-IDF v5.4.1 2nd stage bootloader
[2026-05-23 16:27:32.848] I (24) boot: compile time May 20 2026 00:05:32
[2026-05-23 16:27:32.851] I (25) boot: chip revision: v0.4
[2026-05-23 16:27:32.860] I (25) boot: efuse block revision: v1.3
[2026-05-23 16:27:32.864] I (25) boot.esp32c3: SPI Speed      : 80MHz
[2026-05-23 16:27:32.866] I (25) boot.esp32c3: SPI Mode       : DIO
[2026-05-23 16:27:32.872] I (26) boot.esp32c3: SPI Flash Size : 2MB
[2026-05-23 16:27:32.875] I (26) boot: Enabling RNG early entropy source...
[2026-05-23 16:27:32.881] I (27) boot: Partition Table:
[2026-05-23 16:27:32.883] I (27) boot: ## Label            Usage          Type ST Offset   Length
[2026-05-23 16:27:32.893] I (28) boot:  0 nvs              WiFi data        01 02 00009000 00006000
[2026-05-23 16:27:32.895] I (29) boot:  1 phy_init         RF data          01 01 0000f000 00001000
[2026-05-23 16:27:32.902] I (29) boot:  2 factory          factory app      00 00 00010000 00100000
[2026-05-23 16:27:32.904] I (30) boot: End of partition table
[2026-05-23 16:27:32.906] I (31) esp_image: segment 0: paddr=00010020 vaddr=3c0a0020 size=1977ch (104316) map
[2026-05-23 16:27:32.914] I (48) esp_image: segment 1: paddr=000297a4 vaddr=3fc95200 size=02da0h ( 11680) load
[2026-05-23 16:27:32.919] I (51) esp_image: segment 2: paddr=0002c54c vaddr=40380000 size=03acch ( 15052) load
[2026-05-23 16:27:32.923] I (54) esp_image: segment 3: paddr=00030020 vaddr=42000020 size=9942ch (627756) map
[2026-05-23 16:27:32.929] I (154) esp_image: segment 4: paddr=000c9454 vaddr=40383acc size=11614h ( 71188) load
[2026-05-23 16:27:32.932] I (168) esp_image: segment 5: paddr=000daa70 vaddr=50000200 size=0001ch (    28) load
[2026-05-23 16:27:32.935] I (175) boot: Loaded app from partition at offset 0x10000
[2026-05-23 16:27:32.938] I (175) boot: Disabling RNG early entropy source...
[2026-05-23 16:27:32.944] I (176) cpu_start: Unicore app
[2026-05-23 16:27:32.945] I (185) cpu_start: Pro cpu start user code
[2026-05-23 16:27:32.945] I (185) cpu_start: cpu freq: 160000000 Hz
[2026-05-23 16:27:32.947] I (185) app_init: Application information:
[2026-05-23 16:27:32.950] I (185) app_init: Project name:     sensor_acquirer
[2026-05-23 16:27:32.960] I (185) app_init: App version:      v1.0-171-gbbe0783
[2026-05-23 16:27:32.967] I (186) app_init: Compile time:     May 23 2026 14:30:31
[2026-05-23 16:27:32.970] I (187) app_init: ELF file SHA256:  493679023...
[2026-05-23 16:27:32.975] I (187) app_init: ESP-IDF:          v5.4.1
[2026-05-23 16:27:32.976] I (188) efuse_init: Min chip rev:     v0.3
[2026-05-23 16:27:32.977] I (188) efuse_init: Max chip rev:     v1.99
[2026-05-23 16:27:32.981] I (189) efuse_init: Chip rev:         v0.4
[2026-05-23 16:27:32.988] I (189) heap_init: Initializing. RAM available for dynamic allocation:
[2026-05-23 16:27:32.990] I (190) heap_init: At 3FC9C340 len 00023CC0 (143 KiB): RAM
[2026-05-23 16:27:32.995] I (191) heap_init: At 3FCC0000 len 0001C710 (113 KiB): Retention RAM
[2026-05-23 16:27:32.997] I (191) heap_init: At 3FCDC710 len 00002950 (10 KiB): Retention RAM
[2026-05-23 16:27:32.999] I (192) heap_init: At 5000021C len 00001DCC (7 KiB): RTCRAM
[2026-05-23 16:27:32.999] I (194) spi_flash: detected chip: generic
[2026-05-23 16:27:33.000] I (194) spi_flash: flash io: dio
[2026-05-23 16:27:33.002] W (194) spi_flash: Detected size(4096k) larger than the size in the binary image header(2048k). Using the size in the binary image header.
[2026-05-23 16:27:33.004] I (196) sleep_gpio: Configure to isolate all GPIO pins in sleep state
[2026-05-23 16:27:33.005] I (196) sleep_gpio: Enable automatic switching of GPIO sleep configuration
[2026-05-23 16:27:33.005] I (197) main_task: Started on CPU0
[2026-05-23 16:27:33.005] I (197) main_task: Calling app_main()
[2026-05-23 16:27:33.005] WCAN_CFG_WAIT v=1
# UART boot config sent: wcan v=1 role=sensor transport=BROADCAST test_duration_ms=30000 host_wait_time_ms=5000 base=0xe0 count=3 hz=1000 linger=100
[2026-05-23 16:27:33.006] WCAN_CFG_WAIT v=1
[2026-05-23 16:27:35.471] WCAN_CFG_ACK
[2026-05-23 16:27:35.471] WCAN_CFG_ACK
[2026-05-23 16:27:35.476] I (2842) pp: pp rom version: 9387209
[2026-05-23 16:27:35.477] I (2843) net80211: net80211 rom version: 9387209
[2026-05-23 16:27:35.478] I (2844) wifi:wifi driver task: 3fca7720, prio:23, stack:6656, core=0
[2026-05-23 16:27:35.482] I (2848) wifi:wifi firmware version: 79fa3f41ba
[2026-05-23 16:27:35.483] I (2848) wifi:wifi certification version: v7.0
[2026-05-23 16:27:35.484] I (2848) wifi:config NVS flash: enabled
[2026-05-23 16:27:35.485] I (2848) wifi:config nano formatting: disabled
[2026-05-23 16:27:35.486] I (2849) wifi:Init data frame dynamic rx buffer num: 32
[2026-05-23 16:27:35.487] I (2849) wifi:Init static rx mgmt buffer num: 5
[2026-05-23 16:27:35.488] I (2850) wifi:Init management short buffer num: 32
[2026-05-23 16:27:35.489] I (2850) wifi:Init dynamic tx buffer num: 32
[2026-05-23 16:27:35.490] I (2851) wifi:Init static tx FG buffer num: 2
[2026-05-23 16:27:35.491] I (2851) wifi:Init static rx buffer size: 1600
[2026-05-23 16:27:35.492] I (2852) wifi:Init static rx buffer num: 10
[2026-05-23 16:27:35.493] I (2852) wifi:Init dynamic rx buffer num: 32
[2026-05-23 16:27:35.494] I (2853) wifi_init: rx ba win: 6
[2026-05-23 16:27:35.494] I (2854) wifi_init: accept mbox: 6
[2026-05-23 16:27:35.495] I (2854) wifi_init: tcpip mbox: 32
[2026-05-23 16:27:35.496] I (2854) wifi_init: udp mbox: 6
[2026-05-23 16:27:35.497] I (2854) wifi_init: tcp mbox: 6
[2026-05-23 16:27:35.497] I (2855) wifi_init: tcp tx win: 5760
[2026-05-23 16:27:35.498] I (2855) wifi_init: tcp rx win: 5760
[2026-05-23 16:27:35.499] I (2856) wifi_init: tcp mss: 1440
[2026-05-23 16:27:35.500] I (2856) wifi_init: WiFi IRAM OP enabled
[2026-05-23 16:27:35.501] I (2856) wifi_init: WiFi RX IRAM OP enabled
[2026-05-23 16:27:35.502] I (2857) phy_init: phy_version 1200,2b7123f9,Feb 18 2025,15:22:21
[2026-05-23 16:27:35.526] I (2891) wifi:mode : sta (74:4d:bd:e1:d5:b8)
[2026-05-23 16:27:35.527] I (2892) wifi:enable tsf
[2026-05-23 16:27:35.529] I (2895) ESPNOW: espnow [version: 2.0] init
[2026-05-23 16:27:35.530] WCAN_TEST_READY role=sensor
# Waiting for phased test start
# UART test start sent: WCAN_TEST_START at 2026-05-23T16:27:35.542200
[2026-05-23 16:27:36.544] P(FAIL):3714:e1:7:202:302:101
[2026-05-23 16:27:36.570] P(FAIL):3740:e2:8:202:302:101
[2026-05-23 16:27:36.830] P(FAIL):4000:e0:18:606:706:101
[2026-05-23 16:27:36.842] P(FAIL):4012:e2:11:303:403:101
[2026-05-23 16:27:36.958] P(FAIL):4128:e1:19:606:706:101
[2026-05-23 16:27:37.231] P(FAIL):4401:e2:14:404:504:101
[2026-05-23 16:27:37.532] P(FAIL):4702:e1:37:1212:1312:101
[2026-05-23 16:27:37.627] P(FAIL):4797:e0:39:1313:1413:101
[2026-05-23 16:27:37.645] P(FAIL):4814:e2:32:1010:1110:101
[2026-05-23 16:27:38.110] P(FAIL):5280:e1:52:1717:1817:101
[2026-05-23 16:27:38.342] P(FAIL):5511:e2:62:2020:2120:101
[2026-05-23 16:27:38.566] P(FAIL):5735:e1:67:2222:2322:101
[2026-05-23 16:27:38.724] P(FAIL):5894:e2:74:2424:2524:101
[2026-05-23 16:27:39.202] P(FAIL):6372:e1:85:2828:2928:101
[2026-05-23 16:27:39.424] P(FAIL):6593:e2:92:3030:3130:101
[2026-05-23 16:27:39.668] P(FAIL):6837:e1:100:3333:3433:101
[2026-05-23 16:27:39.834] P(FAIL):7004:e2:107:3535:3635:101
[2026-05-23 16:27:39.972] P(FAIL):7142:e1:112:3737:3837:101
[2026-05-23 16:27:40.286] P(FAIL):7455:e2:119:3939:4039:101
[2026-05-23 16:27:40.360] P(FAIL):7530:e1:121:4040:4140:101
[2026-05-23 16:27:40.782] P(FAIL):7951:e2:134:4444:4544:101
[2026-05-23 16:27:40.789] P(FAIL):7958:e1:133:4444:4544:101
[2026-05-23 16:27:41.203] P(FAIL):8373:e2:143:4747:4847:101
[2026-05-23 16:27:41.216] P(FAIL):8386:e0:144:4848:4948:101
[2026-05-23 16:27:41.217] P(FAIL):8386:e1:136:4545:4645:101
[2026-05-23 16:27:41.557] P(FAIL):8726:e1:139:4646:4746:101
[2026-05-23 16:27:41.614] P(FAIL):8784:e2:152:5050:5150:101
[2026-05-23 16:27:41.941] P(FAIL):9111:e2:155:5151:5251:101
[2026-05-23 16:27:41.949] P(FAIL):9119:e0:168:5656:5756:101
[2026-05-23 16:27:41.982] P(FAIL):9151:e1:166:5555:5655:101
[2026-05-23 16:27:42.327] P(FAIL):9496:e0:171:5757:5857:101
[2026-05-23 16:27:42.346] P(FAIL):9515:e2:164:5454:5554:101
[2026-05-23 16:27:42.738] P(FAIL):9907:e1:191:6413:6513:101
[2026-05-23 16:27:42.751] S(FAIL):9920:e2:0:6464:6494:31
[2026-05-23 16:27:42.832] P(FAIL):10001:e2:175:5858:5958:101
[2026-05-23 16:27:43.220] P(FAIL):10390:e1:205:6918:7018:101
[2026-05-23 16:27:43.569] P(FAIL):10738:e1:214:7221:7321:101
[2026-05-23 16:28:05.846] P(FAIL):33015:e2:879:29605:29705:101
[2026-05-23 16:28:05.922] P(FAIL):33091:e0:878:29593:29693:101
[2026-05-23 16:28:06.083] P(FAIL):33252:e1:880:29643:29743:101
[2026-05-23 16:28:06.551] P(FAIL):33720:e2:882:29706:29806:101
[2026-05-23 16:28:06.721] P(FAIL):33891:e0:881:29694:29794:101
[2026-05-23 16:28:06.856] WCAN_BATCH id=0xe0 count=298 avg_hz=9.90 avg_points=100.67 min_points=2 max_points=101 avg_interval_ms=101.00 min_interval_ms=100.93 max_interval_ms=101.08 avg_dispatch_ms=4.46 max_dispatch_ms=9.19 dispatched_count=315 avg_queue_wait_ms=27.91 max_queue_wait_ms=546.76
[2026-05-23 16:28:06.861] WCAN_BATCH id=0xe1 count=297 avg_hz=9.88 avg_points=100.84 min_points=53 max_points=101 avg_interval_ms=101.17 min_interval_ms=100.88 max_interval_ms=150.91 avg_dispatch_ms=4.58 max_dispatch_ms=11.20 dispatched_count=346 avg_queue_wait_ms=76.55 max_queue_wait_ms=858.27
[2026-05-23 16:28:06.866] WCAN_BATCH id=0xe2 count=296 avg_hz=9.86 avg_points=100.97 min_points=91 max_points=101 avg_interval_ms=101.38 min_interval_ms=100.88 max_interval_ms=183.03 avg_dispatch_ms=4.62 max_dispatch_ms=15.41 dispatched_count=343 avg_queue_wait_ms=115.30 max_queue_wait_ms=921.26
[2026-05-23 16:28:06.867] WCAN_SENSOR_END generated=29998 avg_hz=1000.00
[2026-05-23 16:28:06.868] S(FAIL):34028:e1:0:5656:5705:50
[2026-05-23 16:28:06.868] S(FAIL):34029:e2:0:6899:6980:82
[2026-05-23 16:28:06.872] WCAN_MEASURES elapsed_ms=29999 heap_start_free=88072 heap_end_free=109780 heap_start_min_free=88072 heap_end_min_free=87308 heap_start_largest=65536 heap_end_largest=77824 airtime_us_total=4567844 packets_sent_total=1004 sensor_send_failures_total=163
[2026-05-23 16:28:06.873] WCAN_TEST_END role=sensor

# Monitor stopped: 2026-05-23T16:28:06.873536
