# Monitor started: 2026-05-23T18:42:33.638331
# Port: /dev/ttyACM0, Baud: 921600, Timeout: 35.000s after WCAN_TEST_START

# UART boot config: wcan v=1 role=sensor transport=MULTICAST test_duration_ms=30000 host_wait_time_ms=5000 base=0xd0 count=1 hz=10 linger=100
[2026-05-23 18:42:33.644] ESP-ROM:esp32c3-api1-20210207
[2026-05-23 18:42:33.651] Build:Feb  7 2021
[2026-05-23 18:42:33.668] rst:0x15 (USB_UART_CHIP_RESET),boot:0xd (SPI_FAST_FLASH_BOOT)
[2026-05-23 18:42:33.674] Saved PC:0x40384eba
[2026-05-23 18:42:33.680] SPIWP:0xee
[2026-05-23 18:42:33.684] mode:DIO, clock div:1
[2026-05-23 18:42:33.699] load:0x3fcd5820,len:0x1574
[2026-05-23 18:42:33.708] load:0x403cc710,len:0xc30
[2026-05-23 18:42:33.714] load:0x403ce710,len:0x2fa0
[2026-05-23 18:42:33.717] entry 0x403cc71a
[2026-05-23 18:42:33.722] I (24) boot: ESP-IDF v5.4.1 2nd stage bootloader
[2026-05-23 18:42:33.723] I (24) boot: compile time May 19 2026 23:41:33
[2026-05-23 18:42:33.725] I (25) boot: chip revision: v0.4
[2026-05-23 18:42:33.726] I (25) boot: efuse block revision: v1.3
[2026-05-23 18:42:33.728] I (25) boot.esp32c3: SPI Speed      : 80MHz
[2026-05-23 18:42:33.730] I (25) boot.esp32c3: SPI Mode       : DIO
[2026-05-23 18:42:33.731] I (26) boot.esp32c3: SPI Flash Size : 2MB
[2026-05-23 18:42:33.732] I (26) boot: Enabling RNG early entropy source...
[2026-05-23 18:42:33.733] I (27) boot: Partition Table:
[2026-05-23 18:42:33.736] I (27) boot: ## Label            Usage          Type ST Offset   Length
[2026-05-23 18:42:33.738] I (28) boot:  0 nvs              WiFi data        01 02 00009000 00006000
[2026-05-23 18:42:33.740] I (29) boot:  1 phy_init         RF data          01 01 0000f000 00001000
[2026-05-23 18:42:33.742] I (29) boot:  2 factory          factory app      00 00 00010000 00100000
[2026-05-23 18:42:33.743] I (30) boot: End of partition table
[2026-05-23 18:42:33.747] I (31) esp_image: segment 0: paddr=00010020 vaddr=3c0a0020 size=19850h (104528) map
[2026-05-23 18:42:33.752] I (48) esp_image: segment 1: paddr=00029878 vaddr=3fc95000 size=02da0h ( 11680) load
[2026-05-23 18:42:33.755] I (51) esp_image: segment 2: paddr=0002c620 vaddr=40380000 size=039f8h ( 14840) load
[2026-05-23 18:42:33.758] I (54) esp_image: segment 3: paddr=00030020 vaddr=42000020 size=990b4h (626868) map
[2026-05-23 18:42:33.761] I (154) esp_image: segment 4: paddr=000c90dc vaddr=403839f8 size=114f8h ( 70904) load
[2026-05-23 18:42:33.769] I (168) esp_image: segment 5: paddr=000da5dc vaddr=50000200 size=0001ch (    28) load
[2026-05-23 18:42:33.774] I (175) boot: Loaded app from partition at offset 0x10000
[2026-05-23 18:42:33.777] I (175) boot: Disabling RNG early entropy source...
[2026-05-23 18:42:33.780] I (176) cpu_start: Unicore app
[2026-05-23 18:42:33.781] I (185) cpu_start: Pro cpu start user code
[2026-05-23 18:42:33.784] I (185) cpu_start: cpu freq: 160000000 Hz
[2026-05-23 18:42:33.785] I (185) app_init: Application information:
[2026-05-23 18:42:33.787] I (185) app_init: Project name:     sensor_acquirer
[2026-05-23 18:42:33.789] I (185) app_init: App version:      v1.0-171-gbbe0783
[2026-05-23 18:42:33.790] I (186) app_init: Compile time:     May 23 2026 14:30:40
[2026-05-23 18:42:33.792] I (186) app_init: ELF file SHA256:  0e7d705e7...
[2026-05-23 18:42:33.794] I (187) app_init: ESP-IDF:          v5.4.1
[2026-05-23 18:42:33.795] I (187) efuse_init: Min chip rev:     v0.3
[2026-05-23 18:42:33.796] I (188) efuse_init: Max chip rev:     v1.99
[2026-05-23 18:42:33.797] I (188) efuse_init: Chip rev:         v0.4
[2026-05-23 18:42:33.807] I (189) heap_init: Initializing. RAM available for dynamic allocation:
[2026-05-23 18:42:33.813] I (190) heap_init: At 3FC9C130 len 00023ED0 (143 KiB): RAM
[2026-05-23 18:42:33.817] I (190) heap_init: At 3FCC0000 len 0001C710 (113 KiB): Retention RAM
[2026-05-23 18:42:33.819] I (191) heap_init: At 3FCDC710 len 00002950 (10 KiB): Retention RAM
[2026-05-23 18:42:33.820] I (192) heap_init: At 5000021C len 00001DCC (7 KiB): RTCRAM
[2026-05-23 18:42:33.829] I (193) spi_flash: detected chip: generic
[2026-05-23 18:42:33.830] I (193) spi_flash: flash io: dio
[2026-05-23 18:42:33.832] W (194) spi_flash: Detected size(4096k) larger than the size in the binary image header(2048k). Using the size in the binary image header.
[2026-05-23 18:42:33.833] I (195) sleep_gpio: Configure to isolate all GPIO pins in sleep state
[2026-05-23 18:42:33.835] I (196) sleep_gpio: Enable automatic switching of GPIO sleep configuration
[2026-05-23 18:42:33.835] I (197) main_task: Started on CPU0
[2026-05-23 18:42:33.836] I (197) main_task: Calling app_main()
[2026-05-23 18:42:33.836] WCAN_CFG_WAIT v=1
# UART boot config sent: wcan v=1 role=sensor transport=MULTICAST test_duration_ms=30000 host_wait_time_ms=5000 base=0xd0 count=1 hz=10 linger=100
[2026-05-23 18:42:33.837] WCAN_CFG_WAIT v=1
[2026-05-23 18:42:36.277] WCAN_CFG_ACK
[2026-05-23 18:42:36.279] WCAN_CFG_ACK
[2026-05-23 18:42:36.283] I (2842) pp: pp rom version: 9387209
[2026-05-23 18:42:36.286] I (2843) net80211: net80211 rom version: 9387209
[2026-05-23 18:42:36.293] I (2844) wifi:wifi driver task: 3fca7594, prio:23, stack:6656, core=0
[2026-05-23 18:42:36.297] I (2848) wifi:wifi firmware version: 79fa3f41ba
[2026-05-23 18:42:36.301] I (2848) wifi:wifi certification version: v7.0
[2026-05-23 18:42:36.304] I (2848) wifi:config NVS flash: enabled
[2026-05-23 18:42:36.308] I (2848) wifi:config nano formatting: disabled
[2026-05-23 18:42:36.311] I (2849) wifi:Init data frame dynamic rx buffer num: 32
[2026-05-23 18:42:36.313] I (2849) wifi:Init static rx mgmt buffer num: 5
[2026-05-23 18:42:36.315] I (2850) wifi:Init management short buffer num: 32
[2026-05-23 18:42:36.317] I (2850) wifi:Init dynamic tx buffer num: 32
[2026-05-23 18:42:36.318] I (2851) wifi:Init static tx FG buffer num: 2
[2026-05-23 18:42:36.319] I (2851) wifi:Init static rx buffer size: 1600
[2026-05-23 18:42:36.321] I (2852) wifi:Init static rx buffer num: 10
[2026-05-23 18:42:36.322] I (2852) wifi:Init dynamic rx buffer num: 32
[2026-05-23 18:42:36.323] I (2853) wifi_init: rx ba win: 6
[2026-05-23 18:42:36.324] I (2854) wifi_init: accept mbox: 6
[2026-05-23 18:42:36.325] I (2854) wifi_init: tcpip mbox: 32
[2026-05-23 18:42:36.325] I (2854) wifi_init: udp mbox: 6
[2026-05-23 18:42:36.326] I (2854) wifi_init: tcp mbox: 6
[2026-05-23 18:42:36.327] I (2855) wifi_init: tcp tx win: 5760
[2026-05-23 18:42:36.328] I (2855) wifi_init: tcp rx win: 5760
[2026-05-23 18:42:36.329] I (2856) wifi_init: tcp mss: 1440
[2026-05-23 18:42:36.330] I (2856) wifi_init: WiFi IRAM OP enabled
[2026-05-23 18:42:36.331] I (2856) wifi_init: WiFi RX IRAM OP enabled
[2026-05-23 18:42:36.332] I (2857) phy_init: phy_version 1200,2b7123f9,Feb 18 2025,15:22:21
[2026-05-23 18:42:36.333] I (2892) wifi:mode : sta (54:32:04:8c:0b:8c)
[2026-05-23 18:42:36.334] I (2892) wifi:enable tsf
[2026-05-23 18:42:36.335] I (2895) ESPNOW: espnow [version: 2.0] init
[2026-05-23 18:42:36.335] WCAN_TEST_READY role=sensor
# Waiting for phased test start
# UART test start sent: WCAN_TEST_START at 2026-05-23T18:42:36.347282
[2026-05-23 18:43:06.689] WCAN_BATCH id=0xd0 count=150 avg_hz=5.00 avg_points=1.99 min_points=1 max_points=2 avg_interval_ms=200.00 min_interval_ms=199.94 max_interval_ms=200.03 avg_dispatch_ms=1.68 max_dispatch_ms=4.95 dispatched_count=150 avg_queue_wait_ms=0.14 max_queue_wait_ms=0.28
[2026-05-23 18:43:06.692] WCAN_SENSOR_END generated=298 avg_hz=9.97
[2026-05-23 18:43:06.706] WCAN_MEASURES elapsed_ms=29999 heap_start_free=97564 heap_end_free=109064 heap_start_min_free=97564 heap_end_min_free=96792 heap_start_largest=77824 heap_end_largest=77824 airtime_us_total=250088 packets_sent_total=150 sensor_send_failures_total=0
[2026-05-23 18:43:06.708] WCAN_TEST_END role=sensor

# Monitor stopped: 2026-05-23T18:43:06.708558
