# Monitor started: 2026-05-23T19:55:29.697229
# Port: /dev/ttyACM1, Baud: 921600, Timeout: 35.000s after WCAN_TEST_START

# UART boot config: wcan v=1 role=sensor transport=MULTICAST test_duration_ms=30000 host_wait_time_ms=5000 base=0xe0 count=3 hz=100 linger=100
[2026-05-23 19:55:29.698] ESP-ROM:esp32c3-api1-20210207
[2026-05-23 19:55:29.699] Build:Feb  7 2021
[2026-05-23 19:55:29.702] rst:0x15 (USB_UART_CHIP_RESET),boot:0xd (SPI_FAST_FLASH_BOOT)
[2026-05-23 19:55:29.703] Saved PC:0x40384eba
[2026-05-23 19:55:29.703] SPIWP:0xee
[2026-05-23 19:55:29.706] mode:DIO, clock div:1
[2026-05-23 19:55:29.708] load:0x3fcd5820,len:0x1574
[2026-05-23 19:55:29.711] load:0x403cc710,len:0xc30
[2026-05-23 19:55:29.713] load:0x403ce710,len:0x2fa0
[2026-05-23 19:55:29.713] entry 0x403cc71a
[2026-05-23 19:55:29.717] I (24) boot: ESP-IDF v5.4.1 2nd stage bootloader
[2026-05-23 19:55:29.719] I (24) boot: compile time May 19 2026 23:41:33
[2026-05-23 19:55:29.720] I (25) boot: chip revision: v0.4
[2026-05-23 19:55:29.722] I (25) boot: efuse block revision: v1.3
[2026-05-23 19:55:29.725] I (25) boot.esp32c3: SPI Speed      : 80MHz
[2026-05-23 19:55:29.727] I (25) boot.esp32c3: SPI Mode       : DIO
[2026-05-23 19:55:29.731] I (26) boot.esp32c3: SPI Flash Size : 2MB
[2026-05-23 19:55:29.734] I (26) boot: Enabling RNG early entropy source...
[2026-05-23 19:55:29.740] I (27) boot: Partition Table:
[2026-05-23 19:55:29.745] I (27) boot: ## Label            Usage          Type ST Offset   Length
[2026-05-23 19:55:29.747] I (28) boot:  0 nvs              WiFi data        01 02 00009000 00006000
[2026-05-23 19:55:29.749] I (29) boot:  1 phy_init         RF data          01 01 0000f000 00001000
[2026-05-23 19:55:29.758] I (29) boot:  2 factory          factory app      00 00 00010000 00100000
[2026-05-23 19:55:29.763] I (30) boot: End of partition table
[2026-05-23 19:55:29.766] I (31) esp_image: segment 0: paddr=00010020 vaddr=3c0a0020 size=19850h (104528) map
[2026-05-23 19:55:29.768] I (48) esp_image: segment 1: paddr=00029878 vaddr=3fc95000 size=02da0h ( 11680) load
[2026-05-23 19:55:29.780] I (51) esp_image: segment 2: paddr=0002c620 vaddr=40380000 size=039f8h ( 14840) load
[2026-05-23 19:55:29.783] I (54) esp_image: segment 3: paddr=00030020 vaddr=42000020 size=990b4h (626868) map
[2026-05-23 19:55:29.785] I (154) esp_image: segment 4: paddr=000c90dc vaddr=403839f8 size=114f8h ( 70904) load
[2026-05-23 19:55:29.789] I (168) esp_image: segment 5: paddr=000da5dc vaddr=50000200 size=0001ch (    28) load
[2026-05-23 19:55:29.790] I (174) boot: Loaded app from partition at offset 0x10000
[2026-05-23 19:55:29.792] I (175) boot: Disabling RNG early entropy source...
[2026-05-23 19:55:29.793] I (176) cpu_start: Unicore app
[2026-05-23 19:55:29.794] I (185) cpu_start: Pro cpu start user code
[2026-05-23 19:55:29.795] I (185) cpu_start: cpu freq: 160000000 Hz
[2026-05-23 19:55:29.798] I (185) app_init: Application information:
[2026-05-23 19:55:29.801] I (185) app_init: Project name:     sensor_acquirer
[2026-05-23 19:55:29.802] I (185) app_init: App version:      v1.0-171-gbbe0783
[2026-05-23 19:55:29.804] I (186) app_init: Compile time:     May 23 2026 14:30:40
[2026-05-23 19:55:29.805] I (186) app_init: ELF file SHA256:  0e7d705e7...
[2026-05-23 19:55:29.807] I (187) app_init: ESP-IDF:          v5.4.1
[2026-05-23 19:55:29.808] I (187) efuse_init: Min chip rev:     v0.3
[2026-05-23 19:55:29.810] I (188) efuse_init: Max chip rev:     v1.99
[2026-05-23 19:55:29.813] I (188) efuse_init: Chip rev:         v0.4
[2026-05-23 19:55:29.814] I (189) heap_init: Initializing. RAM available for dynamic allocation:
[2026-05-23 19:55:29.816] I (190) heap_init: At 3FC9C130 len 00023ED0 (143 KiB): RAM
[2026-05-23 19:55:29.818] I (190) heap_init: At 3FCC0000 len 0001C710 (113 KiB): Retention RAM
[2026-05-23 19:55:29.823] I (191) heap_init: At 3FCDC710 len 00002950 (10 KiB): Retention RAM
[2026-05-23 19:55:29.826] I (192) heap_init: At 5000021C len 00001DCC (7 KiB): RTCRAM
[2026-05-23 19:55:29.830] I (193) spi_flash: detected chip: generic
[2026-05-23 19:55:29.832] I (193) spi_flash: flash io: dio
[2026-05-23 19:55:29.838] W (194) spi_flash: Detected size(4096k) larger than the size in the binary image header(2048k). Using the size in the binary image header.
[2026-05-23 19:55:29.840] I (195) sleep_gpio: Configure to isolate all GPIO pins in sleep state
[2026-05-23 19:55:29.853] I (196) sleep_gpio: Enable automatic switching of GPIO sleep configuration
[2026-05-23 19:55:29.856] I (197) main_task: Started on CPU0
[2026-05-23 19:55:29.858] I (197) main_task: Calling app_main()
[2026-05-23 19:55:29.858] WCAN_CFG_WAIT v=1
# UART boot config sent: wcan v=1 role=sensor transport=MULTICAST test_duration_ms=30000 host_wait_time_ms=5000 base=0xe0 count=3 hz=100 linger=100
[2026-05-23 19:55:29.861] WCAN_CFG_WAIT v=1
[2026-05-23 19:55:32.316] WCAN_CFG_ACK
[2026-05-23 19:55:32.318] WCAN_CFG_ACK
[2026-05-23 19:55:32.324] I (2822) pp: pp rom version: 9387209
[2026-05-23 19:55:32.328] I (2823) net80211: net80211 rom version: 9387209
[2026-05-23 19:55:32.337] I (2824) wifi:wifi driver task: 3fca7510, prio:23, stack:6656, core=0
[2026-05-23 19:55:32.343] I (2828) wifi:wifi firmware version: 79fa3f41ba
[2026-05-23 19:55:32.348] I (2828) wifi:wifi certification version: v7.0
[2026-05-23 19:55:32.351] I (2828) wifi:config NVS flash: enabled
[2026-05-23 19:55:32.355] I (2828) wifi:config nano formatting: disabled
[2026-05-23 19:55:32.358] I (2829) wifi:Init data frame dynamic rx buffer num: 32
[2026-05-23 19:55:32.360] I (2829) wifi:Init static rx mgmt buffer num: 5
[2026-05-23 19:55:32.361] I (2830) wifi:Init management short buffer num: 32
[2026-05-23 19:55:32.363] I (2830) wifi:Init dynamic tx buffer num: 32
[2026-05-23 19:55:32.364] I (2831) wifi:Init static tx FG buffer num: 2
[2026-05-23 19:55:32.365] I (2831) wifi:Init static rx buffer size: 1600
[2026-05-23 19:55:32.367] I (2832) wifi:Init static rx buffer num: 10
[2026-05-23 19:55:32.368] I (2832) wifi:Init dynamic rx buffer num: 32
[2026-05-23 19:55:32.369] I (2833) wifi_init: rx ba win: 6
[2026-05-23 19:55:32.370] I (2834) wifi_init: accept mbox: 6
[2026-05-23 19:55:32.370] I (2834) wifi_init: tcpip mbox: 32
[2026-05-23 19:55:32.371] I (2834) wifi_init: udp mbox: 6
[2026-05-23 19:55:32.372] I (2834) wifi_init: tcp mbox: 6
[2026-05-23 19:55:32.373] I (2835) wifi_init: tcp tx win: 5760
[2026-05-23 19:55:32.374] I (2835) wifi_init: tcp rx win: 5760
[2026-05-23 19:55:32.375] I (2836) wifi_init: tcp mss: 1440
[2026-05-23 19:55:32.376] I (2836) wifi_init: WiFi IRAM OP enabled
[2026-05-23 19:55:32.377] I (2836) wifi_init: WiFi RX IRAM OP enabled
[2026-05-23 19:55:32.378] I (2837) phy_init: phy_version 1200,2b7123f9,Feb 18 2025,15:22:21
[2026-05-23 19:55:32.379] I (2872) wifi:mode : sta (74:4d:bd:e1:d5:b8)
[2026-05-23 19:55:32.380] I (2872) wifi:enable tsf
[2026-05-23 19:55:32.381] I (2875) ESPNOW: espnow [version: 2.0] init
[2026-05-23 19:55:32.381] WCAN_TEST_READY role=sensor
# Waiting for phased test start
# UART test start sent: WCAN_TEST_START at 2026-05-23T19:55:32.392616
[2026-05-23 19:56:02.718] WCAN_BATCH id=0xe0 count=272 avg_hz=9.09 avg_points=11.00 min_points=11 max_points=11 avg_interval_ms=110.00 min_interval_ms=109.97 max_interval_ms=110.05 avg_dispatch_ms=2.43 max_dispatch_ms=7.85 dispatched_count=272 avg_queue_wait_ms=0.14 max_queue_wait_ms=0.28
[2026-05-23 19:56:02.722] WCAN_BATCH id=0xe1 count=272 avg_hz=9.09 avg_points=11.00 min_points=11 max_points=11 avg_interval_ms=110.00 min_interval_ms=109.95 max_interval_ms=110.06 avg_dispatch_ms=2.87 max_dispatch_ms=11.32 dispatched_count=272 avg_queue_wait_ms=2.62 max_queue_wait_ms=8.09
[2026-05-23 19:56:02.727] WCAN_BATCH id=0xe2 count=272 avg_hz=9.09 avg_points=11.00 min_points=11 max_points=11 avg_interval_ms=110.00 min_interval_ms=109.95 max_interval_ms=110.06 avg_dispatch_ms=2.53 max_dispatch_ms=6.42 dispatched_count=272 avg_queue_wait_ms=5.56 max_queue_wait_ms=14.02
[2026-05-23 19:56:02.728] WCAN_SENSOR_END generated=2998 avg_hz=99.97
[2026-05-23 19:56:02.730] WCAN_MEASURES elapsed_ms=29999 heap_start_free=66428 heap_end_free=82460 heap_start_min_free=66428 heap_end_min_free=65140 heap_start_largest=47104 heap_end_largest=47104 airtime_us_total=2120179 packets_sent_total=816 sensor_send_failures_total=0
[2026-05-23 19:56:02.730] WCAN_TEST_END role=sensor

# Monitor stopped: 2026-05-23T19:56:02.730477
