# Monitor started: 2026-05-23T19:56:53.184589
# Port: /dev/ttyACM1, Baud: 921600, Timeout: 35.000s after WCAN_TEST_START

# UART boot config: wcan v=1 role=sensor transport=MULTICAST test_duration_ms=30000 host_wait_time_ms=5000 base=0xe0 count=3 hz=100 linger=100
[2026-05-23 19:56:53.191] ESP-ROM:esp32c3-api1-20210207
[2026-05-23 19:56:53.196] Build:Feb  7 2021
[2026-05-23 19:56:53.215] rst:0x15 (USB_UART_CHIP_RESET),boot:0xd (SPI_FAST_FLASH_BOOT)
[2026-05-23 19:56:53.219] Saved PC:0x40384eba
[2026-05-23 19:56:53.223] SPIWP:0xee
[2026-05-23 19:56:53.234] mode:DIO, clock div:1
[2026-05-23 19:56:53.245] load:0x3fcd5820,len:0x1574
[2026-05-23 19:56:53.251] load:0x403cc710,len:0xc30
[2026-05-23 19:56:53.255] load:0x403ce710,len:0x2fa0
[2026-05-23 19:56:53.256] entry 0x403cc71a
[2026-05-23 19:56:53.257] I (24) boot: ESP-IDF v5.4.1 2nd stage bootloader
[2026-05-23 19:56:53.263] I (24) boot: compile time May 19 2026 23:41:33
[2026-05-23 19:56:53.266] I (25) boot: chip revision: v0.4
[2026-05-23 19:56:53.268] I (25) boot: efuse block revision: v1.3
[2026-05-23 19:56:53.277] I (25) boot.esp32c3: SPI Speed      : 80MHz
[2026-05-23 19:56:53.280] I (25) boot.esp32c3: SPI Mode       : DIO
[2026-05-23 19:56:53.282] I (26) boot.esp32c3: SPI Flash Size : 2MB
[2026-05-23 19:56:53.284] I (26) boot: Enabling RNG early entropy source...
[2026-05-23 19:56:53.285] I (27) boot: Partition Table:
[2026-05-23 19:56:53.287] I (27) boot: ## Label            Usage          Type ST Offset   Length
[2026-05-23 19:56:53.288] I (28) boot:  0 nvs              WiFi data        01 02 00009000 00006000
[2026-05-23 19:56:53.290] I (29) boot:  1 phy_init         RF data          01 01 0000f000 00001000
[2026-05-23 19:56:53.292] I (29) boot:  2 factory          factory app      00 00 00010000 00100000
[2026-05-23 19:56:53.293] I (30) boot: End of partition table
[2026-05-23 19:56:53.301] I (31) esp_image: segment 0: paddr=00010020 vaddr=3c0a0020 size=19850h (104528) map
[2026-05-23 19:56:53.310] I (48) esp_image: segment 1: paddr=00029878 vaddr=3fc95000 size=02da0h ( 11680) load
[2026-05-23 19:56:53.324] I (51) esp_image: segment 2: paddr=0002c620 vaddr=40380000 size=039f8h ( 14840) load
[2026-05-23 19:56:53.335] I (54) esp_image: segment 3: paddr=00030020 vaddr=42000020 size=990b4h (626868) map
[2026-05-23 19:56:53.342] I (154) esp_image: segment 4: paddr=000c90dc vaddr=403839f8 size=114f8h ( 70904) load
[2026-05-23 19:56:53.344] I (168) esp_image: segment 5: paddr=000da5dc vaddr=50000200 size=0001ch (    28) load
[2026-05-23 19:56:53.348] I (174) boot: Loaded app from partition at offset 0x10000
[2026-05-23 19:56:53.351] I (175) boot: Disabling RNG early entropy source...
[2026-05-23 19:56:53.352] I (176) cpu_start: Unicore app
[2026-05-23 19:56:53.353] I (185) cpu_start: Pro cpu start user code
[2026-05-23 19:56:53.354] I (185) cpu_start: cpu freq: 160000000 Hz
[2026-05-23 19:56:53.355] I (185) app_init: Application information:
[2026-05-23 19:56:53.359] I (185) app_init: Project name:     sensor_acquirer
[2026-05-23 19:56:53.362] I (185) app_init: App version:      v1.0-171-gbbe0783
[2026-05-23 19:56:53.366] I (186) app_init: Compile time:     May 23 2026 14:30:40
[2026-05-23 19:56:53.373] I (186) app_init: ELF file SHA256:  0e7d705e7...
[2026-05-23 19:56:53.384] I (187) app_init: ESP-IDF:          v5.4.1
[2026-05-23 19:56:53.386] I (187) efuse_init: Min chip rev:     v0.3
[2026-05-23 19:56:53.388] I (188) efuse_init: Max chip rev:     v1.99
[2026-05-23 19:56:53.390] I (188) efuse_init: Chip rev:         v0.4
[2026-05-23 19:56:53.392] I (189) heap_init: Initializing. RAM available for dynamic allocation:
[2026-05-23 19:56:53.394] I (190) heap_init: At 3FC9C130 len 00023ED0 (143 KiB): RAM
[2026-05-23 19:56:53.396] I (190) heap_init: At 3FCC0000 len 0001C710 (113 KiB): Retention RAM
[2026-05-23 19:56:53.397] I (191) heap_init: At 3FCDC710 len 00002950 (10 KiB): Retention RAM
[2026-05-23 19:56:53.398] I (192) heap_init: At 5000021C len 00001DCC (7 KiB): RTCRAM
[2026-05-23 19:56:53.399] I (193) spi_flash: detected chip: generic
[2026-05-23 19:56:53.399] I (194) spi_flash: flash io: dio
[2026-05-23 19:56:53.401] W (194) spi_flash: Detected size(4096k) larger than the size in the binary image header(2048k). Using the size in the binary image header.
[2026-05-23 19:56:53.402] I (195) sleep_gpio: Configure to isolate all GPIO pins in sleep state
[2026-05-23 19:56:53.402] I (196) sleep_gpio: Enable automatic switching of GPIO sleep configuration
[2026-05-23 19:56:53.403] I (197) main_task: Started on CPU0
[2026-05-23 19:56:53.403] I (197) main_task: Calling app_main()
[2026-05-23 19:56:53.403] WCAN_CFG_WAIT v=1
# UART boot config sent: wcan v=1 role=sensor transport=MULTICAST test_duration_ms=30000 host_wait_time_ms=5000 base=0xe0 count=3 hz=100 linger=100
[2026-05-23 19:56:53.403] WCAN_CFG_WAIT v=1
[2026-05-23 19:56:55.843] WCAN_CFG_ACK
[2026-05-23 19:56:55.844] WCAN_CFG_ACK
[2026-05-23 19:56:55.849] I (2863) pp: pp rom version: 9387209
[2026-05-23 19:56:55.849] I (2864) net80211: net80211 rom version: 9387209
[2026-05-23 19:56:55.850] I (2865) wifi:wifi driver task: 3fca7510, prio:23, stack:6656, core=0
[2026-05-23 19:56:55.854] I (2869) wifi:wifi firmware version: 79fa3f41ba
[2026-05-23 19:56:55.855] I (2869) wifi:wifi certification version: v7.0
[2026-05-23 19:56:55.856] I (2869) wifi:config NVS flash: enabled
[2026-05-23 19:56:55.857] I (2869) wifi:config nano formatting: disabled
[2026-05-23 19:56:55.858] I (2870) wifi:Init data frame dynamic rx buffer num: 32
[2026-05-23 19:56:55.859] I (2870) wifi:Init static rx mgmt buffer num: 5
[2026-05-23 19:56:55.860] I (2871) wifi:Init management short buffer num: 32
[2026-05-23 19:56:55.862] I (2871) wifi:Init dynamic tx buffer num: 32
[2026-05-23 19:56:55.863] I (2872) wifi:Init static tx FG buffer num: 2
[2026-05-23 19:56:55.865] I (2872) wifi:Init static rx buffer size: 1600
[2026-05-23 19:56:55.866] I (2873) wifi:Init static rx buffer num: 10
[2026-05-23 19:56:55.867] I (2873) wifi:Init dynamic rx buffer num: 32
[2026-05-23 19:56:55.868] I (2874) wifi_init: rx ba win: 6
[2026-05-23 19:56:55.869] I (2875) wifi_init: accept mbox: 6
[2026-05-23 19:56:55.870] I (2875) wifi_init: tcpip mbox: 32
[2026-05-23 19:56:55.871] I (2875) wifi_init: udp mbox: 6
[2026-05-23 19:56:55.872] I (2875) wifi_init: tcp mbox: 6
[2026-05-23 19:56:55.872] I (2876) wifi_init: tcp tx win: 5760
[2026-05-23 19:56:55.872] I (2876) wifi_init: tcp rx win: 5760
[2026-05-23 19:56:55.872] I (2877) wifi_init: tcp mss: 1440
[2026-05-23 19:56:55.873] I (2877) wifi_init: WiFi IRAM OP enabled
[2026-05-23 19:56:55.873] I (2877) wifi_init: WiFi RX IRAM OP enabled
[2026-05-23 19:56:55.874] I (2878) phy_init: phy_version 1200,2b7123f9,Feb 18 2025,15:22:21
[2026-05-23 19:56:55.898] I (2913) wifi:mode : sta (74:4d:bd:e1:d5:b8)
[2026-05-23 19:56:55.898] I (2913) wifi:enable tsf
[2026-05-23 19:56:55.902] I (2916) ESPNOW: espnow [version: 2.0] init
[2026-05-23 19:56:55.902] WCAN_TEST_READY role=sensor
# Waiting for phased test start
# UART test start sent: WCAN_TEST_START at 2026-05-23T19:57:13.295432
[2026-05-23 19:57:43.620] WCAN_BATCH id=0xe0 count=272 avg_hz=9.09 avg_points=11.00 min_points=11 max_points=11 avg_interval_ms=110.00 min_interval_ms=109.87 max_interval_ms=110.13 avg_dispatch_ms=2.95 max_dispatch_ms=10.03 dispatched_count=272 avg_queue_wait_ms=0.13 max_queue_wait_ms=0.31
[2026-05-23 19:57:43.634] WCAN_BATCH id=0xe1 count=272 avg_hz=9.09 avg_points=11.00 min_points=11 max_points=11 avg_interval_ms=110.00 min_interval_ms=109.85 max_interval_ms=110.13 avg_dispatch_ms=2.64 max_dispatch_ms=6.64 dispatched_count=272 avg_queue_wait_ms=3.12 max_queue_wait_ms=10.22
[2026-05-23 19:57:43.645] WCAN_BATCH id=0xe2 count=272 avg_hz=9.09 avg_points=11.00 min_points=11 max_points=11 avg_interval_ms=110.00 min_interval_ms=109.85 max_interval_ms=110.13 avg_dispatch_ms=2.66 max_dispatch_ms=5.80 dispatched_count=272 avg_queue_wait_ms=5.82 max_queue_wait_ms=12.80
[2026-05-23 19:57:43.646] WCAN_SENSOR_END generated=2998 avg_hz=99.97
[2026-05-23 19:57:43.652] WCAN_MEASURES elapsed_ms=29999 heap_start_free=66428 heap_end_free=82648 heap_start_min_free=66244 heap_end_min_free=66116 heap_start_largest=47104 heap_end_largest=47104 airtime_us_total=2233360 packets_sent_total=816 sensor_send_failures_total=0
[2026-05-23 19:57:43.653] WCAN_TEST_END role=sensor

# Monitor stopped: 2026-05-23T19:57:43.653429
