# Monitor started: 2026-05-23T14:55:57.596057
# Port: /dev/ttyACM0, Baud: 921600, Timeout: 35.000s after WCAN_TEST_START

# UART boot config: wcan v=1 role=sensor transport=BROADCAST test_duration_ms=30000 host_wait_time_ms=5000 base=0xd0 count=1 hz=100 linger=100
[2026-05-23 14:55:57.604] ESP-ROM:esp32c3-api1-20210207
[2026-05-23 14:55:57.610] Build:Feb  7 2021
[2026-05-23 14:55:57.632] rst:0x15 (USB_UART_CHIP_RESET),boot:0xd (SPI_FAST_FLASH_BOOT)
[2026-05-23 14:55:57.644] Saved PC:0x40384eba
[2026-05-23 14:55:57.648] SPIWP:0xee
[2026-05-23 14:55:57.662] mode:DIO, clock div:1
[2026-05-23 14:55:57.668] load:0x3fcd5820,len:0x1574
[2026-05-23 14:55:57.680] load:0x403cc710,len:0xc30
[2026-05-23 14:55:57.688] load:0x403ce710,len:0x2fa0
[2026-05-23 14:55:57.689] entry 0x403cc71a
[2026-05-23 14:55:57.690] I (24) boot: ESP-IDF v5.4.1 2nd stage bootloader
[2026-05-23 14:55:57.692] I (24) boot: compile time May 20 2026 00:05:32
[2026-05-23 14:55:57.693] I (25) boot: chip revision: v0.4
[2026-05-23 14:55:57.694] I (25) boot: efuse block revision: v1.3
[2026-05-23 14:55:57.695] I (25) boot.esp32c3: SPI Speed      : 80MHz
[2026-05-23 14:55:57.696] I (25) boot.esp32c3: SPI Mode       : DIO
[2026-05-23 14:55:57.700] I (26) boot.esp32c3: SPI Flash Size : 2MB
[2026-05-23 14:55:57.701] I (26) boot: Enabling RNG early entropy source...
[2026-05-23 14:55:57.702] I (27) boot: Partition Table:
[2026-05-23 14:55:57.711] I (27) boot: ## Label            Usage          Type ST Offset   Length
[2026-05-23 14:55:57.714] I (28) boot:  0 nvs              WiFi data        01 02 00009000 00006000
[2026-05-23 14:55:57.717] I (29) boot:  1 phy_init         RF data          01 01 0000f000 00001000
[2026-05-23 14:55:57.725] I (29) boot:  2 factory          factory app      00 00 00010000 00100000
[2026-05-23 14:55:57.729] I (30) boot: End of partition table
[2026-05-23 14:55:57.734] I (31) esp_image: segment 0: paddr=00010020 vaddr=3c0a0020 size=1977ch (104316) map
[2026-05-23 14:55:57.745] I (48) esp_image: segment 1: paddr=000297a4 vaddr=3fc95200 size=02da0h ( 11680) load
[2026-05-23 14:55:57.748] I (51) esp_image: segment 2: paddr=0002c54c vaddr=40380000 size=03acch ( 15052) load
[2026-05-23 14:55:57.750] I (54) esp_image: segment 3: paddr=00030020 vaddr=42000020 size=9942ch (627756) map
[2026-05-23 14:55:57.751] I (154) esp_image: segment 4: paddr=000c9454 vaddr=40383acc size=11614h ( 71188) load
[2026-05-23 14:55:57.753] I (168) esp_image: segment 5: paddr=000daa70 vaddr=50000200 size=0001ch (    28) load
[2026-05-23 14:55:57.762] I (175) boot: Loaded app from partition at offset 0x10000
[2026-05-23 14:55:57.769] I (175) boot: Disabling RNG early entropy source...
[2026-05-23 14:55:57.771] I (176) cpu_start: Unicore app
[2026-05-23 14:55:57.772] I (185) cpu_start: Pro cpu start user code
[2026-05-23 14:55:57.774] I (185) cpu_start: cpu freq: 160000000 Hz
[2026-05-23 14:55:57.777] I (185) app_init: Application information:
[2026-05-23 14:55:57.778] I (185) app_init: Project name:     sensor_acquirer
[2026-05-23 14:55:57.780] I (185) app_init: App version:      v1.0-171-gbbe0783
[2026-05-23 14:55:57.783] I (186) app_init: Compile time:     May 23 2026 14:30:31
[2026-05-23 14:55:57.786] I (186) app_init: ELF file SHA256:  493679023...
[2026-05-23 14:55:57.788] I (187) app_init: ESP-IDF:          v5.4.1
[2026-05-23 14:55:57.792] I (187) efuse_init: Min chip rev:     v0.3
[2026-05-23 14:55:57.793] I (188) efuse_init: Max chip rev:     v1.99
[2026-05-23 14:55:57.796] I (188) efuse_init: Chip rev:         v0.4
[2026-05-23 14:55:57.801] I (189) heap_init: Initializing. RAM available for dynamic allocation:
[2026-05-23 14:55:57.806] I (190) heap_init: At 3FC9C340 len 00023CC0 (143 KiB): RAM
[2026-05-23 14:55:57.808] I (190) heap_init: At 3FCC0000 len 0001C710 (113 KiB): Retention RAM
[2026-05-23 14:55:57.809] I (191) heap_init: At 3FCDC710 len 00002950 (10 KiB): Retention RAM
[2026-05-23 14:55:57.813] I (192) heap_init: At 5000021C len 00001DCC (7 KiB): RTCRAM
[2026-05-23 14:55:57.815] I (193) spi_flash: detected chip: generic
[2026-05-23 14:55:57.816] I (193) spi_flash: flash io: dio
[2026-05-23 14:55:57.820] W (194) spi_flash: Detected size(4096k) larger than the size in the binary image header(2048k). Using the size in the binary image header.
[2026-05-23 14:55:57.821] I (195) sleep_gpio: Configure to isolate all GPIO pins in sleep state
[2026-05-23 14:55:57.822] I (196) sleep_gpio: Enable automatic switching of GPIO sleep configuration
[2026-05-23 14:55:57.822] I (197) main_task: Started on CPU0
[2026-05-23 14:55:57.823] I (197) main_task: Calling app_main()
[2026-05-23 14:55:57.823] WCAN_CFG_WAIT v=1
# UART boot config sent: wcan v=1 role=sensor transport=BROADCAST test_duration_ms=30000 host_wait_time_ms=5000 base=0xd0 count=1 hz=100 linger=100
[2026-05-23 14:55:57.823] WCAN_CFG_WAIT v=1
[2026-05-23 14:56:00.263] WCAN_CFG_ACK
[2026-05-23 14:56:00.264] WCAN_CFG_ACK
[2026-05-23 14:56:00.270] I (2871) pp: pp rom version: 9387209
[2026-05-23 14:56:00.275] I (2872) net80211: net80211 rom version: 9387209
[2026-05-23 14:56:00.282] I (2873) wifi:wifi driver task: 3fca77a4, prio:23, stack:6656, core=0
[2026-05-23 14:56:00.286] I (2877) wifi:wifi firmware version: 79fa3f41ba
[2026-05-23 14:56:00.289] I (2877) wifi:wifi certification version: v7.0
[2026-05-23 14:56:00.293] I (2877) wifi:config NVS flash: enabled
[2026-05-23 14:56:00.296] I (2877) wifi:config nano formatting: disabled
[2026-05-23 14:56:00.300] I (2878) wifi:Init data frame dynamic rx buffer num: 32
[2026-05-23 14:56:00.302] I (2878) wifi:Init static rx mgmt buffer num: 5
[2026-05-23 14:56:00.304] I (2879) wifi:Init management short buffer num: 32
[2026-05-23 14:56:00.306] I (2879) wifi:Init dynamic tx buffer num: 32
[2026-05-23 14:56:00.307] I (2880) wifi:Init static tx FG buffer num: 2
[2026-05-23 14:56:00.309] I (2881) wifi:Init static rx buffer size: 1600
[2026-05-23 14:56:00.311] I (2881) wifi:Init static rx buffer num: 10
[2026-05-23 14:56:00.313] I (2881) wifi:Init dynamic rx buffer num: 32
[2026-05-23 14:56:00.314] I (2883) wifi_init: rx ba win: 6
[2026-05-23 14:56:00.315] I (2883) wifi_init: accept mbox: 6
[2026-05-23 14:56:00.316] I (2883) wifi_init: tcpip mbox: 32
[2026-05-23 14:56:00.317] I (2883) wifi_init: udp mbox: 6
[2026-05-23 14:56:00.318] I (2883) wifi_init: tcp mbox: 6
[2026-05-23 14:56:00.319] I (2884) wifi_init: tcp tx win: 5760
[2026-05-23 14:56:00.320] I (2884) wifi_init: tcp rx win: 5760
[2026-05-23 14:56:00.321] I (2885) wifi_init: tcp mss: 1440
[2026-05-23 14:56:00.322] I (2885) wifi_init: WiFi IRAM OP enabled
[2026-05-23 14:56:00.323] I (2885) wifi_init: WiFi RX IRAM OP enabled
[2026-05-23 14:56:00.324] I (2886) phy_init: phy_version 1200,2b7123f9,Feb 18 2025,15:22:21
[2026-05-23 14:56:00.325] I (2924) wifi:mode : sta (54:32:04:8c:0b:8c)
[2026-05-23 14:56:00.325] I (2925) wifi:enable tsf
[2026-05-23 14:56:00.326] I (2928) ESPNOW: espnow [version: 2.0] init
[2026-05-23 14:56:00.326] WCAN_TEST_READY role=sensor
# Waiting for phased test start
# UART test start sent: WCAN_TEST_START at 2026-05-23T14:56:00.342006
[2026-05-23 14:56:07.357] P(FAIL):9763:d0:57:627:637:11
[2026-05-23 14:56:11.427] P(FAIL):13833:d0:94:1034:1044:11
[2026-05-23 14:56:19.981] P(FAIL):22387:d0:171:1881:1891:11
[2026-05-23 14:56:28.780] P(FAIL):31186:d0:252:2772:2782:11
[2026-05-23 14:56:29.507] P(FAIL):31913:d0:258:2838:2848:11
[2026-05-23 14:56:29.811] P(FAIL):32217:d0:259:2849:2859:11
[2026-05-23 14:56:30.143] P(FAIL):32550:d0:264:2904:2914:11
[2026-05-23 14:56:30.668] P(FAIL):33074:d0:269:2959:2969:11
[2026-05-23 14:56:31.468] P(FAIL):33874:d0:270:2970:2980:11
[2026-05-23 14:56:31.663] WCAN_BATCH id=0xd0 count=273 avg_hz=9.09 avg_points=10.99 min_points=7 max_points=11 avg_interval_ms=110.00 min_interval_ms=109.89 max_interval_ms=110.12 avg_dispatch_ms=1.55 max_dispatch_ms=8.63 dispatched_count=294 avg_queue_wait_ms=28.74 max_queue_wait_ms=495.75
[2026-05-23 14:56:31.666] WCAN_SENSOR_END generated=2998 avg_hz=99.97
[2026-05-23 14:56:31.672] WCAN_MEASURES elapsed_ms=29999 heap_start_free=126648 heap_end_free=141360 heap_start_min_free=126588 heap_end_min_free=126288 heap_start_largest=98304 heap_end_largest=98304 airtime_us_total=451798 packets_sent_total=294 sensor_send_failures_total=0
[2026-05-23 14:56:31.673] WCAN_TEST_END role=sensor

# Monitor stopped: 2026-05-23T14:56:31.673780
