# Monitor started: 2026-05-23T16:55:27.047073
# Port: /dev/ttyACM1, Baud: 921600, Timeout: 35.000s after WCAN_TEST_START

# UART boot config: wcan v=1 role=idle transport=BROADCAST test_duration_ms=30000 host_wait_time_ms=5000
[2026-05-23 16:55:27.056] ESP-ROM:esp32c3-api1-20210207
[2026-05-23 16:55:27.064] Build:Feb  7 2021
[2026-05-23 16:55:27.088] rst:0x15 (USB_UART_CHIP_RESET),boot:0xd (SPI_FAST_FLASH_BOOT)
[2026-05-23 16:55:27.092] Saved PC:0x40384eba
[2026-05-23 16:55:27.098] SPIWP:0xee
[2026-05-23 16:55:27.106] mode:DIO, clock div:1
[2026-05-23 16:55:27.115] load:0x3fcd5820,len:0x1574
[2026-05-23 16:55:27.121] load:0x403cc710,len:0xc30
[2026-05-23 16:55:27.126] load:0x403ce710,len:0x2fa0
[2026-05-23 16:55:27.127] entry 0x403cc71a
[2026-05-23 16:55:27.129] I (24) boot: ESP-IDF v5.4.1 2nd stage bootloader
[2026-05-23 16:55:27.135] I (24) boot: compile time May 20 2026 00:05:32
[2026-05-23 16:55:27.138] I (25) boot: chip revision: v0.4
[2026-05-23 16:55:27.143] I (25) boot: efuse block revision: v1.3
[2026-05-23 16:55:27.149] I (25) boot.esp32c3: SPI Speed      : 80MHz
[2026-05-23 16:55:27.150] I (25) boot.esp32c3: SPI Mode       : DIO
[2026-05-23 16:55:27.151] I (26) boot.esp32c3: SPI Flash Size : 2MB
[2026-05-23 16:55:27.162] I (26) boot: Enabling RNG early entropy source...
[2026-05-23 16:55:27.166] I (27) boot: Partition Table:
[2026-05-23 16:55:27.170] I (27) boot: ## Label            Usage          Type ST Offset   Length
[2026-05-23 16:55:27.176] I (28) boot:  0 nvs              WiFi data        01 02 00009000 00006000
[2026-05-23 16:55:27.179] I (29) boot:  1 phy_init         RF data          01 01 0000f000 00001000
[2026-05-23 16:55:27.183] I (29) boot:  2 factory          factory app      00 00 00010000 00100000
[2026-05-23 16:55:27.184] I (30) boot: End of partition table
[2026-05-23 16:55:27.187] I (31) esp_image: segment 0: paddr=00010020 vaddr=3c0a0020 size=1977ch (104316) map
[2026-05-23 16:55:27.188] I (48) esp_image: segment 1: paddr=000297a4 vaddr=3fc95200 size=02da0h ( 11680) load
[2026-05-23 16:55:27.191] I (51) esp_image: segment 2: paddr=0002c54c vaddr=40380000 size=03acch ( 15052) load
[2026-05-23 16:55:27.193] I (54) esp_image: segment 3: paddr=00030020 vaddr=42000020 size=9942ch (627756) map
[2026-05-23 16:55:27.195] I (154) esp_image: segment 4: paddr=000c9454 vaddr=40383acc size=11614h ( 71188) load
[2026-05-23 16:55:27.203] I (168) esp_image: segment 5: paddr=000daa70 vaddr=50000200 size=0001ch (    28) load
[2026-05-23 16:55:27.208] I (175) boot: Loaded app from partition at offset 0x10000
[2026-05-23 16:55:27.211] I (175) boot: Disabling RNG early entropy source...
[2026-05-23 16:55:27.213] I (176) cpu_start: Unicore app
[2026-05-23 16:55:27.215] I (185) cpu_start: Pro cpu start user code
[2026-05-23 16:55:27.222] I (185) cpu_start: cpu freq: 160000000 Hz
[2026-05-23 16:55:27.226] I (185) app_init: Application information:
[2026-05-23 16:55:27.231] I (185) app_init: Project name:     sensor_acquirer
[2026-05-23 16:55:27.235] I (185) app_init: App version:      v1.0-171-gbbe0783
[2026-05-23 16:55:27.238] I (186) app_init: Compile time:     May 23 2026 14:30:31
[2026-05-23 16:55:27.242] I (187) app_init: ELF file SHA256:  493679023...
[2026-05-23 16:55:27.243] I (187) app_init: ESP-IDF:          v5.4.1
[2026-05-23 16:55:27.244] I (188) efuse_init: Min chip rev:     v0.3
[2026-05-23 16:55:27.245] I (188) efuse_init: Max chip rev:     v1.99
[2026-05-23 16:55:27.246] I (189) efuse_init: Chip rev:         v0.4
[2026-05-23 16:55:27.248] I (189) heap_init: Initializing. RAM available for dynamic allocation:
[2026-05-23 16:55:27.250] I (190) heap_init: At 3FC9C340 len 00023CC0 (143 KiB): RAM
[2026-05-23 16:55:27.251] I (191) heap_init: At 3FCC0000 len 0001C710 (113 KiB): Retention RAM
[2026-05-23 16:55:27.252] I (191) heap_init: At 3FCDC710 len 00002950 (10 KiB): Retention RAM
[2026-05-23 16:55:27.253] I (192) heap_init: At 5000021C len 00001DCC (7 KiB): RTCRAM
[2026-05-23 16:55:27.254] I (194) spi_flash: detected chip: generic
[2026-05-23 16:55:27.254] I (194) spi_flash: flash io: dio
[2026-05-23 16:55:27.257] W (194) spi_flash: Detected size(4096k) larger than the size in the binary image header(2048k). Using the size in the binary image header.
[2026-05-23 16:55:27.258] I (196) sleep_gpio: Configure to isolate all GPIO pins in sleep state
[2026-05-23 16:55:27.259] I (196) sleep_gpio: Enable automatic switching of GPIO sleep configuration
[2026-05-23 16:55:27.260] I (197) main_task: Started on CPU0
[2026-05-23 16:55:27.261] I (197) main_task: Calling app_main()
[2026-05-23 16:55:27.261] WCAN_CFG_WAIT v=1
# UART boot config sent: wcan v=1 role=idle transport=BROADCAST test_duration_ms=30000 host_wait_time_ms=5000
[2026-05-23 16:55:27.262] WCAN_CFG_WAIT v=1
[2026-05-23 16:55:28.945] WCAN_CFG_ACK
[2026-05-23 16:55:28.945] WCAN_CFG_ACK
[2026-05-23 16:55:28.945] WCAN_TEST_READY role=idle
# Waiting for phased test start
# UART test start sent: WCAN_TEST_START at 2026-05-23T16:55:29.744778
[2026-05-23 16:55:30.044] WCAN_TEST_END role=idle

# Monitor stopped: 2026-05-23T16:55:30.045034
