# Monitor started: 2026-05-23T16:55:27.045478
# Port: /dev/ttyACM0, Baud: 921600, Timeout: 35.000s after WCAN_TEST_START

# UART boot config: wcan v=1 role=sensor transport=BROADCAST test_duration_ms=30000 host_wait_time_ms=5000 base=0xd0 count=1 hz=100 linger=0
[2026-05-23 16:55:27.052] ESP-ROM:esp32c3-api1-20210207
[2026-05-23 16:55:27.056] Build:Feb  7 2021
[2026-05-23 16:55:27.077] rst:0x15 (USB_UART_CHIP_RESET),boot:0xd (SPI_FAST_FLASH_BOOT)
[2026-05-23 16:55:27.082] Saved PC:0x40384eba
[2026-05-23 16:55:27.087] SPIWP:0xee
[2026-05-23 16:55:27.099] mode:DIO, clock div:1
[2026-05-23 16:55:27.104] load:0x3fcd5820,len:0x1574
[2026-05-23 16:55:27.106] load:0x403cc710,len:0xc30
[2026-05-23 16:55:27.121] load:0x403ce710,len:0x2fa0
[2026-05-23 16:55:27.124] entry 0x403cc71a
[2026-05-23 16:55:27.125] I (24) boot: ESP-IDF v5.4.1 2nd stage bootloader
[2026-05-23 16:55:27.130] I (24) boot: compile time May 20 2026 00:05:32
[2026-05-23 16:55:27.133] I (24) boot: chip revision: v0.4
[2026-05-23 16:55:27.134] I (25) boot: efuse block revision: v1.3
[2026-05-23 16:55:27.138] I (25) boot.esp32c3: SPI Speed      : 80MHz
[2026-05-23 16:55:27.139] I (25) boot.esp32c3: SPI Mode       : DIO
[2026-05-23 16:55:27.141] I (26) boot.esp32c3: SPI Flash Size : 2MB
[2026-05-23 16:55:27.146] I (26) boot: Enabling RNG early entropy source...
[2026-05-23 16:55:27.154] I (27) boot: Partition Table:
[2026-05-23 16:55:27.163] I (27) boot: ## Label            Usage          Type ST Offset   Length
[2026-05-23 16:55:27.165] I (28) boot:  0 nvs              WiFi data        01 02 00009000 00006000
[2026-05-23 16:55:27.170] I (29) boot:  1 phy_init         RF data          01 01 0000f000 00001000
[2026-05-23 16:55:27.172] I (29) boot:  2 factory          factory app      00 00 00010000 00100000
[2026-05-23 16:55:27.176] I (30) boot: End of partition table
[2026-05-23 16:55:27.183] I (31) esp_image: segment 0: paddr=00010020 vaddr=3c0a0020 size=1977ch (104316) map
[2026-05-23 16:55:27.197] I (48) esp_image: segment 1: paddr=000297a4 vaddr=3fc95200 size=02da0h ( 11680) load
[2026-05-23 16:55:27.200] I (51) esp_image: segment 2: paddr=0002c54c vaddr=40380000 size=03acch ( 15052) load
[2026-05-23 16:55:27.201] I (54) esp_image: segment 3: paddr=00030020 vaddr=42000020 size=9942ch (627756) map
[2026-05-23 16:55:27.205] I (154) esp_image: segment 4: paddr=000c9454 vaddr=40383acc size=11614h ( 71188) load
[2026-05-23 16:55:27.207] I (168) esp_image: segment 5: paddr=000daa70 vaddr=50000200 size=0001ch (    28) load
[2026-05-23 16:55:27.213] I (175) boot: Loaded app from partition at offset 0x10000
[2026-05-23 16:55:27.215] I (175) boot: Disabling RNG early entropy source...
[2026-05-23 16:55:27.216] I (176) cpu_start: Unicore app
[2026-05-23 16:55:27.220] I (185) cpu_start: Pro cpu start user code
[2026-05-23 16:55:27.225] I (185) cpu_start: cpu freq: 160000000 Hz
[2026-05-23 16:55:27.229] I (185) app_init: Application information:
[2026-05-23 16:55:27.233] I (185) app_init: Project name:     sensor_acquirer
[2026-05-23 16:55:27.236] I (185) app_init: App version:      v1.0-171-gbbe0783
[2026-05-23 16:55:27.240] I (186) app_init: Compile time:     May 23 2026 14:30:31
[2026-05-23 16:55:27.244] I (186) app_init: ELF file SHA256:  493679023...
[2026-05-23 16:55:27.248] I (187) app_init: ESP-IDF:          v5.4.1
[2026-05-23 16:55:27.249] I (187) efuse_init: Min chip rev:     v0.3
[2026-05-23 16:55:27.250] I (188) efuse_init: Max chip rev:     v1.99
[2026-05-23 16:55:27.250] I (188) efuse_init: Chip rev:         v0.4
[2026-05-23 16:55:27.252] I (189) heap_init: Initializing. RAM available for dynamic allocation:
[2026-05-23 16:55:27.253] I (190) heap_init: At 3FC9C340 len 00023CC0 (143 KiB): RAM
[2026-05-23 16:55:27.254] I (190) heap_init: At 3FCC0000 len 0001C710 (113 KiB): Retention RAM
[2026-05-23 16:55:27.255] I (191) heap_init: At 3FCDC710 len 00002950 (10 KiB): Retention RAM
[2026-05-23 16:55:27.256] I (192) heap_init: At 5000021C len 00001DCC (7 KiB): RTCRAM
[2026-05-23 16:55:27.257] I (193) spi_flash: detected chip: generic
[2026-05-23 16:55:27.258] I (194) spi_flash: flash io: dio
[2026-05-23 16:55:27.260] W (194) spi_flash: Detected size(4096k) larger than the size in the binary image header(2048k). Using the size in the binary image header.
[2026-05-23 16:55:27.261] I (195) sleep_gpio: Configure to isolate all GPIO pins in sleep state
[2026-05-23 16:55:27.262] I (196) sleep_gpio: Enable automatic switching of GPIO sleep configuration
[2026-05-23 16:55:27.262] I (197) main_task: Started on CPU0
[2026-05-23 16:55:27.262] I (197) main_task: Calling app_main()
[2026-05-23 16:55:27.262] WCAN_CFG_WAIT v=1
# UART boot config sent: wcan v=1 role=sensor transport=BROADCAST test_duration_ms=30000 host_wait_time_ms=5000 base=0xd0 count=1 hz=100 linger=0
[2026-05-23 16:55:27.263] WCAN_CFG_WAIT v=1
[2026-05-23 16:55:29.663] WCAN_CFG_ACK
[2026-05-23 16:55:29.663] WCAN_CFG_ACK
[2026-05-23 16:55:29.668] I (2822) pp: pp rom version: 9387209
[2026-05-23 16:55:29.668] I (2823) net80211: net80211 rom version: 9387209
[2026-05-23 16:55:29.670] I (2824) wifi:wifi driver task: 3fca77a4, prio:23, stack:6656, core=0
[2026-05-23 16:55:29.674] I (2828) wifi:wifi firmware version: 79fa3f41ba
[2026-05-23 16:55:29.674] I (2828) wifi:wifi certification version: v7.0
[2026-05-23 16:55:29.675] I (2828) wifi:config NVS flash: enabled
[2026-05-23 16:55:29.675] I (2828) wifi:config nano formatting: disabled
[2026-05-23 16:55:29.676] I (2829) wifi:Init data frame dynamic rx buffer num: 32
[2026-05-23 16:55:29.676] I (2829) wifi:Init static rx mgmt buffer num: 5
[2026-05-23 16:55:29.677] I (2830) wifi:Init management short buffer num: 32
[2026-05-23 16:55:29.677] I (2830) wifi:Init dynamic tx buffer num: 32
[2026-05-23 16:55:29.677] I (2831) wifi:Init static tx FG buffer num: 2
[2026-05-23 16:55:29.678] I (2831) wifi:Init static rx buffer size: 1600
[2026-05-23 16:55:29.678] I (2832) wifi:Init static rx buffer num: 10
[2026-05-23 16:55:29.679] I (2832) wifi:Init dynamic rx buffer num: 32
[2026-05-23 16:55:29.680] I (2834) wifi_init: rx ba win: 6
[2026-05-23 16:55:29.680] I (2834) wifi_init: accept mbox: 6
[2026-05-23 16:55:29.680] I (2834) wifi_init: tcpip mbox: 32
[2026-05-23 16:55:29.681] I (2834) wifi_init: udp mbox: 6
[2026-05-23 16:55:29.681] I (2834) wifi_init: tcp mbox: 6
[2026-05-23 16:55:29.681] I (2835) wifi_init: tcp tx win: 5760
[2026-05-23 16:55:29.682] I (2835) wifi_init: tcp rx win: 5760
[2026-05-23 16:55:29.682] I (2836) wifi_init: tcp mss: 1440
[2026-05-23 16:55:29.682] I (2836) wifi_init: WiFi IRAM OP enabled
[2026-05-23 16:55:29.683] I (2836) wifi_init: WiFi RX IRAM OP enabled
[2026-05-23 16:55:29.684] I (2837) phy_init: phy_version 1200,2b7123f9,Feb 18 2025,15:22:21
[2026-05-23 16:55:29.718] I (2871) wifi:mode : sta (54:32:04:8c:0b:8c)
[2026-05-23 16:55:29.719] I (2872) wifi:enable tsf
[2026-05-23 16:55:29.721] I (2875) ESPNOW: espnow [version: 2.0] init
[2026-05-23 16:55:29.722] WCAN_TEST_READY role=sensor
# Waiting for phased test start
# UART test start sent: WCAN_TEST_START at 2026-05-23T16:55:29.733744
[2026-05-23 16:55:44.772] S(FAIL):17729:d0:0:1466:1470:5
[2026-05-23 16:55:44.882] S(FAIL):17829:d0:0:1472:1472:1
[2026-05-23 16:55:44.892] S(FAIL):17849:d0:0:1482:1482:1
[2026-05-23 16:55:44.942] S(FAIL):17899:d0:0:1484:1487:4
[2026-05-23 16:55:44.973] S(FAIL):17929:d0:0:1489:1490:2
[2026-05-23 16:55:46.452] S(FAIL):19409:d0:0:1492:1503:12
[2026-05-23 16:55:46.943] S(FAIL):19899:d0:0:1640:1640:1
[2026-05-23 16:55:46.962] S(FAIL):19919:d0:0:1689:1689:1
[2026-05-23 16:55:47.312] S(FAIL):20269:d0:0:1691:1693:3
[2026-05-23 16:55:47.392] S(FAIL):20349:d0:0:1726:1732:7
[2026-05-23 16:55:47.442] S(FAIL):20399:d0:0:1734:1734:1
[2026-05-23 16:55:47.544] S(FAIL):20499:d0:0:1739:1746:8
[2026-05-23 16:55:47.562] S(FAIL):20519:d0:0:1749:1749:1
[2026-05-23 16:55:47.682] S(FAIL):20639:d0:0:1751:1761:11
[2026-05-23 16:55:47.814] S(FAIL):20769:d0:0:1763:1764:2
[2026-05-23 16:55:47.913] S(FAIL):20869:d0:0:1776:1779:4
[2026-05-23 16:55:48.002] S(FAIL):20959:d0:0:1786:1792:7
[2026-05-23 16:55:48.092] S(FAIL):21049:d0:0:1795:1802:8
[2026-05-23 16:55:48.262] S(FAIL):21219:d0:0:1804:1816:13
[2026-05-23 16:55:48.292] S(FAIL):21249:d0:0:1821:1822:2
[2026-05-23 16:55:48.312] S(FAIL):21269:d0:0:1824:1824:1
[2026-05-23 16:55:48.422] S(FAIL):21379:d0:0:1826:1826:1
[2026-05-23 16:55:48.452] S(FAIL):21409:d0:0:1837:1837:1
[2026-05-23 16:55:48.482] S(FAIL):21439:d0:0:1840:1841:2
[2026-05-23 16:55:48.587] S(FAIL):21539:d0:0:1843:1843:1
[2026-05-23 16:55:48.792] S(FAIL):21749:d0:0:1853:1853:1
[2026-05-23 16:55:48.862] S(FAIL):21819:d0:0:1874:1879:6
[2026-05-23 16:55:49.002] S(FAIL):21959:d0:0:1881:1881:1
[2026-05-23 16:55:49.233] S(FAIL):22189:d0:0:1895:1902:8
[2026-05-23 16:55:49.272] S(FAIL):22229:d0:0:1918:1920:3
[2026-05-23 16:55:49.302] S(FAIL):22259:d0:0:1922:1923:2
[2026-05-23 16:55:49.393] S(FAIL):22349:d0:0:1925:1925:1
[2026-05-23 16:55:49.522] S(FAIL):22479:d0:0:1934:1935:2
[2026-05-23 16:55:49.572] S(FAIL):22529:d0:0:1947:1949:3
[2026-05-23 16:55:49.702] S(FAIL):22659:d0:0:1952:1963:12
[2026-05-23 16:55:49.792] S(FAIL):22749:d0:0:1965:1965:1
[2026-05-23 16:55:49.852] S(FAIL):22809:d0:0:1974:1977:4
[2026-05-23 16:55:50.032] S(FAIL):22989:d0:0:1980:1980:1
[2026-05-23 16:55:50.052] S(FAIL):23009:d0:0:1998:1998:1
[2026-05-23 16:55:50.643] S(FAIL):23599:d0:0:2000:2001:2
[2026-05-23 16:55:50.682] S(FAIL):23639:d0:0:2059:2061:3
[2026-05-23 16:55:50.702] S(FAIL):23659:d0:0:2063:2063:1
[2026-05-23 16:55:50.762] S(FAIL):23719:d0:0:2065:2066:2
[2026-05-23 16:55:50.832] S(FAIL):23789:d0:0:2071:2076:6
[2026-05-23 16:55:50.902] S(FAIL):23859:d0:0:2078:2079:2
[2026-05-23 16:55:51.012] S(FAIL):23969:d0:0:2085:2093:9
[2026-05-23 16:55:51.062] S(FAIL):24019:d0:0:2096:2098:3
[2026-05-23 16:55:51.133] S(FAIL):24089:d0:0:2101:2101:1
[2026-05-23 16:55:51.222] S(FAIL):24179:d0:0:2108:2114:7
[2026-05-23 16:55:51.263] S(FAIL):24219:d0:0:2117:2119:3
[2026-05-23 16:55:51.392] S(FAIL):24349:d0:0:2121:2122:2
[2026-05-23 16:55:51.452] S(FAIL):24409:d0:0:2134:2138:5
[2026-05-23 16:55:51.572] S(FAIL):24529:d0:0:2140:2141:2
[2026-05-23 16:55:51.642] S(FAIL):24599:d0:0:2152:2154:3
[2026-05-23 16:55:51.883] S(FAIL):24839:d0:0:2159:2169:11
[2026-05-23 16:55:52.482] S(FAIL):25439:d0:0:2183:2184:2
[2026-05-23 16:55:52.512] S(FAIL):25469:d0:0:2243:2244:2
[2026-05-23 16:55:52.552] S(FAIL):25509:d0:0:2246:2248:3
[2026-05-23 16:55:52.572] S(FAIL):25529:d0:0:2250:2250:1
[2026-05-23 16:55:52.633] S(FAIL):25589:d0:0:2252:2254:3
[2026-05-23 16:55:52.763] S(FAIL):25719:d0:0:2258:2267:10
[2026-05-23 16:55:52.922] S(FAIL):25879:d0:0:2271:2278:8
[2026-05-23 16:55:53.222] S(FAIL):26179:d0:0:2287:2292:6
[2026-05-23 16:55:53.272] S(FAIL):26229:d0:0:2317:2318:2
[2026-05-23 16:55:54.373] S(FAIL):27329:d0:0:2322:2324:3
[2026-05-23 16:55:54.455] S(FAIL):27409:d0:0:2432:2438:7
[2026-05-23 16:55:54.522] S(FAIL):27479:d0:0:2440:2445:6
[2026-05-23 16:55:54.593] S(FAIL):27549:d0:0:2447:2448:2
[2026-05-23 16:55:54.662] S(FAIL):27619:d0:0:2454:2459:6
[2026-05-23 16:55:54.692] S(FAIL):27649:d0:0:2461:2461:1
[2026-05-23 16:55:54.773] S(FAIL):27729:d0:0:2464:2470:7
[2026-05-23 16:55:54.902] S(FAIL):27859:d0:0:2472:2472:1
[2026-05-23 16:55:54.983] S(FAIL):27939:d0:0:2485:2491:7
[2026-05-23 16:55:55.102] S(FAIL):28059:d0:0:2493:2503:11
[2026-05-23 16:55:55.263] S(FAIL):28219:d0:0:2505:2505:1
[2026-05-23 16:55:55.557] P(FAIL):28514:d0:2214:2511:2511:1
[2026-05-23 16:55:56.213] S(FAIL):29169:d0:0:2521:2550:30
[2026-05-23 16:55:56.519] P(FAIL):29476:d0:2279:2606:2606:1
[2026-05-23 16:55:56.652] S(FAIL):29609:d0:0:2616:2646:31
[2026-05-23 16:55:56.783] S(FAIL):29739:d0:0:2660:2662:3
[2026-05-23 16:55:56.862] S(FAIL):29819:d0:0:2673:2679:7
[2026-05-23 16:55:57.353] S(FAIL):30309:d0:0:2681:2691:11
[2026-05-23 16:55:57.413] S(FAIL):30369:d0:0:2730:2733:4
[2026-05-23 16:55:57.633] S(FAIL):30589:d0:0:2736:2744:9
[2026-05-23 16:55:57.863] S(FAIL):30819:d0:0:2758:2760:3
[2026-05-23 16:55:58.192] S(FAIL):31149:d0:0:2781:2781:1
[2026-05-23 16:55:58.343] S(FAIL):31299:d0:0:2814:2818:5
[2026-05-23 16:55:59.822] S(FAIL):32779:d0:0:2829:2831:3
[2026-05-23 16:56:00.040] P(FAIL):32997:d0:2563:2967:2967:1
[2026-05-23 16:56:00.744] P(FAIL):33701:d0:2564:2968:2968:1
[2026-05-23 16:56:01.048] WCAN_BATCH id=0xd0 count=2573 avg_hz=86.42 avg_points=1.00 min_points=1 max_points=1 avg_interval_ms=11.57 min_interval_ms=9.86 max_interval_ms=320.04 avg_dispatch_ms=2.25 max_dispatch_ms=51.83 dispatched_count=2620 avg_queue_wait_ms=32.64 max_queue_wait_ms=402.81
[2026-05-23 16:56:01.049] WCAN_SENSOR_END generated=2998 avg_hz=99.97
[2026-05-23 16:56:01.049] S(FAIL):34001:d0:0:2977:2998:22
[2026-05-23 16:56:01.053] WCAN_MEASURES elapsed_ms=29999 heap_start_free=126648 heap_end_free=141436 heap_start_min_free=126648 heap_end_min_free=126356 heap_start_largest=98304 heap_end_largest=98304 airtime_us_total=5883381 packets_sent_total=2620 sensor_send_failures_total=426
[2026-05-23 16:56:01.054] WCAN_TEST_END role=sensor

# Monitor stopped: 2026-05-23T16:56:01.054503
