# Monitor started: 2026-05-23T19:48:35.443199
# Port: /dev/ttyACM0, Baud: 921600, Timeout: 35.000s after WCAN_TEST_START

# UART boot config: wcan v=1 role=sensor transport=MULTICAST test_duration_ms=30000 host_wait_time_ms=5000 base=0xd0 count=3 hz=10 linger=100
[2026-05-23 19:48:35.444] ESP-ROM:esp32c3-api1-20210207
[2026-05-23 19:48:35.445] Build:Feb  7 2021
[2026-05-23 19:48:35.459] rst:0x15 (USB_UART_CHIP_RESET),boot:0xd (SPI_FAST_FLASH_BOOT)
[2026-05-23 19:48:35.470] Saved PC:0x40384eba
[2026-05-23 19:48:35.474] SPIWP:0xee
[2026-05-23 19:48:35.483] mode:DIO, clock div:1
[2026-05-23 19:48:35.494] load:0x3fcd5820,len:0x1574
[2026-05-23 19:48:35.501] load:0x403cc710,len:0xc30
[2026-05-23 19:48:35.511] load:0x403ce710,len:0x2fa0
[2026-05-23 19:48:35.516] entry 0x403cc71a
[2026-05-23 19:48:35.519] I (24) boot: ESP-IDF v5.4.1 2nd stage bootloader
[2026-05-23 19:48:35.525] I (24) boot: compile time May 19 2026 23:41:33
[2026-05-23 19:48:35.527] I (24) boot: chip revision: v0.4
[2026-05-23 19:48:35.530] I (25) boot: efuse block revision: v1.3
[2026-05-23 19:48:35.544] I (25) boot.esp32c3: SPI Speed      : 80MHz
[2026-05-23 19:48:35.545] I (25) boot.esp32c3: SPI Mode       : DIO
[2026-05-23 19:48:35.548] I (26) boot.esp32c3: SPI Flash Size : 2MB
[2026-05-23 19:48:35.550] I (26) boot: Enabling RNG early entropy source...
[2026-05-23 19:48:35.552] I (27) boot: Partition Table:
[2026-05-23 19:48:35.554] I (27) boot: ## Label            Usage          Type ST Offset   Length
[2026-05-23 19:48:35.557] I (28) boot:  0 nvs              WiFi data        01 02 00009000 00006000
[2026-05-23 19:48:35.561] I (29) boot:  1 phy_init         RF data          01 01 0000f000 00001000
[2026-05-23 19:48:35.565] I (29) boot:  2 factory          factory app      00 00 00010000 00100000
[2026-05-23 19:48:35.567] I (30) boot: End of partition table
[2026-05-23 19:48:35.576] I (31) esp_image: segment 0: paddr=00010020 vaddr=3c0a0020 size=19850h (104528) map
[2026-05-23 19:48:35.584] I (48) esp_image: segment 1: paddr=00029878 vaddr=3fc95000 size=02da0h ( 11680) load
[2026-05-23 19:48:35.602] I (51) esp_image: segment 2: paddr=0002c620 vaddr=40380000 size=039f8h ( 14840) load
[2026-05-23 19:48:35.606] I (54) esp_image: segment 3: paddr=00030020 vaddr=42000020 size=990b4h (626868) map
[2026-05-23 19:48:35.609] I (154) esp_image: segment 4: paddr=000c90dc vaddr=403839f8 size=114f8h ( 70904) load
[2026-05-23 19:48:35.614] I (168) esp_image: segment 5: paddr=000da5dc vaddr=50000200 size=0001ch (    28) load
[2026-05-23 19:48:35.618] I (174) boot: Loaded app from partition at offset 0x10000
[2026-05-23 19:48:35.619] I (175) boot: Disabling RNG early entropy source...
[2026-05-23 19:48:35.622] I (176) cpu_start: Unicore app
[2026-05-23 19:48:35.626] I (184) cpu_start: Pro cpu start user code
[2026-05-23 19:48:35.627] I (184) cpu_start: cpu freq: 160000000 Hz
[2026-05-23 19:48:35.630] I (185) app_init: Application information:
[2026-05-23 19:48:35.634] I (185) app_init: Project name:     sensor_acquirer
[2026-05-23 19:48:35.637] I (185) app_init: App version:      v1.0-171-gbbe0783
[2026-05-23 19:48:35.641] I (186) app_init: Compile time:     May 23 2026 14:30:40
[2026-05-23 19:48:35.644] I (186) app_init: ELF file SHA256:  0e7d705e7...
[2026-05-23 19:48:35.647] I (187) app_init: ESP-IDF:          v5.4.1
[2026-05-23 19:48:35.649] I (187) efuse_init: Min chip rev:     v0.3
[2026-05-23 19:48:35.651] I (188) efuse_init: Max chip rev:     v1.99
[2026-05-23 19:48:35.651] I (188) efuse_init: Chip rev:         v0.4
[2026-05-23 19:48:35.654] I (189) heap_init: Initializing. RAM available for dynamic allocation:
[2026-05-23 19:48:35.655] I (190) heap_init: At 3FC9C130 len 00023ED0 (143 KiB): RAM
[2026-05-23 19:48:35.656] I (190) heap_init: At 3FCC0000 len 0001C710 (113 KiB): Retention RAM
[2026-05-23 19:48:35.658] I (191) heap_init: At 3FCDC710 len 00002950 (10 KiB): Retention RAM
[2026-05-23 19:48:35.659] I (192) heap_init: At 5000021C len 00001DCC (7 KiB): RTCRAM
[2026-05-23 19:48:35.660] I (193) spi_flash: detected chip: generic
[2026-05-23 19:48:35.660] I (193) spi_flash: flash io: dio
[2026-05-23 19:48:35.662] W (193) spi_flash: Detected size(4096k) larger than the size in the binary image header(2048k). Using the size in the binary image header.
[2026-05-23 19:48:35.662] I (195) sleep_gpio: Configure to isolate all GPIO pins in sleep state
[2026-05-23 19:48:35.663] I (196) sleep_gpio: Enable automatic switching of GPIO sleep configuration
[2026-05-23 19:48:35.663] I (197) main_task: Started on CPU0
[2026-05-23 19:48:35.663] I (197) main_task: Calling app_main()
[2026-05-23 19:48:35.663] WCAN_CFG_WAIT v=1
# UART boot config sent: wcan v=1 role=sensor transport=MULTICAST test_duration_ms=30000 host_wait_time_ms=5000 base=0xd0 count=3 hz=10 linger=100
[2026-05-23 19:48:35.664] WCAN_CFG_WAIT v=1
[2026-05-23 19:48:38.084] WCAN_CFG_ACK
[2026-05-23 19:48:38.085] WCAN_CFG_ACK
[2026-05-23 19:48:38.092] I (2845) pp: pp rom version: 9387209
[2026-05-23 19:48:38.098] I (2846) net80211: net80211 rom version: 9387209
[2026-05-23 19:48:38.106] I (2847) wifi:wifi driver task: 3fca7594, prio:23, stack:6656, core=0
[2026-05-23 19:48:38.111] I (2851) wifi:wifi firmware version: 79fa3f41ba
[2026-05-23 19:48:38.117] I (2851) wifi:wifi certification version: v7.0
[2026-05-23 19:48:38.121] I (2851) wifi:config NVS flash: enabled
[2026-05-23 19:48:38.125] I (2851) wifi:config nano formatting: disabled
[2026-05-23 19:48:38.128] I (2852) wifi:Init data frame dynamic rx buffer num: 32
[2026-05-23 19:48:38.132] I (2852) wifi:Init static rx mgmt buffer num: 5
[2026-05-23 19:48:38.135] I (2853) wifi:Init management short buffer num: 32
[2026-05-23 19:48:38.137] I (2853) wifi:Init dynamic tx buffer num: 32
[2026-05-23 19:48:38.139] I (2854) wifi:Init static tx FG buffer num: 2
[2026-05-23 19:48:38.141] I (2854) wifi:Init static rx buffer size: 1600
[2026-05-23 19:48:38.143] I (2855) wifi:Init static rx buffer num: 10
[2026-05-23 19:48:38.144] I (2855) wifi:Init dynamic rx buffer num: 32
[2026-05-23 19:48:38.145] I (2856) wifi_init: rx ba win: 6
[2026-05-23 19:48:38.147] I (2857) wifi_init: accept mbox: 6
[2026-05-23 19:48:38.148] I (2857) wifi_init: tcpip mbox: 32
[2026-05-23 19:48:38.149] I (2857) wifi_init: udp mbox: 6
[2026-05-23 19:48:38.149] I (2857) wifi_init: tcp mbox: 6
[2026-05-23 19:48:38.150] I (2858) wifi_init: tcp tx win: 5760
[2026-05-23 19:48:38.151] I (2858) wifi_init: tcp rx win: 5760
[2026-05-23 19:48:38.153] I (2859) wifi_init: tcp mss: 1440
[2026-05-23 19:48:38.154] I (2859) wifi_init: WiFi IRAM OP enabled
[2026-05-23 19:48:38.155] I (2859) wifi_init: WiFi RX IRAM OP enabled
[2026-05-23 19:48:38.156] I (2860) phy_init: phy_version 1200,2b7123f9,Feb 18 2025,15:22:21
[2026-05-23 19:48:38.157] I (2894) wifi:mode : sta (54:32:04:8c:0b:8c)
[2026-05-23 19:48:38.157] I (2895) wifi:enable tsf
[2026-05-23 19:48:38.158] I (2898) ESPNOW: espnow [version: 2.0] init
[2026-05-23 19:48:38.158] WCAN_TEST_READY role=sensor
# Waiting for phased test start
# UART test start sent: WCAN_TEST_START at 2026-05-23T19:48:38.169430
[2026-05-23 19:49:08.507] WCAN_BATCH id=0xd0 count=150 avg_hz=5.00 avg_points=1.99 min_points=1 max_points=2 avg_interval_ms=200.00 min_interval_ms=199.95 max_interval_ms=200.03 avg_dispatch_ms=1.96 max_dispatch_ms=9.87 dispatched_count=150 avg_queue_wait_ms=0.14 max_queue_wait_ms=0.26
[2026-05-23 19:49:08.520] WCAN_BATCH id=0xd1 count=150 avg_hz=5.00 avg_points=1.99 min_points=1 max_points=2 avg_interval_ms=200.00 min_interval_ms=199.92 max_interval_ms=200.04 avg_dispatch_ms=2.19 max_dispatch_ms=7.58 dispatched_count=150 avg_queue_wait_ms=2.15 max_queue_wait_ms=10.09
[2026-05-23 19:49:08.527] WCAN_BATCH id=0xd2 count=150 avg_hz=5.00 avg_points=1.99 min_points=1 max_points=2 avg_interval_ms=200.00 min_interval_ms=199.92 max_interval_ms=200.04 avg_dispatch_ms=2.18 max_dispatch_ms=6.28 dispatched_count=150 avg_queue_wait_ms=4.41 max_queue_wait_ms=13.54
[2026-05-23 19:49:08.528] WCAN_SENSOR_END generated=298 avg_hz=9.97
[2026-05-23 19:49:08.533] WCAN_MEASURES elapsed_ms=29999 heap_start_free=66296 heap_end_free=82364 heap_start_min_free=66296 heap_end_min_free=66016 heap_start_largest=47104 heap_end_largest=47104 airtime_us_total=943611 packets_sent_total=450 sensor_send_failures_total=0
[2026-05-23 19:49:08.534] WCAN_TEST_END role=sensor

# Monitor stopped: 2026-05-23T19:49:08.534390
