# Monitor started: 2026-05-23T20:33:20.229892
# Port: /dev/ttyACM0, Baud: 921600, Timeout: 35.000s after WCAN_TEST_START

# UART boot config: wcan v=1 role=sensor transport=MULTICAST test_duration_ms=30000 host_wait_time_ms=5000 base=0xd0 count=3 hz=1000 linger=100
[2026-05-23 20:33:20.243] ESP-ROM:esp32c3-api1-20210207
[2026-05-23 20:33:20.249] Build:Feb  7 2021
[2026-05-23 20:33:20.273] rst:0x15 (USB_UART_CHIP_RESET),boot:0xd (SPI_FAST_FLASH_BOOT)
[2026-05-23 20:33:20.279] Saved PC:0x40384eba
[2026-05-23 20:33:20.283] SPIWP:0xee
[2026-05-23 20:33:20.289] mode:DIO, clock div:1
[2026-05-23 20:33:20.291] load:0x3fcd5820,len:0x1574
[2026-05-23 20:33:20.294] load:0x403cc710,len:0xc30
[2026-05-23 20:33:20.297] load:0x403ce710,len:0x2fa0
[2026-05-23 20:33:20.300] entry 0x403cc71a
[2026-05-23 20:33:20.303] I (24) boot: ESP-IDF v5.4.1 2nd stage bootloader
[2026-05-23 20:33:20.307] I (24) boot: compile time May 19 2026 23:41:33
[2026-05-23 20:33:20.311] I (24) boot: chip revision: v0.4
[2026-05-23 20:33:20.328] I (25) boot: efuse block revision: v1.3
[2026-05-23 20:33:20.334] I (25) boot.esp32c3: SPI Speed      : 80MHz
[2026-05-23 20:33:20.335] I (25) boot.esp32c3: SPI Mode       : DIO
[2026-05-23 20:33:20.337] I (26) boot.esp32c3: SPI Flash Size : 2MB
[2026-05-23 20:33:20.341] I (26) boot: Enabling RNG early entropy source...
[2026-05-23 20:33:20.343] I (27) boot: Partition Table:
[2026-05-23 20:33:20.345] I (27) boot: ## Label            Usage          Type ST Offset   Length
[2026-05-23 20:33:20.347] I (28) boot:  0 nvs              WiFi data        01 02 00009000 00006000
[2026-05-23 20:33:20.349] I (29) boot:  1 phy_init         RF data          01 01 0000f000 00001000
[2026-05-23 20:33:20.352] I (29) boot:  2 factory          factory app      00 00 00010000 00100000
[2026-05-23 20:33:20.354] I (30) boot: End of partition table
[2026-05-23 20:33:20.361] I (31) esp_image: segment 0: paddr=00010020 vaddr=3c0a0020 size=19850h (104528) map
[2026-05-23 20:33:20.364] I (48) esp_image: segment 1: paddr=00029878 vaddr=3fc95000 size=02da0h ( 11680) load
[2026-05-23 20:33:20.366] I (51) esp_image: segment 2: paddr=0002c620 vaddr=40380000 size=039f8h ( 14840) load
[2026-05-23 20:33:20.369] I (54) esp_image: segment 3: paddr=00030020 vaddr=42000020 size=990b4h (626868) map
[2026-05-23 20:33:20.370] I (154) esp_image: segment 4: paddr=000c90dc vaddr=403839f8 size=114f8h ( 70904) load
[2026-05-23 20:33:20.380] I (167) esp_image: segment 5: paddr=000da5dc vaddr=50000200 size=0001ch (    28) load
[2026-05-23 20:33:20.382] I (174) boot: Loaded app from partition at offset 0x10000
[2026-05-23 20:33:20.384] I (175) boot: Disabling RNG early entropy source...
[2026-05-23 20:33:20.388] I (176) cpu_start: Unicore app
[2026-05-23 20:33:20.389] I (184) cpu_start: Pro cpu start user code
[2026-05-23 20:33:20.390] I (185) cpu_start: cpu freq: 160000000 Hz
[2026-05-23 20:33:20.394] I (185) app_init: Application information:
[2026-05-23 20:33:20.395] I (185) app_init: Project name:     sensor_acquirer
[2026-05-23 20:33:20.397] I (185) app_init: App version:      v1.0-171-gbbe0783
[2026-05-23 20:33:20.412] I (186) app_init: Compile time:     May 23 2026 14:30:40
[2026-05-23 20:33:20.419] I (186) app_init: ELF file SHA256:  0e7d705e7...
[2026-05-23 20:33:20.423] I (187) app_init: ESP-IDF:          v5.4.1
[2026-05-23 20:33:20.426] I (187) efuse_init: Min chip rev:     v0.3
[2026-05-23 20:33:20.427] I (188) efuse_init: Max chip rev:     v1.99
[2026-05-23 20:33:20.429] I (188) efuse_init: Chip rev:         v0.4
[2026-05-23 20:33:20.430] I (189) heap_init: Initializing. RAM available for dynamic allocation:
[2026-05-23 20:33:20.432] I (190) heap_init: At 3FC9C130 len 00023ED0 (143 KiB): RAM
[2026-05-23 20:33:20.434] I (190) heap_init: At 3FCC0000 len 0001C710 (113 KiB): Retention RAM
[2026-05-23 20:33:20.436] I (191) heap_init: At 3FCDC710 len 00002950 (10 KiB): Retention RAM
[2026-05-23 20:33:20.437] I (192) heap_init: At 5000021C len 00001DCC (7 KiB): RTCRAM
[2026-05-23 20:33:20.437] I (193) spi_flash: detected chip: generic
[2026-05-23 20:33:20.438] I (193) spi_flash: flash io: dio
[2026-05-23 20:33:20.440] W (193) spi_flash: Detected size(4096k) larger than the size in the binary image header(2048k). Using the size in the binary image header.
[2026-05-23 20:33:20.441] I (195) sleep_gpio: Configure to isolate all GPIO pins in sleep state
[2026-05-23 20:33:20.442] I (196) sleep_gpio: Enable automatic switching of GPIO sleep configuration
[2026-05-23 20:33:20.442] I (197) main_task: Started on CPU0
[2026-05-23 20:33:20.442] I (197) main_task: Calling app_main()
[2026-05-23 20:33:20.442] WCAN_CFG_WAIT v=1
# UART boot config sent: wcan v=1 role=sensor transport=MULTICAST test_duration_ms=30000 host_wait_time_ms=5000 base=0xd0 count=3 hz=1000 linger=100
[2026-05-23 20:33:20.443] WCAN_CFG_WAIT v=1
[2026-05-23 20:33:22.907] WCAN_CFG_ACK
[2026-05-23 20:33:22.907] WCAN_CFG_ACK
[2026-05-23 20:33:22.911] I (2882) pp: pp rom version: 9387209
[2026-05-23 20:33:22.912] I (2883) net80211: net80211 rom version: 9387209
[2026-05-23 20:33:22.913] I (2884) wifi:wifi driver task: 3fca7594, prio:23, stack:6656, core=0
[2026-05-23 20:33:22.918] I (2888) wifi:wifi firmware version: 79fa3f41ba
[2026-05-23 20:33:22.919] I (2888) wifi:wifi certification version: v7.0
[2026-05-23 20:33:22.919] I (2888) wifi:config NVS flash: enabled
[2026-05-23 20:33:22.920] I (2888) wifi:config nano formatting: disabled
[2026-05-23 20:33:22.922] I (2889) wifi:Init data frame dynamic rx buffer num: 32
[2026-05-23 20:33:22.923] I (2889) wifi:Init static rx mgmt buffer num: 5
[2026-05-23 20:33:22.924] I (2890) wifi:Init management short buffer num: 32
[2026-05-23 20:33:22.925] I (2890) wifi:Init dynamic tx buffer num: 32
[2026-05-23 20:33:22.926] I (2891) wifi:Init static tx FG buffer num: 2
[2026-05-23 20:33:22.927] I (2892) wifi:Init static rx buffer size: 1600
[2026-05-23 20:33:22.928] I (2892) wifi:Init static rx buffer num: 10
[2026-05-23 20:33:22.929] I (2892) wifi:Init dynamic rx buffer num: 32
[2026-05-23 20:33:22.929] I (2894) wifi_init: rx ba win: 6
[2026-05-23 20:33:22.930] I (2894) wifi_init: accept mbox: 6
[2026-05-23 20:33:22.931] I (2894) wifi_init: tcpip mbox: 32
[2026-05-23 20:33:22.932] I (2894) wifi_init: udp mbox: 6
[2026-05-23 20:33:22.932] I (2894) wifi_init: tcp mbox: 6
[2026-05-23 20:33:22.933] I (2895) wifi_init: tcp tx win: 5760
[2026-05-23 20:33:22.934] I (2895) wifi_init: tcp rx win: 5760
[2026-05-23 20:33:22.934] I (2896) wifi_init: tcp mss: 1440
[2026-05-23 20:33:22.935] I (2896) wifi_init: WiFi IRAM OP enabled
[2026-05-23 20:33:22.936] I (2896) wifi_init: WiFi RX IRAM OP enabled
[2026-05-23 20:33:22.937] I (2897) phy_init: phy_version 1200,2b7123f9,Feb 18 2025,15:22:21
[2026-05-23 20:33:22.960] I (2930) wifi:mode : sta (54:32:04:8c:0b:8c)
[2026-05-23 20:33:22.960] I (2931) wifi:enable tsf
[2026-05-23 20:33:22.964] I (2934) ESPNOW: espnow [version: 2.0] init
[2026-05-23 20:33:22.964] WCAN_TEST_READY role=sensor
# Waiting for phased test start
# UART test start sent: WCAN_TEST_START at 2026-05-23T20:33:22.976308
[2026-05-23 20:33:53.310] WCAN_BATCH id=0xd0 count=297 avg_hz=9.90 avg_points=101.00 min_points=101 max_points=101 avg_interval_ms=101.00 min_interval_ms=100.94 max_interval_ms=101.05 avg_dispatch_ms=5.09 max_dispatch_ms=17.58 dispatched_count=297 avg_queue_wait_ms=0.15 max_queue_wait_ms=0.29
[2026-05-23 20:33:53.315] WCAN_BATCH id=0xd1 count=297 avg_hz=9.90 avg_points=101.00 min_points=101 max_points=101 avg_interval_ms=101.00 min_interval_ms=100.93 max_interval_ms=101.06 avg_dispatch_ms=9.44 max_dispatch_ms=42.38 dispatched_count=297 avg_queue_wait_ms=5.32 max_queue_wait_ms=17.79
[2026-05-23 20:33:53.329] WCAN_BATCH id=0xd2 count=297 avg_hz=9.90 avg_points=101.00 min_points=101 max_points=101 avg_interval_ms=101.00 min_interval_ms=100.93 max_interval_ms=101.06 avg_dispatch_ms=9.09 max_dispatch_ms=25.68 dispatched_count=297 avg_queue_wait_ms=14.83 max_queue_wait_ms=47.56
[2026-05-23 20:33:53.331] WCAN_SENSOR_END generated=29998 avg_hz=1000.00
[2026-05-23 20:33:53.337] WCAN_MEASURES elapsed_ms=29999 heap_start_free=66296 heap_end_free=76752 heap_start_min_free=66280 heap_end_min_free=63708 heap_start_largest=47104 heap_end_largest=47104 airtime_us_total=7005900 packets_sent_total=891 sensor_send_failures_total=0
[2026-05-23 20:33:53.337] WCAN_TEST_END role=sensor

# Monitor stopped: 2026-05-23T20:33:53.337723
