# Monitor started: 2026-05-23T15:20:04.045113
# Port: /dev/ttyACM1, Baud: 921600, Timeout: 35.000s after WCAN_TEST_START

# UART boot config: wcan v=1 role=sensor transport=BROADCAST test_duration_ms=30000 host_wait_time_ms=5000 base=0xe0 count=1 hz=750 linger=100
[2026-05-23 15:20:04.058] ESP-ROM:esp32c3-api1-20210207
[2026-05-23 15:20:04.065] Build:Feb  7 2021
[2026-05-23 15:20:04.093] rst:0x15 (USB_UART_CHIP_RESET),boot:0xd (SPI_FAST_FLASH_BOOT)
[2026-05-23 15:20:04.095] Saved PC:0x40384eba
[2026-05-23 15:20:04.098] SPIWP:0xee
[2026-05-23 15:20:04.105] mode:DIO, clock div:1
[2026-05-23 15:20:04.108] load:0x3fcd5820,len:0x1574
[2026-05-23 15:20:04.113] load:0x403cc710,len:0xc30
[2026-05-23 15:20:04.119] load:0x403ce710,len:0x2fa0
[2026-05-23 15:20:04.125] entry 0x403cc71a
[2026-05-23 15:20:04.127] I (24) boot: ESP-IDF v5.4.1 2nd stage bootloader
[2026-05-23 15:20:04.130] I (24) boot: compile time May 20 2026 00:05:32
[2026-05-23 15:20:04.136] I (25) boot: chip revision: v0.4
[2026-05-23 15:20:04.140] I (25) boot: efuse block revision: v1.3
[2026-05-23 15:20:04.141] I (25) boot.esp32c3: SPI Speed      : 80MHz
[2026-05-23 15:20:04.145] I (25) boot.esp32c3: SPI Mode       : DIO
[2026-05-23 15:20:04.148] I (26) boot.esp32c3: SPI Flash Size : 2MB
[2026-05-23 15:20:04.149] I (26) boot: Enabling RNG early entropy source...
[2026-05-23 15:20:04.153] I (27) boot: Partition Table:
[2026-05-23 15:20:04.156] I (27) boot: ## Label            Usage          Type ST Offset   Length
[2026-05-23 15:20:04.174] I (28) boot:  0 nvs              WiFi data        01 02 00009000 00006000
[2026-05-23 15:20:04.187] I (29) boot:  1 phy_init         RF data          01 01 0000f000 00001000
[2026-05-23 15:20:04.191] I (29) boot:  2 factory          factory app      00 00 00010000 00100000
[2026-05-23 15:20:04.192] I (30) boot: End of partition table
[2026-05-23 15:20:04.195] I (31) esp_image: segment 0: paddr=00010020 vaddr=3c0a0020 size=1977ch (104316) map
[2026-05-23 15:20:04.198] I (48) esp_image: segment 1: paddr=000297a4 vaddr=3fc95200 size=02da0h ( 11680) load
[2026-05-23 15:20:04.202] I (51) esp_image: segment 2: paddr=0002c54c vaddr=40380000 size=03acch ( 15052) load
[2026-05-23 15:20:04.205] I (54) esp_image: segment 3: paddr=00030020 vaddr=42000020 size=9942ch (627756) map
[2026-05-23 15:20:04.212] I (154) esp_image: segment 4: paddr=000c9454 vaddr=40383acc size=11614h ( 71188) load
[2026-05-23 15:20:04.217] I (168) esp_image: segment 5: paddr=000daa70 vaddr=50000200 size=0001ch (    28) load
[2026-05-23 15:20:04.220] I (175) boot: Loaded app from partition at offset 0x10000
[2026-05-23 15:20:04.224] I (175) boot: Disabling RNG early entropy source...
[2026-05-23 15:20:04.225] I (176) cpu_start: Unicore app
[2026-05-23 15:20:04.225] I (185) cpu_start: Pro cpu start user code
[2026-05-23 15:20:04.228] I (185) cpu_start: cpu freq: 160000000 Hz
[2026-05-23 15:20:04.229] I (185) app_init: Application information:
[2026-05-23 15:20:04.230] I (185) app_init: Project name:     sensor_acquirer
[2026-05-23 15:20:04.231] I (185) app_init: App version:      v1.0-171-gbbe0783
[2026-05-23 15:20:04.234] I (186) app_init: Compile time:     May 23 2026 14:30:31
[2026-05-23 15:20:04.235] I (187) app_init: ELF file SHA256:  493679023...
[2026-05-23 15:20:04.237] I (187) app_init: ESP-IDF:          v5.4.1
[2026-05-23 15:20:04.241] I (188) efuse_init: Min chip rev:     v0.3
[2026-05-23 15:20:04.241] I (188) efuse_init: Max chip rev:     v1.99
[2026-05-23 15:20:04.242] I (189) efuse_init: Chip rev:         v0.4
[2026-05-23 15:20:04.244] I (189) heap_init: Initializing. RAM available for dynamic allocation:
[2026-05-23 15:20:04.245] I (190) heap_init: At 3FC9C340 len 00023CC0 (143 KiB): RAM
[2026-05-23 15:20:04.246] I (190) heap_init: At 3FCC0000 len 0001C710 (113 KiB): Retention RAM
[2026-05-23 15:20:04.246] I (191) heap_init: At 3FCDC710 len 00002950 (10 KiB): Retention RAM
[2026-05-23 15:20:04.246] I (192) heap_init: At 5000021C len 00001DCC (7 KiB): RTCRAM
[2026-05-23 15:20:04.247] I (194) spi_flash: detected chip: generic
[2026-05-23 15:20:04.247] I (194) spi_flash: flash io: dio
[2026-05-23 15:20:04.247] W (194) spi_flash: Detected size(4096k) larger than the size in the binary image header(2048k). Using the size in the binary image header.
[2026-05-23 15:20:04.248] I (196) sleep_gpio: Configure to isolate all GPIO pins in sleep state
[2026-05-23 15:20:04.248] I (196) sleep_gpio: Enable automatic switching of GPIO sleep configuration
[2026-05-23 15:20:04.248] I (197) main_task: Started on CPU0
[2026-05-23 15:20:04.249] I (197) main_task: Calling app_main()
[2026-05-23 15:20:04.249] WCAN_CFG_WAIT v=1
# UART boot config sent: wcan v=1 role=sensor transport=BROADCAST test_duration_ms=30000 host_wait_time_ms=5000 base=0xe0 count=1 hz=750 linger=100
[2026-05-23 15:20:04.249] WCAN_CFG_WAIT v=1
[2026-05-23 15:20:06.701] WCAN_CFG_ACK
[2026-05-23 15:20:06.701] WCAN_CFG_ACK
[2026-05-23 15:20:06.708] I (2862) pp: pp rom version: 9387209
[2026-05-23 15:20:06.712] I (2863) net80211: net80211 rom version: 9387209
[2026-05-23 15:20:06.717] I (2864) wifi:wifi driver task: 3fca7720, prio:23, stack:6656, core=0
[2026-05-23 15:20:06.724] I (2868) wifi:wifi firmware version: 79fa3f41ba
[2026-05-23 15:20:06.730] I (2868) wifi:wifi certification version: v7.0
[2026-05-23 15:20:06.734] I (2868) wifi:config NVS flash: enabled
[2026-05-23 15:20:06.739] I (2868) wifi:config nano formatting: disabled
[2026-05-23 15:20:06.744] I (2869) wifi:Init data frame dynamic rx buffer num: 32
[2026-05-23 15:20:06.746] I (2869) wifi:Init static rx mgmt buffer num: 5
[2026-05-23 15:20:06.748] I (2870) wifi:Init management short buffer num: 32
[2026-05-23 15:20:06.749] I (2870) wifi:Init dynamic tx buffer num: 32
[2026-05-23 15:20:06.750] I (2871) wifi:Init static tx FG buffer num: 2
[2026-05-23 15:20:06.751] I (2871) wifi:Init static rx buffer size: 1600
[2026-05-23 15:20:06.752] I (2872) wifi:Init static rx buffer num: 10
[2026-05-23 15:20:06.753] I (2872) wifi:Init dynamic rx buffer num: 32
[2026-05-23 15:20:06.754] I (2873) wifi_init: rx ba win: 6
[2026-05-23 15:20:06.755] I (2874) wifi_init: accept mbox: 6
[2026-05-23 15:20:06.756] I (2874) wifi_init: tcpip mbox: 32
[2026-05-23 15:20:06.756] I (2874) wifi_init: udp mbox: 6
[2026-05-23 15:20:06.757] I (2874) wifi_init: tcp mbox: 6
[2026-05-23 15:20:06.758] I (2875) wifi_init: tcp tx win: 5760
[2026-05-23 15:20:06.759] I (2875) wifi_init: tcp rx win: 5760
[2026-05-23 15:20:06.759] I (2876) wifi_init: tcp mss: 1440
[2026-05-23 15:20:06.760] I (2876) wifi_init: WiFi IRAM OP enabled
[2026-05-23 15:20:06.761] I (2876) wifi_init: WiFi RX IRAM OP enabled
[2026-05-23 15:20:06.762] I (2877) phy_init: phy_version 1200,2b7123f9,Feb 18 2025,15:22:21
[2026-05-23 15:20:06.763] I (2911) wifi:mode : sta (74:4d:bd:e1:d5:b8)
[2026-05-23 15:20:06.763] I (2912) wifi:enable tsf
[2026-05-23 15:20:06.764] I (2915) ESPNOW: espnow [version: 2.0] init
[2026-05-23 15:20:06.764] WCAN_TEST_READY role=sensor
# Waiting for phased test start
# UART test start sent: WCAN_TEST_START at 2026-05-23T15:20:06.775336
[2026-05-23 15:20:07.587] P(FAIL):3547:e0:0:0:75:76
[2026-05-23 15:20:08.746] P(FAIL):4706:e0:12:912:987:76
[2026-05-23 15:20:09.211] P(FAIL):5171:e0:16:1216:1291:76
[2026-05-23 15:20:10.261] P(FAIL):6220:e0:27:2052:2127:76
[2026-05-23 15:20:10.740] P(FAIL):6699:e0:31:2356:2431:76
[2026-05-23 15:20:11.476] P(FAIL):7435:e0:39:2964:3039:76
[2026-05-23 15:20:11.927] P(FAIL):7886:e0:43:3268:3343:76
[2026-05-23 15:20:12.324] P(FAIL):8283:e0:47:3572:3647:76
[2026-05-23 15:20:12.756] P(FAIL):8715:e0:51:3876:3951:76
[2026-05-23 15:20:13.104] P(FAIL):9064:e0:52:3952:4027:76
[2026-05-23 15:20:13.456] P(FAIL):9415:e0:56:4256:4331:76
[2026-05-23 15:20:13.848] P(FAIL):9807:e0:58:4408:4483:76
[2026-05-23 15:20:14.622] P(FAIL):10582:e0:70:5320:5395:76
[2026-05-23 15:20:15.017] P(FAIL):10977:e0:74:5624:5699:76
[2026-05-23 15:20:15.365] P(FAIL):11323:e0:75:5700:5775:76
[2026-05-23 15:20:15.749] P(FAIL):11709:e0:80:6080:6155:76
[2026-05-23 15:20:16.266] P(FAIL):12225:e0:86:6536:6611:76
[2026-05-23 15:20:16.614] P(FAIL):12573:e0:90:6840:6915:76
[2026-05-23 15:20:17.136] P(FAIL):13095:e0:94:7144:7219:76
[2026-05-23 15:20:17.455] P(FAIL):13414:e0:97:7372:7447:76
[2026-05-23 15:20:17.866] P(FAIL):13825:e0:102:7752:7827:76
[2026-05-23 15:20:18.280] P(FAIL):14239:e0:106:8056:8131:76
[2026-05-23 15:20:18.733] P(FAIL):14692:e0:110:8360:8435:76
[2026-05-23 15:20:19.139] P(FAIL):15098:e0:111:8436:8511:76
[2026-05-23 15:20:19.523] P(FAIL):15482:e0:112:8512:8587:76
[2026-05-23 15:20:37.168] P(FAIL):33127:e0:292:22254:22329:76
[2026-05-23 15:20:37.968] P(FAIL):33927:e0:293:22330:22405:76
[2026-05-23 15:20:38.108] WCAN_BATCH id=0xe0 count=296 avg_hz=9.84 avg_points=75.82 min_points=23 max_points=76 avg_interval_ms=101.59 min_interval_ms=101.25 max_interval_ms=183.99 avg_dispatch_ms=3.98 max_dispatch_ms=13.26 dispatched_count=374 avg_queue_wait_ms=120.56 max_queue_wait_ms=902.98
[2026-05-23 15:20:38.112] WCAN_SENSOR_END generated=22504 avg_hz=750.19
[2026-05-23 15:20:38.114] S(FAIL):34042:e0:0:9272:9333:62
[2026-05-23 15:20:38.124] WCAN_MEASURES elapsed_ms=29999 heap_start_free=126780 heap_end_free=141568 heap_start_min_free=126456 heap_end_min_free=125892 heap_start_largest=98304 heap_end_largest=98304 airtime_us_total=1484046 packets_sent_total=374 sensor_send_failures_total=62
[2026-05-23 15:20:38.125] WCAN_TEST_END role=sensor

# Monitor stopped: 2026-05-23T15:20:38.125228
