# Monitor started: 2026-05-23T15:00:52.564124
# Port: /dev/ttyACM0, Baud: 921600, Timeout: 35.000s after WCAN_TEST_START

# UART boot config: wcan v=1 role=sensor transport=BROADCAST test_duration_ms=30000 host_wait_time_ms=5000 base=0xd0 count=1 hz=200 linger=100
[2026-05-23 15:00:52.564] ESP-ROM:esp32c3-api1-20210207
[2026-05-23 15:00:52.565] Build:Feb  7 2021
[2026-05-23 15:00:52.580] rst:0x15 (USB_UART_CHIP_RESET),boot:0xd (SPI_FAST_FLASH_BOOT)
[2026-05-23 15:00:52.586] Saved PC:0x40384eba
[2026-05-23 15:00:52.589] SPIWP:0xee
[2026-05-23 15:00:52.592] mode:DIO, clock div:1
[2026-05-23 15:00:52.600] load:0x3fcd5820,len:0x1574
[2026-05-23 15:00:52.605] load:0x403cc710,len:0xc30
[2026-05-23 15:00:52.607] load:0x403ce710,len:0x2fa0
[2026-05-23 15:00:52.608] entry 0x403cc71a
[2026-05-23 15:00:52.610] I (24) boot: ESP-IDF v5.4.1 2nd stage bootloader
[2026-05-23 15:00:52.612] I (24) boot: compile time May 20 2026 00:05:32
[2026-05-23 15:00:52.614] I (25) boot: chip revision: v0.4
[2026-05-23 15:00:52.617] I (25) boot: efuse block revision: v1.3
[2026-05-23 15:00:52.619] I (25) boot.esp32c3: SPI Speed      : 80MHz
[2026-05-23 15:00:52.627] I (25) boot.esp32c3: SPI Mode       : DIO
[2026-05-23 15:00:52.631] I (26) boot.esp32c3: SPI Flash Size : 2MB
[2026-05-23 15:00:52.633] I (26) boot: Enabling RNG early entropy source...
[2026-05-23 15:00:52.635] I (27) boot: Partition Table:
[2026-05-23 15:00:52.640] I (27) boot: ## Label            Usage          Type ST Offset   Length
[2026-05-23 15:00:52.649] I (28) boot:  0 nvs              WiFi data        01 02 00009000 00006000
[2026-05-23 15:00:52.655] I (29) boot:  1 phy_init         RF data          01 01 0000f000 00001000
[2026-05-23 15:00:52.657] I (29) boot:  2 factory          factory app      00 00 00010000 00100000
[2026-05-23 15:00:52.658] I (30) boot: End of partition table
[2026-05-23 15:00:52.665] I (31) esp_image: segment 0: paddr=00010020 vaddr=3c0a0020 size=1977ch (104316) map
[2026-05-23 15:00:52.670] I (48) esp_image: segment 1: paddr=000297a4 vaddr=3fc95200 size=02da0h ( 11680) load
[2026-05-23 15:00:52.677] I (51) esp_image: segment 2: paddr=0002c54c vaddr=40380000 size=03acch ( 15052) load
[2026-05-23 15:00:52.683] I (54) esp_image: segment 3: paddr=00030020 vaddr=42000020 size=9942ch (627756) map
[2026-05-23 15:00:52.689] I (154) esp_image: segment 4: paddr=000c9454 vaddr=40383acc size=11614h ( 71188) load
[2026-05-23 15:00:52.693] I (168) esp_image: segment 5: paddr=000daa70 vaddr=50000200 size=0001ch (    28) load
[2026-05-23 15:00:52.698] I (175) boot: Loaded app from partition at offset 0x10000
[2026-05-23 15:00:52.704] I (175) boot: Disabling RNG early entropy source...
[2026-05-23 15:00:52.706] I (176) cpu_start: Unicore app
[2026-05-23 15:00:52.708] I (185) cpu_start: Pro cpu start user code
[2026-05-23 15:00:52.709] I (185) cpu_start: cpu freq: 160000000 Hz
[2026-05-23 15:00:52.711] I (185) app_init: Application information:
[2026-05-23 15:00:52.712] I (185) app_init: Project name:     sensor_acquirer
[2026-05-23 15:00:52.715] I (185) app_init: App version:      v1.0-171-gbbe0783
[2026-05-23 15:00:52.718] I (186) app_init: Compile time:     May 23 2026 14:30:31
[2026-05-23 15:00:52.721] I (187) app_init: ELF file SHA256:  493679023...
[2026-05-23 15:00:52.725] I (187) app_init: ESP-IDF:          v5.4.1
[2026-05-23 15:00:52.726] I (188) efuse_init: Min chip rev:     v0.3
[2026-05-23 15:00:52.727] I (188) efuse_init: Max chip rev:     v1.99
[2026-05-23 15:00:52.731] I (189) efuse_init: Chip rev:         v0.4
[2026-05-23 15:00:52.733] I (189) heap_init: Initializing. RAM available for dynamic allocation:
[2026-05-23 15:00:52.737] I (190) heap_init: At 3FC9C340 len 00023CC0 (143 KiB): RAM
[2026-05-23 15:00:52.740] I (190) heap_init: At 3FCC0000 len 0001C710 (113 KiB): Retention RAM
[2026-05-23 15:00:52.742] I (191) heap_init: At 3FCDC710 len 00002950 (10 KiB): Retention RAM
[2026-05-23 15:00:52.744] I (192) heap_init: At 5000021C len 00001DCC (7 KiB): RTCRAM
[2026-05-23 15:00:52.746] I (194) spi_flash: detected chip: generic
[2026-05-23 15:00:52.747] I (194) spi_flash: flash io: dio
[2026-05-23 15:00:52.749] W (194) spi_flash: Detected size(4096k) larger than the size in the binary image header(2048k). Using the size in the binary image header.
[2026-05-23 15:00:52.750] I (196) sleep_gpio: Configure to isolate all GPIO pins in sleep state
[2026-05-23 15:00:52.752] I (196) sleep_gpio: Enable automatic switching of GPIO sleep configuration
[2026-05-23 15:00:52.752] I (197) main_task: Started on CPU0
[2026-05-23 15:00:52.753] I (197) main_task: Calling app_main()
[2026-05-23 15:00:52.754] WCAN_CFG_WAIT v=1
# UART boot config sent: wcan v=1 role=sensor transport=BROADCAST test_duration_ms=30000 host_wait_time_ms=5000 base=0xd0 count=1 hz=200 linger=100
[2026-05-23 15:00:52.755] WCAN_CFG_WAIT v=1
[2026-05-23 15:00:55.194] WCAN_CFG_ACK
[2026-05-23 15:00:55.195] WCAN_CFG_ACK
[2026-05-23 15:00:55.199] I (2834) pp: pp rom version: 9387209
[2026-05-23 15:00:55.200] I (2835) net80211: net80211 rom version: 9387209
[2026-05-23 15:00:55.202] I (2836) wifi:wifi driver task: 3fca77a4, prio:23, stack:6656, core=0
[2026-05-23 15:00:55.205] I (2840) wifi:wifi firmware version: 79fa3f41ba
[2026-05-23 15:00:55.206] I (2840) wifi:wifi certification version: v7.0
[2026-05-23 15:00:55.208] I (2840) wifi:config NVS flash: enabled
[2026-05-23 15:00:55.209] I (2840) wifi:config nano formatting: disabled
[2026-05-23 15:00:55.210] I (2841) wifi:Init data frame dynamic rx buffer num: 32
[2026-05-23 15:00:55.211] I (2841) wifi:Init static rx mgmt buffer num: 5
[2026-05-23 15:00:55.212] I (2842) wifi:Init management short buffer num: 32
[2026-05-23 15:00:55.213] I (2842) wifi:Init dynamic tx buffer num: 32
[2026-05-23 15:00:55.214] I (2843) wifi:Init static tx FG buffer num: 2
[2026-05-23 15:00:55.215] I (2843) wifi:Init static rx buffer size: 1600
[2026-05-23 15:00:55.216] I (2844) wifi:Init static rx buffer num: 10
[2026-05-23 15:00:55.217] I (2844) wifi:Init dynamic rx buffer num: 32
[2026-05-23 15:00:55.218] I (2846) wifi_init: rx ba win: 6
[2026-05-23 15:00:55.219] I (2846) wifi_init: accept mbox: 6
[2026-05-23 15:00:55.219] I (2846) wifi_init: tcpip mbox: 32
[2026-05-23 15:00:55.220] I (2846) wifi_init: udp mbox: 6
[2026-05-23 15:00:55.221] I (2846) wifi_init: tcp mbox: 6
[2026-05-23 15:00:55.221] I (2847) wifi_init: tcp tx win: 5760
[2026-05-23 15:00:55.222] I (2847) wifi_init: tcp rx win: 5760
[2026-05-23 15:00:55.223] I (2848) wifi_init: tcp mss: 1440
[2026-05-23 15:00:55.224] I (2848) wifi_init: WiFi IRAM OP enabled
[2026-05-23 15:00:55.225] I (2848) wifi_init: WiFi RX IRAM OP enabled
[2026-05-23 15:00:55.226] I (2849) phy_init: phy_version 1200,2b7123f9,Feb 18 2025,15:22:21
[2026-05-23 15:00:55.249] I (2883) wifi:mode : sta (54:32:04:8c:0b:8c)
[2026-05-23 15:00:55.249] I (2883) wifi:enable tsf
[2026-05-23 15:00:55.251] I (2886) ESPNOW: espnow [version: 2.0] init
[2026-05-23 15:00:55.252] WCAN_TEST_READY role=sensor
# Waiting for phased test start
# UART test start sent: WCAN_TEST_START at 2026-05-23T15:00:55.264304
[2026-05-23 15:01:25.610] P(FAIL):33048:d0:282:5922:5942:21
[2026-05-23 15:01:26.409] P(FAIL):33848:d0:283:5943:5963:21
[2026-05-23 15:01:26.578] WCAN_BATCH id=0xd0 count=286 avg_hz=9.52 avg_points=20.98 min_points=14 max_points=21 avg_interval_ms=105.00 min_interval_ms=104.91 max_interval_ms=105.09 avg_dispatch_ms=1.84 max_dispatch_ms=4.60 dispatched_count=286 avg_queue_wait_ms=1.81 max_queue_wait_ms=248.74
[2026-05-23 15:01:26.578] WCAN_SENSOR_END generated=5998 avg_hz=199.97
[2026-05-23 15:01:26.583] WCAN_MEASURES elapsed_ms=29999 heap_start_free=126648 heap_end_free=141436 heap_start_min_free=126548 heap_end_min_free=126308 heap_start_largest=98304 heap_end_largest=98304 airtime_us_total=524669 packets_sent_total=286 sensor_send_failures_total=0
[2026-05-23 15:01:26.583] WCAN_TEST_END role=sensor

# Monitor stopped: 2026-05-23T15:01:26.583621
