# Monitor started: 2026-05-23T18:22:33.051929
# Port: /dev/ttyACM0, Baud: 921600, Timeout: 35.000s after WCAN_TEST_START

# UART boot config: wcan v=1 role=sensor transport=BROADCAST test_duration_ms=30000 host_wait_time_ms=5000 base=0xd0 count=1 hz=1000 linger=100
[2026-05-23 18:22:33.058] ESP-ROM:esp32c3-api1-20210207
[2026-05-23 18:22:33.069] Build:Feb  7 2021
[2026-05-23 18:22:33.097] rst:0x15 (USB_UART_CHIP_RESET),boot:0xd (SPI_FAST_FLASH_BOOT)
[2026-05-23 18:22:33.099] Saved PC:0x40384eba
[2026-05-23 18:22:33.102] SPIWP:0xee
[2026-05-23 18:22:33.104] mode:DIO, clock div:1
[2026-05-23 18:22:33.108] load:0x3fcd5820,len:0x1574
[2026-05-23 18:22:33.111] load:0x403cc710,len:0xc30
[2026-05-23 18:22:33.113] load:0x403ce710,len:0x2fa0
[2026-05-23 18:22:33.116] entry 0x403cc71a
[2026-05-23 18:22:33.123] I (24) boot: ESP-IDF v5.4.1 2nd stage bootloader
[2026-05-23 18:22:33.129] I (24) boot: compile time May 20 2026 00:05:32
[2026-05-23 18:22:33.130] I (24) boot: chip revision: v0.4
[2026-05-23 18:22:33.131] I (25) boot: efuse block revision: v1.3
[2026-05-23 18:22:33.133] I (25) boot.esp32c3: SPI Speed      : 80MHz
[2026-05-23 18:22:33.134] I (25) boot.esp32c3: SPI Mode       : DIO
[2026-05-23 18:22:33.139] I (26) boot.esp32c3: SPI Flash Size : 2MB
[2026-05-23 18:22:33.144] I (26) boot: Enabling RNG early entropy source...
[2026-05-23 18:22:33.148] I (27) boot: Partition Table:
[2026-05-23 18:22:33.152] I (27) boot: ## Label            Usage          Type ST Offset   Length
[2026-05-23 18:22:33.155] I (28) boot:  0 nvs              WiFi data        01 02 00009000 00006000
[2026-05-23 18:22:33.156] I (29) boot:  1 phy_init         RF data          01 01 0000f000 00001000
[2026-05-23 18:22:33.158] I (29) boot:  2 factory          factory app      00 00 00010000 00100000
[2026-05-23 18:22:33.161] I (30) boot: End of partition table
[2026-05-23 18:22:33.170] I (31) esp_image: segment 0: paddr=00010020 vaddr=3c0a0020 size=1977ch (104316) map
[2026-05-23 18:22:33.174] I (48) esp_image: segment 1: paddr=000297a4 vaddr=3fc95200 size=02da0h ( 11680) load
[2026-05-23 18:22:33.176] I (51) esp_image: segment 2: paddr=0002c54c vaddr=40380000 size=03acch ( 15052) load
[2026-05-23 18:22:33.179] I (54) esp_image: segment 3: paddr=00030020 vaddr=42000020 size=9942ch (627756) map
[2026-05-23 18:22:33.181] I (154) esp_image: segment 4: paddr=000c9454 vaddr=40383acc size=11614h ( 71188) load
[2026-05-23 18:22:33.183] I (168) esp_image: segment 5: paddr=000daa70 vaddr=50000200 size=0001ch (    28) load
[2026-05-23 18:22:33.185] I (175) boot: Loaded app from partition at offset 0x10000
[2026-05-23 18:22:33.186] I (175) boot: Disabling RNG early entropy source...
[2026-05-23 18:22:33.187] I (176) cpu_start: Unicore app
[2026-05-23 18:22:33.189] I (185) cpu_start: Pro cpu start user code
[2026-05-23 18:22:33.190] I (185) cpu_start: cpu freq: 160000000 Hz
[2026-05-23 18:22:33.191] I (185) app_init: Application information:
[2026-05-23 18:22:33.194] I (185) app_init: Project name:     sensor_acquirer
[2026-05-23 18:22:33.196] I (185) app_init: App version:      v1.0-171-gbbe0783
[2026-05-23 18:22:33.203] I (186) app_init: Compile time:     May 23 2026 14:30:31
[2026-05-23 18:22:33.206] I (186) app_init: ELF file SHA256:  493679023...
[2026-05-23 18:22:33.207] I (187) app_init: ESP-IDF:          v5.4.1
[2026-05-23 18:22:33.209] I (188) efuse_init: Min chip rev:     v0.3
[2026-05-23 18:22:33.211] I (188) efuse_init: Max chip rev:     v1.99
[2026-05-23 18:22:33.213] I (188) efuse_init: Chip rev:         v0.4
[2026-05-23 18:22:33.216] I (189) heap_init: Initializing. RAM available for dynamic allocation:
[2026-05-23 18:22:33.220] I (190) heap_init: At 3FC9C340 len 00023CC0 (143 KiB): RAM
[2026-05-23 18:22:33.223] I (190) heap_init: At 3FCC0000 len 0001C710 (113 KiB): Retention RAM
[2026-05-23 18:22:33.225] I (191) heap_init: At 3FCDC710 len 00002950 (10 KiB): Retention RAM
[2026-05-23 18:22:33.229] I (192) heap_init: At 5000021C len 00001DCC (7 KiB): RTCRAM
[2026-05-23 18:22:33.233] I (194) spi_flash: detected chip: generic
[2026-05-23 18:22:33.235] I (194) spi_flash: flash io: dio
[2026-05-23 18:22:33.239] W (194) spi_flash: Detected size(4096k) larger than the size in the binary image header(2048k). Using the size in the binary image header.
[2026-05-23 18:22:33.241] I (195) sleep_gpio: Configure to isolate all GPIO pins in sleep state
[2026-05-23 18:22:33.249] I (196) sleep_gpio: Enable automatic switching of GPIO sleep configuration
[2026-05-23 18:22:33.251] I (197) main_task: Started on CPU0
[2026-05-23 18:22:33.253] I (197) main_task: Calling app_main()
[2026-05-23 18:22:33.253] WCAN_CFG_WAIT v=1
# UART boot config sent: wcan v=1 role=sensor transport=BROADCAST test_duration_ms=30000 host_wait_time_ms=5000 base=0xd0 count=1 hz=1000 linger=100
[2026-05-23 18:22:33.255] WCAN_CFG_WAIT v=1
[2026-05-23 18:22:35.730] WCAN_CFG_ACK
[2026-05-23 18:22:35.731] WCAN_CFG_ACK
[2026-05-23 18:22:35.735] I (2882) pp: pp rom version: 9387209
[2026-05-23 18:22:35.737] I (2883) net80211: net80211 rom version: 9387209
[2026-05-23 18:22:35.740] I (2884) wifi:wifi driver task: 3fca77a4, prio:23, stack:6656, core=0
[2026-05-23 18:22:35.741] I (2888) wifi:wifi firmware version: 79fa3f41ba
[2026-05-23 18:22:35.742] I (2888) wifi:wifi certification version: v7.0
[2026-05-23 18:22:35.743] I (2888) wifi:config NVS flash: enabled
[2026-05-23 18:22:35.744] I (2888) wifi:config nano formatting: disabled
[2026-05-23 18:22:35.745] I (2889) wifi:Init data frame dynamic rx buffer num: 32
[2026-05-23 18:22:35.747] I (2889) wifi:Init static rx mgmt buffer num: 5
[2026-05-23 18:22:35.748] I (2890) wifi:Init management short buffer num: 32
[2026-05-23 18:22:35.749] I (2890) wifi:Init dynamic tx buffer num: 32
[2026-05-23 18:22:35.750] I (2891) wifi:Init static tx FG buffer num: 2
[2026-05-23 18:22:35.750] I (2891) wifi:Init static rx buffer size: 1600
[2026-05-23 18:22:35.751] I (2892) wifi:Init static rx buffer num: 10
[2026-05-23 18:22:35.752] I (2892) wifi:Init dynamic rx buffer num: 32
[2026-05-23 18:22:35.753] I (2893) wifi_init: rx ba win: 6
[2026-05-23 18:22:35.753] I (2894) wifi_init: accept mbox: 6
[2026-05-23 18:22:35.754] I (2894) wifi_init: tcpip mbox: 32
[2026-05-23 18:22:35.755] I (2894) wifi_init: udp mbox: 6
[2026-05-23 18:22:35.755] I (2894) wifi_init: tcp mbox: 6
[2026-05-23 18:22:35.756] I (2895) wifi_init: tcp tx win: 5760
[2026-05-23 18:22:35.757] I (2895) wifi_init: tcp rx win: 5760
[2026-05-23 18:22:35.757] I (2896) wifi_init: tcp mss: 1440
[2026-05-23 18:22:35.758] I (2896) wifi_init: WiFi IRAM OP enabled
[2026-05-23 18:22:35.758] I (2896) wifi_init: WiFi RX IRAM OP enabled
[2026-05-23 18:22:35.759] I (2897) phy_init: phy_version 1200,2b7123f9,Feb 18 2025,15:22:21
[2026-05-23 18:22:35.784] I (2931) wifi:mode : sta (54:32:04:8c:0b:8c)
[2026-05-23 18:22:35.784] I (2931) wifi:enable tsf
[2026-05-23 18:22:35.787] I (2934) ESPNOW: espnow [version: 2.0] init
[2026-05-23 18:22:35.788] WCAN_TEST_READY role=sensor
# Waiting for phased test start
# UART test start sent: WCAN_TEST_START at 2026-05-23T18:22:35.799026
[2026-05-23 18:22:36.613] P(FAIL):3564:d0:0:0:100:101
[2026-05-23 18:22:36.936] P(FAIL):3887:d0:1:101:201:101
[2026-05-23 18:22:37.390] P(FAIL):4341:d0:8:808:908:101
[2026-05-23 18:22:37.827] P(FAIL):4778:d0:12:1212:1312:101
[2026-05-23 18:22:38.300] P(FAIL):5251:d0:17:1717:1817:101
[2026-05-23 18:22:38.706] P(FAIL):5657:d0:21:2121:2221:101
[2026-05-23 18:22:39.183] P(FAIL):6134:d0:25:2525:2625:101
[2026-05-23 18:22:39.633] P(FAIL):6584:d0:28:2828:2928:101
[2026-05-23 18:22:40.044] P(FAIL):6995:d0:30:3030:3130:101
[2026-05-23 18:22:40.324] P(FAIL):7275:d0:31:3131:3231:101
[2026-05-23 18:22:40.716] P(FAIL):7667:d0:36:3636:3736:101
[2026-05-23 18:22:41.583] P(FAIL):8534:d0:49:5024:5124:101
[2026-05-23 18:23:06.321] P(FAIL):33272:d0:293:29668:29768:101
[2026-05-23 18:23:07.115] WCAN_BATCH id=0xd0 count=297 avg_hz=9.88 avg_points=100.75 min_points=28 max_points=101 avg_interval_ms=101.25 min_interval_ms=100.94 max_interval_ms=176.04 avg_dispatch_ms=4.58 max_dispatch_ms=8.62 dispatched_count=332 avg_queue_wait_ms=81.67 max_queue_wait_ms=929.78
[2026-05-23 18:23:07.116] WCAN_SENSOR_END generated=29998 avg_hz=1000.00
[2026-05-23 18:23:07.116] S(FAIL):34061:d0:0:4141:4215:75
[2026-05-23 18:23:07.118] WCAN_MEASURES elapsed_ms=29999 heap_start_free=126648 heap_end_free=141360 heap_start_min_free=124496 heap_end_min_free=123820 heap_start_largest=98304 heap_end_largest=98304 airtime_us_total=1517705 packets_sent_total=332 sensor_send_failures_total=75
[2026-05-23 18:23:07.118] WCAN_TEST_END role=sensor

# Monitor stopped: 2026-05-23T18:23:07.118475
