# Monitor started: 2026-05-23T14:45:59.200454
# Port: /dev/ttyACM0, Baud: 921600, Timeout: 35.000s after WCAN_TEST_START

# UART boot config: wcan v=1 role=sensor transport=BROADCAST test_duration_ms=30000 host_wait_time_ms=5000 base=0xd0 count=1 hz=100 linger=100
[2026-05-23 14:45:59.206] ESP-ROM:esp32c3-api1-20210207
[2026-05-23 14:45:59.212] Build:Feb  7 2021
[2026-05-23 14:45:59.237] rst:0x15 (USB_UART_CHIP_RESET),boot:0xd (SPI_FAST_FLASH_BOOT)
[2026-05-23 14:45:59.241] Saved PC:0x40384eba
[2026-05-23 14:45:59.245] SPIWP:0xee
[2026-05-23 14:45:59.252] mode:DIO, clock div:1
[2026-05-23 14:45:59.262] load:0x3fcd5820,len:0x1574
[2026-05-23 14:45:59.267] load:0x403cc710,len:0xc30
[2026-05-23 14:45:59.269] load:0x403ce710,len:0x2fa0
[2026-05-23 14:45:59.269] entry 0x403cc71a
[2026-05-23 14:45:59.272] I (24) boot: ESP-IDF v5.4.1 2nd stage bootloader
[2026-05-23 14:45:59.274] I (24) boot: compile time May 20 2026 00:05:32
[2026-05-23 14:45:59.275] I (25) boot: chip revision: v0.4
[2026-05-23 14:45:59.276] I (25) boot: efuse block revision: v1.3
[2026-05-23 14:45:59.281] I (25) boot.esp32c3: SPI Speed      : 80MHz
[2026-05-23 14:45:59.283] I (25) boot.esp32c3: SPI Mode       : DIO
[2026-05-23 14:45:59.287] I (26) boot.esp32c3: SPI Flash Size : 2MB
[2026-05-23 14:45:59.289] I (26) boot: Enabling RNG early entropy source...
[2026-05-23 14:45:59.290] I (27) boot: Partition Table:
[2026-05-23 14:45:59.296] I (27) boot: ## Label            Usage          Type ST Offset   Length
[2026-05-23 14:45:59.299] I (28) boot:  0 nvs              WiFi data        01 02 00009000 00006000
[2026-05-23 14:45:59.300] I (29) boot:  1 phy_init         RF data          01 01 0000f000 00001000
[2026-05-23 14:45:59.316] I (29) boot:  2 factory          factory app      00 00 00010000 00100000
[2026-05-23 14:45:59.322] I (30) boot: End of partition table
[2026-05-23 14:45:59.329] I (31) esp_image: segment 0: paddr=00010020 vaddr=3c0a0020 size=1977ch (104316) map
[2026-05-23 14:45:59.331] I (48) esp_image: segment 1: paddr=000297a4 vaddr=3fc95200 size=02da0h ( 11680) load
[2026-05-23 14:45:59.348] I (51) esp_image: segment 2: paddr=0002c54c vaddr=40380000 size=03acch ( 15052) load
[2026-05-23 14:45:59.354] I (54) esp_image: segment 3: paddr=00030020 vaddr=42000020 size=9942ch (627756) map
[2026-05-23 14:45:59.355] I (154) esp_image: segment 4: paddr=000c9454 vaddr=40383acc size=11614h ( 71188) load
[2026-05-23 14:45:59.356] I (168) esp_image: segment 5: paddr=000daa70 vaddr=50000200 size=0001ch (    28) load
[2026-05-23 14:45:59.358] I (175) boot: Loaded app from partition at offset 0x10000
[2026-05-23 14:45:59.359] I (175) boot: Disabling RNG early entropy source...
[2026-05-23 14:45:59.361] I (176) cpu_start: Unicore app
[2026-05-23 14:45:59.365] I (185) cpu_start: Pro cpu start user code
[2026-05-23 14:45:59.365] I (185) cpu_start: cpu freq: 160000000 Hz
[2026-05-23 14:45:59.367] I (185) app_init: Application information:
[2026-05-23 14:45:59.368] I (185) app_init: Project name:     sensor_acquirer
[2026-05-23 14:45:59.378] I (185) app_init: App version:      v1.0-171-gbbe0783
[2026-05-23 14:45:59.386] I (186) app_init: Compile time:     May 23 2026 14:30:31
[2026-05-23 14:45:59.391] I (186) app_init: ELF file SHA256:  493679023...
[2026-05-23 14:45:59.395] I (187) app_init: ESP-IDF:          v5.4.1
[2026-05-23 14:45:59.399] I (187) efuse_init: Min chip rev:     v0.3
[2026-05-23 14:45:59.400] I (188) efuse_init: Max chip rev:     v1.99
[2026-05-23 14:45:59.401] I (188) efuse_init: Chip rev:         v0.4
[2026-05-23 14:45:59.404] I (189) heap_init: Initializing. RAM available for dynamic allocation:
[2026-05-23 14:45:59.405] I (190) heap_init: At 3FC9C340 len 00023CC0 (143 KiB): RAM
[2026-05-23 14:45:59.416] I (190) heap_init: At 3FCC0000 len 0001C710 (113 KiB): Retention RAM
[2026-05-23 14:45:59.417] I (191) heap_init: At 3FCDC710 len 00002950 (10 KiB): Retention RAM
[2026-05-23 14:45:59.418] I (192) heap_init: At 5000021C len 00001DCC (7 KiB): RTCRAM
[2026-05-23 14:45:59.419] I (193) spi_flash: detected chip: generic
[2026-05-23 14:45:59.419] I (193) spi_flash: flash io: dio
[2026-05-23 14:45:59.423] W (194) spi_flash: Detected size(4096k) larger than the size in the binary image header(2048k). Using the size in the binary image header.
[2026-05-23 14:45:59.425] I (195) sleep_gpio: Configure to isolate all GPIO pins in sleep state
[2026-05-23 14:45:59.426] I (196) sleep_gpio: Enable automatic switching of GPIO sleep configuration
[2026-05-23 14:45:59.426] I (197) main_task: Started on CPU0
[2026-05-23 14:45:59.426] I (197) main_task: Calling app_main()
[2026-05-23 14:45:59.427] WCAN_CFG_WAIT v=1
# UART boot config sent: wcan v=1 role=sensor transport=BROADCAST test_duration_ms=30000 host_wait_time_ms=5000 base=0xd0 count=1 hz=100 linger=100
[2026-05-23 14:45:59.427] WCAN_CFG_WAIT v=1
[2026-05-23 14:46:01.868] WCAN_CFG_ACK
[2026-05-23 14:46:01.870] WCAN_CFG_ACK
[2026-05-23 14:46:01.874] I (2871) pp: pp rom version: 9387209
[2026-05-23 14:46:01.878] I (2872) net80211: net80211 rom version: 9387209
[2026-05-23 14:46:01.881] I (2873) wifi:wifi driver task: 3fca77a4, prio:23, stack:6656, core=0
[2026-05-23 14:46:01.883] I (2877) wifi:wifi firmware version: 79fa3f41ba
[2026-05-23 14:46:01.885] I (2877) wifi:wifi certification version: v7.0
[2026-05-23 14:46:01.887] I (2877) wifi:config NVS flash: enabled
[2026-05-23 14:46:01.887] I (2877) wifi:config nano formatting: disabled
[2026-05-23 14:46:01.888] I (2878) wifi:Init data frame dynamic rx buffer num: 32
[2026-05-23 14:46:01.889] I (2878) wifi:Init static rx mgmt buffer num: 5
[2026-05-23 14:46:01.889] I (2879) wifi:Init management short buffer num: 32
[2026-05-23 14:46:01.890] I (2879) wifi:Init dynamic tx buffer num: 32
[2026-05-23 14:46:01.890] I (2880) wifi:Init static tx FG buffer num: 2
[2026-05-23 14:46:01.890] I (2880) wifi:Init static rx buffer size: 1600
[2026-05-23 14:46:01.891] I (2881) wifi:Init static rx buffer num: 10
[2026-05-23 14:46:01.891] I (2881) wifi:Init dynamic rx buffer num: 32
[2026-05-23 14:46:01.891] I (2883) wifi_init: rx ba win: 6
[2026-05-23 14:46:01.892] I (2883) wifi_init: accept mbox: 6
[2026-05-23 14:46:01.892] I (2883) wifi_init: tcpip mbox: 32
[2026-05-23 14:46:01.893] I (2883) wifi_init: udp mbox: 6
[2026-05-23 14:46:01.893] I (2883) wifi_init: tcp mbox: 6
[2026-05-23 14:46:01.894] I (2884) wifi_init: tcp tx win: 5760
[2026-05-23 14:46:01.894] I (2884) wifi_init: tcp rx win: 5760
[2026-05-23 14:46:01.895] I (2885) wifi_init: tcp mss: 1440
[2026-05-23 14:46:01.895] I (2885) wifi_init: WiFi IRAM OP enabled
[2026-05-23 14:46:01.895] I (2885) wifi_init: WiFi RX IRAM OP enabled
[2026-05-23 14:46:01.896] I (2886) phy_init: phy_version 1200,2b7123f9,Feb 18 2025,15:22:21
[2026-05-23 14:46:01.933] I (2931) wifi:mode : sta (54:32:04:8c:0b:8c)
[2026-05-23 14:46:01.933] I (2932) wifi:enable tsf
[2026-05-23 14:46:01.936] I (2935) ESPNOW: espnow [version: 2.0] init
[2026-05-23 14:46:01.937] WCAN_TEST_READY role=sensor
# Waiting for phased test start
# UART test start sent: WCAN_TEST_START at 2026-05-23T14:46:01.948950
[2026-05-23 14:46:32.281] P(FAIL):33083:d0:269:2959:2969:11
[2026-05-23 14:46:33.080] P(FAIL):33883:d0:270:2970:2980:11
[2026-05-23 14:46:33.262] WCAN_BATCH id=0xd0 count=273 avg_hz=9.09 avg_points=10.99 min_points=7 max_points=11 avg_interval_ms=110.00 min_interval_ms=109.91 max_interval_ms=110.08 avg_dispatch_ms=2.50 max_dispatch_ms=11.65 dispatched_count=273 avg_queue_wait_ms=1.85 max_queue_wait_ms=242.74
[2026-05-23 14:46:33.263] WCAN_SENSOR_END generated=2998 avg_hz=99.97
[2026-05-23 14:46:33.264] WCAN_MEASURES elapsed_ms=29999 heap_start_free=126648 heap_end_free=141436 heap_start_min_free=126648 heap_end_min_free=126348 heap_start_largest=98304 heap_end_largest=98304 airtime_us_total=678786 packets_sent_total=273 sensor_send_failures_total=0
[2026-05-23 14:46:33.264] WCAN_TEST_END role=sensor

# Monitor stopped: 2026-05-23T14:46:33.264686
