# Monitor started: 2026-05-23T17:05:25.109471
# Port: /dev/ttyACM0, Baud: 921600, Timeout: 35.000s after WCAN_TEST_START

# UART boot config: wcan v=1 role=sensor transport=BROADCAST test_duration_ms=30000 host_wait_time_ms=5000 base=0xd0 count=1 hz=200 linger=0
[2026-05-23 17:05:25.117] ESP-ROM:esp32c3-api1-20210207
[2026-05-23 17:05:25.125] Build:Feb  7 2021
[2026-05-23 17:05:25.138] rst:0x15 (USB_UART_CHIP_RESET),boot:0xd (SPI_FAST_FLASH_BOOT)
[2026-05-23 17:05:25.147] Saved PC:0x40384eba
[2026-05-23 17:05:25.150] SPIWP:0xee
[2026-05-23 17:05:25.160] mode:DIO, clock div:1
[2026-05-23 17:05:25.166] load:0x3fcd5820,len:0x1574
[2026-05-23 17:05:25.171] load:0x403cc710,len:0xc30
[2026-05-23 17:05:25.173] load:0x403ce710,len:0x2fa0
[2026-05-23 17:05:25.176] entry 0x403cc71a
[2026-05-23 17:05:25.181] I (24) boot: ESP-IDF v5.4.1 2nd stage bootloader
[2026-05-23 17:05:25.186] I (24) boot: compile time May 20 2026 00:05:32
[2026-05-23 17:05:25.190] I (25) boot: chip revision: v0.4
[2026-05-23 17:05:25.191] I (25) boot: efuse block revision: v1.3
[2026-05-23 17:05:25.193] I (25) boot.esp32c3: SPI Speed      : 80MHz
[2026-05-23 17:05:25.194] I (25) boot.esp32c3: SPI Mode       : DIO
[2026-05-23 17:05:25.196] I (26) boot.esp32c3: SPI Flash Size : 2MB
[2026-05-23 17:05:25.198] I (26) boot: Enabling RNG early entropy source...
[2026-05-23 17:05:25.200] I (27) boot: Partition Table:
[2026-05-23 17:05:25.202] I (27) boot: ## Label            Usage          Type ST Offset   Length
[2026-05-23 17:05:25.205] I (28) boot:  0 nvs              WiFi data        01 02 00009000 00006000
[2026-05-23 17:05:25.208] I (29) boot:  1 phy_init         RF data          01 01 0000f000 00001000
[2026-05-23 17:05:25.212] I (29) boot:  2 factory          factory app      00 00 00010000 00100000
[2026-05-23 17:05:25.218] I (30) boot: End of partition table
[2026-05-23 17:05:25.221] I (31) esp_image: segment 0: paddr=00010020 vaddr=3c0a0020 size=1977ch (104316) map
[2026-05-23 17:05:25.225] I (48) esp_image: segment 1: paddr=000297a4 vaddr=3fc95200 size=02da0h ( 11680) load
[2026-05-23 17:05:25.230] I (51) esp_image: segment 2: paddr=0002c54c vaddr=40380000 size=03acch ( 15052) load
[2026-05-23 17:05:25.236] I (54) esp_image: segment 3: paddr=00030020 vaddr=42000020 size=9942ch (627756) map
[2026-05-23 17:05:25.249] I (154) esp_image: segment 4: paddr=000c9454 vaddr=40383acc size=11614h ( 71188) load
[2026-05-23 17:05:25.256] I (168) esp_image: segment 5: paddr=000daa70 vaddr=50000200 size=0001ch (    28) load
[2026-05-23 17:05:25.257] I (175) boot: Loaded app from partition at offset 0x10000
[2026-05-23 17:05:25.259] I (175) boot: Disabling RNG early entropy source...
[2026-05-23 17:05:25.261] I (176) cpu_start: Unicore app
[2026-05-23 17:05:25.263] I (185) cpu_start: Pro cpu start user code
[2026-05-23 17:05:25.266] I (185) cpu_start: cpu freq: 160000000 Hz
[2026-05-23 17:05:25.268] I (185) app_init: Application information:
[2026-05-23 17:05:25.269] I (185) app_init: Project name:     sensor_acquirer
[2026-05-23 17:05:25.271] I (185) app_init: App version:      v1.0-171-gbbe0783
[2026-05-23 17:05:25.275] I (186) app_init: Compile time:     May 23 2026 14:30:31
[2026-05-23 17:05:25.278] I (186) app_init: ELF file SHA256:  493679023...
[2026-05-23 17:05:25.281] I (187) app_init: ESP-IDF:          v5.4.1
[2026-05-23 17:05:25.285] I (187) efuse_init: Min chip rev:     v0.3
[2026-05-23 17:05:25.287] I (188) efuse_init: Max chip rev:     v1.99
[2026-05-23 17:05:25.289] I (188) efuse_init: Chip rev:         v0.4
[2026-05-23 17:05:25.294] I (189) heap_init: Initializing. RAM available for dynamic allocation:
[2026-05-23 17:05:25.296] I (190) heap_init: At 3FC9C340 len 00023CC0 (143 KiB): RAM
[2026-05-23 17:05:25.299] I (190) heap_init: At 3FCC0000 len 0001C710 (113 KiB): Retention RAM
[2026-05-23 17:05:25.300] I (191) heap_init: At 3FCDC710 len 00002950 (10 KiB): Retention RAM
[2026-05-23 17:05:25.302] I (192) heap_init: At 5000021C len 00001DCC (7 KiB): RTCRAM
[2026-05-23 17:05:25.303] I (193) spi_flash: detected chip: generic
[2026-05-23 17:05:25.304] I (194) spi_flash: flash io: dio
[2026-05-23 17:05:25.309] W (194) spi_flash: Detected size(4096k) larger than the size in the binary image header(2048k). Using the size in the binary image header.
[2026-05-23 17:05:25.312] I (195) sleep_gpio: Configure to isolate all GPIO pins in sleep state
[2026-05-23 17:05:25.313] I (196) sleep_gpio: Enable automatic switching of GPIO sleep configuration
[2026-05-23 17:05:25.314] I (197) main_task: Started on CPU0
[2026-05-23 17:05:25.315] I (197) main_task: Calling app_main()
[2026-05-23 17:05:25.315] WCAN_CFG_WAIT v=1
# UART boot config sent: wcan v=1 role=sensor transport=BROADCAST test_duration_ms=30000 host_wait_time_ms=5000 base=0xd0 count=1 hz=200 linger=0
[2026-05-23 17:05:25.316] WCAN_CFG_WAIT v=1
[2026-05-23 17:05:27.727] WCAN_CFG_ACK
[2026-05-23 17:05:27.727] WCAN_CFG_ACK
[2026-05-23 17:05:27.732] I (2822) pp: pp rom version: 9387209
[2026-05-23 17:05:27.733] I (2823) net80211: net80211 rom version: 9387209
[2026-05-23 17:05:27.734] I (2824) wifi:wifi driver task: 3fca77a4, prio:23, stack:6656, core=0
[2026-05-23 17:05:27.738] I (2828) wifi:wifi firmware version: 79fa3f41ba
[2026-05-23 17:05:27.738] I (2828) wifi:wifi certification version: v7.0
[2026-05-23 17:05:27.739] I (2828) wifi:config NVS flash: enabled
[2026-05-23 17:05:27.739] I (2828) wifi:config nano formatting: disabled
[2026-05-23 17:05:27.740] I (2829) wifi:Init data frame dynamic rx buffer num: 32
[2026-05-23 17:05:27.740] I (2829) wifi:Init static rx mgmt buffer num: 5
[2026-05-23 17:05:27.740] I (2830) wifi:Init management short buffer num: 32
[2026-05-23 17:05:27.741] I (2830) wifi:Init dynamic tx buffer num: 32
[2026-05-23 17:05:27.741] I (2831) wifi:Init static tx FG buffer num: 2
[2026-05-23 17:05:27.742] I (2831) wifi:Init static rx buffer size: 1600
[2026-05-23 17:05:27.742] I (2832) wifi:Init static rx buffer num: 10
[2026-05-23 17:05:27.743] I (2832) wifi:Init dynamic rx buffer num: 32
[2026-05-23 17:05:27.743] I (2834) wifi_init: rx ba win: 6
[2026-05-23 17:05:27.744] I (2834) wifi_init: accept mbox: 6
[2026-05-23 17:05:27.744] I (2834) wifi_init: tcpip mbox: 32
[2026-05-23 17:05:27.744] I (2834) wifi_init: udp mbox: 6
[2026-05-23 17:05:27.744] I (2834) wifi_init: tcp mbox: 6
[2026-05-23 17:05:27.745] I (2835) wifi_init: tcp tx win: 5760
[2026-05-23 17:05:27.745] I (2835) wifi_init: tcp rx win: 5760
[2026-05-23 17:05:27.746] I (2836) wifi_init: tcp mss: 1440
[2026-05-23 17:05:27.746] I (2836) wifi_init: WiFi IRAM OP enabled
[2026-05-23 17:05:27.747] I (2836) wifi_init: WiFi RX IRAM OP enabled
[2026-05-23 17:05:27.748] I (2837) phy_init: phy_version 1200,2b7123f9,Feb 18 2025,15:22:21
[2026-05-23 17:05:27.781] I (2871) wifi:mode : sta (54:32:04:8c:0b:8c)
[2026-05-23 17:05:27.781] I (2871) wifi:enable tsf
[2026-05-23 17:05:27.784] I (2874) ESPNOW: espnow [version: 2.0] init
[2026-05-23 17:05:27.785] WCAN_TEST_READY role=sensor
# Waiting for phased test start
# UART test start sent: WCAN_TEST_START at 2026-05-23T17:05:27.797126
[2026-05-23 17:05:31.096] S(FAIL):5989:d0:0:594:594:1
[2026-05-23 17:05:31.121] S(FAIL):6014:d0:0:597:597:1
[2026-05-23 17:05:31.131] S(FAIL):6024:d0:0:602:602:1
[2026-05-23 17:05:31.146] S(FAIL):6039:d0:0:604:604:1
[2026-05-23 17:05:31.156] S(FAIL):6049:d0:0:607:607:1
[2026-05-23 17:05:31.176] S(FAIL):6069:d0:0:609:609:1
[2026-05-23 17:05:31.211] S(FAIL):6104:d0:0:613:613:1
[2026-05-23 17:05:31.221] S(FAIL):6114:d0:0:620:620:1
[2026-05-23 17:05:31.241] S(FAIL):6134:d0:0:622:623:2
[2026-05-23 17:05:36.106] S(FAIL):10999:d0:0:626:626:1
[2026-05-23 17:05:36.116] S(FAIL):11009:d0:0:1599:1599:1
[2026-05-23 17:05:36.126] S(FAIL):11019:d0:0:1601:1601:1
[2026-05-23 17:05:36.141] S(FAIL):11034:d0:0:1603:1603:1
[2026-05-23 17:05:36.151] S(FAIL):11044:d0:0:1606:1606:1
[2026-05-23 17:05:36.171] S(FAIL):11064:d0:0:1608:1608:1
[2026-05-23 17:05:36.181] S(FAIL):11074:d0:0:1612:1612:1
[2026-05-23 17:05:36.191] S(FAIL):11084:d0:0:1614:1614:1
[2026-05-23 17:05:36.201] S(FAIL):11094:d0:0:1616:1616:1
[2026-05-23 17:05:36.216] S(FAIL):11109:d0:0:1618:1618:1
[2026-05-23 17:05:36.231] S(FAIL):11124:d0:0:1621:1622:2
[2026-05-23 17:05:36.246] S(FAIL):11139:d0:0:1624:1624:1
[2026-05-23 17:05:36.256] S(FAIL):11149:d0:0:1627:1627:1
[2026-05-23 17:05:36.271] S(FAIL):11164:d0:0:1629:1629:1
[2026-05-23 17:05:36.281] S(FAIL):11174:d0:0:1632:1632:1
[2026-05-23 17:05:36.301] S(FAIL):11194:d0:0:1634:1634:1
[2026-05-23 17:05:36.316] S(FAIL):11209:d0:0:1638:1638:1
[2026-05-23 17:05:36.377] S(FAIL):11269:d0:0:1641:1641:1
[2026-05-23 17:05:36.396] S(FAIL):11289:d0:0:1653:1654:2
[2026-05-23 17:05:36.406] S(FAIL):11299:d0:0:1657:1657:1
[2026-05-23 17:05:36.416] S(FAIL):11309:d0:0:1659:1659:1
[2026-05-23 17:05:36.431] S(FAIL):11324:d0:0:1661:1661:1
[2026-05-23 17:05:36.441] S(FAIL):11334:d0:0:1664:1664:1
[2026-05-23 17:05:36.454] S(FAIL):11344:d0:0:1666:1666:1
[2026-05-23 17:05:36.465] S(FAIL):11354:d0:0:1668:1668:1
[2026-05-23 17:05:36.476] S(FAIL):11369:d0:0:1670:1670:1
[2026-05-23 17:05:36.486] S(FAIL):11379:d0:0:1673:1673:1
[2026-05-23 17:05:36.496] S(FAIL):11389:d0:0:1675:1675:1
[2026-05-23 17:05:36.511] S(FAIL):11404:d0:0:1677:1677:1
[2026-05-23 17:05:36.526] S(FAIL):11419:d0:0:1680:1680:1
[2026-05-23 17:05:36.541] S(FAIL):11434:d0:0:1683:1683:1
[2026-05-23 17:05:36.556] S(FAIL):11449:d0:0:1686:1687:2
[2026-05-23 17:05:36.567] S(FAIL):11459:d0:0:1689:1689:1
[2026-05-23 17:05:36.576] S(FAIL):11469:d0:0:1691:1691:1
[2026-05-23 17:05:36.591] S(FAIL):11484:d0:0:1693:1694:2
[2026-05-23 17:05:36.601] S(FAIL):11494:d0:0:1696:1696:1
[2026-05-23 17:05:36.611] S(FAIL):11504:d0:0:1698:1698:1
[2026-05-23 17:05:36.626] S(FAIL):11519:d0:0:1700:1701:2
[2026-05-23 17:05:36.636] S(FAIL):11529:d0:0:1703:1703:1
[2026-05-23 17:05:41.047] S(FAIL):15939:d0:0:1705:1706:2
[2026-05-23 17:05:41.309] P(FAIL):16202:d0:2521:2577:2577:1
[2026-05-23 17:05:42.352] S(FAIL):17244:d0:0:2587:2639:53
[2026-05-23 17:05:42.636] P(FAIL):17529:d0:2729:2838:2838:1
[2026-05-23 17:05:51.212] S(FAIL):26104:d0:0:2848:2905:58
[2026-05-23 17:05:51.552] P(FAIL):26445:d0:4443:4610:4610:1
[2026-05-23 17:05:56.542] S(FAIL):31434:d0:0:4620:4688:69
[2026-05-23 17:05:56.837] P(FAIL):31730:d0:5440:5676:5676:1
[2026-05-23 17:05:57.842] S(FAIL):32734:d0:0:5686:5745:60
[2026-05-23 17:05:58.156] P(FAIL):33049:d0:5640:5936:5936:1
[2026-05-23 17:05:58.956] P(FAIL):33849:d0:5641:5937:5937:1
[2026-05-23 17:05:59.111] WCAN_BATCH id=0xd0 count=5650 avg_hz=190.04 avg_points=1.00 min_points=1 max_points=1 avg_interval_ms=5.26 min_interval_ms=4.87 max_interval_ms=350.05 avg_dispatch_ms=1.27 max_dispatch_ms=14.52 dispatched_count=5656 avg_queue_wait_ms=4.77 max_queue_wait_ms=386.16
[2026-05-23 17:05:59.113] WCAN_SENSOR_END generated=5998 avg_hz=199.97
[2026-05-23 17:05:59.114] S(FAIL):34001:d0:0:5946:5998:53
[2026-05-23 17:05:59.118] WCAN_MEASURES elapsed_ms=29999 heap_start_free=126648 heap_end_free=141436 heap_start_min_free=126648 heap_end_min_free=126388 heap_start_largest=98304 heap_end_largest=98304 airtime_us_total=7150655 packets_sent_total=5656 sensor_send_failures_total=349
[2026-05-23 17:05:59.119] WCAN_TEST_END role=sensor

# Monitor stopped: 2026-05-23T17:05:59.119602
