# Monitor started: 2026-05-14T15:35:10.853151
# Port: /dev/ttyACM1, Baud: 921600, Duration: 30s

# UART boot config: wcan v=1 role=idle transport=MULTICAST
[2026-05-14 15:35:10.853] ESP-ROM:esp32c3-api1-20210207
[2026-05-14 15:35:10.854] Build:Feb  7 2021
[2026-05-14 15:35:10.855] rst:0x15 (USB_UART_CHIP_RESET),boot:0xd (SPI_FAST_FLASH_BOOT)
[2026-05-14 15:35:10.856] Saved PC:0x40384eae
[2026-05-14 15:35:10.856] SPIWP:0xee
[2026-05-14 15:35:10.856] mode:DIO, clock div:1
[2026-05-14 15:35:10.857] load:0x3fcd5820,len:0x1574
[2026-05-14 15:35:10.858] load:0x403cc710,len:0xc30
[2026-05-14 15:35:10.858] load:0x403ce710,len:0x2fa0
[2026-05-14 15:35:10.859] entry 0x403cc71a
[2026-05-14 15:35:10.860] I (24) boot: ESP-IDF v5.4.1 2nd stage bootloader
[2026-05-14 15:35:10.861] I (24) boot: compile time May 14 2026 13:41:10
[2026-05-14 15:35:10.862] I (25) boot: chip revision: v0.4
[2026-05-14 15:35:10.862] I (25) boot: efuse block revision: v1.3
[2026-05-14 15:35:10.863] I (25) boot.esp32c3: SPI Speed      : 80MHz
[2026-05-14 15:35:10.864] I (25) boot.esp32c3: SPI Mode       : DIO
[2026-05-14 15:35:10.865] I (26) boot.esp32c3: SPI Flash Size : 2MB
[2026-05-14 15:35:10.866] I (26) boot: Enabling RNG early entropy source...
[2026-05-14 15:35:10.867] I (27) boot: Partition Table:
[2026-05-14 15:35:10.868] I (27) boot: ## Label            Usage          Type ST Offset   Length
[2026-05-14 15:35:10.869] I (28) boot:  0 nvs              WiFi data        01 02 00009000 00006000
[2026-05-14 15:35:10.871] I (29) boot:  1 phy_init         RF data          01 01 0000f000 00001000
[2026-05-14 15:35:10.872] I (29) boot:  2 factory          factory app      00 00 00010000 00100000
[2026-05-14 15:35:10.873] I (30) boot: End of partition table
[2026-05-14 15:35:10.875] I (31) esp_image: segment 0: paddr=00010020 vaddr=3c0a0020 size=1a290h (107152) map
[2026-05-14 15:35:10.876] I (49) esp_image: segment 1: paddr=0002a2b8 vaddr=3fc95400 size=02db0h ( 11696) load
[2026-05-14 15:35:10.878] I (51) esp_image: segment 2: paddr=0002d070 vaddr=40380000 size=02fa8h ( 12200) load
[2026-05-14 15:35:10.879] I (54) esp_image: segment 3: paddr=00030020 vaddr=42000020 size=94b54h (609108) map
[2026-05-14 15:35:10.880] I (151) esp_image: segment 4: paddr=000c4b7c vaddr=40382fa8 size=12404h ( 74756) load
[2026-05-14 15:35:10.882] I (165) esp_image: segment 5: paddr=000d6f88 vaddr=50000200 size=0001ch (    28) load
[2026-05-14 15:35:10.882] I (172) boot: Loaded app from partition at offset 0x10000
[2026-05-14 15:35:10.883] I (172) boot: Disabling RNG early entropy source...
[2026-05-14 15:35:10.883] I (174) cpu_start: Unicore app
[2026-05-14 15:35:10.884] I (182) cpu_start: Pro cpu start user code
[2026-05-14 15:35:10.884] I (183) cpu_start: cpu freq: 160000000 Hz
[2026-05-14 15:35:10.885] I (183) app_init: Application information:
[2026-05-14 15:35:10.886] I (183) app_init: Project name:     sensor_acquirer
[2026-05-14 15:35:10.886] I (183) app_init: App version:      v1.0-62-g249db07-dirty
[2026-05-14 15:35:10.887] I (184) app_init: Compile time:     May 14 2026 13:41:02
[2026-05-14 15:35:10.887] I (184) app_init: ELF file SHA256:  79702dda8...
[2026-05-14 15:35:10.888] I (185) app_init: ESP-IDF:          v5.4.1
[2026-05-14 15:35:10.888] I (185) efuse_init: Min chip rev:     v0.3
[2026-05-14 15:35:10.889] I (186) efuse_init: Max chip rev:     v1.99
[2026-05-14 15:35:10.889] I (186) efuse_init: Chip rev:         v0.4
[2026-05-14 15:35:10.890] I (187) heap_init: Initializing. RAM available for dynamic allocation:
[2026-05-14 15:35:10.890] I (188) heap_init: At 3FC9CFB0 len 00023050 (140 KiB): RAM
[2026-05-14 15:35:10.891] I (188) heap_init: At 3FCC0000 len 0001C710 (113 KiB): Retention RAM
[2026-05-14 15:35:10.891] I (189) heap_init: At 3FCDC710 len 00002950 (10 KiB): Retention RAM
[2026-05-14 15:35:10.892] I (190) heap_init: At 5000021C len 00001DCC (7 KiB): RTCRAM
[2026-05-14 15:35:10.892] I (191) spi_flash: detected chip: generic
[2026-05-14 15:35:10.892] I (191) spi_flash: flash io: dio
[2026-05-14 15:35:10.893] W (192) spi_flash: Detected size(4096k) larger than the size in the binary image header(2048k). Using the size in the binary image header.
[2026-05-14 15:35:10.894] I (193) sleep_gpio: Configure to isolate all GPIO pins in sleep state
[2026-05-14 15:35:10.894] I (194) sleep_gpio: Enable automatic switching of GPIO sleep configuration
[2026-05-14 15:35:10.895] I (195) main_task: Started on CPU0
[2026-05-14 15:35:10.895] I (195) main_task: Calling app_main()
[2026-05-14 15:35:10.895] I (195) BOOT_TS: us=5197
[2026-05-14 15:35:10.895] I (196) BOOT_CONFIG: waiting for UART config
[2026-05-14 15:35:10.895] WCAN_CFG_WAIT v=1
# UART boot config sent: wcan v=1 role=idle transport=MULTICAST
[2026-05-14 15:35:10.896] WCAN_CFG_WAIT v=1
[2026-05-14 15:35:11.670] I (1016) BOOT_CONFIG: accepted role=idle transport=MULTICAST
[2026-05-14 15:35:11.670] WCAN_CFG_ACK
# Waiting for coordinated capture start
[2026-05-14 15:35:11.678] WCAN_CFG_ACK
[2026-05-14 15:35:11.693] I (1016) MAIN: IDLE mode - stopping before NVS/Wi-Fi initialization
[2026-05-14 15:35:11.708] I (1016) main_task: Returned from app_main()

# Monitor stopped: 2026-05-14T15:35:41.743521
