# Monitor started: 2026-05-23T18:16:50.510793
# Port: /dev/ttyACM1, Baud: 921600, Timeout: 35.000s after WCAN_TEST_START

# UART boot config: wcan v=1 role=sensor transport=BROADCAST test_duration_ms=30000 host_wait_time_ms=5000 base=0xe0 count=1 hz=750 linger=100
[2026-05-23 18:16:50.521] ESP-ROM:esp32c3-api1-20210207
[2026-05-23 18:16:50.524] Build:Feb  7 2021
[2026-05-23 18:16:50.545] rst:0x15 (USB_UART_CHIP_RESET),boot:0xd (SPI_FAST_FLASH_BOOT)
[2026-05-23 18:16:50.554] Saved PC:0x40384eba
[2026-05-23 18:16:50.556] SPIWP:0xee
[2026-05-23 18:16:50.565] mode:DIO, clock div:1
[2026-05-23 18:16:50.572] load:0x3fcd5820,len:0x1574
[2026-05-23 18:16:50.576] load:0x403cc710,len:0xc30
[2026-05-23 18:16:50.578] load:0x403ce710,len:0x2fa0
[2026-05-23 18:16:50.582] entry 0x403cc71a
[2026-05-23 18:16:50.585] I (24) boot: ESP-IDF v5.4.1 2nd stage bootloader
[2026-05-23 18:16:50.588] I (24) boot: compile time May 20 2026 00:05:32
[2026-05-23 18:16:50.589] I (25) boot: chip revision: v0.4
[2026-05-23 18:16:50.590] I (25) boot: efuse block revision: v1.3
[2026-05-23 18:16:50.591] I (25) boot.esp32c3: SPI Speed      : 80MHz
[2026-05-23 18:16:50.595] I (25) boot.esp32c3: SPI Mode       : DIO
[2026-05-23 18:16:50.596] I (26) boot.esp32c3: SPI Flash Size : 2MB
[2026-05-23 18:16:50.598] I (26) boot: Enabling RNG early entropy source...
[2026-05-23 18:16:50.601] I (27) boot: Partition Table:
[2026-05-23 18:16:50.607] I (27) boot: ## Label            Usage          Type ST Offset   Length
[2026-05-23 18:16:50.609] I (28) boot:  0 nvs              WiFi data        01 02 00009000 00006000
[2026-05-23 18:16:50.613] I (29) boot:  1 phy_init         RF data          01 01 0000f000 00001000
[2026-05-23 18:16:50.615] I (29) boot:  2 factory          factory app      00 00 00010000 00100000
[2026-05-23 18:16:50.617] I (30) boot: End of partition table
[2026-05-23 18:16:50.621] I (31) esp_image: segment 0: paddr=00010020 vaddr=3c0a0020 size=1977ch (104316) map
[2026-05-23 18:16:50.631] I (48) esp_image: segment 1: paddr=000297a4 vaddr=3fc95200 size=02da0h ( 11680) load
[2026-05-23 18:16:50.638] I (51) esp_image: segment 2: paddr=0002c54c vaddr=40380000 size=03acch ( 15052) load
[2026-05-23 18:16:50.640] I (54) esp_image: segment 3: paddr=00030020 vaddr=42000020 size=9942ch (627756) map
[2026-05-23 18:16:50.645] I (154) esp_image: segment 4: paddr=000c9454 vaddr=40383acc size=11614h ( 71188) load
[2026-05-23 18:16:50.652] I (168) esp_image: segment 5: paddr=000daa70 vaddr=50000200 size=0001ch (    28) load
[2026-05-23 18:16:50.656] I (175) boot: Loaded app from partition at offset 0x10000
[2026-05-23 18:16:50.658] I (175) boot: Disabling RNG early entropy source...
[2026-05-23 18:16:50.666] I (176) cpu_start: Unicore app
[2026-05-23 18:16:50.668] I (185) cpu_start: Pro cpu start user code
[2026-05-23 18:16:50.673] I (185) cpu_start: cpu freq: 160000000 Hz
[2026-05-23 18:16:50.675] I (185) app_init: Application information:
[2026-05-23 18:16:50.676] I (185) app_init: Project name:     sensor_acquirer
[2026-05-23 18:16:50.683] I (185) app_init: App version:      v1.0-171-gbbe0783
[2026-05-23 18:16:50.693] I (186) app_init: Compile time:     May 23 2026 14:30:31
[2026-05-23 18:16:50.700] I (187) app_init: ELF file SHA256:  493679023...
[2026-05-23 18:16:50.705] I (187) app_init: ESP-IDF:          v5.4.1
[2026-05-23 18:16:50.707] I (188) efuse_init: Min chip rev:     v0.3
[2026-05-23 18:16:50.708] I (188) efuse_init: Max chip rev:     v1.99
[2026-05-23 18:16:50.709] I (189) efuse_init: Chip rev:         v0.4
[2026-05-23 18:16:50.710] I (189) heap_init: Initializing. RAM available for dynamic allocation:
[2026-05-23 18:16:50.711] I (190) heap_init: At 3FC9C340 len 00023CC0 (143 KiB): RAM
[2026-05-23 18:16:50.712] I (190) heap_init: At 3FCC0000 len 0001C710 (113 KiB): Retention RAM
[2026-05-23 18:16:50.713] I (191) heap_init: At 3FCDC710 len 00002950 (10 KiB): Retention RAM
[2026-05-23 18:16:50.716] I (192) heap_init: At 5000021C len 00001DCC (7 KiB): RTCRAM
[2026-05-23 18:16:50.717] I (194) spi_flash: detected chip: generic
[2026-05-23 18:16:50.717] I (194) spi_flash: flash io: dio
[2026-05-23 18:16:50.720] W (194) spi_flash: Detected size(4096k) larger than the size in the binary image header(2048k). Using the size in the binary image header.
[2026-05-23 18:16:50.721] I (196) sleep_gpio: Configure to isolate all GPIO pins in sleep state
[2026-05-23 18:16:50.722] I (196) sleep_gpio: Enable automatic switching of GPIO sleep configuration
[2026-05-23 18:16:50.723] I (197) main_task: Started on CPU0
[2026-05-23 18:16:50.723] I (197) main_task: Calling app_main()
[2026-05-23 18:16:50.724] WCAN_CFG_WAIT v=1
# UART boot config sent: wcan v=1 role=sensor transport=BROADCAST test_duration_ms=30000 host_wait_time_ms=5000 base=0xe0 count=1 hz=750 linger=100
[2026-05-23 18:16:50.725] WCAN_CFG_WAIT v=1
[2026-05-23 18:16:53.170] WCAN_CFG_ACK
[2026-05-23 18:16:53.171] WCAN_CFG_ACK
[2026-05-23 18:16:53.176] I (2862) pp: pp rom version: 9387209
[2026-05-23 18:16:53.180] I (2863) net80211: net80211 rom version: 9387209
[2026-05-23 18:16:53.187] I (2864) wifi:wifi driver task: 3fca7720, prio:23, stack:6656, core=0
[2026-05-23 18:16:53.191] I (2868) wifi:wifi firmware version: 79fa3f41ba
[2026-05-23 18:16:53.194] I (2868) wifi:wifi certification version: v7.0
[2026-05-23 18:16:53.199] I (2868) wifi:config NVS flash: enabled
[2026-05-23 18:16:53.202] I (2868) wifi:config nano formatting: disabled
[2026-05-23 18:16:53.205] I (2869) wifi:Init data frame dynamic rx buffer num: 32
[2026-05-23 18:16:53.208] I (2869) wifi:Init static rx mgmt buffer num: 5
[2026-05-23 18:16:53.209] I (2870) wifi:Init management short buffer num: 32
[2026-05-23 18:16:53.211] I (2870) wifi:Init dynamic tx buffer num: 32
[2026-05-23 18:16:53.213] I (2871) wifi:Init static tx FG buffer num: 2
[2026-05-23 18:16:53.214] I (2871) wifi:Init static rx buffer size: 1600
[2026-05-23 18:16:53.216] I (2872) wifi:Init static rx buffer num: 10
[2026-05-23 18:16:53.217] I (2872) wifi:Init dynamic rx buffer num: 32
[2026-05-23 18:16:53.218] I (2873) wifi_init: rx ba win: 6
[2026-05-23 18:16:53.219] I (2874) wifi_init: accept mbox: 6
[2026-05-23 18:16:53.220] I (2874) wifi_init: tcpip mbox: 32
[2026-05-23 18:16:53.221] I (2874) wifi_init: udp mbox: 6
[2026-05-23 18:16:53.221] I (2874) wifi_init: tcp mbox: 6
[2026-05-23 18:16:53.222] I (2875) wifi_init: tcp tx win: 5760
[2026-05-23 18:16:53.223] I (2875) wifi_init: tcp rx win: 5760
[2026-05-23 18:16:53.224] I (2876) wifi_init: tcp mss: 1440
[2026-05-23 18:16:53.224] I (2876) wifi_init: WiFi IRAM OP enabled
[2026-05-23 18:16:53.225] I (2876) wifi_init: WiFi RX IRAM OP enabled
[2026-05-23 18:16:53.227] I (2877) phy_init: phy_version 1200,2b7123f9,Feb 18 2025,15:22:21
[2026-05-23 18:16:53.228] I (2915) wifi:mode : sta (74:4d:bd:e1:d5:b8)
[2026-05-23 18:16:53.228] I (2916) wifi:enable tsf
[2026-05-23 18:16:53.230] I (2919) ESPNOW: espnow [version: 2.0] init
[2026-05-23 18:16:53.231] WCAN_TEST_READY role=sensor
# Waiting for phased test start
# UART test start sent: WCAN_TEST_START at 2026-05-23T18:16:53.242612
[2026-05-23 18:16:54.055] P(FAIL):3547:e0:0:0:75:76
[2026-05-23 18:16:54.620] P(FAIL):4112:e0:6:456:531:76
[2026-05-23 18:16:54.986] P(FAIL):4478:e0:9:684:759:76
[2026-05-23 18:16:55.357] P(FAIL):4849:e0:10:760:835:76
[2026-05-23 18:16:55.793] P(FAIL):5285:e0:14:1064:1139:76
[2026-05-23 18:16:56.666] P(FAIL):6158:e0:26:1976:2051:76
[2026-05-23 18:16:57.778] P(FAIL):7270:e0:37:2812:2887:76
[2026-05-23 18:16:58.295] P(FAIL):7787:e0:42:3192:3267:76
[2026-05-23 18:16:58.687] P(FAIL):8179:e0:46:3496:3571:76
[2026-05-23 18:16:59.108] P(FAIL):8600:e0:48:3648:3723:76
[2026-05-23 18:16:59.991] P(FAIL):9483:e0:59:4484:4559:76
[2026-05-23 18:17:00.394] P(FAIL):9886:e0:63:4788:4863:76
[2026-05-23 18:17:00.793] P(FAIL):10285:e0:67:5092:5167:76
[2026-05-23 18:17:01.314] P(FAIL):10806:e0:72:5472:5547:76
[2026-05-23 18:17:01.842] P(FAIL):11334:e0:77:5852:5927:76
[2026-05-23 18:17:02.271] P(FAIL):11763:e0:82:6232:6307:76
[2026-05-23 18:17:02.835] P(FAIL):12327:e0:87:6612:6687:76
[2026-05-23 18:17:03.185] P(FAIL):12677:e0:91:6916:6991:76
[2026-05-23 18:17:03.705] P(FAIL):13197:e0:95:7220:7295:76
[2026-05-23 18:17:04.590] P(FAIL):14082:e0:104:7904:7979:76
[2026-05-23 18:17:04.983] P(FAIL):14475:e0:106:8056:8131:76
[2026-05-23 18:17:05.813] P(FAIL):15305:e0:116:8816:8891:76
[2026-05-23 18:17:06.222] P(FAIL):15714:e0:117:8892:8967:76
[2026-05-23 18:17:06.710] P(FAIL):16202:e0:125:9500:9575:76
[2026-05-23 18:17:07.084] P(FAIL):16576:e0:128:9728:9803:76
[2026-05-23 18:17:07.464] P(FAIL):16956:e0:133:10108:10183:76
[2026-05-23 18:17:07.841] P(FAIL):17333:e0:137:10412:10487:76
[2026-05-23 18:17:08.385] P(FAIL):17877:e0:142:10792:10867:76
[2026-05-23 18:17:08.702] P(FAIL):18194:e0:146:11096:11171:76
[2026-05-23 18:17:09.119] P(FAIL):18611:e0:149:11324:11399:76
[2026-05-23 18:17:09.851] P(FAIL):19343:e0:156:11856:11931:76
[2026-05-23 18:17:10.239] P(FAIL):19731:e0:159:12084:12159:76
[2026-05-23 18:17:10.569] P(FAIL):20061:e0:162:12312:12387:76
[2026-05-23 18:17:10.888] P(FAIL):20380:e0:163:12388:12463:76
[2026-05-23 18:17:11.690] P(FAIL):21181:e0:174:13224:13299:76
[2026-05-23 18:17:12.321] P(FAIL):21813:e0:181:13756:13831:76
[2026-05-23 18:17:12.919] P(FAIL):22411:e0:187:14212:14287:76
[2026-05-23 18:17:13.341] P(FAIL):22833:e0:191:14516:14591:76
[2026-05-23 18:17:14.045] P(FAIL):23537:e0:198:15048:15123:76
[2026-05-23 18:17:14.438] P(FAIL):23930:e0:202:15352:15427:76
[2026-05-23 18:17:14.958] P(FAIL):24450:e0:207:15732:15807:76
[2026-05-23 18:17:15.352] P(FAIL):24844:e0:208:15808:15883:76
[2026-05-23 18:17:15.808] P(FAIL):25300:e0:215:16340:16415:76
[2026-05-23 18:17:16.965] P(FAIL):26457:e0:226:17176:17251:76
[2026-05-23 18:17:17.871] P(FAIL):27363:e0:236:17936:18011:76
[2026-05-23 18:17:18.322] P(FAIL):27813:e0:240:18240:18315:76
[2026-05-23 18:17:18.745] P(FAIL):28237:e0:244:18544:18619:76
[2026-05-23 18:17:19.246] P(FAIL):28738:e0:249:18924:18999:76
[2026-05-23 18:17:19.725] P(FAIL):29217:e0:253:19228:19303:76
[2026-05-23 18:17:20.242] P(FAIL):29733:e0:258:19608:19683:76
[2026-05-23 18:17:20.653] P(FAIL):30145:e0:263:19988:20063:76
[2026-05-23 18:17:21.691] P(FAIL):31182:e0:273:20748:20823:76
[2026-05-23 18:17:22.072] P(FAIL):31564:e0:277:21052:21127:76
[2026-05-23 18:17:22.414] P(FAIL):31906:e0:281:21356:21431:76
[2026-05-23 18:17:22.764] P(FAIL):32256:e0:283:21508:21583:76
[2026-05-23 18:17:23.274] P(FAIL):32766:e0:286:21736:21811:76
[2026-05-23 18:17:23.643] P(FAIL):33135:e0:287:21812:21887:76
[2026-05-23 18:17:24.443] P(FAIL):33935:e0:288:21888:21963:76
[2026-05-23 18:17:24.559] WCAN_BATCH id=0xe0 count=297 avg_hz=9.87 avg_points=75.77 min_points=9 max_points=76 avg_interval_ms=101.31 min_interval_ms=101.16 max_interval_ms=101.46 avg_dispatch_ms=4.19 max_dispatch_ms=16.91 dispatched_count=468 avg_queue_wait_ms=174.18 max_queue_wait_ms=822.06
[2026-05-23 18:17:24.561] WCAN_SENSOR_END generated=22504 avg_hz=750.19
[2026-05-23 18:17:24.566] WCAN_MEASURES elapsed_ms=29999 heap_start_free=126780 heap_end_free=141412 heap_start_min_free=126456 heap_end_min_free=125892 heap_start_largest=98304 heap_end_largest=98304 airtime_us_total=1957614 packets_sent_total=468 sensor_send_failures_total=0
[2026-05-23 18:17:24.566] WCAN_TEST_END role=sensor

# Monitor stopped: 2026-05-23T18:17:24.566619
