# Monitor started: 2026-05-23T15:30:42.598163
# Port: /dev/ttyACM0, Baud: 921600, Timeout: 35.000s after WCAN_TEST_START

# UART boot config: wcan v=1 role=sensor transport=BROADCAST test_duration_ms=30000 host_wait_time_ms=5000 base=0xd0 count=1 hz=1000 linger=100
[2026-05-23 15:30:42.599] ESP-ROM:esp32c3-api1-20210207
[2026-05-23 15:30:42.599] Build:Feb  7 2021
[2026-05-23 15:30:42.627] rst:0x15 (USB_UART_CHIP_RESET),boot:0xd (SPI_FAST_FLASH_BOOT)
[2026-05-23 15:30:42.632] Saved PC:0x40384eba
[2026-05-23 15:30:42.632] SPIWP:0xee
[2026-05-23 15:30:42.637] mode:DIO, clock div:1
[2026-05-23 15:30:42.638] load:0x3fcd5820,len:0x1574
[2026-05-23 15:30:42.639] load:0x403cc710,len:0xc30
[2026-05-23 15:30:42.642] load:0x403ce710,len:0x2fa0
[2026-05-23 15:30:42.644] entry 0x403cc71a
[2026-05-23 15:30:42.653] I (24) boot: ESP-IDF v5.4.1 2nd stage bootloader
[2026-05-23 15:30:42.655] I (24) boot: compile time May 20 2026 00:05:32
[2026-05-23 15:30:42.656] I (25) boot: chip revision: v0.4
[2026-05-23 15:30:42.663] I (25) boot: efuse block revision: v1.3
[2026-05-23 15:30:42.668] I (25) boot.esp32c3: SPI Speed      : 80MHz
[2026-05-23 15:30:42.670] I (25) boot.esp32c3: SPI Mode       : DIO
[2026-05-23 15:30:42.670] I (26) boot.esp32c3: SPI Flash Size : 2MB
[2026-05-23 15:30:42.671] I (26) boot: Enabling RNG early entropy source...
[2026-05-23 15:30:42.674] I (27) boot: Partition Table:
[2026-05-23 15:30:42.678] I (27) boot: ## Label            Usage          Type ST Offset   Length
[2026-05-23 15:30:42.681] I (28) boot:  0 nvs              WiFi data        01 02 00009000 00006000
[2026-05-23 15:30:42.686] I (29) boot:  1 phy_init         RF data          01 01 0000f000 00001000
[2026-05-23 15:30:42.690] I (29) boot:  2 factory          factory app      00 00 00010000 00100000
[2026-05-23 15:30:42.691] I (30) boot: End of partition table
[2026-05-23 15:30:42.698] I (31) esp_image: segment 0: paddr=00010020 vaddr=3c0a0020 size=1977ch (104316) map
[2026-05-23 15:30:42.702] I (48) esp_image: segment 1: paddr=000297a4 vaddr=3fc95200 size=02da0h ( 11680) load
[2026-05-23 15:30:42.706] I (51) esp_image: segment 2: paddr=0002c54c vaddr=40380000 size=03acch ( 15052) load
[2026-05-23 15:30:42.710] I (54) esp_image: segment 3: paddr=00030020 vaddr=42000020 size=9942ch (627756) map
[2026-05-23 15:30:42.718] I (154) esp_image: segment 4: paddr=000c9454 vaddr=40383acc size=11614h ( 71188) load
[2026-05-23 15:30:42.723] I (168) esp_image: segment 5: paddr=000daa70 vaddr=50000200 size=0001ch (    28) load
[2026-05-23 15:30:42.727] I (175) boot: Loaded app from partition at offset 0x10000
[2026-05-23 15:30:42.729] I (175) boot: Disabling RNG early entropy source...
[2026-05-23 15:30:42.730] I (176) cpu_start: Unicore app
[2026-05-23 15:30:42.732] I (185) cpu_start: Pro cpu start user code
[2026-05-23 15:30:42.734] I (185) cpu_start: cpu freq: 160000000 Hz
[2026-05-23 15:30:42.737] I (185) app_init: Application information:
[2026-05-23 15:30:42.738] I (185) app_init: Project name:     sensor_acquirer
[2026-05-23 15:30:42.740] I (185) app_init: App version:      v1.0-171-gbbe0783
[2026-05-23 15:30:42.745] I (186) app_init: Compile time:     May 23 2026 14:30:31
[2026-05-23 15:30:42.748] I (186) app_init: ELF file SHA256:  493679023...
[2026-05-23 15:30:42.751] I (187) app_init: ESP-IDF:          v5.4.1
[2026-05-23 15:30:42.751] I (188) efuse_init: Min chip rev:     v0.3
[2026-05-23 15:30:42.753] I (188) efuse_init: Max chip rev:     v1.99
[2026-05-23 15:30:42.758] I (188) efuse_init: Chip rev:         v0.4
[2026-05-23 15:30:42.761] I (189) heap_init: Initializing. RAM available for dynamic allocation:
[2026-05-23 15:30:42.764] I (190) heap_init: At 3FC9C340 len 00023CC0 (143 KiB): RAM
[2026-05-23 15:30:42.765] I (190) heap_init: At 3FCC0000 len 0001C710 (113 KiB): Retention RAM
[2026-05-23 15:30:42.766] I (191) heap_init: At 3FCDC710 len 00002950 (10 KiB): Retention RAM
[2026-05-23 15:30:42.768] I (192) heap_init: At 5000021C len 00001DCC (7 KiB): RTCRAM
[2026-05-23 15:30:42.768] I (193) spi_flash: detected chip: generic
[2026-05-23 15:30:42.769] I (194) spi_flash: flash io: dio
[2026-05-23 15:30:42.771] W (194) spi_flash: Detected size(4096k) larger than the size in the binary image header(2048k). Using the size in the binary image header.
[2026-05-23 15:30:42.772] I (195) sleep_gpio: Configure to isolate all GPIO pins in sleep state
[2026-05-23 15:30:42.773] I (196) sleep_gpio: Enable automatic switching of GPIO sleep configuration
[2026-05-23 15:30:42.774] I (197) main_task: Started on CPU0
[2026-05-23 15:30:42.775] I (197) main_task: Calling app_main()
[2026-05-23 15:30:42.775] WCAN_CFG_WAIT v=1
# UART boot config sent: wcan v=1 role=sensor transport=BROADCAST test_duration_ms=30000 host_wait_time_ms=5000 base=0xd0 count=1 hz=1000 linger=100
[2026-05-23 15:30:42.776] WCAN_CFG_WAIT v=1
[2026-05-23 15:30:45.235] WCAN_CFG_ACK
[2026-05-23 15:30:45.236] WCAN_CFG_ACK
[2026-05-23 15:30:45.240] I (2844) pp: pp rom version: 9387209
[2026-05-23 15:30:45.241] I (2845) net80211: net80211 rom version: 9387209
[2026-05-23 15:30:45.244] I (2846) wifi:wifi driver task: 3fca77a4, prio:23, stack:6656, core=0
[2026-05-23 15:30:45.250] I (2850) wifi:wifi firmware version: 79fa3f41ba
[2026-05-23 15:30:45.252] I (2850) wifi:wifi certification version: v7.0
[2026-05-23 15:30:45.258] I (2850) wifi:config NVS flash: enabled
[2026-05-23 15:30:45.263] I (2850) wifi:config nano formatting: disabled
[2026-05-23 15:30:45.264] I (2851) wifi:Init data frame dynamic rx buffer num: 32
[2026-05-23 15:30:45.266] I (2851) wifi:Init static rx mgmt buffer num: 5
[2026-05-23 15:30:45.270] I (2852) wifi:Init management short buffer num: 32
[2026-05-23 15:30:45.273] I (2852) wifi:Init dynamic tx buffer num: 32
[2026-05-23 15:30:45.275] I (2853) wifi:Init static tx FG buffer num: 2
[2026-05-23 15:30:45.277] I (2853) wifi:Init static rx buffer size: 1600
[2026-05-23 15:30:45.278] I (2854) wifi:Init static rx buffer num: 10
[2026-05-23 15:30:45.279] I (2854) wifi:Init dynamic rx buffer num: 32
[2026-05-23 15:30:45.280] I (2856) wifi_init: rx ba win: 6
[2026-05-23 15:30:45.281] I (2856) wifi_init: accept mbox: 6
[2026-05-23 15:30:45.282] I (2856) wifi_init: tcpip mbox: 32
[2026-05-23 15:30:45.283] I (2856) wifi_init: udp mbox: 6
[2026-05-23 15:30:45.284] I (2856) wifi_init: tcp mbox: 6
[2026-05-23 15:30:45.285] I (2857) wifi_init: tcp tx win: 5760
[2026-05-23 15:30:45.286] I (2857) wifi_init: tcp rx win: 5760
[2026-05-23 15:30:45.286] I (2858) wifi_init: tcp mss: 1440
[2026-05-23 15:30:45.287] I (2858) wifi_init: WiFi IRAM OP enabled
[2026-05-23 15:30:45.289] I (2858) wifi_init: WiFi RX IRAM OP enabled
[2026-05-23 15:30:45.290] I (2859) phy_init: phy_version 1200,2b7123f9,Feb 18 2025,15:22:21
[2026-05-23 15:30:45.291] I (2893) wifi:mode : sta (54:32:04:8c:0b:8c)
[2026-05-23 15:30:45.291] I (2893) wifi:enable tsf
[2026-05-23 15:30:45.292] I (2896) ESPNOW: espnow [version: 2.0] init
[2026-05-23 15:30:45.293] WCAN_TEST_READY role=sensor
# Waiting for phased test start
# UART test start sent: WCAN_TEST_START at 2026-05-23T15:30:45.308685
[2026-05-23 15:30:46.122] P(FAIL):3529:d0:0:0:100:101
[2026-05-23 15:30:46.450] P(FAIL):3858:d0:1:101:201:101
[2026-05-23 15:30:48.041] P(FAIL):5449:d0:19:1919:2019:101
[2026-05-23 15:30:48.416] P(FAIL):5823:d0:20:2020:2120:101
[2026-05-23 15:30:48.815] P(FAIL):6222:d0:23:2323:2423:101
[2026-05-23 15:30:49.272] P(FAIL):6680:d0:30:3030:3130:101
[2026-05-23 15:30:49.710] P(FAIL):7117:d0:32:3232:3332:101
[2026-05-23 15:30:50.800] P(FAIL):8207:d0:47:4747:4847:101
[2026-05-23 15:30:51.575] P(FAIL):8982:d0:55:5555:5655:101
[2026-05-23 15:30:52.019] P(FAIL):9426:d0:59:5959:6059:101
[2026-05-23 15:30:52.461] P(FAIL):9869:d0:63:6363:6463:101
[2026-05-23 15:31:15.716] P(FAIL):33123:d0:293:29593:29693:101
[2026-05-23 15:31:16.516] P(FAIL):33923:d0:294:29694:29794:101
[2026-05-23 15:31:16.616] WCAN_BATCH id=0xd0 count=298 avg_hz=9.90 avg_points=100.67 min_points=2 max_points=101 avg_interval_ms=101.00 min_interval_ms=100.94 max_interval_ms=101.06 avg_dispatch_ms=4.56 max_dispatch_ms=12.16 dispatched_count=331 avg_queue_wait_ms=73.80 max_queue_wait_ms=742.78
[2026-05-23 15:31:16.616] WCAN_SENSOR_END generated=29998 avg_hz=1000.00
[2026-05-23 15:31:16.622] WCAN_MEASURES elapsed_ms=29999 heap_start_free=126648 heap_end_free=141280 heap_start_min_free=124496 heap_end_min_free=123820 heap_start_largest=98304 heap_end_largest=98304 airtime_us_total=1505062 packets_sent_total=331 sensor_send_failures_total=0
[2026-05-23 15:31:16.623] WCAN_TEST_END role=sensor

# Monitor stopped: 2026-05-23T15:31:16.624141
