# Monitor started: 2026-05-23T15:30:42.597394
# Port: /dev/ttyACM1, Baud: 921600, Timeout: 35.000s after WCAN_TEST_START

# UART boot config: wcan v=1 role=sensor transport=BROADCAST test_duration_ms=30000 host_wait_time_ms=5000 base=0xe0 count=1 hz=1000 linger=100
[2026-05-23 15:30:42.604] ESP-ROM:esp32c3-api1-20210207
[2026-05-23 15:30:42.605] Build:Feb  7 2021
[2026-05-23 15:30:42.625] rst:0x15 (USB_UART_CHIP_RESET),boot:0xd (SPI_FAST_FLASH_BOOT)
[2026-05-23 15:30:42.628] Saved PC:0x40384eba
[2026-05-23 15:30:42.630] SPIWP:0xee
[2026-05-23 15:30:42.632] mode:DIO, clock div:1
[2026-05-23 15:30:42.635] load:0x3fcd5820,len:0x1574
[2026-05-23 15:30:42.638] load:0x403cc710,len:0xc30
[2026-05-23 15:30:42.639] load:0x403ce710,len:0x2fa0
[2026-05-23 15:30:42.641] entry 0x403cc71a
[2026-05-23 15:30:42.643] I (24) boot: ESP-IDF v5.4.1 2nd stage bootloader
[2026-05-23 15:30:42.653] I (24) boot: compile time May 20 2026 00:05:32
[2026-05-23 15:30:42.654] I (25) boot: chip revision: v0.4
[2026-05-23 15:30:42.657] I (25) boot: efuse block revision: v1.3
[2026-05-23 15:30:42.659] I (25) boot.esp32c3: SPI Speed      : 80MHz
[2026-05-23 15:30:42.663] I (25) boot.esp32c3: SPI Mode       : DIO
[2026-05-23 15:30:42.669] I (26) boot.esp32c3: SPI Flash Size : 2MB
[2026-05-23 15:30:42.673] I (26) boot: Enabling RNG early entropy source...
[2026-05-23 15:30:42.676] I (27) boot: Partition Table:
[2026-05-23 15:30:42.678] I (27) boot: ## Label            Usage          Type ST Offset   Length
[2026-05-23 15:30:42.684] I (28) boot:  0 nvs              WiFi data        01 02 00009000 00006000
[2026-05-23 15:30:42.693] I (29) boot:  1 phy_init         RF data          01 01 0000f000 00001000
[2026-05-23 15:30:42.698] I (29) boot:  2 factory          factory app      00 00 00010000 00100000
[2026-05-23 15:30:42.702] I (30) boot: End of partition table
[2026-05-23 15:30:42.714] I (31) esp_image: segment 0: paddr=00010020 vaddr=3c0a0020 size=1977ch (104316) map
[2026-05-23 15:30:42.723] I (48) esp_image: segment 1: paddr=000297a4 vaddr=3fc95200 size=02da0h ( 11680) load
[2026-05-23 15:30:42.725] I (51) esp_image: segment 2: paddr=0002c54c vaddr=40380000 size=03acch ( 15052) load
[2026-05-23 15:30:42.731] I (54) esp_image: segment 3: paddr=00030020 vaddr=42000020 size=9942ch (627756) map
[2026-05-23 15:30:42.738] I (154) esp_image: segment 4: paddr=000c9454 vaddr=40383acc size=11614h ( 71188) load
[2026-05-23 15:30:42.743] I (168) esp_image: segment 5: paddr=000daa70 vaddr=50000200 size=0001ch (    28) load
[2026-05-23 15:30:42.745] I (175) boot: Loaded app from partition at offset 0x10000
[2026-05-23 15:30:42.754] I (175) boot: Disabling RNG early entropy source...
[2026-05-23 15:30:42.758] I (176) cpu_start: Unicore app
[2026-05-23 15:30:42.763] I (185) cpu_start: Pro cpu start user code
[2026-05-23 15:30:42.764] I (185) cpu_start: cpu freq: 160000000 Hz
[2026-05-23 15:30:42.765] I (185) app_init: Application information:
[2026-05-23 15:30:42.766] I (185) app_init: Project name:     sensor_acquirer
[2026-05-23 15:30:42.767] I (185) app_init: App version:      v1.0-171-gbbe0783
[2026-05-23 15:30:42.768] I (186) app_init: Compile time:     May 23 2026 14:30:31
[2026-05-23 15:30:42.769] I (187) app_init: ELF file SHA256:  493679023...
[2026-05-23 15:30:42.769] I (187) app_init: ESP-IDF:          v5.4.1
[2026-05-23 15:30:42.770] I (188) efuse_init: Min chip rev:     v0.3
[2026-05-23 15:30:42.771] I (188) efuse_init: Max chip rev:     v1.99
[2026-05-23 15:30:42.771] I (189) efuse_init: Chip rev:         v0.4
[2026-05-23 15:30:42.773] I (189) heap_init: Initializing. RAM available for dynamic allocation:
[2026-05-23 15:30:42.774] I (190) heap_init: At 3FC9C340 len 00023CC0 (143 KiB): RAM
[2026-05-23 15:30:42.775] I (191) heap_init: At 3FCC0000 len 0001C710 (113 KiB): Retention RAM
[2026-05-23 15:30:42.775] I (191) heap_init: At 3FCDC710 len 00002950 (10 KiB): Retention RAM
[2026-05-23 15:30:42.776] I (192) heap_init: At 5000021C len 00001DCC (7 KiB): RTCRAM
[2026-05-23 15:30:42.776] I (194) spi_flash: detected chip: generic
[2026-05-23 15:30:42.777] I (194) spi_flash: flash io: dio
[2026-05-23 15:30:42.777] W (194) spi_flash: Detected size(4096k) larger than the size in the binary image header(2048k). Using the size in the binary image header.
[2026-05-23 15:30:42.778] I (196) sleep_gpio: Configure to isolate all GPIO pins in sleep state
[2026-05-23 15:30:42.778] I (196) sleep_gpio: Enable automatic switching of GPIO sleep configuration
[2026-05-23 15:30:42.778] I (197) main_task: Started on CPU0
[2026-05-23 15:30:42.778] I (197) main_task: Calling app_main()
[2026-05-23 15:30:42.778] WCAN_CFG_WAIT v=1
# UART boot config sent: wcan v=1 role=sensor transport=BROADCAST test_duration_ms=30000 host_wait_time_ms=5000 base=0xe0 count=1 hz=1000 linger=100
[2026-05-23 15:30:42.779] WCAN_CFG_WAIT v=1
[2026-05-23 15:30:45.239] WCAN_CFG_ACK
[2026-05-23 15:30:45.239] WCAN_CFG_ACK
[2026-05-23 15:30:45.245] I (2849) pp: pp rom version: 9387209
[2026-05-23 15:30:45.260] I (2850) net80211: net80211 rom version: 9387209
[2026-05-23 15:30:45.262] I (2851) wifi:wifi driver task: 3fca7720, prio:23, stack:6656, core=0
[2026-05-23 15:30:45.272] I (2855) wifi:wifi firmware version: 79fa3f41ba
[2026-05-23 15:30:45.274] I (2855) wifi:wifi certification version: v7.0
[2026-05-23 15:30:45.276] I (2855) wifi:config NVS flash: enabled
[2026-05-23 15:30:45.278] I (2855) wifi:config nano formatting: disabled
[2026-05-23 15:30:45.280] I (2856) wifi:Init data frame dynamic rx buffer num: 32
[2026-05-23 15:30:45.282] I (2856) wifi:Init static rx mgmt buffer num: 5
[2026-05-23 15:30:45.283] I (2857) wifi:Init management short buffer num: 32
[2026-05-23 15:30:45.285] I (2857) wifi:Init dynamic tx buffer num: 32
[2026-05-23 15:30:45.286] I (2858) wifi:Init static tx FG buffer num: 2
[2026-05-23 15:30:45.287] I (2859) wifi:Init static rx buffer size: 1600
[2026-05-23 15:30:45.288] I (2859) wifi:Init static rx buffer num: 10
[2026-05-23 15:30:45.289] I (2859) wifi:Init dynamic rx buffer num: 32
[2026-05-23 15:30:45.290] I (2861) wifi_init: rx ba win: 6
[2026-05-23 15:30:45.291] I (2861) wifi_init: accept mbox: 6
[2026-05-23 15:30:45.291] I (2861) wifi_init: tcpip mbox: 32
[2026-05-23 15:30:45.292] I (2861) wifi_init: udp mbox: 6
[2026-05-23 15:30:45.292] I (2861) wifi_init: tcp mbox: 6
[2026-05-23 15:30:45.293] I (2862) wifi_init: tcp tx win: 5760
[2026-05-23 15:30:45.294] I (2862) wifi_init: tcp rx win: 5760
[2026-05-23 15:30:45.294] I (2863) wifi_init: tcp mss: 1440
[2026-05-23 15:30:45.294] I (2863) wifi_init: WiFi IRAM OP enabled
[2026-05-23 15:30:45.295] I (2863) wifi_init: WiFi RX IRAM OP enabled
[2026-05-23 15:30:45.295] I (2864) phy_init: phy_version 1200,2b7123f9,Feb 18 2025,15:22:21
[2026-05-23 15:30:45.295] I (2899) wifi:mode : sta (74:4d:bd:e1:d5:b8)
[2026-05-23 15:30:45.296] I (2899) wifi:enable tsf
[2026-05-23 15:30:45.296] I (2902) ESPNOW: espnow [version: 2.0] init
[2026-05-23 15:30:45.297] WCAN_TEST_READY role=sensor
# Waiting for phased test start
# UART test start sent: WCAN_TEST_START at 2026-05-23T15:30:45.308708
[2026-05-23 15:30:46.306] P(FAIL):3715:e0:2:202:302:101
[2026-05-23 15:30:46.691] P(FAIL):4100:e0:5:505:605:101
[2026-05-23 15:30:47.079] P(FAIL):4488:e0:7:707:807:101
[2026-05-23 15:30:47.464] P(FAIL):4873:e0:8:808:908:101
[2026-05-23 15:30:47.567] S(FAIL):4975:e0:0:1818:1845:28
[2026-05-23 15:30:47.844] P(FAIL):5253:e0:9:909:1009:101
[2026-05-23 15:30:48.424] P(FAIL):5832:e0:20:2327:2427:101
[2026-05-23 15:30:48.762] P(FAIL):6171:e0:21:2428:2528:101
[2026-05-23 15:30:49.277] P(FAIL):6686:e0:28:3135:3235:101
[2026-05-23 15:30:49.681] P(FAIL):7090:e0:29:3236:3336:101
[2026-05-23 15:30:50.110] P(FAIL):7519:e0:35:3842:3942:101
[2026-05-23 15:30:50.451] P(FAIL):7860:e0:36:3943:4043:101
[2026-05-23 15:30:50.775] S(FAIL):8183:e0:0:1947:2225:279
[2026-05-23 15:30:50.837] P(FAIL):8246:e0:38:4145:4245:101
[2026-05-23 15:30:50.938] S(FAIL):8347:e0:0:5155:5217:63
[2026-05-23 15:30:51.253] P(FAIL):8662:e0:39:4246:4346:101
[2026-05-23 15:30:51.648] P(FAIL):9057:e0:43:4650:4750:101
[2026-05-23 15:30:52.046] P(FAIL):9455:e0:49:5635:5735:101
[2026-05-23 15:30:52.539] P(FAIL):9948:e0:55:6241:6341:101
[2026-05-23 15:31:15.875] P(FAIL):33283:e0:287:29673:29773:101
[2026-05-23 15:31:16.624] WCAN_BATCH id=0xe0 count=291 avg_hz=9.67 avg_points=100.73 min_points=23 max_points=101 avg_interval_ms=103.37 min_interval_ms=100.94 max_interval_ms=417.01 avg_dispatch_ms=4.53 max_dispatch_ms=11.14 dispatched_count=339 avg_queue_wait_ms=165.23 max_queue_wait_ms=1195.69
[2026-05-23 15:31:16.625] WCAN_SENSOR_END generated=29998 avg_hz=1000.00
[2026-05-23 15:31:16.625] S(FAIL):34029:e0:0:5319:5634:316
[2026-05-23 15:31:16.628] WCAN_MEASURES elapsed_ms=29999 heap_start_free=126780 heap_end_free=141568 heap_start_min_free=124628 heap_end_min_free=123952 heap_start_largest=98304 heap_end_largest=98304 airtime_us_total=1533579 packets_sent_total=339 sensor_send_failures_total=686
[2026-05-23 15:31:16.628] WCAN_TEST_END role=sensor

# Monitor stopped: 2026-05-23T15:31:16.628655
