# Monitor started: 2026-05-23T15:08:00.022954
# Port: /dev/ttyACM0, Baud: 921600, Timeout: 35.000s after WCAN_TEST_START

# UART boot config: wcan v=1 role=sensor transport=BROADCAST test_duration_ms=30000 host_wait_time_ms=5000 base=0xd0 count=1 hz=200 linger=100
[2026-05-23 15:08:00.035] ESP-ROM:esp32c3-api1-20210207
[2026-05-23 15:08:00.042] Build:Feb  7 2021
[2026-05-23 15:08:00.066] rst:0x15 (USB_UART_CHIP_RESET),boot:0xd (SPI_FAST_FLASH_BOOT)
[2026-05-23 15:08:00.073] Saved PC:0x40384eba
[2026-05-23 15:08:00.074] SPIWP:0xee
[2026-05-23 15:08:00.075] mode:DIO, clock div:1
[2026-05-23 15:08:00.086] load:0x3fcd5820,len:0x1574
[2026-05-23 15:08:00.097] load:0x403cc710,len:0xc30
[2026-05-23 15:08:00.099] load:0x403ce710,len:0x2fa0
[2026-05-23 15:08:00.100] entry 0x403cc71a
[2026-05-23 15:08:00.102] I (24) boot: ESP-IDF v5.4.1 2nd stage bootloader
[2026-05-23 15:08:00.103] I (24) boot: compile time May 20 2026 00:05:32
[2026-05-23 15:08:00.104] I (24) boot: chip revision: v0.4
[2026-05-23 15:08:00.106] I (25) boot: efuse block revision: v1.3
[2026-05-23 15:08:00.107] I (25) boot.esp32c3: SPI Speed      : 80MHz
[2026-05-23 15:08:00.110] I (25) boot.esp32c3: SPI Mode       : DIO
[2026-05-23 15:08:00.111] I (26) boot.esp32c3: SPI Flash Size : 2MB
[2026-05-23 15:08:00.113] I (26) boot: Enabling RNG early entropy source...
[2026-05-23 15:08:00.114] I (27) boot: Partition Table:
[2026-05-23 15:08:00.115] I (27) boot: ## Label            Usage          Type ST Offset   Length
[2026-05-23 15:08:00.118] I (28) boot:  0 nvs              WiFi data        01 02 00009000 00006000
[2026-05-23 15:08:00.120] I (29) boot:  1 phy_init         RF data          01 01 0000f000 00001000
[2026-05-23 15:08:00.122] I (29) boot:  2 factory          factory app      00 00 00010000 00100000
[2026-05-23 15:08:00.126] I (30) boot: End of partition table
[2026-05-23 15:08:00.144] I (31) esp_image: segment 0: paddr=00010020 vaddr=3c0a0020 size=1977ch (104316) map
[2026-05-23 15:08:00.153] I (48) esp_image: segment 1: paddr=000297a4 vaddr=3fc95200 size=02da0h ( 11680) load
[2026-05-23 15:08:00.160] I (51) esp_image: segment 2: paddr=0002c54c vaddr=40380000 size=03acch ( 15052) load
[2026-05-23 15:08:00.181] I (54) esp_image: segment 3: paddr=00030020 vaddr=42000020 size=9942ch (627756) map
[2026-05-23 15:08:00.202] I (154) esp_image: segment 4: paddr=000c9454 vaddr=40383acc size=11614h ( 71188) load
[2026-05-23 15:08:00.208] I (168) esp_image: segment 5: paddr=000daa70 vaddr=50000200 size=0001ch (    28) load
[2026-05-23 15:08:00.209] I (175) boot: Loaded app from partition at offset 0x10000
[2026-05-23 15:08:00.210] I (175) boot: Disabling RNG early entropy source...
[2026-05-23 15:08:00.211] I (176) cpu_start: Unicore app
[2026-05-23 15:08:00.211] I (185) cpu_start: Pro cpu start user code
[2026-05-23 15:08:00.212] I (185) cpu_start: cpu freq: 160000000 Hz
[2026-05-23 15:08:00.212] I (185) app_init: Application information:
[2026-05-23 15:08:00.212] I (185) app_init: Project name:     sensor_acquirer
[2026-05-23 15:08:00.212] I (185) app_init: App version:      v1.0-171-gbbe0783
[2026-05-23 15:08:00.213] I (186) app_init: Compile time:     May 23 2026 14:30:31
[2026-05-23 15:08:00.213] I (187) app_init: ELF file SHA256:  493679023...
[2026-05-23 15:08:00.213] I (187) app_init: ESP-IDF:          v5.4.1
[2026-05-23 15:08:00.213] I (188) efuse_init: Min chip rev:     v0.3
[2026-05-23 15:08:00.214] I (188) efuse_init: Max chip rev:     v1.99
[2026-05-23 15:08:00.214] I (189) efuse_init: Chip rev:         v0.4
[2026-05-23 15:08:00.214] I (189) heap_init: Initializing. RAM available for dynamic allocation:
[2026-05-23 15:08:00.214] I (190) heap_init: At 3FC9C340 len 00023CC0 (143 KiB): RAM
[2026-05-23 15:08:00.215] I (190) heap_init: At 3FCC0000 len 0001C710 (113 KiB): Retention RAM
[2026-05-23 15:08:00.215] I (191) heap_init: At 3FCDC710 len 00002950 (10 KiB): Retention RAM
[2026-05-23 15:08:00.215] I (192) heap_init: At 5000021C len 00001DCC (7 KiB): RTCRAM
[2026-05-23 15:08:00.216] I (194) spi_flash: detected chip: generic
[2026-05-23 15:08:00.216] I (194) spi_flash: flash io: dio
[2026-05-23 15:08:00.216] W (194) spi_flash: Detected size(4096k) larger than the size in the binary image header(2048k). Using the size in the binary image header.
[2026-05-23 15:08:00.217] I (196) sleep_gpio: Configure to isolate all GPIO pins in sleep state
[2026-05-23 15:08:00.217] I (196) sleep_gpio: Enable automatic switching of GPIO sleep configuration
[2026-05-23 15:08:00.217] I (197) main_task: Started on CPU0
[2026-05-23 15:08:00.218] I (197) main_task: Calling app_main()
[2026-05-23 15:08:00.218] WCAN_CFG_WAIT v=1
# UART boot config sent: wcan v=1 role=sensor transport=BROADCAST test_duration_ms=30000 host_wait_time_ms=5000 base=0xd0 count=1 hz=200 linger=100
[2026-05-23 15:08:00.218] WCAN_CFG_WAIT v=1
[2026-05-23 15:08:02.659] WCAN_CFG_ACK
[2026-05-23 15:08:02.660] WCAN_CFG_ACK
[2026-05-23 15:08:02.666] I (2840) pp: pp rom version: 9387209
[2026-05-23 15:08:02.670] I (2841) net80211: net80211 rom version: 9387209
[2026-05-23 15:08:02.678] I (2842) wifi:wifi driver task: 3fca77a4, prio:23, stack:6656, core=0
[2026-05-23 15:08:02.683] I (2846) wifi:wifi firmware version: 79fa3f41ba
[2026-05-23 15:08:02.688] I (2846) wifi:wifi certification version: v7.0
[2026-05-23 15:08:02.693] I (2846) wifi:config NVS flash: enabled
[2026-05-23 15:08:02.700] I (2846) wifi:config nano formatting: disabled
[2026-05-23 15:08:02.705] I (2847) wifi:Init data frame dynamic rx buffer num: 32
[2026-05-23 15:08:02.708] I (2847) wifi:Init static rx mgmt buffer num: 5
[2026-05-23 15:08:02.710] I (2848) wifi:Init management short buffer num: 32
[2026-05-23 15:08:02.711] I (2848) wifi:Init dynamic tx buffer num: 32
[2026-05-23 15:08:02.713] I (2849) wifi:Init static tx FG buffer num: 2
[2026-05-23 15:08:02.715] I (2849) wifi:Init static rx buffer size: 1600
[2026-05-23 15:08:02.716] I (2850) wifi:Init static rx buffer num: 10
[2026-05-23 15:08:02.717] I (2850) wifi:Init dynamic rx buffer num: 32
[2026-05-23 15:08:02.718] I (2851) wifi_init: rx ba win: 6
[2026-05-23 15:08:02.720] I (2852) wifi_init: accept mbox: 6
[2026-05-23 15:08:02.721] I (2852) wifi_init: tcpip mbox: 32
[2026-05-23 15:08:02.721] I (2852) wifi_init: udp mbox: 6
[2026-05-23 15:08:02.722] I (2852) wifi_init: tcp mbox: 6
[2026-05-23 15:08:02.723] I (2853) wifi_init: tcp tx win: 5760
[2026-05-23 15:08:02.724] I (2853) wifi_init: tcp rx win: 5760
[2026-05-23 15:08:02.725] I (2854) wifi_init: tcp mss: 1440
[2026-05-23 15:08:02.726] I (2854) wifi_init: WiFi IRAM OP enabled
[2026-05-23 15:08:02.727] I (2854) wifi_init: WiFi RX IRAM OP enabled
[2026-05-23 15:08:02.728] I (2855) phy_init: phy_version 1200,2b7123f9,Feb 18 2025,15:22:21
[2026-05-23 15:08:02.728] I (2889) wifi:mode : sta (54:32:04:8c:0b:8c)
[2026-05-23 15:08:02.729] I (2890) wifi:enable tsf
[2026-05-23 15:08:02.729] I (2893) ESPNOW: espnow [version: 2.0] init
[2026-05-23 15:08:02.729] WCAN_TEST_READY role=sensor
# Waiting for phased test start
# UART test start sent: WCAN_TEST_START at 2026-05-23T15:08:02.740769
[2026-05-23 15:08:03.542] P(FAIL):3522:d0:0:0:20:21
[2026-05-23 15:08:04.119] P(FAIL):4099:d0:6:126:146:21
[2026-05-23 15:08:04.566] P(FAIL):4547:d0:10:210:230:21
[2026-05-23 15:08:05.011] P(FAIL):4991:d0:14:294:314:21
[2026-05-23 15:08:05.393] P(FAIL):5372:d0:18:378:398:21
[2026-05-23 15:08:05.792] P(FAIL):5772:d0:22:462:482:21
[2026-05-23 15:08:06.350] P(FAIL):6330:d0:27:567:587:21
[2026-05-23 15:08:06.748] P(FAIL):6728:d0:29:609:629:21
[2026-05-23 15:08:07.123] P(FAIL):7103:d0:35:735:755:21
[2026-05-23 15:08:07.481] P(FAIL):7461:d0:37:777:797:21
[2026-05-23 15:08:07.911] P(FAIL):7891:d0:42:882:902:21
[2026-05-23 15:08:08.291] P(FAIL):8271:d0:46:966:986:21
[2026-05-23 15:08:08.649] P(FAIL):8628:d0:47:987:1007:21
[2026-05-23 15:08:08.971] P(FAIL):8951:d0:48:1008:1028:21
[2026-05-23 15:08:09.436] P(FAIL):9416:d0:56:1176:1196:21
[2026-05-23 15:08:09.794] P(FAIL):9775:d0:57:1197:1217:21
[2026-05-23 15:08:10.243] P(FAIL):10223:d0:64:1344:1364:21
[2026-05-23 15:08:10.666] P(FAIL):10646:d0:68:1428:1448:21
[2026-05-23 15:08:11.058] P(FAIL):11038:d0:72:1512:1532:21
[2026-05-23 15:08:11.486] P(FAIL):11466:d0:76:1596:1616:21
[2026-05-23 15:08:11.867] P(FAIL):11847:d0:80:1680:1700:21
[2026-05-23 15:08:12.325] P(FAIL):12305:d0:84:1764:1784:21
[2026-05-23 15:08:12.698] P(FAIL):12678:d0:88:1848:1868:21
[2026-05-23 15:08:13.150] P(FAIL):13130:d0:90:1890:1910:21
[2026-05-23 15:08:13.556] P(FAIL):13536:d0:96:2016:2036:21
[2026-05-23 15:08:13.951] P(FAIL):13931:d0:97:2037:2057:21
[2026-05-23 15:08:14.329] P(FAIL):14309:d0:101:2121:2141:21
[2026-05-23 15:08:14.683] P(FAIL):14663:d0:107:2247:2267:21
[2026-05-23 15:08:15.095] P(FAIL):15076:d0:110:2310:2330:21
[2026-05-23 15:08:15.467] P(FAIL):15447:d0:114:2394:2414:21
[2026-05-23 15:08:15.803] P(FAIL):15784:d0:118:2478:2498:21
[2026-05-23 15:08:16.202] P(FAIL):16182:d0:121:2541:2561:21
[2026-05-23 15:08:16.651] P(FAIL):16631:d0:125:2625:2645:21
[2026-05-23 15:08:16.942] P(FAIL):16922:d0:129:2709:2729:21
[2026-05-23 15:08:17.360] P(FAIL):17340:d0:132:2772:2792:21
[2026-05-23 15:08:17.811] P(FAIL):17791:d0:136:2856:2876:21
[2026-05-23 15:08:18.233] P(FAIL):18213:d0:140:2940:2960:21
[2026-05-23 15:08:18.598] P(FAIL):18578:d0:144:3024:3044:21
[2026-05-23 15:08:18.903] P(FAIL):18884:d0:145:3045:3065:21
[2026-05-23 15:08:19.265] P(FAIL):19243:d0:149:3129:3149:21
[2026-05-23 15:08:19.636] P(FAIL):19617:d0:154:3234:3254:21
[2026-05-23 15:08:20.061] P(FAIL):20041:d0:158:3318:3338:21
[2026-05-23 15:08:20.383] P(FAIL):20363:d0:161:3381:3401:21
[2026-05-23 15:08:20.662] P(FAIL):20643:d0:162:3402:3422:21
[2026-05-23 15:08:21.000] P(FAIL):20980:d0:167:3507:3527:21
[2026-05-23 15:08:21.443] P(FAIL):21423:d0:171:3591:3611:21
[2026-05-23 15:08:21.871] P(FAIL):21851:d0:175:3675:3695:21
[2026-05-23 15:08:22.274] P(FAIL):22254:d0:179:3759:3779:21
[2026-05-23 15:08:22.641] P(FAIL):22621:d0:180:3780:3800:21
[2026-05-23 15:08:23.061] P(FAIL):23042:d0:186:3906:3926:21
[2026-05-23 15:08:23.478] P(FAIL):23458:d0:190:3990:4010:21
[2026-05-23 15:08:23.844] P(FAIL):23824:d0:194:4074:4094:21
[2026-05-23 15:08:24.173] P(FAIL):24153:d0:196:4116:4136:21
[2026-05-23 15:08:25.093] P(FAIL):25073:d0:206:4326:4346:21
[2026-05-23 15:08:25.473] P(FAIL):25453:d0:210:4410:4430:21
[2026-05-23 15:08:25.862] P(FAIL):25843:d0:213:4473:4493:21
[2026-05-23 15:08:26.251] P(FAIL):26232:d0:217:4557:4577:21
[2026-05-23 15:08:26.624] P(FAIL):26604:d0:221:4641:4661:21
[2026-05-23 15:08:27.005] P(FAIL):26986:d0:224:4704:4724:21
[2026-05-23 15:08:27.458] P(FAIL):27439:d0:228:4788:4808:21
[2026-05-23 15:08:27.866] P(FAIL):27846:d0:232:4872:4892:21
[2026-05-23 15:08:28.297] P(FAIL):28277:d0:236:4956:4976:21
[2026-05-23 15:08:28.705] P(FAIL):28685:d0:240:5040:5060:21
[2026-05-23 15:08:29.136] P(FAIL):29116:d0:244:5124:5144:21
[2026-05-23 15:08:29.503] P(FAIL):29483:d0:248:5208:5228:21
[2026-05-23 15:08:30.008] P(FAIL):29988:d0:253:5313:5333:21
[2026-05-23 15:08:30.360] P(FAIL):30340:d0:256:5376:5396:21
[2026-05-23 15:08:30.810] P(FAIL):30791:d0:260:5460:5480:21
[2026-05-23 15:08:31.263] P(FAIL):31243:d0:264:5544:5564:21
[2026-05-23 15:08:31.595] P(FAIL):31575:d0:268:5628:5648:21
[2026-05-23 15:08:31.941] P(FAIL):31921:d0:271:5691:5711:21
[2026-05-23 15:08:32.405] P(FAIL):32386:d0:275:5775:5795:21
[2026-05-23 15:08:32.808] P(FAIL):32784:d0:279:5859:5879:21
[2026-05-23 15:08:33.264] P(FAIL):33244:d0:280:5880:5900:21
[2026-05-23 15:08:34.048] WCAN_BATCH id=0xd0 count=286 avg_hz=9.52 avg_points=20.98 min_points=14 max_points=21 avg_interval_ms=105.00 min_interval_ms=104.83 max_interval_ms=105.18 avg_dispatch_ms=1.94 max_dispatch_ms=6.32 dispatched_count=504 avg_queue_wait_ms=172.43 max_queue_wait_ms=701.79
[2026-05-23 15:08:34.049] WCAN_SENSOR_END generated=5998 avg_hz=199.97
[2026-05-23 15:08:34.052] WCAN_MEASURES elapsed_ms=29999 heap_start_free=126648 heap_end_free=141436 heap_start_min_free=126548 heap_end_min_free=126208 heap_start_largest=98304 heap_end_largest=98304 airtime_us_total=974493 packets_sent_total=504 sensor_send_failures_total=0
[2026-05-23 15:08:34.052] WCAN_TEST_END role=sensor

# Monitor stopped: 2026-05-23T15:08:34.052480
