# Monitor started: 2026-04-22T17:59:47.704517
# Port: COM10, Baud: 115200, Duration: 30s

[2026-04-22 17:59:47.709] I (101) esp_image: segment 2: paddr=0002af24 vaddr=40380000 sizeESP-ROM:esp32c3-api1-20210207
[2026-04-22 17:59:47.711] Build:Feb  7 2021
[2026-04-22 17:59:47.720] rst:0x15 (USB_UART_CHIP_RESET),boot:0xd (SPI_FAST_FLASH_BOOT)
[2026-04-22 17:59:47.722] Saved PC:0x40384ec6
[2026-04-22 17:59:47.724] SPIWP:0xee
[2026-04-22 17:59:47.728] mode:DIO, clock div:1
[2026-04-22 17:59:47.731] load:0x3fcd5820,len:0x1574
[2026-04-22 17:59:47.735] load:0x403cc710,len:0xc30
[2026-04-22 17:59:47.739] load:0x403ce710,len:0x2f64
[2026-04-22 17:59:47.741] entry 0x403cc71a
[2026-04-22 17:59:47.747] I (24) boot: ESP-IDF v5.4.1 2nd stage bootloader
[2026-04-22 17:59:47.752] I (24) boot: compile time Apr 22 2026 16:23:48
[2026-04-22 17:59:47.756] I (25) boot: chip revision: v0.4
[2026-04-22 17:59:47.761] I (25) boot: efuse block revision: v1.3
[2026-04-22 17:59:47.766] I (28) boot.esp32c3: SPI Speed      : 80MHz
[2026-04-22 17:59:47.772] I (32) boot.esp32c3: SPI Mode       : DIO
[2026-04-22 17:59:47.777] I (36) boot.esp32c3: SPI Flash Size : 2MB
[2026-04-22 17:59:47.783] I (39) boot: Enabling RNG early entropy source...
[2026-04-22 17:59:47.786] I (44) boot: Partition Table:
[2026-04-22 17:59:47.793] I (46) boot: ## Label            Usage          Type ST Offset   Length
[2026-04-22 17:59:47.803] I (53) boot:  0 nvs              WiFi data        01 02 00009000 00006000
[2026-04-22 17:59:47.811] I (59) boot:  1 phy_init         RF data          01 01 0000f000 00001000
[2026-04-22 17:59:47.821] I (66) boot:  2 factory          factory app      00 00 00010000 00100000
[2026-04-22 17:59:47.826] I (72) boot: End of partition table
[2026-04-22 17:59:47.836] I (76) esp_image: segment 0: paddr=00010020 vaddr=3c090020 size=18154h ( 98644) map
[2026-04-22 17:59:47.847] I (99) esp_image: segment 1: paddr=0002817c vaddr=3fc94000 size=02da0h ( 11680) load
[2026-04-22 17:59:47.858] I (101) esp_image: segment 2: paddr=0002af24 vaddr=40380000 size=050f4h ( 20724) load
[2026-04-22 17:59:47.869] I (106) esp_image: segment 3: paddr=00030020 vaddr=42000020 size=8eb9ch (584604) map
[2026-04-22 17:59:47.880] I (203) esp_image: segment 4: paddr=000bebc4 vaddr=403850f4 size=0ee28h ( 60968) load
[2026-04-22 17:59:47.889] I (215) esp_image: segment 5: paddr=000cd9f4 vaddr=50000200 size=0001ch (    28) load
[2026-04-22 17:59:47.896] I (221) boot: Loaded app from partition at offset 0x10000
[2026-04-22 17:59:47.902] I (221) boot: Disabling RNG early entropy source...
[2026-04-22 17:59:47.907] I (232) cpu_start: Unicore app
[2026-04-22 17:59:47.912] I (241) cpu_start: Pro cpu start user code
[2026-04-22 17:59:47.917] I (241) cpu_start: cpu freq: 160000000 Hz
[2026-04-22 17:59:47.921] I (241) app_init: Application information:
[2026-04-22 17:59:47.928] I (241) app_init: Project name:     sensor_acquirer
[2026-04-22 17:59:47.932] I (245) app_init: App version:      e468f2b-dirty
[2026-04-22 17:59:47.937] I (250) app_init: Compile time:     Apr 22 2026 16:22:46
[2026-04-22 17:59:47.944] I (255) app_init: ELF file SHA256:  2e4e02f66...
[2026-04-22 17:59:47.949] I (259) app_init: ESP-IDF:          v5.4.1
[2026-04-22 17:59:47.954] I (263) efuse_init: Min chip rev:     v0.3
[2026-04-22 17:59:47.958] I (267) efuse_init: Max chip rev:     v1.99
[2026-04-22 17:59:47.963] I (271) efuse_init: Chip rev:         v0.4
[2026-04-22 17:59:47.972] I (275) heap_init: Initializing. RAM available for dynamic allocation:
[2026-04-22 17:59:47.980] I (281) heap_init: At 3FC9B1B0 len 00024E50 (147 KiB): RAM
[2026-04-22 17:59:47.990] I (286) heap_init: At 3FCC0000 len 0001C710 (113 KiB): Retention RAM
[2026-04-22 17:59:47.997] I (292) heap_init: At 3FCDC710 len 00002950 (10 KiB): Retention RAM
[2026-04-22 17:59:48.003] I (298) heap_init: At 5000021C len 00001DCC (7 KiB): RTCRAM
[2026-04-22 17:59:48.009] I (304) spi_flash: detected chip: generic
[2026-04-22 17:59:48.013] I (307) spi_flash: flash io: dio
[2026-04-22 17:59:48.027] W (310) spi_flash: Detected size(4096k) larger than the size in the binary image header(2048k). Using the size in the binary image header.
[2026-04-22 17:59:48.038] I (323) sleep_gpio: Configure to isolate all GPIO pins in sleep state
[2026-04-22 17:59:48.050] I (329) sleep_gpio: Enable automatic switching of GPIO sleep configuration
[2026-04-22 17:59:48.054] I (335) main_task: Started on CPU0
[2026-04-22 17:59:48.060] I (335) main_task: Calling app_main()
[2026-04-22 17:59:48.065] I (335) MAIN: MAC: 74:4d:bd:e1:d5:b8
[2026-04-22 17:59:48.069] I (345) pp: pp rom version: 9387209
[2026-04-22 17:59:48.076] I (345) net80211: net80211 rom version: 9387209
[2026-04-22 17:59:48.086] I (355) wifi:wifi driver task: 3fca4114, prio:23, stack:6656, core=0
[2026-04-22 17:59:48.092] I (355) wifi:wifi firmware version: 79fa3f41ba
[2026-04-22 17:59:48.098] I (355) wifi:wifi certification version: v7.0
[2026-04-22 17:59:48.103] I (365) wifi:config NVS flash: enabled
[2026-04-22 17:59:48.110] I (365) wifi:config nano formatting: disabled
[2026-04-22 17:59:48.119] I (365) wifi:Init data frame dynamic rx buffer num: 32
[2026-04-22 17:59:48.125] I (375) wifi:Init static rx mgmt buffer num: 5
[2026-04-22 17:59:48.131] I (375) wifi:Init management short buffer num: 32
[2026-04-22 17:59:48.138] I (385) wifi:Init dynamic tx buffer num: 32
[2026-04-22 17:59:48.144] I (385) wifi:Init static tx FG buffer num: 2
[2026-04-22 17:59:48.150] I (395) wifi:Init static rx buffer size: 1600
[2026-04-22 17:59:48.155] I (395) wifi:Init static rx buffer num: 10
[2026-04-22 17:59:48.162] I (395) wifi:Init dynamic rx buffer num: 32
[2026-04-22 17:59:48.166] I (405) wifi_init: rx ba win: 6
[2026-04-22 17:59:48.171] I (405) wifi_init: accept mbox: 6
[2026-04-22 17:59:48.176] I (405) wifi_init: tcpip mbox: 32
[2026-04-22 17:59:48.181] I (415) wifi_init: udp mbox: 6
[2026-04-22 17:59:48.185] I (415) wifi_init: tcp mbox: 6
[2026-04-22 17:59:48.190] I (415) wifi_init: tcp tx win: 5760
[2026-04-22 17:59:48.196] I (415) wifi_init: tcp rx win: 5760
[2026-04-22 17:59:48.201] I (425) wifi_init: tcp mss: 1440
[2026-04-22 17:59:48.208] I (425) wifi_init: WiFi IRAM OP enabled
[2026-04-22 17:59:48.214] I (425) wifi_init: WiFi RX IRAM OP enabled
[2026-04-22 17:59:48.225] I (435) phy_init: phy_version 1200,2b7123f9,Feb 18 2025,15:22:21
[2026-04-22 17:59:48.233] I (475) wifi:mode : softAP (74:4d:bd:e1:d5:b9)
[2026-04-22 17:59:48.241] I (475) wifi:Total power save buffer number: 16
[2026-04-22 17:59:48.248] I (475) wifi:Init max length of beacon: 752/752
[2026-04-22 17:59:48.255] I (475) wifi:Init max length of beacon: 752/752
[2026-04-22 17:59:48.258] I (485) MAIN: WiFi initialized
[2026-04-22 17:59:48.260] I (485) MAIN: SENSOR mode — CAN ID: 0xd5b8
[2026-04-22 17:59:48.261] I (485) ESPNOW: espnow [version: 2.0] init
[2026-04-22 17:59:48.263] I (495) SEND: Send processing task started
[2026-04-22 17:59:48.265] I (495) RECV: Receive processing task started
[2026-04-22 17:59:48.267] I (495) WCAN: WCAN initialized
[2026-04-22 17:59:48.269] I (505) ReadDataTask: ReadDataTask started with CAN ID 0xd5b8
[2026-04-22 17:59:48.270] I (505) ReadDataTask: Sent counter=0
[2026-04-22 17:59:48.273] I (515) main_task: Returned from app_main()
[2026-04-22 17:59:48.520] I (1515) ReadDataTask: Sent counter=1
[2026-04-22 17:59:49.520] I (2515) ReadDataTask: Sent counter=2
[2026-04-22 17:59:50.520] I (3515) ReadDataTask: Sent counter=3
[2026-04-22 17:59:51.520] I (4515) ReadDataTask: Sent counter=4
[2026-04-22 17:59:52.520] I (5515) ReadDataTask: Sent counter=5
[2026-04-22 17:59:53.520] I (6515) ReadDataTask: Sent counter=6
[2026-04-22 17:59:54.520] I (7515) ReadDataTask: Sent counter=7
[2026-04-22 17:59:55.520] I (8515) ReadDataTask: Sent counter=8
[2026-04-22 17:59:56.520] I (9515) ReadDataTask: Sent counter=9
[2026-04-22 17:59:57.520] I (10515) ReadDataTask: Sent counter=10
[2026-04-22 17:59:58.520] I (11515) ReadDataTask: Sent counter=11
[2026-04-22 17:59:59.521] I (12515) ReadDataTask: Sent counter=12
[2026-04-22 18:00:00.520] I (13515) ReadDataTask: Sent counter=13
[2026-04-22 18:00:01.521] I (14515) ReadDataTask: Sent counter=14
[2026-04-22 18:00:02.521] I (15515) ReadDataTask: Sent counter=15
[2026-04-22 18:00:03.520] I (16515) ReadDataTask: Sent counter=16
[2026-04-22 18:00:04.521] I (17515) ReadDataTask: Sent counter=17
[2026-04-22 18:00:05.521] I (18515) ReadDataTask: Sent counter=18
[2026-04-22 18:00:06.521] I (19515) ReadDataTask: Sent counter=19
[2026-04-22 18:00:07.521] I (20515) ReadDataTask: Sent counter=20
[2026-04-22 18:00:08.521] I (21515) ReadDataTask: Sent counter=21
[2026-04-22 18:00:09.520] I (22515) ReadDataTask: Sent counter=22
[2026-04-22 18:00:10.521] I (23515) ReadDataTask: Sent counter=23
[2026-04-22 18:00:11.521] I (24515) ReadDataTask: Sent counter=24
[2026-04-22 18:00:12.521] I (25515) ReadDataTask: Sent counter=25
[2026-04-22 18:00:13.521] I (26515) ReadDataTask: Sent counter=26
[2026-04-22 18:00:14.521] I (27515) ReadDataTask: Sent counter=27
[2026-04-22 18:00:15.521] I (28515) ReadDataTask: Sent counter=28
[2026-04-22 18:00:16.521] I (29515) ReadDataTask: Sent counter=29
[2026-04-22 18:00:17.521] I (30515) ReadDataTask: Sent counter=30

# Monitor stopped: 2026-04-22T18:00:18.023818
