# Monitor started: 2026-04-22T17:42:40.761882
# Port: COM10, Baud: 115200, Duration: 30s

[2026-04-22 17:42:40.770] I (101) esp_image: segment 2: paddr=0002aee4 vaddr=40380000 sizeESP-ROM:esp32c3-api1-20210207
[2026-04-22 17:42:40.773] Build:Feb  7 2021
[2026-04-22 17:42:40.781] rst:0x15 (USB_UART_CHIP_RESET),boot:0xd (SPI_FAST_FLASH_BOOT)
[2026-04-22 17:42:40.783] Saved PC:0x40384ec6
[2026-04-22 17:42:40.785] SPIWP:0xee
[2026-04-22 17:42:40.788] mode:DIO, clock div:1
[2026-04-22 17:42:40.791] load:0x3fcd5820,len:0x1574
[2026-04-22 17:42:40.795] load:0x403cc710,len:0xc30
[2026-04-22 17:42:40.798] load:0x403ce710,len:0x2f64
[2026-04-22 17:42:40.800] entry 0x403cc71a
[2026-04-22 17:42:40.805] I (24) boot: ESP-IDF v5.4.1 2nd stage bootloader
[2026-04-22 17:42:40.811] I (24) boot: compile time Apr 22 2026 16:20:48
[2026-04-22 17:42:40.815] I (25) boot: chip revision: v0.4
[2026-04-22 17:42:40.819] I (25) boot: efuse block revision: v1.3
[2026-04-22 17:42:40.824] I (28) boot.esp32c3: SPI Speed      : 80MHz
[2026-04-22 17:42:40.829] I (32) boot.esp32c3: SPI Mode       : DIO
[2026-04-22 17:42:40.834] I (36) boot.esp32c3: SPI Flash Size : 2MB
[2026-04-22 17:42:40.841] I (39) boot: Enabling RNG early entropy source...
[2026-04-22 17:42:40.846] I (44) boot: Partition Table:
[2026-04-22 17:42:40.856] I (46) boot: ## Label            Usage          Type ST Offset   Length
[2026-04-22 17:42:40.881] I (53) boot:  0 nvs              WiFi data        01 02 00009000 00006000
[2026-04-22 17:42:40.912] I (59) boot:  1 phy_init         RF data          01 01 0000f000 00001000
[2026-04-22 17:42:40.934] I (66) boot:  2 factory          factory app      00 00 00010000 00100000
[2026-04-22 17:42:40.942] I (72) boot: End of partition table
[2026-04-22 17:42:40.955] I (76) esp_image: segment 0: paddr=00010020 vaddr=3c090020 size=18114h ( 98580) map
[2026-04-22 17:42:40.967] I (99) esp_image: segment 1: paddr=0002813c vaddr=3fc94000 size=02da0h ( 11680) load
[2026-04-22 17:42:40.979] I (101) esp_image: segment 2: paddr=0002aee4 vaddr=40380000 size=05134h ( 20788) load
[2026-04-22 17:42:40.987] I (106) esp_image: segment 3: paddr=00030020 vaddr=42000020 size=8eaa8h (584360) map
[2026-04-22 17:42:40.998] I (203) esp_image: segment 4: paddr=000bead0 vaddr=40385134 size=0ede8h ( 60904) load
[2026-04-22 17:42:41.008] I (215) esp_image: segment 5: paddr=000cd8c0 vaddr=50000200 size=0001ch (    28) load
[2026-04-22 17:42:41.014] I (221) boot: Loaded app from partition at offset 0x10000
[2026-04-22 17:42:41.021] I (221) boot: Disabling RNG early entropy source...
[2026-04-22 17:42:41.024] I (232) cpu_start: Unicore app
[2026-04-22 17:42:41.028] I (241) cpu_start: Pro cpu start user code
[2026-04-22 17:42:41.033] I (241) cpu_start: cpu freq: 160000000 Hz
[2026-04-22 17:42:41.038] I (241) app_init: Application information:
[2026-04-22 17:42:41.045] I (241) app_init: Project name:     sensor_acquirer
[2026-04-22 17:42:41.051] I (245) app_init: App version:      e468f2b-dirty
[2026-04-22 17:42:41.059] I (250) app_init: Compile time:     Apr 22 2026 16:19:54
[2026-04-22 17:42:41.068] I (255) app_init: ELF file SHA256:  21c97d479...
[2026-04-22 17:42:41.076] I (259) app_init: ESP-IDF:          v5.4.1
[2026-04-22 17:42:41.085] I (263) efuse_init: Min chip rev:     v0.3
[2026-04-22 17:42:41.094] I (267) efuse_init: Max chip rev:     v1.99
[2026-04-22 17:42:41.103] I (271) efuse_init: Chip rev:         v0.4
[2026-04-22 17:42:41.113] I (275) heap_init: Initializing. RAM available for dynamic allocation:
[2026-04-22 17:42:41.124] I (281) heap_init: At 3FC9B1B0 len 00024E50 (147 KiB): RAM
[2026-04-22 17:42:41.136] I (286) heap_init: At 3FCC0000 len 0001C710 (113 KiB): Retention RAM
[2026-04-22 17:42:41.147] I (292) heap_init: At 3FCDC710 len 00002950 (10 KiB): Retention RAM
[2026-04-22 17:42:41.157] I (298) heap_init: At 5000021C len 00001DCC (7 KiB): RTCRAM
[2026-04-22 17:42:41.164] I (304) spi_flash: detected chip: generic
[2026-04-22 17:42:41.170] I (307) spi_flash: flash io: dio
[2026-04-22 17:42:41.188] W (310) spi_flash: Detected size(4096k) larger than the size in the binary image header(2048k). Using the size in the binary image header.
[2026-04-22 17:42:41.198] I (323) sleep_gpio: Configure to isolate all GPIO pins in sleep state
[2026-04-22 17:42:41.207] I (329) sleep_gpio: Enable automatic switching of GPIO sleep configuration
[2026-04-22 17:42:41.212] I (335) main_task: Started on CPU0
[2026-04-22 17:42:41.219] I (335) main_task: Calling app_main()
[2026-04-22 17:42:41.225] I (335) MAIN: MAC: 74:4d:bd:e1:d5:b8
[2026-04-22 17:42:41.233] I (345) pp: pp rom version: 9387209
[2026-04-22 17:42:41.244] I (345) net80211: net80211 rom version: 9387209
[2026-04-22 17:42:41.259] I (355) wifi:wifi driver task: 3fca4090, prio:23, stack:6656, core=0
[2026-04-22 17:42:41.268] I (355) wifi:wifi firmware version: 79fa3f41ba
[2026-04-22 17:42:41.277] I (355) wifi:wifi certification version: v7.0
[2026-04-22 17:42:41.285] I (365) wifi:config NVS flash: enabled
[2026-04-22 17:42:41.293] I (365) wifi:config nano formatting: disabled
[2026-04-22 17:42:41.302] I (365) wifi:Init data frame dynamic rx buffer num: 32
[2026-04-22 17:42:41.310] I (375) wifi:Init static rx mgmt buffer num: 5
[2026-04-22 17:42:41.316] I (375) wifi:Init management short buffer num: 32
[2026-04-22 17:42:41.323] I (385) wifi:Init dynamic tx buffer num: 32
[2026-04-22 17:42:41.330] I (385) wifi:Init static tx FG buffer num: 2
[2026-04-22 17:42:41.337] I (395) wifi:Init static rx buffer size: 1600
[2026-04-22 17:42:41.343] I (395) wifi:Init static rx buffer num: 10
[2026-04-22 17:42:41.352] I (395) wifi:Init dynamic rx buffer num: 32
[2026-04-22 17:42:41.365] I (405) wifi_init: rx ba win: 6
[2026-04-22 17:42:41.377] I (405) wifi_init: accept mbox: 6
[2026-04-22 17:42:41.393] I (405) wifi_init: tcpip mbox: 32
[2026-04-22 17:42:41.407] I (415) wifi_init: udp mbox: 6
[2026-04-22 17:42:41.416] I (415) wifi_init: tcp mbox: 6
[2026-04-22 17:42:41.429] I (415) wifi_init: tcp tx win: 5760
[2026-04-22 17:42:41.437] I (415) wifi_init: tcp rx win: 5760
[2026-04-22 17:42:41.445] I (425) wifi_init: tcp mss: 1440
[2026-04-22 17:42:41.453] I (425) wifi_init: WiFi IRAM OP enabled
[2026-04-22 17:42:41.460] I (425) wifi_init: WiFi RX IRAM OP enabled
[2026-04-22 17:42:41.470] I (435) phy_init: phy_version 1200,2b7123f9,Feb 18 2025,15:22:21
[2026-04-22 17:42:41.475] I (475) wifi:mode : softAP (74:4d:bd:e1:d5:b9)
[2026-04-22 17:42:41.481] I (475) wifi:Total power save buffer number: 16
[2026-04-22 17:42:41.488] I (475) wifi:Init max length of beacon: 752/752
[2026-04-22 17:42:41.494] I (475) wifi:Init max length of beacon: 752/752
[2026-04-22 17:42:41.495] I (475) MAIN: WiFi initialized
[2026-04-22 17:42:41.497] I (485) MAIN: RECEIVER mode — accepting all CAN IDs
[2026-04-22 17:42:41.502] I (485) ESPNOW: espnow [version: 2.0] init
[2026-04-22 17:42:41.504] I (485) SEND: Send processing task started
[2026-04-22 17:42:41.507] I (495) RECV: Receive processing task started
[2026-04-22 17:42:41.509] I (495) WCAN: WCAN initialized
[2026-04-22 17:42:41.511] I (505) main_task: Returned from app_main()
[2026-04-22 17:42:41.514] I (905) USER-RECV: Received [5d10] len=4 counter=0
[2026-04-22 17:42:41.968] I (1895) USER-RECV: Received [5d10] len=4 counter=1
[2026-04-22 17:42:42.968] I (2895) USER-RECV: Received [5d10] len=4 counter=2
[2026-04-22 17:42:43.968] I (3895) USER-RECV: Received [5d10] len=4 counter=3
[2026-04-22 17:42:44.968] I (4895) USER-RECV: Received [5d10] len=4 counter=4
[2026-04-22 17:42:45.967] I (5895) USER-RECV: Received [5d10] len=4 counter=5
[2026-04-22 17:42:46.968] I (6895) USER-RECV: Received [5d10] len=4 counter=6
[2026-04-22 17:42:47.976] I (7895) USER-RECV: Received [5d10] len=4 counter=7
[2026-04-22 17:42:48.969] I (8895) USER-RECV: Received [5d10] len=4 counter=8
[2026-04-22 17:42:49.970] I (9905) USER-RECV: Received [5d10] len=4 counter=9
[2026-04-22 17:42:50.968] I (10895) USER-RECV: Received [5d10] len=4 counter=10
[2026-04-22 17:42:51.969] I (11895) USER-RECV: Received [5d10] len=4 counter=11
[2026-04-22 17:42:52.969] I (12895) USER-RECV: Received [5d10] len=4 counter=12
[2026-04-22 17:42:53.968] I (13895) USER-RECV: Received [5d10] len=4 counter=13
[2026-04-22 17:42:54.969] I (14905) USER-RECV: Received [5d10] len=4 counter=14
[2026-04-22 17:42:55.968] I (15895) USER-RECV: Received [5d10] len=4 counter=15
[2026-04-22 17:42:56.968] I (16895) USER-RECV: Received [5d10] len=4 counter=16
[2026-04-22 17:42:57.969] I (17895) USER-RECV: Received [5d10] len=4 counter=17
[2026-04-22 17:42:58.970] I (18895) USER-RECV: Received [5d10] len=4 counter=18
[2026-04-22 17:42:59.969] I (19895) USER-RECV: Received [5d10] len=4 counter=19
[2026-04-22 17:43:00.969] I (20895) USER-RECV: Received [5d10] len=4 counter=20
[2026-04-22 17:43:01.970] I (21895) USER-RECV: Received [5d10] len=4 counter=21
[2026-04-22 17:43:02.971] I (22895) USER-RECV: Received [5d10] len=4 counter=22
[2026-04-22 17:43:03.969] I (23895) USER-RECV: Received [5d10] len=4 counter=23
[2026-04-22 17:43:04.970] I (24895) USER-RECV: Received [5d10] len=4 counter=24
[2026-04-22 17:43:05.968] I (25895) USER-RECV: Received [5d10] len=4 counter=25
[2026-04-22 17:43:06.971] I (26905) USER-RECV: Received [5d10] len=4 counter=26
[2026-04-22 17:43:07.969] I (27895) USER-RECV: Received [5d10] len=4 counter=27
[2026-04-22 17:43:08.969] I (28895) USER-RECV: Received [5d10] len=4 counter=28
[2026-04-22 17:43:09.975] I (29895) USER-RECV: Received [5d10] len=4 counter=29
[2026-04-22 17:43:10.970] I (30895) USER-RECV: Received [5d10] len=4 counter=30

# Monitor stopped: 2026-04-22T17:43:10.970234
