# Monitor started: 2026-04-22T17:42:40.762973
# Port: COM27, Baud: 115200, Duration: 30s

[2026-04-22 17:42:40.766] siz�ets Jul 29 2019 12:21:46
[2026-04-22 17:42:40.766] 
[2026-04-22 17:42:40.772] rst:0x1 (POWERON_RESET),boot:0x13 (SPI_FAST_FLASH_BOOT)
[2026-04-22 17:42:40.775] configsip: 0, SPIWP:0xee
[2026-04-22 17:42:40.784] clk_drv:0x00,q_drv:0x00,d_drv:0x00,cs0_drv:0x00,hd_drv:0x00,wp_drv:0x00
[2026-04-22 17:42:40.787] mode:DIO, clock div:2
[2026-04-22 17:42:40.790] load:0x3fff0030,len:6276
[2026-04-22 17:42:40.793] load:0x40078000,len:15748
[2026-04-22 17:42:40.796] load:0x40080400,len:4
[2026-04-22 17:42:40.798] ho 8 tail 4 room 4
[2026-04-22 17:42:40.802] load:0x40080404,len:3860
[2026-04-22 17:42:40.805] entry 0x4008063c
[2026-04-22 17:42:40.810] I (31) boot: ESP-IDF v5.4.1 2nd stage bootloader
[2026-04-22 17:42:40.816] I (31) boot: compile time Apr 22 2026 16:37:35
[2026-04-22 17:42:40.821] I (31) boot: Multicore bootloader
[2026-04-22 17:42:40.825] I (32) boot: chip revision: v3.1
[2026-04-22 17:42:40.830] I (35) boot.esp32: SPI Speed      : 40MHz
[2026-04-22 17:42:40.833] I (39) boot.esp32: SPI Mode       : DIO
[2026-04-22 17:42:40.838] I (43) boot.esp32: SPI Flash Size : 2MB
[2026-04-22 17:42:40.845] I (46) boot: Enabling RNG early entropy source...
[2026-04-22 17:42:40.848] I (51) boot: Partition Table:
[2026-04-22 17:42:40.857] I (53) boot: ## Label            Usage          Type ST Offset   Length
[2026-04-22 17:42:40.881] I (60) boot:  0 nvs              WiFi data        01 02 00009000 00006000
[2026-04-22 17:42:40.909] I (66) boot:  1 phy_init         RF data          01 01 0000f000 00001000
[2026-04-22 17:42:40.932] I (73) boot:  2 factory          factory app      00 00 00010000 00100000
[2026-04-22 17:42:40.941] I (79) boot: End of partition table
[2026-04-22 17:42:40.955] I (82) esp_image: segment 0: paddr=00010020 vaddr=3f400020 size=18614h ( 99860) map
[2026-04-22 17:42:40.966] I (124) esp_image: segment 1: paddr=0002863c vaddr=3ff80000 size=0001ch (    28) load
[2026-04-22 17:42:40.975] I (124) esp_image: segment 2: paddr=00028660 vaddr=3ffb0000 size=03ea8h ( 16040) load
[2026-04-22 17:42:40.985] I (134) esp_image: segment 3: paddr=0002c510 vaddr=40080000 size=03b08h ( 15112) load
[2026-04-22 17:42:40.995] I (141) esp_image: segment 4: paddr=00030020 vaddr=400d0020 size=7fee8h (524008) map
[2026-04-22 17:42:41.004] I (322) esp_image: segment 5: paddr=000aff10 vaddr=40083b08 size=14220h ( 82464) load
[2026-04-22 17:42:41.012] I (366) boot: Loaded app from partition at offset 0x10000
[2026-04-22 17:42:41.017] I (366) boot: Disabling RNG early entropy source...
[2026-04-22 17:42:41.020] I (376) cpu_start: Multicore app
[2026-04-22 17:42:41.025] I (384) cpu_start: Pro cpu start user code
[2026-04-22 17:42:41.030] I (385) cpu_start: cpu freq: 160000000 Hz
[2026-04-22 17:42:41.036] I (385) app_init: Application information:
[2026-04-22 17:42:41.042] I (385) app_init: Project name:     sensor_acquirer
[2026-04-22 17:42:41.049] I (389) app_init: App version:      e468f2b-dirty
[2026-04-22 17:42:41.054] I (394) app_init: Compile time:     Apr 22 2026 16:36:49
[2026-04-22 17:42:41.062] I (399) app_init: ELF file SHA256:  bbb0bee62...
[2026-04-22 17:42:41.070] I (403) app_init: ESP-IDF:          v5.4.1
[2026-04-22 17:42:41.081] I (407) efuse_init: Min chip rev:     v0.0
[2026-04-22 17:42:41.090] I (411) efuse_init: Max chip rev:     v3.99
[2026-04-22 17:42:41.102] I (415) efuse_init: Chip rev:         v3.1
[2026-04-22 17:42:41.115] I (419) heap_init: Initializing. RAM available for dynamic allocation:
[2026-04-22 17:42:41.126] I (425) heap_init: At 3FFAE6E0 len 00001920 (6 KiB): DRAM
[2026-04-22 17:42:41.133] I (430) heap_init: At 3FFB82B8 len 00027D48 (159 KiB): DRAM
[2026-04-22 17:42:41.144] I (435) heap_init: At 3FFE0440 len 00003AE0 (14 KiB): D/IRAM
[2026-04-22 17:42:41.153] I (441) heap_init: At 3FFE4350 len 0001BCB0 (111 KiB): D/IRAM
[2026-04-22 17:42:41.164] I (446) heap_init: At 40097D28 len 000082D8 (32 KiB): IRAM
[2026-04-22 17:42:41.169] I (453) spi_flash: detected chip: generic
[2026-04-22 17:42:41.173] I (455) spi_flash: flash io: dio
[2026-04-22 17:42:41.192] W (458) spi_flash: Detected size(4096k) larger than the size in the binary image header(2048k). Using the size in the binary image header.
[2026-04-22 17:42:41.196] I (471) main_task: Started on CPU0
[2026-04-22 17:42:41.201] I (481) main_task: Calling app_main()
[2026-04-22 17:42:41.205] I (491) MAIN: MAC: 28:05:a5:31:d6:d0
[2026-04-22 17:42:41.214] I (501) wifi:wifi driver task: 3ffc0700, prio:23, stack:6656, core=0
[2026-04-22 17:42:41.222] I (501) wifi:wifi firmware version: 79fa3f41ba
[2026-04-22 17:42:41.231] I (501) wifi:wifi certification version: v7.0
[2026-04-22 17:42:41.240] I (501) wifi:config NVS flash: enabled
[2026-04-22 17:42:41.248] I (501) wifi:config nano formatting: disabled
[2026-04-22 17:42:41.258] I (511) wifi:Init data frame dynamic rx buffer num: 32
[2026-04-22 17:42:41.269] I (511) wifi:Init static rx mgmt buffer num: 5
[2026-04-22 17:42:41.277] I (521) wifi:Init management short buffer num: 32
[2026-04-22 17:42:41.285] I (521) wifi:Init dynamic tx buffer num: 32
[2026-04-22 17:42:41.295] I (521) wifi:Init static rx buffer size: 1600
[2026-04-22 17:42:41.302] I (531) wifi:Init static rx buffer num: 10
[2026-04-22 17:42:41.310] I (531) wifi:Init dynamic rx buffer num: 32
[2026-04-22 17:42:41.315] I (541) wifi_init: rx ba win: 6
[2026-04-22 17:42:41.320] I (541) wifi_init: accept mbox: 6
[2026-04-22 17:42:41.325] I (541) wifi_init: tcpip mbox: 32
[2026-04-22 17:42:41.330] I (541) wifi_init: udp mbox: 6
[2026-04-22 17:42:41.334] I (551) wifi_init: tcp mbox: 6
[2026-04-22 17:42:41.338] I (551) wifi_init: tcp tx win: 5760
[2026-04-22 17:42:41.344] I (551) wifi_init: tcp rx win: 5760
[2026-04-22 17:42:41.353] I (561) wifi_init: tcp mss: 1440
[2026-04-22 17:42:41.371] I (561) wifi_init: WiFi IRAM OP enabled
[2026-04-22 17:42:41.394] I (561) wifi_init: WiFi RX IRAM OP enabled
[2026-04-22 17:42:41.415] I (571) phy_init: phy_version 4860,6b7a6e5,Feb  6 2025,14:47:07
[2026-04-22 17:42:41.429] I (661) wifi:mode : softAP (28:05:a5:31:d6:d1)
[2026-04-22 17:42:41.440] I (661) wifi:Total power save buffer number: 16
[2026-04-22 17:42:41.448] I (661) wifi:Init max length of beacon: 752/752
[2026-04-22 17:42:41.456] I (661) wifi:Init max length of beacon: 752/752
[2026-04-22 17:42:41.461] I (671) MAIN: WiFi initialized
[2026-04-22 17:42:41.468] I (671) MAIN: RECEIVER mode — accepting all CAN IDs
[2026-04-22 17:42:41.473] I (671) ESPNOW: espnow [version: 2.0] init
[2026-04-22 17:42:41.478] I (681) SEND: Send processing task started
[2026-04-22 17:42:41.482] I (681) RECV: Receive processing task started
[2026-04-22 17:42:41.485] I (681) WCAN: WCAN initialized
[2026-04-22 17:42:41.489] I (691) main_task: Returned from app_main()
[2026-04-22 17:42:41.494] I (701) USER-RECV: Received [5d10] len=4 counter=0
[2026-04-22 17:42:41.972] I (1701) USER-RECV: Received [5d10] len=4 counter=1
[2026-04-22 17:42:42.972] I (2701) USER-RECV: Received [5d10] len=4 counter=2
[2026-04-22 17:42:43.972] I (3701) USER-RECV: Received [5d10] len=4 counter=3
[2026-04-22 17:42:44.973] I (4701) USER-RECV: Received [5d10] len=4 counter=4
[2026-04-22 17:42:45.973] I (5701) USER-RECV: Received [5d10] len=4 counter=5
[2026-04-22 17:42:46.972] I (6701) USER-RECV: Received [5d10] len=4 counter=6
[2026-04-22 17:42:47.978] I (7701) USER-RECV: Received [5d10] len=4 counter=7
[2026-04-22 17:42:48.973] I (8701) USER-RECV: Received [5d10] len=4 counter=8
[2026-04-22 17:42:49.976] I (9701) USER-RECV: Received [5d10] len=4 counter=9
[2026-04-22 17:42:50.973] I (10701) USER-RECV: Received [5d10] len=4 counter=10
[2026-04-22 17:42:51.974] I (11701) USER-RECV: Received [5d10] len=4 counter=11
[2026-04-22 17:42:52.973] I (12701) USER-RECV: Received [5d10] len=4 counter=12
[2026-04-22 17:42:53.973] I (13701) USER-RECV: Received [5d10] len=4 counter=13
[2026-04-22 17:42:54.974] I (14701) USER-RECV: Received [5d10] len=4 counter=14
[2026-04-22 17:42:55.973] I (15701) USER-RECV: Received [5d10] len=4 counter=15
[2026-04-22 17:42:56.973] I (16701) USER-RECV: Received [5d10] len=4 counter=16
[2026-04-22 17:42:57.973] I (17701) USER-RECV: Received [5d10] len=4 counter=17
[2026-04-22 17:42:58.974] I (18701) USER-RECV: Received [5d10] len=4 counter=18
[2026-04-22 17:42:59.973] I (19701) USER-RECV: Received [5d10] len=4 counter=19
[2026-04-22 17:43:00.974] I (20701) USER-RECV: Received [5d10] len=4 counter=20
[2026-04-22 17:43:01.974] I (21701) USER-RECV: Received [5d10] len=4 counter=21
[2026-04-22 17:43:02.974] I (22701) USER-RECV: Received [5d10] len=4 counter=22
[2026-04-22 17:43:03.974] I (23701) USER-RECV: Received [5d10] len=4 counter=23
[2026-04-22 17:43:04.974] I (24701) USER-RECV: Received [5d10] len=4 counter=24
[2026-04-22 17:43:05.974] I (25701) USER-RECV: Received [5d10] len=4 counter=25
[2026-04-22 17:43:06.975] I (26701) USER-RECV: Received [5d10] len=4 counter=26
[2026-04-22 17:43:07.974] I (27701) USER-RECV: Received [5d10] len=4 counter=27
[2026-04-22 17:43:08.974] I (28701) USER-RECV: Received [5d10] len=4 counter=28
[2026-04-22 17:43:09.976] I (29701) USER-RECV: Received [5d10] len=4 counter=29
[2026-04-22 17:43:10.974] I (30701) USER-RECV: Received [5d10] len=4 counter=30

# Monitor stopped: 2026-04-22T17:43:10.974232
