# Monitor started: 2026-05-23T15:27:08.820423
# Port: /dev/ttyACM1, Baud: 921600, Timeout: 35.000s after WCAN_TEST_START

# UART boot config: wcan v=1 role=sensor transport=BROADCAST test_duration_ms=30000 host_wait_time_ms=5000 base=0xe0 count=1 hz=1000 linger=100
[2026-05-23 15:27:08.828] ESP-ROM:esp32c3-api1-20210207
[2026-05-23 15:27:08.833] Build:Feb  7 2021
[2026-05-23 15:27:08.851] rst:0x15 (USB_UART_CHIP_RESET),boot:0xd (SPI_FAST_FLASH_BOOT)
[2026-05-23 15:27:08.860] Saved PC:0x40384eba
[2026-05-23 15:27:08.863] SPIWP:0xee
[2026-05-23 15:27:08.870] mode:DIO, clock div:1
[2026-05-23 15:27:08.885] load:0x3fcd5820,len:0x1574
[2026-05-23 15:27:08.893] load:0x403cc710,len:0xc30
[2026-05-23 15:27:08.904] load:0x403ce710,len:0x2fa0
[2026-05-23 15:27:08.907] entry 0x403cc71a
[2026-05-23 15:27:08.912] I (24) boot: ESP-IDF v5.4.1 2nd stage bootloader
[2026-05-23 15:27:08.917] I (24) boot: compile time May 20 2026 00:05:32
[2026-05-23 15:27:08.931] I (25) boot: chip revision: v0.4
[2026-05-23 15:27:08.932] I (25) boot: efuse block revision: v1.3
[2026-05-23 15:27:08.935] I (25) boot.esp32c3: SPI Speed      : 80MHz
[2026-05-23 15:27:08.936] I (25) boot.esp32c3: SPI Mode       : DIO
[2026-05-23 15:27:08.948] I (26) boot.esp32c3: SPI Flash Size : 2MB
[2026-05-23 15:27:08.949] I (26) boot: Enabling RNG early entropy source...
[2026-05-23 15:27:08.950] I (27) boot: Partition Table:
[2026-05-23 15:27:08.953] I (27) boot: ## Label            Usage          Type ST Offset   Length
[2026-05-23 15:27:08.956] I (28) boot:  0 nvs              WiFi data        01 02 00009000 00006000
[2026-05-23 15:27:08.962] I (29) boot:  1 phy_init         RF data          01 01 0000f000 00001000
[2026-05-23 15:27:08.972] I (29) boot:  2 factory          factory app      00 00 00010000 00100000
[2026-05-23 15:27:08.976] I (30) boot: End of partition table
[2026-05-23 15:27:08.982] I (31) esp_image: segment 0: paddr=00010020 vaddr=3c0a0020 size=1977ch (104316) map
[2026-05-23 15:27:08.986] I (48) esp_image: segment 1: paddr=000297a4 vaddr=3fc95200 size=02da0h ( 11680) load
[2026-05-23 15:27:08.993] I (51) esp_image: segment 2: paddr=0002c54c vaddr=40380000 size=03acch ( 15052) load
[2026-05-23 15:27:08.996] I (54) esp_image: segment 3: paddr=00030020 vaddr=42000020 size=9942ch (627756) map
[2026-05-23 15:27:08.998] I (154) esp_image: segment 4: paddr=000c9454 vaddr=40383acc size=11614h ( 71188) load
[2026-05-23 15:27:08.999] I (168) esp_image: segment 5: paddr=000daa70 vaddr=50000200 size=0001ch (    28) load
[2026-05-23 15:27:09.000] I (175) boot: Loaded app from partition at offset 0x10000
[2026-05-23 15:27:09.003] I (175) boot: Disabling RNG early entropy source...
[2026-05-23 15:27:09.004] I (176) cpu_start: Unicore app
[2026-05-23 15:27:09.005] I (185) cpu_start: Pro cpu start user code
[2026-05-23 15:27:09.006] I (185) cpu_start: cpu freq: 160000000 Hz
[2026-05-23 15:27:09.008] I (185) app_init: Application information:
[2026-05-23 15:27:09.010] I (185) app_init: Project name:     sensor_acquirer
[2026-05-23 15:27:09.013] I (185) app_init: App version:      v1.0-171-gbbe0783
[2026-05-23 15:27:09.014] I (186) app_init: Compile time:     May 23 2026 14:30:31
[2026-05-23 15:27:09.016] I (187) app_init: ELF file SHA256:  493679023...
[2026-05-23 15:27:09.018] I (187) app_init: ESP-IDF:          v5.4.1
[2026-05-23 15:27:09.024] I (188) efuse_init: Min chip rev:     v0.3
[2026-05-23 15:27:09.028] I (188) efuse_init: Max chip rev:     v1.99
[2026-05-23 15:27:09.030] I (189) efuse_init: Chip rev:         v0.4
[2026-05-23 15:27:09.031] I (189) heap_init: Initializing. RAM available for dynamic allocation:
[2026-05-23 15:27:09.033] I (190) heap_init: At 3FC9C340 len 00023CC0 (143 KiB): RAM
[2026-05-23 15:27:09.034] I (191) heap_init: At 3FCC0000 len 0001C710 (113 KiB): Retention RAM
[2026-05-23 15:27:09.035] I (191) heap_init: At 3FCDC710 len 00002950 (10 KiB): Retention RAM
[2026-05-23 15:27:09.036] I (192) heap_init: At 5000021C len 00001DCC (7 KiB): RTCRAM
[2026-05-23 15:27:09.037] I (194) spi_flash: detected chip: generic
[2026-05-23 15:27:09.037] I (194) spi_flash: flash io: dio
[2026-05-23 15:27:09.045] W (194) spi_flash: Detected size(4096k) larger than the size in the binary image header(2048k). Using the size in the binary image header.
[2026-05-23 15:27:09.047] I (196) sleep_gpio: Configure to isolate all GPIO pins in sleep state
[2026-05-23 15:27:09.048] I (196) sleep_gpio: Enable automatic switching of GPIO sleep configuration
[2026-05-23 15:27:09.049] I (197) main_task: Started on CPU0
[2026-05-23 15:27:09.049] I (197) main_task: Calling app_main()
[2026-05-23 15:27:09.050] WCAN_CFG_WAIT v=1
# UART boot config sent: wcan v=1 role=sensor transport=BROADCAST test_duration_ms=30000 host_wait_time_ms=5000 base=0xe0 count=1 hz=1000 linger=100
[2026-05-23 15:27:09.054] WCAN_CFG_WAIT v=1
[2026-05-23 15:27:11.512] WCAN_CFG_ACK
[2026-05-23 15:27:11.512] WCAN_CFG_ACK
[2026-05-23 15:27:11.516] I (2895) pp: pp rom version: 9387209
[2026-05-23 15:27:11.517] I (2896) net80211: net80211 rom version: 9387209
[2026-05-23 15:27:11.519] I (2897) wifi:wifi driver task: 3fca7720, prio:23, stack:6656, core=0
[2026-05-23 15:27:11.522] I (2901) wifi:wifi firmware version: 79fa3f41ba
[2026-05-23 15:27:11.524] I (2901) wifi:wifi certification version: v7.0
[2026-05-23 15:27:11.525] I (2901) wifi:config NVS flash: enabled
[2026-05-23 15:27:11.526] I (2901) wifi:config nano formatting: disabled
[2026-05-23 15:27:11.528] I (2902) wifi:Init data frame dynamic rx buffer num: 32
[2026-05-23 15:27:11.529] I (2902) wifi:Init static rx mgmt buffer num: 5
[2026-05-23 15:27:11.530] I (2903) wifi:Init management short buffer num: 32
[2026-05-23 15:27:11.531] I (2903) wifi:Init dynamic tx buffer num: 32
[2026-05-23 15:27:11.532] I (2904) wifi:Init static tx FG buffer num: 2
[2026-05-23 15:27:11.533] I (2904) wifi:Init static rx buffer size: 1600
[2026-05-23 15:27:11.535] I (2905) wifi:Init static rx buffer num: 10
[2026-05-23 15:27:11.537] I (2905) wifi:Init dynamic rx buffer num: 32
[2026-05-23 15:27:11.538] I (2906) wifi_init: rx ba win: 6
[2026-05-23 15:27:11.540] I (2907) wifi_init: accept mbox: 6
[2026-05-23 15:27:11.541] I (2907) wifi_init: tcpip mbox: 32
[2026-05-23 15:27:11.542] I (2907) wifi_init: udp mbox: 6
[2026-05-23 15:27:11.543] I (2907) wifi_init: tcp mbox: 6
[2026-05-23 15:27:11.544] I (2908) wifi_init: tcp tx win: 5760
[2026-05-23 15:27:11.545] I (2908) wifi_init: tcp rx win: 5760
[2026-05-23 15:27:11.546] I (2909) wifi_init: tcp mss: 1440
[2026-05-23 15:27:11.547] I (2909) wifi_init: WiFi IRAM OP enabled
[2026-05-23 15:27:11.548] I (2909) wifi_init: WiFi RX IRAM OP enabled
[2026-05-23 15:27:11.549] I (2910) phy_init: phy_version 1200,2b7123f9,Feb 18 2025,15:22:21
[2026-05-23 15:27:11.567] I (2945) wifi:mode : sta (74:4d:bd:e1:d5:b8)
[2026-05-23 15:27:11.567] I (2945) wifi:enable tsf
[2026-05-23 15:27:11.570] I (2948) ESPNOW: espnow [version: 2.0] init
[2026-05-23 15:27:11.571] WCAN_TEST_READY role=sensor
# Waiting for phased test start
# UART test start sent: WCAN_TEST_START at 2026-05-23T15:27:11.582952
[2026-05-23 15:27:12.398] P(FAIL):3580:e0:0:0:100:101
[2026-05-23 15:27:12.810] P(FAIL):3992:e0:5:505:605:101
[2026-05-23 15:27:13.255] P(FAIL):4437:e0:9:909:1009:101
[2026-05-23 15:27:13.674] P(FAIL):4856:e0:13:1313:1413:101
[2026-05-23 15:27:14.082] P(FAIL):5264:e0:17:1717:1817:101
[2026-05-23 15:27:14.491] P(FAIL):5673:e0:21:2121:2221:101
[2026-05-23 15:27:14.966] P(FAIL):6148:e0:25:2525:2625:101
[2026-05-23 15:27:15.429] P(FAIL):6612:e0:30:3030:3130:101
[2026-05-23 15:27:15.780] P(FAIL):6962:e0:35:3535:3635:101
[2026-05-23 15:27:16.207] P(FAIL):7389:e0:38:3838:3938:101
[2026-05-23 15:27:16.611] P(FAIL):7793:e0:42:4242:4342:101
[2026-05-23 15:27:16.976] P(FAIL):8158:e0:46:4646:4746:101
[2026-05-23 15:27:17.398] P(FAIL):8580:e0:50:5050:5150:101
[2026-05-23 15:27:17.807] P(FAIL):8989:e0:54:5454:5554:101
[2026-05-23 15:27:18.270] P(FAIL):9452:e0:58:5858:5958:101
[2026-05-23 15:27:18.736] P(FAIL):9918:e0:63:6363:6463:101
[2026-05-23 15:27:19.129] P(FAIL):10311:e0:67:6767:6867:101
[2026-05-23 15:27:20.006] P(FAIL):11188:e0:76:7676:7776:101
[2026-05-23 15:27:20.484] P(FAIL):11666:e0:80:8080:8180:101
[2026-05-23 15:27:20.908] P(FAIL):12090:e0:85:8585:8685:101
[2026-05-23 15:27:21.352] P(FAIL):12531:e0:89:8989:9089:101
[2026-05-23 15:27:21.706] P(FAIL):12888:e0:93:9393:9493:101
[2026-05-23 15:27:22.283] P(FAIL):13465:e0:98:9898:9998:101
[2026-05-23 15:27:22.639] P(FAIL):13821:e0:101:10201:10301:101
[2026-05-23 15:27:23.050] P(FAIL):14232:e0:102:10302:10402:101
[2026-05-23 15:27:23.549] P(FAIL):14731:e0:110:11110:11210:101
[2026-05-23 15:27:23.914] P(FAIL):15096:e0:115:11615:11715:101
[2026-05-23 15:27:24.380] P(FAIL):15562:e0:119:12019:12119:101
[2026-05-23 15:27:24.723] P(FAIL):15905:e0:123:12423:12523:101
[2026-05-23 15:27:25.220] P(FAIL):16401:e0:127:12827:12927:101
[2026-05-23 15:27:25.531] P(FAIL):16713:e0:128:12928:13028:101
[2026-05-23 15:27:25.943] P(FAIL):17125:e0:129:13029:13129:101
[2026-05-23 15:27:41.970] P(FAIL):33152:e0:293:29606:29706:101
[2026-05-23 15:27:42.769] P(FAIL):33952:e0:294:29707:29807:101
[2026-05-23 15:27:42.896] WCAN_BATCH id=0xe0 count=297 avg_hz=9.90 avg_points=100.96 min_points=90 max_points=101 avg_interval_ms=101.04 min_interval_ms=100.85 max_interval_ms=114.05 avg_dispatch_ms=4.53 max_dispatch_ms=9.45 dispatched_count=393 avg_queue_wait_ms=111.96 max_queue_wait_ms=830.81
[2026-05-23 15:27:42.896] WCAN_SENSOR_END generated=29998 avg_hz=1000.00
[2026-05-23 15:27:42.897] S(FAIL):34075:e0:0:14039:14051:13
[2026-05-23 15:27:42.898] WCAN_MEASURES elapsed_ms=29999 heap_start_free=126780 heap_end_free=141568 heap_start_min_free=124628 heap_end_min_free=123952 heap_start_largest=98304 heap_end_largest=98304 airtime_us_total=1774958 packets_sent_total=393 sensor_send_failures_total=13
[2026-05-23 15:27:42.898] WCAN_TEST_END role=sensor

# Monitor stopped: 2026-05-23T15:27:42.898264
