# Monitor started: 2026-05-13T04:02:36.514249
# Port: /dev/ttyACM0, Baud: 921600, Duration: 30s

# UART boot config: wcan v=1 role=idle transport=UNICAST
[2026-05-13 04:02:36.514] ESP-ROM:esp32c3-api1-20210207
[2026-05-13 04:02:36.515] Build:Feb  7 2021
[2026-05-13 04:02:36.516] rst:0x15 (USB_UART_CHIP_RESET),boot:0xd (SPI_FAST_FLASH_BOOT)
[2026-05-13 04:02:36.517] Saved PC:0x40384eae
[2026-05-13 04:02:36.517] SPIWP:0xee
[2026-05-13 04:02:36.519] mode:DIO, clock div:1
[2026-05-13 04:02:36.520] load:0x3fcd5820,len:0x1574
[2026-05-13 04:02:36.522] load:0x403cc710,len:0xc30
[2026-05-13 04:02:36.524] load:0x403ce710,len:0x2fa0
[2026-05-13 04:02:36.526] entry 0x403cc71a
[2026-05-13 04:02:36.530] I (24) boot: ESP-IDF v5.4.1 2nd stage bootloader
[2026-05-13 04:02:36.533] I (24) boot: compile time May 12 2026 19:49:19
[2026-05-13 04:02:36.536] I (25) boot: chip revision: v0.4
[2026-05-13 04:02:36.538] I (25) boot: efuse block revision: v1.3
[2026-05-13 04:02:36.541] I (25) boot.esp32c3: SPI Speed      : 80MHz
[2026-05-13 04:02:36.543] I (25) boot.esp32c3: SPI Mode       : DIO
[2026-05-13 04:02:36.545] I (26) boot.esp32c3: SPI Flash Size : 2MB
[2026-05-13 04:02:36.547] I (26) boot: Enabling RNG early entropy source...
[2026-05-13 04:02:36.548] I (27) boot: Partition Table:
[2026-05-13 04:02:36.550] I (27) boot: ## Label            Usage          Type ST Offset   Length
[2026-05-13 04:02:36.552] I (28) boot:  0 nvs              WiFi data        01 02 00009000 00006000
[2026-05-13 04:02:36.554] I (29) boot:  1 phy_init         RF data          01 01 0000f000 00001000
[2026-05-13 04:02:36.556] I (29) boot:  2 factory          factory app      00 00 00010000 00100000
[2026-05-13 04:02:36.557] I (30) boot: End of partition table
[2026-05-13 04:02:36.559] I (31) esp_image: segment 0: paddr=00010020 vaddr=3c0a0020 size=1a0c8h (106696) map
[2026-05-13 04:02:36.560] I (49) esp_image: segment 1: paddr=0002a0f0 vaddr=3fc95400 size=02db0h ( 11696) load
[2026-05-13 04:02:36.562] I (51) esp_image: segment 2: paddr=0002cea8 vaddr=40380000 size=03170h ( 12656) load
[2026-05-13 04:02:36.564] I (54) esp_image: segment 3: paddr=00030020 vaddr=42000020 size=94510h (607504) map
[2026-05-13 04:02:36.565] I (151) esp_image: segment 4: paddr=000c4538 vaddr=40383170 size=1223ch ( 74300) load
[2026-05-13 04:02:36.567] I (165) esp_image: segment 5: paddr=000d677c vaddr=50000200 size=0001ch (    28) load
[2026-05-13 04:02:36.568] I (172) boot: Loaded app from partition at offset 0x10000
[2026-05-13 04:02:36.569] I (172) boot: Disabling RNG early entropy source...
[2026-05-13 04:02:36.569] I (174) cpu_start: Unicore app
[2026-05-13 04:02:36.570] I (182) cpu_start: Pro cpu start user code
[2026-05-13 04:02:36.571] I (182) cpu_start: cpu freq: 160000000 Hz
[2026-05-13 04:02:36.571] I (182) app_init: Application information:
[2026-05-13 04:02:36.572] I (182) app_init: Project name:     sensor_acquirer
[2026-05-13 04:02:36.573] I (183) app_init: App version:      v1.0-60-gb67991a-dirty
[2026-05-13 04:02:36.574] I (183) app_init: Compile time:     May 12 2026 19:49:10
[2026-05-13 04:02:36.574] I (184) app_init: ELF file SHA256:  b80335c0b...
[2026-05-13 04:02:36.574] I (184) app_init: ESP-IDF:          v5.4.1
[2026-05-13 04:02:36.575] I (185) efuse_init: Min chip rev:     v0.3
[2026-05-13 04:02:36.575] I (185) efuse_init: Max chip rev:     v1.99
[2026-05-13 04:02:36.575] I (186) efuse_init: Chip rev:         v0.4
[2026-05-13 04:02:36.576] I (186) heap_init: Initializing. RAM available for dynamic allocation:
[2026-05-13 04:02:36.576] I (187) heap_init: At 3FC9CF80 len 00023080 (140 KiB): RAM
[2026-05-13 04:02:36.576] I (188) heap_init: At 3FCC0000 len 0001C710 (113 KiB): Retention RAM
[2026-05-13 04:02:36.577] I (188) heap_init: At 3FCDC710 len 00002950 (10 KiB): Retention RAM
[2026-05-13 04:02:36.577] I (189) heap_init: At 5000021C len 00001DCC (7 KiB): RTCRAM
[2026-05-13 04:02:36.577] I (191) spi_flash: detected chip: generic
[2026-05-13 04:02:36.577] I (191) spi_flash: flash io: dio
[2026-05-13 04:02:36.578] W (191) spi_flash: Detected size(4096k) larger than the size in the binary image header(2048k). Using the size in the binary image header.
[2026-05-13 04:02:36.578] I (193) sleep_gpio: Configure to isolate all GPIO pins in sleep state
[2026-05-13 04:02:36.579] I (193) sleep_gpio: Enable automatic switching of GPIO sleep configuration
[2026-05-13 04:02:36.579] I (194) main_task: Started on CPU0
[2026-05-13 04:02:36.579] I (194) main_task: Calling app_main()
[2026-05-13 04:02:36.579] I (194) BOOT_TS: us=5219
[2026-05-13 04:02:36.580] I (195) BOOT_CONFIG: waiting for UART config
[2026-05-13 04:02:36.580] WCAN_CFG_WAIT v=1
# UART boot config sent: wcan v=1 role=idle transport=UNICAST
[2026-05-13 04:02:36.580] WCAN_CFG_WAIT v=1
[2026-05-13 04:02:37.302] I (986) BOOT_CONFIG: accepted role=idle transport=UNICAST
[2026-05-13 04:02:37.302] WCAN_CFG_ACK
# Waiting for coordinated capture start
[2026-05-13 04:02:37.308] WCAN_CFG_ACK
[2026-05-13 04:02:37.336] I (986) MAIN: IDLE mode - stopping before NVS/Wi-Fi initialization
[2026-05-13 04:02:37.352] I (986) main_task: Returned from app_main()

# Monitor stopped: 2026-05-13T04:03:07.383565
