# Monitor started: 2026-04-22T17:52:34.226819
# Port: COM10, Baud: 115200, Duration: 30s

[2026-04-22 17:52:34.233] I (101) esp_image: segment 2: paddr=0002aee4 vaddr=40380000 sizeESP-ROM:esp32c3-api1-20210207
[2026-04-22 17:52:34.235] Build:Feb  7 2021
[2026-04-22 17:52:34.240] rst:0x15 (USB_UART_CHIP_RESET),boot:0xd (SPI_FAST_FLASH_BOOT)
[2026-04-22 17:52:34.242] Saved PC:0x40384ec6
[2026-04-22 17:52:34.242] SPIWP:0xee
[2026-04-22 17:52:34.245] mode:DIO, clock div:1
[2026-04-22 17:52:34.248] load:0x3fcd5820,len:0x1574
[2026-04-22 17:52:34.251] load:0x403cc710,len:0xc30
[2026-04-22 17:52:34.253] load:0x403ce710,len:0x2f64
[2026-04-22 17:52:34.255] entry 0x403cc71a
[2026-04-22 17:52:34.260] I (24) boot: ESP-IDF v5.4.1 2nd stage bootloader
[2026-04-22 17:52:34.264] I (24) boot: compile time Apr 22 2026 16:20:48
[2026-04-22 17:52:34.267] I (24) boot: chip revision: v0.4
[2026-04-22 17:52:34.271] I (25) boot: efuse block revision: v1.3
[2026-04-22 17:52:34.276] I (28) boot.esp32c3: SPI Speed      : 80MHz
[2026-04-22 17:52:34.279] I (32) boot.esp32c3: SPI Mode       : DIO
[2026-04-22 17:52:34.284] I (36) boot.esp32c3: SPI Flash Size : 2MB
[2026-04-22 17:52:34.289] I (39) boot: Enabling RNG early entropy source...
[2026-04-22 17:52:34.292] I (44) boot: Partition Table:
[2026-04-22 17:52:34.297] I (46) boot: ## Label            Usage          Type ST Offset   Length
[2026-04-22 17:52:34.304] I (53) boot:  0 nvs              WiFi data        01 02 00009000 00006000
[2026-04-22 17:52:34.309] I (59) boot:  1 phy_init         RF data          01 01 0000f000 00001000
[2026-04-22 17:52:34.315] I (66) boot:  2 factory          factory app      00 00 00010000 00100000
[2026-04-22 17:52:34.319] I (72) boot: End of partition table
[2026-04-22 17:52:34.326] I (76) esp_image: segment 0: paddr=00010020 vaddr=3c090020 size=18114h ( 98580) map
[2026-04-22 17:52:34.334] I (99) esp_image: segment 1: paddr=0002813c vaddr=3fc94000 size=02da0h ( 11680) load
[2026-04-22 17:52:34.342] I (101) esp_image: segment 2: paddr=0002aee4 vaddr=40380000 size=05134h ( 20788) load
[2026-04-22 17:52:34.350] I (106) esp_image: segment 3: paddr=00030020 vaddr=42000020 size=8eaa8h (584360) map
[2026-04-22 17:52:34.358] I (203) esp_image: segment 4: paddr=000bead0 vaddr=40385134 size=0ede8h ( 60904) load
[2026-04-22 17:52:34.367] I (215) esp_image: segment 5: paddr=000cd8c0 vaddr=50000200 size=0001ch (    28) load
[2026-04-22 17:52:34.374] I (221) boot: Loaded app from partition at offset 0x10000
[2026-04-22 17:52:34.379] I (221) boot: Disabling RNG early entropy source...
[2026-04-22 17:52:34.382] I (232) cpu_start: Unicore app
[2026-04-22 17:52:34.385] I (241) cpu_start: Pro cpu start user code
[2026-04-22 17:52:34.389] I (241) cpu_start: cpu freq: 160000000 Hz
[2026-04-22 17:52:34.392] I (241) app_init: Application information:
[2026-04-22 17:52:34.398] I (241) app_init: Project name:     sensor_acquirer
[2026-04-22 17:52:34.403] I (245) app_init: App version:      e468f2b-dirty
[2026-04-22 17:52:34.408] I (250) app_init: Compile time:     Apr 22 2026 16:19:54
[2026-04-22 17:52:34.413] I (255) app_init: ELF file SHA256:  21c97d479...
[2026-04-22 17:52:34.418] I (259) app_init: ESP-IDF:          v5.4.1
[2026-04-22 17:52:34.422] I (263) efuse_init: Min chip rev:     v0.3
[2026-04-22 17:52:34.427] I (267) efuse_init: Max chip rev:     v1.99
[2026-04-22 17:52:34.430] I (271) efuse_init: Chip rev:         v0.4
[2026-04-22 17:52:34.436] I (275) heap_init: Initializing. RAM available for dynamic allocation:
[2026-04-22 17:52:34.443] I (281) heap_init: At 3FC9B1B0 len 00024E50 (147 KiB): RAM
[2026-04-22 17:52:34.450] I (286) heap_init: At 3FCC0000 len 0001C710 (113 KiB): Retention RAM
[2026-04-22 17:52:34.456] I (292) heap_init: At 3FCDC710 len 00002950 (10 KiB): Retention RAM
[2026-04-22 17:52:34.461] I (298) heap_init: At 5000021C len 00001DCC (7 KiB): RTCRAM
[2026-04-22 17:52:34.467] I (304) spi_flash: detected chip: generic
[2026-04-22 17:52:34.469] I (307) spi_flash: flash io: dio
[2026-04-22 17:52:34.482] W (310) spi_flash: Detected size(4096k) larger than the size in the binary image header(2048k). Using the size in the binary image header.
[2026-04-22 17:52:34.489] I (323) sleep_gpio: Configure to isolate all GPIO pins in sleep state
[2026-04-22 17:52:34.496] I (329) sleep_gpio: Enable automatic switching of GPIO sleep configuration
[2026-04-22 17:52:34.499] I (335) main_task: Started on CPU0
[2026-04-22 17:52:34.503] I (335) main_task: Calling app_main()
[2026-04-22 17:52:34.507] I (335) MAIN: MAC: 74:4d:bd:e1:d5:b8
[2026-04-22 17:52:34.508] I (345) pp: pp rom version: 9387209
[2026-04-22 17:52:34.509] I (345) net80211: net80211 rom version: 9387209
[2026-04-22 17:52:34.515] I (355) wifi:wifi driver task: 3fca4114, prio:23, stack:6656, core=0
[2026-04-22 17:52:34.520] I (355) wifi:wifi firmware version: 79fa3f41ba
[2026-04-22 17:52:34.523] I (355) wifi:wifi certification version: v7.0
[2026-04-22 17:52:34.526] I (365) wifi:config NVS flash: enabled
[2026-04-22 17:52:34.531] I (365) wifi:config nano formatting: disabled
[2026-04-22 17:52:34.535] I (365) wifi:Init data frame dynamic rx buffer num: 32
[2026-04-22 17:52:34.541] I (375) wifi:Init static rx mgmt buffer num: 5
[2026-04-22 17:52:34.546] I (375) wifi:Init management short buffer num: 32
[2026-04-22 17:52:34.552] I (385) wifi:Init dynamic tx buffer num: 32
[2026-04-22 17:52:34.557] I (385) wifi:Init static tx FG buffer num: 2
[2026-04-22 17:52:34.563] I (395) wifi:Init static rx buffer size: 1600
[2026-04-22 17:52:34.568] I (395) wifi:Init static rx buffer num: 10
[2026-04-22 17:52:34.574] I (395) wifi:Init dynamic rx buffer num: 32
[2026-04-22 17:52:34.580] I (405) wifi_init: rx ba win: 6
[2026-04-22 17:52:34.585] I (405) wifi_init: accept mbox: 6
[2026-04-22 17:52:34.590] I (405) wifi_init: tcpip mbox: 32
[2026-04-22 17:52:34.594] I (415) wifi_init: udp mbox: 6
[2026-04-22 17:52:34.598] I (415) wifi_init: tcp mbox: 6
[2026-04-22 17:52:34.602] I (415) wifi_init: tcp tx win: 5760
[2026-04-22 17:52:34.606] I (415) wifi_init: tcp rx win: 5760
[2026-04-22 17:52:34.609] I (425) wifi_init: tcp mss: 1440
[2026-04-22 17:52:34.613] I (425) wifi_init: WiFi IRAM OP enabled
[2026-04-22 17:52:34.618] I (425) wifi_init: WiFi RX IRAM OP enabled
[2026-04-22 17:52:34.626] I (435) phy_init: phy_version 1200,2b7123f9,Feb 18 2025,15:22:21
[2026-04-22 17:52:34.632] I (475) wifi:mode : softAP (74:4d:bd:e1:d5:b9)
[2026-04-22 17:52:34.638] I (475) wifi:Total power save buffer number: 16
[2026-04-22 17:52:34.643] I (475) wifi:Init max length of beacon: 752/752
[2026-04-22 17:52:34.648] I (475) wifi:Init max length of beacon: 752/752
[2026-04-22 17:52:34.651] I (485) MAIN: WiFi initialized
[2026-04-22 17:52:34.657] I (485) MAIN: RECEIVER mode — accepting all CAN IDs
[2026-04-22 17:52:34.661] I (485) ESPNOW: espnow [version: 2.0] init
[2026-04-22 17:52:34.664] I (495) SEND: Send processing task started
[2026-04-22 17:52:34.669] I (495) RECV: Receive processing task started
[2026-04-22 17:52:34.670] I (495) WCAN: WCAN initialized
[2026-04-22 17:52:34.671] I (505) main_task: Returned from app_main()
[2026-04-22 17:52:34.671] I (895) USER-RECV: Received [d6d0] len=4 counter=0
[2026-04-22 17:52:34.672] I (905) USER-RECV: Received [c978] len=4 counter=0
[2026-04-22 17:52:34.672] I (905) USER-RECV: Received [5d10] len=4 counter=0
[2026-04-22 17:52:35.421] I (1895) USER-RECV: Received [d6d0] len=4 counter=1
[2026-04-22 17:52:35.431] I (1905) USER-RECV: Received [c978] len=4 counter=1
[2026-04-22 17:52:35.432] I (1905) USER-RECV: Received [5d10] len=4 counter=1
[2026-04-22 17:52:36.422] I (2895) USER-RECV: Received [d6d0] len=4 counter=2
[2026-04-22 17:52:36.431] I (2905) USER-RECV: Received [c978] len=4 counter=2
[2026-04-22 17:52:36.432] I (2905) USER-RECV: Received [5d10] len=4 counter=2
[2026-04-22 17:52:37.422] I (3895) USER-RECV: Received [d6d0] len=4 counter=3
[2026-04-22 17:52:37.433] I (3905) USER-RECV: Received [c978] len=4 counter=3
[2026-04-22 17:52:37.434] I (3905) USER-RECV: Received [5d10] len=4 counter=3
[2026-04-22 17:52:38.422] I (4895) USER-RECV: Received [d6d0] len=4 counter=4
[2026-04-22 17:52:38.431] I (4905) USER-RECV: Received [c978] len=4 counter=4
[2026-04-22 17:52:38.633] I (5105) USER-RECV: Received [5d10] len=4 counter=4
[2026-04-22 17:52:39.422] I (5895) USER-RECV: Received [d6d0] len=4 counter=5
[2026-04-22 17:52:39.432] I (5905) USER-RECV: Received [5d10] len=4 counter=5
[2026-04-22 17:52:39.433] I (5905) USER-RECV: Received [c978] len=4 counter=5
[2026-04-22 17:52:40.422] I (6895) USER-RECV: Received [d6d0] len=4 counter=6
[2026-04-22 17:52:40.632] I (7105) USER-RECV: Received [5d10] len=4 counter=6
[2026-04-22 17:52:40.832] I (7305) USER-RECV: Received [c978] len=4 counter=6
[2026-04-22 17:52:41.425] I (7895) USER-RECV: Received [d6d0] len=4 counter=7
[2026-04-22 17:52:41.432] I (7905) USER-RECV: Received [5d10] len=4 counter=7
[2026-04-22 17:52:41.632] I (8105) USER-RECV: Received [c978] len=4 counter=7
[2026-04-22 17:52:42.422] I (8895) USER-RECV: Received [d6d0] len=4 counter=8
[2026-04-22 17:52:42.632] I (9105) USER-RECV: Received [c978] len=4 counter=8
[2026-04-22 17:52:42.633] I (9105) USER-RECV: Received [5d10] len=4 counter=8
[2026-04-22 17:52:43.422] I (9895) USER-RECV: Received [d6d0] len=4 counter=9
[2026-04-22 17:52:43.432] I (9905) USER-RECV: Received [c978] len=4 counter=9
[2026-04-22 17:52:43.633] I (10105) USER-RECV: Received [5d10] len=4 counter=9
[2026-04-22 17:52:44.422] I (10895) USER-RECV: Received [d6d0] len=4 counter=10
[2026-04-22 17:52:44.433] I (10905) USER-RECV: Received [c978] len=4 counter=10
[2026-04-22 17:52:44.634] I (11105) USER-RECV: Received [5d10] len=4 counter=10
[2026-04-22 17:52:45.422] I (11895) USER-RECV: Received [d6d0] len=4 counter=11
[2026-04-22 17:52:45.432] I (11905) USER-RECV: Received [c978] len=4 counter=11
[2026-04-22 17:52:45.634] I (12105) USER-RECV: Received [5d10] len=4 counter=11
[2026-04-22 17:52:46.423] I (12895) USER-RECV: Received [d6d0] len=4 counter=12
[2026-04-22 17:52:46.633] I (13105) USER-RECV: Received [c978] len=4 counter=12
[2026-04-22 17:52:46.633] I (13105) USER-RECV: Received [5d10] len=4 counter=12
[2026-04-22 17:52:47.424] I (13895) USER-RECV: Received [d6d0] len=4 counter=13
[2026-04-22 17:52:47.434] I (13905) USER-RECV: Received [5d10] len=4 counter=13
[2026-04-22 17:52:47.833] I (14305) USER-RECV: Received [c978] len=4 counter=13
[2026-04-22 17:52:48.423] I (14895) USER-RECV: Received [d6d0] len=4 counter=14
[2026-04-22 17:52:48.434] I (14905) USER-RECV: Received [5d10] len=4 counter=14
[2026-04-22 17:52:48.435] I (14905) USER-RECV: Received [c978] len=4 counter=14
[2026-04-22 17:52:49.423] I (15895) USER-RECV: Received [d6d0] len=4 counter=15
[2026-04-22 17:52:49.634] I (16105) USER-RECV: Received [c978] len=4 counter=15
[2026-04-22 17:52:49.634] I (16105) USER-RECV: Received [5d10] len=4 counter=15
[2026-04-22 17:52:50.423] I (16895) USER-RECV: Received [d6d0] len=4 counter=16
[2026-04-22 17:52:50.434] I (16905) USER-RECV: Received [5d10] len=4 counter=16
[2026-04-22 17:52:50.633] I (17105) USER-RECV: Received [c978] len=4 counter=16
[2026-04-22 17:52:51.425] I (17895) USER-RECV: Received [d6d0] len=4 counter=17
[2026-04-22 17:52:51.432] I (17905) USER-RECV: Received [c978] len=4 counter=17
[2026-04-22 17:52:51.433] I (17905) USER-RECV: Received [5d10] len=4 counter=17
[2026-04-22 17:52:52.423] I (18895) USER-RECV: Received [d6d0] len=4 counter=18
[2026-04-22 17:52:52.432] I (18905) USER-RECV: Received [c978] len=4 counter=18
[2026-04-22 17:52:52.433] I (18905) USER-RECV: Received [5d10] len=4 counter=18
[2026-04-22 17:52:53.424] I (19895) USER-RECV: Received [d6d0] len=4 counter=19
[2026-04-22 17:52:53.433] I (19905) USER-RECV: Received [5d10] len=4 counter=19
[2026-04-22 17:52:53.634] I (20105) USER-RECV: Received [c978] len=4 counter=19
[2026-04-22 17:52:54.423] I (20895) USER-RECV: Received [d6d0] len=4 counter=20
[2026-04-22 17:52:54.432] I (20905) USER-RECV: Received [c978] len=4 counter=20
[2026-04-22 17:52:54.434] I (20905) USER-RECV: Received [5d10] len=4 counter=20
[2026-04-22 17:52:55.424] I (21895) USER-RECV: Received [d6d0] len=4 counter=21
[2026-04-22 17:52:55.434] I (21905) USER-RECV: Received [c978] len=4 counter=21
[2026-04-22 17:52:55.435] I (21905) USER-RECV: Received [5d10] len=4 counter=21
[2026-04-22 17:52:56.423] I (22895) USER-RECV: Received [d6d0] len=4 counter=22
[2026-04-22 17:52:56.433] I (22905) USER-RECV: Received [c978] len=4 counter=22
[2026-04-22 17:52:56.435] I (22905) USER-RECV: Received [5d10] len=4 counter=22
[2026-04-22 17:52:57.424] I (23895) USER-RECV: Received [d6d0] len=4 counter=23
[2026-04-22 17:52:57.434] I (23905) USER-RECV: Received [c978] len=4 counter=23
[2026-04-22 17:52:57.434] I (23905) USER-RECV: Received [5d10] len=4 counter=23
[2026-04-22 17:52:58.423] I (24895) USER-RECV: Received [d6d0] len=4 counter=24
[2026-04-22 17:52:58.434] I (24905) USER-RECV: Received [c978] len=4 counter=24
[2026-04-22 17:52:58.434] I (24905) USER-RECV: Received [5d10] len=4 counter=24
[2026-04-22 17:52:59.424] I (25895) USER-RECV: Received [d6d0] len=4 counter=25
[2026-04-22 17:52:59.434] I (25905) USER-RECV: Received [c978] len=4 counter=25
[2026-04-22 17:52:59.434] I (25905) USER-RECV: Received [5d10] len=4 counter=25
[2026-04-22 17:53:00.424] I (26895) USER-RECV: Received [d6d0] len=4 counter=26
[2026-04-22 17:53:00.435] I (26905) USER-RECV: Received [5d10] len=4 counter=26
[2026-04-22 17:53:00.437] I (26905) USER-RECV: Received [c978] len=4 counter=26
[2026-04-22 17:53:01.423] I (27895) USER-RECV: Received [d6d0] len=4 counter=27
[2026-04-22 17:53:01.435] I (27905) USER-RECV: Received [c978] len=4 counter=27
[2026-04-22 17:53:01.435] I (27905) USER-RECV: Received [5d10] len=4 counter=27
[2026-04-22 17:53:02.424] I (28895) USER-RECV: Received [d6d0] len=4 counter=28
[2026-04-22 17:53:02.433] I (28905) USER-RECV: Received [c978] len=4 counter=28
[2026-04-22 17:53:02.434] I (28905) USER-RECV: Received [5d10] len=4 counter=28
[2026-04-22 17:53:03.424] I (29895) USER-RECV: Received [d6d0] len=4 counter=29
[2026-04-22 17:53:03.434] I (29905) USER-RECV: Received [c978] len=4 counter=29
[2026-04-22 17:53:03.435] I (29905) USER-RECV: Received [5d10] len=4 counter=29
[2026-04-22 17:53:04.424] I (30895) USER-RECV: Received [d6d0] len=4 counter=30

# Monitor stopped: 2026-04-22T17:53:04.424981
