# Monitor started: 2026-05-23T19:13:04.070348
# Port: /dev/ttyACM0, Baud: 921600, Timeout: 35.000s after WCAN_TEST_START

# UART boot config: wcan v=1 role=idle transport=MULTICAST test_duration_ms=30000 host_wait_time_ms=5000
[2026-05-23 19:13:04.082] ESP-ROM:esp32c3-api1-20210207
[2026-05-23 19:13:04.091] Build:Feb  7 2021
[2026-05-23 19:13:04.110] rst:0x15 (USB_UART_CHIP_RESET),boot:0xd (SPI_FAST_FLASH_BOOT)
[2026-05-23 19:13:04.114] Saved PC:0x40384eba
[2026-05-23 19:13:04.117] SPIWP:0xee
[2026-05-23 19:13:04.121] mode:DIO, clock div:1
[2026-05-23 19:13:04.125] load:0x3fcd5820,len:0x1574
[2026-05-23 19:13:04.129] load:0x403cc710,len:0xc30
[2026-05-23 19:13:04.131] load:0x403ce710,len:0x2fa0
[2026-05-23 19:13:04.132] entry 0x403cc71a
[2026-05-23 19:13:04.135] I (24) boot: ESP-IDF v5.4.1 2nd stage bootloader
[2026-05-23 19:13:04.138] I (24) boot: compile time May 19 2026 23:41:33
[2026-05-23 19:13:04.141] I (25) boot: chip revision: v0.4
[2026-05-23 19:13:04.141] I (25) boot: efuse block revision: v1.3
[2026-05-23 19:13:04.143] I (25) boot.esp32c3: SPI Speed      : 80MHz
[2026-05-23 19:13:04.146] I (25) boot.esp32c3: SPI Mode       : DIO
[2026-05-23 19:13:04.149] I (26) boot.esp32c3: SPI Flash Size : 2MB
[2026-05-23 19:13:04.152] I (26) boot: Enabling RNG early entropy source...
[2026-05-23 19:13:04.154] I (27) boot: Partition Table:
[2026-05-23 19:13:04.158] I (27) boot: ## Label            Usage          Type ST Offset   Length
[2026-05-23 19:13:04.164] I (28) boot:  0 nvs              WiFi data        01 02 00009000 00006000
[2026-05-23 19:13:04.166] I (29) boot:  1 phy_init         RF data          01 01 0000f000 00001000
[2026-05-23 19:13:04.168] I (29) boot:  2 factory          factory app      00 00 00010000 00100000
[2026-05-23 19:13:04.169] I (30) boot: End of partition table
[2026-05-23 19:13:04.174] I (31) esp_image: segment 0: paddr=00010020 vaddr=3c0a0020 size=19850h (104528) map
[2026-05-23 19:13:04.176] I (48) esp_image: segment 1: paddr=00029878 vaddr=3fc95000 size=02da0h ( 11680) load
[2026-05-23 19:13:04.179] I (51) esp_image: segment 2: paddr=0002c620 vaddr=40380000 size=039f8h ( 14840) load
[2026-05-23 19:13:04.194] I (54) esp_image: segment 3: paddr=00030020 vaddr=42000020 size=990b4h (626868) map
[2026-05-23 19:13:04.199] I (154) esp_image: segment 4: paddr=000c90dc vaddr=403839f8 size=114f8h ( 70904) load
[2026-05-23 19:13:04.205] I (168) esp_image: segment 5: paddr=000da5dc vaddr=50000200 size=0001ch (    28) load
[2026-05-23 19:13:04.207] I (174) boot: Loaded app from partition at offset 0x10000
[2026-05-23 19:13:04.210] I (175) boot: Disabling RNG early entropy source...
[2026-05-23 19:13:04.211] I (176) cpu_start: Unicore app
[2026-05-23 19:13:04.213] I (184) cpu_start: Pro cpu start user code
[2026-05-23 19:13:04.214] I (185) cpu_start: cpu freq: 160000000 Hz
[2026-05-23 19:13:04.216] I (185) app_init: Application information:
[2026-05-23 19:13:04.218] I (185) app_init: Project name:     sensor_acquirer
[2026-05-23 19:13:04.221] I (185) app_init: App version:      v1.0-171-gbbe0783
[2026-05-23 19:13:04.223] I (186) app_init: Compile time:     May 23 2026 14:30:40
[2026-05-23 19:13:04.225] I (186) app_init: ELF file SHA256:  0e7d705e7...
[2026-05-23 19:13:04.228] I (187) app_init: ESP-IDF:          v5.4.1
[2026-05-23 19:13:04.231] I (187) efuse_init: Min chip rev:     v0.3
[2026-05-23 19:13:04.235] I (188) efuse_init: Max chip rev:     v1.99
[2026-05-23 19:13:04.238] I (188) efuse_init: Chip rev:         v0.4
[2026-05-23 19:13:04.241] I (189) heap_init: Initializing. RAM available for dynamic allocation:
[2026-05-23 19:13:04.253] I (190) heap_init: At 3FC9C130 len 00023ED0 (143 KiB): RAM
[2026-05-23 19:13:04.256] I (190) heap_init: At 3FCC0000 len 0001C710 (113 KiB): Retention RAM
[2026-05-23 19:13:04.257] I (191) heap_init: At 3FCDC710 len 00002950 (10 KiB): Retention RAM
[2026-05-23 19:13:04.259] I (192) heap_init: At 5000021C len 00001DCC (7 KiB): RTCRAM
[2026-05-23 19:13:04.260] I (193) spi_flash: detected chip: generic
[2026-05-23 19:13:04.260] I (193) spi_flash: flash io: dio
[2026-05-23 19:13:04.263] W (194) spi_flash: Detected size(4096k) larger than the size in the binary image header(2048k). Using the size in the binary image header.
[2026-05-23 19:13:04.264] I (195) sleep_gpio: Configure to isolate all GPIO pins in sleep state
[2026-05-23 19:13:04.265] I (196) sleep_gpio: Enable automatic switching of GPIO sleep configuration
[2026-05-23 19:13:04.266] I (197) main_task: Started on CPU0
[2026-05-23 19:13:04.271] I (197) main_task: Calling app_main()
[2026-05-23 19:13:04.272] WCAN_CFG_WAIT v=1
# UART boot config sent: wcan v=1 role=idle transport=MULTICAST test_duration_ms=30000 host_wait_time_ms=5000
[2026-05-23 19:13:04.273] WCAN_CFG_WAIT v=1
[2026-05-23 19:13:05.968] WCAN_CFG_ACK
[2026-05-23 19:13:05.968] WCAN_CFG_ACK
[2026-05-23 19:13:05.968] WCAN_TEST_READY role=idle
# Waiting for phased test start
# UART test start sent: WCAN_TEST_START at 2026-05-23T19:13:06.807557
[2026-05-23 19:13:07.107] WCAN_TEST_END role=idle

# Monitor stopped: 2026-05-23T19:13:07.107605
