# Monitor started: 2026-05-23T19:13:04.069906
# Port: /dev/ttyACM1, Baud: 921600, Timeout: 35.000s after WCAN_TEST_START

# UART boot config: wcan v=1 role=sensor transport=MULTICAST test_duration_ms=30000 host_wait_time_ms=5000 base=0xe0 count=1 hz=750 linger=100
[2026-05-23 19:13:04.085] ESP-ROM:esp32c3-api1-20210207
[2026-05-23 19:13:04.093] Build:Feb  7 2021
[2026-05-23 19:13:04.117] rst:0x15 (USB_UART_CHIP_RESET),boot:0xd (SPI_FAST_FLASH_BOOT)
[2026-05-23 19:13:04.123] Saved PC:0x40384eba
[2026-05-23 19:13:04.123] SPIWP:0xee
[2026-05-23 19:13:04.125] mode:DIO, clock div:1
[2026-05-23 19:13:04.128] load:0x3fcd5820,len:0x1574
[2026-05-23 19:13:04.130] load:0x403cc710,len:0xc30
[2026-05-23 19:13:04.132] load:0x403ce710,len:0x2fa0
[2026-05-23 19:13:04.133] entry 0x403cc71a
[2026-05-23 19:13:04.139] I (24) boot: ESP-IDF v5.4.1 2nd stage bootloader
[2026-05-23 19:13:04.144] I (24) boot: compile time May 19 2026 23:41:33
[2026-05-23 19:13:04.145] I (25) boot: chip revision: v0.4
[2026-05-23 19:13:04.152] I (25) boot: efuse block revision: v1.3
[2026-05-23 19:13:04.155] I (25) boot.esp32c3: SPI Speed      : 80MHz
[2026-05-23 19:13:04.159] I (25) boot.esp32c3: SPI Mode       : DIO
[2026-05-23 19:13:04.160] I (26) boot.esp32c3: SPI Flash Size : 2MB
[2026-05-23 19:13:04.162] I (26) boot: Enabling RNG early entropy source...
[2026-05-23 19:13:04.163] I (27) boot: Partition Table:
[2026-05-23 19:13:04.177] I (27) boot: ## Label            Usage          Type ST Offset   Length
[2026-05-23 19:13:04.181] I (28) boot:  0 nvs              WiFi data        01 02 00009000 00006000
[2026-05-23 19:13:04.184] I (29) boot:  1 phy_init         RF data          01 01 0000f000 00001000
[2026-05-23 19:13:04.192] I (29) boot:  2 factory          factory app      00 00 00010000 00100000
[2026-05-23 19:13:04.195] I (30) boot: End of partition table
[2026-05-23 19:13:04.199] I (31) esp_image: segment 0: paddr=00010020 vaddr=3c0a0020 size=19850h (104528) map
[2026-05-23 19:13:04.203] I (48) esp_image: segment 1: paddr=00029878 vaddr=3fc95000 size=02da0h ( 11680) load
[2026-05-23 19:13:04.207] I (51) esp_image: segment 2: paddr=0002c620 vaddr=40380000 size=039f8h ( 14840) load
[2026-05-23 19:13:04.210] I (54) esp_image: segment 3: paddr=00030020 vaddr=42000020 size=990b4h (626868) map
[2026-05-23 19:13:04.212] I (154) esp_image: segment 4: paddr=000c90dc vaddr=403839f8 size=114f8h ( 70904) load
[2026-05-23 19:13:04.214] I (168) esp_image: segment 5: paddr=000da5dc vaddr=50000200 size=0001ch (    28) load
[2026-05-23 19:13:04.215] I (174) boot: Loaded app from partition at offset 0x10000
[2026-05-23 19:13:04.216] I (175) boot: Disabling RNG early entropy source...
[2026-05-23 19:13:04.217] I (176) cpu_start: Unicore app
[2026-05-23 19:13:04.218] I (185) cpu_start: Pro cpu start user code
[2026-05-23 19:13:04.219] I (185) cpu_start: cpu freq: 160000000 Hz
[2026-05-23 19:13:04.220] I (185) app_init: Application information:
[2026-05-23 19:13:04.221] I (185) app_init: Project name:     sensor_acquirer
[2026-05-23 19:13:04.223] I (185) app_init: App version:      v1.0-171-gbbe0783
[2026-05-23 19:13:04.226] I (186) app_init: Compile time:     May 23 2026 14:30:40
[2026-05-23 19:13:04.228] I (186) app_init: ELF file SHA256:  0e7d705e7...
[2026-05-23 19:13:04.230] I (187) app_init: ESP-IDF:          v5.4.1
[2026-05-23 19:13:04.232] I (187) efuse_init: Min chip rev:     v0.3
[2026-05-23 19:13:04.233] I (188) efuse_init: Max chip rev:     v1.99
[2026-05-23 19:13:04.235] I (188) efuse_init: Chip rev:         v0.4
[2026-05-23 19:13:04.245] I (189) heap_init: Initializing. RAM available for dynamic allocation:
[2026-05-23 19:13:04.254] I (190) heap_init: At 3FC9C130 len 00023ED0 (143 KiB): RAM
[2026-05-23 19:13:04.258] I (190) heap_init: At 3FCC0000 len 0001C710 (113 KiB): Retention RAM
[2026-05-23 19:13:04.259] I (191) heap_init: At 3FCDC710 len 00002950 (10 KiB): Retention RAM
[2026-05-23 19:13:04.261] I (192) heap_init: At 5000021C len 00001DCC (7 KiB): RTCRAM
[2026-05-23 19:13:04.266] I (193) spi_flash: detected chip: generic
[2026-05-23 19:13:04.267] I (194) spi_flash: flash io: dio
[2026-05-23 19:13:04.269] W (194) spi_flash: Detected size(4096k) larger than the size in the binary image header(2048k). Using the size in the binary image header.
[2026-05-23 19:13:04.270] I (195) sleep_gpio: Configure to isolate all GPIO pins in sleep state
[2026-05-23 19:13:04.271] I (196) sleep_gpio: Enable automatic switching of GPIO sleep configuration
[2026-05-23 19:13:04.272] I (197) main_task: Started on CPU0
[2026-05-23 19:13:04.274] I (197) main_task: Calling app_main()
[2026-05-23 19:13:04.274] WCAN_CFG_WAIT v=1
# UART boot config sent: wcan v=1 role=sensor transport=MULTICAST test_duration_ms=30000 host_wait_time_ms=5000 base=0xe0 count=1 hz=750 linger=100
[2026-05-23 19:13:04.275] WCAN_CFG_WAIT v=1
[2026-05-23 19:13:06.728] WCAN_CFG_ACK
[2026-05-23 19:13:06.728] WCAN_CFG_ACK
[2026-05-23 19:13:06.733] I (2862) pp: pp rom version: 9387209
[2026-05-23 19:13:06.734] I (2863) net80211: net80211 rom version: 9387209
[2026-05-23 19:13:06.736] I (2864) wifi:wifi driver task: 3fca7510, prio:23, stack:6656, core=0
[2026-05-23 19:13:06.739] I (2868) wifi:wifi firmware version: 79fa3f41ba
[2026-05-23 19:13:06.740] I (2868) wifi:wifi certification version: v7.0
[2026-05-23 19:13:06.741] I (2868) wifi:config NVS flash: enabled
[2026-05-23 19:13:06.742] I (2868) wifi:config nano formatting: disabled
[2026-05-23 19:13:06.743] I (2869) wifi:Init data frame dynamic rx buffer num: 32
[2026-05-23 19:13:06.744] I (2869) wifi:Init static rx mgmt buffer num: 5
[2026-05-23 19:13:06.745] I (2870) wifi:Init management short buffer num: 32
[2026-05-23 19:13:06.746] I (2870) wifi:Init dynamic tx buffer num: 32
[2026-05-23 19:13:06.747] I (2871) wifi:Init static tx FG buffer num: 2
[2026-05-23 19:13:06.749] I (2871) wifi:Init static rx buffer size: 1600
[2026-05-23 19:13:06.750] I (2872) wifi:Init static rx buffer num: 10
[2026-05-23 19:13:06.751] I (2872) wifi:Init dynamic rx buffer num: 32
[2026-05-23 19:13:06.752] I (2873) wifi_init: rx ba win: 6
[2026-05-23 19:13:06.753] I (2874) wifi_init: accept mbox: 6
[2026-05-23 19:13:06.754] I (2874) wifi_init: tcpip mbox: 32
[2026-05-23 19:13:06.754] I (2874) wifi_init: udp mbox: 6
[2026-05-23 19:13:06.755] I (2874) wifi_init: tcp mbox: 6
[2026-05-23 19:13:06.756] I (2875) wifi_init: tcp tx win: 5760
[2026-05-23 19:13:06.757] I (2875) wifi_init: tcp rx win: 5760
[2026-05-23 19:13:06.758] I (2876) wifi_init: tcp mss: 1440
[2026-05-23 19:13:06.759] I (2876) wifi_init: WiFi IRAM OP enabled
[2026-05-23 19:13:06.760] I (2876) wifi_init: WiFi RX IRAM OP enabled
[2026-05-23 19:13:06.761] I (2877) phy_init: phy_version 1200,2b7123f9,Feb 18 2025,15:22:21
[2026-05-23 19:13:06.782] I (2911) wifi:mode : sta (74:4d:bd:e1:d5:b8)
[2026-05-23 19:13:06.782] I (2912) wifi:enable tsf
[2026-05-23 19:13:06.786] I (2915) ESPNOW: espnow [version: 2.0] init
[2026-05-23 19:13:06.786] WCAN_TEST_READY role=sensor
# Waiting for phased test start
# UART test start sent: WCAN_TEST_START at 2026-05-23T19:13:06.798082
[2026-05-23 19:13:37.131] WCAN_BATCH id=0xe0 count=296 avg_hz=9.87 avg_points=76.00 min_points=76 max_points=76 avg_interval_ms=101.31 min_interval_ms=101.25 max_interval_ms=101.33 avg_dispatch_ms=3.98 max_dispatch_ms=6.10 dispatched_count=296 avg_queue_wait_ms=0.11 max_queue_wait_ms=0.25
[2026-05-23 19:13:37.132] WCAN_SENSOR_END generated=22504 avg_hz=750.19
[2026-05-23 19:13:37.137] WCAN_MEASURES elapsed_ms=29999 heap_start_free=97696 heap_end_free=109420 heap_start_min_free=97680 heap_end_min_free=97068 heap_start_largest=77824 heap_end_largest=77824 airtime_us_total=1173544 packets_sent_total=296 sensor_send_failures_total=0
[2026-05-23 19:13:37.137] WCAN_TEST_END role=sensor

# Monitor stopped: 2026-05-23T19:13:37.137700
