# Monitor started: 2026-05-23T17:59:41.384611
# Port: /dev/ttyACM0, Baud: 921600, Timeout: 35.000s after WCAN_TEST_START

# UART boot config: wcan v=1 role=sensor transport=BROADCAST test_duration_ms=30000 host_wait_time_ms=5000 base=0xd0 count=1 hz=100 linger=100
[2026-05-23 17:59:41.395] ESP-ROM:esp32c3-api1-20210207
[2026-05-23 17:59:41.404] Build:Feb  7 2021
[2026-05-23 17:59:41.426] rst:0x15 (USB_UART_CHIP_RESET),boot:0xd (SPI_FAST_FLASH_BOOT)
[2026-05-23 17:59:41.430] Saved PC:0x40384eba
[2026-05-23 17:59:41.433] SPIWP:0xee
[2026-05-23 17:59:41.437] mode:DIO, clock div:1
[2026-05-23 17:59:41.450] load:0x3fcd5820,len:0x1574
[2026-05-23 17:59:41.453] load:0x403cc710,len:0xc30
[2026-05-23 17:59:41.459] load:0x403ce710,len:0x2fa0
[2026-05-23 17:59:41.459] entry 0x403cc71a
[2026-05-23 17:59:41.461] I (24) boot: ESP-IDF v5.4.1 2nd stage bootloader
[2026-05-23 17:59:41.464] I (24) boot: compile time May 20 2026 00:05:32
[2026-05-23 17:59:41.465] I (25) boot: chip revision: v0.4
[2026-05-23 17:59:41.466] I (25) boot: efuse block revision: v1.3
[2026-05-23 17:59:41.468] I (25) boot.esp32c3: SPI Speed      : 80MHz
[2026-05-23 17:59:41.469] I (25) boot.esp32c3: SPI Mode       : DIO
[2026-05-23 17:59:41.472] I (26) boot.esp32c3: SPI Flash Size : 2MB
[2026-05-23 17:59:41.475] I (26) boot: Enabling RNG early entropy source...
[2026-05-23 17:59:41.476] I (27) boot: Partition Table:
[2026-05-23 17:59:41.481] I (27) boot: ## Label            Usage          Type ST Offset   Length
[2026-05-23 17:59:41.484] I (28) boot:  0 nvs              WiFi data        01 02 00009000 00006000
[2026-05-23 17:59:41.490] I (29) boot:  1 phy_init         RF data          01 01 0000f000 00001000
[2026-05-23 17:59:41.496] I (29) boot:  2 factory          factory app      00 00 00010000 00100000
[2026-05-23 17:59:41.501] I (30) boot: End of partition table
[2026-05-23 17:59:41.514] I (31) esp_image: segment 0: paddr=00010020 vaddr=3c0a0020 size=1977ch (104316) map
[2026-05-23 17:59:41.526] I (48) esp_image: segment 1: paddr=000297a4 vaddr=3fc95200 size=02da0h ( 11680) load
[2026-05-23 17:59:41.532] I (51) esp_image: segment 2: paddr=0002c54c vaddr=40380000 size=03acch ( 15052) load
[2026-05-23 17:59:41.542] I (54) esp_image: segment 3: paddr=00030020 vaddr=42000020 size=9942ch (627756) map
[2026-05-23 17:59:41.545] I (154) esp_image: segment 4: paddr=000c9454 vaddr=40383acc size=11614h ( 71188) load
[2026-05-23 17:59:41.549] I (168) esp_image: segment 5: paddr=000daa70 vaddr=50000200 size=0001ch (    28) load
[2026-05-23 17:59:41.553] I (175) boot: Loaded app from partition at offset 0x10000
[2026-05-23 17:59:41.557] I (175) boot: Disabling RNG early entropy source...
[2026-05-23 17:59:41.563] I (176) cpu_start: Unicore app
[2026-05-23 17:59:41.568] I (185) cpu_start: Pro cpu start user code
[2026-05-23 17:59:41.570] I (185) cpu_start: cpu freq: 160000000 Hz
[2026-05-23 17:59:41.572] I (185) app_init: Application information:
[2026-05-23 17:59:41.573] I (185) app_init: Project name:     sensor_acquirer
[2026-05-23 17:59:41.575] I (185) app_init: App version:      v1.0-171-gbbe0783
[2026-05-23 17:59:41.576] I (186) app_init: Compile time:     May 23 2026 14:30:31
[2026-05-23 17:59:41.577] I (186) app_init: ELF file SHA256:  493679023...
[2026-05-23 17:59:41.577] I (187) app_init: ESP-IDF:          v5.4.1
[2026-05-23 17:59:41.578] I (187) efuse_init: Min chip rev:     v0.3
[2026-05-23 17:59:41.579] I (188) efuse_init: Max chip rev:     v1.99
[2026-05-23 17:59:41.579] I (188) efuse_init: Chip rev:         v0.4
[2026-05-23 17:59:41.580] I (189) heap_init: Initializing. RAM available for dynamic allocation:
[2026-05-23 17:59:41.580] I (190) heap_init: At 3FC9C340 len 00023CC0 (143 KiB): RAM
[2026-05-23 17:59:41.581] I (190) heap_init: At 3FCC0000 len 0001C710 (113 KiB): Retention RAM
[2026-05-23 17:59:41.581] I (191) heap_init: At 3FCDC710 len 00002950 (10 KiB): Retention RAM
[2026-05-23 17:59:41.582] I (192) heap_init: At 5000021C len 00001DCC (7 KiB): RTCRAM
[2026-05-23 17:59:41.582] I (193) spi_flash: detected chip: generic
[2026-05-23 17:59:41.582] I (194) spi_flash: flash io: dio
[2026-05-23 17:59:41.583] W (194) spi_flash: Detected size(4096k) larger than the size in the binary image header(2048k). Using the size in the binary image header.
[2026-05-23 17:59:41.583] I (195) sleep_gpio: Configure to isolate all GPIO pins in sleep state
[2026-05-23 17:59:41.584] I (196) sleep_gpio: Enable automatic switching of GPIO sleep configuration
[2026-05-23 17:59:41.584] I (197) main_task: Started on CPU0
[2026-05-23 17:59:41.584] I (197) main_task: Calling app_main()
[2026-05-23 17:59:41.584] WCAN_CFG_WAIT v=1
# UART boot config sent: wcan v=1 role=sensor transport=BROADCAST test_duration_ms=30000 host_wait_time_ms=5000 base=0xd0 count=1 hz=100 linger=100
[2026-05-23 17:59:41.585] WCAN_CFG_WAIT v=1
[2026-05-23 17:59:44.043] WCAN_CFG_ACK
[2026-05-23 17:59:44.045] WCAN_CFG_ACK
[2026-05-23 17:59:44.050] I (2862) pp: pp rom version: 9387209
[2026-05-23 17:59:44.056] I (2863) net80211: net80211 rom version: 9387209
[2026-05-23 17:59:44.062] I (2864) wifi:wifi driver task: 3fca77a4, prio:23, stack:6656, core=0
[2026-05-23 17:59:44.065] I (2868) wifi:wifi firmware version: 79fa3f41ba
[2026-05-23 17:59:44.067] I (2868) wifi:wifi certification version: v7.0
[2026-05-23 17:59:44.068] I (2868) wifi:config NVS flash: enabled
[2026-05-23 17:59:44.070] I (2868) wifi:config nano formatting: disabled
[2026-05-23 17:59:44.072] I (2869) wifi:Init data frame dynamic rx buffer num: 32
[2026-05-23 17:59:44.072] I (2869) wifi:Init static rx mgmt buffer num: 5
[2026-05-23 17:59:44.073] I (2870) wifi:Init management short buffer num: 32
[2026-05-23 17:59:44.073] I (2870) wifi:Init dynamic tx buffer num: 32
[2026-05-23 17:59:44.074] I (2871) wifi:Init static tx FG buffer num: 2
[2026-05-23 17:59:44.074] I (2871) wifi:Init static rx buffer size: 1600
[2026-05-23 17:59:44.075] I (2872) wifi:Init static rx buffer num: 10
[2026-05-23 17:59:44.076] I (2872) wifi:Init dynamic rx buffer num: 32
[2026-05-23 17:59:44.076] I (2873) wifi_init: rx ba win: 6
[2026-05-23 17:59:44.076] I (2874) wifi_init: accept mbox: 6
[2026-05-23 17:59:44.077] I (2874) wifi_init: tcpip mbox: 32
[2026-05-23 17:59:44.077] I (2874) wifi_init: udp mbox: 6
[2026-05-23 17:59:44.077] I (2874) wifi_init: tcp mbox: 6
[2026-05-23 17:59:44.078] I (2875) wifi_init: tcp tx win: 5760
[2026-05-23 17:59:44.078] I (2875) wifi_init: tcp rx win: 5760
[2026-05-23 17:59:44.078] I (2876) wifi_init: tcp mss: 1440
[2026-05-23 17:59:44.079] I (2876) wifi_init: WiFi IRAM OP enabled
[2026-05-23 17:59:44.079] I (2876) wifi_init: WiFi RX IRAM OP enabled
[2026-05-23 17:59:44.080] I (2877) phy_init: phy_version 1200,2b7123f9,Feb 18 2025,15:22:21
[2026-05-23 17:59:44.100] I (2915) wifi:mode : sta (54:32:04:8c:0b:8c)
[2026-05-23 17:59:44.101] I (2916) wifi:enable tsf
[2026-05-23 17:59:44.104] I (2919) ESPNOW: espnow [version: 2.0] init
[2026-05-23 17:59:44.105] WCAN_TEST_READY role=sensor
# Waiting for phased test start
# UART test start sent: WCAN_TEST_START at 2026-05-23T17:59:44.116656
[2026-05-23 17:59:47.928] P(FAIL):6546:d0:27:297:307:11
[2026-05-23 18:00:03.740] P(FAIL):22357:d0:171:1881:1891:11
[2026-05-23 18:00:06.882] P(FAIL):25500:d0:200:2200:2210:11
[2026-05-23 18:00:07.209] P(FAIL):25827:d0:202:2222:2232:11
[2026-05-23 18:00:07.551] P(FAIL):26168:d0:203:2233:2243:11
[2026-05-23 18:00:07.888] P(FAIL):26505:d0:204:2244:2254:11
[2026-05-23 18:00:14.457] P(FAIL):33075:d0:269:2959:2969:11
[2026-05-23 18:00:15.257] P(FAIL):33875:d0:270:2970:2980:11
[2026-05-23 18:00:15.427] WCAN_BATCH id=0xd0 count=273 avg_hz=9.09 avg_points=10.99 min_points=7 max_points=11 avg_interval_ms=110.00 min_interval_ms=109.97 max_interval_ms=110.03 avg_dispatch_ms=1.93 max_dispatch_ms=38.35 dispatched_count=291 avg_queue_wait_ms=44.82 max_queue_wait_ms=810.76
[2026-05-23 18:00:15.428] WCAN_SENSOR_END generated=2998 avg_hz=99.97
[2026-05-23 18:00:15.431] WCAN_MEASURES elapsed_ms=29999 heap_start_free=126648 heap_end_free=141436 heap_start_min_free=126588 heap_end_min_free=126164 heap_start_largest=98304 heap_end_largest=98304 airtime_us_total=558051 packets_sent_total=291 sensor_send_failures_total=0
[2026-05-23 18:00:15.431] WCAN_TEST_END role=sensor

# Monitor stopped: 2026-05-23T18:00:15.431437
