# Monitor started: 2026-05-23T17:57:33.259162
# Port: /dev/ttyACM0, Baud: 921600, Timeout: 35.000s after WCAN_TEST_START

# UART boot config: wcan v=1 role=sensor transport=BROADCAST test_duration_ms=30000 host_wait_time_ms=5000 base=0xd0 count=1 hz=100 linger=100
[2026-05-23 17:57:33.264] ESP-ROM:esp32c3-api1-20210207
[2026-05-23 17:57:33.271] Build:Feb  7 2021
[2026-05-23 17:57:33.284] rst:0x15 (USB_UART_CHIP_RESET),boot:0xd (SPI_FAST_FLASH_BOOT)
[2026-05-23 17:57:33.292] Saved PC:0x40384eba
[2026-05-23 17:57:33.293] SPIWP:0xee
[2026-05-23 17:57:33.303] mode:DIO, clock div:1
[2026-05-23 17:57:33.315] load:0x3fcd5820,len:0x1574
[2026-05-23 17:57:33.323] load:0x403cc710,len:0xc30
[2026-05-23 17:57:33.325] load:0x403ce710,len:0x2fa0
[2026-05-23 17:57:33.328] entry 0x403cc71a
[2026-05-23 17:57:33.329] I (24) boot: ESP-IDF v5.4.1 2nd stage bootloader
[2026-05-23 17:57:33.335] I (24) boot: compile time May 20 2026 00:05:32
[2026-05-23 17:57:33.339] I (25) boot: chip revision: v0.4
[2026-05-23 17:57:33.343] I (25) boot: efuse block revision: v1.3
[2026-05-23 17:57:33.345] I (25) boot.esp32c3: SPI Speed      : 80MHz
[2026-05-23 17:57:33.349] I (25) boot.esp32c3: SPI Mode       : DIO
[2026-05-23 17:57:33.353] I (26) boot.esp32c3: SPI Flash Size : 2MB
[2026-05-23 17:57:33.354] I (26) boot: Enabling RNG early entropy source...
[2026-05-23 17:57:33.356] I (27) boot: Partition Table:
[2026-05-23 17:57:33.359] I (27) boot: ## Label            Usage          Type ST Offset   Length
[2026-05-23 17:57:33.370] I (28) boot:  0 nvs              WiFi data        01 02 00009000 00006000
[2026-05-23 17:57:33.372] I (29) boot:  1 phy_init         RF data          01 01 0000f000 00001000
[2026-05-23 17:57:33.377] I (29) boot:  2 factory          factory app      00 00 00010000 00100000
[2026-05-23 17:57:33.381] I (30) boot: End of partition table
[2026-05-23 17:57:33.384] I (31) esp_image: segment 0: paddr=00010020 vaddr=3c0a0020 size=1977ch (104316) map
[2026-05-23 17:57:33.390] I (48) esp_image: segment 1: paddr=000297a4 vaddr=3fc95200 size=02da0h ( 11680) load
[2026-05-23 17:57:33.393] I (51) esp_image: segment 2: paddr=0002c54c vaddr=40380000 size=03acch ( 15052) load
[2026-05-23 17:57:33.406] I (54) esp_image: segment 3: paddr=00030020 vaddr=42000020 size=9942ch (627756) map
[2026-05-23 17:57:33.410] I (154) esp_image: segment 4: paddr=000c9454 vaddr=40383acc size=11614h ( 71188) load
[2026-05-23 17:57:33.415] I (168) esp_image: segment 5: paddr=000daa70 vaddr=50000200 size=0001ch (    28) load
[2026-05-23 17:57:33.420] I (175) boot: Loaded app from partition at offset 0x10000
[2026-05-23 17:57:33.430] I (175) boot: Disabling RNG early entropy source...
[2026-05-23 17:57:33.431] I (176) cpu_start: Unicore app
[2026-05-23 17:57:33.436] I (185) cpu_start: Pro cpu start user code
[2026-05-23 17:57:33.440] I (185) cpu_start: cpu freq: 160000000 Hz
[2026-05-23 17:57:33.443] I (185) app_init: Application information:
[2026-05-23 17:57:33.446] I (185) app_init: Project name:     sensor_acquirer
[2026-05-23 17:57:33.449] I (185) app_init: App version:      v1.0-171-gbbe0783
[2026-05-23 17:57:33.453] I (186) app_init: Compile time:     May 23 2026 14:30:31
[2026-05-23 17:57:33.456] I (186) app_init: ELF file SHA256:  493679023...
[2026-05-23 17:57:33.460] I (187) app_init: ESP-IDF:          v5.4.1
[2026-05-23 17:57:33.461] I (187) efuse_init: Min chip rev:     v0.3
[2026-05-23 17:57:33.462] I (188) efuse_init: Max chip rev:     v1.99
[2026-05-23 17:57:33.465] I (188) efuse_init: Chip rev:         v0.4
[2026-05-23 17:57:33.467] I (189) heap_init: Initializing. RAM available for dynamic allocation:
[2026-05-23 17:57:33.471] I (190) heap_init: At 3FC9C340 len 00023CC0 (143 KiB): RAM
[2026-05-23 17:57:33.473] I (190) heap_init: At 3FCC0000 len 0001C710 (113 KiB): Retention RAM
[2026-05-23 17:57:33.475] I (191) heap_init: At 3FCDC710 len 00002950 (10 KiB): Retention RAM
[2026-05-23 17:57:33.477] I (192) heap_init: At 5000021C len 00001DCC (7 KiB): RTCRAM
[2026-05-23 17:57:33.478] I (193) spi_flash: detected chip: generic
[2026-05-23 17:57:33.479] I (194) spi_flash: flash io: dio
[2026-05-23 17:57:33.480] W (194) spi_flash: Detected size(4096k) larger than the size in the binary image header(2048k). Using the size in the binary image header.
[2026-05-23 17:57:33.480] I (195) sleep_gpio: Configure to isolate all GPIO pins in sleep state
[2026-05-23 17:57:33.480] I (196) sleep_gpio: Enable automatic switching of GPIO sleep configuration
[2026-05-23 17:57:33.481] I (197) main_task: Started on CPU0
[2026-05-23 17:57:33.481] I (197) main_task: Calling app_main()
[2026-05-23 17:57:33.481] WCAN_CFG_WAIT v=1
# UART boot config sent: wcan v=1 role=sensor transport=BROADCAST test_duration_ms=30000 host_wait_time_ms=5000 base=0xd0 count=1 hz=100 linger=100
[2026-05-23 17:57:33.481] WCAN_CFG_WAIT v=1
[2026-05-23 17:57:35.921] WCAN_CFG_ACK
[2026-05-23 17:57:35.921] WCAN_CFG_ACK
[2026-05-23 17:57:35.926] I (2866) pp: pp rom version: 9387209
[2026-05-23 17:57:35.926] I (2867) net80211: net80211 rom version: 9387209
[2026-05-23 17:57:35.928] I (2868) wifi:wifi driver task: 3fca77a4, prio:23, stack:6656, core=0
[2026-05-23 17:57:35.932] I (2872) wifi:wifi firmware version: 79fa3f41ba
[2026-05-23 17:57:35.933] I (2872) wifi:wifi certification version: v7.0
[2026-05-23 17:57:35.934] I (2872) wifi:config NVS flash: enabled
[2026-05-23 17:57:35.935] I (2872) wifi:config nano formatting: disabled
[2026-05-23 17:57:35.936] I (2873) wifi:Init data frame dynamic rx buffer num: 32
[2026-05-23 17:57:35.937] I (2873) wifi:Init static rx mgmt buffer num: 5
[2026-05-23 17:57:35.938] I (2874) wifi:Init management short buffer num: 32
[2026-05-23 17:57:35.939] I (2874) wifi:Init dynamic tx buffer num: 32
[2026-05-23 17:57:35.939] I (2875) wifi:Init static tx FG buffer num: 2
[2026-05-23 17:57:35.940] I (2875) wifi:Init static rx buffer size: 1600
[2026-05-23 17:57:35.941] I (2876) wifi:Init static rx buffer num: 10
[2026-05-23 17:57:35.942] I (2876) wifi:Init dynamic rx buffer num: 32
[2026-05-23 17:57:35.943] I (2878) wifi_init: rx ba win: 6
[2026-05-23 17:57:35.944] I (2878) wifi_init: accept mbox: 6
[2026-05-23 17:57:35.944] I (2878) wifi_init: tcpip mbox: 32
[2026-05-23 17:57:35.945] I (2878) wifi_init: udp mbox: 6
[2026-05-23 17:57:35.945] I (2878) wifi_init: tcp mbox: 6
[2026-05-23 17:57:35.946] I (2879) wifi_init: tcp tx win: 5760
[2026-05-23 17:57:35.947] I (2879) wifi_init: tcp rx win: 5760
[2026-05-23 17:57:35.947] I (2880) wifi_init: tcp mss: 1440
[2026-05-23 17:57:35.948] I (2880) wifi_init: WiFi IRAM OP enabled
[2026-05-23 17:57:35.949] I (2880) wifi_init: WiFi RX IRAM OP enabled
[2026-05-23 17:57:35.950] I (2881) phy_init: phy_version 1200,2b7123f9,Feb 18 2025,15:22:21
[2026-05-23 17:57:35.975] I (2915) wifi:mode : sta (54:32:04:8c:0b:8c)
[2026-05-23 17:57:35.975] I (2915) wifi:enable tsf
[2026-05-23 17:57:35.978] I (2918) ESPNOW: espnow [version: 2.0] init
[2026-05-23 17:57:35.979] WCAN_TEST_READY role=sensor
# Waiting for phased test start
# UART test start sent: WCAN_TEST_START at 2026-05-23T17:57:35.990547
[2026-05-23 17:57:36.802] P(FAIL):3546:d0:0:0:10:11
[2026-05-23 17:57:37.421] P(FAIL):4165:d0:6:66:76:11
[2026-05-23 17:57:37.858] P(FAIL):4602:d0:10:110:120:11
[2026-05-23 17:57:38.840] P(FAIL):5583:d0:19:209:219:11
[2026-05-23 17:57:40.548] P(FAIL):7292:d0:34:374:384:11
[2026-05-23 17:57:40.832] P(FAIL):7575:d0:38:418:428:11
[2026-05-23 17:57:42.066] P(FAIL):8809:d0:48:528:538:11
[2026-05-23 17:57:43.025] P(FAIL):9769:d0:57:627:637:11
[2026-05-23 17:57:44.072] P(FAIL):10816:d0:66:726:736:11
[2026-05-23 17:57:44.404] P(FAIL):11148:d0:70:770:780:11
[2026-05-23 17:57:44.928] P(FAIL):11672:d0:74:814:824:11
[2026-05-23 17:57:45.369] P(FAIL):12112:d0:78:858:868:11
[2026-05-23 17:57:45.780] P(FAIL):12524:d0:82:902:912:11
[2026-05-23 17:57:46.229] P(FAIL):12972:d0:86:946:956:11
[2026-05-23 17:57:46.630] P(FAIL):13373:d0:90:990:1000:11
[2026-05-23 17:57:47.020] P(FAIL):13764:d0:93:1023:1033:11
[2026-05-23 17:57:47.324] P(FAIL):14067:d0:97:1067:1077:11
[2026-05-23 17:57:47.861] P(FAIL):14604:d0:100:1100:1110:11
[2026-05-23 17:57:48.774] P(FAIL):15517:d0:109:1199:1209:11
[2026-05-23 17:57:49.254] P(FAIL):15997:d0:113:1243:1253:11
[2026-05-23 17:57:49.893] P(FAIL):16636:d0:120:1320:1330:11
[2026-05-23 17:57:50.323] P(FAIL):17066:d0:123:1353:1363:11
[2026-05-23 17:57:50.741] P(FAIL):17484:d0:127:1397:1407:11
[2026-05-23 17:57:51.143] P(FAIL):17886:d0:131:1441:1451:11
[2026-05-23 17:57:51.456] P(FAIL):18199:d0:134:1474:1484:11
[2026-05-23 17:57:51.859] P(FAIL):18602:d0:137:1507:1517:11
[2026-05-23 17:57:52.170] P(FAIL):18913:d0:141:1551:1561:11
[2026-05-23 17:57:52.603] P(FAIL):19346:d0:144:1584:1594:11
[2026-05-23 17:57:53.227] P(FAIL):19970:d0:149:1639:1649:11
[2026-05-23 17:57:53.733] P(FAIL):20475:d0:154:1694:1704:11
[2026-05-23 17:57:54.136] P(FAIL):20879:d0:158:1738:1748:11
[2026-05-23 17:57:55.135] P(FAIL):21878:d0:167:1837:1847:11
[2026-05-23 17:57:55.657] P(FAIL):22400:d0:172:1892:1902:11
[2026-05-23 17:57:55.997] P(FAIL):22740:d0:174:1914:1924:11
[2026-05-23 17:57:56.398] P(FAIL):23141:d0:179:1969:1979:11
[2026-05-23 17:57:57.198] P(FAIL):23941:d0:186:2046:2056:11
[2026-05-23 17:57:57.527] P(FAIL):24270:d0:187:2057:2067:11
[2026-05-23 17:57:57.886] P(FAIL):24629:d0:188:2068:2078:11
[2026-05-23 17:57:58.359] P(FAIL):25102:d0:196:2156:2166:11
[2026-05-23 17:57:58.786] P(FAIL):25529:d0:200:2200:2210:11
[2026-05-23 17:57:59.128] P(FAIL):25871:d0:204:2244:2254:11
[2026-05-23 17:58:00.287] P(FAIL):27030:d0:214:2354:2364:11
[2026-05-23 17:58:00.864] P(FAIL):27607:d0:219:2409:2419:11
[2026-05-23 17:58:01.440] P(FAIL):28183:d0:225:2475:2485:11
[2026-05-23 17:58:01.805] P(FAIL):28548:d0:228:2508:2518:11
[2026-05-23 17:58:02.151] P(FAIL):28894:d0:231:2541:2551:11
[2026-05-23 17:58:02.646] P(FAIL):29389:d0:235:2585:2595:11
[2026-05-23 17:58:03.092] P(FAIL):29835:d0:239:2629:2639:11
[2026-05-23 17:58:03.562] P(FAIL):30305:d0:243:2673:2683:11
[2026-05-23 17:58:04.022] P(FAIL):30765:d0:247:2717:2727:11
[2026-05-23 17:58:04.957] P(FAIL):31700:d0:256:2816:2826:11
[2026-05-23 17:58:06.316] P(FAIL):33059:d0:269:2959:2969:11
[2026-05-23 17:58:07.117] P(FAIL):33859:d0:270:2970:2980:11
[2026-05-23 17:58:07.317] WCAN_BATCH id=0xd0 count=273 avg_hz=9.09 avg_points=10.99 min_points=7 max_points=11 avg_interval_ms=110.00 min_interval_ms=109.86 max_interval_ms=110.11 avg_dispatch_ms=2.03 max_dispatch_ms=7.96 dispatched_count=446 avg_queue_wait_ms=125.89 max_queue_wait_ms=735.77
[2026-05-23 17:58:07.320] WCAN_SENSOR_END generated=2998 avg_hz=99.97
[2026-05-23 17:58:07.330] WCAN_MEASURES elapsed_ms=29999 heap_start_free=126648 heap_end_free=141280 heap_start_min_free=126588 heap_end_min_free=126184 heap_start_largest=98304 heap_end_largest=98304 airtime_us_total=901810 packets_sent_total=446 sensor_send_failures_total=0
[2026-05-23 17:58:07.331] WCAN_TEST_END role=sensor

# Monitor stopped: 2026-05-23T17:58:07.331296
