# Monitor started: 2026-05-23T20:11:45.104080
# Port: /dev/ttyACM0, Baud: 921600, Timeout: 35.000s after WCAN_TEST_START

# UART boot config: wcan v=1 role=sensor transport=MULTICAST test_duration_ms=30000 host_wait_time_ms=5000 base=0xd0 count=3 hz=200 linger=100
[2026-05-23 20:11:45.104] ESP-ROM:esp32c3-api1-20210207
[2026-05-23 20:11:45.104] Build:Feb  7 2021
[2026-05-23 20:11:45.105] rst:0x15 (USB_UART_CHIP_RESET),boot:0xd (SPI_FAST_FLASH_BOOT)
[2026-05-23 20:11:45.106] Saved PC:0x40384eba
[2026-05-23 20:11:45.107] SPIWP:0xee
[2026-05-23 20:11:45.108] mode:DIO, clock div:1
[2026-05-23 20:11:45.108] load:0x3fcd5820,len:0x1574
[2026-05-23 20:11:45.109] load:0x403cc710,len:0xc30
[2026-05-23 20:11:45.110] load:0x403ce710,len:0x2fa0
[2026-05-23 20:11:45.111] entry 0x403cc71a
[2026-05-23 20:11:45.112] I (24) boot: ESP-IDF v5.4.1 2nd stage bootloader
[2026-05-23 20:11:45.120] I (24) boot: compile time May 19 2026 23:41:33
[2026-05-23 20:11:45.126] I (25) boot: chip revision: v0.4
[2026-05-23 20:11:45.130] I (25) boot: efuse block revision: v1.3
[2026-05-23 20:11:45.130] I (25) boot.esp32c3: SPI Speed      : 80MHz
[2026-05-23 20:11:45.133] I (25) boot.esp32c3: SPI Mode       : DIO
[2026-05-23 20:11:45.134] I (26) boot.esp32c3: SPI Flash Size : 2MB
[2026-05-23 20:11:45.135] I (26) boot: Enabling RNG early entropy source...
[2026-05-23 20:11:45.139] I (27) boot: Partition Table:
[2026-05-23 20:11:45.140] I (27) boot: ## Label            Usage          Type ST Offset   Length
[2026-05-23 20:11:45.143] I (28) boot:  0 nvs              WiFi data        01 02 00009000 00006000
[2026-05-23 20:11:45.148] I (29) boot:  1 phy_init         RF data          01 01 0000f000 00001000
[2026-05-23 20:11:45.150] I (29) boot:  2 factory          factory app      00 00 00010000 00100000
[2026-05-23 20:11:45.151] I (30) boot: End of partition table
[2026-05-23 20:11:45.159] I (31) esp_image: segment 0: paddr=00010020 vaddr=3c0a0020 size=19850h (104528) map
[2026-05-23 20:11:45.163] I (48) esp_image: segment 1: paddr=00029878 vaddr=3fc95000 size=02da0h ( 11680) load
[2026-05-23 20:11:45.165] I (51) esp_image: segment 2: paddr=0002c620 vaddr=40380000 size=039f8h ( 14840) load
[2026-05-23 20:11:45.166] I (54) esp_image: segment 3: paddr=00030020 vaddr=42000020 size=990b4h (626868) map
[2026-05-23 20:11:45.171] I (154) esp_image: segment 4: paddr=000c90dc vaddr=403839f8 size=114f8h ( 70904) load
[2026-05-23 20:11:45.174] I (168) esp_image: segment 5: paddr=000da5dc vaddr=50000200 size=0001ch (    28) load
[2026-05-23 20:11:45.176] I (174) boot: Loaded app from partition at offset 0x10000
[2026-05-23 20:11:45.178] I (175) boot: Disabling RNG early entropy source...
[2026-05-23 20:11:45.183] I (176) cpu_start: Unicore app
[2026-05-23 20:11:45.186] I (185) cpu_start: Pro cpu start user code
[2026-05-23 20:11:45.187] I (185) cpu_start: cpu freq: 160000000 Hz
[2026-05-23 20:11:45.189] I (185) app_init: Application information:
[2026-05-23 20:11:45.192] I (185) app_init: Project name:     sensor_acquirer
[2026-05-23 20:11:45.194] I (185) app_init: App version:      v1.0-171-gbbe0783
[2026-05-23 20:11:45.196] I (186) app_init: Compile time:     May 23 2026 14:30:40
[2026-05-23 20:11:45.197] I (186) app_init: ELF file SHA256:  0e7d705e7...
[2026-05-23 20:11:45.197] I (187) app_init: ESP-IDF:          v5.4.1
[2026-05-23 20:11:45.199] I (187) efuse_init: Min chip rev:     v0.3
[2026-05-23 20:11:45.201] I (188) efuse_init: Max chip rev:     v1.99
[2026-05-23 20:11:45.206] I (188) efuse_init: Chip rev:         v0.4
[2026-05-23 20:11:45.215] I (189) heap_init: Initializing. RAM available for dynamic allocation:
[2026-05-23 20:11:45.216] I (190) heap_init: At 3FC9C130 len 00023ED0 (143 KiB): RAM
[2026-05-23 20:11:45.219] I (190) heap_init: At 3FCC0000 len 0001C710 (113 KiB): Retention RAM
[2026-05-23 20:11:45.223] I (191) heap_init: At 3FCDC710 len 00002950 (10 KiB): Retention RAM
[2026-05-23 20:11:45.225] I (192) heap_init: At 5000021C len 00001DCC (7 KiB): RTCRAM
[2026-05-23 20:11:45.231] I (193) spi_flash: detected chip: generic
[2026-05-23 20:11:45.232] I (193) spi_flash: flash io: dio
[2026-05-23 20:11:45.239] W (194) spi_flash: Detected size(4096k) larger than the size in the binary image header(2048k). Using the size in the binary image header.
[2026-05-23 20:11:45.242] I (195) sleep_gpio: Configure to isolate all GPIO pins in sleep state
[2026-05-23 20:11:45.245] I (196) sleep_gpio: Enable automatic switching of GPIO sleep configuration
[2026-05-23 20:11:45.248] I (197) main_task: Started on CPU0
[2026-05-23 20:11:45.251] I (197) main_task: Calling app_main()
[2026-05-23 20:11:45.251] WCAN_CFG_WAIT v=1
# UART boot config sent: wcan v=1 role=sensor transport=MULTICAST test_duration_ms=30000 host_wait_time_ms=5000 base=0xd0 count=3 hz=200 linger=100
[2026-05-23 20:11:45.253] WCAN_CFG_WAIT v=1
[2026-05-23 20:11:47.691] WCAN_CFG_ACK
[2026-05-23 20:11:47.692] WCAN_CFG_ACK
[2026-05-23 20:11:47.696] I (2792) pp: pp rom version: 9387209
[2026-05-23 20:11:47.698] I (2793) net80211: net80211 rom version: 9387209
[2026-05-23 20:11:47.699] I (2794) wifi:wifi driver task: 3fca7594, prio:23, stack:6656, core=0
[2026-05-23 20:11:47.703] I (2798) wifi:wifi firmware version: 79fa3f41ba
[2026-05-23 20:11:47.704] I (2798) wifi:wifi certification version: v7.0
[2026-05-23 20:11:47.705] I (2798) wifi:config NVS flash: enabled
[2026-05-23 20:11:47.706] I (2798) wifi:config nano formatting: disabled
[2026-05-23 20:11:47.707] I (2799) wifi:Init data frame dynamic rx buffer num: 32
[2026-05-23 20:11:47.708] I (2799) wifi:Init static rx mgmt buffer num: 5
[2026-05-23 20:11:47.710] I (2800) wifi:Init management short buffer num: 32
[2026-05-23 20:11:47.711] I (2800) wifi:Init dynamic tx buffer num: 32
[2026-05-23 20:11:47.712] I (2801) wifi:Init static tx FG buffer num: 2
[2026-05-23 20:11:47.714] I (2801) wifi:Init static rx buffer size: 1600
[2026-05-23 20:11:47.715] I (2802) wifi:Init static rx buffer num: 10
[2026-05-23 20:11:47.716] I (2802) wifi:Init dynamic rx buffer num: 32
[2026-05-23 20:11:47.716] I (2803) wifi_init: rx ba win: 6
[2026-05-23 20:11:47.717] I (2804) wifi_init: accept mbox: 6
[2026-05-23 20:11:47.719] I (2804) wifi_init: tcpip mbox: 32
[2026-05-23 20:11:47.719] I (2804) wifi_init: udp mbox: 6
[2026-05-23 20:11:47.720] I (2804) wifi_init: tcp mbox: 6
[2026-05-23 20:11:47.721] I (2805) wifi_init: tcp tx win: 5760
[2026-05-23 20:11:47.722] I (2805) wifi_init: tcp rx win: 5760
[2026-05-23 20:11:47.723] I (2806) wifi_init: tcp mss: 1440
[2026-05-23 20:11:47.724] I (2806) wifi_init: WiFi IRAM OP enabled
[2026-05-23 20:11:47.724] I (2806) wifi_init: WiFi RX IRAM OP enabled
[2026-05-23 20:11:47.725] I (2807) phy_init: phy_version 1200,2b7123f9,Feb 18 2025,15:22:21
[2026-05-23 20:11:47.745] I (2840) wifi:mode : sta (54:32:04:8c:0b:8c)
[2026-05-23 20:11:47.745] I (2841) wifi:enable tsf
[2026-05-23 20:11:47.749] I (2844) ESPNOW: espnow [version: 2.0] init
[2026-05-23 20:11:47.750] WCAN_TEST_READY role=sensor
# Waiting for phased test start
# UART test start sent: WCAN_TEST_START at 2026-05-23T20:11:47.765817
[2026-05-23 20:12:18.094] WCAN_BATCH id=0xd0 count=285 avg_hz=9.52 avg_points=21.00 min_points=21 max_points=21 avg_interval_ms=105.00 min_interval_ms=104.89 max_interval_ms=105.12 avg_dispatch_ms=2.23 max_dispatch_ms=6.39 dispatched_count=285 avg_queue_wait_ms=0.12 max_queue_wait_ms=0.26
[2026-05-23 20:12:18.098] WCAN_BATCH id=0xd1 count=285 avg_hz=9.52 avg_points=21.00 min_points=21 max_points=21 avg_interval_ms=105.00 min_interval_ms=104.87 max_interval_ms=105.14 avg_dispatch_ms=2.04 max_dispatch_ms=4.91 dispatched_count=285 avg_queue_wait_ms=2.40 max_queue_wait_ms=6.55
[2026-05-23 20:12:18.103] WCAN_BATCH id=0xd2 count=285 avg_hz=9.52 avg_points=21.00 min_points=21 max_points=21 avg_interval_ms=105.00 min_interval_ms=104.87 max_interval_ms=105.14 avg_dispatch_ms=2.08 max_dispatch_ms=4.78 dispatched_count=285 avg_queue_wait_ms=4.51 max_queue_wait_ms=8.53
[2026-05-23 20:12:18.104] WCAN_SENSOR_END generated=5998 avg_hz=199.97
[2026-05-23 20:12:18.108] WCAN_MEASURES elapsed_ms=29999 heap_start_free=66296 heap_end_free=77924 heap_start_min_free=66296 heap_end_min_free=65800 heap_start_largest=47104 heap_end_largest=47104 airtime_us_total=1796776 packets_sent_total=855 sensor_send_failures_total=0
[2026-05-23 20:12:18.109] WCAN_TEST_END role=sensor

# Monitor stopped: 2026-05-23T20:12:18.109446
