# Monitor started: 2026-05-23T18:03:14.835465
# Port: /dev/ttyACM0, Baud: 921600, Timeout: 35.000s after WCAN_TEST_START

# UART boot config: wcan v=1 role=sensor transport=BROADCAST test_duration_ms=30000 host_wait_time_ms=5000 base=0xd0 count=1 hz=200 linger=100
[2026-05-23 18:03:14.845] ESP-ROM:esp32c3-api1-20210207
[2026-05-23 18:03:14.856] Build:Feb  7 2021
[2026-05-23 18:03:14.873] rst:0x15 (USB_UART_CHIP_RESET),boot:0xd (SPI_FAST_FLASH_BOOT)
[2026-05-23 18:03:14.883] Saved PC:0x40384eba
[2026-05-23 18:03:14.889] SPIWP:0xee
[2026-05-23 18:03:14.894] mode:DIO, clock div:1
[2026-05-23 18:03:14.900] load:0x3fcd5820,len:0x1574
[2026-05-23 18:03:14.905] load:0x403cc710,len:0xc30
[2026-05-23 18:03:14.911] load:0x403ce710,len:0x2fa0
[2026-05-23 18:03:14.912] entry 0x403cc71a
[2026-05-23 18:03:14.916] I (24) boot: ESP-IDF v5.4.1 2nd stage bootloader
[2026-05-23 18:03:14.918] I (24) boot: compile time May 20 2026 00:05:32
[2026-05-23 18:03:14.923] I (25) boot: chip revision: v0.4
[2026-05-23 18:03:14.926] I (25) boot: efuse block revision: v1.3
[2026-05-23 18:03:14.927] I (25) boot.esp32c3: SPI Speed      : 80MHz
[2026-05-23 18:03:14.930] I (25) boot.esp32c3: SPI Mode       : DIO
[2026-05-23 18:03:14.932] I (26) boot.esp32c3: SPI Flash Size : 2MB
[2026-05-23 18:03:14.934] I (26) boot: Enabling RNG early entropy source...
[2026-05-23 18:03:14.937] I (27) boot: Partition Table:
[2026-05-23 18:03:14.940] I (27) boot: ## Label            Usage          Type ST Offset   Length
[2026-05-23 18:03:14.946] I (28) boot:  0 nvs              WiFi data        01 02 00009000 00006000
[2026-05-23 18:03:14.952] I (29) boot:  1 phy_init         RF data          01 01 0000f000 00001000
[2026-05-23 18:03:14.956] I (29) boot:  2 factory          factory app      00 00 00010000 00100000
[2026-05-23 18:03:14.961] I (30) boot: End of partition table
[2026-05-23 18:03:14.969] I (31) esp_image: segment 0: paddr=00010020 vaddr=3c0a0020 size=1977ch (104316) map
[2026-05-23 18:03:14.974] I (48) esp_image: segment 1: paddr=000297a4 vaddr=3fc95200 size=02da0h ( 11680) load
[2026-05-23 18:03:14.985] I (51) esp_image: segment 2: paddr=0002c54c vaddr=40380000 size=03acch ( 15052) load
[2026-05-23 18:03:14.988] I (54) esp_image: segment 3: paddr=00030020 vaddr=42000020 size=9942ch (627756) map
[2026-05-23 18:03:14.996] I (154) esp_image: segment 4: paddr=000c9454 vaddr=40383acc size=11614h ( 71188) load
[2026-05-23 18:03:14.999] I (168) esp_image: segment 5: paddr=000daa70 vaddr=50000200 size=0001ch (    28) load
[2026-05-23 18:03:15.004] I (175) boot: Loaded app from partition at offset 0x10000
[2026-05-23 18:03:15.006] I (175) boot: Disabling RNG early entropy source...
[2026-05-23 18:03:15.008] I (176) cpu_start: Unicore app
[2026-05-23 18:03:15.010] I (185) cpu_start: Pro cpu start user code
[2026-05-23 18:03:15.011] I (185) cpu_start: cpu freq: 160000000 Hz
[2026-05-23 18:03:15.012] I (185) app_init: Application information:
[2026-05-23 18:03:15.015] I (185) app_init: Project name:     sensor_acquirer
[2026-05-23 18:03:15.019] I (185) app_init: App version:      v1.0-171-gbbe0783
[2026-05-23 18:03:15.023] I (186) app_init: Compile time:     May 23 2026 14:30:31
[2026-05-23 18:03:15.027] I (186) app_init: ELF file SHA256:  493679023...
[2026-05-23 18:03:15.030] I (187) app_init: ESP-IDF:          v5.4.1
[2026-05-23 18:03:15.032] I (187) efuse_init: Min chip rev:     v0.3
[2026-05-23 18:03:15.035] I (188) efuse_init: Max chip rev:     v1.99
[2026-05-23 18:03:15.037] I (188) efuse_init: Chip rev:         v0.4
[2026-05-23 18:03:15.038] I (189) heap_init: Initializing. RAM available for dynamic allocation:
[2026-05-23 18:03:15.039] I (190) heap_init: At 3FC9C340 len 00023CC0 (143 KiB): RAM
[2026-05-23 18:03:15.040] I (190) heap_init: At 3FCC0000 len 0001C710 (113 KiB): Retention RAM
[2026-05-23 18:03:15.042] I (191) heap_init: At 3FCDC710 len 00002950 (10 KiB): Retention RAM
[2026-05-23 18:03:15.043] I (192) heap_init: At 5000021C len 00001DCC (7 KiB): RTCRAM
[2026-05-23 18:03:15.044] I (193) spi_flash: detected chip: generic
[2026-05-23 18:03:15.045] I (193) spi_flash: flash io: dio
[2026-05-23 18:03:15.047] W (194) spi_flash: Detected size(4096k) larger than the size in the binary image header(2048k). Using the size in the binary image header.
[2026-05-23 18:03:15.048] I (195) sleep_gpio: Configure to isolate all GPIO pins in sleep state
[2026-05-23 18:03:15.049] I (196) sleep_gpio: Enable automatic switching of GPIO sleep configuration
[2026-05-23 18:03:15.050] I (197) main_task: Started on CPU0
[2026-05-23 18:03:15.050] I (197) main_task: Calling app_main()
[2026-05-23 18:03:15.050] WCAN_CFG_WAIT v=1
# UART boot config sent: wcan v=1 role=sensor transport=BROADCAST test_duration_ms=30000 host_wait_time_ms=5000 base=0xd0 count=1 hz=200 linger=100
[2026-05-23 18:03:15.051] WCAN_CFG_WAIT v=1
[2026-05-23 18:03:17.495] WCAN_CFG_ACK
[2026-05-23 18:03:17.495] WCAN_CFG_ACK
[2026-05-23 18:03:17.502] I (2862) pp: pp rom version: 9387209
[2026-05-23 18:03:17.507] I (2863) net80211: net80211 rom version: 9387209
[2026-05-23 18:03:17.512] I (2864) wifi:wifi driver task: 3fca77a4, prio:23, stack:6656, core=0
[2026-05-23 18:03:17.516] I (2868) wifi:wifi firmware version: 79fa3f41ba
[2026-05-23 18:03:17.521] I (2868) wifi:wifi certification version: v7.0
[2026-05-23 18:03:17.524] I (2868) wifi:config NVS flash: enabled
[2026-05-23 18:03:17.530] I (2868) wifi:config nano formatting: disabled
[2026-05-23 18:03:17.534] I (2869) wifi:Init data frame dynamic rx buffer num: 32
[2026-05-23 18:03:17.538] I (2869) wifi:Init static rx mgmt buffer num: 5
[2026-05-23 18:03:17.541] I (2870) wifi:Init management short buffer num: 32
[2026-05-23 18:03:17.544] I (2870) wifi:Init dynamic tx buffer num: 32
[2026-05-23 18:03:17.546] I (2871) wifi:Init static tx FG buffer num: 2
[2026-05-23 18:03:17.548] I (2871) wifi:Init static rx buffer size: 1600
[2026-05-23 18:03:17.549] I (2872) wifi:Init static rx buffer num: 10
[2026-05-23 18:03:17.551] I (2872) wifi:Init dynamic rx buffer num: 32
[2026-05-23 18:03:17.552] I (2873) wifi_init: rx ba win: 6
[2026-05-23 18:03:17.554] I (2874) wifi_init: accept mbox: 6
[2026-05-23 18:03:17.555] I (2874) wifi_init: tcpip mbox: 32
[2026-05-23 18:03:17.556] I (2874) wifi_init: udp mbox: 6
[2026-05-23 18:03:17.556] I (2874) wifi_init: tcp mbox: 6
[2026-05-23 18:03:17.558] I (2875) wifi_init: tcp tx win: 5760
[2026-05-23 18:03:17.559] I (2875) wifi_init: tcp rx win: 5760
[2026-05-23 18:03:17.560] I (2876) wifi_init: tcp mss: 1440
[2026-05-23 18:03:17.561] I (2876) wifi_init: WiFi IRAM OP enabled
[2026-05-23 18:03:17.562] I (2876) wifi_init: WiFi RX IRAM OP enabled
[2026-05-23 18:03:17.564] I (2877) phy_init: phy_version 1200,2b7123f9,Feb 18 2025,15:22:21
[2026-05-23 18:03:17.565] I (2911) wifi:mode : sta (54:32:04:8c:0b:8c)
[2026-05-23 18:03:17.566] I (2911) wifi:enable tsf
[2026-05-23 18:03:17.567] I (2914) ESPNOW: espnow [version: 2.0] init
[2026-05-23 18:03:17.568] WCAN_TEST_READY role=sensor
# Waiting for phased test start
# UART test start sent: WCAN_TEST_START at 2026-05-23T18:03:17.579894
[2026-05-23 18:03:47.918] P(FAIL):33085:d0:282:5922:5942:21
[2026-05-23 18:03:48.718] P(FAIL):33885:d0:283:5943:5963:21
[2026-05-23 18:03:48.882] WCAN_BATCH id=0xd0 count=286 avg_hz=9.52 avg_points=20.98 min_points=14 max_points=21 avg_interval_ms=105.00 min_interval_ms=104.88 max_interval_ms=105.11 avg_dispatch_ms=2.09 max_dispatch_ms=9.92 dispatched_count=294 avg_queue_wait_ms=4.01 max_queue_wait_ms=226.74
[2026-05-23 18:03:48.883] WCAN_SENSOR_END generated=5998 avg_hz=199.97
[2026-05-23 18:03:48.887] WCAN_MEASURES elapsed_ms=29999 heap_start_free=126648 heap_end_free=141436 heap_start_min_free=126648 heap_end_min_free=126208 heap_start_largest=98304 heap_end_largest=98304 airtime_us_total=611996 packets_sent_total=294 sensor_send_failures_total=0
[2026-05-23 18:03:48.888] WCAN_TEST_END role=sensor

# Monitor stopped: 2026-05-23T18:03:48.888251
