# Monitor started: 2026-05-23T15:05:09.017654
# Port: /dev/ttyACM0, Baud: 921600, Timeout: 35.000s after WCAN_TEST_START

# UART boot config: wcan v=1 role=sensor transport=BROADCAST test_duration_ms=30000 host_wait_time_ms=5000 base=0xd0 count=1 hz=200 linger=100
[2026-05-23 15:05:09.018] ESP-ROM:esp32c3-api1-20210207
[2026-05-23 15:05:09.019] Build:Feb  7 2021
[2026-05-23 15:05:09.021] rst:0x15 (USB_UART_CHIP_RESET),boot:0xd (SPI_FAST_FLASH_BOOT)
[2026-05-23 15:05:09.022] Saved PC:0x40384eba
[2026-05-23 15:05:09.022] SPIWP:0xee
[2026-05-23 15:05:09.023] mode:DIO, clock div:1
[2026-05-23 15:05:09.024] load:0x3fcd5820,len:0x1574
[2026-05-23 15:05:09.025] load:0x403cc710,len:0xc30
[2026-05-23 15:05:09.026] load:0x403ce710,len:0x2fa0
[2026-05-23 15:05:09.026] entry 0x403cc71a
[2026-05-23 15:05:09.031] I (24) boot: ESP-IDF v5.4.1 2nd stage bootloader
[2026-05-23 15:05:09.036] I (24) boot: compile time May 20 2026 00:05:32
[2026-05-23 15:05:09.041] I (24) boot: chip revision: v0.4
[2026-05-23 15:05:09.046] I (25) boot: efuse block revision: v1.3
[2026-05-23 15:05:09.048] I (25) boot.esp32c3: SPI Speed      : 80MHz
[2026-05-23 15:05:09.052] I (25) boot.esp32c3: SPI Mode       : DIO
[2026-05-23 15:05:09.054] I (26) boot.esp32c3: SPI Flash Size : 2MB
[2026-05-23 15:05:09.056] I (26) boot: Enabling RNG early entropy source...
[2026-05-23 15:05:09.057] I (27) boot: Partition Table:
[2026-05-23 15:05:09.059] I (27) boot: ## Label            Usage          Type ST Offset   Length
[2026-05-23 15:05:09.066] I (28) boot:  0 nvs              WiFi data        01 02 00009000 00006000
[2026-05-23 15:05:09.073] I (29) boot:  1 phy_init         RF data          01 01 0000f000 00001000
[2026-05-23 15:05:09.083] I (29) boot:  2 factory          factory app      00 00 00010000 00100000
[2026-05-23 15:05:09.085] I (30) boot: End of partition table
[2026-05-23 15:05:09.088] I (31) esp_image: segment 0: paddr=00010020 vaddr=3c0a0020 size=1977ch (104316) map
[2026-05-23 15:05:09.091] I (48) esp_image: segment 1: paddr=000297a4 vaddr=3fc95200 size=02da0h ( 11680) load
[2026-05-23 15:05:09.101] I (51) esp_image: segment 2: paddr=0002c54c vaddr=40380000 size=03acch ( 15052) load
[2026-05-23 15:05:09.116] I (54) esp_image: segment 3: paddr=00030020 vaddr=42000020 size=9942ch (627756) map
[2026-05-23 15:05:09.123] I (154) esp_image: segment 4: paddr=000c9454 vaddr=40383acc size=11614h ( 71188) load
[2026-05-23 15:05:09.132] I (168) esp_image: segment 5: paddr=000daa70 vaddr=50000200 size=0001ch (    28) load
[2026-05-23 15:05:09.140] I (175) boot: Loaded app from partition at offset 0x10000
[2026-05-23 15:05:09.142] I (175) boot: Disabling RNG early entropy source...
[2026-05-23 15:05:09.144] I (176) cpu_start: Unicore app
[2026-05-23 15:05:09.148] I (185) cpu_start: Pro cpu start user code
[2026-05-23 15:05:09.152] I (185) cpu_start: cpu freq: 160000000 Hz
[2026-05-23 15:05:09.154] I (185) app_init: Application information:
[2026-05-23 15:05:09.158] I (185) app_init: Project name:     sensor_acquirer
[2026-05-23 15:05:09.161] I (185) app_init: App version:      v1.0-171-gbbe0783
[2026-05-23 15:05:09.163] I (186) app_init: Compile time:     May 23 2026 14:30:31
[2026-05-23 15:05:09.165] I (186) app_init: ELF file SHA256:  493679023...
[2026-05-23 15:05:09.166] I (187) app_init: ESP-IDF:          v5.4.1
[2026-05-23 15:05:09.167] I (187) efuse_init: Min chip rev:     v0.3
[2026-05-23 15:05:09.168] I (188) efuse_init: Max chip rev:     v1.99
[2026-05-23 15:05:09.169] I (188) efuse_init: Chip rev:         v0.4
[2026-05-23 15:05:09.170] I (189) heap_init: Initializing. RAM available for dynamic allocation:
[2026-05-23 15:05:09.171] I (190) heap_init: At 3FC9C340 len 00023CC0 (143 KiB): RAM
[2026-05-23 15:05:09.171] I (190) heap_init: At 3FCC0000 len 0001C710 (113 KiB): Retention RAM
[2026-05-23 15:05:09.171] I (191) heap_init: At 3FCDC710 len 00002950 (10 KiB): Retention RAM
[2026-05-23 15:05:09.172] I (192) heap_init: At 5000021C len 00001DCC (7 KiB): RTCRAM
[2026-05-23 15:05:09.172] I (193) spi_flash: detected chip: generic
[2026-05-23 15:05:09.172] I (194) spi_flash: flash io: dio
[2026-05-23 15:05:09.173] W (194) spi_flash: Detected size(4096k) larger than the size in the binary image header(2048k). Using the size in the binary image header.
[2026-05-23 15:05:09.173] I (195) sleep_gpio: Configure to isolate all GPIO pins in sleep state
[2026-05-23 15:05:09.173] I (196) sleep_gpio: Enable automatic switching of GPIO sleep configuration
[2026-05-23 15:05:09.173] I (197) main_task: Started on CPU0
[2026-05-23 15:05:09.174] I (197) main_task: Calling app_main()
[2026-05-23 15:05:09.174] WCAN_CFG_WAIT v=1
# UART boot config sent: wcan v=1 role=sensor transport=BROADCAST test_duration_ms=30000 host_wait_time_ms=5000 base=0xd0 count=1 hz=200 linger=100
[2026-05-23 15:05:09.174] WCAN_CFG_WAIT v=1
[2026-05-23 15:05:11.614] WCAN_CFG_ACK
[2026-05-23 15:05:11.614] WCAN_CFG_ACK
[2026-05-23 15:05:11.618] I (2800) pp: pp rom version: 9387209
[2026-05-23 15:05:11.619] I (2801) net80211: net80211 rom version: 9387209
[2026-05-23 15:05:11.620] I (2802) wifi:wifi driver task: 3fca77a4, prio:23, stack:6656, core=0
[2026-05-23 15:05:11.625] I (2806) wifi:wifi firmware version: 79fa3f41ba
[2026-05-23 15:05:11.626] I (2806) wifi:wifi certification version: v7.0
[2026-05-23 15:05:11.627] I (2806) wifi:config NVS flash: enabled
[2026-05-23 15:05:11.628] I (2806) wifi:config nano formatting: disabled
[2026-05-23 15:05:11.629] I (2807) wifi:Init data frame dynamic rx buffer num: 32
[2026-05-23 15:05:11.630] I (2807) wifi:Init static rx mgmt buffer num: 5
[2026-05-23 15:05:11.632] I (2808) wifi:Init management short buffer num: 32
[2026-05-23 15:05:11.632] I (2808) wifi:Init dynamic tx buffer num: 32
[2026-05-23 15:05:11.634] I (2809) wifi:Init static tx FG buffer num: 2
[2026-05-23 15:05:11.635] I (2809) wifi:Init static rx buffer size: 1600
[2026-05-23 15:05:11.635] I (2810) wifi:Init static rx buffer num: 10
[2026-05-23 15:05:11.636] I (2810) wifi:Init dynamic rx buffer num: 32
[2026-05-23 15:05:11.637] I (2811) wifi_init: rx ba win: 6
[2026-05-23 15:05:11.637] I (2812) wifi_init: accept mbox: 6
[2026-05-23 15:05:11.638] I (2812) wifi_init: tcpip mbox: 32
[2026-05-23 15:05:11.639] I (2812) wifi_init: udp mbox: 6
[2026-05-23 15:05:11.639] I (2812) wifi_init: tcp mbox: 6
[2026-05-23 15:05:11.640] I (2813) wifi_init: tcp tx win: 5760
[2026-05-23 15:05:11.640] I (2813) wifi_init: tcp rx win: 5760
[2026-05-23 15:05:11.641] I (2814) wifi_init: tcp mss: 1440
[2026-05-23 15:05:11.641] I (2814) wifi_init: WiFi IRAM OP enabled
[2026-05-23 15:05:11.642] I (2814) wifi_init: WiFi RX IRAM OP enabled
[2026-05-23 15:05:11.642] I (2815) phy_init: phy_version 1200,2b7123f9,Feb 18 2025,15:22:21
[2026-05-23 15:05:11.667] I (2848) wifi:mode : sta (54:32:04:8c:0b:8c)
[2026-05-23 15:05:11.667] I (2849) wifi:enable tsf
[2026-05-23 15:05:11.671] I (2852) ESPNOW: espnow [version: 2.0] init
[2026-05-23 15:05:11.671] WCAN_TEST_READY role=sensor
# Waiting for phased test start
# UART test start sent: WCAN_TEST_START at 2026-05-23T15:05:11.682996
[2026-05-23 15:05:12.489] P(FAIL):3474:d0:0:0:20:21
[2026-05-23 15:05:12.815] P(FAIL):3800:d0:4:84:104:21
[2026-05-23 15:05:13.183] P(FAIL):4168:d0:7:147:167:21
[2026-05-23 15:05:13.621] P(FAIL):4606:d0:11:231:251:21
[2026-05-23 15:05:14.097] P(FAIL):5082:d0:15:315:335:21
[2026-05-23 15:05:14.455] P(FAIL):5440:d0:17:357:377:21
[2026-05-23 15:05:14.881] P(FAIL):5865:d0:23:483:503:21
[2026-05-23 15:05:15.348] P(FAIL):6333:d0:27:567:587:21
[2026-05-23 15:05:15.722] P(FAIL):6706:d0:29:609:629:21
[2026-05-23 15:05:16.252] P(FAIL):7237:d0:36:756:776:21
[2026-05-23 15:05:16.682] P(FAIL):7667:d0:40:840:860:21
[2026-05-23 15:05:17.128] P(FAIL):8113:d0:44:924:944:21
[2026-05-23 15:05:17.519] P(FAIL):8504:d0:48:1008:1028:21
[2026-05-23 15:05:17.902] P(FAIL):8886:d0:52:1092:1112:21
[2026-05-23 15:05:18.326] P(FAIL):9310:d0:56:1176:1196:21
[2026-05-23 15:05:18.744] P(FAIL):9728:d0:60:1260:1280:21
[2026-05-23 15:05:19.157] P(FAIL):10141:d0:64:1344:1364:21
[2026-05-23 15:05:19.583] P(FAIL):10568:d0:68:1428:1448:21
[2026-05-23 15:05:20.002] P(FAIL):10986:d0:72:1512:1532:21
[2026-05-23 15:05:20.439] P(FAIL):11423:d0:76:1596:1616:21
[2026-05-23 15:05:20.880] P(FAIL):11865:d0:80:1680:1700:21
[2026-05-23 15:05:21.268] P(FAIL):12252:d0:84:1764:1784:21
[2026-05-23 15:05:21.647] P(FAIL):12632:d0:88:1848:1868:21
[2026-05-23 15:05:22.048] P(FAIL):13032:d0:90:1890:1910:21
[2026-05-23 15:05:22.475] P(FAIL):13460:d0:95:1995:2015:21
[2026-05-23 15:05:23.119] P(FAIL):14104:d0:101:2121:2141:21
[2026-05-23 15:05:23.522] P(FAIL):14507:d0:103:2163:2183:21
[2026-05-23 15:05:23.824] P(FAIL):14809:d0:109:2289:2309:21
[2026-05-23 15:05:24.237] P(FAIL):15221:d0:112:2352:2372:21
[2026-05-23 15:05:24.638] P(FAIL):15622:d0:116:2436:2456:21
[2026-05-23 15:05:25.297] P(FAIL):16281:d0:122:2562:2582:21
[2026-05-23 15:05:25.696] P(FAIL):16680:d0:126:2646:2666:21
[2026-05-23 15:05:26.064] P(FAIL):17048:d0:130:2730:2750:21
[2026-05-23 15:05:26.493] P(FAIL):17478:d0:134:2814:2834:21
[2026-05-23 15:05:26.966] P(FAIL):17950:d0:138:2898:2918:21
[2026-05-23 15:05:27.388] P(FAIL):18372:d0:142:2982:3002:21
[2026-05-23 15:05:27.760] P(FAIL):18744:d0:146:3066:3086:21
[2026-05-23 15:05:28.098] P(FAIL):19083:d0:150:3150:3170:21
[2026-05-23 15:05:28.485] P(FAIL):19469:d0:153:3213:3233:21
[2026-05-23 15:05:28.794] P(FAIL):19778:d0:155:3255:3275:21
[2026-05-23 15:05:29.165] P(FAIL):20150:d0:158:3318:3338:21
[2026-05-23 15:05:29.509] P(FAIL):20493:d0:163:3423:3443:21
[2026-05-23 15:05:29.837] P(FAIL):20821:d0:166:3486:3506:21
[2026-05-23 15:05:30.196] P(FAIL):21181:d0:169:3549:3569:21
[2026-05-23 15:05:31.242] P(FAIL):22227:d0:179:3759:3779:21
[2026-05-23 15:05:31.643] P(FAIL):22628:d0:183:3843:3863:21
[2026-05-23 15:05:32.071] P(FAIL):23055:d0:187:3927:3947:21
[2026-05-23 15:05:32.489] P(FAIL):23473:d0:191:4011:4031:21
[2026-05-23 15:05:32.951] P(FAIL):23936:d0:195:4095:4115:21
[2026-05-23 15:05:33.737] P(FAIL):24721:d0:203:4263:4283:21
[2026-05-23 15:05:34.094] P(FAIL):25078:d0:204:4284:4304:21
[2026-05-23 15:05:34.464] P(FAIL):25449:d0:210:4410:4430:21
[2026-05-23 15:05:34.843] P(FAIL):25827:d0:214:4494:4514:21
[2026-05-23 15:05:35.360] P(FAIL):26344:d0:218:4578:4598:21
[2026-05-23 15:05:35.746] P(FAIL):26730:d0:222:4662:4682:21
[2026-05-23 15:05:36.156] P(FAIL):27140:d0:226:4746:4766:21
[2026-05-23 15:05:36.635] P(FAIL):27619:d0:230:4830:4850:21
[2026-05-23 15:05:37.033] P(FAIL):28017:d0:234:4914:4934:21
[2026-05-23 15:05:37.377] P(FAIL):28361:d0:238:4998:5018:21
[2026-05-23 15:05:37.822] P(FAIL):28806:d0:241:5061:5081:21
[2026-05-23 15:05:38.184] P(FAIL):29169:d0:242:5082:5102:21
[2026-05-23 15:05:38.595] P(FAIL):29579:d0:249:5229:5249:21
[2026-05-23 15:05:38.960] P(FAIL):29944:d0:253:5313:5333:21
[2026-05-23 15:05:39.418] P(FAIL):30402:d0:257:5397:5417:21
[2026-05-23 15:05:39.915] P(FAIL):30899:d0:261:5481:5501:21
[2026-05-23 15:05:40.284] P(FAIL):31268:d0:264:5544:5564:21
[2026-05-23 15:05:40.851] P(FAIL):31836:d0:270:5670:5690:21
[2026-05-23 15:05:41.334] P(FAIL):32318:d0:275:5775:5795:21
[2026-05-23 15:05:41.750] P(FAIL):32734:d0:279:5859:5879:21
[2026-05-23 15:05:42.063] P(FAIL):33047:d0:280:5880:5900:21
[2026-05-23 15:05:42.863] P(FAIL):33847:d0:281:5901:5921:21
[2026-05-23 15:05:43.010] WCAN_BATCH id=0xd0 count=286 avg_hz=9.52 avg_points=20.98 min_points=14 max_points=21 avg_interval_ms=105.00 min_interval_ms=104.86 max_interval_ms=105.13 avg_dispatch_ms=1.90 max_dispatch_ms=12.77 dispatched_count=496 avg_queue_wait_ms=159.16 max_queue_wait_ms=587.76
[2026-05-23 15:05:43.014] WCAN_SENSOR_END generated=5998 avg_hz=199.97
[2026-05-23 15:05:43.024] WCAN_MEASURES elapsed_ms=29999 heap_start_free=126648 heap_end_free=141280 heap_start_min_free=126548 heap_end_min_free=126208 heap_start_largest=98304 heap_end_largest=98304 airtime_us_total=936415 packets_sent_total=496 sensor_send_failures_total=0
[2026-05-23 15:05:43.025] WCAN_TEST_END role=sensor

# Monitor stopped: 2026-05-23T15:05:43.025399
