# Monitor started: 2026-05-23T18:28:57.876905
# Port: /dev/ttyACM1, Baud: 921600, Timeout: 35.000s after WCAN_TEST_START

# UART boot config: wcan v=1 role=sensor transport=BROADCAST test_duration_ms=30000 host_wait_time_ms=5000 base=0xe0 count=1 hz=200 linger=100
[2026-05-23 18:28:57.882] ESP-ROM:esp32c3-api1-20210207
[2026-05-23 18:28:57.890] Build:Feb  7 2021
[2026-05-23 18:28:57.908] rst:0x15 (USB_UART_CHIP_RESET),boot:0xd (SPI_FAST_FLASH_BOOT)
[2026-05-23 18:28:57.916] Saved PC:0x40384eba
[2026-05-23 18:28:57.919] SPIWP:0xee
[2026-05-23 18:28:57.927] mode:DIO, clock div:1
[2026-05-23 18:28:57.936] load:0x3fcd5820,len:0x1574
[2026-05-23 18:28:57.938] load:0x403cc710,len:0xc30
[2026-05-23 18:28:57.945] load:0x403ce710,len:0x2fa0
[2026-05-23 18:28:57.948] entry 0x403cc71a
[2026-05-23 18:28:57.952] I (24) boot: ESP-IDF v5.4.1 2nd stage bootloader
[2026-05-23 18:28:57.955] I (24) boot: compile time May 20 2026 00:05:32
[2026-05-23 18:28:57.961] I (25) boot: chip revision: v0.4
[2026-05-23 18:28:57.967] I (25) boot: efuse block revision: v1.3
[2026-05-23 18:28:57.971] I (25) boot.esp32c3: SPI Speed      : 80MHz
[2026-05-23 18:28:57.975] I (25) boot.esp32c3: SPI Mode       : DIO
[2026-05-23 18:28:57.975] I (26) boot.esp32c3: SPI Flash Size : 2MB
[2026-05-23 18:28:57.976] I (26) boot: Enabling RNG early entropy source...
[2026-05-23 18:28:57.976] I (27) boot: Partition Table:
[2026-05-23 18:28:57.978] I (27) boot: ## Label            Usage          Type ST Offset   Length
[2026-05-23 18:28:57.979] I (28) boot:  0 nvs              WiFi data        01 02 00009000 00006000
[2026-05-23 18:28:57.980] I (29) boot:  1 phy_init         RF data          01 01 0000f000 00001000
[2026-05-23 18:28:57.985] I (29) boot:  2 factory          factory app      00 00 00010000 00100000
[2026-05-23 18:28:57.986] I (30) boot: End of partition table
[2026-05-23 18:28:57.989] I (31) esp_image: segment 0: paddr=00010020 vaddr=3c0a0020 size=1977ch (104316) map
[2026-05-23 18:28:57.994] I (48) esp_image: segment 1: paddr=000297a4 vaddr=3fc95200 size=02da0h ( 11680) load
[2026-05-23 18:28:58.000] I (51) esp_image: segment 2: paddr=0002c54c vaddr=40380000 size=03acch ( 15052) load
[2026-05-23 18:28:58.012] I (54) esp_image: segment 3: paddr=00030020 vaddr=42000020 size=9942ch (627756) map
[2026-05-23 18:28:58.024] I (154) esp_image: segment 4: paddr=000c9454 vaddr=40383acc size=11614h ( 71188) load
[2026-05-23 18:28:58.027] I (168) esp_image: segment 5: paddr=000daa70 vaddr=50000200 size=0001ch (    28) load
[2026-05-23 18:28:58.028] I (175) boot: Loaded app from partition at offset 0x10000
[2026-05-23 18:28:58.030] I (175) boot: Disabling RNG early entropy source...
[2026-05-23 18:28:58.037] I (176) cpu_start: Unicore app
[2026-05-23 18:28:58.042] I (185) cpu_start: Pro cpu start user code
[2026-05-23 18:28:58.046] I (185) cpu_start: cpu freq: 160000000 Hz
[2026-05-23 18:28:58.047] I (185) app_init: Application information:
[2026-05-23 18:28:58.048] I (185) app_init: Project name:     sensor_acquirer
[2026-05-23 18:28:58.053] I (185) app_init: App version:      v1.0-171-gbbe0783
[2026-05-23 18:28:58.056] I (186) app_init: Compile time:     May 23 2026 14:30:31
[2026-05-23 18:28:58.058] I (187) app_init: ELF file SHA256:  493679023...
[2026-05-23 18:28:58.059] I (187) app_init: ESP-IDF:          v5.4.1
[2026-05-23 18:28:58.061] I (188) efuse_init: Min chip rev:     v0.3
[2026-05-23 18:28:58.063] I (188) efuse_init: Max chip rev:     v1.99
[2026-05-23 18:28:58.065] I (189) efuse_init: Chip rev:         v0.4
[2026-05-23 18:28:58.068] I (189) heap_init: Initializing. RAM available for dynamic allocation:
[2026-05-23 18:28:58.072] I (190) heap_init: At 3FC9C340 len 00023CC0 (143 KiB): RAM
[2026-05-23 18:28:58.078] I (191) heap_init: At 3FCC0000 len 0001C710 (113 KiB): Retention RAM
[2026-05-23 18:28:58.080] I (191) heap_init: At 3FCDC710 len 00002950 (10 KiB): Retention RAM
[2026-05-23 18:28:58.081] I (192) heap_init: At 5000021C len 00001DCC (7 KiB): RTCRAM
[2026-05-23 18:28:58.082] I (194) spi_flash: detected chip: generic
[2026-05-23 18:28:58.082] I (194) spi_flash: flash io: dio
[2026-05-23 18:28:58.084] W (194) spi_flash: Detected size(4096k) larger than the size in the binary image header(2048k). Using the size in the binary image header.
[2026-05-23 18:28:58.085] I (196) sleep_gpio: Configure to isolate all GPIO pins in sleep state
[2026-05-23 18:28:58.087] I (196) sleep_gpio: Enable automatic switching of GPIO sleep configuration
[2026-05-23 18:28:58.087] I (197) main_task: Started on CPU0
[2026-05-23 18:28:58.088] I (197) main_task: Calling app_main()
[2026-05-23 18:28:58.088] WCAN_CFG_WAIT v=1
# UART boot config sent: wcan v=1 role=sensor transport=BROADCAST test_duration_ms=30000 host_wait_time_ms=5000 base=0xe0 count=1 hz=200 linger=100
[2026-05-23 18:28:58.089] WCAN_CFG_WAIT v=1
[2026-05-23 18:29:00.535] WCAN_CFG_ACK
[2026-05-23 18:29:00.535] WCAN_CFG_ACK
[2026-05-23 18:29:00.540] I (2862) pp: pp rom version: 9387209
[2026-05-23 18:29:00.540] I (2863) net80211: net80211 rom version: 9387209
[2026-05-23 18:29:00.542] I (2864) wifi:wifi driver task: 3fca7720, prio:23, stack:6656, core=0
[2026-05-23 18:29:00.546] I (2868) wifi:wifi firmware version: 79fa3f41ba
[2026-05-23 18:29:00.547] I (2868) wifi:wifi certification version: v7.0
[2026-05-23 18:29:00.547] I (2868) wifi:config NVS flash: enabled
[2026-05-23 18:29:00.548] I (2868) wifi:config nano formatting: disabled
[2026-05-23 18:29:00.549] I (2869) wifi:Init data frame dynamic rx buffer num: 32
[2026-05-23 18:29:00.550] I (2869) wifi:Init static rx mgmt buffer num: 5
[2026-05-23 18:29:00.551] I (2870) wifi:Init management short buffer num: 32
[2026-05-23 18:29:00.552] I (2870) wifi:Init dynamic tx buffer num: 32
[2026-05-23 18:29:00.553] I (2871) wifi:Init static tx FG buffer num: 2
[2026-05-23 18:29:00.554] I (2871) wifi:Init static rx buffer size: 1600
[2026-05-23 18:29:00.557] I (2872) wifi:Init static rx buffer num: 10
[2026-05-23 18:29:00.558] I (2872) wifi:Init dynamic rx buffer num: 32
[2026-05-23 18:29:00.560] I (2873) wifi_init: rx ba win: 6
[2026-05-23 18:29:00.563] I (2874) wifi_init: accept mbox: 6
[2026-05-23 18:29:00.566] I (2874) wifi_init: tcpip mbox: 32
[2026-05-23 18:29:00.569] I (2874) wifi_init: udp mbox: 6
[2026-05-23 18:29:00.572] I (2874) wifi_init: tcp mbox: 6
[2026-05-23 18:29:00.575] I (2875) wifi_init: tcp tx win: 5760
[2026-05-23 18:29:00.577] I (2875) wifi_init: tcp rx win: 5760
[2026-05-23 18:29:00.580] I (2876) wifi_init: tcp mss: 1440
[2026-05-23 18:29:00.584] I (2876) wifi_init: WiFi IRAM OP enabled
[2026-05-23 18:29:00.587] I (2876) wifi_init: WiFi RX IRAM OP enabled
[2026-05-23 18:29:00.591] I (2877) phy_init: phy_version 1200,2b7123f9,Feb 18 2025,15:22:21
[2026-05-23 18:29:00.597] I (2918) wifi:mode : sta (74:4d:bd:e1:d5:b8)
[2026-05-23 18:29:00.598] I (2919) wifi:enable tsf
[2026-05-23 18:29:00.600] I (2921) ESPNOW: espnow [version: 2.0] init
[2026-05-23 18:29:00.601] WCAN_TEST_READY role=sensor
# Waiting for phased test start
# UART test start sent: WCAN_TEST_START at 2026-05-23T18:29:00.625637
[2026-05-23 18:29:04.289] P(FAIL):6414:e0:27:567:587:21
[2026-05-23 18:29:06.897] P(FAIL):9023:e0:52:1092:1112:21
[2026-05-23 18:29:07.140] P(FAIL):9265:e0:53:1113:1133:21
[2026-05-23 18:29:14.831] P(FAIL):16957:e0:128:2688:2708:21
[2026-05-23 18:29:17.438] P(FAIL):19564:e0:153:3213:3233:21
[2026-05-23 18:29:25.505] P(FAIL):27631:e0:229:4809:4829:21
[2026-05-23 18:29:28.060] P(FAIL):30186:e0:254:5334:5354:21
[2026-05-23 18:29:30.959] P(FAIL):33085:e0:282:5922:5942:21
[2026-05-23 18:29:31.759] P(FAIL):33885:e0:283:5943:5963:21
[2026-05-23 18:29:31.928] WCAN_BATCH id=0xe0 count=286 avg_hz=9.52 avg_points=20.98 min_points=14 max_points=21 avg_interval_ms=105.00 min_interval_ms=104.86 max_interval_ms=105.13 avg_dispatch_ms=1.91 max_dispatch_ms=5.05 dispatched_count=307 avg_queue_wait_ms=31.24 max_queue_wait_ms=483.67
[2026-05-23 18:29:31.928] WCAN_SENSOR_END generated=5998 avg_hz=199.97
[2026-05-23 18:29:31.931] WCAN_MEASURES elapsed_ms=29999 heap_start_free=126780 heap_end_free=141568 heap_start_min_free=126780 heap_end_min_free=124288 heap_start_largest=98304 heap_end_largest=98304 airtime_us_total=582092 packets_sent_total=307 sensor_send_failures_total=0
[2026-05-23 18:29:31.931] WCAN_TEST_END role=sensor

# Monitor stopped: 2026-05-23T18:29:31.931559
