# Monitor started: 2026-05-23T18:28:57.877816
# Port: /dev/ttyACM0, Baud: 921600, Timeout: 35.000s after WCAN_TEST_START

# UART boot config: wcan v=1 role=sensor transport=BROADCAST test_duration_ms=30000 host_wait_time_ms=5000 base=0xd0 count=1 hz=1000 linger=100
[2026-05-23 18:28:57.890] ESP-ROM:esp32c3-api1-20210207
[2026-05-23 18:28:57.899] Build:Feb  7 2021
[2026-05-23 18:28:57.925] rst:0x15 (USB_UART_CHIP_RESET),boot:0xd (SPI_FAST_FLASH_BOOT)
[2026-05-23 18:28:57.934] Saved PC:0x40384eba
[2026-05-23 18:28:57.939] SPIWP:0xee
[2026-05-23 18:28:57.949] mode:DIO, clock div:1
[2026-05-23 18:28:57.951] load:0x3fcd5820,len:0x1574
[2026-05-23 18:28:57.955] load:0x403cc710,len:0xc30
[2026-05-23 18:28:57.958] load:0x403ce710,len:0x2fa0
[2026-05-23 18:28:57.962] entry 0x403cc71a
[2026-05-23 18:28:57.964] I (24) boot: ESP-IDF v5.4.1 2nd stage bootloader
[2026-05-23 18:28:57.971] I (24) boot: compile time May 20 2026 00:05:32
[2026-05-23 18:28:57.973] I (25) boot: chip revision: v0.4
[2026-05-23 18:28:57.978] I (25) boot: efuse block revision: v1.3
[2026-05-23 18:28:57.984] I (25) boot.esp32c3: SPI Speed      : 80MHz
[2026-05-23 18:28:57.987] I (25) boot.esp32c3: SPI Mode       : DIO
[2026-05-23 18:28:57.995] I (26) boot.esp32c3: SPI Flash Size : 2MB
[2026-05-23 18:28:57.997] I (26) boot: Enabling RNG early entropy source...
[2026-05-23 18:28:58.002] I (27) boot: Partition Table:
[2026-05-23 18:28:58.012] I (27) boot: ## Label            Usage          Type ST Offset   Length
[2026-05-23 18:28:58.016] I (28) boot:  0 nvs              WiFi data        01 02 00009000 00006000
[2026-05-23 18:28:58.021] I (29) boot:  1 phy_init         RF data          01 01 0000f000 00001000
[2026-05-23 18:28:58.031] I (29) boot:  2 factory          factory app      00 00 00010000 00100000
[2026-05-23 18:28:58.033] I (30) boot: End of partition table
[2026-05-23 18:28:58.035] I (31) esp_image: segment 0: paddr=00010020 vaddr=3c0a0020 size=1977ch (104316) map
[2026-05-23 18:28:58.038] I (48) esp_image: segment 1: paddr=000297a4 vaddr=3fc95200 size=02da0h ( 11680) load
[2026-05-23 18:28:58.042] I (51) esp_image: segment 2: paddr=0002c54c vaddr=40380000 size=03acch ( 15052) load
[2026-05-23 18:28:58.044] I (54) esp_image: segment 3: paddr=00030020 vaddr=42000020 size=9942ch (627756) map
[2026-05-23 18:28:58.047] I (154) esp_image: segment 4: paddr=000c9454 vaddr=40383acc size=11614h ( 71188) load
[2026-05-23 18:28:58.053] I (168) esp_image: segment 5: paddr=000daa70 vaddr=50000200 size=0001ch (    28) load
[2026-05-23 18:28:58.056] I (175) boot: Loaded app from partition at offset 0x10000
[2026-05-23 18:28:58.057] I (175) boot: Disabling RNG early entropy source...
[2026-05-23 18:28:58.058] I (176) cpu_start: Unicore app
[2026-05-23 18:28:58.060] I (185) cpu_start: Pro cpu start user code
[2026-05-23 18:28:58.062] I (185) cpu_start: cpu freq: 160000000 Hz
[2026-05-23 18:28:58.064] I (185) app_init: Application information:
[2026-05-23 18:28:58.066] I (185) app_init: Project name:     sensor_acquirer
[2026-05-23 18:28:58.069] I (185) app_init: App version:      v1.0-171-gbbe0783
[2026-05-23 18:28:58.071] I (186) app_init: Compile time:     May 23 2026 14:30:31
[2026-05-23 18:28:58.077] I (186) app_init: ELF file SHA256:  493679023...
[2026-05-23 18:28:58.078] I (187) app_init: ESP-IDF:          v5.4.1
[2026-05-23 18:28:58.079] I (187) efuse_init: Min chip rev:     v0.3
[2026-05-23 18:28:58.081] I (188) efuse_init: Max chip rev:     v1.99
[2026-05-23 18:28:58.081] I (188) efuse_init: Chip rev:         v0.4
[2026-05-23 18:28:58.082] I (189) heap_init: Initializing. RAM available for dynamic allocation:
[2026-05-23 18:28:58.084] I (190) heap_init: At 3FC9C340 len 00023CC0 (143 KiB): RAM
[2026-05-23 18:28:58.085] I (190) heap_init: At 3FCC0000 len 0001C710 (113 KiB): Retention RAM
[2026-05-23 18:28:58.086] I (191) heap_init: At 3FCDC710 len 00002950 (10 KiB): Retention RAM
[2026-05-23 18:28:58.087] I (192) heap_init: At 5000021C len 00001DCC (7 KiB): RTCRAM
[2026-05-23 18:28:58.088] I (193) spi_flash: detected chip: generic
[2026-05-23 18:28:58.089] I (194) spi_flash: flash io: dio
[2026-05-23 18:28:58.090] W (194) spi_flash: Detected size(4096k) larger than the size in the binary image header(2048k). Using the size in the binary image header.
[2026-05-23 18:28:58.090] I (195) sleep_gpio: Configure to isolate all GPIO pins in sleep state
[2026-05-23 18:28:58.091] I (196) sleep_gpio: Enable automatic switching of GPIO sleep configuration
[2026-05-23 18:28:58.091] I (197) main_task: Started on CPU0
[2026-05-23 18:28:58.091] I (197) main_task: Calling app_main()
[2026-05-23 18:28:58.091] WCAN_CFG_WAIT v=1
# UART boot config sent: wcan v=1 role=sensor transport=BROADCAST test_duration_ms=30000 host_wait_time_ms=5000 base=0xd0 count=1 hz=1000 linger=100
[2026-05-23 18:28:58.092] WCAN_CFG_WAIT v=1
[2026-05-23 18:29:00.556] WCAN_CFG_ACK
[2026-05-23 18:29:00.557] WCAN_CFG_ACK
[2026-05-23 18:29:00.562] I (2882) pp: pp rom version: 9387209
[2026-05-23 18:29:00.567] I (2883) net80211: net80211 rom version: 9387209
[2026-05-23 18:29:00.573] I (2884) wifi:wifi driver task: 3fca77a4, prio:23, stack:6656, core=0
[2026-05-23 18:29:00.578] I (2888) wifi:wifi firmware version: 79fa3f41ba
[2026-05-23 18:29:00.582] I (2888) wifi:wifi certification version: v7.0
[2026-05-23 18:29:00.585] I (2888) wifi:config NVS flash: enabled
[2026-05-23 18:29:00.588] I (2888) wifi:config nano formatting: disabled
[2026-05-23 18:29:00.591] I (2889) wifi:Init data frame dynamic rx buffer num: 32
[2026-05-23 18:29:00.592] I (2889) wifi:Init static rx mgmt buffer num: 5
[2026-05-23 18:29:00.592] I (2890) wifi:Init management short buffer num: 32
[2026-05-23 18:29:00.593] I (2890) wifi:Init dynamic tx buffer num: 32
[2026-05-23 18:29:00.593] I (2891) wifi:Init static tx FG buffer num: 2
[2026-05-23 18:29:00.594] I (2891) wifi:Init static rx buffer size: 1600
[2026-05-23 18:29:00.594] I (2892) wifi:Init static rx buffer num: 10
[2026-05-23 18:29:00.595] I (2892) wifi:Init dynamic rx buffer num: 32
[2026-05-23 18:29:00.595] I (2893) wifi_init: rx ba win: 6
[2026-05-23 18:29:00.595] I (2894) wifi_init: accept mbox: 6
[2026-05-23 18:29:00.596] I (2894) wifi_init: tcpip mbox: 32
[2026-05-23 18:29:00.597] I (2894) wifi_init: udp mbox: 6
[2026-05-23 18:29:00.598] I (2894) wifi_init: tcp mbox: 6
[2026-05-23 18:29:00.598] I (2895) wifi_init: tcp tx win: 5760
[2026-05-23 18:29:00.598] I (2895) wifi_init: tcp rx win: 5760
[2026-05-23 18:29:00.599] I (2896) wifi_init: tcp mss: 1440
[2026-05-23 18:29:00.600] I (2896) wifi_init: WiFi IRAM OP enabled
[2026-05-23 18:29:00.601] I (2896) wifi_init: WiFi RX IRAM OP enabled
[2026-05-23 18:29:00.601] I (2897) phy_init: phy_version 1200,2b7123f9,Feb 18 2025,15:22:21
[2026-05-23 18:29:00.610] I (2932) wifi:mode : sta (54:32:04:8c:0b:8c)
[2026-05-23 18:29:00.610] I (2932) wifi:enable tsf
[2026-05-23 18:29:00.613] I (2935) ESPNOW: espnow [version: 2.0] init
[2026-05-23 18:29:00.614] WCAN_TEST_READY role=sensor
# Waiting for phased test start
# UART test start sent: WCAN_TEST_START at 2026-05-23T18:29:00.625669
[2026-05-23 18:29:09.443] P(FAIL):11568:d0:80:8080:8180:101
[2026-05-23 18:29:12.094] P(FAIL):14219:d0:106:10706:10806:101
[2026-05-23 18:29:20.022] P(FAIL):22147:d0:185:18685:18785:101
[2026-05-23 18:29:20.457] P(FAIL):22582:d0:188:18988:19088:101
[2026-05-23 18:29:20.827] P(FAIL):22952:d0:189:19089:19189:101
[2026-05-23 18:29:22.685] P(FAIL):24810:d0:211:21311:21411:101
[2026-05-23 18:29:30.682] P(FAIL):32807:d0:290:29290:29390:101
[2026-05-23 18:29:31.179] P(FAIL):33304:d0:291:29391:29491:101
[2026-05-23 18:29:31.937] WCAN_BATCH id=0xd0 count=298 avg_hz=9.90 avg_points=100.67 min_points=2 max_points=101 avg_interval_ms=101.00 min_interval_ms=100.89 max_interval_ms=101.11 avg_dispatch_ms=4.50 max_dispatch_ms=7.30 dispatched_count=316 avg_queue_wait_ms=31.95 max_queue_wait_ms=602.80
[2026-05-23 18:29:31.938] WCAN_SENSOR_END generated=29998 avg_hz=1000.00
[2026-05-23 18:29:31.940] WCAN_MEASURES elapsed_ms=29999 heap_start_free=126648 heap_end_free=141280 heap_start_min_free=126648 heap_end_min_free=125872 heap_start_largest=98304 heap_end_largest=98304 airtime_us_total=1420144 packets_sent_total=316 sensor_send_failures_total=0
[2026-05-23 18:29:31.941] WCAN_TEST_END role=sensor

# Monitor stopped: 2026-05-23T18:29:31.941277
