# Monitor started: 2026-04-22T17:48:59.447388
# Port: COM10, Baud: 115200, Duration: 30s

[2026-04-22 17:48:59.448] I (101) esp_image: segment 2: paddr=0002aee4 vaddr=40380000 sizeESP-ROM:esp32c3-api1-20210207
[2026-04-22 17:48:59.448] Build:Feb  7 2021
[2026-04-22 17:48:59.451] rst:0x15 (USB_UART_CHIP_RESET),boot:0xd (SPI_FAST_FLASH_BOOT)
[2026-04-22 17:48:59.453] Saved PC:0x40384ec6
[2026-04-22 17:48:59.454] SPIWP:0xee
[2026-04-22 17:48:59.454] mode:DIO, clock div:1
[2026-04-22 17:48:59.455] load:0x3fcd5820,len:0x1574
[2026-04-22 17:48:59.458] load:0x403cc710,len:0xc30
[2026-04-22 17:48:59.461] load:0x403ce710,len:0x2f64
[2026-04-22 17:48:59.462] entry 0x403cc71a
[2026-04-22 17:48:59.467] I (24) boot: ESP-IDF v5.4.1 2nd stage bootloader
[2026-04-22 17:48:59.472] I (24) boot: compile time Apr 22 2026 16:20:48
[2026-04-22 17:48:59.475] I (24) boot: chip revision: v0.4
[2026-04-22 17:48:59.478] I (25) boot: efuse block revision: v1.3
[2026-04-22 17:48:59.482] I (28) boot.esp32c3: SPI Speed      : 80MHz
[2026-04-22 17:48:59.485] I (32) boot.esp32c3: SPI Mode       : DIO
[2026-04-22 17:48:59.489] I (36) boot.esp32c3: SPI Flash Size : 2MB
[2026-04-22 17:48:59.495] I (39) boot: Enabling RNG early entropy source...
[2026-04-22 17:48:59.496] I (44) boot: Partition Table:
[2026-04-22 17:48:59.502] I (46) boot: ## Label            Usage          Type ST Offset   Length
[2026-04-22 17:48:59.511] I (53) boot:  0 nvs              WiFi data        01 02 00009000 00006000
[2026-04-22 17:48:59.519] I (59) boot:  1 phy_init         RF data          01 01 0000f000 00001000
[2026-04-22 17:48:59.525] I (66) boot:  2 factory          factory app      00 00 00010000 00100000
[2026-04-22 17:48:59.528] I (72) boot: End of partition table
[2026-04-22 17:48:59.535] I (76) esp_image: segment 0: paddr=00010020 vaddr=3c090020 size=18114h ( 98580) map
[2026-04-22 17:48:59.542] I (99) esp_image: segment 1: paddr=0002813c vaddr=3fc94000 size=02da0h ( 11680) load
[2026-04-22 17:48:59.551] I (101) esp_image: segment 2: paddr=0002aee4 vaddr=40380000 size=05134h ( 20788) load
[2026-04-22 17:48:59.560] I (106) esp_image: segment 3: paddr=00030020 vaddr=42000020 size=8eaa8h (584360) map
[2026-04-22 17:48:59.569] I (203) esp_image: segment 4: paddr=000bead0 vaddr=40385134 size=0ede8h ( 60904) load
[2026-04-22 17:48:59.577] I (215) esp_image: segment 5: paddr=000cd8c0 vaddr=50000200 size=0001ch (    28) load
[2026-04-22 17:48:59.579] I (221) boot: Loaded app from partition at offset 0x10000
[2026-04-22 17:48:59.585] I (221) boot: Disabling RNG early entropy source...
[2026-04-22 17:48:59.587] I (232) cpu_start: Unicore app
[2026-04-22 17:48:59.593] I (241) cpu_start: Pro cpu start user code
[2026-04-22 17:48:59.597] I (241) cpu_start: cpu freq: 160000000 Hz
[2026-04-22 17:48:59.602] I (241) app_init: Application information:
[2026-04-22 17:48:59.607] I (241) app_init: Project name:     sensor_acquirer
[2026-04-22 17:48:59.613] I (245) app_init: App version:      e468f2b-dirty
[2026-04-22 17:48:59.619] I (250) app_init: Compile time:     Apr 22 2026 16:19:54
[2026-04-22 17:48:59.623] I (255) app_init: ELF file SHA256:  21c97d479...
[2026-04-22 17:48:59.628] I (259) app_init: ESP-IDF:          v5.4.1
[2026-04-22 17:48:59.632] I (263) efuse_init: Min chip rev:     v0.3
[2026-04-22 17:48:59.637] I (267) efuse_init: Max chip rev:     v1.99
[2026-04-22 17:48:59.641] I (271) efuse_init: Chip rev:         v0.4
[2026-04-22 17:48:59.649] I (275) heap_init: Initializing. RAM available for dynamic allocation:
[2026-04-22 17:48:59.655] I (281) heap_init: At 3FC9B1B0 len 00024E50 (147 KiB): RAM
[2026-04-22 17:48:59.662] I (286) heap_init: At 3FCC0000 len 0001C710 (113 KiB): Retention RAM
[2026-04-22 17:48:59.668] I (292) heap_init: At 3FCDC710 len 00002950 (10 KiB): Retention RAM
[2026-04-22 17:48:59.672] I (298) heap_init: At 5000021C len 00001DCC (7 KiB): RTCRAM
[2026-04-22 17:48:59.676] I (304) spi_flash: detected chip: generic
[2026-04-22 17:48:59.680] I (307) spi_flash: flash io: dio
[2026-04-22 17:48:59.694] W (310) spi_flash: Detected size(4096k) larger than the size in the binary image header(2048k). Using the size in the binary image header.
[2026-04-22 17:48:59.701] I (323) sleep_gpio: Configure to isolate all GPIO pins in sleep state
[2026-04-22 17:48:59.708] I (329) sleep_gpio: Enable automatic switching of GPIO sleep configuration
[2026-04-22 17:48:59.712] I (335) main_task: Started on CPU0
[2026-04-22 17:48:59.716] I (335) main_task: Calling app_main()
[2026-04-22 17:48:59.719] I (335) MAIN: MAC: 74:4d:bd:e1:d5:b8
[2026-04-22 17:48:59.723] I (345) pp: pp rom version: 9387209
[2026-04-22 17:48:59.728] I (345) net80211: net80211 rom version: 9387209
[2026-04-22 17:48:59.735] I (355) wifi:wifi driver task: 3fca4114, prio:23, stack:6656, core=0
[2026-04-22 17:48:59.739] I (355) wifi:wifi firmware version: 79fa3f41ba
[2026-04-22 17:48:59.743] I (355) wifi:wifi certification version: v7.0
[2026-04-22 17:48:59.748] I (365) wifi:config NVS flash: enabled
[2026-04-22 17:48:59.753] I (365) wifi:config nano formatting: disabled
[2026-04-22 17:48:59.757] I (365) wifi:Init data frame dynamic rx buffer num: 32
[2026-04-22 17:48:59.762] I (375) wifi:Init static rx mgmt buffer num: 5
[2026-04-22 17:48:59.767] I (375) wifi:Init management short buffer num: 32
[2026-04-22 17:48:59.772] I (385) wifi:Init dynamic tx buffer num: 32
[2026-04-22 17:48:59.776] I (385) wifi:Init static tx FG buffer num: 2
[2026-04-22 17:48:59.784] I (395) wifi:Init static rx buffer size: 1600
[2026-04-22 17:48:59.794] I (395) wifi:Init static rx buffer num: 10
[2026-04-22 17:48:59.806] I (395) wifi:Init dynamic rx buffer num: 32
[2026-04-22 17:48:59.812] I (405) wifi_init: rx ba win: 6
[2026-04-22 17:48:59.819] I (405) wifi_init: accept mbox: 6
[2026-04-22 17:48:59.827] I (405) wifi_init: tcpip mbox: 32
[2026-04-22 17:48:59.835] I (415) wifi_init: udp mbox: 6
[2026-04-22 17:48:59.840] I (415) wifi_init: tcp mbox: 6
[2026-04-22 17:48:59.847] I (415) wifi_init: tcp tx win: 5760
[2026-04-22 17:48:59.856] I (415) wifi_init: tcp rx win: 5760
[2026-04-22 17:48:59.861] I (425) wifi_init: tcp mss: 1440
[2026-04-22 17:48:59.866] I (425) wifi_init: WiFi IRAM OP enabled
[2026-04-22 17:48:59.873] I (425) wifi_init: WiFi RX IRAM OP enabled
[2026-04-22 17:48:59.876] I (435) phy_init: phy_version 1200,2b7123f9,Feb 18 2025,15:22:21
[2026-04-22 17:48:59.877] I (475) wifi:mode : softAP (74:4d:bd:e1:d5:b9)
[2026-04-22 17:48:59.879] I (475) wifi:Total power save buffer number: 16
[2026-04-22 17:48:59.881] I (475) wifi:Init max length of beacon: 752/752
[2026-04-22 17:48:59.883] I (475) wifi:Init max length of beacon: 752/752
[2026-04-22 17:48:59.884] I (475) MAIN: WiFi initialized
[2026-04-22 17:48:59.886] I (485) MAIN: RECEIVER mode — accepting all CAN IDs
[2026-04-22 17:48:59.887] I (485) ESPNOW: espnow [version: 2.0] init
[2026-04-22 17:48:59.887] I (485) SEND: Send processing task started
[2026-04-22 17:48:59.887] I (495) RECV: Receive processing task started
[2026-04-22 17:48:59.888] I (495) WCAN: WCAN initialized
[2026-04-22 17:48:59.888] I (495) main_task: Returned from app_main()
[2026-04-22 17:48:59.889] I (915) USER-RECV: Received [c978] len=4 counter=0
[2026-04-22 17:49:00.655] I (1905) USER-RECV: Received [5d10] len=4 counter=1
[2026-04-22 17:49:00.655] I (1905) USER-RECV: Received [c978] len=4 counter=1
[2026-04-22 17:49:01.653] I (2905) USER-RECV: Received [5d10] len=4 counter=2
[2026-04-22 17:49:01.654] I (2905) USER-RECV: Received [c978] len=4 counter=2
[2026-04-22 17:49:02.653] I (3905) USER-RECV: Received [5d10] len=4 counter=3
[2026-04-22 17:49:02.653] I (3905) USER-RECV: Received [c978] len=4 counter=3
[2026-04-22 17:49:03.653] I (4905) USER-RECV: Received [5d10] len=4 counter=4
[2026-04-22 17:49:03.654] I (4905) USER-RECV: Received [c978] len=4 counter=4
[2026-04-22 17:49:04.652] I (5905) USER-RECV: Received [5d10] len=4 counter=5
[2026-04-22 17:49:04.654] I (5905) USER-RECV: Received [c978] len=4 counter=5
[2026-04-22 17:49:05.654] I (6905) USER-RECV: Received [5d10] len=4 counter=6
[2026-04-22 17:49:05.655] I (6905) USER-RECV: Received [c978] len=4 counter=6
[2026-04-22 17:49:06.653] I (7905) USER-RECV: Received [5d10] len=4 counter=7
[2026-04-22 17:49:06.654] I (7905) USER-RECV: Received [c978] len=4 counter=7
[2026-04-22 17:49:07.653] I (8905) USER-RECV: Received [5d10] len=4 counter=8
[2026-04-22 17:49:07.654] I (8905) USER-RECV: Received [c978] len=4 counter=8
[2026-04-22 17:49:08.653] I (9905) USER-RECV: Received [5d10] len=4 counter=9
[2026-04-22 17:49:08.654] I (9905) USER-RECV: Received [c978] len=4 counter=9
[2026-04-22 17:49:09.654] I (10905) USER-RECV: Received [5d10] len=4 counter=10
[2026-04-22 17:49:09.656] I (10905) USER-RECV: Received [c978] len=4 counter=10
[2026-04-22 17:49:10.653] I (11905) USER-RECV: Received [5d10] len=4 counter=11
[2026-04-22 17:49:10.654] I (11905) USER-RECV: Received [c978] len=4 counter=11
[2026-04-22 17:49:11.654] I (12905) USER-RECV: Received [5d10] len=4 counter=12
[2026-04-22 17:49:11.655] I (12905) USER-RECV: Received [c978] len=4 counter=12
[2026-04-22 17:49:12.654] I (13905) USER-RECV: Received [5d10] len=4 counter=13
[2026-04-22 17:49:12.654] I (13905) USER-RECV: Received [c978] len=4 counter=13
[2026-04-22 17:49:13.654] I (14905) USER-RECV: Received [c978] len=4 counter=14
[2026-04-22 17:49:13.854] I (15105) USER-RECV: Received [5d10] len=4 counter=14
[2026-04-22 17:49:14.654] I (15905) USER-RECV: Received [5d10] len=4 counter=15
[2026-04-22 17:49:14.656] I (15905) USER-RECV: Received [c978] len=4 counter=15
[2026-04-22 17:49:15.654] I (16905) USER-RECV: Received [5d10] len=4 counter=16
[2026-04-22 17:49:15.655] I (16905) USER-RECV: Received [c978] len=4 counter=16
[2026-04-22 17:49:16.653] I (17905) USER-RECV: Received [c978] len=4 counter=17
[2026-04-22 17:49:17.654] I (18905) USER-RECV: Received [5d10] len=4 counter=18
[2026-04-22 17:49:17.655] I (18905) USER-RECV: Received [c978] len=4 counter=18
[2026-04-22 17:49:18.654] I (19905) USER-RECV: Received [5d10] len=4 counter=19
[2026-04-22 17:49:18.655] I (19905) USER-RECV: Received [c978] len=4 counter=19
[2026-04-22 17:49:19.655] I (20905) USER-RECV: Received [5d10] len=4 counter=20
[2026-04-22 17:49:19.655] I (20905) USER-RECV: Received [c978] len=4 counter=20
[2026-04-22 17:49:20.654] I (21905) USER-RECV: Received [5d10] len=4 counter=21
[2026-04-22 17:49:20.654] I (21905) USER-RECV: Received [c978] len=4 counter=21
[2026-04-22 17:49:21.655] I (22905) USER-RECV: Received [5d10] len=4 counter=22
[2026-04-22 17:49:21.656] I (22905) USER-RECV: Received [c978] len=4 counter=22
[2026-04-22 17:49:22.654] I (23905) USER-RECV: Received [5d10] len=4 counter=23
[2026-04-22 17:49:22.655] I (23905) USER-RECV: Received [c978] len=4 counter=23
[2026-04-22 17:49:23.653] I (24905) USER-RECV: Received [5d10] len=4 counter=24
[2026-04-22 17:49:23.655] I (24905) USER-RECV: Received [c978] len=4 counter=24
[2026-04-22 17:49:24.654] I (25905) USER-RECV: Received [5d10] len=4 counter=25
[2026-04-22 17:49:24.655] I (25905) USER-RECV: Received [c978] len=4 counter=25
[2026-04-22 17:49:25.655] I (26905) USER-RECV: Received [c978] len=4 counter=26
[2026-04-22 17:49:25.656] I (26905) USER-RECV: Received [5d10] len=4 counter=26
[2026-04-22 17:49:26.655] I (27905) USER-RECV: Received [5d10] len=4 counter=27
[2026-04-22 17:49:26.656] I (27905) USER-RECV: Received [c978] len=4 counter=27
[2026-04-22 17:49:27.655] I (28905) USER-RECV: Received [5d10] len=4 counter=28
[2026-04-22 17:49:27.656] I (28905) USER-RECV: Received [c978] len=4 counter=28
[2026-04-22 17:49:28.654] I (29905) USER-RECV: Received [5d10] len=4 counter=29
[2026-04-22 17:49:28.655] I (29905) USER-RECV: Received [c978] len=4 counter=29
[2026-04-22 17:49:29.655] I (30905) USER-RECV: Received [5d10] len=4 counter=30

# Monitor stopped: 2026-04-22T17:49:29.655685
