# Monitor started: 2026-05-23T20:25:41.983661
# Port: /dev/ttyACM0, Baud: 921600, Timeout: 35.000s after WCAN_TEST_START

# UART boot config: wcan v=1 role=sensor transport=MULTICAST test_duration_ms=30000 host_wait_time_ms=5000 base=0xd0 count=3 hz=750 linger=100
[2026-05-23 20:25:41.992] ESP-ROM:esp32c3-api1-20210207
[2026-05-23 20:25:41.998] Build:Feb  7 2021
[2026-05-23 20:25:42.020] rst:0x15 (USB_UART_CHIP_RESET),boot:0xd (SPI_FAST_FLASH_BOOT)
[2026-05-23 20:25:42.031] Saved PC:0x40384eba
[2026-05-23 20:25:42.033] SPIWP:0xee
[2026-05-23 20:25:42.036] mode:DIO, clock div:1
[2026-05-23 20:25:42.042] load:0x3fcd5820,len:0x1574
[2026-05-23 20:25:42.052] load:0x403cc710,len:0xc30
[2026-05-23 20:25:42.058] load:0x403ce710,len:0x2fa0
[2026-05-23 20:25:42.059] entry 0x403cc71a
[2026-05-23 20:25:42.060] I (24) boot: ESP-IDF v5.4.1 2nd stage bootloader
[2026-05-23 20:25:42.062] I (24) boot: compile time May 19 2026 23:41:33
[2026-05-23 20:25:42.064] I (24) boot: chip revision: v0.4
[2026-05-23 20:25:42.065] I (25) boot: efuse block revision: v1.3
[2026-05-23 20:25:42.072] I (25) boot.esp32c3: SPI Speed      : 80MHz
[2026-05-23 20:25:42.079] I (25) boot.esp32c3: SPI Mode       : DIO
[2026-05-23 20:25:42.081] I (26) boot.esp32c3: SPI Flash Size : 2MB
[2026-05-23 20:25:42.087] I (26) boot: Enabling RNG early entropy source...
[2026-05-23 20:25:42.089] I (27) boot: Partition Table:
[2026-05-23 20:25:42.093] I (27) boot: ## Label            Usage          Type ST Offset   Length
[2026-05-23 20:25:42.097] I (28) boot:  0 nvs              WiFi data        01 02 00009000 00006000
[2026-05-23 20:25:42.101] I (29) boot:  1 phy_init         RF data          01 01 0000f000 00001000
[2026-05-23 20:25:42.105] I (29) boot:  2 factory          factory app      00 00 00010000 00100000
[2026-05-23 20:25:42.106] I (30) boot: End of partition table
[2026-05-23 20:25:42.114] I (31) esp_image: segment 0: paddr=00010020 vaddr=3c0a0020 size=19850h (104528) map
[2026-05-23 20:25:42.117] I (48) esp_image: segment 1: paddr=00029878 vaddr=3fc95000 size=02da0h ( 11680) load
[2026-05-23 20:25:42.129] I (51) esp_image: segment 2: paddr=0002c620 vaddr=40380000 size=039f8h ( 14840) load
[2026-05-23 20:25:42.134] I (54) esp_image: segment 3: paddr=00030020 vaddr=42000020 size=990b4h (626868) map
[2026-05-23 20:25:42.139] I (154) esp_image: segment 4: paddr=000c90dc vaddr=403839f8 size=114f8h ( 70904) load
[2026-05-23 20:25:42.149] I (168) esp_image: segment 5: paddr=000da5dc vaddr=50000200 size=0001ch (    28) load
[2026-05-23 20:25:42.151] I (174) boot: Loaded app from partition at offset 0x10000
[2026-05-23 20:25:42.154] I (175) boot: Disabling RNG early entropy source...
[2026-05-23 20:25:42.155] I (176) cpu_start: Unicore app
[2026-05-23 20:25:42.155] I (184) cpu_start: Pro cpu start user code
[2026-05-23 20:25:42.156] I (184) cpu_start: cpu freq: 160000000 Hz
[2026-05-23 20:25:42.156] I (185) app_init: Application information:
[2026-05-23 20:25:42.157] I (185) app_init: Project name:     sensor_acquirer
[2026-05-23 20:25:42.158] I (185) app_init: App version:      v1.0-171-gbbe0783
[2026-05-23 20:25:42.159] I (186) app_init: Compile time:     May 23 2026 14:30:40
[2026-05-23 20:25:42.159] I (186) app_init: ELF file SHA256:  0e7d705e7...
[2026-05-23 20:25:42.160] I (187) app_init: ESP-IDF:          v5.4.1
[2026-05-23 20:25:42.161] I (187) efuse_init: Min chip rev:     v0.3
[2026-05-23 20:25:42.161] I (188) efuse_init: Max chip rev:     v1.99
[2026-05-23 20:25:42.162] I (188) efuse_init: Chip rev:         v0.4
[2026-05-23 20:25:42.163] I (189) heap_init: Initializing. RAM available for dynamic allocation:
[2026-05-23 20:25:42.164] I (190) heap_init: At 3FC9C130 len 00023ED0 (143 KiB): RAM
[2026-05-23 20:25:42.165] I (190) heap_init: At 3FCC0000 len 0001C710 (113 KiB): Retention RAM
[2026-05-23 20:25:42.166] I (191) heap_init: At 3FCDC710 len 00002950 (10 KiB): Retention RAM
[2026-05-23 20:25:42.168] I (192) heap_init: At 5000021C len 00001DCC (7 KiB): RTCRAM
[2026-05-23 20:25:42.169] I (193) spi_flash: detected chip: generic
[2026-05-23 20:25:42.170] I (193) spi_flash: flash io: dio
[2026-05-23 20:25:42.174] W (193) spi_flash: Detected size(4096k) larger than the size in the binary image header(2048k). Using the size in the binary image header.
[2026-05-23 20:25:42.177] I (195) sleep_gpio: Configure to isolate all GPIO pins in sleep state
[2026-05-23 20:25:42.178] I (196) sleep_gpio: Enable automatic switching of GPIO sleep configuration
[2026-05-23 20:25:42.179] I (197) main_task: Started on CPU0
[2026-05-23 20:25:42.180] I (197) main_task: Calling app_main()
[2026-05-23 20:25:42.180] WCAN_CFG_WAIT v=1
# UART boot config sent: wcan v=1 role=sensor transport=MULTICAST test_duration_ms=30000 host_wait_time_ms=5000 base=0xd0 count=3 hz=750 linger=100
[2026-05-23 20:25:42.181] WCAN_CFG_WAIT v=1
[2026-05-23 20:25:44.620] WCAN_CFG_ACK
[2026-05-23 20:25:44.621] WCAN_CFG_ACK
[2026-05-23 20:25:44.626] I (2841) pp: pp rom version: 9387209
[2026-05-23 20:25:44.627] I (2842) net80211: net80211 rom version: 9387209
[2026-05-23 20:25:44.628] I (2843) wifi:wifi driver task: 3fca7594, prio:23, stack:6656, core=0
[2026-05-23 20:25:44.631] I (2847) wifi:wifi firmware version: 79fa3f41ba
[2026-05-23 20:25:44.633] I (2847) wifi:wifi certification version: v7.0
[2026-05-23 20:25:44.634] I (2847) wifi:config NVS flash: enabled
[2026-05-23 20:25:44.635] I (2847) wifi:config nano formatting: disabled
[2026-05-23 20:25:44.636] I (2848) wifi:Init data frame dynamic rx buffer num: 32
[2026-05-23 20:25:44.637] I (2848) wifi:Init static rx mgmt buffer num: 5
[2026-05-23 20:25:44.638] I (2849) wifi:Init management short buffer num: 32
[2026-05-23 20:25:44.640] I (2849) wifi:Init dynamic tx buffer num: 32
[2026-05-23 20:25:44.643] I (2850) wifi:Init static tx FG buffer num: 2
[2026-05-23 20:25:44.645] I (2850) wifi:Init static rx buffer size: 1600
[2026-05-23 20:25:44.648] I (2851) wifi:Init static rx buffer num: 10
[2026-05-23 20:25:44.652] I (2851) wifi:Init dynamic rx buffer num: 32
[2026-05-23 20:25:44.655] I (2852) wifi_init: rx ba win: 6
[2026-05-23 20:25:44.658] I (2853) wifi_init: accept mbox: 6
[2026-05-23 20:25:44.661] I (2853) wifi_init: tcpip mbox: 32
[2026-05-23 20:25:44.663] I (2853) wifi_init: udp mbox: 6
[2026-05-23 20:25:44.665] I (2853) wifi_init: tcp mbox: 6
[2026-05-23 20:25:44.666] I (2854) wifi_init: tcp tx win: 5760
[2026-05-23 20:25:44.668] I (2854) wifi_init: tcp rx win: 5760
[2026-05-23 20:25:44.669] I (2855) wifi_init: tcp mss: 1440
[2026-05-23 20:25:44.671] I (2855) wifi_init: WiFi IRAM OP enabled
[2026-05-23 20:25:44.672] I (2855) wifi_init: WiFi RX IRAM OP enabled
[2026-05-23 20:25:44.675] I (2856) phy_init: phy_version 1200,2b7123f9,Feb 18 2025,15:22:21
[2026-05-23 20:25:44.682] I (2898) wifi:mode : sta (54:32:04:8c:0b:8c)
[2026-05-23 20:25:44.682] I (2899) wifi:enable tsf
[2026-05-23 20:25:44.686] I (2902) ESPNOW: espnow [version: 2.0] init
[2026-05-23 20:25:44.687] WCAN_TEST_READY role=sensor
# Waiting for phased test start
# UART test start sent: WCAN_TEST_START at 2026-05-23T20:25:44.709072
[2026-05-23 20:26:15.034] WCAN_BATCH id=0xd0 count=296 avg_hz=9.87 avg_points=76.00 min_points=76 max_points=76 avg_interval_ms=101.31 min_interval_ms=101.27 max_interval_ms=101.36 avg_dispatch_ms=4.52 max_dispatch_ms=32.21 dispatched_count=296 avg_queue_wait_ms=0.15 max_queue_wait_ms=0.28
[2026-05-23 20:26:15.039] WCAN_BATCH id=0xd1 count=296 avg_hz=9.87 avg_points=76.00 min_points=76 max_points=76 avg_interval_ms=101.31 min_interval_ms=101.26 max_interval_ms=101.37 avg_dispatch_ms=3.89 max_dispatch_ms=20.74 dispatched_count=296 avg_queue_wait_ms=4.74 max_queue_wait_ms=32.45
[2026-05-23 20:26:15.053] WCAN_BATCH id=0xd2 count=296 avg_hz=9.87 avg_points=76.00 min_points=76 max_points=76 avg_interval_ms=101.31 min_interval_ms=101.26 max_interval_ms=101.37 avg_dispatch_ms=15.07 max_dispatch_ms=56.26 dispatched_count=296 avg_queue_wait_ms=8.70 max_queue_wait_ms=43.77
[2026-05-23 20:26:15.056] WCAN_SENSOR_END generated=22504 avg_hz=750.19
[2026-05-23 20:26:15.067] WCAN_MEASURES elapsed_ms=29999 heap_start_free=66296 heap_end_free=81984 heap_start_min_free=66296 heap_end_min_free=63676 heap_start_largest=47104 heap_end_largest=45056 airtime_us_total=6942902 packets_sent_total=888 sensor_send_failures_total=0
[2026-05-23 20:26:15.068] WCAN_TEST_END role=sensor

# Monitor stopped: 2026-05-23T20:26:15.068584
