# Monitor started: 2026-05-23T20:38:12.588714
# Port: /dev/ttyACM0, Baud: 921600, Timeout: 35.000s after WCAN_TEST_START

# UART boot config: wcan v=1 role=sensor transport=MULTICAST test_duration_ms=30000 host_wait_time_ms=5000 base=0xd0 count=3 hz=1000 linger=100
[2026-05-23 20:38:12.594] ESP-ROM:esp32c3-api1-20210207
[2026-05-23 20:38:12.601] Build:Feb  7 2021
[2026-05-23 20:38:12.620] rst:0x15 (USB_UART_CHIP_RESET),boot:0xd (SPI_FAST_FLASH_BOOT)
[2026-05-23 20:38:12.624] Saved PC:0x40384eba
[2026-05-23 20:38:12.632] SPIWP:0xee
[2026-05-23 20:38:12.632] mode:DIO, clock div:1
[2026-05-23 20:38:12.633] load:0x3fcd5820,len:0x1574
[2026-05-23 20:38:12.634] load:0x403cc710,len:0xc30
[2026-05-23 20:38:12.649] load:0x403ce710,len:0x2fa0
[2026-05-23 20:38:12.655] entry 0x403cc71a
[2026-05-23 20:38:12.661] I (24) boot: ESP-IDF v5.4.1 2nd stage bootloader
[2026-05-23 20:38:12.662] I (24) boot: compile time May 19 2026 23:41:33
[2026-05-23 20:38:12.667] I (25) boot: chip revision: v0.4
[2026-05-23 20:38:12.672] I (25) boot: efuse block revision: v1.3
[2026-05-23 20:38:12.675] I (25) boot.esp32c3: SPI Speed      : 80MHz
[2026-05-23 20:38:12.678] I (25) boot.esp32c3: SPI Mode       : DIO
[2026-05-23 20:38:12.695] I (26) boot.esp32c3: SPI Flash Size : 2MB
[2026-05-23 20:38:12.700] I (26) boot: Enabling RNG early entropy source...
[2026-05-23 20:38:12.701] I (27) boot: Partition Table:
[2026-05-23 20:38:12.716] I (27) boot: ## Label            Usage          Type ST Offset   Length
[2026-05-23 20:38:12.728] I (28) boot:  0 nvs              WiFi data        01 02 00009000 00006000
[2026-05-23 20:38:12.735] I (29) boot:  1 phy_init         RF data          01 01 0000f000 00001000
[2026-05-23 20:38:12.743] I (29) boot:  2 factory          factory app      00 00 00010000 00100000
[2026-05-23 20:38:12.744] I (30) boot: End of partition table
[2026-05-23 20:38:12.755] I (31) esp_image: segment 0: paddr=00010020 vaddr=3c0a0020 size=19850h (104528) map
[2026-05-23 20:38:12.759] I (48) esp_image: segment 1: paddr=00029878 vaddr=3fc95000 size=02da0h ( 11680) load
[2026-05-23 20:38:12.764] I (51) esp_image: segment 2: paddr=0002c620 vaddr=40380000 size=039f8h ( 14840) load
[2026-05-23 20:38:12.772] I (54) esp_image: segment 3: paddr=00030020 vaddr=42000020 size=990b4h (626868) map
[2026-05-23 20:38:12.773] I (154) esp_image: segment 4: paddr=000c90dc vaddr=403839f8 size=114f8h ( 70904) load
[2026-05-23 20:38:12.774] I (168) esp_image: segment 5: paddr=000da5dc vaddr=50000200 size=0001ch (    28) load
[2026-05-23 20:38:12.775] I (175) boot: Loaded app from partition at offset 0x10000
[2026-05-23 20:38:12.776] I (175) boot: Disabling RNG early entropy source...
[2026-05-23 20:38:12.777] I (176) cpu_start: Unicore app
[2026-05-23 20:38:12.778] I (185) cpu_start: Pro cpu start user code
[2026-05-23 20:38:12.779] I (185) cpu_start: cpu freq: 160000000 Hz
[2026-05-23 20:38:12.779] I (185) app_init: Application information:
[2026-05-23 20:38:12.780] I (185) app_init: Project name:     sensor_acquirer
[2026-05-23 20:38:12.781] I (185) app_init: App version:      v1.0-171-gbbe0783
[2026-05-23 20:38:12.782] I (186) app_init: Compile time:     May 23 2026 14:30:40
[2026-05-23 20:38:12.783] I (186) app_init: ELF file SHA256:  0e7d705e7...
[2026-05-23 20:38:12.784] I (187) app_init: ESP-IDF:          v5.4.1
[2026-05-23 20:38:12.785] I (187) efuse_init: Min chip rev:     v0.3
[2026-05-23 20:38:12.786] I (188) efuse_init: Max chip rev:     v1.99
[2026-05-23 20:38:12.786] I (188) efuse_init: Chip rev:         v0.4
[2026-05-23 20:38:12.788] I (189) heap_init: Initializing. RAM available for dynamic allocation:
[2026-05-23 20:38:12.789] I (190) heap_init: At 3FC9C130 len 00023ED0 (143 KiB): RAM
[2026-05-23 20:38:12.790] I (190) heap_init: At 3FCC0000 len 0001C710 (113 KiB): Retention RAM
[2026-05-23 20:38:12.791] I (191) heap_init: At 3FCDC710 len 00002950 (10 KiB): Retention RAM
[2026-05-23 20:38:12.792] I (192) heap_init: At 5000021C len 00001DCC (7 KiB): RTCRAM
[2026-05-23 20:38:12.792] I (193) spi_flash: detected chip: generic
[2026-05-23 20:38:12.792] I (193) spi_flash: flash io: dio
[2026-05-23 20:38:12.793] W (194) spi_flash: Detected size(4096k) larger than the size in the binary image header(2048k). Using the size in the binary image header.
[2026-05-23 20:38:12.793] I (195) sleep_gpio: Configure to isolate all GPIO pins in sleep state
[2026-05-23 20:38:12.794] I (196) sleep_gpio: Enable automatic switching of GPIO sleep configuration
[2026-05-23 20:38:12.794] I (197) main_task: Started on CPU0
[2026-05-23 20:38:12.794] I (197) main_task: Calling app_main()
[2026-05-23 20:38:12.794] WCAN_CFG_WAIT v=1
# UART boot config sent: wcan v=1 role=sensor transport=MULTICAST test_duration_ms=30000 host_wait_time_ms=5000 base=0xd0 count=3 hz=1000 linger=100
[2026-05-23 20:38:12.794] WCAN_CFG_WAIT v=1
[2026-05-23 20:38:15.266] WCAN_CFG_ACK
[2026-05-23 20:38:15.266] WCAN_CFG_ACK
[2026-05-23 20:38:15.272] I (2882) pp: pp rom version: 9387209
[2026-05-23 20:38:15.273] I (2883) net80211: net80211 rom version: 9387209
[2026-05-23 20:38:15.274] I (2884) wifi:wifi driver task: 3fca7594, prio:23, stack:6656, core=0
[2026-05-23 20:38:15.277] I (2888) wifi:wifi firmware version: 79fa3f41ba
[2026-05-23 20:38:15.278] I (2888) wifi:wifi certification version: v7.0
[2026-05-23 20:38:15.279] I (2888) wifi:config NVS flash: enabled
[2026-05-23 20:38:15.280] I (2888) wifi:config nano formatting: disabled
[2026-05-23 20:38:15.281] I (2889) wifi:Init data frame dynamic rx buffer num: 32
[2026-05-23 20:38:15.282] I (2889) wifi:Init static rx mgmt buffer num: 5
[2026-05-23 20:38:15.283] I (2890) wifi:Init management short buffer num: 32
[2026-05-23 20:38:15.284] I (2890) wifi:Init dynamic tx buffer num: 32
[2026-05-23 20:38:15.285] I (2891) wifi:Init static tx FG buffer num: 2
[2026-05-23 20:38:15.286] I (2891) wifi:Init static rx buffer size: 1600
[2026-05-23 20:38:15.287] I (2892) wifi:Init static rx buffer num: 10
[2026-05-23 20:38:15.288] I (2892) wifi:Init dynamic rx buffer num: 32
[2026-05-23 20:38:15.289] I (2893) wifi_init: rx ba win: 6
[2026-05-23 20:38:15.290] I (2894) wifi_init: accept mbox: 6
[2026-05-23 20:38:15.291] I (2894) wifi_init: tcpip mbox: 32
[2026-05-23 20:38:15.291] I (2894) wifi_init: udp mbox: 6
[2026-05-23 20:38:15.292] I (2894) wifi_init: tcp mbox: 6
[2026-05-23 20:38:15.293] I (2895) wifi_init: tcp tx win: 5760
[2026-05-23 20:38:15.294] I (2895) wifi_init: tcp rx win: 5760
[2026-05-23 20:38:15.294] I (2896) wifi_init: tcp mss: 1440
[2026-05-23 20:38:15.295] I (2896) wifi_init: WiFi IRAM OP enabled
[2026-05-23 20:38:15.295] I (2896) wifi_init: WiFi RX IRAM OP enabled
[2026-05-23 20:38:15.296] I (2897) phy_init: phy_version 1200,2b7123f9,Feb 18 2025,15:22:21
[2026-05-23 20:38:15.320] I (2931) wifi:mode : sta (54:32:04:8c:0b:8c)
[2026-05-23 20:38:15.321] I (2931) wifi:enable tsf
[2026-05-23 20:38:15.324] I (2934) ESPNOW: espnow [version: 2.0] init
[2026-05-23 20:38:15.325] WCAN_TEST_READY role=sensor
# Waiting for phased test start
# UART test start sent: WCAN_TEST_START at 2026-05-23T20:38:15.338011
[2026-05-23 20:38:45.692] WCAN_BATCH id=0xd0 count=297 avg_hz=9.90 avg_points=101.00 min_points=101 max_points=101 avg_interval_ms=101.00 min_interval_ms=100.94 max_interval_ms=101.02 avg_dispatch_ms=15.04 max_dispatch_ms=62.26 dispatched_count=297 avg_queue_wait_ms=0.15 max_queue_wait_ms=0.29
[2026-05-23 20:38:45.709] WCAN_BATCH id=0xd1 count=297 avg_hz=9.90 avg_points=101.00 min_points=101 max_points=101 avg_interval_ms=101.00 min_interval_ms=100.93 max_interval_ms=101.04 avg_dispatch_ms=11.68 max_dispatch_ms=51.45 dispatched_count=297 avg_queue_wait_ms=15.26 max_queue_wait_ms=62.50
[2026-05-23 20:38:45.712] WCAN_BATCH id=0xd2 count=297 avg_hz=9.90 avg_points=101.00 min_points=101 max_points=101 avg_interval_ms=101.00 min_interval_ms=100.93 max_interval_ms=101.04 avg_dispatch_ms=13.25 max_dispatch_ms=54.16 dispatched_count=297 avg_queue_wait_ms=27.02 max_queue_wait_ms=69.72
[2026-05-23 20:38:45.712] WCAN_SENSOR_END generated=29998 avg_hz=1000.00
[2026-05-23 20:38:45.713] WCAN_MEASURES elapsed_ms=29999 heap_start_free=66296 heap_end_free=81104 heap_start_min_free=66280 heap_end_min_free=63596 heap_start_largest=47104 heap_end_largest=47104 airtime_us_total=11859680 packets_sent_total=891 sensor_send_failures_total=0
[2026-05-23 20:38:45.714] WCAN_TEST_END role=sensor

# Monitor stopped: 2026-05-23T20:38:45.714031
