# Monitor started: 2026-05-23T16:44:51.198776
# Port: /dev/ttyACM1, Baud: 921600, Timeout: 35.000s after WCAN_TEST_START

# UART boot config: wcan v=1 role=sensor transport=BROADCAST test_duration_ms=30000 host_wait_time_ms=5000 base=0xe0 count=1 hz=10 linger=0
[2026-05-23 16:44:51.210] ESP-ROM:esp32c3-api1-20210207
[2026-05-23 16:44:51.218] Build:Feb  7 2021
[2026-05-23 16:44:51.235] rst:0x15 (USB_UART_CHIP_RESET),boot:0xd (SPI_FAST_FLASH_BOOT)
[2026-05-23 16:44:51.237] Saved PC:0x40384eba
[2026-05-23 16:44:51.241] SPIWP:0xee
[2026-05-23 16:44:51.246] mode:DIO, clock div:1
[2026-05-23 16:44:51.255] load:0x3fcd5820,len:0x1574
[2026-05-23 16:44:51.263] load:0x403cc710,len:0xc30
[2026-05-23 16:44:51.264] load:0x403ce710,len:0x2fa0
[2026-05-23 16:44:51.265] entry 0x403cc71a
[2026-05-23 16:44:51.270] I (24) boot: ESP-IDF v5.4.1 2nd stage bootloader
[2026-05-23 16:44:51.281] I (24) boot: compile time May 20 2026 00:05:32
[2026-05-23 16:44:51.284] I (25) boot: chip revision: v0.4
[2026-05-23 16:44:51.289] I (25) boot: efuse block revision: v1.3
[2026-05-23 16:44:51.290] I (25) boot.esp32c3: SPI Speed      : 80MHz
[2026-05-23 16:44:51.293] I (25) boot.esp32c3: SPI Mode       : DIO
[2026-05-23 16:44:51.297] I (26) boot.esp32c3: SPI Flash Size : 2MB
[2026-05-23 16:44:51.303] I (26) boot: Enabling RNG early entropy source...
[2026-05-23 16:44:51.305] I (27) boot: Partition Table:
[2026-05-23 16:44:51.309] I (27) boot: ## Label            Usage          Type ST Offset   Length
[2026-05-23 16:44:51.311] I (28) boot:  0 nvs              WiFi data        01 02 00009000 00006000
[2026-05-23 16:44:51.315] I (29) boot:  1 phy_init         RF data          01 01 0000f000 00001000
[2026-05-23 16:44:51.321] I (29) boot:  2 factory          factory app      00 00 00010000 00100000
[2026-05-23 16:44:51.326] I (30) boot: End of partition table
[2026-05-23 16:44:51.329] I (31) esp_image: segment 0: paddr=00010020 vaddr=3c0a0020 size=1977ch (104316) map
[2026-05-23 16:44:51.333] I (48) esp_image: segment 1: paddr=000297a4 vaddr=3fc95200 size=02da0h ( 11680) load
[2026-05-23 16:44:51.337] I (51) esp_image: segment 2: paddr=0002c54c vaddr=40380000 size=03acch ( 15052) load
[2026-05-23 16:44:51.342] I (54) esp_image: segment 3: paddr=00030020 vaddr=42000020 size=9942ch (627756) map
[2026-05-23 16:44:51.345] I (154) esp_image: segment 4: paddr=000c9454 vaddr=40383acc size=11614h ( 71188) load
[2026-05-23 16:44:51.356] I (168) esp_image: segment 5: paddr=000daa70 vaddr=50000200 size=0001ch (    28) load
[2026-05-23 16:44:51.358] I (175) boot: Loaded app from partition at offset 0x10000
[2026-05-23 16:44:51.360] I (175) boot: Disabling RNG early entropy source...
[2026-05-23 16:44:51.361] I (176) cpu_start: Unicore app
[2026-05-23 16:44:51.365] I (185) cpu_start: Pro cpu start user code
[2026-05-23 16:44:51.366] I (185) cpu_start: cpu freq: 160000000 Hz
[2026-05-23 16:44:51.367] I (185) app_init: Application information:
[2026-05-23 16:44:51.368] I (185) app_init: Project name:     sensor_acquirer
[2026-05-23 16:44:51.370] I (185) app_init: App version:      v1.0-171-gbbe0783
[2026-05-23 16:44:51.374] I (186) app_init: Compile time:     May 23 2026 14:30:31
[2026-05-23 16:44:51.375] I (187) app_init: ELF file SHA256:  493679023...
[2026-05-23 16:44:51.376] I (187) app_init: ESP-IDF:          v5.4.1
[2026-05-23 16:44:51.377] I (188) efuse_init: Min chip rev:     v0.3
[2026-05-23 16:44:51.379] I (188) efuse_init: Max chip rev:     v1.99
[2026-05-23 16:44:51.380] I (189) efuse_init: Chip rev:         v0.4
[2026-05-23 16:44:51.382] I (189) heap_init: Initializing. RAM available for dynamic allocation:
[2026-05-23 16:44:51.384] I (190) heap_init: At 3FC9C340 len 00023CC0 (143 KiB): RAM
[2026-05-23 16:44:51.385] I (191) heap_init: At 3FCC0000 len 0001C710 (113 KiB): Retention RAM
[2026-05-23 16:44:51.386] I (191) heap_init: At 3FCDC710 len 00002950 (10 KiB): Retention RAM
[2026-05-23 16:44:51.387] I (192) heap_init: At 5000021C len 00001DCC (7 KiB): RTCRAM
[2026-05-23 16:44:51.388] I (194) spi_flash: detected chip: generic
[2026-05-23 16:44:51.389] I (194) spi_flash: flash io: dio
[2026-05-23 16:44:51.391] W (194) spi_flash: Detected size(4096k) larger than the size in the binary image header(2048k). Using the size in the binary image header.
[2026-05-23 16:44:51.392] I (196) sleep_gpio: Configure to isolate all GPIO pins in sleep state
[2026-05-23 16:44:51.394] I (196) sleep_gpio: Enable automatic switching of GPIO sleep configuration
[2026-05-23 16:44:51.395] I (197) main_task: Started on CPU0
[2026-05-23 16:44:51.395] I (197) main_task: Calling app_main()
[2026-05-23 16:44:51.396] WCAN_CFG_WAIT v=1
# UART boot config sent: wcan v=1 role=sensor transport=BROADCAST test_duration_ms=30000 host_wait_time_ms=5000 base=0xe0 count=1 hz=10 linger=0
[2026-05-23 16:44:51.397] WCAN_CFG_WAIT v=1
[2026-05-23 16:44:53.775] WCAN_CFG_ACK
[2026-05-23 16:44:53.776] WCAN_CFG_ACK
[2026-05-23 16:44:53.780] I (2781) pp: pp rom version: 9387209
[2026-05-23 16:44:53.781] I (2782) net80211: net80211 rom version: 9387209
[2026-05-23 16:44:53.782] I (2783) wifi:wifi driver task: 3fca7720, prio:23, stack:6656, core=0
[2026-05-23 16:44:53.786] I (2787) wifi:wifi firmware version: 79fa3f41ba
[2026-05-23 16:44:53.787] I (2787) wifi:wifi certification version: v7.0
[2026-05-23 16:44:53.787] I (2787) wifi:config NVS flash: enabled
[2026-05-23 16:44:53.788] I (2787) wifi:config nano formatting: disabled
[2026-05-23 16:44:53.789] I (2788) wifi:Init data frame dynamic rx buffer num: 32
[2026-05-23 16:44:53.789] I (2788) wifi:Init static rx mgmt buffer num: 5
[2026-05-23 16:44:53.790] I (2789) wifi:Init management short buffer num: 32
[2026-05-23 16:44:53.790] I (2789) wifi:Init dynamic tx buffer num: 32
[2026-05-23 16:44:53.791] I (2790) wifi:Init static tx FG buffer num: 2
[2026-05-23 16:44:53.791] I (2790) wifi:Init static rx buffer size: 1600
[2026-05-23 16:44:53.792] I (2791) wifi:Init static rx buffer num: 10
[2026-05-23 16:44:53.792] I (2791) wifi:Init dynamic rx buffer num: 32
[2026-05-23 16:44:53.793] I (2792) wifi_init: rx ba win: 6
[2026-05-23 16:44:53.793] I (2793) wifi_init: accept mbox: 6
[2026-05-23 16:44:53.794] I (2793) wifi_init: tcpip mbox: 32
[2026-05-23 16:44:53.794] I (2793) wifi_init: udp mbox: 6
[2026-05-23 16:44:53.794] I (2793) wifi_init: tcp mbox: 6
[2026-05-23 16:44:53.795] I (2794) wifi_init: tcp tx win: 5760
[2026-05-23 16:44:53.795] I (2794) wifi_init: tcp rx win: 5760
[2026-05-23 16:44:53.795] I (2795) wifi_init: tcp mss: 1440
[2026-05-23 16:44:53.796] I (2795) wifi_init: WiFi IRAM OP enabled
[2026-05-23 16:44:53.796] I (2795) wifi_init: WiFi RX IRAM OP enabled
[2026-05-23 16:44:53.797] I (2796) phy_init: phy_version 1200,2b7123f9,Feb 18 2025,15:22:21
[2026-05-23 16:44:53.830] I (2830) wifi:mode : sta (74:4d:bd:e1:d5:b8)
[2026-05-23 16:44:53.831] I (2831) wifi:enable tsf
[2026-05-23 16:44:53.834] I (2833) ESPNOW: espnow [version: 2.0] init
[2026-05-23 16:44:53.834] WCAN_TEST_READY role=sensor
# Waiting for phased test start
# UART test start sent: WCAN_TEST_START at 2026-05-23T16:44:53.848785
[2026-05-23 16:44:56.015] P(FAIL):4819:e0:14:14:14:1
[2026-05-23 16:44:57.075] P(FAIL):5879:e0:24:24:24:1
[2026-05-23 16:44:59.725] P(FAIL):8529:e0:52:52:52:1
[2026-05-23 16:45:01.253] P(FAIL):10057:e0:66:66:66:1
[2026-05-23 16:45:05.539] P(FAIL):14343:e0:109:109:109:1
[2026-05-23 16:45:06.712] P(FAIL):15516:e0:121:121:121:1
[2026-05-23 16:45:11.483] P(FAIL):20287:e0:169:169:169:1
[2026-05-23 16:45:13.049] P(FAIL):21853:e0:185:185:185:1
[2026-05-23 16:45:13.368] P(FAIL):22172:e0:187:187:187:1
[2026-05-23 16:45:14.056] P(FAIL):22859:e0:194:194:194:1
[2026-05-23 16:45:14.846] P(FAIL):23649:e0:203:203:203:1
[2026-05-23 16:45:22.602] P(FAIL):31406:e0:280:280:280:1
[2026-05-23 16:45:24.183] P(FAIL):32986:e0:296:296:296:1
[2026-05-23 16:45:24.982] P(FAIL):33786:e0:297:297:297:1
[2026-05-23 16:45:25.159] WCAN_BATCH id=0xe0 count=299 avg_hz=10.00 avg_points=1.00 min_points=1 max_points=1 avg_interval_ms=100.00 min_interval_ms=99.98 max_interval_ms=100.02 avg_dispatch_ms=1.44 max_dispatch_ms=5.79 dispatched_count=338 avg_queue_wait_ms=38.64 max_queue_wait_ms=321.23
[2026-05-23 16:45:25.160] WCAN_SENSOR_END generated=298 avg_hz=9.97
[2026-05-23 16:45:25.165] WCAN_MEASURES elapsed_ms=29999 heap_start_free=126780 heap_end_free=141568 heap_start_min_free=126760 heap_end_min_free=126488 heap_start_largest=98304 heap_end_largest=98304 airtime_us_total=482816 packets_sent_total=338 sensor_send_failures_total=0
[2026-05-23 16:45:25.165] WCAN_TEST_END role=sensor

# Monitor stopped: 2026-05-23T16:45:25.165694
