# Monitor started: 2026-05-23T15:16:30.201105
# Port: /dev/ttyACM0, Baud: 921600, Timeout: 35.000s after WCAN_TEST_START

# UART boot config: wcan v=1 role=sensor transport=BROADCAST test_duration_ms=30000 host_wait_time_ms=5000 base=0xd0 count=1 hz=750 linger=100
[2026-05-23 15:16:30.211] ESP-ROM:esp32c3-api1-20210207
[2026-05-23 15:16:30.220] Build:Feb  7 2021
[2026-05-23 15:16:30.236] rst:0x15 (USB_UART_CHIP_RESET),boot:0xd (SPI_FAST_FLASH_BOOT)
[2026-05-23 15:16:30.242] Saved PC:0x40384eba
[2026-05-23 15:16:30.247] SPIWP:0xee
[2026-05-23 15:16:30.255] mode:DIO, clock div:1
[2026-05-23 15:16:30.262] load:0x3fcd5820,len:0x1574
[2026-05-23 15:16:30.267] load:0x403cc710,len:0xc30
[2026-05-23 15:16:30.273] load:0x403ce710,len:0x2fa0
[2026-05-23 15:16:30.274] entry 0x403cc71a
[2026-05-23 15:16:30.283] I (24) boot: ESP-IDF v5.4.1 2nd stage bootloader
[2026-05-23 15:16:30.288] I (24) boot: compile time May 20 2026 00:05:32
[2026-05-23 15:16:30.289] I (25) boot: chip revision: v0.4
[2026-05-23 15:16:30.290] I (25) boot: efuse block revision: v1.3
[2026-05-23 15:16:30.296] I (25) boot.esp32c3: SPI Speed      : 80MHz
[2026-05-23 15:16:30.302] I (25) boot.esp32c3: SPI Mode       : DIO
[2026-05-23 15:16:30.310] I (26) boot.esp32c3: SPI Flash Size : 2MB
[2026-05-23 15:16:30.311] I (26) boot: Enabling RNG early entropy source...
[2026-05-23 15:16:30.312] I (27) boot: Partition Table:
[2026-05-23 15:16:30.327] I (27) boot: ## Label            Usage          Type ST Offset   Length
[2026-05-23 15:16:30.330] I (28) boot:  0 nvs              WiFi data        01 02 00009000 00006000
[2026-05-23 15:16:30.334] I (29) boot:  1 phy_init         RF data          01 01 0000f000 00001000
[2026-05-23 15:16:30.339] I (29) boot:  2 factory          factory app      00 00 00010000 00100000
[2026-05-23 15:16:30.344] I (30) boot: End of partition table
[2026-05-23 15:16:30.346] I (31) esp_image: segment 0: paddr=00010020 vaddr=3c0a0020 size=1977ch (104316) map
[2026-05-23 15:16:30.347] I (48) esp_image: segment 1: paddr=000297a4 vaddr=3fc95200 size=02da0h ( 11680) load
[2026-05-23 15:16:30.350] I (51) esp_image: segment 2: paddr=0002c54c vaddr=40380000 size=03acch ( 15052) load
[2026-05-23 15:16:30.355] I (54) esp_image: segment 3: paddr=00030020 vaddr=42000020 size=9942ch (627756) map
[2026-05-23 15:16:30.361] I (154) esp_image: segment 4: paddr=000c9454 vaddr=40383acc size=11614h ( 71188) load
[2026-05-23 15:16:30.366] I (168) esp_image: segment 5: paddr=000daa70 vaddr=50000200 size=0001ch (    28) load
[2026-05-23 15:16:30.368] I (175) boot: Loaded app from partition at offset 0x10000
[2026-05-23 15:16:30.371] I (175) boot: Disabling RNG early entropy source...
[2026-05-23 15:16:30.372] I (176) cpu_start: Unicore app
[2026-05-23 15:16:30.374] I (185) cpu_start: Pro cpu start user code
[2026-05-23 15:16:30.376] I (185) cpu_start: cpu freq: 160000000 Hz
[2026-05-23 15:16:30.379] I (185) app_init: Application information:
[2026-05-23 15:16:30.382] I (185) app_init: Project name:     sensor_acquirer
[2026-05-23 15:16:30.385] I (185) app_init: App version:      v1.0-171-gbbe0783
[2026-05-23 15:16:30.387] I (186) app_init: Compile time:     May 23 2026 14:30:31
[2026-05-23 15:16:30.392] I (186) app_init: ELF file SHA256:  493679023...
[2026-05-23 15:16:30.393] I (187) app_init: ESP-IDF:          v5.4.1
[2026-05-23 15:16:30.395] I (187) efuse_init: Min chip rev:     v0.3
[2026-05-23 15:16:30.395] I (188) efuse_init: Max chip rev:     v1.99
[2026-05-23 15:16:30.396] I (188) efuse_init: Chip rev:         v0.4
[2026-05-23 15:16:30.397] I (189) heap_init: Initializing. RAM available for dynamic allocation:
[2026-05-23 15:16:30.398] I (190) heap_init: At 3FC9C340 len 00023CC0 (143 KiB): RAM
[2026-05-23 15:16:30.399] I (190) heap_init: At 3FCC0000 len 0001C710 (113 KiB): Retention RAM
[2026-05-23 15:16:30.400] I (191) heap_init: At 3FCDC710 len 00002950 (10 KiB): Retention RAM
[2026-05-23 15:16:30.400] I (192) heap_init: At 5000021C len 00001DCC (7 KiB): RTCRAM
[2026-05-23 15:16:30.404] I (193) spi_flash: detected chip: generic
[2026-05-23 15:16:30.405] I (194) spi_flash: flash io: dio
[2026-05-23 15:16:30.407] W (194) spi_flash: Detected size(4096k) larger than the size in the binary image header(2048k). Using the size in the binary image header.
[2026-05-23 15:16:30.407] I (195) sleep_gpio: Configure to isolate all GPIO pins in sleep state
[2026-05-23 15:16:30.408] I (196) sleep_gpio: Enable automatic switching of GPIO sleep configuration
[2026-05-23 15:16:30.408] I (197) main_task: Started on CPU0
[2026-05-23 15:16:30.408] I (197) main_task: Calling app_main()
[2026-05-23 15:16:30.408] WCAN_CFG_WAIT v=1
# UART boot config sent: wcan v=1 role=sensor transport=BROADCAST test_duration_ms=30000 host_wait_time_ms=5000 base=0xd0 count=1 hz=750 linger=100
[2026-05-23 15:16:30.409] WCAN_CFG_WAIT v=1
[2026-05-23 15:16:32.860] WCAN_CFG_ACK
[2026-05-23 15:16:32.861] WCAN_CFG_ACK
[2026-05-23 15:16:32.868] I (2862) pp: pp rom version: 9387209
[2026-05-23 15:16:32.872] I (2863) net80211: net80211 rom version: 9387209
[2026-05-23 15:16:32.877] I (2864) wifi:wifi driver task: 3fca77a4, prio:23, stack:6656, core=0
[2026-05-23 15:16:32.881] I (2868) wifi:wifi firmware version: 79fa3f41ba
[2026-05-23 15:16:32.885] I (2868) wifi:wifi certification version: v7.0
[2026-05-23 15:16:32.888] I (2868) wifi:config NVS flash: enabled
[2026-05-23 15:16:32.891] I (2868) wifi:config nano formatting: disabled
[2026-05-23 15:16:32.896] I (2869) wifi:Init data frame dynamic rx buffer num: 32
[2026-05-23 15:16:32.898] I (2869) wifi:Init static rx mgmt buffer num: 5
[2026-05-23 15:16:32.900] I (2870) wifi:Init management short buffer num: 32
[2026-05-23 15:16:32.902] I (2870) wifi:Init dynamic tx buffer num: 32
[2026-05-23 15:16:32.904] I (2871) wifi:Init static tx FG buffer num: 2
[2026-05-23 15:16:32.906] I (2871) wifi:Init static rx buffer size: 1600
[2026-05-23 15:16:32.907] I (2872) wifi:Init static rx buffer num: 10
[2026-05-23 15:16:32.909] I (2872) wifi:Init dynamic rx buffer num: 32
[2026-05-23 15:16:32.910] I (2873) wifi_init: rx ba win: 6
[2026-05-23 15:16:32.911] I (2874) wifi_init: accept mbox: 6
[2026-05-23 15:16:32.912] I (2874) wifi_init: tcpip mbox: 32
[2026-05-23 15:16:32.913] I (2874) wifi_init: udp mbox: 6
[2026-05-23 15:16:32.914] I (2874) wifi_init: tcp mbox: 6
[2026-05-23 15:16:32.915] I (2875) wifi_init: tcp tx win: 5760
[2026-05-23 15:16:32.916] I (2875) wifi_init: tcp rx win: 5760
[2026-05-23 15:16:32.917] I (2876) wifi_init: tcp mss: 1440
[2026-05-23 15:16:32.918] I (2876) wifi_init: WiFi IRAM OP enabled
[2026-05-23 15:16:32.919] I (2876) wifi_init: WiFi RX IRAM OP enabled
[2026-05-23 15:16:32.920] I (2877) phy_init: phy_version 1200,2b7123f9,Feb 18 2025,15:22:21
[2026-05-23 15:16:32.921] I (2910) wifi:mode : sta (54:32:04:8c:0b:8c)
[2026-05-23 15:16:32.922] I (2911) wifi:enable tsf
[2026-05-23 15:16:32.922] I (2914) ESPNOW: espnow [version: 2.0] init
[2026-05-23 15:16:32.923] WCAN_TEST_READY role=sensor
# Waiting for phased test start
# UART test start sent: WCAN_TEST_START at 2026-05-23T15:16:32.934580
[2026-05-23 15:16:34.064] P(FAIL):3866:d0:4:304:379:76
[2026-05-23 15:16:35.324] P(FAIL):5126:d0:16:1216:1291:76
[2026-05-23 15:16:41.037] P(FAIL):10839:d0:72:5472:5547:76
[2026-05-23 15:16:44.244] P(FAIL):14045:d0:104:7904:7979:76
[2026-05-23 15:16:45.963] P(FAIL):15764:d0:121:9196:9271:76
[2026-05-23 15:16:49.113] P(FAIL):18914:d0:152:11552:11627:76
[2026-05-23 15:16:51.170] P(FAIL):20972:d0:173:13148:13223:76
[2026-05-23 15:16:51.558] P(FAIL):21359:d0:174:13224:13299:76
[2026-05-23 15:16:54.084] P(FAIL):23885:d0:202:15352:15427:76
[2026-05-23 15:16:54.575] P(FAIL):24377:d0:206:15656:15731:76
[2026-05-23 15:17:03.536] P(FAIL):33337:d0:293:22268:22343:76
[2026-05-23 15:17:04.248] WCAN_BATCH id=0xd0 count=297 avg_hz=9.87 avg_points=75.77 min_points=9 max_points=76 avg_interval_ms=101.31 min_interval_ms=101.24 max_interval_ms=101.39 avg_dispatch_ms=3.87 max_dispatch_ms=9.67 dispatched_count=329 avg_queue_wait_ms=39.75 max_queue_wait_ms=513.83
[2026-05-23 15:17:04.251] WCAN_SENSOR_END generated=22504 avg_hz=750.19
[2026-05-23 15:17:04.266] WCAN_MEASURES elapsed_ms=29999 heap_start_free=126648 heap_end_free=141436 heap_start_min_free=126648 heap_end_min_free=125760 heap_start_largest=98304 heap_end_largest=98304 airtime_us_total=1268447 packets_sent_total=329 sensor_send_failures_total=0
[2026-05-23 15:17:04.268] WCAN_TEST_END role=sensor

# Monitor stopped: 2026-05-23T15:17:04.268876
