# Monitor started: 2026-05-23T15:16:30.200734
# Port: /dev/ttyACM1, Baud: 921600, Timeout: 35.000s after WCAN_TEST_START

# UART boot config: wcan v=1 role=sensor transport=BROADCAST test_duration_ms=30000 host_wait_time_ms=5000 base=0xe0 count=1 hz=750 linger=100
[2026-05-23 15:16:30.207] ESP-ROM:esp32c3-api1-20210207
[2026-05-23 15:16:30.216] Build:Feb  7 2021
[2026-05-23 15:16:30.240] rst:0x15 (USB_UART_CHIP_RESET),boot:0xd (SPI_FAST_FLASH_BOOT)
[2026-05-23 15:16:30.245] Saved PC:0x40384eba
[2026-05-23 15:16:30.249] SPIWP:0xee
[2026-05-23 15:16:30.252] mode:DIO, clock div:1
[2026-05-23 15:16:30.255] load:0x3fcd5820,len:0x1574
[2026-05-23 15:16:30.258] load:0x403cc710,len:0xc30
[2026-05-23 15:16:30.259] load:0x403ce710,len:0x2fa0
[2026-05-23 15:16:30.260] entry 0x403cc71a
[2026-05-23 15:16:30.263] I (24) boot: ESP-IDF v5.4.1 2nd stage bootloader
[2026-05-23 15:16:30.264] I (24) boot: compile time May 20 2026 00:05:32
[2026-05-23 15:16:30.265] I (25) boot: chip revision: v0.4
[2026-05-23 15:16:30.268] I (25) boot: efuse block revision: v1.3
[2026-05-23 15:16:30.270] I (25) boot.esp32c3: SPI Speed      : 80MHz
[2026-05-23 15:16:30.271] I (25) boot.esp32c3: SPI Mode       : DIO
[2026-05-23 15:16:30.273] I (26) boot.esp32c3: SPI Flash Size : 2MB
[2026-05-23 15:16:30.276] I (26) boot: Enabling RNG early entropy source...
[2026-05-23 15:16:30.277] I (27) boot: Partition Table:
[2026-05-23 15:16:30.280] I (27) boot: ## Label            Usage          Type ST Offset   Length
[2026-05-23 15:16:30.281] I (28) boot:  0 nvs              WiFi data        01 02 00009000 00006000
[2026-05-23 15:16:30.285] I (29) boot:  1 phy_init         RF data          01 01 0000f000 00001000
[2026-05-23 15:16:30.288] I (29) boot:  2 factory          factory app      00 00 00010000 00100000
[2026-05-23 15:16:30.291] I (30) boot: End of partition table
[2026-05-23 15:16:30.301] I (31) esp_image: segment 0: paddr=00010020 vaddr=3c0a0020 size=1977ch (104316) map
[2026-05-23 15:16:30.305] I (48) esp_image: segment 1: paddr=000297a4 vaddr=3fc95200 size=02da0h ( 11680) load
[2026-05-23 15:16:30.307] I (51) esp_image: segment 2: paddr=0002c54c vaddr=40380000 size=03acch ( 15052) load
[2026-05-23 15:16:30.310] I (54) esp_image: segment 3: paddr=00030020 vaddr=42000020 size=9942ch (627756) map
[2026-05-23 15:16:30.315] I (154) esp_image: segment 4: paddr=000c9454 vaddr=40383acc size=11614h ( 71188) load
[2026-05-23 15:16:30.319] I (168) esp_image: segment 5: paddr=000daa70 vaddr=50000200 size=0001ch (    28) load
[2026-05-23 15:16:30.321] I (175) boot: Loaded app from partition at offset 0x10000
[2026-05-23 15:16:30.326] I (175) boot: Disabling RNG early entropy source...
[2026-05-23 15:16:30.327] I (176) cpu_start: Unicore app
[2026-05-23 15:16:30.329] I (185) cpu_start: Pro cpu start user code
[2026-05-23 15:16:30.332] I (185) cpu_start: cpu freq: 160000000 Hz
[2026-05-23 15:16:30.335] I (185) app_init: Application information:
[2026-05-23 15:16:30.336] I (185) app_init: Project name:     sensor_acquirer
[2026-05-23 15:16:30.340] I (185) app_init: App version:      v1.0-171-gbbe0783
[2026-05-23 15:16:30.342] I (186) app_init: Compile time:     May 23 2026 14:30:31
[2026-05-23 15:16:30.343] I (187) app_init: ELF file SHA256:  493679023...
[2026-05-23 15:16:30.351] I (187) app_init: ESP-IDF:          v5.4.1
[2026-05-23 15:16:30.352] I (188) efuse_init: Min chip rev:     v0.3
[2026-05-23 15:16:30.354] I (188) efuse_init: Max chip rev:     v1.99
[2026-05-23 15:16:30.356] I (189) efuse_init: Chip rev:         v0.4
[2026-05-23 15:16:30.359] I (189) heap_init: Initializing. RAM available for dynamic allocation:
[2026-05-23 15:16:30.364] I (190) heap_init: At 3FC9C340 len 00023CC0 (143 KiB): RAM
[2026-05-23 15:16:30.368] I (190) heap_init: At 3FCC0000 len 0001C710 (113 KiB): Retention RAM
[2026-05-23 15:16:30.373] I (191) heap_init: At 3FCDC710 len 00002950 (10 KiB): Retention RAM
[2026-05-23 15:16:30.376] I (192) heap_init: At 5000021C len 00001DCC (7 KiB): RTCRAM
[2026-05-23 15:16:30.379] I (194) spi_flash: detected chip: generic
[2026-05-23 15:16:30.381] I (194) spi_flash: flash io: dio
[2026-05-23 15:16:30.389] W (194) spi_flash: Detected size(4096k) larger than the size in the binary image header(2048k). Using the size in the binary image header.
[2026-05-23 15:16:30.393] I (196) sleep_gpio: Configure to isolate all GPIO pins in sleep state
[2026-05-23 15:16:30.401] I (196) sleep_gpio: Enable automatic switching of GPIO sleep configuration
[2026-05-23 15:16:30.404] I (197) main_task: Started on CPU0
[2026-05-23 15:16:30.405] I (197) main_task: Calling app_main()
[2026-05-23 15:16:30.406] WCAN_CFG_WAIT v=1
# UART boot config sent: wcan v=1 role=sensor transport=BROADCAST test_duration_ms=30000 host_wait_time_ms=5000 base=0xe0 count=1 hz=750 linger=100
[2026-05-23 15:16:30.407] WCAN_CFG_WAIT v=1
[2026-05-23 15:16:32.860] WCAN_CFG_ACK
[2026-05-23 15:16:32.861] WCAN_CFG_ACK
[2026-05-23 15:16:32.868] I (2862) pp: pp rom version: 9387209
[2026-05-23 15:16:32.872] I (2863) net80211: net80211 rom version: 9387209
[2026-05-23 15:16:32.877] I (2864) wifi:wifi driver task: 3fca7720, prio:23, stack:6656, core=0
[2026-05-23 15:16:32.882] I (2868) wifi:wifi firmware version: 79fa3f41ba
[2026-05-23 15:16:32.887] I (2868) wifi:wifi certification version: v7.0
[2026-05-23 15:16:32.889] I (2868) wifi:config NVS flash: enabled
[2026-05-23 15:16:32.893] I (2868) wifi:config nano formatting: disabled
[2026-05-23 15:16:32.897] I (2869) wifi:Init data frame dynamic rx buffer num: 32
[2026-05-23 15:16:32.899] I (2869) wifi:Init static rx mgmt buffer num: 5
[2026-05-23 15:16:32.901] I (2870) wifi:Init management short buffer num: 32
[2026-05-23 15:16:32.903] I (2870) wifi:Init dynamic tx buffer num: 32
[2026-05-23 15:16:32.905] I (2871) wifi:Init static tx FG buffer num: 2
[2026-05-23 15:16:32.907] I (2871) wifi:Init static rx buffer size: 1600
[2026-05-23 15:16:32.908] I (2872) wifi:Init static rx buffer num: 10
[2026-05-23 15:16:32.909] I (2872) wifi:Init dynamic rx buffer num: 32
[2026-05-23 15:16:32.910] I (2873) wifi_init: rx ba win: 6
[2026-05-23 15:16:32.911] I (2874) wifi_init: accept mbox: 6
[2026-05-23 15:16:32.913] I (2874) wifi_init: tcpip mbox: 32
[2026-05-23 15:16:32.914] I (2874) wifi_init: udp mbox: 6
[2026-05-23 15:16:32.914] I (2874) wifi_init: tcp mbox: 6
[2026-05-23 15:16:32.915] I (2875) wifi_init: tcp tx win: 5760
[2026-05-23 15:16:32.916] I (2875) wifi_init: tcp rx win: 5760
[2026-05-23 15:16:32.917] I (2876) wifi_init: tcp mss: 1440
[2026-05-23 15:16:32.918] I (2876) wifi_init: WiFi IRAM OP enabled
[2026-05-23 15:16:32.919] I (2876) wifi_init: WiFi RX IRAM OP enabled
[2026-05-23 15:16:32.920] I (2877) phy_init: phy_version 1200,2b7123f9,Feb 18 2025,15:22:21
[2026-05-23 15:16:32.921] I (2912) wifi:mode : sta (74:4d:bd:e1:d5:b8)
[2026-05-23 15:16:32.921] I (2913) wifi:enable tsf
[2026-05-23 15:16:32.922] I (2916) ESPNOW: espnow [version: 2.0] init
[2026-05-23 15:16:32.923] WCAN_TEST_READY role=sensor
# Waiting for phased test start
# UART test start sent: WCAN_TEST_START at 2026-05-23T15:16:32.934471
[2026-05-23 15:16:33.742] P(FAIL):3544:e0:0:0:75:76
[2026-05-23 15:16:34.080] P(FAIL):3879:e0:2:152:227:76
[2026-05-23 15:16:34.520] P(FAIL):4322:e0:8:608:683:76
[2026-05-23 15:16:34.956] P(FAIL):4757:e0:12:912:987:76
[2026-05-23 15:16:35.850] P(FAIL):5651:e0:21:1596:1671:76
[2026-05-23 15:16:36.259] P(FAIL):6060:e0:25:1900:1975:76
[2026-05-23 15:16:36.799] P(FAIL):6600:e0:30:2280:2355:76
[2026-05-23 15:16:37.163] P(FAIL):6964:e0:35:2660:2735:76
[2026-05-23 15:16:37.575] P(FAIL):7377:e0:38:2888:2963:76
[2026-05-23 15:16:37.967] P(FAIL):7768:e0:42:3192:3267:76
[2026-05-23 15:16:38.399] P(FAIL):8200:e0:46:3496:3571:76
[2026-05-23 15:16:38.930] P(FAIL):8731:e0:52:3952:4027:76
[2026-05-23 15:16:39.359] P(FAIL):9160:e0:56:4256:4331:76
[2026-05-23 15:16:39.869] P(FAIL):9670:e0:60:4560:4635:76
[2026-05-23 15:16:40.274] P(FAIL):10076:e0:65:4940:5015:76
[2026-05-23 15:16:40.631] P(FAIL):10432:e0:69:5244:5319:76
[2026-05-23 15:16:41.404] P(FAIL):11205:e0:76:5776:5851:76
[2026-05-23 15:16:41.813] P(FAIL):11615:e0:80:6080:6155:76
[2026-05-23 15:16:42.178] P(FAIL):11979:e0:84:6384:6459:76
[2026-05-23 15:16:42.621] P(FAIL):12422:e0:88:6688:6763:76
[2026-05-23 15:16:42.976] P(FAIL):12777:e0:92:6992:7067:76
[2026-05-23 15:16:43.463] P(FAIL):13264:e0:96:7296:7371:76
[2026-05-23 15:16:43.853] P(FAIL):13655:e0:99:7524:7599:76
[2026-05-23 15:16:44.688] P(FAIL):14489:e0:108:8208:8283:76
[2026-05-23 15:16:45.098] P(FAIL):14899:e0:109:8284:8359:76
[2026-05-23 15:16:45.581] P(FAIL):15382:e0:117:8892:8967:76
[2026-05-23 15:16:46.285] P(FAIL):16086:e0:125:9500:9575:76
[2026-05-23 15:16:46.660] P(FAIL):16461:e0:128:9728:9803:76
[2026-05-23 15:16:47.121] P(FAIL):16922:e0:132:10032:10107:76
[2026-05-23 15:16:47.480] P(FAIL):17281:e0:137:10412:10487:76
[2026-05-23 15:16:47.885] P(FAIL):17686:e0:140:10640:10715:76
[2026-05-23 15:16:48.318] P(FAIL):18120:e0:144:10944:11019:76
[2026-05-23 15:16:48.721] P(FAIL):18523:e0:147:11172:11247:76
[2026-05-23 15:16:49.410] P(FAIL):19211:e0:156:11856:11931:76
[2026-05-23 15:16:49.801] P(FAIL):19603:e0:159:12084:12159:76
[2026-05-23 15:16:50.130] P(FAIL):19932:e0:163:12388:12463:76
[2026-05-23 15:16:50.509] P(FAIL):20310:e0:166:12616:12691:76
[2026-05-23 15:16:50.864] P(FAIL):20665:e0:170:12920:12995:76
[2026-05-23 15:16:51.160] P(FAIL):20962:e0:172:13072:13147:76
[2026-05-23 15:16:51.925] P(FAIL):21726:e0:180:13680:13755:76
[2026-05-23 15:16:52.389] P(FAIL):22191:e0:184:13984:14059:76
[2026-05-23 15:16:52.838] P(FAIL):22639:e0:189:14364:14439:76
[2026-05-23 15:16:53.301] P(FAIL):23102:e0:193:14668:14743:76
[2026-05-23 15:16:53.792] P(FAIL):23594:e0:198:15048:15123:76
[2026-05-23 15:16:54.177] P(FAIL):23978:e0:201:15276:15351:76
[2026-05-23 15:16:54.924] P(FAIL):24725:e0:210:15960:16035:76
[2026-05-23 15:16:55.380] P(FAIL):25181:e0:214:16264:16339:76
[2026-05-23 15:16:55.751] P(FAIL):25551:e0:218:16568:16643:76
[2026-05-23 15:16:56.113] P(FAIL):25915:e0:222:16872:16947:76
[2026-05-23 15:16:56.494] P(FAIL):26295:e0:225:17100:17175:76
[2026-05-23 15:16:56.868] P(FAIL):26669:e0:229:17404:17479:76
[2026-05-23 15:16:57.226] P(FAIL):27027:e0:233:17708:17783:76
[2026-05-23 15:16:57.595] P(FAIL):27396:e0:236:17936:18011:76
[2026-05-23 15:16:58.037] P(FAIL):27838:e0:240:18240:18315:76
[2026-05-23 15:16:58.472] P(FAIL):28273:e0:245:18620:18695:76
[2026-05-23 15:16:58.995] P(FAIL):28796:e0:249:18924:18999:76
[2026-05-23 15:16:59.416] P(FAIL):29217:e0:254:19304:19379:76
[2026-05-23 15:16:59.812] P(FAIL):29613:e0:258:19608:19683:76
[2026-05-23 15:17:00.135] P(FAIL):29936:e0:262:19912:19987:76
[2026-05-23 15:17:00.489] P(FAIL):30290:e0:265:20140:20215:76
[2026-05-23 15:17:00.817] P(FAIL):30618:e0:266:20216:20291:76
[2026-05-23 15:17:01.269] P(FAIL):31070:e0:272:20672:20747:76
[2026-05-23 15:17:01.706] P(FAIL):31507:e0:276:20976:21051:76
[2026-05-23 15:17:02.104] P(FAIL):31905:e0:277:21052:21127:76
[2026-05-23 15:17:02.419] P(FAIL):32221:e0:279:21204:21279:76
[2026-05-23 15:17:02.865] P(FAIL):32666:e0:288:21888:21963:76
[2026-05-23 15:17:03.268] P(FAIL):33069:e0:292:22192:22267:76
[2026-05-23 15:17:04.067] P(FAIL):33869:e0:293:22268:22343:76
[2026-05-23 15:17:04.256] WCAN_BATCH id=0xe0 count=297 avg_hz=9.87 avg_points=75.77 min_points=9 max_points=76 avg_interval_ms=101.31 min_interval_ms=101.14 max_interval_ms=101.48 avg_dispatch_ms=4.11 max_dispatch_ms=8.49 dispatched_count=502 avg_queue_wait_ms=164.52 max_queue_wait_ms=726.42
[2026-05-23 15:17:04.259] WCAN_SENSOR_END generated=22504 avg_hz=750.19
[2026-05-23 15:17:04.270] WCAN_MEASURES elapsed_ms=29999 heap_start_free=126780 heap_end_free=141412 heap_start_min_free=126780 heap_end_min_free=125892 heap_start_largest=98304 heap_end_largest=98304 airtime_us_total=2060535 packets_sent_total=502 sensor_send_failures_total=0
[2026-05-23 15:17:04.270] WCAN_TEST_END role=sensor

# Monitor stopped: 2026-05-23T15:17:04.270954
