# Monitor started: 2026-04-22T17:54:22.860101
# Port: COM10, Baud: 115200, Duration: 30s

[2026-04-22 17:54:22.860] I (101) esp_image: segment 2: paddr=0002aee4 vaddr=40380000 sizeESP-ROM:esp32c3-api1-20210207
[2026-04-22 17:54:22.860] Build:Feb  7 2021
[2026-04-22 17:54:22.861] rst:0x15 (USB_UART_CHIP_RESET),boot:0xd (SPI_FAST_FLASH_BOOT)
[2026-04-22 17:54:22.861] Saved PC:0x40384ec6
[2026-04-22 17:54:22.861] SPIWP:0xee
[2026-04-22 17:54:22.861] mode:DIO, clock div:1
[2026-04-22 17:54:22.862] load:0x3fcd5820,len:0x1574
[2026-04-22 17:54:22.862] load:0x403cc710,len:0xc30
[2026-04-22 17:54:22.862] load:0x403ce710,len:0x2f64
[2026-04-22 17:54:22.862] entry 0x403cc71a
[2026-04-22 17:54:22.863] I (24) boot: ESP-IDF v5.4.1 2nd stage bootloader
[2026-04-22 17:54:22.871] I (24) boot: compile time Apr 22 2026 16:20:48
[2026-04-22 17:54:22.875] I (24) boot: chip revision: v0.4
[2026-04-22 17:54:22.879] I (25) boot: efuse block revision: v1.3
[2026-04-22 17:54:22.884] I (28) boot.esp32c3: SPI Speed      : 80MHz
[2026-04-22 17:54:22.890] I (32) boot.esp32c3: SPI Mode       : DIO
[2026-04-22 17:54:22.895] I (36) boot.esp32c3: SPI Flash Size : 2MB
[2026-04-22 17:54:22.901] I (39) boot: Enabling RNG early entropy source...
[2026-04-22 17:54:22.904] I (44) boot: Partition Table:
[2026-04-22 17:54:22.913] I (46) boot: ## Label            Usage          Type ST Offset   Length
[2026-04-22 17:54:22.924] I (53) boot:  0 nvs              WiFi data        01 02 00009000 00006000
[2026-04-22 17:54:22.933] I (59) boot:  1 phy_init         RF data          01 01 0000f000 00001000
[2026-04-22 17:54:22.942] I (66) boot:  2 factory          factory app      00 00 00010000 00100000
[2026-04-22 17:54:22.949] I (72) boot: End of partition table
[2026-04-22 17:54:22.960] I (76) esp_image: segment 0: paddr=00010020 vaddr=3c090020 size=18114h ( 98580) map
[2026-04-22 17:54:22.969] I (99) esp_image: segment 1: paddr=0002813c vaddr=3fc94000 size=02da0h ( 11680) load
[2026-04-22 17:54:22.978] I (101) esp_image: segment 2: paddr=0002aee4 vaddr=40380000 size=05134h ( 20788) load
[2026-04-22 17:54:22.987] I (106) esp_image: segment 3: paddr=00030020 vaddr=42000020 size=8eaa8h (584360) map
[2026-04-22 17:54:22.996] I (203) esp_image: segment 4: paddr=000bead0 vaddr=40385134 size=0ede8h ( 60904) load
[2026-04-22 17:54:23.004] I (215) esp_image: segment 5: paddr=000cd8c0 vaddr=50000200 size=0001ch (    28) load
[2026-04-22 17:54:23.010] I (221) boot: Loaded app from partition at offset 0x10000
[2026-04-22 17:54:23.016] I (221) boot: Disabling RNG early entropy source...
[2026-04-22 17:54:23.019] I (232) cpu_start: Unicore app
[2026-04-22 17:54:23.024] I (241) cpu_start: Pro cpu start user code
[2026-04-22 17:54:23.028] I (241) cpu_start: cpu freq: 160000000 Hz
[2026-04-22 17:54:23.033] I (241) app_init: Application information:
[2026-04-22 17:54:23.038] I (241) app_init: Project name:     sensor_acquirer
[2026-04-22 17:54:23.044] I (245) app_init: App version:      e468f2b-dirty
[2026-04-22 17:54:23.051] I (250) app_init: Compile time:     Apr 22 2026 16:19:54
[2026-04-22 17:54:23.057] I (255) app_init: ELF file SHA256:  21c97d479...
[2026-04-22 17:54:23.062] I (259) app_init: ESP-IDF:          v5.4.1
[2026-04-22 17:54:23.066] I (263) efuse_init: Min chip rev:     v0.3
[2026-04-22 17:54:23.071] I (267) efuse_init: Max chip rev:     v1.99
[2026-04-22 17:54:23.076] I (271) efuse_init: Chip rev:         v0.4
[2026-04-22 17:54:23.084] I (275) heap_init: Initializing. RAM available for dynamic allocation:
[2026-04-22 17:54:23.090] I (281) heap_init: At 3FC9B1B0 len 00024E50 (147 KiB): RAM
[2026-04-22 17:54:23.097] I (286) heap_init: At 3FCC0000 len 0001C710 (113 KiB): Retention RAM
[2026-04-22 17:54:23.105] I (292) heap_init: At 3FCDC710 len 00002950 (10 KiB): Retention RAM
[2026-04-22 17:54:23.111] I (298) heap_init: At 5000021C len 00001DCC (7 KiB): RTCRAM
[2026-04-22 17:54:23.116] I (304) spi_flash: detected chip: generic
[2026-04-22 17:54:23.120] I (307) spi_flash: flash io: dio
[2026-04-22 17:54:23.135] W (310) spi_flash: Detected size(4096k) larger than the size in the binary image header(2048k). Using the size in the binary image header.
[2026-04-22 17:54:23.143] I (323) sleep_gpio: Configure to isolate all GPIO pins in sleep state
[2026-04-22 17:54:23.151] I (329) sleep_gpio: Enable automatic switching of GPIO sleep configuration
[2026-04-22 17:54:23.154] I (335) main_task: Started on CPU0
[2026-04-22 17:54:23.159] I (335) main_task: Calling app_main()
[2026-04-22 17:54:23.163] I (335) MAIN: MAC: 74:4d:bd:e1:d5:b8
[2026-04-22 17:54:23.167] I (345) pp: pp rom version: 9387209
[2026-04-22 17:54:23.173] I (345) net80211: net80211 rom version: 9387209
[2026-04-22 17:54:23.180] I (355) wifi:wifi driver task: 3fca4114, prio:23, stack:6656, core=0
[2026-04-22 17:54:23.185] I (355) wifi:wifi firmware version: 79fa3f41ba
[2026-04-22 17:54:23.190] I (355) wifi:wifi certification version: v7.0
[2026-04-22 17:54:23.195] I (365) wifi:config NVS flash: enabled
[2026-04-22 17:54:23.201] I (365) wifi:config nano formatting: disabled
[2026-04-22 17:54:23.207] I (365) wifi:Init data frame dynamic rx buffer num: 32
[2026-04-22 17:54:23.213] I (375) wifi:Init static rx mgmt buffer num: 5
[2026-04-22 17:54:23.219] I (375) wifi:Init management short buffer num: 32
[2026-04-22 17:54:23.225] I (385) wifi:Init dynamic tx buffer num: 32
[2026-04-22 17:54:23.230] I (385) wifi:Init static tx FG buffer num: 2
[2026-04-22 17:54:23.236] I (395) wifi:Init static rx buffer size: 1600
[2026-04-22 17:54:23.241] I (395) wifi:Init static rx buffer num: 10
[2026-04-22 17:54:23.248] I (395) wifi:Init dynamic rx buffer num: 32
[2026-04-22 17:54:23.251] I (405) wifi_init: rx ba win: 6
[2026-04-22 17:54:23.253] I (405) wifi_init: accept mbox: 6
[2026-04-22 17:54:23.254] I (405) wifi_init: tcpip mbox: 32
[2026-04-22 17:54:23.256] I (415) wifi_init: udp mbox: 6
[2026-04-22 17:54:23.258] I (415) wifi_init: tcp mbox: 6
[2026-04-22 17:54:23.260] I (415) wifi_init: tcp tx win: 5760
[2026-04-22 17:54:23.261] I (415) wifi_init: tcp rx win: 5760
[2026-04-22 17:54:23.263] I (425) wifi_init: tcp mss: 1440
[2026-04-22 17:54:23.266] I (425) wifi_init: WiFi IRAM OP enabled
[2026-04-22 17:54:23.267] I (425) wifi_init: WiFi RX IRAM OP enabled
[2026-04-22 17:54:23.267] I (435) phy_init: phy_version 1200,2b7123f9,Feb 18 2025,15:22:21
[2026-04-22 17:54:23.268] I (475) wifi:mode : softAP (74:4d:bd:e1:d5:b9)
[2026-04-22 17:54:23.268] I (475) wifi:Total power save buffer number: 16
[2026-04-22 17:54:23.268] I (475) wifi:Init max length of beacon: 752/752
[2026-04-22 17:54:23.269] I (475) wifi:Init max length of beacon: 752/752
[2026-04-22 17:54:23.269] I (485) MAIN: WiFi initialized
[2026-04-22 17:54:23.269] I (485) MAIN: RECEIVER mode — accepting all CAN IDs
[2026-04-22 17:54:23.270] I (485) ESPNOW: espnow [version: 2.0] init
[2026-04-22 17:54:23.270] I (495) SEND: Send processing task started
[2026-04-22 17:54:23.270] I (495) RECV: Receive processing task started
[2026-04-22 17:54:23.271] I (495) WCAN: WCAN initialized
[2026-04-22 17:54:23.271] I (505) main_task: Returned from app_main()
[2026-04-22 17:54:23.271] I (895) USER-RECV: Received [d6d0] len=4 counter=0
[2026-04-22 17:54:23.272] I (905) USER-RECV: Received [5d10] len=4 counter=0
[2026-04-22 17:54:23.272] I (905) USER-RECV: Received [c978] len=4 counter=0
[2026-04-22 17:54:24.055] I (1895) USER-RECV: Received [d6d0] len=4 counter=1
[2026-04-22 17:54:24.068] I (1895) USER-RECV: Received [5d10] len=4 counter=1
[2026-04-22 17:54:24.071] I (1905) USER-RECV: Received [c978] len=4 counter=1
[2026-04-22 17:54:25.055] I (2885) USER-RECV: Received [d6d0] len=4 counter=2
[2026-04-22 17:54:25.066] I (2895) USER-RECV: Received [5d10] len=4 counter=2
[2026-04-22 17:54:25.066] I (2905) USER-RECV: Received [c978] len=4 counter=2
[2026-04-22 17:54:26.056] I (3885) USER-RECV: Received [d6d0] len=4 counter=3
[2026-04-22 17:54:26.066] I (3895) USER-RECV: Received [5d10] len=4 counter=3
[2026-04-22 17:54:26.067] I (3905) USER-RECV: Received [c978] len=4 counter=3
[2026-04-22 17:54:27.057] I (4885) USER-RECV: Received [d6d0] len=4 counter=4
[2026-04-22 17:54:27.066] I (4895) USER-RECV: Received [5d10] len=4 counter=4
[2026-04-22 17:54:27.069] I (4905) USER-RECV: Received [c978] len=4 counter=4
[2026-04-22 17:54:28.055] I (5895) USER-RECV: Received [d6d0] len=4 counter=5
[2026-04-22 17:54:28.066] I (5895) USER-RECV: Received [5d10] len=4 counter=5
[2026-04-22 17:54:28.067] I (5905) USER-RECV: Received [c978] len=4 counter=5
[2026-04-22 17:54:29.055] I (6885) USER-RECV: Received [d6d0] len=4 counter=6
[2026-04-22 17:54:29.067] I (6895) USER-RECV: Received [5d10] len=4 counter=6
[2026-04-22 17:54:29.067] I (6905) USER-RECV: Received [c978] len=4 counter=6
[2026-04-22 17:54:30.057] I (7895) USER-RECV: Received [d6d0] len=4 counter=7
[2026-04-22 17:54:30.066] I (7895) USER-RECV: Received [5d10] len=4 counter=7
[2026-04-22 17:54:30.066] I (7905) USER-RECV: Received [c978] len=4 counter=7
[2026-04-22 17:54:31.056] I (8895) USER-RECV: Received [d6d0] len=4 counter=8
[2026-04-22 17:54:31.067] I (8895) USER-RECV: Received [5d10] len=4 counter=8
[2026-04-22 17:54:31.067] I (8905) USER-RECV: Received [c978] len=4 counter=8
[2026-04-22 17:54:32.056] I (9895) USER-RECV: Received [d6d0] len=4 counter=9
[2026-04-22 17:54:32.066] I (9895) USER-RECV: Received [5d10] len=4 counter=9
[2026-04-22 17:54:32.067] I (9905) USER-RECV: Received [c978] len=4 counter=9
[2026-04-22 17:54:33.056] I (10895) USER-RECV: Received [d6d0] len=4 counter=10
[2026-04-22 17:54:33.067] I (10895) USER-RECV: Received [5d10] len=4 counter=10
[2026-04-22 17:54:33.067] I (10905) USER-RECV: Received [c978] len=4 counter=10
[2026-04-22 17:54:34.057] I (11895) USER-RECV: Received [d6d0] len=4 counter=11
[2026-04-22 17:54:34.067] I (11895) USER-RECV: Received [5d10] len=4 counter=11
[2026-04-22 17:54:34.067] I (11905) USER-RECV: Received [c978] len=4 counter=11
[2026-04-22 17:54:35.056] I (12895) USER-RECV: Received [d6d0] len=4 counter=12
[2026-04-22 17:54:35.067] I (12895) USER-RECV: Received [5d10] len=4 counter=12
[2026-04-22 17:54:35.067] I (12905) USER-RECV: Received [c978] len=4 counter=12
[2026-04-22 17:54:36.056] I (13895) USER-RECV: Received [d6d0] len=4 counter=13
[2026-04-22 17:54:36.067] I (13905) USER-RECV: Received [5d10] len=4 counter=13
[2026-04-22 17:54:36.067] I (13905) USER-RECV: Received [c978] len=4 counter=13
[2026-04-22 17:54:37.056] I (14895) USER-RECV: Received [d6d0] len=4 counter=14
[2026-04-22 17:54:37.066] I (14895) USER-RECV: Received [5d10] len=4 counter=14
[2026-04-22 17:54:37.068] I (14905) USER-RECV: Received [c978] len=4 counter=14
[2026-04-22 17:54:38.056] I (15895) USER-RECV: Received [d6d0] len=4 counter=15
[2026-04-22 17:54:38.065] I (15895) USER-RECV: Received [5d10] len=4 counter=15
[2026-04-22 17:54:38.267] I (16105) USER-RECV: Received [c978] len=4 counter=15
[2026-04-22 17:54:39.056] I (16895) USER-RECV: Received [d6d0] len=4 counter=16
[2026-04-22 17:54:39.068] I (16895) USER-RECV: Received [5d10] len=4 counter=16
[2026-04-22 17:54:39.068] I (16905) USER-RECV: Received [c978] len=4 counter=16
[2026-04-22 17:54:40.057] I (17885) USER-RECV: Received [d6d0] len=4 counter=17
[2026-04-22 17:54:40.066] I (17895) USER-RECV: Received [5d10] len=4 counter=17
[2026-04-22 17:54:40.068] I (17905) USER-RECV: Received [c978] len=4 counter=17
[2026-04-22 17:54:41.057] I (18895) USER-RECV: Received [d6d0] len=4 counter=18
[2026-04-22 17:54:41.066] I (18895) USER-RECV: Received [5d10] len=4 counter=18
[2026-04-22 17:54:41.068] I (18905) USER-RECV: Received [c978] len=4 counter=18
[2026-04-22 17:54:42.058] I (19895) USER-RECV: Received [d6d0] len=4 counter=19
[2026-04-22 17:54:42.066] I (19895) USER-RECV: Received [5d10] len=4 counter=19
[2026-04-22 17:54:42.068] I (19905) USER-RECV: Received [c978] len=4 counter=19
[2026-04-22 17:54:43.056] I (20895) USER-RECV: Received [d6d0] len=4 counter=20
[2026-04-22 17:54:43.069] I (20895) USER-RECV: Received [5d10] len=4 counter=20
[2026-04-22 17:54:43.070] I (20905) USER-RECV: Received [c978] len=4 counter=20
[2026-04-22 17:54:44.058] I (21895) USER-RECV: Received [d6d0] len=4 counter=21
[2026-04-22 17:54:44.067] I (21895) USER-RECV: Received [5d10] len=4 counter=21
[2026-04-22 17:54:44.068] I (21905) USER-RECV: Received [c978] len=4 counter=21
[2026-04-22 17:54:45.058] I (22895) USER-RECV: Received [d6d0] len=4 counter=22
[2026-04-22 17:54:45.067] I (22895) USER-RECV: Received [5d10] len=4 counter=22
[2026-04-22 17:54:45.068] I (22905) USER-RECV: Received [c978] len=4 counter=22
[2026-04-22 17:54:46.057] I (23895) USER-RECV: Received [d6d0] len=4 counter=23
[2026-04-22 17:54:46.067] I (23895) USER-RECV: Received [5d10] len=4 counter=23
[2026-04-22 17:54:46.067] I (23905) USER-RECV: Received [c978] len=4 counter=23
[2026-04-22 17:54:47.057] I (24895) USER-RECV: Received [d6d0] len=4 counter=24
[2026-04-22 17:54:47.067] I (24895) USER-RECV: Received [5d10] len=4 counter=24
[2026-04-22 17:54:47.068] I (24905) USER-RECV: Received [c978] len=4 counter=24
[2026-04-22 17:54:48.058] I (25895) USER-RECV: Received [d6d0] len=4 counter=25
[2026-04-22 17:54:48.067] I (25895) USER-RECV: Received [5d10] len=4 counter=25
[2026-04-22 17:54:48.067] I (25905) USER-RECV: Received [c978] len=4 counter=25
[2026-04-22 17:54:49.057] I (26895) USER-RECV: Received [d6d0] len=4 counter=26
[2026-04-22 17:54:49.068] I (26905) USER-RECV: Received [5d10] len=4 counter=26
[2026-04-22 17:54:49.069] I (26905) USER-RECV: Received [c978] len=4 counter=26
[2026-04-22 17:54:50.057] I (27895) USER-RECV: Received [d6d0] len=4 counter=27
[2026-04-22 17:54:50.068] I (27895) USER-RECV: Received [5d10] len=4 counter=27
[2026-04-22 17:54:50.068] I (27905) USER-RECV: Received [c978] len=4 counter=27
[2026-04-22 17:54:51.057] I (28895) USER-RECV: Received [d6d0] len=4 counter=28
[2026-04-22 17:54:51.067] I (28895) USER-RECV: Received [5d10] len=4 counter=28
[2026-04-22 17:54:51.068] I (28905) USER-RECV: Received [c978] len=4 counter=28
[2026-04-22 17:54:52.057] I (29895) USER-RECV: Received [d6d0] len=4 counter=29
[2026-04-22 17:54:52.067] I (29895) USER-RECV: Received [5d10] len=4 counter=29
[2026-04-22 17:54:52.069] I (29905) USER-RECV: Received [c978] len=4 counter=29
[2026-04-22 17:54:53.057] I (30895) USER-RECV: Received [d6d0] len=4 counter=30

# Monitor stopped: 2026-04-22T17:54:53.057703
