# Monitor started: 2026-04-22T17:54:22.864610
# Port: COM27, Baud: 115200, Duration: 30s

[2026-04-22 17:54:22.864] size=1�ets Jul 29 2019 12:21:46
[2026-04-22 17:54:22.864] 
[2026-04-22 17:54:22.867] rst:0x1 (POWERON_RESET),boot:0x13 (SPI_FAST_FLASH_BOOT)
[2026-04-22 17:54:22.870] configsip: 0, SPIWP:0xee
[2026-04-22 17:54:22.877] clk_drv:0x00,q_drv:0x00,d_drv:0x00,cs0_drv:0x00,hd_drv:0x00,wp_drv:0x00
[2026-04-22 17:54:22.879] mode:DIO, clock div:2
[2026-04-22 17:54:22.882] load:0x3fff0030,len:6276
[2026-04-22 17:54:22.885] load:0x40078000,len:15748
[2026-04-22 17:54:22.887] load:0x40080400,len:4
[2026-04-22 17:54:22.890] ho 8 tail 4 room 4
[2026-04-22 17:54:22.893] load:0x40080404,len:3860
[2026-04-22 17:54:22.895] entry 0x4008063c
[2026-04-22 17:54:22.898] I (31) boot: ESP-IDF v5.4.1 2nd stage bootloader
[2026-04-22 17:54:22.902] I (31) boot: compile time Apr 22 2026 16:40:53
[2026-04-22 17:54:22.907] I (31) boot: Multicore bootloader
[2026-04-22 17:54:22.911] I (32) boot: chip revision: v3.1
[2026-04-22 17:54:22.916] I (35) boot.esp32: SPI Speed      : 40MHz
[2026-04-22 17:54:22.920] I (39) boot.esp32: SPI Mode       : DIO
[2026-04-22 17:54:22.924] I (43) boot.esp32: SPI Flash Size : 2MB
[2026-04-22 17:54:22.929] I (46) boot: Enabling RNG early entropy source...
[2026-04-22 17:54:22.932] I (51) boot: Partition Table:
[2026-04-22 17:54:22.940] I (53) boot: ## Label            Usage          Type ST Offset   Length
[2026-04-22 17:54:22.951] I (60) boot:  0 nvs              WiFi data        01 02 00009000 00006000
[2026-04-22 17:54:22.958] I (66) boot:  1 phy_init         RF data          01 01 0000f000 00001000
[2026-04-22 17:54:22.965] I (73) boot:  2 factory          factory app      00 00 00010000 00100000
[2026-04-22 17:54:22.967] I (79) boot: End of partition table
[2026-04-22 17:54:22.974] I (82) esp_image: segment 0: paddr=00010020 vaddr=3f400020 size=18654h ( 99924) map
[2026-04-22 17:54:22.982] I (124) esp_image: segment 1: paddr=0002867c vaddr=3ff80000 size=0001ch (    28) load
[2026-04-22 17:54:22.988] I (124) esp_image: segment 2: paddr=000286a0 vaddr=3ffb0000 size=03ea8h ( 16040) load
[2026-04-22 17:54:22.995] I (134) esp_image: segment 3: paddr=0002c550 vaddr=40080000 size=03ac8h ( 15048) load
[2026-04-22 17:54:23.003] I (141) esp_image: segment 4: paddr=00030020 vaddr=400d0020 size=7ff84h (524164) map
[2026-04-22 17:54:23.008] I (322) esp_image: segment 5: paddr=000affac vaddr=40083ac8 size=14260h ( 82528) load
[2026-04-22 17:54:23.012] I (366) boot: Loaded app from partition at offset 0x10000
[2026-04-22 17:54:23.017] I (366) boot: Disabling RNG early entropy source...
[2026-04-22 17:54:23.020] I (376) cpu_start: Multicore app
[2026-04-22 17:54:23.023] I (385) cpu_start: Pro cpu start user code
[2026-04-22 17:54:23.026] I (385) cpu_start: cpu freq: 160000000 Hz
[2026-04-22 17:54:23.030] I (385) app_init: Application information:
[2026-04-22 17:54:23.034] I (385) app_init: Project name:     sensor_acquirer
[2026-04-22 17:54:23.038] I (389) app_init: App version:      e468f2b-dirty
[2026-04-22 17:54:23.043] I (394) app_init: Compile time:     Apr 22 2026 16:39:58
[2026-04-22 17:54:23.047] I (399) app_init: ELF file SHA256:  91b0c478b...
[2026-04-22 17:54:23.050] I (403) app_init: ESP-IDF:          v5.4.1
[2026-04-22 17:54:23.053] I (407) efuse_init: Min chip rev:     v0.0
[2026-04-22 17:54:23.057] I (411) efuse_init: Max chip rev:     v3.99
[2026-04-22 17:54:23.060] I (415) efuse_init: Chip rev:         v3.1
[2026-04-22 17:54:23.066] I (419) heap_init: Initializing. RAM available for dynamic allocation:
[2026-04-22 17:54:23.070] I (425) heap_init: At 3FFAE6E0 len 00001920 (6 KiB): DRAM
[2026-04-22 17:54:23.075] I (430) heap_init: At 3FFB82B8 len 00027D48 (159 KiB): DRAM
[2026-04-22 17:54:23.081] I (435) heap_init: At 3FFE0440 len 00003AE0 (14 KiB): D/IRAM
[2026-04-22 17:54:23.086] I (441) heap_init: At 3FFE4350 len 0001BCB0 (111 KiB): D/IRAM
[2026-04-22 17:54:23.090] I (446) heap_init: At 40097D28 len 000082D8 (32 KiB): IRAM
[2026-04-22 17:54:23.094] I (453) spi_flash: detected chip: generic
[2026-04-22 17:54:23.097] I (455) spi_flash: flash io: dio
[2026-04-22 17:54:23.108] W (458) spi_flash: Detected size(4096k) larger than the size in the binary image header(2048k). Using the size in the binary image header.
[2026-04-22 17:54:23.111] I (471) main_task: Started on CPU0
[2026-04-22 17:54:23.114] I (481) main_task: Calling app_main()
[2026-04-22 17:54:23.116] I (491) MAIN: MAC: 28:05:a5:31:d6:d0
[2026-04-22 17:54:23.122] I (501) wifi:wifi driver task: 3ffc0700, prio:23, stack:6656, core=0
[2026-04-22 17:54:23.126] I (501) wifi:wifi firmware version: 79fa3f41ba
[2026-04-22 17:54:23.130] I (501) wifi:wifi certification version: v7.0
[2026-04-22 17:54:23.134] I (501) wifi:config NVS flash: enabled
[2026-04-22 17:54:23.138] I (501) wifi:config nano formatting: disabled
[2026-04-22 17:54:23.143] I (511) wifi:Init data frame dynamic rx buffer num: 32
[2026-04-22 17:54:23.147] I (511) wifi:Init static rx mgmt buffer num: 5
[2026-04-22 17:54:23.152] I (521) wifi:Init management short buffer num: 32
[2026-04-22 17:54:23.155] I (521) wifi:Init dynamic tx buffer num: 32
[2026-04-22 17:54:23.159] I (521) wifi:Init static rx buffer size: 1600
[2026-04-22 17:54:23.162] I (531) wifi:Init static rx buffer num: 10
[2026-04-22 17:54:23.166] I (531) wifi:Init dynamic rx buffer num: 32
[2026-04-22 17:54:23.169] I (541) wifi_init: rx ba win: 6
[2026-04-22 17:54:23.171] I (541) wifi_init: accept mbox: 6
[2026-04-22 17:54:23.174] I (541) wifi_init: tcpip mbox: 32
[2026-04-22 17:54:23.177] I (541) wifi_init: udp mbox: 6
[2026-04-22 17:54:23.179] I (551) wifi_init: tcp mbox: 6
[2026-04-22 17:54:23.183] I (551) wifi_init: tcp tx win: 5760
[2026-04-22 17:54:23.187] I (551) wifi_init: tcp rx win: 5760
[2026-04-22 17:54:23.190] I (561) wifi_init: tcp mss: 1440
[2026-04-22 17:54:23.193] I (561) wifi_init: WiFi IRAM OP enabled
[2026-04-22 17:54:23.197] I (561) wifi_init: WiFi RX IRAM OP enabled
[2026-04-22 17:54:23.200] I (571) phy_init: phy_version 4860,6b7a6e5,Feb  6 2025,14:47:07
[2026-04-22 17:54:23.204] I (661) wifi:mode : softAP (28:05:a5:31:d6:d1)
[2026-04-22 17:54:23.209] I (661) wifi:Total power save buffer number: 16
[2026-04-22 17:54:23.213] I (661) wifi:Init max length of beacon: 752/752
[2026-04-22 17:54:23.217] I (661) wifi:Init max length of beacon: 752/752
[2026-04-22 17:54:23.220] I (661) MAIN: WiFi initialized
[2026-04-22 17:54:23.225] I (671) MAIN: SENSOR mode — CAN ID: 0xd6d0
[2026-04-22 17:54:23.229] I (671) ESPNOW: espnow [version: 2.0] init
[2026-04-22 17:54:23.233] I (671) SEND: Send processing task started
[2026-04-22 17:54:23.236] I (681) RECV: Receive processing task started
[2026-04-22 17:54:23.240] I (681) WCAN: WCAN initialized
[2026-04-22 17:54:23.245] I (681) ReadDataTask: ReadDataTask started with CAN ID 0xd6d0
[2026-04-22 17:54:23.249] I (691) ReadDataTask: Sent counter=0
[2026-04-22 17:54:23.252] I (691) main_task: Returned from app_main()
[2026-04-22 17:54:24.058] I (1691) ReadDataTask: Sent counter=1
[2026-04-22 17:54:25.058] I (2691) ReadDataTask: Sent counter=2
[2026-04-22 17:54:26.058] I (3691) ReadDataTask: Sent counter=3
[2026-04-22 17:54:27.058] I (4691) ReadDataTask: Sent counter=4
[2026-04-22 17:54:28.058] I (5691) ReadDataTask: Sent counter=5
[2026-04-22 17:54:29.058] I (6691) ReadDataTask: Sent counter=6
[2026-04-22 17:54:30.058] I (7691) ReadDataTask: Sent counter=7
[2026-04-22 17:54:31.057] I (8691) ReadDataTask: Sent counter=8
[2026-04-22 17:54:32.058] I (9691) ReadDataTask: Sent counter=9
[2026-04-22 17:54:33.058] I (10691) ReadDataTask: Sent counter=10
[2026-04-22 17:54:34.058] I (11691) ReadDataTask: Sent counter=11
[2026-04-22 17:54:35.059] I (12691) ReadDataTask: Sent counter=12
[2026-04-22 17:54:36.059] I (13691) ReadDataTask: Sent counter=13
[2026-04-22 17:54:37.058] I (14691) ReadDataTask: Sent counter=14
[2026-04-22 17:54:38.058] I (15691) ReadDataTask: Sent counter=15
[2026-04-22 17:54:39.058] I (16691) ReadDataTask: Sent counter=16
[2026-04-22 17:54:40.058] I (17691) ReadDataTask: Sent counter=17
[2026-04-22 17:54:41.059] I (18691) ReadDataTask: Sent counter=18
[2026-04-22 17:54:42.059] I (19691) ReadDataTask: Sent counter=19
[2026-04-22 17:54:43.059] I (20691) ReadDataTask: Sent counter=20
[2026-04-22 17:54:44.059] I (21691) ReadDataTask: Sent counter=21
[2026-04-22 17:54:45.059] I (22691) ReadDataTask: Sent counter=22
[2026-04-22 17:54:46.059] I (23691) ReadDataTask: Sent counter=23
[2026-04-22 17:54:47.060] I (24691) ReadDataTask: Sent counter=24
[2026-04-22 17:54:48.059] I (25691) ReadDataTask: Sent counter=25
[2026-04-22 17:54:49.059] I (26691) ReadDataTask: Sent counter=26
[2026-04-22 17:54:50.059] I (27691) ReadDataTask: Sent counter=27
[2026-04-22 17:54:51.060] I (28691) ReadDataTask: Sent counter=28
[2026-04-22 17:54:52.059] I (29691) ReadDataTask: Sent counter=29
[2026-04-22 17:54:53.059] I (30691) ReadDataTask: Sent counter=30

# Monitor stopped: 2026-04-22T17:54:53.059738
