# Monitor started: 2026-04-22T17:49:53.065119
# Port: COM11, Baud: 115200, Duration: 30s

[2026-04-22 17:49:53.073] I (101) esp_image: segment 2: paddr=0002aee4 vaddr=40380000 sizeESP-ROM:esp32c3-api1-20210207
[2026-04-22 17:49:53.076] Build:Feb  7 2021
[2026-04-22 17:49:53.083] rst:0x15 (USB_UART_CHIP_RESET),boot:0xd (SPI_FAST_FLASH_BOOT)
[2026-04-22 17:49:53.085] Saved PC:0x40384ec6
[2026-04-22 17:49:53.086] SPIWP:0xee
[2026-04-22 17:49:53.089] mode:DIO, clock div:1
[2026-04-22 17:49:53.092] load:0x3fcd5820,len:0x1574
[2026-04-22 17:49:53.095] load:0x403cc710,len:0xc30
[2026-04-22 17:49:53.099] load:0x403ce710,len:0x2f64
[2026-04-22 17:49:53.100] entry 0x403cc71a
[2026-04-22 17:49:53.106] I (24) boot: ESP-IDF v5.4.1 2nd stage bootloader
[2026-04-22 17:49:53.112] I (24) boot: compile time Apr 22 2026 16:20:48
[2026-04-22 17:49:53.116] I (24) boot: chip revision: v0.4
[2026-04-22 17:49:53.121] I (25) boot: efuse block revision: v1.3
[2026-04-22 17:49:53.127] I (28) boot.esp32c3: SPI Speed      : 80MHz
[2026-04-22 17:49:53.132] I (32) boot.esp32c3: SPI Mode       : DIO
[2026-04-22 17:49:53.138] I (36) boot.esp32c3: SPI Flash Size : 2MB
[2026-04-22 17:49:53.144] I (39) boot: Enabling RNG early entropy source...
[2026-04-22 17:49:53.148] I (44) boot: Partition Table:
[2026-04-22 17:49:53.159] I (46) boot: ## Label            Usage          Type ST Offset   Length
[2026-04-22 17:49:53.166] I (53) boot:  0 nvs              WiFi data        01 02 00009000 00006000
[2026-04-22 17:49:53.175] I (59) boot:  1 phy_init         RF data          01 01 0000f000 00001000
[2026-04-22 17:49:53.185] I (66) boot:  2 factory          factory app      00 00 00010000 00100000
[2026-04-22 17:49:53.190] I (72) boot: End of partition table
[2026-04-22 17:49:53.200] I (76) esp_image: segment 0: paddr=00010020 vaddr=3c090020 size=18114h ( 98580) map
[2026-04-22 17:49:53.212] I (99) esp_image: segment 1: paddr=0002813c vaddr=3fc94000 size=02da0h ( 11680) load
[2026-04-22 17:49:53.222] I (101) esp_image: segment 2: paddr=0002aee4 vaddr=40380000 size=05134h ( 20788) load
[2026-04-22 17:49:53.232] I (106) esp_image: segment 3: paddr=00030020 vaddr=42000020 size=8eaa8h (584360) map
[2026-04-22 17:49:53.242] I (203) esp_image: segment 4: paddr=000bead0 vaddr=40385134 size=0ede8h ( 60904) load
[2026-04-22 17:49:53.253] I (215) esp_image: segment 5: paddr=000cd8c0 vaddr=50000200 size=0001ch (    28) load
[2026-04-22 17:49:53.260] I (221) boot: Loaded app from partition at offset 0x10000
[2026-04-22 17:49:53.267] I (221) boot: Disabling RNG early entropy source...
[2026-04-22 17:49:53.271] I (232) cpu_start: Unicore app
[2026-04-22 17:49:53.276] I (241) cpu_start: Pro cpu start user code
[2026-04-22 17:49:53.281] I (241) cpu_start: cpu freq: 160000000 Hz
[2026-04-22 17:49:53.287] I (241) app_init: Application information:
[2026-04-22 17:49:53.294] I (241) app_init: Project name:     sensor_acquirer
[2026-04-22 17:49:53.300] I (245) app_init: App version:      e468f2b-dirty
[2026-04-22 17:49:53.308] I (250) app_init: Compile time:     Apr 22 2026 16:19:54
[2026-04-22 17:49:53.314] I (255) app_init: ELF file SHA256:  21c97d479...
[2026-04-22 17:49:53.321] I (259) app_init: ESP-IDF:          v5.4.1
[2026-04-22 17:49:53.327] I (263) efuse_init: Min chip rev:     v0.3
[2026-04-22 17:49:53.332] I (267) efuse_init: Max chip rev:     v1.99
[2026-04-22 17:49:53.338] I (271) efuse_init: Chip rev:         v0.4
[2026-04-22 17:49:53.347] I (275) heap_init: Initializing. RAM available for dynamic allocation:
[2026-04-22 17:49:53.354] I (281) heap_init: At 3FC9B1B0 len 00024E50 (147 KiB): RAM
[2026-04-22 17:49:53.363] I (286) heap_init: At 3FCC0000 len 0001C710 (113 KiB): Retention RAM
[2026-04-22 17:49:53.372] I (292) heap_init: At 3FCDC710 len 00002950 (10 KiB): Retention RAM
[2026-04-22 17:49:53.380] I (298) heap_init: At 5000021C len 00001DCC (7 KiB): RTCRAM
[2026-04-22 17:49:53.385] I (304) spi_flash: detected chip: generic
[2026-04-22 17:49:53.391] I (307) spi_flash: flash io: dio
[2026-04-22 17:49:53.418] W (310) spi_flash: Detected size(4096k) larger than the size in the binary image header(2048k). Using the size in the binary image header.
[2026-04-22 17:49:53.433] I (323) sleep_gpio: Configure to isolate all GPIO pins in sleep state
[2026-04-22 17:49:53.451] I (328) sleep_gpio: Enable automatic switching of GPIO sleep configuration
[2026-04-22 17:49:53.457] I (335) main_task: Started on CPU0
[2026-04-22 17:49:53.466] I (335) main_task: Calling app_main()
[2026-04-22 17:49:53.477] I (335) MAIN: MAC: 54:32:04:8c:0b:8c
[2026-04-22 17:49:53.485] I (345) pp: pp rom version: 9387209
[2026-04-22 17:49:53.494] I (345) net80211: net80211 rom version: 9387209
[2026-04-22 17:49:53.505] I (355) wifi:wifi driver task: 3fca4114, prio:23, stack:6656, core=0
[2026-04-22 17:49:53.513] I (355) wifi:wifi firmware version: 79fa3f41ba
[2026-04-22 17:49:53.521] I (355) wifi:wifi certification version: v7.0
[2026-04-22 17:49:53.528] I (365) wifi:config NVS flash: enabled
[2026-04-22 17:49:53.535] I (365) wifi:config nano formatting: disabled
[2026-04-22 17:49:53.543] I (365) wifi:Init data frame dynamic rx buffer num: 32
[2026-04-22 17:49:53.551] I (375) wifi:Init static rx mgmt buffer num: 5
[2026-04-22 17:49:53.558] I (375) wifi:Init management short buffer num: 32
[2026-04-22 17:49:53.565] I (385) wifi:Init dynamic tx buffer num: 32
[2026-04-22 17:49:53.571] I (385) wifi:Init static tx FG buffer num: 2
[2026-04-22 17:49:53.579] I (395) wifi:Init static rx buffer size: 1600
[2026-04-22 17:49:53.585] I (395) wifi:Init static rx buffer num: 10
[2026-04-22 17:49:53.591] I (395) wifi:Init dynamic rx buffer num: 32
[2026-04-22 17:49:53.596] I (405) wifi_init: rx ba win: 6
[2026-04-22 17:49:53.603] I (405) wifi_init: accept mbox: 6
[2026-04-22 17:49:53.606] I (405) wifi_init: tcpip mbox: 32
[2026-04-22 17:49:53.611] I (415) wifi_init: udp mbox: 6
[2026-04-22 17:49:53.615] I (415) wifi_init: tcp mbox: 6
[2026-04-22 17:49:53.619] I (415) wifi_init: tcp tx win: 5760
[2026-04-22 17:49:53.623] I (415) wifi_init: tcp rx win: 5760
[2026-04-22 17:49:53.626] I (425) wifi_init: tcp mss: 1440
[2026-04-22 17:49:53.630] I (425) wifi_init: WiFi IRAM OP enabled
[2026-04-22 17:49:53.635] I (425) wifi_init: WiFi RX IRAM OP enabled
[2026-04-22 17:49:53.641] I (435) phy_init: phy_version 1200,2b7123f9,Feb 18 2025,15:22:21
[2026-04-22 17:49:53.647] I (475) wifi:mode : softAP (54:32:04:8c:0b:8d)
[2026-04-22 17:49:53.652] I (475) wifi:Total power save buffer number: 16
[2026-04-22 17:49:53.656] I (475) wifi:Init max length of beacon: 752/752
[2026-04-22 17:49:53.663] I (475) wifi:Init max length of beacon: 752/752
[2026-04-22 17:49:53.666] I (485) MAIN: WiFi initialized
[2026-04-22 17:49:53.671] I (485) MAIN: RECEIVER mode — accepting all CAN IDs
[2026-04-22 17:49:53.673] I (485) ESPNOW: espnow [version: 2.0] init
[2026-04-22 17:49:53.676] I (495) SEND: Send processing task started
[2026-04-22 17:49:53.679] I (495) RECV: Receive processing task started
[2026-04-22 17:49:53.682] I (495) WCAN: WCAN initialized
[2026-04-22 17:49:53.686] I (505) main_task: Returned from app_main()
[2026-04-22 17:49:53.688] I (905) USER-RECV: Received [c978] len=4 counter=0
[2026-04-22 17:49:53.689] I (905) USER-RECV: Received [5d10] len=4 counter=0
[2026-04-22 17:49:54.275] I (1905) USER-RECV: Received [c978] len=4 counter=1
[2026-04-22 17:49:54.277] I (1905) USER-RECV: Received [5d10] len=4 counter=1
[2026-04-22 17:49:55.271] I (2905) USER-RECV: Received [c978] len=4 counter=2
[2026-04-22 17:49:55.272] I (2905) USER-RECV: Received [5d10] len=4 counter=2
[2026-04-22 17:49:56.274] I (3905) USER-RECV: Received [c978] len=4 counter=3
[2026-04-22 17:49:56.275] I (3905) USER-RECV: Received [5d10] len=4 counter=3
[2026-04-22 17:49:57.272] I (4905) USER-RECV: Received [c978] len=4 counter=4
[2026-04-22 17:49:57.272] I (4905) USER-RECV: Received [5d10] len=4 counter=4
[2026-04-22 17:49:58.272] I (5905) USER-RECV: Received [c978] len=4 counter=5
[2026-04-22 17:49:58.274] I (5905) USER-RECV: Received [5d10] len=4 counter=5
[2026-04-22 17:49:59.274] I (6905) USER-RECV: Received [5d10] len=4 counter=6
[2026-04-22 17:49:59.275] I (6905) USER-RECV: Received [c978] len=4 counter=6
[2026-04-22 17:50:00.274] I (7905) USER-RECV: Received [c978] len=4 counter=7
[2026-04-22 17:50:00.275] I (7905) USER-RECV: Received [5d10] len=4 counter=7
[2026-04-22 17:50:01.275] I (8905) USER-RECV: Received [c978] len=4 counter=8
[2026-04-22 17:50:01.276] I (8905) USER-RECV: Received [5d10] len=4 counter=8
[2026-04-22 17:50:02.273] I (9905) USER-RECV: Received [5d10] len=4 counter=9
[2026-04-22 17:50:02.273] I (9905) USER-RECV: Received [c978] len=4 counter=9
[2026-04-22 17:50:03.274] I (10905) USER-RECV: Received [c978] len=4 counter=10
[2026-04-22 17:50:03.274] I (10905) USER-RECV: Received [5d10] len=4 counter=10
[2026-04-22 17:50:04.275] I (11905) USER-RECV: Received [c978] len=4 counter=11
[2026-04-22 17:50:04.276] I (11905) USER-RECV: Received [5d10] len=4 counter=11
[2026-04-22 17:50:05.275] I (12905) USER-RECV: Received [c978] len=4 counter=12
[2026-04-22 17:50:05.276] I (12905) USER-RECV: Received [5d10] len=4 counter=12
[2026-04-22 17:50:06.275] I (13905) USER-RECV: Received [c978] len=4 counter=13
[2026-04-22 17:50:06.275] I (13905) USER-RECV: Received [5d10] len=4 counter=13
[2026-04-22 17:50:07.275] I (14905) USER-RECV: Received [5d10] len=4 counter=14
[2026-04-22 17:50:07.474] I (15105) USER-RECV: Received [c978] len=4 counter=14
[2026-04-22 17:50:08.276] I (15905) USER-RECV: Received [c978] len=4 counter=15
[2026-04-22 17:50:08.277] I (15905) USER-RECV: Received [5d10] len=4 counter=15
[2026-04-22 17:50:09.275] I (16905) USER-RECV: Received [c978] len=4 counter=16
[2026-04-22 17:50:09.276] I (16905) USER-RECV: Received [5d10] len=4 counter=16
[2026-04-22 17:50:10.276] I (17905) USER-RECV: Received [c978] len=4 counter=17
[2026-04-22 17:50:10.277] I (17905) USER-RECV: Received [5d10] len=4 counter=17
[2026-04-22 17:50:11.275] I (18905) USER-RECV: Received [c978] len=4 counter=18
[2026-04-22 17:50:11.276] I (18905) USER-RECV: Received [5d10] len=4 counter=18
[2026-04-22 17:50:12.273] I (19905) USER-RECV: Received [c978] len=4 counter=19
[2026-04-22 17:50:12.273] I (19905) USER-RECV: Received [5d10] len=4 counter=19
[2026-04-22 17:50:13.276] I (20905) USER-RECV: Received [c978] len=4 counter=20
[2026-04-22 17:50:13.278] I (20905) USER-RECV: Received [5d10] len=4 counter=20
[2026-04-22 17:50:14.277] I (21905) USER-RECV: Received [c978] len=4 counter=21
[2026-04-22 17:50:14.279] I (21905) USER-RECV: Received [5d10] len=4 counter=21
[2026-04-22 17:50:15.275] I (22905) USER-RECV: Received [c978] len=4 counter=22
[2026-04-22 17:50:15.278] I (22905) USER-RECV: Received [5d10] len=4 counter=22
[2026-04-22 17:50:16.276] I (23905) USER-RECV: Received [5d10] len=4 counter=23
[2026-04-22 17:50:17.272] I (24905) USER-RECV: Received [c978] len=4 counter=24
[2026-04-22 17:50:17.273] I (24905) USER-RECV: Received [5d10] len=4 counter=24
[2026-04-22 17:50:18.276] I (25905) USER-RECV: Received [c978] len=4 counter=25
[2026-04-22 17:50:18.277] I (25905) USER-RECV: Received [5d10] len=4 counter=25
[2026-04-22 17:50:19.276] I (26905) USER-RECV: Received [c978] len=4 counter=26
[2026-04-22 17:50:19.276] I (26905) USER-RECV: Received [5d10] len=4 counter=26
[2026-04-22 17:50:20.276] I (27905) USER-RECV: Received [c978] len=4 counter=27
[2026-04-22 17:50:20.278] I (27905) USER-RECV: Received [5d10] len=4 counter=27
[2026-04-22 17:50:21.276] I (28905) USER-RECV: Received [5d10] len=4 counter=28
[2026-04-22 17:50:21.276] I (28905) USER-RECV: Received [c978] len=4 counter=28
[2026-04-22 17:50:22.275] I (29905) USER-RECV: Received [c978] len=4 counter=29
[2026-04-22 17:50:22.277] I (29905) USER-RECV: Received [5d10] len=4 counter=29
[2026-04-22 17:50:23.278] I (30905) USER-RECV: Received [c978] len=4 counter=30

# Monitor stopped: 2026-04-22T17:50:23.278410
