# Monitor started: 2026-05-23T14:54:32.194421
# Port: /dev/ttyACM0, Baud: 921600, Timeout: 35.000s after WCAN_TEST_START

# UART boot config: wcan v=1 role=sensor transport=BROADCAST test_duration_ms=30000 host_wait_time_ms=5000 base=0xd0 count=1 hz=100 linger=100
[2026-05-23 14:54:32.195] ESP-ROM:esp32c3-api1-20210207
[2026-05-23 14:54:32.195] Build:Feb  7 2021
[2026-05-23 14:54:32.199] rst:0x15 (USB_UART_CHIP_RESET),boot:0xd (SPI_FAST_FLASH_BOOT)
[2026-05-23 14:54:32.200] Saved PC:0x40384eba
[2026-05-23 14:54:32.202] SPIWP:0xee
[2026-05-23 14:54:32.203] mode:DIO, clock div:1
[2026-05-23 14:54:32.205] load:0x3fcd5820,len:0x1574
[2026-05-23 14:54:32.207] load:0x403cc710,len:0xc30
[2026-05-23 14:54:32.208] load:0x403ce710,len:0x2fa0
[2026-05-23 14:54:32.209] entry 0x403cc71a
[2026-05-23 14:54:32.216] I (24) boot: ESP-IDF v5.4.1 2nd stage bootloader
[2026-05-23 14:54:32.219] I (24) boot: compile time May 20 2026 00:05:32
[2026-05-23 14:54:32.222] I (25) boot: chip revision: v0.4
[2026-05-23 14:54:32.224] I (25) boot: efuse block revision: v1.3
[2026-05-23 14:54:32.227] I (25) boot.esp32c3: SPI Speed      : 80MHz
[2026-05-23 14:54:32.229] I (25) boot.esp32c3: SPI Mode       : DIO
[2026-05-23 14:54:32.232] I (26) boot.esp32c3: SPI Flash Size : 2MB
[2026-05-23 14:54:32.241] I (26) boot: Enabling RNG early entropy source...
[2026-05-23 14:54:32.243] I (27) boot: Partition Table:
[2026-05-23 14:54:32.246] I (27) boot: ## Label            Usage          Type ST Offset   Length
[2026-05-23 14:54:32.250] I (28) boot:  0 nvs              WiFi data        01 02 00009000 00006000
[2026-05-23 14:54:32.253] I (29) boot:  1 phy_init         RF data          01 01 0000f000 00001000
[2026-05-23 14:54:32.259] I (29) boot:  2 factory          factory app      00 00 00010000 00100000
[2026-05-23 14:54:32.262] I (30) boot: End of partition table
[2026-05-23 14:54:32.267] I (31) esp_image: segment 0: paddr=00010020 vaddr=3c0a0020 size=1977ch (104316) map
[2026-05-23 14:54:32.273] I (48) esp_image: segment 1: paddr=000297a4 vaddr=3fc95200 size=02da0h ( 11680) load
[2026-05-23 14:54:32.279] I (51) esp_image: segment 2: paddr=0002c54c vaddr=40380000 size=03acch ( 15052) load
[2026-05-23 14:54:32.286] I (54) esp_image: segment 3: paddr=00030020 vaddr=42000020 size=9942ch (627756) map
[2026-05-23 14:54:32.291] I (154) esp_image: segment 4: paddr=000c9454 vaddr=40383acc size=11614h ( 71188) load
[2026-05-23 14:54:32.298] I (168) esp_image: segment 5: paddr=000daa70 vaddr=50000200 size=0001ch (    28) load
[2026-05-23 14:54:32.302] I (175) boot: Loaded app from partition at offset 0x10000
[2026-05-23 14:54:32.305] I (175) boot: Disabling RNG early entropy source...
[2026-05-23 14:54:32.306] I (176) cpu_start: Unicore app
[2026-05-23 14:54:32.310] I (185) cpu_start: Pro cpu start user code
[2026-05-23 14:54:32.314] I (185) cpu_start: cpu freq: 160000000 Hz
[2026-05-23 14:54:32.318] I (185) app_init: Application information:
[2026-05-23 14:54:32.321] I (185) app_init: Project name:     sensor_acquirer
[2026-05-23 14:54:32.324] I (185) app_init: App version:      v1.0-171-gbbe0783
[2026-05-23 14:54:32.334] I (186) app_init: Compile time:     May 23 2026 14:30:31
[2026-05-23 14:54:32.337] I (186) app_init: ELF file SHA256:  493679023...
[2026-05-23 14:54:32.341] I (187) app_init: ESP-IDF:          v5.4.1
[2026-05-23 14:54:32.341] I (187) efuse_init: Min chip rev:     v0.3
[2026-05-23 14:54:32.343] I (188) efuse_init: Max chip rev:     v1.99
[2026-05-23 14:54:32.344] I (188) efuse_init: Chip rev:         v0.4
[2026-05-23 14:54:32.346] I (189) heap_init: Initializing. RAM available for dynamic allocation:
[2026-05-23 14:54:32.347] I (190) heap_init: At 3FC9C340 len 00023CC0 (143 KiB): RAM
[2026-05-23 14:54:32.349] I (190) heap_init: At 3FCC0000 len 0001C710 (113 KiB): Retention RAM
[2026-05-23 14:54:32.351] I (191) heap_init: At 3FCDC710 len 00002950 (10 KiB): Retention RAM
[2026-05-23 14:54:32.352] I (192) heap_init: At 5000021C len 00001DCC (7 KiB): RTCRAM
[2026-05-23 14:54:32.354] I (193) spi_flash: detected chip: generic
[2026-05-23 14:54:32.355] I (193) spi_flash: flash io: dio
[2026-05-23 14:54:32.358] W (194) spi_flash: Detected size(4096k) larger than the size in the binary image header(2048k). Using the size in the binary image header.
[2026-05-23 14:54:32.359] I (195) sleep_gpio: Configure to isolate all GPIO pins in sleep state
[2026-05-23 14:54:32.360] I (196) sleep_gpio: Enable automatic switching of GPIO sleep configuration
[2026-05-23 14:54:32.360] I (197) main_task: Started on CPU0
[2026-05-23 14:54:32.360] I (197) main_task: Calling app_main()
[2026-05-23 14:54:32.360] WCAN_CFG_WAIT v=1
# UART boot config sent: wcan v=1 role=sensor transport=BROADCAST test_duration_ms=30000 host_wait_time_ms=5000 base=0xd0 count=1 hz=100 linger=100
[2026-05-23 14:54:32.361] WCAN_CFG_WAIT v=1
[2026-05-23 14:54:34.812] WCAN_CFG_ACK
[2026-05-23 14:54:34.813] WCAN_CFG_ACK
[2026-05-23 14:54:34.817] I (2822) pp: pp rom version: 9387209
[2026-05-23 14:54:34.818] I (2823) net80211: net80211 rom version: 9387209
[2026-05-23 14:54:34.820] I (2824) wifi:wifi driver task: 3fca77a4, prio:23, stack:6656, core=0
[2026-05-23 14:54:34.823] I (2828) wifi:wifi firmware version: 79fa3f41ba
[2026-05-23 14:54:34.824] I (2828) wifi:wifi certification version: v7.0
[2026-05-23 14:54:34.825] I (2828) wifi:config NVS flash: enabled
[2026-05-23 14:54:34.826] I (2828) wifi:config nano formatting: disabled
[2026-05-23 14:54:34.828] I (2829) wifi:Init data frame dynamic rx buffer num: 32
[2026-05-23 14:54:34.829] I (2829) wifi:Init static rx mgmt buffer num: 5
[2026-05-23 14:54:34.830] I (2830) wifi:Init management short buffer num: 32
[2026-05-23 14:54:34.832] I (2830) wifi:Init dynamic tx buffer num: 32
[2026-05-23 14:54:34.833] I (2831) wifi:Init static tx FG buffer num: 2
[2026-05-23 14:54:34.834] I (2831) wifi:Init static rx buffer size: 1600
[2026-05-23 14:54:34.835] I (2832) wifi:Init static rx buffer num: 10
[2026-05-23 14:54:34.837] I (2832) wifi:Init dynamic rx buffer num: 32
[2026-05-23 14:54:34.838] I (2833) wifi_init: rx ba win: 6
[2026-05-23 14:54:34.839] I (2834) wifi_init: accept mbox: 6
[2026-05-23 14:54:34.840] I (2834) wifi_init: tcpip mbox: 32
[2026-05-23 14:54:34.841] I (2834) wifi_init: udp mbox: 6
[2026-05-23 14:54:34.842] I (2834) wifi_init: tcp mbox: 6
[2026-05-23 14:54:34.843] I (2835) wifi_init: tcp tx win: 5760
[2026-05-23 14:54:34.844] I (2835) wifi_init: tcp rx win: 5760
[2026-05-23 14:54:34.845] I (2836) wifi_init: tcp mss: 1440
[2026-05-23 14:54:34.846] I (2836) wifi_init: WiFi IRAM OP enabled
[2026-05-23 14:54:34.846] I (2836) wifi_init: WiFi RX IRAM OP enabled
[2026-05-23 14:54:34.847] I (2837) phy_init: phy_version 1200,2b7123f9,Feb 18 2025,15:22:21
[2026-05-23 14:54:34.867] I (2871) wifi:mode : sta (54:32:04:8c:0b:8c)
[2026-05-23 14:54:34.868] I (2872) wifi:enable tsf
[2026-05-23 14:54:34.870] I (2875) ESPNOW: espnow [version: 2.0] init
[2026-05-23 14:54:34.871] WCAN_TEST_READY role=sensor
# Waiting for phased test start
# UART test start sent: WCAN_TEST_START at 2026-05-23T14:54:34.883681
[2026-05-23 14:54:41.499] P(FAIL):9307:d0:53:583:593:11
[2026-05-23 14:54:50.181] P(FAIL):17989:d0:132:1452:1462:11
[2026-05-23 14:54:52.305] P(FAIL):20113:d0:151:1661:1671:11
[2026-05-23 14:54:55.500] P(FAIL):23308:d0:181:1991:2001:11
[2026-05-23 14:54:58.187] P(FAIL):25995:d0:205:2255:2265:11
[2026-05-23 14:55:05.222] P(FAIL):33030:d0:269:2959:2969:11
[2026-05-23 14:55:06.022] P(FAIL):33830:d0:270:2970:2980:11
[2026-05-23 14:55:06.195] WCAN_BATCH id=0xd0 count=273 avg_hz=9.09 avg_points=10.99 min_points=7 max_points=11 avg_interval_ms=110.00 min_interval_ms=109.95 max_interval_ms=110.06 avg_dispatch_ms=1.63 max_dispatch_ms=20.29 dispatched_count=291 avg_queue_wait_ms=19.54 max_queue_wait_ms=284.24
[2026-05-23 14:55:06.196] WCAN_SENSOR_END generated=2998 avg_hz=99.97
[2026-05-23 14:55:06.201] WCAN_MEASURES elapsed_ms=29999 heap_start_free=126648 heap_end_free=141280 heap_start_min_free=126588 heap_end_min_free=126288 heap_start_largest=98304 heap_end_largest=98304 airtime_us_total=472741 packets_sent_total=291 sensor_send_failures_total=0
[2026-05-23 14:55:06.201] WCAN_TEST_END role=sensor

# Monitor stopped: 2026-05-23T14:55:06.201814
