# Monitor started: 2026-05-23T14:54:32.194582
# Port: /dev/ttyACM1, Baud: 921600, Timeout: 35.000s after WCAN_TEST_START

# UART boot config: wcan v=1 role=sensor transport=BROADCAST test_duration_ms=30000 host_wait_time_ms=5000 base=0xe0 count=1 hz=100 linger=100
[2026-05-23 14:54:32.195] ESP-ROM:esp32c3-api1-20210207
[2026-05-23 14:54:32.196] Build:Feb  7 2021
[2026-05-23 14:54:32.201] rst:0x15 (USB_UART_CHIP_RESET),boot:0xd (SPI_FAST_FLASH_BOOT)
[2026-05-23 14:54:32.203] Saved PC:0x40384eba
[2026-05-23 14:54:32.203] SPIWP:0xee
[2026-05-23 14:54:32.206] mode:DIO, clock div:1
[2026-05-23 14:54:32.207] load:0x3fcd5820,len:0x1574
[2026-05-23 14:54:32.208] load:0x403cc710,len:0xc30
[2026-05-23 14:54:32.211] load:0x403ce710,len:0x2fa0
[2026-05-23 14:54:32.211] entry 0x403cc71a
[2026-05-23 14:54:32.216] I (24) boot: ESP-IDF v5.4.1 2nd stage bootloader
[2026-05-23 14:54:32.219] I (24) boot: compile time May 20 2026 00:05:32
[2026-05-23 14:54:32.221] I (25) boot: chip revision: v0.4
[2026-05-23 14:54:32.223] I (25) boot: efuse block revision: v1.3
[2026-05-23 14:54:32.225] I (25) boot.esp32c3: SPI Speed      : 80MHz
[2026-05-23 14:54:32.227] I (25) boot.esp32c3: SPI Mode       : DIO
[2026-05-23 14:54:32.230] I (26) boot.esp32c3: SPI Flash Size : 2MB
[2026-05-23 14:54:32.234] I (26) boot: Enabling RNG early entropy source...
[2026-05-23 14:54:32.237] I (27) boot: Partition Table:
[2026-05-23 14:54:32.248] I (27) boot: ## Label            Usage          Type ST Offset   Length
[2026-05-23 14:54:32.253] I (28) boot:  0 nvs              WiFi data        01 02 00009000 00006000
[2026-05-23 14:54:32.258] I (29) boot:  1 phy_init         RF data          01 01 0000f000 00001000
[2026-05-23 14:54:32.262] I (29) boot:  2 factory          factory app      00 00 00010000 00100000
[2026-05-23 14:54:32.266] I (30) boot: End of partition table
[2026-05-23 14:54:32.270] I (31) esp_image: segment 0: paddr=00010020 vaddr=3c0a0020 size=1977ch (104316) map
[2026-05-23 14:54:32.279] I (48) esp_image: segment 1: paddr=000297a4 vaddr=3fc95200 size=02da0h ( 11680) load
[2026-05-23 14:54:32.284] I (51) esp_image: segment 2: paddr=0002c54c vaddr=40380000 size=03acch ( 15052) load
[2026-05-23 14:54:32.291] I (54) esp_image: segment 3: paddr=00030020 vaddr=42000020 size=9942ch (627756) map
[2026-05-23 14:54:32.298] I (154) esp_image: segment 4: paddr=000c9454 vaddr=40383acc size=11614h ( 71188) load
[2026-05-23 14:54:32.304] I (168) esp_image: segment 5: paddr=000daa70 vaddr=50000200 size=0001ch (    28) load
[2026-05-23 14:54:32.313] I (175) boot: Loaded app from partition at offset 0x10000
[2026-05-23 14:54:32.316] I (175) boot: Disabling RNG early entropy source...
[2026-05-23 14:54:32.317] I (176) cpu_start: Unicore app
[2026-05-23 14:54:32.322] I (185) cpu_start: Pro cpu start user code
[2026-05-23 14:54:32.327] I (185) cpu_start: cpu freq: 160000000 Hz
[2026-05-23 14:54:32.330] I (185) app_init: Application information:
[2026-05-23 14:54:32.334] I (185) app_init: Project name:     sensor_acquirer
[2026-05-23 14:54:32.337] I (185) app_init: App version:      v1.0-171-gbbe0783
[2026-05-23 14:54:32.338] I (186) app_init: Compile time:     May 23 2026 14:30:31
[2026-05-23 14:54:32.339] I (187) app_init: ELF file SHA256:  493679023...
[2026-05-23 14:54:32.340] I (187) app_init: ESP-IDF:          v5.4.1
[2026-05-23 14:54:32.342] I (188) efuse_init: Min chip rev:     v0.3
[2026-05-23 14:54:32.343] I (188) efuse_init: Max chip rev:     v1.99
[2026-05-23 14:54:32.343] I (189) efuse_init: Chip rev:         v0.4
[2026-05-23 14:54:32.345] I (189) heap_init: Initializing. RAM available for dynamic allocation:
[2026-05-23 14:54:32.346] I (190) heap_init: At 3FC9C340 len 00023CC0 (143 KiB): RAM
[2026-05-23 14:54:32.347] I (190) heap_init: At 3FCC0000 len 0001C710 (113 KiB): Retention RAM
[2026-05-23 14:54:32.348] I (191) heap_init: At 3FCDC710 len 00002950 (10 KiB): Retention RAM
[2026-05-23 14:54:32.349] I (192) heap_init: At 5000021C len 00001DCC (7 KiB): RTCRAM
[2026-05-23 14:54:32.350] I (194) spi_flash: detected chip: generic
[2026-05-23 14:54:32.351] I (194) spi_flash: flash io: dio
[2026-05-23 14:54:32.353] W (194) spi_flash: Detected size(4096k) larger than the size in the binary image header(2048k). Using the size in the binary image header.
[2026-05-23 14:54:32.355] I (196) sleep_gpio: Configure to isolate all GPIO pins in sleep state
[2026-05-23 14:54:32.356] I (196) sleep_gpio: Enable automatic switching of GPIO sleep configuration
[2026-05-23 14:54:32.357] I (197) main_task: Started on CPU0
[2026-05-23 14:54:32.358] I (197) main_task: Calling app_main()
[2026-05-23 14:54:32.358] WCAN_CFG_WAIT v=1
# UART boot config sent: wcan v=1 role=sensor transport=BROADCAST test_duration_ms=30000 host_wait_time_ms=5000 base=0xe0 count=1 hz=100 linger=100
[2026-05-23 14:54:32.359] WCAN_CFG_WAIT v=1
[2026-05-23 14:54:34.813] WCAN_CFG_ACK
[2026-05-23 14:54:34.813] WCAN_CFG_ACK
[2026-05-23 14:54:34.817] I (2822) pp: pp rom version: 9387209
[2026-05-23 14:54:34.818] I (2823) net80211: net80211 rom version: 9387209
[2026-05-23 14:54:34.820] I (2824) wifi:wifi driver task: 3fca7720, prio:23, stack:6656, core=0
[2026-05-23 14:54:34.824] I (2828) wifi:wifi firmware version: 79fa3f41ba
[2026-05-23 14:54:34.825] I (2828) wifi:wifi certification version: v7.0
[2026-05-23 14:54:34.826] I (2828) wifi:config NVS flash: enabled
[2026-05-23 14:54:34.827] I (2828) wifi:config nano formatting: disabled
[2026-05-23 14:54:34.829] I (2829) wifi:Init data frame dynamic rx buffer num: 32
[2026-05-23 14:54:34.830] I (2829) wifi:Init static rx mgmt buffer num: 5
[2026-05-23 14:54:34.831] I (2830) wifi:Init management short buffer num: 32
[2026-05-23 14:54:34.832] I (2830) wifi:Init dynamic tx buffer num: 32
[2026-05-23 14:54:34.833] I (2831) wifi:Init static tx FG buffer num: 2
[2026-05-23 14:54:34.834] I (2831) wifi:Init static rx buffer size: 1600
[2026-05-23 14:54:34.835] I (2832) wifi:Init static rx buffer num: 10
[2026-05-23 14:54:34.836] I (2832) wifi:Init dynamic rx buffer num: 32
[2026-05-23 14:54:34.836] I (2833) wifi_init: rx ba win: 6
[2026-05-23 14:54:34.837] I (2834) wifi_init: accept mbox: 6
[2026-05-23 14:54:34.838] I (2834) wifi_init: tcpip mbox: 32
[2026-05-23 14:54:34.838] I (2834) wifi_init: udp mbox: 6
[2026-05-23 14:54:34.839] I (2834) wifi_init: tcp mbox: 6
[2026-05-23 14:54:34.840] I (2835) wifi_init: tcp tx win: 5760
[2026-05-23 14:54:34.840] I (2835) wifi_init: tcp rx win: 5760
[2026-05-23 14:54:34.841] I (2836) wifi_init: tcp mss: 1440
[2026-05-23 14:54:34.842] I (2836) wifi_init: WiFi IRAM OP enabled
[2026-05-23 14:54:34.844] I (2836) wifi_init: WiFi RX IRAM OP enabled
[2026-05-23 14:54:34.845] I (2837) phy_init: phy_version 1200,2b7123f9,Feb 18 2025,15:22:21
[2026-05-23 14:54:34.868] I (2872) wifi:mode : sta (74:4d:bd:e1:d5:b8)
[2026-05-23 14:54:34.868] I (2872) wifi:enable tsf
[2026-05-23 14:54:34.870] I (2875) ESPNOW: espnow [version: 2.0] init
[2026-05-23 14:54:34.872] WCAN_TEST_READY role=sensor
# Waiting for phased test start
# UART test start sent: WCAN_TEST_START at 2026-05-23T14:54:34.883648
[2026-05-23 14:54:35.694] P(FAIL):3502:e0:0:0:10:11
[2026-05-23 14:54:36.038] P(FAIL):3846:e0:4:44:54:11
[2026-05-23 14:54:36.422] P(FAIL):4230:e0:7:77:87:11
[2026-05-23 14:54:36.880] P(FAIL):4688:e0:11:121:131:11
[2026-05-23 14:54:37.373] P(FAIL):5181:e0:15:165:175:11
[2026-05-23 14:54:37.767] P(FAIL):5575:e0:19:209:219:11
[2026-05-23 14:54:38.199] P(FAIL):6007:e0:23:253:263:11
[2026-05-23 14:54:38.686] P(FAIL):6494:e0:27:297:307:11
[2026-05-23 14:54:39.113] P(FAIL):6921:e0:31:341:351:11
[2026-05-23 14:54:39.474] P(FAIL):7282:e0:35:385:395:11
[2026-05-23 14:54:39.820] P(FAIL):7628:e0:38:418:428:11
[2026-05-23 14:54:40.322] P(FAIL):8130:e0:42:462:472:11
[2026-05-23 14:54:40.697] P(FAIL):8505:e0:46:506:516:11
[2026-05-23 14:54:41.124] P(FAIL):8932:e0:50:550:560:11
[2026-05-23 14:54:41.972] P(FAIL):9780:e0:57:627:637:11
[2026-05-23 14:54:42.324] P(FAIL):10132:e0:61:671:681:11
[2026-05-23 14:54:42.680] P(FAIL):10488:e0:64:704:714:11
[2026-05-23 14:54:43.124] P(FAIL):10932:e0:68:748:758:11
[2026-05-23 14:54:43.565] P(FAIL):11373:e0:72:792:802:11
[2026-05-23 14:54:44.241] P(FAIL):12049:e0:78:858:868:11
[2026-05-23 14:54:44.871] P(FAIL):12679:e0:84:924:934:11
[2026-05-23 14:54:45.279] P(FAIL):13087:e0:85:935:945:11
[2026-05-23 14:54:45.706] P(FAIL):13514:e0:91:1001:1011:11
[2026-05-23 14:54:46.137] P(FAIL):13945:e0:95:1045:1055:11
[2026-05-23 14:54:46.566] P(FAIL):14374:e0:99:1089:1099:11
[2026-05-23 14:54:47.043] P(FAIL):14851:e0:103:1133:1143:11
[2026-05-23 14:54:47.447] P(FAIL):15255:e0:107:1177:1187:11
[2026-05-23 14:54:47.832] P(FAIL):15640:e0:111:1221:1231:11
[2026-05-23 14:54:48.199] P(FAIL):16007:e0:114:1254:1264:11
[2026-05-23 14:54:48.576] P(FAIL):16384:e0:118:1298:1308:11
[2026-05-23 14:54:48.987] P(FAIL):16795:e0:121:1331:1341:11
[2026-05-23 14:54:49.388] P(FAIL):17196:e0:125:1375:1385:11
[2026-05-23 14:54:49.817] P(FAIL):17625:e0:129:1419:1429:11
[2026-05-23 14:54:50.631] P(FAIL):18439:e0:136:1496:1506:11
[2026-05-23 14:54:51.111] P(FAIL):18919:e0:140:1540:1550:11
[2026-05-23 14:54:51.531] P(FAIL):19339:e0:144:1584:1594:11
[2026-05-23 14:54:51.908] P(FAIL):19716:e0:148:1628:1638:11
[2026-05-23 14:54:52.723] P(FAIL):20531:e0:155:1705:1715:11
[2026-05-23 14:54:53.138] P(FAIL):20946:e0:159:1749:1759:11
[2026-05-23 14:54:53.581] P(FAIL):21389:e0:163:1793:1803:11
[2026-05-23 14:54:54.020] P(FAIL):21828:e0:167:1837:1847:11
[2026-05-23 14:54:54.345] P(FAIL):22153:e0:170:1870:1880:11
[2026-05-23 14:54:54.781] P(FAIL):22589:e0:174:1914:1924:11
[2026-05-23 14:54:55.283] P(FAIL):23091:e0:178:1958:1968:11
[2026-05-23 14:54:55.872] P(FAIL):23680:e0:184:2024:2034:11
[2026-05-23 14:54:56.335] P(FAIL):24143:e0:188:2068:2078:11
[2026-05-23 14:54:56.709] P(FAIL):24517:e0:189:2079:2089:11
[2026-05-23 14:54:57.111] P(FAIL):24919:e0:195:2145:2155:11
[2026-05-23 14:54:57.487] P(FAIL):25295:e0:199:2189:2199:11
[2026-05-23 14:54:57.845] P(FAIL):25653:e0:202:2222:2232:11
[2026-05-23 14:54:58.206] P(FAIL):26014:e0:205:2255:2265:11
[2026-05-23 14:54:58.607] P(FAIL):26415:e0:209:2299:2309:11
[2026-05-23 14:54:58.907] P(FAIL):26715:e0:212:2332:2342:11
[2026-05-23 14:54:59.248] P(FAIL):27056:e0:215:2365:2375:11
[2026-05-23 14:54:59.708] P(FAIL):27516:e0:219:2409:2419:11
[2026-05-23 14:55:00.090] P(FAIL):27898:e0:222:2442:2452:11
[2026-05-23 14:55:00.502] P(FAIL):28310:e0:226:2486:2496:11
[2026-05-23 14:55:00.970] P(FAIL):28778:e0:230:2530:2540:11
[2026-05-23 14:55:01.441] P(FAIL):29249:e0:234:2574:2584:11
[2026-05-23 14:55:01.827] P(FAIL):29635:e0:238:2618:2628:11
[2026-05-23 14:55:02.262] P(FAIL):30070:e0:242:2662:2672:11
[2026-05-23 14:55:02.733] P(FAIL):30541:e0:246:2706:2716:11
[2026-05-23 14:55:03.147] P(FAIL):30955:e0:250:2750:2760:11
[2026-05-23 14:55:03.521] P(FAIL):31329:e0:254:2794:2804:11
[2026-05-23 14:55:03.889] P(FAIL):31697:e0:257:2827:2837:11
[2026-05-23 14:55:04.278] P(FAIL):32086:e0:260:2860:2870:11
[2026-05-23 14:55:04.684] P(FAIL):32492:e0:264:2904:2914:11
[2026-05-23 14:55:05.170] P(FAIL):32978:e0:268:2948:2958:11
[2026-05-23 14:55:05.856] P(FAIL):33664:e0:269:2959:2969:11
[2026-05-23 14:55:06.198] WCAN_BATCH id=0xe0 count=273 avg_hz=9.09 avg_points=10.99 min_points=7 max_points=11 avg_interval_ms=110.00 min_interval_ms=109.89 max_interval_ms=110.11 avg_dispatch_ms=1.78 max_dispatch_ms=21.57 dispatched_count=479 avg_queue_wait_ms=141.73 max_queue_wait_ms=518.76
[2026-05-23 14:55:06.198] WCAN_SENSOR_END generated=2998 avg_hz=99.97
[2026-05-23 14:55:06.203] WCAN_MEASURES elapsed_ms=29999 heap_start_free=126780 heap_end_free=141412 heap_start_min_free=126720 heap_end_min_free=126420 heap_start_largest=98304 heap_end_largest=98304 airtime_us_total=848658 packets_sent_total=479 sensor_send_failures_total=0
[2026-05-23 14:55:06.203] WCAN_TEST_END role=sensor

# Monitor stopped: 2026-05-23T14:55:06.203659
