# Monitor started: 2026-05-23T18:43:57.149486
# Port: /dev/ttyACM1, Baud: 921600, Timeout: 35.000s after WCAN_TEST_START

# UART boot config: wcan v=1 role=sensor transport=MULTICAST test_duration_ms=30000 host_wait_time_ms=5000 base=0xe0 count=1 hz=10 linger=100
[2026-05-23 18:43:57.150] ESP-ROM:esp32c3-api1-20210207
[2026-05-23 18:43:57.151] Build:Feb  7 2021
[2026-05-23 18:43:57.153] rst:0x15 (USB_UART_CHIP_RESET),boot:0xd (SPI_FAST_FLASH_BOOT)
[2026-05-23 18:43:57.154] Saved PC:0x40384eba
[2026-05-23 18:43:57.154] SPIWP:0xee
[2026-05-23 18:43:57.155] mode:DIO, clock div:1
[2026-05-23 18:43:57.157] load:0x3fcd5820,len:0x1574
[2026-05-23 18:43:57.161] load:0x403cc710,len:0xc30
[2026-05-23 18:43:57.163] load:0x403ce710,len:0x2fa0
[2026-05-23 18:43:57.164] entry 0x403cc71a
[2026-05-23 18:43:57.168] I (24) boot: ESP-IDF v5.4.1 2nd stage bootloader
[2026-05-23 18:43:57.171] I (24) boot: compile time May 19 2026 23:41:33
[2026-05-23 18:43:57.172] I (24) boot: chip revision: v0.4
[2026-05-23 18:43:57.175] I (25) boot: efuse block revision: v1.3
[2026-05-23 18:43:57.177] I (25) boot.esp32c3: SPI Speed      : 80MHz
[2026-05-23 18:43:57.179] I (25) boot.esp32c3: SPI Mode       : DIO
[2026-05-23 18:43:57.182] I (26) boot.esp32c3: SPI Flash Size : 2MB
[2026-05-23 18:43:57.186] I (26) boot: Enabling RNG early entropy source...
[2026-05-23 18:43:57.188] I (27) boot: Partition Table:
[2026-05-23 18:43:57.193] I (27) boot: ## Label            Usage          Type ST Offset   Length
[2026-05-23 18:43:57.201] I (28) boot:  0 nvs              WiFi data        01 02 00009000 00006000
[2026-05-23 18:43:57.206] I (29) boot:  1 phy_init         RF data          01 01 0000f000 00001000
[2026-05-23 18:43:57.208] I (29) boot:  2 factory          factory app      00 00 00010000 00100000
[2026-05-23 18:43:57.209] I (30) boot: End of partition table
[2026-05-23 18:43:57.213] I (31) esp_image: segment 0: paddr=00010020 vaddr=3c0a0020 size=19850h (104528) map
[2026-05-23 18:43:57.215] I (48) esp_image: segment 1: paddr=00029878 vaddr=3fc95000 size=02da0h ( 11680) load
[2026-05-23 18:43:57.217] I (51) esp_image: segment 2: paddr=0002c620 vaddr=40380000 size=039f8h ( 14840) load
[2026-05-23 18:43:57.218] I (54) esp_image: segment 3: paddr=00030020 vaddr=42000020 size=990b4h (626868) map
[2026-05-23 18:43:57.222] I (154) esp_image: segment 4: paddr=000c90dc vaddr=403839f8 size=114f8h ( 70904) load
[2026-05-23 18:43:57.224] I (167) esp_image: segment 5: paddr=000da5dc vaddr=50000200 size=0001ch (    28) load
[2026-05-23 18:43:57.232] I (174) boot: Loaded app from partition at offset 0x10000
[2026-05-23 18:43:57.235] I (174) boot: Disabling RNG early entropy source...
[2026-05-23 18:43:57.236] I (176) cpu_start: Unicore app
[2026-05-23 18:43:57.238] I (184) cpu_start: Pro cpu start user code
[2026-05-23 18:43:57.242] I (185) cpu_start: cpu freq: 160000000 Hz
[2026-05-23 18:43:57.250] I (185) app_init: Application information:
[2026-05-23 18:43:57.263] I (185) app_init: Project name:     sensor_acquirer
[2026-05-23 18:43:57.268] I (185) app_init: App version:      v1.0-171-gbbe0783
[2026-05-23 18:43:57.269] I (186) app_init: Compile time:     May 23 2026 14:30:40
[2026-05-23 18:43:57.272] I (186) app_init: ELF file SHA256:  0e7d705e7...
[2026-05-23 18:43:57.274] I (187) app_init: ESP-IDF:          v5.4.1
[2026-05-23 18:43:57.277] I (187) efuse_init: Min chip rev:     v0.3
[2026-05-23 18:43:57.278] I (188) efuse_init: Max chip rev:     v1.99
[2026-05-23 18:43:57.279] I (188) efuse_init: Chip rev:         v0.4
[2026-05-23 18:43:57.281] I (189) heap_init: Initializing. RAM available for dynamic allocation:
[2026-05-23 18:43:57.282] I (190) heap_init: At 3FC9C130 len 00023ED0 (143 KiB): RAM
[2026-05-23 18:43:57.285] I (190) heap_init: At 3FCC0000 len 0001C710 (113 KiB): Retention RAM
[2026-05-23 18:43:57.288] I (191) heap_init: At 3FCDC710 len 00002950 (10 KiB): Retention RAM
[2026-05-23 18:43:57.292] I (192) heap_init: At 5000021C len 00001DCC (7 KiB): RTCRAM
[2026-05-23 18:43:57.295] I (193) spi_flash: detected chip: generic
[2026-05-23 18:43:57.296] I (193) spi_flash: flash io: dio
[2026-05-23 18:43:57.300] W (194) spi_flash: Detected size(4096k) larger than the size in the binary image header(2048k). Using the size in the binary image header.
[2026-05-23 18:43:57.301] I (195) sleep_gpio: Configure to isolate all GPIO pins in sleep state
[2026-05-23 18:43:57.303] I (196) sleep_gpio: Enable automatic switching of GPIO sleep configuration
[2026-05-23 18:43:57.304] I (197) main_task: Started on CPU0
[2026-05-23 18:43:57.304] I (197) main_task: Calling app_main()
[2026-05-23 18:43:57.305] WCAN_CFG_WAIT v=1
# UART boot config sent: wcan v=1 role=sensor transport=MULTICAST test_duration_ms=30000 host_wait_time_ms=5000 base=0xe0 count=1 hz=10 linger=100
[2026-05-23 18:43:57.305] WCAN_CFG_WAIT v=1
[2026-05-23 18:43:59.725] WCAN_CFG_ACK
[2026-05-23 18:43:59.725] WCAN_CFG_ACK
[2026-05-23 18:43:59.730] I (2779) pp: pp rom version: 9387209
[2026-05-23 18:43:59.731] I (2780) net80211: net80211 rom version: 9387209
[2026-05-23 18:43:59.732] I (2781) wifi:wifi driver task: 3fca7510, prio:23, stack:6656, core=0
[2026-05-23 18:43:59.736] I (2785) wifi:wifi firmware version: 79fa3f41ba
[2026-05-23 18:43:59.737] I (2785) wifi:wifi certification version: v7.0
[2026-05-23 18:43:59.738] I (2785) wifi:config NVS flash: enabled
[2026-05-23 18:43:59.739] I (2785) wifi:config nano formatting: disabled
[2026-05-23 18:43:59.740] I (2786) wifi:Init data frame dynamic rx buffer num: 32
[2026-05-23 18:43:59.741] I (2786) wifi:Init static rx mgmt buffer num: 5
[2026-05-23 18:43:59.742] I (2787) wifi:Init management short buffer num: 32
[2026-05-23 18:43:59.743] I (2787) wifi:Init dynamic tx buffer num: 32
[2026-05-23 18:43:59.744] I (2788) wifi:Init static tx FG buffer num: 2
[2026-05-23 18:43:59.745] I (2788) wifi:Init static rx buffer size: 1600
[2026-05-23 18:43:59.746] I (2789) wifi:Init static rx buffer num: 10
[2026-05-23 18:43:59.747] I (2789) wifi:Init dynamic rx buffer num: 32
[2026-05-23 18:43:59.747] I (2790) wifi_init: rx ba win: 6
[2026-05-23 18:43:59.750] I (2791) wifi_init: accept mbox: 6
[2026-05-23 18:43:59.751] I (2791) wifi_init: tcpip mbox: 32
[2026-05-23 18:43:59.752] I (2791) wifi_init: udp mbox: 6
[2026-05-23 18:43:59.754] I (2791) wifi_init: tcp mbox: 6
[2026-05-23 18:43:59.757] I (2792) wifi_init: tcp tx win: 5760
[2026-05-23 18:43:59.761] I (2792) wifi_init: tcp rx win: 5760
[2026-05-23 18:43:59.764] I (2793) wifi_init: tcp mss: 1440
[2026-05-23 18:43:59.768] I (2793) wifi_init: WiFi IRAM OP enabled
[2026-05-23 18:43:59.771] I (2793) wifi_init: WiFi RX IRAM OP enabled
[2026-05-23 18:43:59.777] I (2794) phy_init: phy_version 1200,2b7123f9,Feb 18 2025,15:22:21
[2026-05-23 18:43:59.782] I (2828) wifi:mode : sta (74:4d:bd:e1:d5:b8)
[2026-05-23 18:43:59.784] I (2829) wifi:enable tsf
[2026-05-23 18:43:59.787] I (2832) ESPNOW: espnow [version: 2.0] init
[2026-05-23 18:43:59.789] WCAN_TEST_READY role=sensor
# Waiting for phased test start
# UART test start sent: WCAN_TEST_START at 2026-05-23T18:43:59.817153
[2026-05-23 18:44:30.131] WCAN_BATCH id=0xe0 count=150 avg_hz=5.00 avg_points=1.99 min_points=1 max_points=2 avg_interval_ms=200.00 min_interval_ms=199.94 max_interval_ms=200.02 avg_dispatch_ms=1.68 max_dispatch_ms=9.04 dispatched_count=150 avg_queue_wait_ms=0.12 max_queue_wait_ms=0.23
[2026-05-23 18:44:30.132] WCAN_SENSOR_END generated=298 avg_hz=9.97
[2026-05-23 18:44:30.136] WCAN_MEASURES elapsed_ms=29999 heap_start_free=97696 heap_end_free=113708 heap_start_min_free=97696 heap_end_min_free=97364 heap_start_largest=77824 heap_end_largest=81920 airtime_us_total=249134 packets_sent_total=150 sensor_send_failures_total=0
[2026-05-23 18:44:30.137] WCAN_TEST_END role=sensor

# Monitor stopped: 2026-05-23T18:44:30.137511
