# Monitor started: 2026-05-23T21:03:55.910821
# Port: /dev/ttyACM0, Baud: 921600, Timeout: 35.000s after WCAN_TEST_START

# UART boot config: wcan v=1 role=sensor transport=MULTICAST test_duration_ms=30000 host_wait_time_ms=5000 base=0xd0 count=1 hz=100 linger=0
[2026-05-23 21:03:55.922] ESP-ROM:esp32c3-api1-20210207
[2026-05-23 21:03:55.927] Build:Feb  7 2021
[2026-05-23 21:03:55.949] rst:0x15 (USB_UART_CHIP_RESET),boot:0xd (SPI_FAST_FLASH_BOOT)
[2026-05-23 21:03:55.958] Saved PC:0x40384eba
[2026-05-23 21:03:55.965] SPIWP:0xee
[2026-05-23 21:03:55.971] mode:DIO, clock div:1
[2026-05-23 21:03:55.975] load:0x3fcd5820,len:0x1574
[2026-05-23 21:03:55.977] load:0x403cc710,len:0xc30
[2026-05-23 21:03:55.979] load:0x403ce710,len:0x2fa0
[2026-05-23 21:03:55.979] entry 0x403cc71a
[2026-05-23 21:03:55.982] I (24) boot: ESP-IDF v5.4.1 2nd stage bootloader
[2026-05-23 21:03:55.985] I (24) boot: compile time May 19 2026 23:41:33
[2026-05-23 21:03:55.987] I (24) boot: chip revision: v0.4
[2026-05-23 21:03:55.990] I (25) boot: efuse block revision: v1.3
[2026-05-23 21:03:55.995] I (25) boot.esp32c3: SPI Speed      : 80MHz
[2026-05-23 21:03:55.998] I (25) boot.esp32c3: SPI Mode       : DIO
[2026-05-23 21:03:56.000] I (26) boot.esp32c3: SPI Flash Size : 2MB
[2026-05-23 21:03:56.008] I (26) boot: Enabling RNG early entropy source...
[2026-05-23 21:03:56.015] I (27) boot: Partition Table:
[2026-05-23 21:03:56.020] I (27) boot: ## Label            Usage          Type ST Offset   Length
[2026-05-23 21:03:56.025] I (28) boot:  0 nvs              WiFi data        01 02 00009000 00006000
[2026-05-23 21:03:56.029] I (29) boot:  1 phy_init         RF data          01 01 0000f000 00001000
[2026-05-23 21:03:56.031] I (29) boot:  2 factory          factory app      00 00 00010000 00100000
[2026-05-23 21:03:56.032] I (30) boot: End of partition table
[2026-05-23 21:03:56.037] I (31) esp_image: segment 0: paddr=00010020 vaddr=3c0a0020 size=19850h (104528) map
[2026-05-23 21:03:56.042] I (48) esp_image: segment 1: paddr=00029878 vaddr=3fc95000 size=02da0h ( 11680) load
[2026-05-23 21:03:56.048] I (51) esp_image: segment 2: paddr=0002c620 vaddr=40380000 size=039f8h ( 14840) load
[2026-05-23 21:03:56.052] I (54) esp_image: segment 3: paddr=00030020 vaddr=42000020 size=990b4h (626868) map
[2026-05-23 21:03:56.055] I (154) esp_image: segment 4: paddr=000c90dc vaddr=403839f8 size=114f8h ( 70904) load
[2026-05-23 21:03:56.056] I (168) esp_image: segment 5: paddr=000da5dc vaddr=50000200 size=0001ch (    28) load
[2026-05-23 21:03:56.063] I (175) boot: Loaded app from partition at offset 0x10000
[2026-05-23 21:03:56.064] I (175) boot: Disabling RNG early entropy source...
[2026-05-23 21:03:56.067] I (176) cpu_start: Unicore app
[2026-05-23 21:03:56.073] I (185) cpu_start: Pro cpu start user code
[2026-05-23 21:03:56.077] I (185) cpu_start: cpu freq: 160000000 Hz
[2026-05-23 21:03:56.078] I (185) app_init: Application information:
[2026-05-23 21:03:56.081] I (185) app_init: Project name:     sensor_acquirer
[2026-05-23 21:03:56.086] I (185) app_init: App version:      v1.0-171-gbbe0783
[2026-05-23 21:03:56.087] I (186) app_init: Compile time:     May 23 2026 14:30:40
[2026-05-23 21:03:56.091] I (186) app_init: ELF file SHA256:  0e7d705e7...
[2026-05-23 21:03:56.097] I (187) app_init: ESP-IDF:          v5.4.1
[2026-05-23 21:03:56.099] I (187) efuse_init: Min chip rev:     v0.3
[2026-05-23 21:03:56.100] I (188) efuse_init: Max chip rev:     v1.99
[2026-05-23 21:03:56.102] I (188) efuse_init: Chip rev:         v0.4
[2026-05-23 21:03:56.104] I (189) heap_init: Initializing. RAM available for dynamic allocation:
[2026-05-23 21:03:56.107] I (190) heap_init: At 3FC9C130 len 00023ED0 (143 KiB): RAM
[2026-05-23 21:03:56.110] I (190) heap_init: At 3FCC0000 len 0001C710 (113 KiB): Retention RAM
[2026-05-23 21:03:56.112] I (191) heap_init: At 3FCDC710 len 00002950 (10 KiB): Retention RAM
[2026-05-23 21:03:56.113] I (192) heap_init: At 5000021C len 00001DCC (7 KiB): RTCRAM
[2026-05-23 21:03:56.113] I (193) spi_flash: detected chip: generic
[2026-05-23 21:03:56.114] I (193) spi_flash: flash io: dio
[2026-05-23 21:03:56.116] W (194) spi_flash: Detected size(4096k) larger than the size in the binary image header(2048k). Using the size in the binary image header.
[2026-05-23 21:03:56.117] I (195) sleep_gpio: Configure to isolate all GPIO pins in sleep state
[2026-05-23 21:03:56.119] I (196) sleep_gpio: Enable automatic switching of GPIO sleep configuration
[2026-05-23 21:03:56.119] I (197) main_task: Started on CPU0
[2026-05-23 21:03:56.120] I (197) main_task: Calling app_main()
[2026-05-23 21:03:56.120] WCAN_CFG_WAIT v=1
# UART boot config sent: wcan v=1 role=sensor transport=MULTICAST test_duration_ms=30000 host_wait_time_ms=5000 base=0xd0 count=1 hz=100 linger=0
[2026-05-23 21:03:56.121] WCAN_CFG_WAIT v=1
[2026-05-23 21:03:58.529] WCAN_CFG_ACK
[2026-05-23 21:03:58.530] WCAN_CFG_ACK
[2026-05-23 21:03:58.534] I (2822) pp: pp rom version: 9387209
[2026-05-23 21:03:58.535] I (2823) net80211: net80211 rom version: 9387209
[2026-05-23 21:03:58.536] I (2824) wifi:wifi driver task: 3fca7594, prio:23, stack:6656, core=0
[2026-05-23 21:03:58.540] I (2828) wifi:wifi firmware version: 79fa3f41ba
[2026-05-23 21:03:58.541] I (2828) wifi:wifi certification version: v7.0
[2026-05-23 21:03:58.542] I (2828) wifi:config NVS flash: enabled
[2026-05-23 21:03:58.543] I (2828) wifi:config nano formatting: disabled
[2026-05-23 21:03:58.544] I (2829) wifi:Init data frame dynamic rx buffer num: 32
[2026-05-23 21:03:58.545] I (2829) wifi:Init static rx mgmt buffer num: 5
[2026-05-23 21:03:58.546] I (2830) wifi:Init management short buffer num: 32
[2026-05-23 21:03:58.547] I (2830) wifi:Init dynamic tx buffer num: 32
[2026-05-23 21:03:58.548] I (2831) wifi:Init static tx FG buffer num: 2
[2026-05-23 21:03:58.548] I (2831) wifi:Init static rx buffer size: 1600
[2026-05-23 21:03:58.549] I (2832) wifi:Init static rx buffer num: 10
[2026-05-23 21:03:58.551] I (2832) wifi:Init dynamic rx buffer num: 32
[2026-05-23 21:03:58.551] I (2833) wifi_init: rx ba win: 6
[2026-05-23 21:03:58.552] I (2834) wifi_init: accept mbox: 6
[2026-05-23 21:03:58.553] I (2834) wifi_init: tcpip mbox: 32
[2026-05-23 21:03:58.553] I (2834) wifi_init: udp mbox: 6
[2026-05-23 21:03:58.554] I (2834) wifi_init: tcp mbox: 6
[2026-05-23 21:03:58.555] I (2835) wifi_init: tcp tx win: 5760
[2026-05-23 21:03:58.555] I (2835) wifi_init: tcp rx win: 5760
[2026-05-23 21:03:58.556] I (2836) wifi_init: tcp mss: 1440
[2026-05-23 21:03:58.557] I (2836) wifi_init: WiFi IRAM OP enabled
[2026-05-23 21:03:58.557] I (2836) wifi_init: WiFi RX IRAM OP enabled
[2026-05-23 21:03:58.559] I (2837) phy_init: phy_version 1200,2b7123f9,Feb 18 2025,15:22:21
[2026-05-23 21:03:58.582] I (2871) wifi:mode : sta (54:32:04:8c:0b:8c)
[2026-05-23 21:03:58.582] I (2871) wifi:enable tsf
[2026-05-23 21:03:58.586] I (2874) ESPNOW: espnow [version: 2.0] init
[2026-05-23 21:03:58.586] WCAN_TEST_READY role=sensor
# Waiting for phased test start
# UART test start sent: WCAN_TEST_START at 2026-05-23T21:03:58.598315
[2026-05-23 21:04:28.935] WCAN_BATCH id=0xd0 count=2999 avg_hz=100.00 avg_points=1.00 min_points=1 max_points=1 avg_interval_ms=10.00 min_interval_ms=9.97 max_interval_ms=10.04 avg_dispatch_ms=1.52 max_dispatch_ms=9.99 dispatched_count=2999 avg_queue_wait_ms=0.09 max_queue_wait_ms=0.25
[2026-05-23 21:04:28.936] WCAN_SENSOR_END generated=2998 avg_hz=99.97
[2026-05-23 21:04:28.940] WCAN_MEASURES elapsed_ms=29999 heap_start_free=97564 heap_end_free=109128 heap_start_min_free=97564 heap_end_min_free=97272 heap_start_largest=77824 heap_end_largest=77824 airtime_us_total=4505033 packets_sent_total=2999 sensor_send_failures_total=0
[2026-05-23 21:04:28.941] WCAN_TEST_END role=sensor

# Monitor stopped: 2026-05-23T21:04:28.941237
