# Monitor started: 2026-05-23T16:47:41.954454
# Port: /dev/ttyACM0, Baud: 921600, Timeout: 35.000s after WCAN_TEST_START

# UART boot config: wcan v=1 role=sensor transport=BROADCAST test_duration_ms=30000 host_wait_time_ms=5000 base=0xd0 count=1 hz=10 linger=0
[2026-05-23 16:47:41.955] ESP-ROM:esp32c3-api1-20210207
[2026-05-23 16:47:41.955] Build:Feb  7 2021
[2026-05-23 16:47:41.975] rst:0x15 (USB_UART_CHIP_RESET),boot:0xd (SPI_FAST_FLASH_BOOT)
[2026-05-23 16:47:41.983] Saved PC:0x40384eba
[2026-05-23 16:47:41.985] SPIWP:0xee
[2026-05-23 16:47:41.991] mode:DIO, clock div:1
[2026-05-23 16:47:41.998] load:0x3fcd5820,len:0x1574
[2026-05-23 16:47:42.013] load:0x403cc710,len:0xc30
[2026-05-23 16:47:42.021] load:0x403ce710,len:0x2fa0
[2026-05-23 16:47:42.022] entry 0x403cc71a
[2026-05-23 16:47:42.025] I (24) boot: ESP-IDF v5.4.1 2nd stage bootloader
[2026-05-23 16:47:42.033] I (24) boot: compile time May 20 2026 00:05:32
[2026-05-23 16:47:42.038] I (25) boot: chip revision: v0.4
[2026-05-23 16:47:42.040] I (25) boot: efuse block revision: v1.3
[2026-05-23 16:47:42.043] I (25) boot.esp32c3: SPI Speed      : 80MHz
[2026-05-23 16:47:42.044] I (25) boot.esp32c3: SPI Mode       : DIO
[2026-05-23 16:47:42.047] I (26) boot.esp32c3: SPI Flash Size : 2MB
[2026-05-23 16:47:42.049] I (26) boot: Enabling RNG early entropy source...
[2026-05-23 16:47:42.051] I (27) boot: Partition Table:
[2026-05-23 16:47:42.054] I (27) boot: ## Label            Usage          Type ST Offset   Length
[2026-05-23 16:47:42.067] I (28) boot:  0 nvs              WiFi data        01 02 00009000 00006000
[2026-05-23 16:47:42.075] I (29) boot:  1 phy_init         RF data          01 01 0000f000 00001000
[2026-05-23 16:47:42.082] I (29) boot:  2 factory          factory app      00 00 00010000 00100000
[2026-05-23 16:47:42.083] I (30) boot: End of partition table
[2026-05-23 16:47:42.088] I (31) esp_image: segment 0: paddr=00010020 vaddr=3c0a0020 size=1977ch (104316) map
[2026-05-23 16:47:42.095] I (48) esp_image: segment 1: paddr=000297a4 vaddr=3fc95200 size=02da0h ( 11680) load
[2026-05-23 16:47:42.097] I (51) esp_image: segment 2: paddr=0002c54c vaddr=40380000 size=03acch ( 15052) load
[2026-05-23 16:47:42.099] I (54) esp_image: segment 3: paddr=00030020 vaddr=42000020 size=9942ch (627756) map
[2026-05-23 16:47:42.102] I (154) esp_image: segment 4: paddr=000c9454 vaddr=40383acc size=11614h ( 71188) load
[2026-05-23 16:47:42.108] I (168) esp_image: segment 5: paddr=000daa70 vaddr=50000200 size=0001ch (    28) load
[2026-05-23 16:47:42.113] I (175) boot: Loaded app from partition at offset 0x10000
[2026-05-23 16:47:42.116] I (175) boot: Disabling RNG early entropy source...
[2026-05-23 16:47:42.117] I (176) cpu_start: Unicore app
[2026-05-23 16:47:42.119] I (185) cpu_start: Pro cpu start user code
[2026-05-23 16:47:42.123] I (185) cpu_start: cpu freq: 160000000 Hz
[2026-05-23 16:47:42.128] I (185) app_init: Application information:
[2026-05-23 16:47:42.134] I (185) app_init: Project name:     sensor_acquirer
[2026-05-23 16:47:42.140] I (185) app_init: App version:      v1.0-171-gbbe0783
[2026-05-23 16:47:42.145] I (186) app_init: Compile time:     May 23 2026 14:30:31
[2026-05-23 16:47:42.147] I (187) app_init: ELF file SHA256:  493679023...
[2026-05-23 16:47:42.148] I (187) app_init: ESP-IDF:          v5.4.1
[2026-05-23 16:47:42.149] I (188) efuse_init: Min chip rev:     v0.3
[2026-05-23 16:47:42.149] I (188) efuse_init: Max chip rev:     v1.99
[2026-05-23 16:47:42.150] I (189) efuse_init: Chip rev:         v0.4
[2026-05-23 16:47:42.152] I (189) heap_init: Initializing. RAM available for dynamic allocation:
[2026-05-23 16:47:42.153] I (190) heap_init: At 3FC9C340 len 00023CC0 (143 KiB): RAM
[2026-05-23 16:47:42.154] I (190) heap_init: At 3FCC0000 len 0001C710 (113 KiB): Retention RAM
[2026-05-23 16:47:42.155] I (191) heap_init: At 3FCDC710 len 00002950 (10 KiB): Retention RAM
[2026-05-23 16:47:42.156] I (192) heap_init: At 5000021C len 00001DCC (7 KiB): RTCRAM
[2026-05-23 16:47:42.157] I (194) spi_flash: detected chip: generic
[2026-05-23 16:47:42.158] I (194) spi_flash: flash io: dio
[2026-05-23 16:47:42.160] W (194) spi_flash: Detected size(4096k) larger than the size in the binary image header(2048k). Using the size in the binary image header.
[2026-05-23 16:47:42.162] I (196) sleep_gpio: Configure to isolate all GPIO pins in sleep state
[2026-05-23 16:47:42.163] I (196) sleep_gpio: Enable automatic switching of GPIO sleep configuration
[2026-05-23 16:47:42.164] I (197) main_task: Started on CPU0
[2026-05-23 16:47:42.164] I (197) main_task: Calling app_main()
[2026-05-23 16:47:42.165] WCAN_CFG_WAIT v=1
# UART boot config sent: wcan v=1 role=sensor transport=BROADCAST test_duration_ms=30000 host_wait_time_ms=5000 base=0xd0 count=1 hz=10 linger=0
[2026-05-23 16:47:42.166] WCAN_CFG_WAIT v=1
[2026-05-23 16:47:44.552] WCAN_CFG_ACK
[2026-05-23 16:47:44.553] WCAN_CFG_ACK
[2026-05-23 16:47:44.557] I (2802) pp: pp rom version: 9387209
[2026-05-23 16:47:44.558] I (2803) net80211: net80211 rom version: 9387209
[2026-05-23 16:47:44.559] I (2804) wifi:wifi driver task: 3fca77a4, prio:23, stack:6656, core=0
[2026-05-23 16:47:44.563] I (2808) wifi:wifi firmware version: 79fa3f41ba
[2026-05-23 16:47:44.564] I (2808) wifi:wifi certification version: v7.0
[2026-05-23 16:47:44.565] I (2808) wifi:config NVS flash: enabled
[2026-05-23 16:47:44.566] I (2808) wifi:config nano formatting: disabled
[2026-05-23 16:47:44.568] I (2809) wifi:Init data frame dynamic rx buffer num: 32
[2026-05-23 16:47:44.569] I (2809) wifi:Init static rx mgmt buffer num: 5
[2026-05-23 16:47:44.570] I (2810) wifi:Init management short buffer num: 32
[2026-05-23 16:47:44.571] I (2810) wifi:Init dynamic tx buffer num: 32
[2026-05-23 16:47:44.573] I (2811) wifi:Init static tx FG buffer num: 2
[2026-05-23 16:47:44.574] I (2811) wifi:Init static rx buffer size: 1600
[2026-05-23 16:47:44.574] I (2812) wifi:Init static rx buffer num: 10
[2026-05-23 16:47:44.575] I (2812) wifi:Init dynamic rx buffer num: 32
[2026-05-23 16:47:44.576] I (2813) wifi_init: rx ba win: 6
[2026-05-23 16:47:44.577] I (2814) wifi_init: accept mbox: 6
[2026-05-23 16:47:44.578] I (2814) wifi_init: tcpip mbox: 32
[2026-05-23 16:47:44.579] I (2814) wifi_init: udp mbox: 6
[2026-05-23 16:47:44.580] I (2814) wifi_init: tcp mbox: 6
[2026-05-23 16:47:44.581] I (2815) wifi_init: tcp tx win: 5760
[2026-05-23 16:47:44.582] I (2815) wifi_init: tcp rx win: 5760
[2026-05-23 16:47:44.583] I (2816) wifi_init: tcp mss: 1440
[2026-05-23 16:47:44.584] I (2816) wifi_init: WiFi IRAM OP enabled
[2026-05-23 16:47:44.585] I (2816) wifi_init: WiFi RX IRAM OP enabled
[2026-05-23 16:47:44.587] I (2817) phy_init: phy_version 1200,2b7123f9,Feb 18 2025,15:22:21
[2026-05-23 16:47:44.607] I (2851) wifi:mode : sta (54:32:04:8c:0b:8c)
[2026-05-23 16:47:44.608] I (2852) wifi:enable tsf
[2026-05-23 16:47:44.610] I (2854) ESPNOW: espnow [version: 2.0] init
[2026-05-23 16:47:44.611] WCAN_TEST_READY role=sensor
# Waiting for phased test start
# UART test start sent: WCAN_TEST_START at 2026-05-23T16:47:44.622971
[2026-05-23 16:47:47.283] P(FAIL):5331:d0:19:19:19:1
[2026-05-23 16:47:50.764] P(FAIL):8812:d0:54:54:54:1
[2026-05-23 16:48:03.561] P(FAIL):21609:d0:182:182:182:1
[2026-05-23 16:48:07.678] P(FAIL):25726:d0:224:224:224:1
[2026-05-23 16:48:13.156] P(FAIL):31204:d0:278:278:278:1
[2026-05-23 16:48:14.669] P(FAIL):32717:d0:293:293:293:1
[2026-05-23 16:48:15.153] P(FAIL):33201:d0:294:294:294:1
[2026-05-23 16:48:15.936] WCAN_BATCH id=0xd0 count=299 avg_hz=10.00 avg_points=1.00 min_points=1 max_points=1 avg_interval_ms=100.00 min_interval_ms=99.94 max_interval_ms=100.05 avg_dispatch_ms=1.23 max_dispatch_ms=8.45 dispatched_count=315 avg_queue_wait_ms=18.72 max_queue_wait_ms=407.76
[2026-05-23 16:48:15.937] WCAN_SENSOR_END generated=298 avg_hz=9.97
[2026-05-23 16:48:15.938] WCAN_MEASURES elapsed_ms=29999 heap_start_free=126648 heap_end_free=141436 heap_start_min_free=126628 heap_end_min_free=126368 heap_start_largest=98304 heap_end_largest=98304 airtime_us_total=384553 packets_sent_total=315 sensor_send_failures_total=0
[2026-05-23 16:48:15.938] WCAN_TEST_END role=sensor

# Monitor stopped: 2026-05-23T16:48:15.938398
