# Monitor started: 2026-05-23T18:14:38.559386
# Port: /dev/ttyACM1, Baud: 921600, Timeout: 35.000s after WCAN_TEST_START

# UART boot config: wcan v=1 role=sensor transport=BROADCAST test_duration_ms=30000 host_wait_time_ms=5000 base=0xe0 count=1 hz=750 linger=100
[2026-05-23 18:14:38.565] ESP-ROM:esp32c3-api1-20210207
[2026-05-23 18:14:38.576] Build:Feb  7 2021
[2026-05-23 18:14:38.596] rst:0x15 (USB_UART_CHIP_RESET),boot:0xd (SPI_FAST_FLASH_BOOT)
[2026-05-23 18:14:38.602] Saved PC:0x40384eba
[2026-05-23 18:14:38.603] SPIWP:0xee
[2026-05-23 18:14:38.609] mode:DIO, clock div:1
[2026-05-23 18:14:38.611] load:0x3fcd5820,len:0x1574
[2026-05-23 18:14:38.614] load:0x403cc710,len:0xc30
[2026-05-23 18:14:38.619] load:0x403ce710,len:0x2fa0
[2026-05-23 18:14:38.620] entry 0x403cc71a
[2026-05-23 18:14:38.626] I (24) boot: ESP-IDF v5.4.1 2nd stage bootloader
[2026-05-23 18:14:38.635] I (24) boot: compile time May 20 2026 00:05:32
[2026-05-23 18:14:38.637] I (25) boot: chip revision: v0.4
[2026-05-23 18:14:38.644] I (25) boot: efuse block revision: v1.3
[2026-05-23 18:14:38.649] I (25) boot.esp32c3: SPI Speed      : 80MHz
[2026-05-23 18:14:38.652] I (25) boot.esp32c3: SPI Mode       : DIO
[2026-05-23 18:14:38.656] I (26) boot.esp32c3: SPI Flash Size : 2MB
[2026-05-23 18:14:38.661] I (26) boot: Enabling RNG early entropy source...
[2026-05-23 18:14:38.667] I (27) boot: Partition Table:
[2026-05-23 18:14:38.674] I (27) boot: ## Label            Usage          Type ST Offset   Length
[2026-05-23 18:14:38.677] I (28) boot:  0 nvs              WiFi data        01 02 00009000 00006000
[2026-05-23 18:14:38.682] I (29) boot:  1 phy_init         RF data          01 01 0000f000 00001000
[2026-05-23 18:14:38.683] I (29) boot:  2 factory          factory app      00 00 00010000 00100000
[2026-05-23 18:14:38.685] I (30) boot: End of partition table
[2026-05-23 18:14:38.694] I (31) esp_image: segment 0: paddr=00010020 vaddr=3c0a0020 size=1977ch (104316) map
[2026-05-23 18:14:38.696] I (48) esp_image: segment 1: paddr=000297a4 vaddr=3fc95200 size=02da0h ( 11680) load
[2026-05-23 18:14:38.700] I (51) esp_image: segment 2: paddr=0002c54c vaddr=40380000 size=03acch ( 15052) load
[2026-05-23 18:14:38.704] I (54) esp_image: segment 3: paddr=00030020 vaddr=42000020 size=9942ch (627756) map
[2026-05-23 18:14:38.709] I (154) esp_image: segment 4: paddr=000c9454 vaddr=40383acc size=11614h ( 71188) load
[2026-05-23 18:14:38.721] I (168) esp_image: segment 5: paddr=000daa70 vaddr=50000200 size=0001ch (    28) load
[2026-05-23 18:14:38.722] I (175) boot: Loaded app from partition at offset 0x10000
[2026-05-23 18:14:38.726] I (175) boot: Disabling RNG early entropy source...
[2026-05-23 18:14:38.727] I (176) cpu_start: Unicore app
[2026-05-23 18:14:38.728] I (185) cpu_start: Pro cpu start user code
[2026-05-23 18:14:38.728] I (185) cpu_start: cpu freq: 160000000 Hz
[2026-05-23 18:14:38.729] I (185) app_init: Application information:
[2026-05-23 18:14:38.730] I (185) app_init: Project name:     sensor_acquirer
[2026-05-23 18:14:38.731] I (185) app_init: App version:      v1.0-171-gbbe0783
[2026-05-23 18:14:38.732] I (186) app_init: Compile time:     May 23 2026 14:30:31
[2026-05-23 18:14:38.733] I (187) app_init: ELF file SHA256:  493679023...
[2026-05-23 18:14:38.734] I (187) app_init: ESP-IDF:          v5.4.1
[2026-05-23 18:14:38.735] I (188) efuse_init: Min chip rev:     v0.3
[2026-05-23 18:14:38.736] I (188) efuse_init: Max chip rev:     v1.99
[2026-05-23 18:14:38.736] I (189) efuse_init: Chip rev:         v0.4
[2026-05-23 18:14:38.738] I (189) heap_init: Initializing. RAM available for dynamic allocation:
[2026-05-23 18:14:38.739] I (190) heap_init: At 3FC9C340 len 00023CC0 (143 KiB): RAM
[2026-05-23 18:14:38.740] I (190) heap_init: At 3FCC0000 len 0001C710 (113 KiB): Retention RAM
[2026-05-23 18:14:38.741] I (191) heap_init: At 3FCDC710 len 00002950 (10 KiB): Retention RAM
[2026-05-23 18:14:38.742] I (192) heap_init: At 5000021C len 00001DCC (7 KiB): RTCRAM
[2026-05-23 18:14:38.743] I (194) spi_flash: detected chip: generic
[2026-05-23 18:14:38.743] I (194) spi_flash: flash io: dio
[2026-05-23 18:14:38.746] W (194) spi_flash: Detected size(4096k) larger than the size in the binary image header(2048k). Using the size in the binary image header.
[2026-05-23 18:14:38.747] I (196) sleep_gpio: Configure to isolate all GPIO pins in sleep state
[2026-05-23 18:14:38.748] I (196) sleep_gpio: Enable automatic switching of GPIO sleep configuration
[2026-05-23 18:14:38.749] I (197) main_task: Started on CPU0
[2026-05-23 18:14:38.749] I (197) main_task: Calling app_main()
[2026-05-23 18:14:38.750] WCAN_CFG_WAIT v=1
# UART boot config sent: wcan v=1 role=sensor transport=BROADCAST test_duration_ms=30000 host_wait_time_ms=5000 base=0xe0 count=1 hz=750 linger=100
[2026-05-23 18:14:38.752] WCAN_CFG_WAIT v=1
[2026-05-23 18:14:41.191] WCAN_CFG_ACK
[2026-05-23 18:14:41.191] WCAN_CFG_ACK
[2026-05-23 18:14:41.195] I (2835) pp: pp rom version: 9387209
[2026-05-23 18:14:41.197] I (2836) net80211: net80211 rom version: 9387209
[2026-05-23 18:14:41.202] I (2837) wifi:wifi driver task: 3fca7720, prio:23, stack:6656, core=0
[2026-05-23 18:14:41.207] I (2841) wifi:wifi firmware version: 79fa3f41ba
[2026-05-23 18:14:41.213] I (2841) wifi:wifi certification version: v7.0
[2026-05-23 18:14:41.219] I (2841) wifi:config NVS flash: enabled
[2026-05-23 18:14:41.223] I (2841) wifi:config nano formatting: disabled
[2026-05-23 18:14:41.226] I (2842) wifi:Init data frame dynamic rx buffer num: 32
[2026-05-23 18:14:41.230] I (2842) wifi:Init static rx mgmt buffer num: 5
[2026-05-23 18:14:41.233] I (2843) wifi:Init management short buffer num: 32
[2026-05-23 18:14:41.235] I (2843) wifi:Init dynamic tx buffer num: 32
[2026-05-23 18:14:41.238] I (2844) wifi:Init static tx FG buffer num: 2
[2026-05-23 18:14:41.239] I (2844) wifi:Init static rx buffer size: 1600
[2026-05-23 18:14:41.241] I (2845) wifi:Init static rx buffer num: 10
[2026-05-23 18:14:41.242] I (2845) wifi:Init dynamic rx buffer num: 32
[2026-05-23 18:14:41.244] I (2846) wifi_init: rx ba win: 6
[2026-05-23 18:14:41.245] I (2847) wifi_init: accept mbox: 6
[2026-05-23 18:14:41.245] I (2847) wifi_init: tcpip mbox: 32
[2026-05-23 18:14:41.246] I (2847) wifi_init: udp mbox: 6
[2026-05-23 18:14:41.247] I (2847) wifi_init: tcp mbox: 6
[2026-05-23 18:14:41.248] I (2848) wifi_init: tcp tx win: 5760
[2026-05-23 18:14:41.248] I (2848) wifi_init: tcp rx win: 5760
[2026-05-23 18:14:41.249] I (2849) wifi_init: tcp mss: 1440
[2026-05-23 18:14:41.250] I (2849) wifi_init: WiFi IRAM OP enabled
[2026-05-23 18:14:41.251] I (2849) wifi_init: WiFi RX IRAM OP enabled
[2026-05-23 18:14:41.252] I (2850) phy_init: phy_version 1200,2b7123f9,Feb 18 2025,15:22:21
[2026-05-23 18:14:41.253] I (2885) wifi:mode : sta (74:4d:bd:e1:d5:b8)
[2026-05-23 18:14:41.253] I (2886) wifi:enable tsf
[2026-05-23 18:14:41.254] I (2889) ESPNOW: espnow [version: 2.0] init
[2026-05-23 18:14:41.255] WCAN_TEST_READY role=sensor
# Waiting for phased test start
# UART test start sent: WCAN_TEST_START at 2026-05-23T18:14:41.267674
[2026-05-23 18:14:42.947] P(FAIL):4390:e0:9:684:759:76
[2026-05-23 18:14:47.135] P(FAIL):8578:e0:50:3800:3875:76
[2026-05-23 18:14:51.867] P(FAIL):13310:e0:97:7372:7447:76
[2026-05-23 18:14:52.472] P(FAIL):13915:e0:103:7828:7903:76
[2026-05-23 18:15:00.945] P(FAIL):22388:e0:186:14136:14211:76
[2026-05-23 18:15:02.347] P(FAIL):23790:e0:201:15276:15351:76
[2026-05-23 18:15:07.824] P(FAIL):29266:e0:255:19380:19455:76
[2026-05-23 18:15:09.155] P(FAIL):30597:e0:268:20368:20443:76
[2026-05-23 18:15:11.409] P(FAIL):32852:e0:290:22040:22115:76
[2026-05-23 18:15:11.991] P(FAIL):33434:e0:291:22116:22191:76
[2026-05-23 18:15:12.572] WCAN_BATCH id=0xe0 count=297 avg_hz=9.87 avg_points=75.77 min_points=9 max_points=76 avg_interval_ms=101.31 min_interval_ms=101.23 max_interval_ms=101.38 avg_dispatch_ms=3.88 max_dispatch_ms=10.83 dispatched_count=321 avg_queue_wait_ms=29.53 max_queue_wait_ms=346.79
[2026-05-23 18:15:12.573] WCAN_SENSOR_END generated=22504 avg_hz=750.19
[2026-05-23 18:15:12.578] WCAN_MEASURES elapsed_ms=29999 heap_start_free=126780 heap_end_free=141568 heap_start_min_free=126456 heap_end_min_free=125892 heap_start_largest=98304 heap_end_largest=98304 airtime_us_total=1243435 packets_sent_total=321 sensor_send_failures_total=0
[2026-05-23 18:15:12.578] WCAN_TEST_END role=sensor

# Monitor stopped: 2026-05-23T18:15:12.578708
