# Monitor started: 2026-05-23T18:14:38.560128
# Port: /dev/ttyACM0, Baud: 921600, Timeout: 35.000s after WCAN_TEST_START

# UART boot config: wcan v=1 role=sensor transport=BROADCAST test_duration_ms=30000 host_wait_time_ms=5000 base=0xd0 count=1 hz=750 linger=100
[2026-05-23 18:14:38.569] ESP-ROM:esp32c3-api1-20210207
[2026-05-23 18:14:38.574] Build:Feb  7 2021
[2026-05-23 18:14:38.598] rst:0x15 (USB_UART_CHIP_RESET),boot:0xd (SPI_FAST_FLASH_BOOT)
[2026-05-23 18:14:38.601] Saved PC:0x40384eba
[2026-05-23 18:14:38.603] SPIWP:0xee
[2026-05-23 18:14:38.614] mode:DIO, clock div:1
[2026-05-23 18:14:38.624] load:0x3fcd5820,len:0x1574
[2026-05-23 18:14:38.637] load:0x403cc710,len:0xc30
[2026-05-23 18:14:38.638] load:0x403ce710,len:0x2fa0
[2026-05-23 18:14:38.642] entry 0x403cc71a
[2026-05-23 18:14:38.643] I (24) boot: ESP-IDF v5.4.1 2nd stage bootloader
[2026-05-23 18:14:38.645] I (24) boot: compile time May 20 2026 00:05:32
[2026-05-23 18:14:38.648] I (25) boot: chip revision: v0.4
[2026-05-23 18:14:38.650] I (25) boot: efuse block revision: v1.3
[2026-05-23 18:14:38.652] I (25) boot.esp32c3: SPI Speed      : 80MHz
[2026-05-23 18:14:38.656] I (25) boot.esp32c3: SPI Mode       : DIO
[2026-05-23 18:14:38.658] I (26) boot.esp32c3: SPI Flash Size : 2MB
[2026-05-23 18:14:38.661] I (26) boot: Enabling RNG early entropy source...
[2026-05-23 18:14:38.662] I (27) boot: Partition Table:
[2026-05-23 18:14:38.672] I (27) boot: ## Label            Usage          Type ST Offset   Length
[2026-05-23 18:14:38.675] I (28) boot:  0 nvs              WiFi data        01 02 00009000 00006000
[2026-05-23 18:14:38.687] I (29) boot:  1 phy_init         RF data          01 01 0000f000 00001000
[2026-05-23 18:14:38.689] I (29) boot:  2 factory          factory app      00 00 00010000 00100000
[2026-05-23 18:14:38.690] I (30) boot: End of partition table
[2026-05-23 18:14:38.693] I (31) esp_image: segment 0: paddr=00010020 vaddr=3c0a0020 size=1977ch (104316) map
[2026-05-23 18:14:38.699] I (48) esp_image: segment 1: paddr=000297a4 vaddr=3fc95200 size=02da0h ( 11680) load
[2026-05-23 18:14:38.709] I (51) esp_image: segment 2: paddr=0002c54c vaddr=40380000 size=03acch ( 15052) load
[2026-05-23 18:14:38.720] I (54) esp_image: segment 3: paddr=00030020 vaddr=42000020 size=9942ch (627756) map
[2026-05-23 18:14:38.727] I (154) esp_image: segment 4: paddr=000c9454 vaddr=40383acc size=11614h ( 71188) load
[2026-05-23 18:14:38.728] I (168) esp_image: segment 5: paddr=000daa70 vaddr=50000200 size=0001ch (    28) load
[2026-05-23 18:14:38.730] I (175) boot: Loaded app from partition at offset 0x10000
[2026-05-23 18:14:38.730] I (175) boot: Disabling RNG early entropy source...
[2026-05-23 18:14:38.731] I (176) cpu_start: Unicore app
[2026-05-23 18:14:38.732] I (185) cpu_start: Pro cpu start user code
[2026-05-23 18:14:38.733] I (185) cpu_start: cpu freq: 160000000 Hz
[2026-05-23 18:14:38.734] I (185) app_init: Application information:
[2026-05-23 18:14:38.735] I (185) app_init: Project name:     sensor_acquirer
[2026-05-23 18:14:38.736] I (185) app_init: App version:      v1.0-171-gbbe0783
[2026-05-23 18:14:38.737] I (186) app_init: Compile time:     May 23 2026 14:30:31
[2026-05-23 18:14:38.738] I (186) app_init: ELF file SHA256:  493679023...
[2026-05-23 18:14:38.738] I (187) app_init: ESP-IDF:          v5.4.1
[2026-05-23 18:14:38.739] I (187) efuse_init: Min chip rev:     v0.3
[2026-05-23 18:14:38.740] I (188) efuse_init: Max chip rev:     v1.99
[2026-05-23 18:14:38.741] I (188) efuse_init: Chip rev:         v0.4
[2026-05-23 18:14:38.742] I (189) heap_init: Initializing. RAM available for dynamic allocation:
[2026-05-23 18:14:38.743] I (190) heap_init: At 3FC9C340 len 00023CC0 (143 KiB): RAM
[2026-05-23 18:14:38.744] I (190) heap_init: At 3FCC0000 len 0001C710 (113 KiB): Retention RAM
[2026-05-23 18:14:38.746] I (191) heap_init: At 3FCDC710 len 00002950 (10 KiB): Retention RAM
[2026-05-23 18:14:38.747] I (192) heap_init: At 5000021C len 00001DCC (7 KiB): RTCRAM
[2026-05-23 18:14:38.748] I (193) spi_flash: detected chip: generic
[2026-05-23 18:14:38.748] I (194) spi_flash: flash io: dio
[2026-05-23 18:14:38.750] W (194) spi_flash: Detected size(4096k) larger than the size in the binary image header(2048k). Using the size in the binary image header.
[2026-05-23 18:14:38.751] I (195) sleep_gpio: Configure to isolate all GPIO pins in sleep state
[2026-05-23 18:14:38.751] I (196) sleep_gpio: Enable automatic switching of GPIO sleep configuration
[2026-05-23 18:14:38.752] I (197) main_task: Started on CPU0
[2026-05-23 18:14:38.752] I (197) main_task: Calling app_main()
[2026-05-23 18:14:38.752] WCAN_CFG_WAIT v=1
# UART boot config sent: wcan v=1 role=sensor transport=BROADCAST test_duration_ms=30000 host_wait_time_ms=5000 base=0xd0 count=1 hz=750 linger=100
[2026-05-23 18:14:38.753] WCAN_CFG_WAIT v=1
[2026-05-23 18:14:41.193] WCAN_CFG_ACK
[2026-05-23 18:14:41.193] WCAN_CFG_ACK
[2026-05-23 18:14:41.199] I (2837) pp: pp rom version: 9387209
[2026-05-23 18:14:41.204] I (2838) net80211: net80211 rom version: 9387209
[2026-05-23 18:14:41.213] I (2839) wifi:wifi driver task: 3fca77a4, prio:23, stack:6656, core=0
[2026-05-23 18:14:41.219] I (2843) wifi:wifi firmware version: 79fa3f41ba
[2026-05-23 18:14:41.223] I (2843) wifi:wifi certification version: v7.0
[2026-05-23 18:14:41.225] I (2843) wifi:config NVS flash: enabled
[2026-05-23 18:14:41.229] I (2843) wifi:config nano formatting: disabled
[2026-05-23 18:14:41.233] I (2844) wifi:Init data frame dynamic rx buffer num: 32
[2026-05-23 18:14:41.235] I (2844) wifi:Init static rx mgmt buffer num: 5
[2026-05-23 18:14:41.237] I (2845) wifi:Init management short buffer num: 32
[2026-05-23 18:14:41.240] I (2845) wifi:Init dynamic tx buffer num: 32
[2026-05-23 18:14:41.242] I (2846) wifi:Init static tx FG buffer num: 2
[2026-05-23 18:14:41.244] I (2846) wifi:Init static rx buffer size: 1600
[2026-05-23 18:14:41.245] I (2847) wifi:Init static rx buffer num: 10
[2026-05-23 18:14:41.246] I (2847) wifi:Init dynamic rx buffer num: 32
[2026-05-23 18:14:41.247] I (2848) wifi_init: rx ba win: 6
[2026-05-23 18:14:41.247] I (2849) wifi_init: accept mbox: 6
[2026-05-23 18:14:41.248] I (2849) wifi_init: tcpip mbox: 32
[2026-05-23 18:14:41.249] I (2849) wifi_init: udp mbox: 6
[2026-05-23 18:14:41.250] I (2849) wifi_init: tcp mbox: 6
[2026-05-23 18:14:41.250] I (2850) wifi_init: tcp tx win: 5760
[2026-05-23 18:14:41.251] I (2850) wifi_init: tcp rx win: 5760
[2026-05-23 18:14:41.252] I (2851) wifi_init: tcp mss: 1440
[2026-05-23 18:14:41.253] I (2851) wifi_init: WiFi IRAM OP enabled
[2026-05-23 18:14:41.254] I (2851) wifi_init: WiFi RX IRAM OP enabled
[2026-05-23 18:14:41.255] I (2852) phy_init: phy_version 1200,2b7123f9,Feb 18 2025,15:22:21
[2026-05-23 18:14:41.256] I (2887) wifi:mode : sta (54:32:04:8c:0b:8c)
[2026-05-23 18:14:41.256] I (2887) wifi:enable tsf
[2026-05-23 18:14:41.256] I (2890) ESPNOW: espnow [version: 2.0] init
[2026-05-23 18:14:41.256] WCAN_TEST_READY role=sensor
# Waiting for phased test start
# UART test start sent: WCAN_TEST_START at 2026-05-23T18:14:41.267592
[2026-05-23 18:14:43.451] P(FAIL):4894:d0:14:1064:1139:76
[2026-05-23 18:14:44.432] P(FAIL):5875:d0:23:1748:1823:76
[2026-05-23 18:14:45.158] P(FAIL):6601:d0:31:2356:2431:76
[2026-05-23 18:14:46.130] P(FAIL):7573:d0:40:3040:3115:76
[2026-05-23 18:14:48.396] P(FAIL):9839:d0:63:4788:4863:76
[2026-05-23 18:14:49.993] P(FAIL):11436:d0:78:5928:6003:76
[2026-05-23 18:14:50.576] P(FAIL):12019:d0:84:6384:6459:76
[2026-05-23 18:14:50.982] P(FAIL):12425:d0:87:6612:6687:76
[2026-05-23 18:14:52.477] P(FAIL):13920:d0:103:7828:7903:76
[2026-05-23 18:14:53.617] P(FAIL):15058:d0:114:8664:8739:76
[2026-05-23 18:14:53.948] P(FAIL):15391:d0:117:8892:8967:76
[2026-05-23 18:14:54.451] P(FAIL):15894:d0:122:9272:9347:76
[2026-05-23 18:14:54.882] P(FAIL):16325:d0:127:9652:9727:76
[2026-05-23 18:14:55.374] P(FAIL):16817:d0:131:9956:10031:76
[2026-05-23 18:14:55.900] P(FAIL):17343:d0:136:10336:10411:76
[2026-05-23 18:14:56.529] P(FAIL):17971:d0:143:10868:10943:76
[2026-05-23 18:14:56.936] P(FAIL):18378:d0:147:11172:11247:76
[2026-05-23 18:14:57.246] P(FAIL):18688:d0:149:11324:11399:76
[2026-05-23 18:14:58.030] P(FAIL):19472:d0:158:12008:12083:76
[2026-05-23 18:14:58.429] P(FAIL):19871:d0:162:12312:12387:76
[2026-05-23 18:14:59.209] P(FAIL):20651:d0:169:12844:12919:76
[2026-05-23 18:15:00.002] P(FAIL):21444:d0:177:13452:13527:76
[2026-05-23 18:15:00.390] P(FAIL):21832:d0:180:13680:13755:76
[2026-05-23 18:15:00.787] P(FAIL):22229:d0:186:14136:14211:76
[2026-05-23 18:15:01.544] P(FAIL):22986:d0:193:14668:14743:76
[2026-05-23 18:15:03.041] P(FAIL):24483:d0:208:15808:15883:76
[2026-05-23 18:15:03.690] P(FAIL):25132:d0:214:16264:16339:76
[2026-05-23 18:15:04.241] P(FAIL):25684:d0:219:16644:16719:76
[2026-05-23 18:15:05.781] P(FAIL):27224:d0:234:17784:17859:76
[2026-05-23 18:15:06.924] P(FAIL):28366:d0:246:18696:18771:76
[2026-05-23 18:15:07.576] P(FAIL):29018:d0:252:19152:19227:76
[2026-05-23 18:15:07.988] P(FAIL):29430:d0:256:19456:19531:76
[2026-05-23 18:15:08.709] P(FAIL):30151:d0:264:20064:20139:76
[2026-05-23 18:15:10.153] P(FAIL):31596:d0:277:21052:21127:76
[2026-05-23 18:15:10.945] P(FAIL):32388:d0:285:21660:21735:76
[2026-05-23 18:15:11.575] P(FAIL):33018:d0:291:22116:22191:76
[2026-05-23 18:15:12.281] P(FAIL):33724:d0:292:22192:22267:76
[2026-05-23 18:15:12.576] WCAN_BATCH id=0xd0 count=297 avg_hz=9.87 avg_points=75.77 min_points=9 max_points=76 avg_interval_ms=101.31 min_interval_ms=101.23 max_interval_ms=101.42 avg_dispatch_ms=4.89 max_dispatch_ms=18.57 dispatched_count=416 avg_queue_wait_ms=107.55 max_queue_wait_ms=420.57
[2026-05-23 18:15:12.577] WCAN_SENSOR_END generated=22504 avg_hz=750.19
[2026-05-23 18:15:12.579] WCAN_MEASURES elapsed_ms=29999 heap_start_free=126648 heap_end_free=141280 heap_start_min_free=126648 heap_end_min_free=125760 heap_start_largest=98304 heap_end_largest=98304 airtime_us_total=2031189 packets_sent_total=416 sensor_send_failures_total=0
[2026-05-23 18:15:12.579] WCAN_TEST_END role=sensor

# Monitor stopped: 2026-05-23T18:15:12.579918
