# Monitor started: 2026-05-23T16:01:14.693045
# Port: /dev/ttyACM1, Baud: 921600, Timeout: 35.000s after WCAN_TEST_START

# UART boot config: wcan v=1 role=sensor transport=BROADCAST test_duration_ms=30000 host_wait_time_ms=5000 base=0xe0 count=3 hz=200 linger=100
[2026-05-23 16:01:14.693] ESP-ROM:esp32c3-api1-20210207
[2026-05-23 16:01:14.701] Build:Feb  7 2021
[2026-05-23 16:01:14.719] rst:0x15 (USB_UART_CHIP_RESET),boot:0xd (SPI_FAST_FLASH_BOOT)
[2026-05-23 16:01:14.728] Saved PC:0x40384eba
[2026-05-23 16:01:14.733] SPIWP:0xee
[2026-05-23 16:01:14.738] mode:DIO, clock div:1
[2026-05-23 16:01:14.749] load:0x3fcd5820,len:0x1574
[2026-05-23 16:01:14.757] load:0x403cc710,len:0xc30
[2026-05-23 16:01:14.761] load:0x403ce710,len:0x2fa0
[2026-05-23 16:01:14.764] entry 0x403cc71a
[2026-05-23 16:01:14.766] I (24) boot: ESP-IDF v5.4.1 2nd stage bootloader
[2026-05-23 16:01:14.777] I (24) boot: compile time May 20 2026 00:05:32
[2026-05-23 16:01:14.782] I (25) boot: chip revision: v0.4
[2026-05-23 16:01:14.787] I (25) boot: efuse block revision: v1.3
[2026-05-23 16:01:14.790] I (25) boot.esp32c3: SPI Speed      : 80MHz
[2026-05-23 16:01:14.794] I (25) boot.esp32c3: SPI Mode       : DIO
[2026-05-23 16:01:14.796] I (26) boot.esp32c3: SPI Flash Size : 2MB
[2026-05-23 16:01:14.799] I (26) boot: Enabling RNG early entropy source...
[2026-05-23 16:01:14.800] I (27) boot: Partition Table:
[2026-05-23 16:01:14.804] I (27) boot: ## Label            Usage          Type ST Offset   Length
[2026-05-23 16:01:14.807] I (28) boot:  0 nvs              WiFi data        01 02 00009000 00006000
[2026-05-23 16:01:14.808] I (29) boot:  1 phy_init         RF data          01 01 0000f000 00001000
[2026-05-23 16:01:14.811] I (29) boot:  2 factory          factory app      00 00 00010000 00100000
[2026-05-23 16:01:14.813] I (30) boot: End of partition table
[2026-05-23 16:01:14.815] I (31) esp_image: segment 0: paddr=00010020 vaddr=3c0a0020 size=1977ch (104316) map
[2026-05-23 16:01:14.818] I (48) esp_image: segment 1: paddr=000297a4 vaddr=3fc95200 size=02da0h ( 11680) load
[2026-05-23 16:01:14.821] I (51) esp_image: segment 2: paddr=0002c54c vaddr=40380000 size=03acch ( 15052) load
[2026-05-23 16:01:14.828] I (54) esp_image: segment 3: paddr=00030020 vaddr=42000020 size=9942ch (627756) map
[2026-05-23 16:01:14.830] I (154) esp_image: segment 4: paddr=000c9454 vaddr=40383acc size=11614h ( 71188) load
[2026-05-23 16:01:14.840] I (168) esp_image: segment 5: paddr=000daa70 vaddr=50000200 size=0001ch (    28) load
[2026-05-23 16:01:14.841] I (175) boot: Loaded app from partition at offset 0x10000
[2026-05-23 16:01:14.842] I (175) boot: Disabling RNG early entropy source...
[2026-05-23 16:01:14.844] I (176) cpu_start: Unicore app
[2026-05-23 16:01:14.848] I (185) cpu_start: Pro cpu start user code
[2026-05-23 16:01:14.852] I (185) cpu_start: cpu freq: 160000000 Hz
[2026-05-23 16:01:14.858] I (185) app_init: Application information:
[2026-05-23 16:01:14.860] I (185) app_init: Project name:     sensor_acquirer
[2026-05-23 16:01:14.866] I (185) app_init: App version:      v1.0-171-gbbe0783
[2026-05-23 16:01:14.868] I (186) app_init: Compile time:     May 23 2026 14:30:31
[2026-05-23 16:01:14.871] I (187) app_init: ELF file SHA256:  493679023...
[2026-05-23 16:01:14.874] I (187) app_init: ESP-IDF:          v5.4.1
[2026-05-23 16:01:14.876] I (188) efuse_init: Min chip rev:     v0.3
[2026-05-23 16:01:14.877] I (188) efuse_init: Max chip rev:     v1.99
[2026-05-23 16:01:14.879] I (189) efuse_init: Chip rev:         v0.4
[2026-05-23 16:01:14.884] I (189) heap_init: Initializing. RAM available for dynamic allocation:
[2026-05-23 16:01:14.888] I (190) heap_init: At 3FC9C340 len 00023CC0 (143 KiB): RAM
[2026-05-23 16:01:14.893] I (191) heap_init: At 3FCC0000 len 0001C710 (113 KiB): Retention RAM
[2026-05-23 16:01:14.898] I (191) heap_init: At 3FCDC710 len 00002950 (10 KiB): Retention RAM
[2026-05-23 16:01:14.899] I (192) heap_init: At 5000021C len 00001DCC (7 KiB): RTCRAM
[2026-05-23 16:01:14.905] I (194) spi_flash: detected chip: generic
[2026-05-23 16:01:14.907] I (194) spi_flash: flash io: dio
[2026-05-23 16:01:14.915] W (194) spi_flash: Detected size(4096k) larger than the size in the binary image header(2048k). Using the size in the binary image header.
[2026-05-23 16:01:14.917] I (196) sleep_gpio: Configure to isolate all GPIO pins in sleep state
[2026-05-23 16:01:14.920] I (196) sleep_gpio: Enable automatic switching of GPIO sleep configuration
[2026-05-23 16:01:14.921] I (197) main_task: Started on CPU0
[2026-05-23 16:01:14.922] I (197) main_task: Calling app_main()
[2026-05-23 16:01:14.922] WCAN_CFG_WAIT v=1
# UART boot config sent: wcan v=1 role=sensor transport=BROADCAST test_duration_ms=30000 host_wait_time_ms=5000 base=0xe0 count=3 hz=200 linger=100
[2026-05-23 16:01:14.923] WCAN_CFG_WAIT v=1
[2026-05-23 16:01:17.362] WCAN_CFG_ACK
[2026-05-23 16:01:17.363] WCAN_CFG_ACK
[2026-05-23 16:01:17.367] I (2873) pp: pp rom version: 9387209
[2026-05-23 16:01:17.368] I (2874) net80211: net80211 rom version: 9387209
[2026-05-23 16:01:17.370] I (2875) wifi:wifi driver task: 3fca7720, prio:23, stack:6656, core=0
[2026-05-23 16:01:17.373] I (2879) wifi:wifi firmware version: 79fa3f41ba
[2026-05-23 16:01:17.374] I (2879) wifi:wifi certification version: v7.0
[2026-05-23 16:01:17.375] I (2879) wifi:config NVS flash: enabled
[2026-05-23 16:01:17.376] I (2879) wifi:config nano formatting: disabled
[2026-05-23 16:01:17.377] I (2880) wifi:Init data frame dynamic rx buffer num: 32
[2026-05-23 16:01:17.378] I (2880) wifi:Init static rx mgmt buffer num: 5
[2026-05-23 16:01:17.379] I (2881) wifi:Init management short buffer num: 32
[2026-05-23 16:01:17.380] I (2881) wifi:Init dynamic tx buffer num: 32
[2026-05-23 16:01:17.381] I (2882) wifi:Init static tx FG buffer num: 2
[2026-05-23 16:01:17.382] I (2882) wifi:Init static rx buffer size: 1600
[2026-05-23 16:01:17.383] I (2883) wifi:Init static rx buffer num: 10
[2026-05-23 16:01:17.384] I (2883) wifi:Init dynamic rx buffer num: 32
[2026-05-23 16:01:17.385] I (2884) wifi_init: rx ba win: 6
[2026-05-23 16:01:17.386] I (2885) wifi_init: accept mbox: 6
[2026-05-23 16:01:17.387] I (2885) wifi_init: tcpip mbox: 32
[2026-05-23 16:01:17.388] I (2885) wifi_init: udp mbox: 6
[2026-05-23 16:01:17.388] I (2885) wifi_init: tcp mbox: 6
[2026-05-23 16:01:17.389] I (2886) wifi_init: tcp tx win: 5760
[2026-05-23 16:01:17.390] I (2886) wifi_init: tcp rx win: 5760
[2026-05-23 16:01:17.391] I (2887) wifi_init: tcp mss: 1440
[2026-05-23 16:01:17.392] I (2887) wifi_init: WiFi IRAM OP enabled
[2026-05-23 16:01:17.393] I (2887) wifi_init: WiFi RX IRAM OP enabled
[2026-05-23 16:01:17.394] I (2888) phy_init: phy_version 1200,2b7123f9,Feb 18 2025,15:22:21
[2026-05-23 16:01:17.418] I (2923) wifi:mode : sta (74:4d:bd:e1:d5:b8)
[2026-05-23 16:01:17.419] I (2924) wifi:enable tsf
[2026-05-23 16:01:17.422] I (2927) ESPNOW: espnow [version: 2.0] init
[2026-05-23 16:01:17.423] WCAN_TEST_READY role=sensor
# Waiting for phased test start
# UART test start sent: WCAN_TEST_START at 2026-05-23T16:01:17.434024
[2026-05-23 16:01:18.242] P(FAIL):3551:e1:1:0:20:21
[2026-05-23 16:01:18.247] P(FAIL):3556:e2:2:0:20:21
[2026-05-23 16:01:18.508] P(FAIL):3817:e1:10:63:83:21
[2026-05-23 16:01:18.558] P(FAIL):3867:e2:5:21:41:21
[2026-05-23 16:01:18.935] P(FAIL):4244:e1:22:147:167:21
[2026-05-23 16:01:18.938] P(FAIL):4247:e2:23:147:167:21
[2026-05-23 16:01:19.309] P(FAIL):4619:e1:28:189:209:21
[2026-05-23 16:01:19.311] P(FAIL):4621:e2:29:189:209:21
[2026-05-23 16:01:19.670] P(FAIL):4980:e2:32:210:230:21
[2026-05-23 16:01:19.709] P(FAIL):5019:e1:34:231:251:21
[2026-05-23 16:01:20.127] P(FAIL):5436:e1:55:378:398:21
[2026-05-23 16:01:20.132] P(FAIL):5441:e2:56:378:398:21
[2026-05-23 16:01:20.471] P(FAIL):5779:e1:64:441:461:21
[2026-05-23 16:01:20.477] P(FAIL):5786:e2:59:399:419:21
[2026-05-23 16:01:20.845] P(FAIL):6154:e2:62:420:440:21
[2026-05-23 16:01:20.884] P(FAIL):6193:e1:70:483:503:21
[2026-05-23 16:01:21.261] P(FAIL):6570:e2:89:609:629:21
[2026-05-23 16:01:21.295] P(FAIL):6604:e1:82:567:587:21
[2026-05-23 16:01:21.583] P(FAIL):6892:e1:100:693:713:21
[2026-05-23 16:01:21.585] P(FAIL):6894:e2:101:693:713:21
[2026-05-23 16:01:21.950] P(FAIL):7259:e1:106:735:755:21
[2026-05-23 16:01:21.966] P(FAIL):7275:e2:104:714:734:21
[2026-05-23 16:01:22.426] P(FAIL):7735:e1:121:840:860:21
[2026-05-23 16:01:22.431] P(FAIL):7740:e2:122:840:860:21
[2026-05-23 16:01:22.761] P(FAIL):8070:e1:130:903:923:21
[2026-05-23 16:01:22.843] P(FAIL):8152:e2:125:861:881:21
[2026-05-23 16:01:23.130] P(FAIL):8439:e1:142:987:1007:21
[2026-05-23 16:01:23.218] P(FAIL):8527:e2:146:1008:1028:21
[2026-05-23 16:01:23.551] P(FAIL):8860:e1:154:1071:1091:21
[2026-05-23 16:01:23.682] P(FAIL):8991:e2:158:1092:1112:21
[2026-05-23 16:01:24.032] P(FAIL):9341:e1:166:1155:1175:21
[2026-05-23 16:01:24.172] P(FAIL):9481:e2:170:1176:1196:21
[2026-05-23 16:01:24.372] P(FAIL):9681:e1:178:1239:1259:21
[2026-05-23 16:01:24.592] P(FAIL):9901:e2:185:1281:1301:21
[2026-05-23 16:01:24.840] P(FAIL):10149:e1:190:1323:1343:21
[2026-05-23 16:01:25.003] P(FAIL):10312:e2:197:1365:1385:21
[2026-05-23 16:01:25.264] P(FAIL):10573:e1:202:1407:1427:21
[2026-05-23 16:01:25.393] P(FAIL):10702:e2:209:1449:1469:21
[2026-05-23 16:01:25.655] P(FAIL):10964:e1:214:1491:1511:21
[2026-05-23 16:01:25.710] P(FAIL):11020:e2:218:1512:1532:21
[2026-05-23 16:01:26.084] P(FAIL):11393:e1:226:1575:1595:21
[2026-05-23 16:01:26.086] P(FAIL):11395:e2:227:1575:1595:21
[2026-05-23 16:01:26.459] P(FAIL):11767:e2:230:1596:1616:21
[2026-05-23 16:01:26.470] P(FAIL):11779:e1:232:1617:1637:21
[2026-05-23 16:01:26.779] P(FAIL):12088:e2:233:1617:1637:21
[2026-05-23 16:01:26.921] P(FAIL):12230:e1:250:1743:1763:21
[2026-05-23 16:01:27.124] P(FAIL):12433:e2:260:1806:1826:21
[2026-05-23 16:01:27.292] P(FAIL):12601:e1:262:1827:1847:21
[2026-05-23 16:01:27.640] P(FAIL):12949:e2:269:1869:1889:21
[2026-05-23 16:01:27.704] P(FAIL):13013:e1:271:1890:1910:21
[2026-05-23 16:01:28.087] P(FAIL):13396:e1:283:1974:1994:21
[2026-05-23 16:01:28.090] P(FAIL):13399:e2:284:1974:1994:21
[2026-05-23 16:01:28.488] P(FAIL):13797:e1:289:2016:2036:21
[2026-05-23 16:01:28.490] P(FAIL):13799:e2:290:2016:2036:21
[2026-05-23 16:01:28.885] P(FAIL):14194:e2:293:2037:2057:21
[2026-05-23 16:01:28.889] P(FAIL):14198:e1:295:2058:2078:21
[2026-05-23 16:01:29.286] P(FAIL):14595:e2:302:2100:2120:21
[2026-05-23 16:01:29.288] P(FAIL):14597:e1:298:2079:2099:21
[2026-05-23 16:01:29.398] S(FAIL):14707:e1:0:2289:2308:20
[2026-05-23 16:01:29.606] P(FAIL):14915:e2:308:2142:2162:21
[2026-05-23 16:01:29.632] P(FAIL):14940:e0:327:2289:2309:21
[2026-05-23 16:01:29.664] P(FAIL):14973:e1:301:2100:2120:21
[2026-05-23 16:01:29.993] P(FAIL):15302:e0:330:2310:2330:21
[2026-05-23 16:01:30.010] P(FAIL):15319:e2:333:2331:2351:21
[2026-05-23 16:01:47.493] P(FAIL):32802:e0:834:5859:5879:21
[2026-05-23 16:01:47.730] P(FAIL):33039:e2:842:5921:5941:21
[2026-05-23 16:01:47.795] P(FAIL):33104:e1:844:5933:5953:21
[2026-05-23 16:01:47.805] P(FAIL):33114:e0:837:5880:5900:21
[2026-05-23 16:01:48.414] P(FAIL):33723:e2:845:5942:5962:21
[2026-05-23 16:01:48.595] P(FAIL):33904:e1:847:5954:5974:21
[2026-05-23 16:01:48.605] P(FAIL):33914:e0:840:5901:5921:21
[2026-05-23 16:01:48.749] WCAN_BATCH id=0xe0 count=286 avg_hz=9.52 avg_points=20.98 min_points=14 max_points=21 avg_interval_ms=105.00 min_interval_ms=104.51 max_interval_ms=105.47 avg_dispatch_ms=1.74 max_dispatch_ms=4.56 dispatched_count=293 avg_queue_wait_ms=18.03 max_queue_wait_ms=505.25
[2026-05-23 16:01:48.753] WCAN_BATCH id=0xe1 count=283 avg_hz=9.41 avg_points=20.94 min_points=3 max_points=21 avg_interval_ms=106.31 min_interval_ms=104.89 max_interval_ms=375.00 avg_dispatch_ms=1.76 max_dispatch_ms=4.54 dispatched_count=373 avg_queue_wait_ms=144.97 max_queue_wait_ms=1226.71
[2026-05-23 16:01:48.758] WCAN_BATCH id=0xe2 count=285 avg_hz=9.49 avg_points=20.98 min_points=15 max_points=21 avg_interval_ms=105.35 min_interval_ms=104.50 max_interval_ms=205.02 avg_dispatch_ms=1.77 max_dispatch_ms=4.49 dispatched_count=379 avg_queue_wait_ms=167.47 max_queue_wait_ms=957.68
[2026-05-23 16:01:48.759] WCAN_SENSOR_END generated=5998 avg_hz=199.97
[2026-05-23 16:01:48.760] S(FAIL):34060:e1:0:2330:2383:54
[2026-05-23 16:01:48.760] S(FAIL):34061:e2:0:2352:2371:20
[2026-05-23 16:01:48.765] WCAN_MEASURES elapsed_ms=29999 heap_start_free=88072 heap_end_free=109932 heap_start_min_free=88072 heap_end_min_free=87632 heap_start_largest=65536 heap_end_largest=77824 airtime_us_total=1828559 packets_sent_total=1045 sensor_send_failures_total=94
[2026-05-23 16:01:48.765] WCAN_TEST_END role=sensor

# Monitor stopped: 2026-05-23T16:01:48.765940
