# Monitor started: 2026-05-23T14:51:41.189313
# Port: /dev/ttyACM1, Baud: 921600, Timeout: 35.000s after WCAN_TEST_START

# UART boot config: wcan v=1 role=sensor transport=BROADCAST test_duration_ms=30000 host_wait_time_ms=5000 base=0xe0 count=1 hz=100 linger=100
[2026-05-23 14:51:41.196] ESP-ROM:esp32c3-api1-20210207
[2026-05-23 14:51:41.202] Build:Feb  7 2021
[2026-05-23 14:51:41.217] rst:0x15 (USB_UART_CHIP_RESET),boot:0xd (SPI_FAST_FLASH_BOOT)
[2026-05-23 14:51:41.225] Saved PC:0x40384eba
[2026-05-23 14:51:41.228] SPIWP:0xee
[2026-05-23 14:51:41.235] mode:DIO, clock div:1
[2026-05-23 14:51:41.245] load:0x3fcd5820,len:0x1574
[2026-05-23 14:51:41.249] load:0x403cc710,len:0xc30
[2026-05-23 14:51:41.251] load:0x403ce710,len:0x2fa0
[2026-05-23 14:51:41.253] entry 0x403cc71a
[2026-05-23 14:51:41.256] I (24) boot: ESP-IDF v5.4.1 2nd stage bootloader
[2026-05-23 14:51:41.260] I (24) boot: compile time May 20 2026 00:05:32
[2026-05-23 14:51:41.262] I (25) boot: chip revision: v0.4
[2026-05-23 14:51:41.265] I (25) boot: efuse block revision: v1.3
[2026-05-23 14:51:41.266] I (25) boot.esp32c3: SPI Speed      : 80MHz
[2026-05-23 14:51:41.269] I (25) boot.esp32c3: SPI Mode       : DIO
[2026-05-23 14:51:41.271] I (26) boot.esp32c3: SPI Flash Size : 2MB
[2026-05-23 14:51:41.276] I (26) boot: Enabling RNG early entropy source...
[2026-05-23 14:51:41.277] I (27) boot: Partition Table:
[2026-05-23 14:51:41.280] I (27) boot: ## Label            Usage          Type ST Offset   Length
[2026-05-23 14:51:41.282] I (28) boot:  0 nvs              WiFi data        01 02 00009000 00006000
[2026-05-23 14:51:41.285] I (29) boot:  1 phy_init         RF data          01 01 0000f000 00001000
[2026-05-23 14:51:41.288] I (29) boot:  2 factory          factory app      00 00 00010000 00100000
[2026-05-23 14:51:41.289] I (30) boot: End of partition table
[2026-05-23 14:51:41.296] I (31) esp_image: segment 0: paddr=00010020 vaddr=3c0a0020 size=1977ch (104316) map
[2026-05-23 14:51:41.299] I (48) esp_image: segment 1: paddr=000297a4 vaddr=3fc95200 size=02da0h ( 11680) load
[2026-05-23 14:51:41.310] I (51) esp_image: segment 2: paddr=0002c54c vaddr=40380000 size=03acch ( 15052) load
[2026-05-23 14:51:41.313] I (54) esp_image: segment 3: paddr=00030020 vaddr=42000020 size=9942ch (627756) map
[2026-05-23 14:51:41.316] I (154) esp_image: segment 4: paddr=000c9454 vaddr=40383acc size=11614h ( 71188) load
[2026-05-23 14:51:41.323] I (168) esp_image: segment 5: paddr=000daa70 vaddr=50000200 size=0001ch (    28) load
[2026-05-23 14:51:41.324] I (175) boot: Loaded app from partition at offset 0x10000
[2026-05-23 14:51:41.326] I (175) boot: Disabling RNG early entropy source...
[2026-05-23 14:51:41.327] I (176) cpu_start: Unicore app
[2026-05-23 14:51:41.328] I (185) cpu_start: Pro cpu start user code
[2026-05-23 14:51:41.331] I (185) cpu_start: cpu freq: 160000000 Hz
[2026-05-23 14:51:41.334] I (185) app_init: Application information:
[2026-05-23 14:51:41.336] I (185) app_init: Project name:     sensor_acquirer
[2026-05-23 14:51:41.340] I (185) app_init: App version:      v1.0-171-gbbe0783
[2026-05-23 14:51:41.344] I (186) app_init: Compile time:     May 23 2026 14:30:31
[2026-05-23 14:51:41.346] I (187) app_init: ELF file SHA256:  493679023...
[2026-05-23 14:51:41.347] I (187) app_init: ESP-IDF:          v5.4.1
[2026-05-23 14:51:41.350] I (188) efuse_init: Min chip rev:     v0.3
[2026-05-23 14:51:41.352] I (188) efuse_init: Max chip rev:     v1.99
[2026-05-23 14:51:41.354] I (189) efuse_init: Chip rev:         v0.4
[2026-05-23 14:51:41.358] I (189) heap_init: Initializing. RAM available for dynamic allocation:
[2026-05-23 14:51:41.370] I (190) heap_init: At 3FC9C340 len 00023CC0 (143 KiB): RAM
[2026-05-23 14:51:41.385] I (191) heap_init: At 3FCC0000 len 0001C710 (113 KiB): Retention RAM
[2026-05-23 14:51:41.393] I (191) heap_init: At 3FCDC710 len 00002950 (10 KiB): Retention RAM
[2026-05-23 14:51:41.396] I (192) heap_init: At 5000021C len 00001DCC (7 KiB): RTCRAM
[2026-05-23 14:51:41.397] I (194) spi_flash: detected chip: generic
[2026-05-23 14:51:41.398] I (194) spi_flash: flash io: dio
[2026-05-23 14:51:41.402] W (194) spi_flash: Detected size(4096k) larger than the size in the binary image header(2048k). Using the size in the binary image header.
[2026-05-23 14:51:41.403] I (196) sleep_gpio: Configure to isolate all GPIO pins in sleep state
[2026-05-23 14:51:41.404] I (196) sleep_gpio: Enable automatic switching of GPIO sleep configuration
[2026-05-23 14:51:41.404] I (197) main_task: Started on CPU0
[2026-05-23 14:51:41.404] I (197) main_task: Calling app_main()
[2026-05-23 14:51:41.404] WCAN_CFG_WAIT v=1
# UART boot config sent: wcan v=1 role=sensor transport=BROADCAST test_duration_ms=30000 host_wait_time_ms=5000 base=0xe0 count=1 hz=100 linger=100
[2026-05-23 14:51:41.404] WCAN_CFG_WAIT v=1
[2026-05-23 14:51:43.848] WCAN_CFG_ACK
[2026-05-23 14:51:43.848] WCAN_CFG_ACK
[2026-05-23 14:51:43.856] I (2862) pp: pp rom version: 9387209
[2026-05-23 14:51:43.861] I (2863) net80211: net80211 rom version: 9387209
[2026-05-23 14:51:43.870] I (2864) wifi:wifi driver task: 3fca7720, prio:23, stack:6656, core=0
[2026-05-23 14:51:43.877] I (2868) wifi:wifi firmware version: 79fa3f41ba
[2026-05-23 14:51:43.882] I (2868) wifi:wifi certification version: v7.0
[2026-05-23 14:51:43.885] I (2868) wifi:config NVS flash: enabled
[2026-05-23 14:51:43.887] I (2868) wifi:config nano formatting: disabled
[2026-05-23 14:51:43.890] I (2869) wifi:Init data frame dynamic rx buffer num: 32
[2026-05-23 14:51:43.891] I (2869) wifi:Init static rx mgmt buffer num: 5
[2026-05-23 14:51:43.893] I (2870) wifi:Init management short buffer num: 32
[2026-05-23 14:51:43.894] I (2870) wifi:Init dynamic tx buffer num: 32
[2026-05-23 14:51:43.896] I (2871) wifi:Init static tx FG buffer num: 2
[2026-05-23 14:51:43.897] I (2871) wifi:Init static rx buffer size: 1600
[2026-05-23 14:51:43.898] I (2872) wifi:Init static rx buffer num: 10
[2026-05-23 14:51:43.899] I (2872) wifi:Init dynamic rx buffer num: 32
[2026-05-23 14:51:43.900] I (2873) wifi_init: rx ba win: 6
[2026-05-23 14:51:43.901] I (2874) wifi_init: accept mbox: 6
[2026-05-23 14:51:43.902] I (2874) wifi_init: tcpip mbox: 32
[2026-05-23 14:51:43.903] I (2874) wifi_init: udp mbox: 6
[2026-05-23 14:51:43.903] I (2874) wifi_init: tcp mbox: 6
[2026-05-23 14:51:43.904] I (2875) wifi_init: tcp tx win: 5760
[2026-05-23 14:51:43.905] I (2875) wifi_init: tcp rx win: 5760
[2026-05-23 14:51:43.906] I (2876) wifi_init: tcp mss: 1440
[2026-05-23 14:51:43.907] I (2876) wifi_init: WiFi IRAM OP enabled
[2026-05-23 14:51:43.907] I (2876) wifi_init: WiFi RX IRAM OP enabled
[2026-05-23 14:51:43.908] I (2877) phy_init: phy_version 1200,2b7123f9,Feb 18 2025,15:22:21
[2026-05-23 14:51:43.909] I (2911) wifi:mode : sta (74:4d:bd:e1:d5:b8)
[2026-05-23 14:51:43.910] I (2912) wifi:enable tsf
[2026-05-23 14:51:43.911] I (2915) ESPNOW: espnow [version: 2.0] init
[2026-05-23 14:51:43.912] WCAN_TEST_READY role=sensor
# Waiting for phased test start
# UART test start sent: WCAN_TEST_START at 2026-05-23T14:51:43.923440
[2026-05-23 14:51:44.730] P(FAIL):3543:e0:0:0:10:11
[2026-05-23 14:51:45.072] P(FAIL):3885:e0:4:44:54:11
[2026-05-23 14:51:45.456] P(FAIL):4269:e0:7:77:87:11
[2026-05-23 14:51:45.914] P(FAIL):4727:e0:11:121:131:11
[2026-05-23 14:51:46.406] P(FAIL):5219:e0:15:165:175:11
[2026-05-23 14:51:46.800] P(FAIL):5612:e0:19:209:219:11
[2026-05-23 14:51:47.233] P(FAIL):6046:e0:23:253:263:11
[2026-05-23 14:51:47.720] P(FAIL):6533:e0:27:297:307:11
[2026-05-23 14:51:48.147] P(FAIL):6960:e0:31:341:351:11
[2026-05-23 14:51:48.507] P(FAIL):7320:e0:35:385:395:11
[2026-05-23 14:51:48.948] P(FAIL):7761:e0:39:429:439:11
[2026-05-23 14:51:49.587] P(FAIL):8400:e0:44:484:494:11
[2026-05-23 14:51:49.997] P(FAIL):8810:e0:48:528:538:11
[2026-05-23 14:51:50.399] P(FAIL):9212:e0:52:572:582:11
[2026-05-23 14:51:51.377] P(FAIL):10190:e0:60:660:670:11
[2026-05-23 14:51:51.707] P(FAIL):10520:e0:62:682:692:11
[2026-05-23 14:51:52.144] P(FAIL):10957:e0:68:748:758:11
[2026-05-23 14:51:52.939] P(FAIL):11752:e0:75:825:835:11
[2026-05-23 14:51:53.385] P(FAIL):12198:e0:79:869:879:11
[2026-05-23 14:51:53.848] P(FAIL):12661:e0:83:913:923:11
[2026-05-23 14:51:54.254] P(FAIL):13067:e0:87:957:967:11
[2026-05-23 14:51:54.656] P(FAIL):13469:e0:91:1001:1011:11
[2026-05-23 14:51:55.079] P(FAIL):13892:e0:94:1034:1044:11
[2026-05-23 14:51:55.518] P(FAIL):14331:e0:98:1078:1088:11
[2026-05-23 14:51:55.950] P(FAIL):14763:e0:102:1122:1132:11
[2026-05-23 14:51:56.362] P(FAIL):15175:e0:106:1166:1176:11
[2026-05-23 14:51:56.767] P(FAIL):15580:e0:110:1210:1220:11
[2026-05-23 14:51:57.230] P(FAIL):16043:e0:114:1254:1264:11
[2026-05-23 14:51:57.675] P(FAIL):16488:e0:118:1298:1308:11
[2026-05-23 14:51:58.015] P(FAIL):16828:e0:121:1331:1341:11
[2026-05-23 14:51:58.423] P(FAIL):17236:e0:125:1375:1385:11
[2026-05-23 14:51:58.925] P(FAIL):17738:e0:129:1419:1429:11
[2026-05-23 14:51:59.334] P(FAIL):18147:e0:134:1474:1484:11
[2026-05-23 14:51:59.802] P(FAIL):18615:e0:137:1507:1517:11
[2026-05-23 14:52:00.273] P(FAIL):19086:e0:141:1551:1561:11
[2026-05-23 14:52:00.677] P(FAIL):19490:e0:145:1595:1605:11
[2026-05-23 14:52:01.049] P(FAIL):19862:e0:149:1639:1649:11
[2026-05-23 14:52:01.311] P(FAIL):20124:e0:151:1661:1671:11
[2026-05-23 14:52:01.757] P(FAIL):20570:e0:155:1705:1715:11
[2026-05-23 14:52:02.172] P(FAIL):20985:e0:159:1749:1759:11
[2026-05-23 14:52:02.599] P(FAIL):21412:e0:163:1793:1803:11
[2026-05-23 14:52:03.043] P(FAIL):21855:e0:167:1837:1847:11
[2026-05-23 14:52:03.462] P(FAIL):22275:e0:171:1881:1891:11
[2026-05-23 14:52:03.758] P(FAIL):22571:e0:174:1914:1924:11
[2026-05-23 14:52:04.134] P(FAIL):22947:e0:177:1947:1957:11
[2026-05-23 14:52:04.820] P(FAIL):23633:e0:183:2013:2023:11
[2026-05-23 14:52:05.272] P(FAIL):24084:e0:187:2057:2067:11
[2026-05-23 14:52:05.687] P(FAIL):24500:e0:191:2101:2111:11
[2026-05-23 14:52:06.095] P(FAIL):24908:e0:195:2145:2155:11
[2026-05-23 14:52:06.473] P(FAIL):25285:e0:198:2178:2188:11
[2026-05-23 14:52:06.856] P(FAIL):25669:e0:202:2222:2232:11
[2026-05-23 14:52:07.265] P(FAIL):26078:e0:205:2255:2265:11
[2026-05-23 14:52:07.599] P(FAIL):26412:e0:209:2299:2309:11
[2026-05-23 14:52:07.936] P(FAIL):26749:e0:212:2332:2342:11
[2026-05-23 14:52:08.303] P(FAIL):27115:e0:215:2365:2375:11
[2026-05-23 14:52:08.641] P(FAIL):27454:e0:218:2398:2408:11
[2026-05-23 14:52:09.140] P(FAIL):27953:e0:222:2442:2452:11
[2026-05-23 14:52:09.585] P(FAIL):28398:e0:226:2486:2496:11
[2026-05-23 14:52:10.056] P(FAIL):28869:e0:230:2530:2540:11
[2026-05-23 14:52:10.515] P(FAIL):29328:e0:234:2574:2584:11
[2026-05-23 14:52:10.804] P(FAIL):29616:e0:235:2585:2595:11
[2026-05-23 14:52:11.232] P(FAIL):30044:e0:241:2651:2661:11
[2026-05-23 14:52:11.666] P(FAIL):30479:e0:245:2695:2705:11
[2026-05-23 14:52:12.049] P(FAIL):30861:e0:249:2739:2749:11
[2026-05-23 14:52:12.452] P(FAIL):31264:e0:253:2783:2793:11
[2026-05-23 14:52:12.822] P(FAIL):31634:e0:256:2816:2826:11
[2026-05-23 14:52:13.240] P(FAIL):32053:e0:258:2838:2848:11
[2026-05-23 14:52:13.610] P(FAIL):32422:e0:263:2893:2903:11
[2026-05-23 14:52:14.110] P(FAIL):32922:e0:267:2937:2947:11
[2026-05-23 14:52:14.694] P(FAIL):33506:e0:268:2948:2958:11
[2026-05-23 14:52:15.244] WCAN_BATCH id=0xe0 count=273 avg_hz=9.09 avg_points=10.99 min_points=7 max_points=11 avg_interval_ms=110.00 min_interval_ms=109.88 max_interval_ms=110.12 avg_dispatch_ms=1.84 max_dispatch_ms=18.70 dispatched_count=479 avg_queue_wait_ms=147.91 max_queue_wait_ms=527.75
[2026-05-23 14:52:15.247] WCAN_SENSOR_END generated=2998 avg_hz=99.97
[2026-05-23 14:52:15.260] WCAN_MEASURES elapsed_ms=29999 heap_start_free=126780 heap_end_free=141568 heap_start_min_free=126780 heap_end_min_free=126296 heap_start_largest=98304 heap_end_largest=98304 airtime_us_total=877559 packets_sent_total=479 sensor_send_failures_total=0
[2026-05-23 14:52:15.260] WCAN_TEST_END role=sensor

# Monitor stopped: 2026-05-23T14:52:15.260778
