# Monitor started: 2026-05-23T14:51:41.188667
# Port: /dev/ttyACM0, Baud: 921600, Timeout: 35.000s after WCAN_TEST_START

# UART boot config: wcan v=1 role=sensor transport=BROADCAST test_duration_ms=30000 host_wait_time_ms=5000 base=0xd0 count=1 hz=100 linger=100
[2026-05-23 14:51:41.192] ESP-ROM:esp32c3-api1-20210207
[2026-05-23 14:51:41.198] Build:Feb  7 2021
[2026-05-23 14:51:41.221] rst:0x15 (USB_UART_CHIP_RESET),boot:0xd (SPI_FAST_FLASH_BOOT)
[2026-05-23 14:51:41.229] Saved PC:0x40384eba
[2026-05-23 14:51:41.232] SPIWP:0xee
[2026-05-23 14:51:41.239] mode:DIO, clock div:1
[2026-05-23 14:51:41.246] load:0x3fcd5820,len:0x1574
[2026-05-23 14:51:41.254] load:0x403cc710,len:0xc30
[2026-05-23 14:51:41.260] load:0x403ce710,len:0x2fa0
[2026-05-23 14:51:41.261] entry 0x403cc71a
[2026-05-23 14:51:41.265] I (24) boot: ESP-IDF v5.4.1 2nd stage bootloader
[2026-05-23 14:51:41.268] I (24) boot: compile time May 20 2026 00:05:32
[2026-05-23 14:51:41.269] I (24) boot: chip revision: v0.4
[2026-05-23 14:51:41.273] I (25) boot: efuse block revision: v1.3
[2026-05-23 14:51:41.274] I (25) boot.esp32c3: SPI Speed      : 80MHz
[2026-05-23 14:51:41.275] I (25) boot.esp32c3: SPI Mode       : DIO
[2026-05-23 14:51:41.277] I (26) boot.esp32c3: SPI Flash Size : 2MB
[2026-05-23 14:51:41.279] I (26) boot: Enabling RNG early entropy source...
[2026-05-23 14:51:41.280] I (27) boot: Partition Table:
[2026-05-23 14:51:41.283] I (27) boot: ## Label            Usage          Type ST Offset   Length
[2026-05-23 14:51:41.284] I (28) boot:  0 nvs              WiFi data        01 02 00009000 00006000
[2026-05-23 14:51:41.288] I (29) boot:  1 phy_init         RF data          01 01 0000f000 00001000
[2026-05-23 14:51:41.291] I (29) boot:  2 factory          factory app      00 00 00010000 00100000
[2026-05-23 14:51:41.296] I (30) boot: End of partition table
[2026-05-23 14:51:41.300] I (31) esp_image: segment 0: paddr=00010020 vaddr=3c0a0020 size=1977ch (104316) map
[2026-05-23 14:51:41.305] I (48) esp_image: segment 1: paddr=000297a4 vaddr=3fc95200 size=02da0h ( 11680) load
[2026-05-23 14:51:41.306] I (51) esp_image: segment 2: paddr=0002c54c vaddr=40380000 size=03acch ( 15052) load
[2026-05-23 14:51:41.308] I (54) esp_image: segment 3: paddr=00030020 vaddr=42000020 size=9942ch (627756) map
[2026-05-23 14:51:41.316] I (154) esp_image: segment 4: paddr=000c9454 vaddr=40383acc size=11614h ( 71188) load
[2026-05-23 14:51:41.318] I (168) esp_image: segment 5: paddr=000daa70 vaddr=50000200 size=0001ch (    28) load
[2026-05-23 14:51:41.320] I (175) boot: Loaded app from partition at offset 0x10000
[2026-05-23 14:51:41.322] I (175) boot: Disabling RNG early entropy source...
[2026-05-23 14:51:41.323] I (176) cpu_start: Unicore app
[2026-05-23 14:51:41.325] I (185) cpu_start: Pro cpu start user code
[2026-05-23 14:51:41.333] I (185) cpu_start: cpu freq: 160000000 Hz
[2026-05-23 14:51:41.334] I (185) app_init: Application information:
[2026-05-23 14:51:41.337] I (185) app_init: Project name:     sensor_acquirer
[2026-05-23 14:51:41.341] I (185) app_init: App version:      v1.0-171-gbbe0783
[2026-05-23 14:51:41.343] I (186) app_init: Compile time:     May 23 2026 14:30:31
[2026-05-23 14:51:41.346] I (186) app_init: ELF file SHA256:  493679023...
[2026-05-23 14:51:41.348] I (187) app_init: ESP-IDF:          v5.4.1
[2026-05-23 14:51:41.356] I (187) efuse_init: Min chip rev:     v0.3
[2026-05-23 14:51:41.360] I (188) efuse_init: Max chip rev:     v1.99
[2026-05-23 14:51:41.366] I (188) efuse_init: Chip rev:         v0.4
[2026-05-23 14:51:41.371] I (189) heap_init: Initializing. RAM available for dynamic allocation:
[2026-05-23 14:51:41.374] I (190) heap_init: At 3FC9C340 len 00023CC0 (143 KiB): RAM
[2026-05-23 14:51:41.375] I (190) heap_init: At 3FCC0000 len 0001C710 (113 KiB): Retention RAM
[2026-05-23 14:51:41.381] I (191) heap_init: At 3FCDC710 len 00002950 (10 KiB): Retention RAM
[2026-05-23 14:51:41.386] I (192) heap_init: At 5000021C len 00001DCC (7 KiB): RTCRAM
[2026-05-23 14:51:41.386] I (193) spi_flash: detected chip: generic
[2026-05-23 14:51:41.387] I (193) spi_flash: flash io: dio
[2026-05-23 14:51:41.389] W (194) spi_flash: Detected size(4096k) larger than the size in the binary image header(2048k). Using the size in the binary image header.
[2026-05-23 14:51:41.391] I (195) sleep_gpio: Configure to isolate all GPIO pins in sleep state
[2026-05-23 14:51:41.396] I (196) sleep_gpio: Enable automatic switching of GPIO sleep configuration
[2026-05-23 14:51:41.397] I (197) main_task: Started on CPU0
[2026-05-23 14:51:41.399] I (197) main_task: Calling app_main()
[2026-05-23 14:51:41.399] WCAN_CFG_WAIT v=1
# UART boot config sent: wcan v=1 role=sensor transport=BROADCAST test_duration_ms=30000 host_wait_time_ms=5000 base=0xd0 count=1 hz=100 linger=100
[2026-05-23 14:51:41.400] WCAN_CFG_WAIT v=1
[2026-05-23 14:51:43.847] WCAN_CFG_ACK
[2026-05-23 14:51:43.847] WCAN_CFG_ACK
[2026-05-23 14:51:43.852] I (2862) pp: pp rom version: 9387209
[2026-05-23 14:51:43.858] I (2863) net80211: net80211 rom version: 9387209
[2026-05-23 14:51:43.866] I (2864) wifi:wifi driver task: 3fca77a4, prio:23, stack:6656, core=0
[2026-05-23 14:51:43.872] I (2868) wifi:wifi firmware version: 79fa3f41ba
[2026-05-23 14:51:43.879] I (2868) wifi:wifi certification version: v7.0
[2026-05-23 14:51:43.883] I (2868) wifi:config NVS flash: enabled
[2026-05-23 14:51:43.887] I (2868) wifi:config nano formatting: disabled
[2026-05-23 14:51:43.889] I (2869) wifi:Init data frame dynamic rx buffer num: 32
[2026-05-23 14:51:43.891] I (2869) wifi:Init static rx mgmt buffer num: 5
[2026-05-23 14:51:43.893] I (2870) wifi:Init management short buffer num: 32
[2026-05-23 14:51:43.894] I (2870) wifi:Init dynamic tx buffer num: 32
[2026-05-23 14:51:43.895] I (2871) wifi:Init static tx FG buffer num: 2
[2026-05-23 14:51:43.896] I (2871) wifi:Init static rx buffer size: 1600
[2026-05-23 14:51:43.898] I (2872) wifi:Init static rx buffer num: 10
[2026-05-23 14:51:43.899] I (2872) wifi:Init dynamic rx buffer num: 32
[2026-05-23 14:51:43.900] I (2873) wifi_init: rx ba win: 6
[2026-05-23 14:51:43.901] I (2874) wifi_init: accept mbox: 6
[2026-05-23 14:51:43.902] I (2874) wifi_init: tcpip mbox: 32
[2026-05-23 14:51:43.902] I (2874) wifi_init: udp mbox: 6
[2026-05-23 14:51:43.903] I (2874) wifi_init: tcp mbox: 6
[2026-05-23 14:51:43.904] I (2875) wifi_init: tcp tx win: 5760
[2026-05-23 14:51:43.905] I (2875) wifi_init: tcp rx win: 5760
[2026-05-23 14:51:43.906] I (2876) wifi_init: tcp mss: 1440
[2026-05-23 14:51:43.906] I (2876) wifi_init: WiFi IRAM OP enabled
[2026-05-23 14:51:43.907] I (2876) wifi_init: WiFi RX IRAM OP enabled
[2026-05-23 14:51:43.908] I (2877) phy_init: phy_version 1200,2b7123f9,Feb 18 2025,15:22:21
[2026-05-23 14:51:43.909] I (2911) wifi:mode : sta (54:32:04:8c:0b:8c)
[2026-05-23 14:51:43.910] I (2912) wifi:enable tsf
[2026-05-23 14:51:43.911] I (2915) ESPNOW: espnow [version: 2.0] init
[2026-05-23 14:51:43.912] WCAN_TEST_READY role=sensor
# Waiting for phased test start
# UART test start sent: WCAN_TEST_START at 2026-05-23T14:51:43.923717
[2026-05-23 14:51:50.861] P(FAIL):9675:d0:56:616:626:11
[2026-05-23 14:51:51.705] P(FAIL):10518:d0:64:704:714:11
[2026-05-23 14:51:52.535] P(FAIL):11349:d0:71:781:791:11
[2026-05-23 14:52:04.436] P(FAIL):23250:d0:180:1980:1990:11
[2026-05-23 14:52:14.248] P(FAIL):33062:d0:269:2959:2969:11
[2026-05-23 14:52:15.048] P(FAIL):33862:d0:270:2970:2980:11
[2026-05-23 14:52:15.241] WCAN_BATCH id=0xd0 count=273 avg_hz=9.09 avg_points=10.99 min_points=7 max_points=11 avg_interval_ms=110.00 min_interval_ms=109.94 max_interval_ms=110.06 avg_dispatch_ms=1.73 max_dispatch_ms=30.68 dispatched_count=287 avg_queue_wait_ms=16.24 max_queue_wait_ms=314.76
[2026-05-23 14:52:15.245] WCAN_SENSOR_END generated=2998 avg_hz=99.97
[2026-05-23 14:52:15.258] WCAN_MEASURES elapsed_ms=29999 heap_start_free=126648 heap_end_free=141280 heap_start_min_free=126648 heap_end_min_free=126288 heap_start_largest=98304 heap_end_largest=98304 airtime_us_total=493823 packets_sent_total=287 sensor_send_failures_total=0
[2026-05-23 14:52:15.259] WCAN_TEST_END role=sensor

# Monitor stopped: 2026-05-23T14:52:15.259971
