# Monitor started: 2026-05-23T15:15:04.718577
# Port: /dev/ttyACM0, Baud: 921600, Timeout: 35.000s after WCAN_TEST_START

# UART boot config: wcan v=1 role=sensor transport=BROADCAST test_duration_ms=30000 host_wait_time_ms=5000 base=0xd0 count=1 hz=750 linger=100
[2026-05-23 15:15:04.719] ESP-ROM:esp32c3-api1-20210207
[2026-05-23 15:15:04.720] Build:Feb  7 2021
[2026-05-23 15:15:04.726] rst:0x15 (USB_UART_CHIP_RESET),boot:0xd (SPI_FAST_FLASH_BOOT)
[2026-05-23 15:15:04.729] Saved PC:0x40384eba
[2026-05-23 15:15:04.731] SPIWP:0xee
[2026-05-23 15:15:04.732] mode:DIO, clock div:1
[2026-05-23 15:15:04.733] load:0x3fcd5820,len:0x1574
[2026-05-23 15:15:04.738] load:0x403cc710,len:0xc30
[2026-05-23 15:15:04.745] load:0x403ce710,len:0x2fa0
[2026-05-23 15:15:04.746] entry 0x403cc71a
[2026-05-23 15:15:04.755] I (24) boot: ESP-IDF v5.4.1 2nd stage bootloader
[2026-05-23 15:15:04.760] I (24) boot: compile time May 20 2026 00:05:32
[2026-05-23 15:15:04.764] I (25) boot: chip revision: v0.4
[2026-05-23 15:15:04.772] I (25) boot: efuse block revision: v1.3
[2026-05-23 15:15:04.776] I (25) boot.esp32c3: SPI Speed      : 80MHz
[2026-05-23 15:15:04.780] I (25) boot.esp32c3: SPI Mode       : DIO
[2026-05-23 15:15:04.784] I (26) boot.esp32c3: SPI Flash Size : 2MB
[2026-05-23 15:15:04.786] I (26) boot: Enabling RNG early entropy source...
[2026-05-23 15:15:04.787] I (27) boot: Partition Table:
[2026-05-23 15:15:04.792] I (27) boot: ## Label            Usage          Type ST Offset   Length
[2026-05-23 15:15:04.803] I (28) boot:  0 nvs              WiFi data        01 02 00009000 00006000
[2026-05-23 15:15:04.806] I (29) boot:  1 phy_init         RF data          01 01 0000f000 00001000
[2026-05-23 15:15:04.809] I (29) boot:  2 factory          factory app      00 00 00010000 00100000
[2026-05-23 15:15:04.811] I (30) boot: End of partition table
[2026-05-23 15:15:04.815] I (31) esp_image: segment 0: paddr=00010020 vaddr=3c0a0020 size=1977ch (104316) map
[2026-05-23 15:15:04.818] I (48) esp_image: segment 1: paddr=000297a4 vaddr=3fc95200 size=02da0h ( 11680) load
[2026-05-23 15:15:04.819] I (51) esp_image: segment 2: paddr=0002c54c vaddr=40380000 size=03acch ( 15052) load
[2026-05-23 15:15:04.822] I (54) esp_image: segment 3: paddr=00030020 vaddr=42000020 size=9942ch (627756) map
[2026-05-23 15:15:04.826] I (154) esp_image: segment 4: paddr=000c9454 vaddr=40383acc size=11614h ( 71188) load
[2026-05-23 15:15:04.829] I (168) esp_image: segment 5: paddr=000daa70 vaddr=50000200 size=0001ch (    28) load
[2026-05-23 15:15:04.830] I (175) boot: Loaded app from partition at offset 0x10000
[2026-05-23 15:15:04.831] I (175) boot: Disabling RNG early entropy source...
[2026-05-23 15:15:04.832] I (176) cpu_start: Unicore app
[2026-05-23 15:15:04.833] I (185) cpu_start: Pro cpu start user code
[2026-05-23 15:15:04.833] I (185) cpu_start: cpu freq: 160000000 Hz
[2026-05-23 15:15:04.834] I (185) app_init: Application information:
[2026-05-23 15:15:04.835] I (185) app_init: Project name:     sensor_acquirer
[2026-05-23 15:15:04.844] I (185) app_init: App version:      v1.0-171-gbbe0783
[2026-05-23 15:15:04.847] I (186) app_init: Compile time:     May 23 2026 14:30:31
[2026-05-23 15:15:04.849] I (187) app_init: ELF file SHA256:  493679023...
[2026-05-23 15:15:04.850] I (187) app_init: ESP-IDF:          v5.4.1
[2026-05-23 15:15:04.851] I (188) efuse_init: Min chip rev:     v0.3
[2026-05-23 15:15:04.852] I (188) efuse_init: Max chip rev:     v1.99
[2026-05-23 15:15:04.853] I (189) efuse_init: Chip rev:         v0.4
[2026-05-23 15:15:04.855] I (189) heap_init: Initializing. RAM available for dynamic allocation:
[2026-05-23 15:15:04.857] I (190) heap_init: At 3FC9C340 len 00023CC0 (143 KiB): RAM
[2026-05-23 15:15:04.859] I (191) heap_init: At 3FCC0000 len 0001C710 (113 KiB): Retention RAM
[2026-05-23 15:15:04.860] I (191) heap_init: At 3FCDC710 len 00002950 (10 KiB): Retention RAM
[2026-05-23 15:15:04.861] I (192) heap_init: At 5000021C len 00001DCC (7 KiB): RTCRAM
[2026-05-23 15:15:04.862] I (194) spi_flash: detected chip: generic
[2026-05-23 15:15:04.863] I (194) spi_flash: flash io: dio
[2026-05-23 15:15:04.865] W (194) spi_flash: Detected size(4096k) larger than the size in the binary image header(2048k). Using the size in the binary image header.
[2026-05-23 15:15:04.866] I (196) sleep_gpio: Configure to isolate all GPIO pins in sleep state
[2026-05-23 15:15:04.868] I (196) sleep_gpio: Enable automatic switching of GPIO sleep configuration
[2026-05-23 15:15:04.869] I (197) main_task: Started on CPU0
[2026-05-23 15:15:04.870] I (197) main_task: Calling app_main()
[2026-05-23 15:15:04.870] WCAN_CFG_WAIT v=1
# UART boot config sent: wcan v=1 role=sensor transport=BROADCAST test_duration_ms=30000 host_wait_time_ms=5000 base=0xd0 count=1 hz=750 linger=100
[2026-05-23 15:15:04.871] WCAN_CFG_WAIT v=1
[2026-05-23 15:15:07.311] WCAN_CFG_ACK
[2026-05-23 15:15:07.311] WCAN_CFG_ACK
[2026-05-23 15:15:07.315] I (2796) pp: pp rom version: 9387209
[2026-05-23 15:15:07.316] I (2797) net80211: net80211 rom version: 9387209
[2026-05-23 15:15:07.317] I (2798) wifi:wifi driver task: 3fca77a4, prio:23, stack:6656, core=0
[2026-05-23 15:15:07.321] I (2802) wifi:wifi firmware version: 79fa3f41ba
[2026-05-23 15:15:07.322] I (2802) wifi:wifi certification version: v7.0
[2026-05-23 15:15:07.322] I (2802) wifi:config NVS flash: enabled
[2026-05-23 15:15:07.322] I (2802) wifi:config nano formatting: disabled
[2026-05-23 15:15:07.323] I (2803) wifi:Init data frame dynamic rx buffer num: 32
[2026-05-23 15:15:07.323] I (2803) wifi:Init static rx mgmt buffer num: 5
[2026-05-23 15:15:07.323] I (2804) wifi:Init management short buffer num: 32
[2026-05-23 15:15:07.324] I (2804) wifi:Init dynamic tx buffer num: 32
[2026-05-23 15:15:07.324] I (2805) wifi:Init static tx FG buffer num: 2
[2026-05-23 15:15:07.325] I (2805) wifi:Init static rx buffer size: 1600
[2026-05-23 15:15:07.325] I (2806) wifi:Init static rx buffer num: 10
[2026-05-23 15:15:07.326] I (2806) wifi:Init dynamic rx buffer num: 32
[2026-05-23 15:15:07.327] I (2808) wifi_init: rx ba win: 6
[2026-05-23 15:15:07.327] I (2808) wifi_init: accept mbox: 6
[2026-05-23 15:15:07.327] I (2808) wifi_init: tcpip mbox: 32
[2026-05-23 15:15:07.328] I (2808) wifi_init: udp mbox: 6
[2026-05-23 15:15:07.328] I (2808) wifi_init: tcp mbox: 6
[2026-05-23 15:15:07.328] I (2809) wifi_init: tcp tx win: 5760
[2026-05-23 15:15:07.328] I (2809) wifi_init: tcp rx win: 5760
[2026-05-23 15:15:07.329] I (2810) wifi_init: tcp mss: 1440
[2026-05-23 15:15:07.329] I (2810) wifi_init: WiFi IRAM OP enabled
[2026-05-23 15:15:07.330] I (2810) wifi_init: WiFi RX IRAM OP enabled
[2026-05-23 15:15:07.331] I (2811) phy_init: phy_version 1200,2b7123f9,Feb 18 2025,15:22:21
[2026-05-23 15:15:07.364] I (2844) wifi:mode : sta (54:32:04:8c:0b:8c)
[2026-05-23 15:15:07.365] I (2845) wifi:enable tsf
[2026-05-23 15:15:07.368] I (2848) ESPNOW: espnow [version: 2.0] init
[2026-05-23 15:15:07.368] WCAN_TEST_READY role=sensor
# Waiting for phased test start
# UART test start sent: WCAN_TEST_START at 2026-05-23T15:15:07.380899
[2026-05-23 15:15:08.191] P(FAIL):3475:d0:0:0:75:76
[2026-05-23 15:15:09.275] P(FAIL):4559:d0:11:836:911:76
[2026-05-23 15:15:09.711] P(FAIL):4994:d0:15:1140:1215:76
[2026-05-23 15:15:10.618] P(FAIL):5902:d0:24:1824:1899:76
[2026-05-23 15:15:11.021] P(FAIL):6305:d0:26:1976:2051:76
[2026-05-23 15:15:11.455] P(FAIL):6736:d0:29:2204:2279:76
[2026-05-23 15:15:11.875] P(FAIL):7159:d0:30:2280:2355:76
[2026-05-23 15:15:37.898] P(FAIL):33181:d0:291:22217:22292:76
[2026-05-23 15:15:38.693] WCAN_BATCH id=0xd0 count=295 avg_hz=9.83 avg_points=75.95 min_points=60 max_points=76 avg_interval_ms=101.77 min_interval_ms=101.25 max_interval_ms=235.99 avg_dispatch_ms=3.75 max_dispatch_ms=7.56 dispatched_count=315 avg_queue_wait_ms=54.53 max_queue_wait_ms=945.39
[2026-05-23 15:15:38.694] WCAN_SENSOR_END generated=22504 avg_hz=750.19
[2026-05-23 15:15:38.695] S(FAIL):33974:d0:0:3040:3140:101
[2026-05-23 15:15:38.700] WCAN_MEASURES elapsed_ms=29999 heap_start_free=126648 heap_end_free=141436 heap_start_min_free=126324 heap_end_min_free=125760 heap_start_largest=98304 heap_end_largest=98304 airtime_us_total=1178616 packets_sent_total=315 sensor_send_failures_total=101
[2026-05-23 15:15:38.701] WCAN_TEST_END role=sensor

# Monitor stopped: 2026-05-23T15:15:38.701475
