# Monitor started: 2026-05-23T14:55:14.871066
# Port: /dev/ttyACM0, Baud: 921600, Timeout: 35.000s after WCAN_TEST_START

# UART boot config: wcan v=1 role=sensor transport=BROADCAST test_duration_ms=30000 host_wait_time_ms=5000 base=0xd0 count=1 hz=100 linger=100
[2026-05-23 14:55:14.872] ESP-ROM:esp32c3-api1-20210207
[2026-05-23 14:55:14.873] Build:Feb  7 2021
[2026-05-23 14:55:14.876] rst:0x15 (USB_UART_CHIP_RESET),boot:0xd (SPI_FAST_FLASH_BOOT)
[2026-05-23 14:55:14.878] Saved PC:0x40384eba
[2026-05-23 14:55:14.879] SPIWP:0xee
[2026-05-23 14:55:14.880] mode:DIO, clock div:1
[2026-05-23 14:55:14.882] load:0x3fcd5820,len:0x1574
[2026-05-23 14:55:14.885] load:0x403cc710,len:0xc30
[2026-05-23 14:55:14.886] load:0x403ce710,len:0x2fa0
[2026-05-23 14:55:14.887] entry 0x403cc71a
[2026-05-23 14:55:14.892] I (24) boot: ESP-IDF v5.4.1 2nd stage bootloader
[2026-05-23 14:55:14.894] I (24) boot: compile time May 20 2026 00:05:32
[2026-05-23 14:55:14.897] I (24) boot: chip revision: v0.4
[2026-05-23 14:55:14.899] I (25) boot: efuse block revision: v1.3
[2026-05-23 14:55:14.904] I (25) boot.esp32c3: SPI Speed      : 80MHz
[2026-05-23 14:55:14.910] I (25) boot.esp32c3: SPI Mode       : DIO
[2026-05-23 14:55:14.913] I (26) boot.esp32c3: SPI Flash Size : 2MB
[2026-05-23 14:55:14.919] I (26) boot: Enabling RNG early entropy source...
[2026-05-23 14:55:14.926] I (27) boot: Partition Table:
[2026-05-23 14:55:14.929] I (27) boot: ## Label            Usage          Type ST Offset   Length
[2026-05-23 14:55:14.936] I (28) boot:  0 nvs              WiFi data        01 02 00009000 00006000
[2026-05-23 14:55:14.939] I (29) boot:  1 phy_init         RF data          01 01 0000f000 00001000
[2026-05-23 14:55:14.944] I (29) boot:  2 factory          factory app      00 00 00010000 00100000
[2026-05-23 14:55:14.947] I (30) boot: End of partition table
[2026-05-23 14:55:14.955] I (31) esp_image: segment 0: paddr=00010020 vaddr=3c0a0020 size=1977ch (104316) map
[2026-05-23 14:55:14.962] I (48) esp_image: segment 1: paddr=000297a4 vaddr=3fc95200 size=02da0h ( 11680) load
[2026-05-23 14:55:14.979] I (51) esp_image: segment 2: paddr=0002c54c vaddr=40380000 size=03acch ( 15052) load
[2026-05-23 14:55:14.986] I (54) esp_image: segment 3: paddr=00030020 vaddr=42000020 size=9942ch (627756) map
[2026-05-23 14:55:14.990] I (154) esp_image: segment 4: paddr=000c9454 vaddr=40383acc size=11614h ( 71188) load
[2026-05-23 14:55:14.996] I (168) esp_image: segment 5: paddr=000daa70 vaddr=50000200 size=0001ch (    28) load
[2026-05-23 14:55:15.003] I (175) boot: Loaded app from partition at offset 0x10000
[2026-05-23 14:55:15.009] I (175) boot: Disabling RNG early entropy source...
[2026-05-23 14:55:15.010] I (176) cpu_start: Unicore app
[2026-05-23 14:55:15.011] I (185) cpu_start: Pro cpu start user code
[2026-05-23 14:55:15.013] I (185) cpu_start: cpu freq: 160000000 Hz
[2026-05-23 14:55:15.014] I (185) app_init: Application information:
[2026-05-23 14:55:15.016] I (185) app_init: Project name:     sensor_acquirer
[2026-05-23 14:55:15.017] I (185) app_init: App version:      v1.0-171-gbbe0783
[2026-05-23 14:55:15.019] I (186) app_init: Compile time:     May 23 2026 14:30:31
[2026-05-23 14:55:15.020] I (186) app_init: ELF file SHA256:  493679023...
[2026-05-23 14:55:15.022] I (187) app_init: ESP-IDF:          v5.4.1
[2026-05-23 14:55:15.023] I (187) efuse_init: Min chip rev:     v0.3
[2026-05-23 14:55:15.025] I (188) efuse_init: Max chip rev:     v1.99
[2026-05-23 14:55:15.026] I (188) efuse_init: Chip rev:         v0.4
[2026-05-23 14:55:15.028] I (189) heap_init: Initializing. RAM available for dynamic allocation:
[2026-05-23 14:55:15.029] I (190) heap_init: At 3FC9C340 len 00023CC0 (143 KiB): RAM
[2026-05-23 14:55:15.031] I (190) heap_init: At 3FCC0000 len 0001C710 (113 KiB): Retention RAM
[2026-05-23 14:55:15.032] I (191) heap_init: At 3FCDC710 len 00002950 (10 KiB): Retention RAM
[2026-05-23 14:55:15.033] I (192) heap_init: At 5000021C len 00001DCC (7 KiB): RTCRAM
[2026-05-23 14:55:15.034] I (193) spi_flash: detected chip: generic
[2026-05-23 14:55:15.034] I (193) spi_flash: flash io: dio
[2026-05-23 14:55:15.037] W (194) spi_flash: Detected size(4096k) larger than the size in the binary image header(2048k). Using the size in the binary image header.
[2026-05-23 14:55:15.038] I (195) sleep_gpio: Configure to isolate all GPIO pins in sleep state
[2026-05-23 14:55:15.040] I (196) sleep_gpio: Enable automatic switching of GPIO sleep configuration
[2026-05-23 14:55:15.040] I (197) main_task: Started on CPU0
[2026-05-23 14:55:15.041] I (197) main_task: Calling app_main()
[2026-05-23 14:55:15.041] WCAN_CFG_WAIT v=1
# UART boot config sent: wcan v=1 role=sensor transport=BROADCAST test_duration_ms=30000 host_wait_time_ms=5000 base=0xd0 count=1 hz=100 linger=100
[2026-05-23 14:55:15.042] WCAN_CFG_WAIT v=1
[2026-05-23 14:55:17.489] WCAN_CFG_ACK
[2026-05-23 14:55:17.489] WCAN_CFG_ACK
[2026-05-23 14:55:17.494] I (2822) pp: pp rom version: 9387209
[2026-05-23 14:55:17.495] I (2823) net80211: net80211 rom version: 9387209
[2026-05-23 14:55:17.496] I (2824) wifi:wifi driver task: 3fca77a4, prio:23, stack:6656, core=0
[2026-05-23 14:55:17.500] I (2828) wifi:wifi firmware version: 79fa3f41ba
[2026-05-23 14:55:17.501] I (2828) wifi:wifi certification version: v7.0
[2026-05-23 14:55:17.501] I (2828) wifi:config NVS flash: enabled
[2026-05-23 14:55:17.502] I (2828) wifi:config nano formatting: disabled
[2026-05-23 14:55:17.503] I (2829) wifi:Init data frame dynamic rx buffer num: 32
[2026-05-23 14:55:17.504] I (2829) wifi:Init static rx mgmt buffer num: 5
[2026-05-23 14:55:17.506] I (2830) wifi:Init management short buffer num: 32
[2026-05-23 14:55:17.506] I (2830) wifi:Init dynamic tx buffer num: 32
[2026-05-23 14:55:17.507] I (2831) wifi:Init static tx FG buffer num: 2
[2026-05-23 14:55:17.508] I (2831) wifi:Init static rx buffer size: 1600
[2026-05-23 14:55:17.509] I (2832) wifi:Init static rx buffer num: 10
[2026-05-23 14:55:17.510] I (2832) wifi:Init dynamic rx buffer num: 32
[2026-05-23 14:55:17.511] I (2834) wifi_init: rx ba win: 6
[2026-05-23 14:55:17.511] I (2834) wifi_init: accept mbox: 6
[2026-05-23 14:55:17.512] I (2834) wifi_init: tcpip mbox: 32
[2026-05-23 14:55:17.513] I (2834) wifi_init: udp mbox: 6
[2026-05-23 14:55:17.513] I (2834) wifi_init: tcp mbox: 6
[2026-05-23 14:55:17.514] I (2835) wifi_init: tcp tx win: 5760
[2026-05-23 14:55:17.515] I (2835) wifi_init: tcp rx win: 5760
[2026-05-23 14:55:17.515] I (2836) wifi_init: tcp mss: 1440
[2026-05-23 14:55:17.516] I (2836) wifi_init: WiFi IRAM OP enabled
[2026-05-23 14:55:17.517] I (2836) wifi_init: WiFi RX IRAM OP enabled
[2026-05-23 14:55:17.518] I (2837) phy_init: phy_version 1200,2b7123f9,Feb 18 2025,15:22:21
[2026-05-23 14:55:17.542] I (2870) wifi:mode : sta (54:32:04:8c:0b:8c)
[2026-05-23 14:55:17.542] I (2870) wifi:enable tsf
[2026-05-23 14:55:17.545] I (2873) ESPNOW: espnow [version: 2.0] init
[2026-05-23 14:55:17.546] WCAN_TEST_READY role=sensor
# Waiting for phased test start
# UART test start sent: WCAN_TEST_START at 2026-05-23T14:55:17.560075
[2026-05-23 14:55:21.473] P(FAIL):6605:d0:28:308:318:11
[2026-05-23 14:55:21.865] P(FAIL):6997:d0:30:330:340:11
[2026-05-23 14:55:47.889] P(FAIL):33020:d0:269:2959:2969:11
[2026-05-23 14:55:48.688] P(FAIL):33820:d0:270:2970:2980:11
[2026-05-23 14:55:48.872] WCAN_BATCH id=0xd0 count=273 avg_hz=9.09 avg_points=10.99 min_points=7 max_points=11 avg_interval_ms=110.00 min_interval_ms=109.94 max_interval_ms=110.06 avg_dispatch_ms=1.51 max_dispatch_ms=4.03 dispatched_count=280 avg_queue_wait_ms=14.99 max_queue_wait_ms=503.80
[2026-05-23 14:55:48.874] WCAN_SENSOR_END generated=2998 avg_hz=99.97
[2026-05-23 14:55:48.885] WCAN_MEASURES elapsed_ms=29999 heap_start_free=126648 heap_end_free=141280 heap_start_min_free=126588 heap_end_min_free=126288 heap_start_largest=98304 heap_end_largest=98304 airtime_us_total=419899 packets_sent_total=280 sensor_send_failures_total=0
[2026-05-23 14:55:48.886] WCAN_TEST_END role=sensor

# Monitor stopped: 2026-05-23T14:55:48.886198
