# Monitor started: 2026-05-23T14:55:14.871020
# Port: /dev/ttyACM1, Baud: 921600, Timeout: 35.000s after WCAN_TEST_START

# UART boot config: wcan v=1 role=sensor transport=BROADCAST test_duration_ms=30000 host_wait_time_ms=5000 base=0xe0 count=1 hz=100 linger=100
[2026-05-23 14:55:14.872] ESP-ROM:esp32c3-api1-20210207
[2026-05-23 14:55:14.873] Build:Feb  7 2021
[2026-05-23 14:55:14.877] rst:0x15 (USB_UART_CHIP_RESET),boot:0xd (SPI_FAST_FLASH_BOOT)
[2026-05-23 14:55:14.878] Saved PC:0x40384eba
[2026-05-23 14:55:14.879] SPIWP:0xee
[2026-05-23 14:55:14.881] mode:DIO, clock div:1
[2026-05-23 14:55:14.883] load:0x3fcd5820,len:0x1574
[2026-05-23 14:55:14.885] load:0x403cc710,len:0xc30
[2026-05-23 14:55:14.890] load:0x403ce710,len:0x2fa0
[2026-05-23 14:55:14.892] entry 0x403cc71a
[2026-05-23 14:55:14.897] I (24) boot: ESP-IDF v5.4.1 2nd stage bootloader
[2026-05-23 14:55:14.900] I (24) boot: compile time May 20 2026 00:05:32
[2026-05-23 14:55:14.905] I (25) boot: chip revision: v0.4
[2026-05-23 14:55:14.907] I (25) boot: efuse block revision: v1.3
[2026-05-23 14:55:14.910] I (25) boot.esp32c3: SPI Speed      : 80MHz
[2026-05-23 14:55:14.917] I (25) boot.esp32c3: SPI Mode       : DIO
[2026-05-23 14:55:14.923] I (26) boot.esp32c3: SPI Flash Size : 2MB
[2026-05-23 14:55:14.927] I (26) boot: Enabling RNG early entropy source...
[2026-05-23 14:55:14.931] I (27) boot: Partition Table:
[2026-05-23 14:55:14.935] I (27) boot: ## Label            Usage          Type ST Offset   Length
[2026-05-23 14:55:14.943] I (28) boot:  0 nvs              WiFi data        01 02 00009000 00006000
[2026-05-23 14:55:14.946] I (29) boot:  1 phy_init         RF data          01 01 0000f000 00001000
[2026-05-23 14:55:14.950] I (29) boot:  2 factory          factory app      00 00 00010000 00100000
[2026-05-23 14:55:14.954] I (30) boot: End of partition table
[2026-05-23 14:55:14.959] I (31) esp_image: segment 0: paddr=00010020 vaddr=3c0a0020 size=1977ch (104316) map
[2026-05-23 14:55:14.971] I (48) esp_image: segment 1: paddr=000297a4 vaddr=3fc95200 size=02da0h ( 11680) load
[2026-05-23 14:55:14.978] I (51) esp_image: segment 2: paddr=0002c54c vaddr=40380000 size=03acch ( 15052) load
[2026-05-23 14:55:14.989] I (54) esp_image: segment 3: paddr=00030020 vaddr=42000020 size=9942ch (627756) map
[2026-05-23 14:55:14.995] I (154) esp_image: segment 4: paddr=000c9454 vaddr=40383acc size=11614h ( 71188) load
[2026-05-23 14:55:15.001] I (168) esp_image: segment 5: paddr=000daa70 vaddr=50000200 size=0001ch (    28) load
[2026-05-23 14:55:15.004] I (175) boot: Loaded app from partition at offset 0x10000
[2026-05-23 14:55:15.005] I (175) boot: Disabling RNG early entropy source...
[2026-05-23 14:55:15.007] I (176) cpu_start: Unicore app
[2026-05-23 14:55:15.008] I (185) cpu_start: Pro cpu start user code
[2026-05-23 14:55:15.009] I (185) cpu_start: cpu freq: 160000000 Hz
[2026-05-23 14:55:15.011] I (185) app_init: Application information:
[2026-05-23 14:55:15.013] I (185) app_init: Project name:     sensor_acquirer
[2026-05-23 14:55:15.018] I (185) app_init: App version:      v1.0-171-gbbe0783
[2026-05-23 14:55:15.020] I (186) app_init: Compile time:     May 23 2026 14:30:31
[2026-05-23 14:55:15.024] I (187) app_init: ELF file SHA256:  493679023...
[2026-05-23 14:55:15.027] I (187) app_init: ESP-IDF:          v5.4.1
[2026-05-23 14:55:15.028] I (188) efuse_init: Min chip rev:     v0.3
[2026-05-23 14:55:15.029] I (188) efuse_init: Max chip rev:     v1.99
[2026-05-23 14:55:15.030] I (189) efuse_init: Chip rev:         v0.4
[2026-05-23 14:55:15.032] I (189) heap_init: Initializing. RAM available for dynamic allocation:
[2026-05-23 14:55:15.034] I (190) heap_init: At 3FC9C340 len 00023CC0 (143 KiB): RAM
[2026-05-23 14:55:15.036] I (190) heap_init: At 3FCC0000 len 0001C710 (113 KiB): Retention RAM
[2026-05-23 14:55:15.038] I (191) heap_init: At 3FCDC710 len 00002950 (10 KiB): Retention RAM
[2026-05-23 14:55:15.039] I (192) heap_init: At 5000021C len 00001DCC (7 KiB): RTCRAM
[2026-05-23 14:55:15.041] I (194) spi_flash: detected chip: generic
[2026-05-23 14:55:15.041] I (194) spi_flash: flash io: dio
[2026-05-23 14:55:15.043] W (194) spi_flash: Detected size(4096k) larger than the size in the binary image header(2048k). Using the size in the binary image header.
[2026-05-23 14:55:15.043] I (196) sleep_gpio: Configure to isolate all GPIO pins in sleep state
[2026-05-23 14:55:15.044] I (196) sleep_gpio: Enable automatic switching of GPIO sleep configuration
[2026-05-23 14:55:15.044] I (197) main_task: Started on CPU0
[2026-05-23 14:55:15.044] I (197) main_task: Calling app_main()
[2026-05-23 14:55:15.044] WCAN_CFG_WAIT v=1
# UART boot config sent: wcan v=1 role=sensor transport=BROADCAST test_duration_ms=30000 host_wait_time_ms=5000 base=0xe0 count=1 hz=100 linger=100
[2026-05-23 14:55:15.045] WCAN_CFG_WAIT v=1
[2026-05-23 14:55:17.489] WCAN_CFG_ACK
[2026-05-23 14:55:17.489] WCAN_CFG_ACK
[2026-05-23 14:55:17.494] I (2822) pp: pp rom version: 9387209
[2026-05-23 14:55:17.495] I (2823) net80211: net80211 rom version: 9387209
[2026-05-23 14:55:17.496] I (2824) wifi:wifi driver task: 3fca7720, prio:23, stack:6656, core=0
[2026-05-23 14:55:17.500] I (2828) wifi:wifi firmware version: 79fa3f41ba
[2026-05-23 14:55:17.501] I (2828) wifi:wifi certification version: v7.0
[2026-05-23 14:55:17.502] I (2828) wifi:config NVS flash: enabled
[2026-05-23 14:55:17.503] I (2828) wifi:config nano formatting: disabled
[2026-05-23 14:55:17.504] I (2829) wifi:Init data frame dynamic rx buffer num: 32
[2026-05-23 14:55:17.505] I (2829) wifi:Init static rx mgmt buffer num: 5
[2026-05-23 14:55:17.507] I (2830) wifi:Init management short buffer num: 32
[2026-05-23 14:55:17.508] I (2830) wifi:Init dynamic tx buffer num: 32
[2026-05-23 14:55:17.509] I (2831) wifi:Init static tx FG buffer num: 2
[2026-05-23 14:55:17.510] I (2831) wifi:Init static rx buffer size: 1600
[2026-05-23 14:55:17.510] I (2832) wifi:Init static rx buffer num: 10
[2026-05-23 14:55:17.511] I (2832) wifi:Init dynamic rx buffer num: 32
[2026-05-23 14:55:17.512] I (2833) wifi_init: rx ba win: 6
[2026-05-23 14:55:17.513] I (2834) wifi_init: accept mbox: 6
[2026-05-23 14:55:17.513] I (2834) wifi_init: tcpip mbox: 32
[2026-05-23 14:55:17.514] I (2834) wifi_init: udp mbox: 6
[2026-05-23 14:55:17.515] I (2834) wifi_init: tcp mbox: 6
[2026-05-23 14:55:17.516] I (2835) wifi_init: tcp tx win: 5760
[2026-05-23 14:55:17.517] I (2835) wifi_init: tcp rx win: 5760
[2026-05-23 14:55:17.517] I (2836) wifi_init: tcp mss: 1440
[2026-05-23 14:55:17.518] I (2836) wifi_init: WiFi IRAM OP enabled
[2026-05-23 14:55:17.519] I (2836) wifi_init: WiFi RX IRAM OP enabled
[2026-05-23 14:55:17.519] I (2837) phy_init: phy_version 1200,2b7123f9,Feb 18 2025,15:22:21
[2026-05-23 14:55:17.544] I (2872) wifi:mode : sta (74:4d:bd:e1:d5:b8)
[2026-05-23 14:55:17.544] I (2873) wifi:enable tsf
[2026-05-23 14:55:17.548] I (2876) ESPNOW: espnow [version: 2.0] init
[2026-05-23 14:55:17.549] WCAN_TEST_READY role=sensor
# Waiting for phased test start
# UART test start sent: WCAN_TEST_START at 2026-05-23T14:55:17.560190
[2026-05-23 14:55:19.044] P(FAIL):4176:e0:7:77:87:11
[2026-05-23 14:55:19.641] P(FAIL):4773:e0:12:132:142:11
[2026-05-23 14:55:20.462] P(FAIL):5594:e0:19:209:219:11
[2026-05-23 14:55:21.402] P(FAIL):6534:e0:28:308:318:11
[2026-05-23 14:55:22.565] P(FAIL):7697:e0:38:418:428:11
[2026-05-23 14:55:25.551] P(FAIL):10683:e0:66:726:736:11
[2026-05-23 14:55:26.109] P(FAIL):11241:e0:71:781:791:11
[2026-05-23 14:55:26.453] P(FAIL):11585:e0:74:814:824:11
[2026-05-23 14:55:27.587] P(FAIL):12719:e0:84:924:934:11
[2026-05-23 14:55:28.543] P(FAIL):13675:e0:93:1023:1033:11
[2026-05-23 14:55:29.109] P(FAIL):14241:e0:98:1078:1088:11
[2026-05-23 14:55:29.472] P(FAIL):14604:e0:100:1100:1110:11
[2026-05-23 14:55:32.337] P(FAIL):17469:e0:127:1397:1407:11
[2026-05-23 14:55:34.105] P(FAIL):19237:e0:143:1573:1583:11
[2026-05-23 14:55:35.318] P(FAIL):20449:e0:154:1694:1704:11
[2026-05-23 14:55:38.214] P(FAIL):23345:e0:181:1991:2001:11
[2026-05-23 14:55:38.486] P(FAIL):23617:e0:183:2013:2023:11
[2026-05-23 14:55:40.144] P(FAIL):25275:e0:198:2178:2188:11
[2026-05-23 14:55:40.943] P(FAIL):26074:e0:206:2266:2276:11
[2026-05-23 14:55:41.424] P(FAIL):26555:e0:210:2310:2320:11
[2026-05-23 14:55:42.610] P(FAIL):27741:e0:221:2431:2441:11
[2026-05-23 14:55:44.661] P(FAIL):29792:e0:240:2640:2650:11
[2026-05-23 14:55:46.249] P(FAIL):31380:e0:254:2794:2804:11
[2026-05-23 14:55:47.627] P(FAIL):32758:e0:267:2937:2947:11
[2026-05-23 14:55:48.128] P(FAIL):33259:e0:268:2948:2958:11
[2026-05-23 14:55:48.878] WCAN_BATCH id=0xe0 count=273 avg_hz=9.09 avg_points=10.99 min_points=7 max_points=11 avg_interval_ms=110.00 min_interval_ms=109.93 max_interval_ms=110.08 avg_dispatch_ms=1.83 max_dispatch_ms=4.87 dispatched_count=345 avg_queue_wait_ms=68.91 max_queue_wait_ms=414.77
[2026-05-23 14:55:48.879] WCAN_SENSOR_END generated=2998 avg_hz=99.97
[2026-05-23 14:55:48.886] WCAN_MEASURES elapsed_ms=29999 heap_start_free=126780 heap_end_free=141568 heap_start_min_free=126720 heap_end_min_free=126420 heap_start_largest=98304 heap_end_largest=98304 airtime_us_total=629747 packets_sent_total=345 sensor_send_failures_total=0
[2026-05-23 14:55:48.886] WCAN_TEST_END role=sensor

# Monitor stopped: 2026-05-23T14:55:48.886867
