# Monitor started: 2026-05-23T15:11:30.994012
# Port: /dev/ttyACM1, Baud: 921600, Timeout: 35.000s after WCAN_TEST_START

# UART boot config: wcan v=1 role=sensor transport=BROADCAST test_duration_ms=30000 host_wait_time_ms=5000 base=0xe0 count=1 hz=750 linger=100
[2026-05-23 15:11:31.005] ESP-ROM:esp32c3-api1-20210207
[2026-05-23 15:11:31.013] Build:Feb  7 2021
[2026-05-23 15:11:31.039] rst:0x15 (USB_UART_CHIP_RESET),boot:0xd (SPI_FAST_FLASH_BOOT)
[2026-05-23 15:11:31.047] Saved PC:0x40384eba
[2026-05-23 15:11:31.051] SPIWP:0xee
[2026-05-23 15:11:31.058] mode:DIO, clock div:1
[2026-05-23 15:11:31.067] load:0x3fcd5820,len:0x1574
[2026-05-23 15:11:31.075] load:0x403cc710,len:0xc30
[2026-05-23 15:11:31.080] load:0x403ce710,len:0x2fa0
[2026-05-23 15:11:31.080] entry 0x403cc71a
[2026-05-23 15:11:31.082] I (24) boot: ESP-IDF v5.4.1 2nd stage bootloader
[2026-05-23 15:11:31.085] I (24) boot: compile time May 20 2026 00:05:32
[2026-05-23 15:11:31.087] I (25) boot: chip revision: v0.4
[2026-05-23 15:11:31.100] I (25) boot: efuse block revision: v1.3
[2026-05-23 15:11:31.106] I (25) boot.esp32c3: SPI Speed      : 80MHz
[2026-05-23 15:11:31.107] I (25) boot.esp32c3: SPI Mode       : DIO
[2026-05-23 15:11:31.108] I (26) boot.esp32c3: SPI Flash Size : 2MB
[2026-05-23 15:11:31.114] I (26) boot: Enabling RNG early entropy source...
[2026-05-23 15:11:31.115] I (27) boot: Partition Table:
[2026-05-23 15:11:31.117] I (27) boot: ## Label            Usage          Type ST Offset   Length
[2026-05-23 15:11:31.122] I (28) boot:  0 nvs              WiFi data        01 02 00009000 00006000
[2026-05-23 15:11:31.124] I (29) boot:  1 phy_init         RF data          01 01 0000f000 00001000
[2026-05-23 15:11:31.125] I (29) boot:  2 factory          factory app      00 00 00010000 00100000
[2026-05-23 15:11:31.126] I (30) boot: End of partition table
[2026-05-23 15:11:31.129] I (31) esp_image: segment 0: paddr=00010020 vaddr=3c0a0020 size=1977ch (104316) map
[2026-05-23 15:11:31.131] I (48) esp_image: segment 1: paddr=000297a4 vaddr=3fc95200 size=02da0h ( 11680) load
[2026-05-23 15:11:31.133] I (51) esp_image: segment 2: paddr=0002c54c vaddr=40380000 size=03acch ( 15052) load
[2026-05-23 15:11:31.134] I (54) esp_image: segment 3: paddr=00030020 vaddr=42000020 size=9942ch (627756) map
[2026-05-23 15:11:31.144] I (154) esp_image: segment 4: paddr=000c9454 vaddr=40383acc size=11614h ( 71188) load
[2026-05-23 15:11:31.147] I (168) esp_image: segment 5: paddr=000daa70 vaddr=50000200 size=0001ch (    28) load
[2026-05-23 15:11:31.148] I (175) boot: Loaded app from partition at offset 0x10000
[2026-05-23 15:11:31.149] I (175) boot: Disabling RNG early entropy source...
[2026-05-23 15:11:31.153] I (176) cpu_start: Unicore app
[2026-05-23 15:11:31.161] I (185) cpu_start: Pro cpu start user code
[2026-05-23 15:11:31.171] I (185) cpu_start: cpu freq: 160000000 Hz
[2026-05-23 15:11:31.172] I (185) app_init: Application information:
[2026-05-23 15:11:31.182] I (185) app_init: Project name:     sensor_acquirer
[2026-05-23 15:11:31.193] I (185) app_init: App version:      v1.0-171-gbbe0783
[2026-05-23 15:11:31.198] I (186) app_init: Compile time:     May 23 2026 14:30:31
[2026-05-23 15:11:31.208] I (187) app_init: ELF file SHA256:  493679023...
[2026-05-23 15:11:31.219] I (187) app_init: ESP-IDF:          v5.4.1
[2026-05-23 15:11:31.224] I (188) efuse_init: Min chip rev:     v0.3
[2026-05-23 15:11:31.224] I (188) efuse_init: Max chip rev:     v1.99
[2026-05-23 15:11:31.224] I (189) efuse_init: Chip rev:         v0.4
[2026-05-23 15:11:31.225] I (189) heap_init: Initializing. RAM available for dynamic allocation:
[2026-05-23 15:11:31.225] I (190) heap_init: At 3FC9C340 len 00023CC0 (143 KiB): RAM
[2026-05-23 15:11:31.225] I (191) heap_init: At 3FCC0000 len 0001C710 (113 KiB): Retention RAM
[2026-05-23 15:11:31.226] I (191) heap_init: At 3FCDC710 len 00002950 (10 KiB): Retention RAM
[2026-05-23 15:11:31.226] I (192) heap_init: At 5000021C len 00001DCC (7 KiB): RTCRAM
[2026-05-23 15:11:31.226] I (194) spi_flash: detected chip: generic
[2026-05-23 15:11:31.226] I (194) spi_flash: flash io: dio
[2026-05-23 15:11:31.227] W (194) spi_flash: Detected size(4096k) larger than the size in the binary image header(2048k). Using the size in the binary image header.
[2026-05-23 15:11:31.227] I (196) sleep_gpio: Configure to isolate all GPIO pins in sleep state
[2026-05-23 15:11:31.228] I (196) sleep_gpio: Enable automatic switching of GPIO sleep configuration
[2026-05-23 15:11:31.228] I (197) main_task: Started on CPU0
[2026-05-23 15:11:31.228] I (197) main_task: Calling app_main()
[2026-05-23 15:11:31.228] WCAN_CFG_WAIT v=1
# UART boot config sent: wcan v=1 role=sensor transport=BROADCAST test_duration_ms=30000 host_wait_time_ms=5000 base=0xe0 count=1 hz=750 linger=100
[2026-05-23 15:11:31.229] WCAN_CFG_WAIT v=1
[2026-05-23 15:11:33.669] WCAN_CFG_ACK
[2026-05-23 15:11:33.669] WCAN_CFG_ACK
[2026-05-23 15:11:33.674] I (2879) pp: pp rom version: 9387209
[2026-05-23 15:11:33.675] I (2880) net80211: net80211 rom version: 9387209
[2026-05-23 15:11:33.677] I (2881) wifi:wifi driver task: 3fca7720, prio:23, stack:6656, core=0
[2026-05-23 15:11:33.680] I (2885) wifi:wifi firmware version: 79fa3f41ba
[2026-05-23 15:11:33.681] I (2885) wifi:wifi certification version: v7.0
[2026-05-23 15:11:33.683] I (2885) wifi:config NVS flash: enabled
[2026-05-23 15:11:33.684] I (2885) wifi:config nano formatting: disabled
[2026-05-23 15:11:33.685] I (2886) wifi:Init data frame dynamic rx buffer num: 32
[2026-05-23 15:11:33.687] I (2886) wifi:Init static rx mgmt buffer num: 5
[2026-05-23 15:11:33.689] I (2887) wifi:Init management short buffer num: 32
[2026-05-23 15:11:33.690] I (2887) wifi:Init dynamic tx buffer num: 32
[2026-05-23 15:11:33.691] I (2888) wifi:Init static tx FG buffer num: 2
[2026-05-23 15:11:33.692] I (2888) wifi:Init static rx buffer size: 1600
[2026-05-23 15:11:33.693] I (2889) wifi:Init static rx buffer num: 10
[2026-05-23 15:11:33.695] I (2889) wifi:Init dynamic rx buffer num: 32
[2026-05-23 15:11:33.696] I (2890) wifi_init: rx ba win: 6
[2026-05-23 15:11:33.697] I (2891) wifi_init: accept mbox: 6
[2026-05-23 15:11:33.698] I (2891) wifi_init: tcpip mbox: 32
[2026-05-23 15:11:33.699] I (2891) wifi_init: udp mbox: 6
[2026-05-23 15:11:33.700] I (2891) wifi_init: tcp mbox: 6
[2026-05-23 15:11:33.701] I (2892) wifi_init: tcp tx win: 5760
[2026-05-23 15:11:33.701] I (2892) wifi_init: tcp rx win: 5760
[2026-05-23 15:11:33.702] I (2893) wifi_init: tcp mss: 1440
[2026-05-23 15:11:33.703] I (2893) wifi_init: WiFi IRAM OP enabled
[2026-05-23 15:11:33.704] I (2893) wifi_init: WiFi RX IRAM OP enabled
[2026-05-23 15:11:33.705] I (2894) phy_init: phy_version 1200,2b7123f9,Feb 18 2025,15:22:21
[2026-05-23 15:11:33.725] I (2929) wifi:mode : sta (74:4d:bd:e1:d5:b8)
[2026-05-23 15:11:33.726] I (2930) wifi:enable tsf
[2026-05-23 15:11:33.728] I (2933) ESPNOW: espnow [version: 2.0] init
[2026-05-23 15:11:33.729] WCAN_TEST_READY role=sensor
# Waiting for phased test start
# UART test start sent: WCAN_TEST_START at 2026-05-23T15:11:33.742957
[2026-05-23 15:12:04.089] P(FAIL):33097:e0:292:22192:22267:76
[2026-05-23 15:12:04.888] P(FAIL):33897:e0:293:22268:22343:76
[2026-05-23 15:12:05.055] WCAN_BATCH id=0xe0 count=297 avg_hz=9.87 avg_points=75.77 min_points=9 max_points=76 avg_interval_ms=101.31 min_interval_ms=101.25 max_interval_ms=101.34 avg_dispatch_ms=3.60 max_dispatch_ms=10.34 dispatched_count=296 avg_queue_wait_ms=2.22 max_queue_wait_ms=291.47
[2026-05-23 15:12:05.056] WCAN_SENSOR_END generated=22504 avg_hz=750.19
[2026-05-23 15:12:05.057] WCAN_MEASURES elapsed_ms=29999 heap_start_free=126780 heap_end_free=141412 heap_start_min_free=126780 heap_end_min_free=126216 heap_start_largest=98304 heap_end_largest=98304 airtime_us_total=1063880 packets_sent_total=296 sensor_send_failures_total=0
[2026-05-23 15:12:05.057] WCAN_TEST_END role=sensor

# Monitor stopped: 2026-05-23T15:12:05.057379
