# Monitor started: 2026-05-13T11:55:52.419819
# Port: /dev/ttyACM1, Baud: 921600, Duration: 30s

# UART boot config: wcan v=1 role=idle transport=BROADCAST
[2026-05-13 11:55:52.422] ESP-ROM:esp32c3-api1-20210207
[2026-05-13 11:55:52.423] Build:Feb  7 2021
[2026-05-13 11:55:52.425] rst:0x15 (USB_UART_CHIP_RESET),boot:0xd (SPI_FAST_FLASH_BOOT)
[2026-05-13 11:55:52.426] Saved PC:0x40384eae
[2026-05-13 11:55:52.426] SPIWP:0xee
[2026-05-13 11:55:52.426] mode:DIO, clock div:1
[2026-05-13 11:55:52.427] load:0x3fcd5820,len:0x1574
[2026-05-13 11:55:52.427] load:0x403cc710,len:0xc30
[2026-05-13 11:55:52.428] load:0x403ce710,len:0x2fa0
[2026-05-13 11:55:52.428] entry 0x403cc71a
[2026-05-13 11:55:52.429] I (24) boot: ESP-IDF v5.4.1 2nd stage bootloader
[2026-05-13 11:55:52.430] I (24) boot: compile time May 12 2026 19:48:29
[2026-05-13 11:55:52.430] I (25) boot: chip revision: v0.4
[2026-05-13 11:55:52.431] I (25) boot: efuse block revision: v1.3
[2026-05-13 11:55:52.432] I (25) boot.esp32c3: SPI Speed      : 80MHz
[2026-05-13 11:55:52.432] I (25) boot.esp32c3: SPI Mode       : DIO
[2026-05-13 11:55:52.433] I (26) boot.esp32c3: SPI Flash Size : 2MB
[2026-05-13 11:55:52.434] I (26) boot: Enabling RNG early entropy source...
[2026-05-13 11:55:52.435] I (27) boot: Partition Table:
[2026-05-13 11:55:52.436] I (27) boot: ## Label            Usage          Type ST Offset   Length
[2026-05-13 11:55:52.437] I (28) boot:  0 nvs              WiFi data        01 02 00009000 00006000
[2026-05-13 11:55:52.438] I (29) boot:  1 phy_init         RF data          01 01 0000f000 00001000
[2026-05-13 11:55:52.439] I (29) boot:  2 factory          factory app      00 00 00010000 00100000
[2026-05-13 11:55:52.439] I (30) boot: End of partition table
[2026-05-13 11:55:52.441] I (31) esp_image: segment 0: paddr=00010020 vaddr=3c0a0020 size=19ea0h (106144) map
[2026-05-13 11:55:52.442] I (49) esp_image: segment 1: paddr=00029ec8 vaddr=3fc95800 size=02db0h ( 11696) load
[2026-05-13 11:55:52.443] I (51) esp_image: segment 2: paddr=0002cc80 vaddr=40380000 size=03398h ( 13208) load
[2026-05-13 11:55:52.445] I (54) esp_image: segment 3: paddr=00030020 vaddr=42000020 size=93210h (602640) map
[2026-05-13 11:55:52.446] I (150) esp_image: segment 4: paddr=000c3238 vaddr=40383398 size=12310h ( 74512) load
[2026-05-13 11:55:52.447] I (164) esp_image: segment 5: paddr=000d5550 vaddr=50000200 size=0001ch (    28) load
[2026-05-13 11:55:52.448] I (171) boot: Loaded app from partition at offset 0x10000
[2026-05-13 11:55:52.449] I (171) boot: Disabling RNG early entropy source...
[2026-05-13 11:55:52.450] I (173) cpu_start: Unicore app
[2026-05-13 11:55:52.450] I (181) cpu_start: Pro cpu start user code
[2026-05-13 11:55:52.451] I (181) cpu_start: cpu freq: 160000000 Hz
[2026-05-13 11:55:52.452] I (182) app_init: Application information:
[2026-05-13 11:55:52.453] I (182) app_init: Project name:     sensor_acquirer
[2026-05-13 11:55:52.453] I (182) app_init: App version:      v1.0-60-gb67991a-dirty
[2026-05-13 11:55:52.454] I (183) app_init: Compile time:     May 12 2026 19:48:20
[2026-05-13 11:55:52.455] I (183) app_init: ELF file SHA256:  fd27e32a6...
[2026-05-13 11:55:52.456] I (184) app_init: ESP-IDF:          v5.4.1
[2026-05-13 11:55:52.457] I (184) efuse_init: Min chip rev:     v0.3
[2026-05-13 11:55:52.457] I (185) efuse_init: Max chip rev:     v1.99
[2026-05-13 11:55:52.458] I (185) efuse_init: Chip rev:         v0.4
[2026-05-13 11:55:52.459] I (186) heap_init: Initializing. RAM available for dynamic allocation:
[2026-05-13 11:55:52.460] I (187) heap_init: At 3FC9D210 len 00022DF0 (139 KiB): RAM
[2026-05-13 11:55:52.461] I (187) heap_init: At 3FCC0000 len 0001C710 (113 KiB): Retention RAM
[2026-05-13 11:55:52.462] I (188) heap_init: At 3FCDC710 len 00002950 (10 KiB): Retention RAM
[2026-05-13 11:55:52.463] I (189) heap_init: At 5000021C len 00001DCC (7 KiB): RTCRAM
[2026-05-13 11:55:52.464] I (190) spi_flash: detected chip: generic
[2026-05-13 11:55:52.465] I (190) spi_flash: flash io: dio
[2026-05-13 11:55:52.467] W (190) spi_flash: Detected size(4096k) larger than the size in the binary image header(2048k). Using the size in the binary image header.
[2026-05-13 11:55:52.468] I (192) sleep_gpio: Configure to isolate all GPIO pins in sleep state
[2026-05-13 11:55:52.469] I (193) sleep_gpio: Enable automatic switching of GPIO sleep configuration
[2026-05-13 11:55:52.470] I (194) main_task: Started on CPU0
[2026-05-13 11:55:52.470] I (194) main_task: Calling app_main()
[2026-05-13 11:55:52.471] I (194) BOOT_TS: us=5200
[2026-05-13 11:55:52.471] I (195) BOOT_CONFIG: waiting for UART config
[2026-05-13 11:55:52.472] WCAN_CFG_WAIT v=1
# UART boot config sent: wcan v=1 role=idle transport=BROADCAST
[2026-05-13 11:55:52.472] WCAN_CFG_WAIT v=1
[2026-05-13 11:55:53.240] I (1016) BOOT_CONFIG: accepted role=idle transport=BROADCAST
[2026-05-13 11:55:53.240] WCAN_CFG_ACK
# Waiting for coordinated capture start
[2026-05-13 11:55:53.244] WCAN_CFG_ACK
[2026-05-13 11:55:53.259] I (1016) MAIN: IDLE mode - stopping before NVS/Wi-Fi initialization
[2026-05-13 11:55:53.274] I (1016) main_task: Returned from app_main()

# Monitor stopped: 2026-05-13T11:56:23.306125
