# Monitor started: 2026-04-22T17:51:40.741522
# Port: COM11, Baud: 115200, Duration: 30s

[2026-04-22 17:51:40.758] I (101) esp_image: segment 2: paddr=0002aee4 vaddr=40380000 sizeESP-ROM:esp32c3-api1-20210207
[2026-04-22 17:51:40.762] Build:Feb  7 2021
[2026-04-22 17:51:40.771] rst:0x15 (USB_UART_CHIP_RESET),boot:0xd (SPI_FAST_FLASH_BOOT)
[2026-04-22 17:51:40.775] Saved PC:0x40384ec6
[2026-04-22 17:51:40.777] SPIWP:0xee
[2026-04-22 17:51:40.781] mode:DIO, clock div:1
[2026-04-22 17:51:40.786] load:0x3fcd5820,len:0x1574
[2026-04-22 17:51:40.790] load:0x403cc710,len:0xc30
[2026-04-22 17:51:40.794] load:0x403ce710,len:0x2f64
[2026-04-22 17:51:40.797] entry 0x403cc71a
[2026-04-22 17:51:40.805] I (24) boot: ESP-IDF v5.4.1 2nd stage bootloader
[2026-04-22 17:51:40.812] I (24) boot: compile time Apr 22 2026 16:20:48
[2026-04-22 17:51:40.818] I (24) boot: chip revision: v0.4
[2026-04-22 17:51:40.824] I (25) boot: efuse block revision: v1.3
[2026-04-22 17:51:40.830] I (28) boot.esp32c3: SPI Speed      : 80MHz
[2026-04-22 17:51:40.836] I (32) boot.esp32c3: SPI Mode       : DIO
[2026-04-22 17:51:40.841] I (36) boot.esp32c3: SPI Flash Size : 2MB
[2026-04-22 17:51:40.846] I (39) boot: Enabling RNG early entropy source...
[2026-04-22 17:51:40.850] I (44) boot: Partition Table:
[2026-04-22 17:51:40.861] I (46) boot: ## Label            Usage          Type ST Offset   Length
[2026-04-22 17:51:40.873] I (53) boot:  0 nvs              WiFi data        01 02 00009000 00006000
[2026-04-22 17:51:40.884] I (59) boot:  1 phy_init         RF data          01 01 0000f000 00001000
[2026-04-22 17:51:40.896] I (66) boot:  2 factory          factory app      00 00 00010000 00100000
[2026-04-22 17:51:40.900] I (72) boot: End of partition table
[2026-04-22 17:51:40.913] I (76) esp_image: segment 0: paddr=00010020 vaddr=3c090020 size=18114h ( 98580) map
[2026-04-22 17:51:40.926] I (99) esp_image: segment 1: paddr=0002813c vaddr=3fc94000 size=02da0h ( 11680) load
[2026-04-22 17:51:40.940] I (101) esp_image: segment 2: paddr=0002aee4 vaddr=40380000 size=05134h ( 20788) load
[2026-04-22 17:51:40.952] I (106) esp_image: segment 3: paddr=00030020 vaddr=42000020 size=8eaa8h (584360) map
[2026-04-22 17:51:40.964] I (203) esp_image: segment 4: paddr=000bead0 vaddr=40385134 size=0ede8h ( 60904) load
[2026-04-22 17:51:40.973] I (215) esp_image: segment 5: paddr=000cd8c0 vaddr=50000200 size=0001ch (    28) load
[2026-04-22 17:51:40.980] I (221) boot: Loaded app from partition at offset 0x10000
[2026-04-22 17:51:40.987] I (221) boot: Disabling RNG early entropy source...
[2026-04-22 17:51:40.991] I (232) cpu_start: Unicore app
[2026-04-22 17:51:40.997] I (241) cpu_start: Pro cpu start user code
[2026-04-22 17:51:41.004] I (241) cpu_start: cpu freq: 160000000 Hz
[2026-04-22 17:51:41.009] I (241) app_init: Application information:
[2026-04-22 17:51:41.013] I (241) app_init: Project name:     sensor_acquirer
[2026-04-22 17:51:41.019] I (245) app_init: App version:      e468f2b-dirty
[2026-04-22 17:51:41.026] I (250) app_init: Compile time:     Apr 22 2026 16:19:54
[2026-04-22 17:51:41.033] I (255) app_init: ELF file SHA256:  21c97d479...
[2026-04-22 17:51:41.038] I (259) app_init: ESP-IDF:          v5.4.1
[2026-04-22 17:51:41.043] I (263) efuse_init: Min chip rev:     v0.3
[2026-04-22 17:51:41.047] I (267) efuse_init: Max chip rev:     v1.99
[2026-04-22 17:51:41.048] I (271) efuse_init: Chip rev:         v0.4
[2026-04-22 17:51:41.050] I (275) heap_init: Initializing. RAM available for dynamic allocation:
[2026-04-22 17:51:41.060] I (281) heap_init: At 3FC9B1B0 len 00024E50 (147 KiB): RAM
[2026-04-22 17:51:41.075] I (286) heap_init: At 3FCC0000 len 0001C710 (113 KiB): Retention RAM
[2026-04-22 17:51:41.090] I (292) heap_init: At 3FCDC710 len 00002950 (10 KiB): Retention RAM
[2026-04-22 17:51:41.104] I (298) heap_init: At 5000021C len 00001DCC (7 KiB): RTCRAM
[2026-04-22 17:51:41.113] I (304) spi_flash: detected chip: generic
[2026-04-22 17:51:41.119] I (307) spi_flash: flash io: dio
[2026-04-22 17:51:41.148] W (310) spi_flash: Detected size(4096k) larger than the size in the binary image header(2048k). Using the size in the binary image header.
[2026-04-22 17:51:41.159] I (323) sleep_gpio: Configure to isolate all GPIO pins in sleep state
[2026-04-22 17:51:41.173] I (328) sleep_gpio: Enable automatic switching of GPIO sleep configuration
[2026-04-22 17:51:41.179] I (335) main_task: Started on CPU0
[2026-04-22 17:51:41.187] I (335) main_task: Calling app_main()
[2026-04-22 17:51:41.192] I (335) MAIN: MAC: 54:32:04:8c:0b:8c
[2026-04-22 17:51:41.199] I (345) pp: pp rom version: 9387209
[2026-04-22 17:51:41.207] I (345) net80211: net80211 rom version: 9387209
[2026-04-22 17:51:41.218] I (355) wifi:wifi driver task: 3fca4114, prio:23, stack:6656, core=0
[2026-04-22 17:51:41.226] I (355) wifi:wifi firmware version: 79fa3f41ba
[2026-04-22 17:51:41.234] I (355) wifi:wifi certification version: v7.0
[2026-04-22 17:51:41.241] I (365) wifi:config NVS flash: enabled
[2026-04-22 17:51:41.246] I (365) wifi:config nano formatting: disabled
[2026-04-22 17:51:41.256] I (365) wifi:Init data frame dynamic rx buffer num: 32
[2026-04-22 17:51:41.262] I (375) wifi:Init static rx mgmt buffer num: 5
[2026-04-22 17:51:41.270] I (375) wifi:Init management short buffer num: 32
[2026-04-22 17:51:41.276] I (385) wifi:Init dynamic tx buffer num: 32
[2026-04-22 17:51:41.283] I (385) wifi:Init static tx FG buffer num: 2
[2026-04-22 17:51:41.290] I (395) wifi:Init static rx buffer size: 1600
[2026-04-22 17:51:41.296] I (395) wifi:Init static rx buffer num: 10
[2026-04-22 17:51:41.302] I (395) wifi:Init dynamic rx buffer num: 32
[2026-04-22 17:51:41.305] I (405) wifi_init: rx ba win: 6
[2026-04-22 17:51:41.309] I (405) wifi_init: accept mbox: 6
[2026-04-22 17:51:41.312] I (405) wifi_init: tcpip mbox: 32
[2026-04-22 17:51:41.316] I (415) wifi_init: udp mbox: 6
[2026-04-22 17:51:41.319] I (415) wifi_init: tcp mbox: 6
[2026-04-22 17:51:41.323] I (415) wifi_init: tcp tx win: 5760
[2026-04-22 17:51:41.326] I (415) wifi_init: tcp rx win: 5760
[2026-04-22 17:51:41.329] I (425) wifi_init: tcp mss: 1440
[2026-04-22 17:51:41.334] I (425) wifi_init: WiFi IRAM OP enabled
[2026-04-22 17:51:41.339] I (425) wifi_init: WiFi RX IRAM OP enabled
[2026-04-22 17:51:41.345] I (435) phy_init: phy_version 1200,2b7123f9,Feb 18 2025,15:22:21
[2026-04-22 17:51:41.352] I (475) wifi:mode : softAP (54:32:04:8c:0b:8d)
[2026-04-22 17:51:41.357] I (475) wifi:Total power save buffer number: 16
[2026-04-22 17:51:41.362] I (475) wifi:Init max length of beacon: 752/752
[2026-04-22 17:51:41.368] I (475) wifi:Init max length of beacon: 752/752
[2026-04-22 17:51:41.369] I (485) MAIN: WiFi initialized
[2026-04-22 17:51:41.372] I (485) MAIN: RECEIVER mode — accepting all CAN IDs
[2026-04-22 17:51:41.372] I (485) ESPNOW: espnow [version: 2.0] init
[2026-04-22 17:51:41.373] I (495) SEND: Send processing task started
[2026-04-22 17:51:41.373] I (495) RECV: Receive processing task started
[2026-04-22 17:51:41.373] I (505) WCAN: WCAN initialized
[2026-04-22 17:51:41.374] I (505) main_task: Returned from app_main()
[2026-04-22 17:51:41.375] I (905) USER-RECV: Received [5d10] len=4 counter=0
[2026-04-22 17:51:41.375] I (905) USER-RECV: Received [c978] len=4 counter=0
[2026-04-22 17:51:41.947] I (1905) USER-RECV: Received [c978] len=4 counter=1
[2026-04-22 17:51:41.949] I (1905) USER-RECV: Received [5d10] len=4 counter=1
[2026-04-22 17:51:42.947] I (2895) USER-RECV: Received [c978] len=4 counter=2
[2026-04-22 17:51:42.949] I (2905) USER-RECV: Received [5d10] len=4 counter=2
[2026-04-22 17:51:43.947] I (3895) USER-RECV: Received [c978] len=4 counter=3
[2026-04-22 17:51:43.949] I (3905) USER-RECV: Received [5d10] len=4 counter=3
[2026-04-22 17:51:44.946] I (4905) USER-RECV: Received [c978] len=4 counter=4
[2026-04-22 17:51:44.949] I (4905) USER-RECV: Received [5d10] len=4 counter=4
[2026-04-22 17:51:45.948] I (5895) USER-RECV: Received [c978] len=4 counter=5
[2026-04-22 17:51:45.948] I (5905) USER-RECV: Received [5d10] len=4 counter=5
[2026-04-22 17:51:46.947] I (6895) USER-RECV: Received [c978] len=4 counter=6
[2026-04-22 17:51:46.948] I (6905) USER-RECV: Received [5d10] len=4 counter=6
[2026-04-22 17:51:47.948] I (7895) USER-RECV: Received [c978] len=4 counter=7
[2026-04-22 17:51:47.948] I (7905) USER-RECV: Received [5d10] len=4 counter=7
[2026-04-22 17:51:48.948] I (8895) USER-RECV: Received [c978] len=4 counter=8
[2026-04-22 17:51:48.950] I (8905) USER-RECV: Received [5d10] len=4 counter=8
[2026-04-22 17:51:49.945] I (9895) USER-RECV: Received [c978] len=4 counter=9
[2026-04-22 17:51:49.950] I (9905) USER-RECV: Received [5d10] len=4 counter=9
[2026-04-22 17:51:50.947] I (10895) USER-RECV: Received [c978] len=4 counter=10
[2026-04-22 17:51:50.949] I (10905) USER-RECV: Received [5d10] len=4 counter=10
[2026-04-22 17:51:51.947] I (11895) USER-RECV: Received [c978] len=4 counter=11
[2026-04-22 17:51:51.949] I (11905) USER-RECV: Received [5d10] len=4 counter=11
[2026-04-22 17:51:52.947] I (12895) USER-RECV: Received [c978] len=4 counter=12
[2026-04-22 17:51:52.948] I (12905) USER-RECV: Received [5d10] len=4 counter=12
[2026-04-22 17:51:53.949] I (13905) USER-RECV: Received [c978] len=4 counter=13
[2026-04-22 17:51:53.951] I (13905) USER-RECV: Received [5d10] len=4 counter=13
[2026-04-22 17:51:54.947] I (14895) USER-RECV: Received [c978] len=4 counter=14
[2026-04-22 17:51:55.147] I (15105) USER-RECV: Received [5d10] len=4 counter=14
[2026-04-22 17:51:55.946] I (15895) USER-RECV: Received [c978] len=4 counter=15
[2026-04-22 17:51:55.946] I (15905) USER-RECV: Received [5d10] len=4 counter=15
[2026-04-22 17:51:56.948] I (16895) USER-RECV: Received [c978] len=4 counter=16
[2026-04-22 17:51:56.949] I (16905) USER-RECV: Received [5d10] len=4 counter=16
[2026-04-22 17:51:57.947] I (17905) USER-RECV: Received [5d10] len=4 counter=17
[2026-04-22 17:51:57.948] I (17905) USER-RECV: Received [c978] len=4 counter=17
[2026-04-22 17:51:58.949] I (18895) USER-RECV: Received [c978] len=4 counter=18
[2026-04-22 17:51:58.952] I (18905) USER-RECV: Received [5d10] len=4 counter=18
[2026-04-22 17:51:59.948] I (19895) USER-RECV: Received [c978] len=4 counter=19
[2026-04-22 17:51:59.949] I (19905) USER-RECV: Received [5d10] len=4 counter=19
[2026-04-22 17:52:00.945] I (20895) USER-RECV: Received [c978] len=4 counter=20
[2026-04-22 17:52:00.946] I (20905) USER-RECV: Received [5d10] len=4 counter=20
[2026-04-22 17:52:01.948] I (21905) USER-RECV: Received [c978] len=4 counter=21
[2026-04-22 17:52:01.949] I (21905) USER-RECV: Received [5d10] len=4 counter=21
[2026-04-22 17:52:02.947] I (22895) USER-RECV: Received [c978] len=4 counter=22
[2026-04-22 17:52:02.948] I (22905) USER-RECV: Received [5d10] len=4 counter=22
[2026-04-22 17:52:03.950] I (23895) USER-RECV: Received [c978] len=4 counter=23
[2026-04-22 17:52:03.953] I (23905) USER-RECV: Received [5d10] len=4 counter=23
[2026-04-22 17:52:04.950] I (24895) USER-RECV: Received [c978] len=4 counter=24
[2026-04-22 17:52:04.952] I (24905) USER-RECV: Received [5d10] len=4 counter=24
[2026-04-22 17:52:05.947] I (25895) USER-RECV: Received [c978] len=4 counter=25
[2026-04-22 17:52:05.949] I (25905) USER-RECV: Received [5d10] len=4 counter=25
[2026-04-22 17:52:06.947] I (26905) USER-RECV: Received [c978] len=4 counter=26
[2026-04-22 17:52:06.947] I (26905) USER-RECV: Received [5d10] len=4 counter=26
[2026-04-22 17:52:07.949] I (27895) USER-RECV: Received [c978] len=4 counter=27
[2026-04-22 17:52:07.950] I (27905) USER-RECV: Received [5d10] len=4 counter=27
[2026-04-22 17:52:08.950] I (28895) USER-RECV: Received [c978] len=4 counter=28
[2026-04-22 17:52:08.952] I (28905) USER-RECV: Received [5d10] len=4 counter=28
[2026-04-22 17:52:09.948] I (29895) USER-RECV: Received [c978] len=4 counter=29
[2026-04-22 17:52:09.950] I (29905) USER-RECV: Received [5d10] len=4 counter=29
[2026-04-22 17:52:10.948] I (30895) USER-RECV: Received [c978] len=4 counter=30

# Monitor stopped: 2026-04-22T17:52:10.948975
