# Monitor started: 2026-05-23T15:42:47.897710
# Port: /dev/ttyACM0, Baud: 921600, Timeout: 35.000s after WCAN_TEST_START

# UART boot config: wcan v=1 role=sensor transport=BROADCAST test_duration_ms=30000 host_wait_time_ms=5000 base=0xd0 count=3 hz=10 linger=100
[2026-05-23 15:42:47.909] ESP-ROM:esp32c3-api1-20210207
[2026-05-23 15:42:47.918] Build:Feb  7 2021
[2026-05-23 15:42:47.937] rst:0x15 (USB_UART_CHIP_RESET),boot:0xd (SPI_FAST_FLASH_BOOT)
[2026-05-23 15:42:47.942] Saved PC:0x40384eba
[2026-05-23 15:42:47.945] SPIWP:0xee
[2026-05-23 15:42:47.947] mode:DIO, clock div:1
[2026-05-23 15:42:47.952] load:0x3fcd5820,len:0x1574
[2026-05-23 15:42:47.957] load:0x403cc710,len:0xc30
[2026-05-23 15:42:47.960] load:0x403ce710,len:0x2fa0
[2026-05-23 15:42:47.963] entry 0x403cc71a
[2026-05-23 15:42:47.965] I (24) boot: ESP-IDF v5.4.1 2nd stage bootloader
[2026-05-23 15:42:47.967] I (24) boot: compile time May 20 2026 00:05:32
[2026-05-23 15:42:47.973] I (25) boot: chip revision: v0.4
[2026-05-23 15:42:47.976] I (25) boot: efuse block revision: v1.3
[2026-05-23 15:42:47.978] I (25) boot.esp32c3: SPI Speed      : 80MHz
[2026-05-23 15:42:47.980] I (25) boot.esp32c3: SPI Mode       : DIO
[2026-05-23 15:42:47.985] I (26) boot.esp32c3: SPI Flash Size : 2MB
[2026-05-23 15:42:47.994] I (26) boot: Enabling RNG early entropy source...
[2026-05-23 15:42:47.997] I (27) boot: Partition Table:
[2026-05-23 15:42:48.005] I (27) boot: ## Label            Usage          Type ST Offset   Length
[2026-05-23 15:42:48.010] I (28) boot:  0 nvs              WiFi data        01 02 00009000 00006000
[2026-05-23 15:42:48.012] I (29) boot:  1 phy_init         RF data          01 01 0000f000 00001000
[2026-05-23 15:42:48.015] I (29) boot:  2 factory          factory app      00 00 00010000 00100000
[2026-05-23 15:42:48.017] I (30) boot: End of partition table
[2026-05-23 15:42:48.019] I (31) esp_image: segment 0: paddr=00010020 vaddr=3c0a0020 size=1977ch (104316) map
[2026-05-23 15:42:48.022] I (48) esp_image: segment 1: paddr=000297a4 vaddr=3fc95200 size=02da0h ( 11680) load
[2026-05-23 15:42:48.044] I (51) esp_image: segment 2: paddr=0002c54c vaddr=40380000 size=03acch ( 15052) load
[2026-05-23 15:42:48.049] I (54) esp_image: segment 3: paddr=00030020 vaddr=42000020 size=9942ch (627756) map
[2026-05-23 15:42:48.052] I (154) esp_image: segment 4: paddr=000c9454 vaddr=40383acc size=11614h ( 71188) load
[2026-05-23 15:42:48.054] I (168) esp_image: segment 5: paddr=000daa70 vaddr=50000200 size=0001ch (    28) load
[2026-05-23 15:42:48.056] I (175) boot: Loaded app from partition at offset 0x10000
[2026-05-23 15:42:48.058] I (175) boot: Disabling RNG early entropy source...
[2026-05-23 15:42:48.059] I (176) cpu_start: Unicore app
[2026-05-23 15:42:48.060] I (185) cpu_start: Pro cpu start user code
[2026-05-23 15:42:48.063] I (185) cpu_start: cpu freq: 160000000 Hz
[2026-05-23 15:42:48.064] I (185) app_init: Application information:
[2026-05-23 15:42:48.070] I (185) app_init: Project name:     sensor_acquirer
[2026-05-23 15:42:48.071] I (185) app_init: App version:      v1.0-171-gbbe0783
[2026-05-23 15:42:48.072] I (186) app_init: Compile time:     May 23 2026 14:30:31
[2026-05-23 15:42:48.075] I (186) app_init: ELF file SHA256:  493679023...
[2026-05-23 15:42:48.078] I (187) app_init: ESP-IDF:          v5.4.1
[2026-05-23 15:42:48.080] I (188) efuse_init: Min chip rev:     v0.3
[2026-05-23 15:42:48.082] I (188) efuse_init: Max chip rev:     v1.99
[2026-05-23 15:42:48.087] I (188) efuse_init: Chip rev:         v0.4
[2026-05-23 15:42:48.090] I (189) heap_init: Initializing. RAM available for dynamic allocation:
[2026-05-23 15:42:48.092] I (190) heap_init: At 3FC9C340 len 00023CC0 (143 KiB): RAM
[2026-05-23 15:42:48.094] I (190) heap_init: At 3FCC0000 len 0001C710 (113 KiB): Retention RAM
[2026-05-23 15:42:48.098] I (191) heap_init: At 3FCDC710 len 00002950 (10 KiB): Retention RAM
[2026-05-23 15:42:48.102] I (192) heap_init: At 5000021C len 00001DCC (7 KiB): RTCRAM
[2026-05-23 15:42:48.104] I (193) spi_flash: detected chip: generic
[2026-05-23 15:42:48.104] I (194) spi_flash: flash io: dio
[2026-05-23 15:42:48.106] W (194) spi_flash: Detected size(4096k) larger than the size in the binary image header(2048k). Using the size in the binary image header.
[2026-05-23 15:42:48.108] I (195) sleep_gpio: Configure to isolate all GPIO pins in sleep state
[2026-05-23 15:42:48.109] I (196) sleep_gpio: Enable automatic switching of GPIO sleep configuration
[2026-05-23 15:42:48.110] I (197) main_task: Started on CPU0
[2026-05-23 15:42:48.110] I (197) main_task: Calling app_main()
[2026-05-23 15:42:48.111] WCAN_CFG_WAIT v=1
# UART boot config sent: wcan v=1 role=sensor transport=BROADCAST test_duration_ms=30000 host_wait_time_ms=5000 base=0xd0 count=3 hz=10 linger=100
[2026-05-23 15:42:48.111] WCAN_CFG_WAIT v=1
[2026-05-23 15:42:50.536] WCAN_CFG_ACK
[2026-05-23 15:42:50.538] WCAN_CFG_ACK
[2026-05-23 15:42:50.543] I (2842) pp: pp rom version: 9387209
[2026-05-23 15:42:50.550] I (2843) net80211: net80211 rom version: 9387209
[2026-05-23 15:42:50.560] I (2844) wifi:wifi driver task: 3fca77a4, prio:23, stack:6656, core=0
[2026-05-23 15:42:50.566] I (2848) wifi:wifi firmware version: 79fa3f41ba
[2026-05-23 15:42:50.570] I (2848) wifi:wifi certification version: v7.0
[2026-05-23 15:42:50.573] I (2848) wifi:config NVS flash: enabled
[2026-05-23 15:42:50.576] I (2848) wifi:config nano formatting: disabled
[2026-05-23 15:42:50.579] I (2849) wifi:Init data frame dynamic rx buffer num: 32
[2026-05-23 15:42:50.580] I (2849) wifi:Init static rx mgmt buffer num: 5
[2026-05-23 15:42:50.582] I (2850) wifi:Init management short buffer num: 32
[2026-05-23 15:42:50.583] I (2850) wifi:Init dynamic tx buffer num: 32
[2026-05-23 15:42:50.586] I (2851) wifi:Init static tx FG buffer num: 2
[2026-05-23 15:42:50.587] I (2851) wifi:Init static rx buffer size: 1600
[2026-05-23 15:42:50.589] I (2852) wifi:Init static rx buffer num: 10
[2026-05-23 15:42:50.590] I (2852) wifi:Init dynamic rx buffer num: 32
[2026-05-23 15:42:50.591] I (2853) wifi_init: rx ba win: 6
[2026-05-23 15:42:50.593] I (2854) wifi_init: accept mbox: 6
[2026-05-23 15:42:50.594] I (2854) wifi_init: tcpip mbox: 32
[2026-05-23 15:42:50.595] I (2854) wifi_init: udp mbox: 6
[2026-05-23 15:42:50.596] I (2854) wifi_init: tcp mbox: 6
[2026-05-23 15:42:50.597] I (2855) wifi_init: tcp tx win: 5760
[2026-05-23 15:42:50.598] I (2855) wifi_init: tcp rx win: 5760
[2026-05-23 15:42:50.599] I (2856) wifi_init: tcp mss: 1440
[2026-05-23 15:42:50.600] I (2856) wifi_init: WiFi IRAM OP enabled
[2026-05-23 15:42:50.601] I (2856) wifi_init: WiFi RX IRAM OP enabled
[2026-05-23 15:42:50.603] I (2857) phy_init: phy_version 1200,2b7123f9,Feb 18 2025,15:22:21
[2026-05-23 15:42:50.604] I (2890) wifi:mode : sta (54:32:04:8c:0b:8c)
[2026-05-23 15:42:50.605] I (2890) wifi:enable tsf
[2026-05-23 15:42:50.607] I (2893) ESPNOW: espnow [version: 2.0] init
[2026-05-23 15:42:50.608] WCAN_TEST_READY role=sensor
# Waiting for phased test start
# UART test start sent: WCAN_TEST_START at 2026-05-23T15:42:50.620086
[2026-05-23 15:42:51.513] P(FAIL):3618:d1:1:0:1:2
[2026-05-23 15:42:51.515] P(FAIL):3620:d2:2:0:1:2
[2026-05-23 15:42:51.823] P(FAIL):3928:d1:4:2:3:2
[2026-05-23 15:42:52.287] P(FAIL):4392:d1:13:8:9:2
[2026-05-23 15:42:52.488] P(FAIL):4593:d2:17:10:11:2
[2026-05-23 15:42:52.823] P(FAIL):4928:d0:21:14:15:2
[2026-05-23 15:42:52.869] P(FAIL):4974:d2:23:14:15:2
[2026-05-23 15:42:53.292] P(FAIL):5397:d1:28:18:19:2
[2026-05-23 15:42:53.478] P(FAIL):5583:d2:32:20:21:2
[2026-05-23 15:42:53.712] P(FAIL):5817:d1:34:22:23:2
[2026-05-23 15:42:54.087] P(FAIL):6191:d2:41:26:27:2
[2026-05-23 15:42:54.274] P(FAIL):6379:d1:43:28:29:2
[2026-05-23 15:42:54.688] P(FAIL):6793:d2:50:32:33:2
[2026-05-23 15:42:55.092] P(FAIL):7197:d2:56:36:37:2
[2026-05-23 15:42:55.361] P(FAIL):7466:d1:58:38:39:2
[2026-05-23 15:42:55.528] P(FAIL):7632:d2:62:40:41:2
[2026-05-23 15:42:55.945] P(FAIL):8050:d1:67:44:45:2
[2026-05-23 15:42:56.139] P(FAIL):8244:d0:69:46:47:2
[2026-05-23 15:42:56.311] P(FAIL):8416:d2:74:48:49:2
[2026-05-23 15:42:56.565] P(FAIL):8670:d2:80:52:53:2
[2026-05-23 15:42:56.685] P(FAIL):8790:d1:79:52:53:2
[2026-05-23 15:42:57.273] P(FAIL):9378:d2:89:58:59:2
[2026-05-23 15:42:57.298] P(FAIL):9403:d1:88:58:59:2
[2026-05-23 15:42:57.684] P(FAIL):9789:d2:95:62:63:2
[2026-05-23 15:42:58.312] P(FAIL):10417:d2:104:68:69:2
[2026-05-23 15:42:59.053] P(FAIL):11158:d2:116:76:77:2
[2026-05-23 15:42:59.698] P(FAIL):11803:d2:125:82:83:2
[2026-05-23 15:43:00.124] P(FAIL):12229:d2:131:86:87:2
[2026-05-23 15:43:00.268] P(FAIL):12373:d1:133:88:89:2
[2026-05-23 15:43:00.670] P(FAIL):12775:d2:140:92:93:2
[2026-05-23 15:43:00.907] P(FAIL):13012:d0:141:94:95:2
[2026-05-23 15:43:01.061] P(FAIL):13166:d2:146:96:97:2
[2026-05-23 15:43:01.617] P(FAIL):13722:d1:154:102:103:2
[2026-05-23 15:43:01.864] P(FAIL):13969:d2:158:104:105:2
[2026-05-23 15:43:02.048] P(FAIL):14153:d1:160:106:107:2
[2026-05-23 15:43:03.054] P(FAIL):15159:d1:175:116:117:2
[2026-05-23 15:43:03.907] P(FAIL):16012:d2:188:124:125:2
[2026-05-23 15:43:04.269] P(FAIL):16374:d2:194:128:129:2
[2026-05-23 15:43:04.278] P(FAIL):16383:d1:193:128:129:2
[2026-05-23 15:43:04.707] P(FAIL):16812:d1:199:132:133:2
[2026-05-23 15:43:04.898] P(FAIL):17003:d2:203:134:135:2
[2026-05-23 15:43:05.221] P(FAIL):17326:d2:209:138:139:2
[2026-05-23 15:43:05.271] P(FAIL):17376:d1:208:138:139:2
[2026-05-23 15:43:06.029] P(FAIL):18134:d1:220:146:147:2
[2026-05-23 15:43:06.299] P(FAIL):18404:d2:224:148:149:2
[2026-05-23 15:43:06.862] P(FAIL):18967:d1:232:154:155:2
[2026-05-23 15:43:06.912] P(FAIL):19015:d2:233:154:155:2
[2026-05-23 15:43:07.333] P(FAIL):19438:d2:239:158:159:2
[2026-05-23 15:43:07.465] P(FAIL):19570:d0:240:160:161:2
[2026-05-23 15:43:07.924] P(FAIL):20029:d2:248:164:165:2
[2026-05-23 15:43:08.319] P(FAIL):20423:d1:253:168:169:2
[2026-05-23 15:43:08.408] P(FAIL):20513:d2:257:170:171:2
[2026-05-23 15:43:08.716] P(FAIL):20821:d1:256:170:171:2
[2026-05-23 15:43:08.726] P(FAIL):20830:d0:258:172:173:2
[2026-05-23 15:43:09.286] P(FAIL):21390:d2:269:178:179:2
[2026-05-23 15:43:09.411] P(FAIL):21516:d1:271:180:181:2
[2026-05-23 15:43:09.820] P(FAIL):21924:d2:278:184:185:2
[2026-05-23 15:43:09.862] P(FAIL):21966:d0:276:184:185:2
[2026-05-23 15:43:10.239] P(FAIL):22343:d2:284:188:189:2
[2026-05-23 15:43:10.626] P(FAIL):22731:d2:290:192:193:2
[2026-05-23 15:43:10.680] P(FAIL):22785:d1:289:192:193:2
[2026-05-23 15:43:11.122] P(FAIL):23226:d2:296:196:197:2
[2026-05-23 15:43:11.244] P(FAIL):23349:d1:298:198:199:2
[2026-05-23 15:43:11.672] P(FAIL):23776:d1:304:202:203:2
[2026-05-23 15:43:12.091] P(FAIL):24195:d1:310:206:207:2
[2026-05-23 15:43:12.684] P(FAIL):24788:d2:320:212:213:2
[2026-05-23 15:43:12.771] P(FAIL):24875:d1:322:214:215:2
[2026-05-23 15:43:13.244] P(FAIL):25348:d1:328:218:219:2
[2026-05-23 15:43:13.326] P(FAIL):25430:d2:329:218:219:2
[2026-05-23 15:43:13.893] P(FAIL):25998:d1:337:224:225:2
[2026-05-23 15:43:13.916] P(FAIL):26020:d2:338:224:225:2
[2026-05-23 15:43:14.257] P(FAIL):26361:d2:344:228:229:2
[2026-05-23 15:43:14.784] P(FAIL):26888:d2:353:234:235:2
[2026-05-23 15:43:15.242] P(FAIL):27346:d1:358:238:239:2
[2026-05-23 15:43:15.245] P(FAIL):27350:d2:359:238:239:2
[2026-05-23 15:43:15.848] P(FAIL):27952:d2:368:244:245:2
[2026-05-23 15:43:16.067] P(FAIL):28172:d0:369:246:247:2
[2026-05-23 15:43:16.485] P(FAIL):28589:d1:376:250:251:2
[2026-05-23 15:43:16.855] P(FAIL):28959:d2:383:254:255:2
[2026-05-23 15:43:16.877] P(FAIL):28981:d1:382:254:255:2
[2026-05-23 15:43:17.524] P(FAIL):29628:d1:391:260:261:2
[2026-05-23 15:43:17.628] P(FAIL):29732:d2:395:262:263:2
[2026-05-23 15:43:18.075] P(FAIL):30179:d1:400:266:267:2
[2026-05-23 15:43:18.231] P(FAIL):30335:d2:404:268:269:2
[2026-05-23 15:43:18.448] P(FAIL):30550:d1:406:270:271:2
[2026-05-23 15:43:18.868] P(FAIL):30972:d2:413:274:275:2
[2026-05-23 15:43:19.444] P(FAIL):31548:d2:422:280:281:2
[2026-05-23 15:43:20.065] P(FAIL):32169:d1:430:286:287:2
[2026-05-23 15:43:20.678] P(FAIL):32781:d2:440:292:293:2
[2026-05-23 15:43:20.844] P(FAIL):32948:d1:442:294:295:2
[2026-05-23 15:43:21.138] P(FAIL):33243:d2:443:294:295:2
[2026-05-23 15:43:21.327] P(FAIL):33432:d0:444:296:297:2
[2026-05-23 15:43:21.404] P(FAIL):33509:d1:445:296:297:2
[2026-05-23 15:43:21.932] WCAN_BATCH id=0xd0 count=150 avg_hz=5.00 avg_points=1.99 min_points=1 max_points=2 avg_interval_ms=200.00 min_interval_ms=199.90 max_interval_ms=200.10 avg_dispatch_ms=1.18 max_dispatch_ms=3.55 dispatched_count=176 avg_queue_wait_ms=33.05 max_queue_wait_ms=321.75
[2026-05-23 15:43:21.936] WCAN_BATCH id=0xd1 count=150 avg_hz=5.00 avg_points=1.99 min_points=1 max_points=2 avg_interval_ms=200.00 min_interval_ms=199.90 max_interval_ms=200.09 avg_dispatch_ms=1.62 max_dispatch_ms=6.72 dispatched_count=322 avg_queue_wait_ms=102.47 max_queue_wait_ms=482.70
[2026-05-23 15:43:21.940] WCAN_BATCH id=0xd2 count=150 avg_hz=5.00 avg_points=1.99 min_points=1 max_points=2 avg_interval_ms=200.00 min_interval_ms=199.90 max_interval_ms=200.09 avg_dispatch_ms=1.59 max_dispatch_ms=7.03 dispatched_count=335 avg_queue_wait_ms=112.86 max_queue_wait_ms=365.71
[2026-05-23 15:43:21.941] WCAN_SENSOR_END generated=298 avg_hz=9.97
[2026-05-23 15:43:21.945] WCAN_MEASURES elapsed_ms=29999 heap_start_free=87940 heap_end_free=109648 heap_start_min_free=87940 heap_end_min_free=87584 heap_start_largest=65536 heap_end_largest=77824 airtime_us_total=1257512 packets_sent_total=833 sensor_send_failures_total=0
[2026-05-23 15:43:21.946] WCAN_TEST_END role=sensor

# Monitor stopped: 2026-05-23T15:43:21.946119
