# Monitor started: 2026-05-23T20:21:31.372123
# Port: /dev/ttyACM1, Baud: 921600, Timeout: 35.000s after WCAN_TEST_START

# UART boot config: wcan v=1 role=sensor transport=MULTICAST test_duration_ms=30000 host_wait_time_ms=5000 base=0xe0 count=3 hz=750 linger=100
[2026-05-23 20:21:31.387] ESP-ROM:esp32c3-api1-20210207
[2026-05-23 20:21:31.395] Build:Feb  7 2021
[2026-05-23 20:21:31.410] rst:0x15 (USB_UART_CHIP_RESET),boot:0xd (SPI_FAST_FLASH_BOOT)
[2026-05-23 20:21:31.417] Saved PC:0x40384eba
[2026-05-23 20:21:31.421] SPIWP:0xee
[2026-05-23 20:21:31.427] mode:DIO, clock div:1
[2026-05-23 20:21:31.430] load:0x3fcd5820,len:0x1574
[2026-05-23 20:21:31.435] load:0x403cc710,len:0xc30
[2026-05-23 20:21:31.438] load:0x403ce710,len:0x2fa0
[2026-05-23 20:21:31.439] entry 0x403cc71a
[2026-05-23 20:21:31.453] I (24) boot: ESP-IDF v5.4.1 2nd stage bootloader
[2026-05-23 20:21:31.460] I (24) boot: compile time May 19 2026 23:41:33
[2026-05-23 20:21:31.461] I (25) boot: chip revision: v0.4
[2026-05-23 20:21:31.463] I (25) boot: efuse block revision: v1.3
[2026-05-23 20:21:31.466] I (25) boot.esp32c3: SPI Speed      : 80MHz
[2026-05-23 20:21:31.468] I (25) boot.esp32c3: SPI Mode       : DIO
[2026-05-23 20:21:31.473] I (26) boot.esp32c3: SPI Flash Size : 2MB
[2026-05-23 20:21:31.476] I (26) boot: Enabling RNG early entropy source...
[2026-05-23 20:21:31.476] I (27) boot: Partition Table:
[2026-05-23 20:21:31.483] I (27) boot: ## Label            Usage          Type ST Offset   Length
[2026-05-23 20:21:31.487] I (28) boot:  0 nvs              WiFi data        01 02 00009000 00006000
[2026-05-23 20:21:31.489] I (29) boot:  1 phy_init         RF data          01 01 0000f000 00001000
[2026-05-23 20:21:31.490] I (29) boot:  2 factory          factory app      00 00 00010000 00100000
[2026-05-23 20:21:31.492] I (30) boot: End of partition table
[2026-05-23 20:21:31.502] I (31) esp_image: segment 0: paddr=00010020 vaddr=3c0a0020 size=19850h (104528) map
[2026-05-23 20:21:31.506] I (48) esp_image: segment 1: paddr=00029878 vaddr=3fc95000 size=02da0h ( 11680) load
[2026-05-23 20:21:31.510] I (51) esp_image: segment 2: paddr=0002c620 vaddr=40380000 size=039f8h ( 14840) load
[2026-05-23 20:21:31.515] I (54) esp_image: segment 3: paddr=00030020 vaddr=42000020 size=990b4h (626868) map
[2026-05-23 20:21:31.518] I (154) esp_image: segment 4: paddr=000c90dc vaddr=403839f8 size=114f8h ( 70904) load
[2026-05-23 20:21:31.519] I (168) esp_image: segment 5: paddr=000da5dc vaddr=50000200 size=0001ch (    28) load
[2026-05-23 20:21:31.520] I (174) boot: Loaded app from partition at offset 0x10000
[2026-05-23 20:21:31.521] I (175) boot: Disabling RNG early entropy source...
[2026-05-23 20:21:31.522] I (176) cpu_start: Unicore app
[2026-05-23 20:21:31.524] I (185) cpu_start: Pro cpu start user code
[2026-05-23 20:21:31.527] I (185) cpu_start: cpu freq: 160000000 Hz
[2026-05-23 20:21:31.528] I (185) app_init: Application information:
[2026-05-23 20:21:31.530] I (185) app_init: Project name:     sensor_acquirer
[2026-05-23 20:21:31.531] I (185) app_init: App version:      v1.0-171-gbbe0783
[2026-05-23 20:21:31.532] I (186) app_init: Compile time:     May 23 2026 14:30:40
[2026-05-23 20:21:31.534] I (186) app_init: ELF file SHA256:  0e7d705e7...
[2026-05-23 20:21:31.536] I (187) app_init: ESP-IDF:          v5.4.1
[2026-05-23 20:21:31.537] I (187) efuse_init: Min chip rev:     v0.3
[2026-05-23 20:21:31.539] I (188) efuse_init: Max chip rev:     v1.99
[2026-05-23 20:21:31.541] I (188) efuse_init: Chip rev:         v0.4
[2026-05-23 20:21:31.544] I (189) heap_init: Initializing. RAM available for dynamic allocation:
[2026-05-23 20:21:31.545] I (190) heap_init: At 3FC9C130 len 00023ED0 (143 KiB): RAM
[2026-05-23 20:21:31.546] I (190) heap_init: At 3FCC0000 len 0001C710 (113 KiB): Retention RAM
[2026-05-23 20:21:31.549] I (191) heap_init: At 3FCDC710 len 00002950 (10 KiB): Retention RAM
[2026-05-23 20:21:31.556] I (192) heap_init: At 5000021C len 00001DCC (7 KiB): RTCRAM
[2026-05-23 20:21:31.560] I (193) spi_flash: detected chip: generic
[2026-05-23 20:21:31.561] I (194) spi_flash: flash io: dio
[2026-05-23 20:21:31.575] W (194) spi_flash: Detected size(4096k) larger than the size in the binary image header(2048k). Using the size in the binary image header.
[2026-05-23 20:21:31.577] I (195) sleep_gpio: Configure to isolate all GPIO pins in sleep state
[2026-05-23 20:21:31.580] I (196) sleep_gpio: Enable automatic switching of GPIO sleep configuration
[2026-05-23 20:21:31.581] I (197) main_task: Started on CPU0
[2026-05-23 20:21:31.581] I (197) main_task: Calling app_main()
[2026-05-23 20:21:31.582] WCAN_CFG_WAIT v=1
# UART boot config sent: wcan v=1 role=sensor transport=MULTICAST test_duration_ms=30000 host_wait_time_ms=5000 base=0xe0 count=3 hz=750 linger=100
[2026-05-23 20:21:31.584] WCAN_CFG_WAIT v=1
[2026-05-23 20:21:34.030] WCAN_CFG_ACK
[2026-05-23 20:21:34.030] WCAN_CFG_ACK
[2026-05-23 20:21:34.035] I (2862) pp: pp rom version: 9387209
[2026-05-23 20:21:34.036] I (2863) net80211: net80211 rom version: 9387209
[2026-05-23 20:21:34.038] I (2864) wifi:wifi driver task: 3fca7510, prio:23, stack:6656, core=0
[2026-05-23 20:21:34.041] I (2868) wifi:wifi firmware version: 79fa3f41ba
[2026-05-23 20:21:34.042] I (2868) wifi:wifi certification version: v7.0
[2026-05-23 20:21:34.043] I (2868) wifi:config NVS flash: enabled
[2026-05-23 20:21:34.044] I (2868) wifi:config nano formatting: disabled
[2026-05-23 20:21:34.046] I (2869) wifi:Init data frame dynamic rx buffer num: 32
[2026-05-23 20:21:34.047] I (2869) wifi:Init static rx mgmt buffer num: 5
[2026-05-23 20:21:34.048] I (2870) wifi:Init management short buffer num: 32
[2026-05-23 20:21:34.049] I (2870) wifi:Init dynamic tx buffer num: 32
[2026-05-23 20:21:34.050] I (2871) wifi:Init static tx FG buffer num: 2
[2026-05-23 20:21:34.051] I (2871) wifi:Init static rx buffer size: 1600
[2026-05-23 20:21:34.052] I (2872) wifi:Init static rx buffer num: 10
[2026-05-23 20:21:34.053] I (2872) wifi:Init dynamic rx buffer num: 32
[2026-05-23 20:21:34.054] I (2873) wifi_init: rx ba win: 6
[2026-05-23 20:21:34.055] I (2874) wifi_init: accept mbox: 6
[2026-05-23 20:21:34.056] I (2874) wifi_init: tcpip mbox: 32
[2026-05-23 20:21:34.057] I (2874) wifi_init: udp mbox: 6
[2026-05-23 20:21:34.057] I (2874) wifi_init: tcp mbox: 6
[2026-05-23 20:21:34.058] I (2875) wifi_init: tcp tx win: 5760
[2026-05-23 20:21:34.059] I (2875) wifi_init: tcp rx win: 5760
[2026-05-23 20:21:34.060] I (2876) wifi_init: tcp mss: 1440
[2026-05-23 20:21:34.061] I (2876) wifi_init: WiFi IRAM OP enabled
[2026-05-23 20:21:34.062] I (2876) wifi_init: WiFi RX IRAM OP enabled
[2026-05-23 20:21:34.063] I (2877) phy_init: phy_version 1200,2b7123f9,Feb 18 2025,15:22:21
[2026-05-23 20:21:34.085] I (2911) wifi:mode : sta (74:4d:bd:e1:d5:b8)
[2026-05-23 20:21:34.085] I (2911) wifi:enable tsf
[2026-05-23 20:21:34.089] I (2915) ESPNOW: espnow [version: 2.0] init
[2026-05-23 20:21:34.090] WCAN_TEST_READY role=sensor
# Waiting for phased test start
# UART test start sent: WCAN_TEST_START at 2026-05-23T20:21:34.102682
[2026-05-23 20:22:04.435] WCAN_BATCH id=0xe0 count=296 avg_hz=9.87 avg_points=76.00 min_points=76 max_points=76 avg_interval_ms=101.31 min_interval_ms=101.28 max_interval_ms=101.33 avg_dispatch_ms=7.00 max_dispatch_ms=12.47 dispatched_count=296 avg_queue_wait_ms=0.14 max_queue_wait_ms=0.28
[2026-05-23 20:22:04.440] WCAN_BATCH id=0xe1 count=296 avg_hz=9.87 avg_points=76.00 min_points=76 max_points=76 avg_interval_ms=101.31 min_interval_ms=101.25 max_interval_ms=101.34 avg_dispatch_ms=6.69 max_dispatch_ms=17.56 dispatched_count=296 avg_queue_wait_ms=7.20 max_queue_wait_ms=12.71
[2026-05-23 20:22:04.445] WCAN_BATCH id=0xe2 count=296 avg_hz=9.87 avg_points=76.00 min_points=76 max_points=76 avg_interval_ms=101.31 min_interval_ms=101.25 max_interval_ms=101.34 avg_dispatch_ms=6.66 max_dispatch_ms=12.66 dispatched_count=296 avg_queue_wait_ms=13.97 max_queue_wait_ms=21.82
[2026-05-23 20:22:04.446] WCAN_SENSOR_END generated=22504 avg_hz=750.19
[2026-05-23 20:22:04.451] WCAN_MEASURES elapsed_ms=29999 heap_start_free=66428 heap_end_free=78020 heap_start_min_free=66428 heap_end_min_free=64176 heap_start_largest=47104 heap_end_largest=47104 airtime_us_total=6014640 packets_sent_total=888 sensor_send_failures_total=0
[2026-05-23 20:22:04.451] WCAN_TEST_END role=sensor

# Monitor stopped: 2026-05-23T20:22:04.451756
