# Monitor started: 2026-05-23T21:10:07.176884
# Port: /dev/ttyACM0, Baud: 921600, Timeout: 35.000s after WCAN_TEST_START

# UART boot config: wcan v=1 role=sensor transport=MULTICAST test_duration_ms=30000 host_wait_time_ms=5000 base=0xd0 count=1 hz=200 linger=0
[2026-05-23 21:10:07.178] ESP-ROM:esp32c3-api1-20210207
[2026-05-23 21:10:07.179] Build:Feb  7 2021
[2026-05-23 21:10:07.184] rst:0x15 (USB_UART_CHIP_RESET),boot:0xd (SPI_FAST_FLASH_BOOT)
[2026-05-23 21:10:07.186] Saved PC:0x40384eba
[2026-05-23 21:10:07.188] SPIWP:0xee
[2026-05-23 21:10:07.190] mode:DIO, clock div:1
[2026-05-23 21:10:07.193] load:0x3fcd5820,len:0x1574
[2026-05-23 21:10:07.194] load:0x403cc710,len:0xc30
[2026-05-23 21:10:07.197] load:0x403ce710,len:0x2fa0
[2026-05-23 21:10:07.200] entry 0x403cc71a
[2026-05-23 21:10:07.201] I (24) boot: ESP-IDF v5.4.1 2nd stage bootloader
[2026-05-23 21:10:07.207] I (24) boot: compile time May 19 2026 23:41:33
[2026-05-23 21:10:07.211] I (25) boot: chip revision: v0.4
[2026-05-23 21:10:07.213] I (25) boot: efuse block revision: v1.3
[2026-05-23 21:10:07.217] I (25) boot.esp32c3: SPI Speed      : 80MHz
[2026-05-23 21:10:07.219] I (25) boot.esp32c3: SPI Mode       : DIO
[2026-05-23 21:10:07.223] I (26) boot.esp32c3: SPI Flash Size : 2MB
[2026-05-23 21:10:07.225] I (26) boot: Enabling RNG early entropy source...
[2026-05-23 21:10:07.228] I (27) boot: Partition Table:
[2026-05-23 21:10:07.232] I (27) boot: ## Label            Usage          Type ST Offset   Length
[2026-05-23 21:10:07.234] I (28) boot:  0 nvs              WiFi data        01 02 00009000 00006000
[2026-05-23 21:10:07.239] I (29) boot:  1 phy_init         RF data          01 01 0000f000 00001000
[2026-05-23 21:10:07.246] I (29) boot:  2 factory          factory app      00 00 00010000 00100000
[2026-05-23 21:10:07.249] I (30) boot: End of partition table
[2026-05-23 21:10:07.255] I (31) esp_image: segment 0: paddr=00010020 vaddr=3c0a0020 size=19850h (104528) map
[2026-05-23 21:10:07.261] I (48) esp_image: segment 1: paddr=00029878 vaddr=3fc95000 size=02da0h ( 11680) load
[2026-05-23 21:10:07.267] I (51) esp_image: segment 2: paddr=0002c620 vaddr=40380000 size=039f8h ( 14840) load
[2026-05-23 21:10:07.271] I (54) esp_image: segment 3: paddr=00030020 vaddr=42000020 size=990b4h (626868) map
[2026-05-23 21:10:07.274] I (154) esp_image: segment 4: paddr=000c90dc vaddr=403839f8 size=114f8h ( 70904) load
[2026-05-23 21:10:07.279] I (168) esp_image: segment 5: paddr=000da5dc vaddr=50000200 size=0001ch (    28) load
[2026-05-23 21:10:07.287] I (174) boot: Loaded app from partition at offset 0x10000
[2026-05-23 21:10:07.290] I (175) boot: Disabling RNG early entropy source...
[2026-05-23 21:10:07.294] I (176) cpu_start: Unicore app
[2026-05-23 21:10:07.299] I (185) cpu_start: Pro cpu start user code
[2026-05-23 21:10:07.300] I (185) cpu_start: cpu freq: 160000000 Hz
[2026-05-23 21:10:07.302] I (185) app_init: Application information:
[2026-05-23 21:10:07.309] I (185) app_init: Project name:     sensor_acquirer
[2026-05-23 21:10:07.314] I (185) app_init: App version:      v1.0-171-gbbe0783
[2026-05-23 21:10:07.322] I (186) app_init: Compile time:     May 23 2026 14:30:40
[2026-05-23 21:10:07.324] I (186) app_init: ELF file SHA256:  0e7d705e7...
[2026-05-23 21:10:07.325] I (187) app_init: ESP-IDF:          v5.4.1
[2026-05-23 21:10:07.326] I (187) efuse_init: Min chip rev:     v0.3
[2026-05-23 21:10:07.327] I (188) efuse_init: Max chip rev:     v1.99
[2026-05-23 21:10:07.328] I (188) efuse_init: Chip rev:         v0.4
[2026-05-23 21:10:07.330] I (189) heap_init: Initializing. RAM available for dynamic allocation:
[2026-05-23 21:10:07.331] I (190) heap_init: At 3FC9C130 len 00023ED0 (143 KiB): RAM
[2026-05-23 21:10:07.333] I (190) heap_init: At 3FCC0000 len 0001C710 (113 KiB): Retention RAM
[2026-05-23 21:10:07.335] I (191) heap_init: At 3FCDC710 len 00002950 (10 KiB): Retention RAM
[2026-05-23 21:10:07.337] I (192) heap_init: At 5000021C len 00001DCC (7 KiB): RTCRAM
[2026-05-23 21:10:07.338] I (193) spi_flash: detected chip: generic
[2026-05-23 21:10:07.339] I (193) spi_flash: flash io: dio
[2026-05-23 21:10:07.342] W (194) spi_flash: Detected size(4096k) larger than the size in the binary image header(2048k). Using the size in the binary image header.
[2026-05-23 21:10:07.342] I (195) sleep_gpio: Configure to isolate all GPIO pins in sleep state
[2026-05-23 21:10:07.342] I (196) sleep_gpio: Enable automatic switching of GPIO sleep configuration
[2026-05-23 21:10:07.343] I (197) main_task: Started on CPU0
[2026-05-23 21:10:07.343] I (197) main_task: Calling app_main()
[2026-05-23 21:10:07.343] WCAN_CFG_WAIT v=1
# UART boot config sent: wcan v=1 role=sensor transport=MULTICAST test_duration_ms=30000 host_wait_time_ms=5000 base=0xd0 count=1 hz=200 linger=0
[2026-05-23 21:10:07.343] WCAN_CFG_WAIT v=1
[2026-05-23 21:10:09.755] WCAN_CFG_ACK
[2026-05-23 21:10:09.755] WCAN_CFG_ACK
[2026-05-23 21:10:09.760] I (2782) pp: pp rom version: 9387209
[2026-05-23 21:10:09.760] I (2783) net80211: net80211 rom version: 9387209
[2026-05-23 21:10:09.761] I (2784) wifi:wifi driver task: 3fca7594, prio:23, stack:6656, core=0
[2026-05-23 21:10:09.765] I (2788) wifi:wifi firmware version: 79fa3f41ba
[2026-05-23 21:10:09.766] I (2788) wifi:wifi certification version: v7.0
[2026-05-23 21:10:09.766] I (2788) wifi:config NVS flash: enabled
[2026-05-23 21:10:09.766] I (2788) wifi:config nano formatting: disabled
[2026-05-23 21:10:09.766] I (2789) wifi:Init data frame dynamic rx buffer num: 32
[2026-05-23 21:10:09.767] I (2789) wifi:Init static rx mgmt buffer num: 5
[2026-05-23 21:10:09.768] I (2790) wifi:Init management short buffer num: 32
[2026-05-23 21:10:09.768] I (2790) wifi:Init dynamic tx buffer num: 32
[2026-05-23 21:10:09.769] I (2791) wifi:Init static tx FG buffer num: 2
[2026-05-23 21:10:09.769] I (2791) wifi:Init static rx buffer size: 1600
[2026-05-23 21:10:09.769] I (2792) wifi:Init static rx buffer num: 10
[2026-05-23 21:10:09.770] I (2792) wifi:Init dynamic rx buffer num: 32
[2026-05-23 21:10:09.771] I (2793) wifi_init: rx ba win: 6
[2026-05-23 21:10:09.771] I (2794) wifi_init: accept mbox: 6
[2026-05-23 21:10:09.771] I (2794) wifi_init: tcpip mbox: 32
[2026-05-23 21:10:09.772] I (2794) wifi_init: udp mbox: 6
[2026-05-23 21:10:09.772] I (2794) wifi_init: tcp mbox: 6
[2026-05-23 21:10:09.772] I (2795) wifi_init: tcp tx win: 5760
[2026-05-23 21:10:09.773] I (2795) wifi_init: tcp rx win: 5760
[2026-05-23 21:10:09.773] I (2796) wifi_init: tcp mss: 1440
[2026-05-23 21:10:09.774] I (2796) wifi_init: WiFi IRAM OP enabled
[2026-05-23 21:10:09.774] I (2796) wifi_init: WiFi RX IRAM OP enabled
[2026-05-23 21:10:09.775] I (2797) phy_init: phy_version 1200,2b7123f9,Feb 18 2025,15:22:21
[2026-05-23 21:10:09.809] I (2831) wifi:mode : sta (54:32:04:8c:0b:8c)
[2026-05-23 21:10:09.809] I (2832) wifi:enable tsf
[2026-05-23 21:10:09.812] I (2835) ESPNOW: espnow [version: 2.0] init
[2026-05-23 21:10:09.813] WCAN_TEST_READY role=sensor
# Waiting for phased test start
# UART test start sent: WCAN_TEST_START at 2026-05-23T21:10:09.824735
[2026-05-23 21:10:40.156] WCAN_BATCH id=0xd0 count=5999 avg_hz=200.00 avg_points=1.00 min_points=1 max_points=1 avg_interval_ms=5.00 min_interval_ms=4.94 max_interval_ms=5.06 avg_dispatch_ms=1.49 max_dispatch_ms=10.93 dispatched_count=5999 avg_queue_wait_ms=0.09 max_queue_wait_ms=0.51
[2026-05-23 21:10:40.157] WCAN_SENSOR_END generated=5998 avg_hz=199.97
[2026-05-23 21:10:40.159] WCAN_MEASURES elapsed_ms=29999 heap_start_free=97564 heap_end_free=109280 heap_start_min_free=97564 heap_end_min_free=97272 heap_start_largest=77824 heap_end_largest=77824 airtime_us_total=8826317 packets_sent_total=5999 sensor_send_failures_total=0
[2026-05-23 21:10:40.159] WCAN_TEST_END role=sensor

# Monitor stopped: 2026-05-23T21:10:40.159808
