# Monitor started: 2026-05-23T18:41:51.931358
# Port: /dev/ttyACM0, Baud: 921600, Timeout: 35.000s after WCAN_TEST_START

# UART boot config: wcan v=1 role=sensor transport=MULTICAST test_duration_ms=30000 host_wait_time_ms=5000 base=0xd0 count=1 hz=10 linger=100
[2026-05-23 18:41:51.932] ESP-ROM:esp32c3-api1-20210207
[2026-05-23 18:41:51.933] Build:Feb  7 2021
[2026-05-23 18:41:51.939] rst:0x15 (USB_UART_CHIP_RESET),boot:0xd (SPI_FAST_FLASH_BOOT)
[2026-05-23 18:41:51.941] Saved PC:0x40384eba
[2026-05-23 18:41:51.942] SPIWP:0xee
[2026-05-23 18:41:51.944] mode:DIO, clock div:1
[2026-05-23 18:41:51.946] load:0x3fcd5820,len:0x1574
[2026-05-23 18:41:51.949] load:0x403cc710,len:0xc30
[2026-05-23 18:41:51.951] load:0x403ce710,len:0x2fa0
[2026-05-23 18:41:51.952] entry 0x403cc71a
[2026-05-23 18:41:51.957] I (24) boot: ESP-IDF v5.4.1 2nd stage bootloader
[2026-05-23 18:41:51.958] I (24) boot: compile time May 19 2026 23:41:33
[2026-05-23 18:41:51.959] I (25) boot: chip revision: v0.4
[2026-05-23 18:41:51.960] I (25) boot: efuse block revision: v1.3
[2026-05-23 18:41:51.964] I (25) boot.esp32c3: SPI Speed      : 80MHz
[2026-05-23 18:41:51.969] I (25) boot.esp32c3: SPI Mode       : DIO
[2026-05-23 18:41:51.973] I (26) boot.esp32c3: SPI Flash Size : 2MB
[2026-05-23 18:41:51.974] I (26) boot: Enabling RNG early entropy source...
[2026-05-23 18:41:51.976] I (27) boot: Partition Table:
[2026-05-23 18:41:51.979] I (27) boot: ## Label            Usage          Type ST Offset   Length
[2026-05-23 18:41:51.984] I (28) boot:  0 nvs              WiFi data        01 02 00009000 00006000
[2026-05-23 18:41:51.986] I (29) boot:  1 phy_init         RF data          01 01 0000f000 00001000
[2026-05-23 18:41:51.989] I (29) boot:  2 factory          factory app      00 00 00010000 00100000
[2026-05-23 18:41:51.991] I (30) boot: End of partition table
[2026-05-23 18:41:51.998] I (31) esp_image: segment 0: paddr=00010020 vaddr=3c0a0020 size=19850h (104528) map
[2026-05-23 18:41:52.004] I (48) esp_image: segment 1: paddr=00029878 vaddr=3fc95000 size=02da0h ( 11680) load
[2026-05-23 18:41:52.012] I (51) esp_image: segment 2: paddr=0002c620 vaddr=40380000 size=039f8h ( 14840) load
[2026-05-23 18:41:52.016] I (54) esp_image: segment 3: paddr=00030020 vaddr=42000020 size=990b4h (626868) map
[2026-05-23 18:41:52.021] I (154) esp_image: segment 4: paddr=000c90dc vaddr=403839f8 size=114f8h ( 70904) load
[2026-05-23 18:41:52.025] I (168) esp_image: segment 5: paddr=000da5dc vaddr=50000200 size=0001ch (    28) load
[2026-05-23 18:41:52.027] I (175) boot: Loaded app from partition at offset 0x10000
[2026-05-23 18:41:52.034] I (175) boot: Disabling RNG early entropy source...
[2026-05-23 18:41:52.036] I (176) cpu_start: Unicore app
[2026-05-23 18:41:52.042] I (185) cpu_start: Pro cpu start user code
[2026-05-23 18:41:52.046] I (185) cpu_start: cpu freq: 160000000 Hz
[2026-05-23 18:41:52.048] I (185) app_init: Application information:
[2026-05-23 18:41:52.055] I (185) app_init: Project name:     sensor_acquirer
[2026-05-23 18:41:52.057] I (185) app_init: App version:      v1.0-171-gbbe0783
[2026-05-23 18:41:52.060] I (186) app_init: Compile time:     May 23 2026 14:30:40
[2026-05-23 18:41:52.063] I (186) app_init: ELF file SHA256:  0e7d705e7...
[2026-05-23 18:41:52.066] I (187) app_init: ESP-IDF:          v5.4.1
[2026-05-23 18:41:52.067] I (187) efuse_init: Min chip rev:     v0.3
[2026-05-23 18:41:52.068] I (188) efuse_init: Max chip rev:     v1.99
[2026-05-23 18:41:52.070] I (188) efuse_init: Chip rev:         v0.4
[2026-05-23 18:41:52.078] I (189) heap_init: Initializing. RAM available for dynamic allocation:
[2026-05-23 18:41:52.079] I (190) heap_init: At 3FC9C130 len 00023ED0 (143 KiB): RAM
[2026-05-23 18:41:52.082] I (190) heap_init: At 3FCC0000 len 0001C710 (113 KiB): Retention RAM
[2026-05-23 18:41:52.083] I (191) heap_init: At 3FCDC710 len 00002950 (10 KiB): Retention RAM
[2026-05-23 18:41:52.087] I (192) heap_init: At 5000021C len 00001DCC (7 KiB): RTCRAM
[2026-05-23 18:41:52.089] I (193) spi_flash: detected chip: generic
[2026-05-23 18:41:52.090] I (193) spi_flash: flash io: dio
[2026-05-23 18:41:52.095] W (194) spi_flash: Detected size(4096k) larger than the size in the binary image header(2048k). Using the size in the binary image header.
[2026-05-23 18:41:52.097] I (195) sleep_gpio: Configure to isolate all GPIO pins in sleep state
[2026-05-23 18:41:52.099] I (196) sleep_gpio: Enable automatic switching of GPIO sleep configuration
[2026-05-23 18:41:52.100] I (197) main_task: Started on CPU0
[2026-05-23 18:41:52.101] I (197) main_task: Calling app_main()
[2026-05-23 18:41:52.102] WCAN_CFG_WAIT v=1
# UART boot config sent: wcan v=1 role=sensor transport=MULTICAST test_duration_ms=30000 host_wait_time_ms=5000 base=0xd0 count=1 hz=10 linger=100
[2026-05-23 18:41:52.102] WCAN_CFG_WAIT v=1
[2026-05-23 18:41:54.530] WCAN_CFG_ACK
[2026-05-23 18:41:54.530] WCAN_CFG_ACK
[2026-05-23 18:41:54.534] I (2802) pp: pp rom version: 9387209
[2026-05-23 18:41:54.536] I (2803) net80211: net80211 rom version: 9387209
[2026-05-23 18:41:54.537] I (2804) wifi:wifi driver task: 3fca7594, prio:23, stack:6656, core=0
[2026-05-23 18:41:54.541] I (2808) wifi:wifi firmware version: 79fa3f41ba
[2026-05-23 18:41:54.542] I (2808) wifi:wifi certification version: v7.0
[2026-05-23 18:41:54.543] I (2808) wifi:config NVS flash: enabled
[2026-05-23 18:41:54.543] I (2808) wifi:config nano formatting: disabled
[2026-05-23 18:41:54.545] I (2809) wifi:Init data frame dynamic rx buffer num: 32
[2026-05-23 18:41:54.546] I (2809) wifi:Init static rx mgmt buffer num: 5
[2026-05-23 18:41:54.548] I (2810) wifi:Init management short buffer num: 32
[2026-05-23 18:41:54.549] I (2810) wifi:Init dynamic tx buffer num: 32
[2026-05-23 18:41:54.551] I (2811) wifi:Init static tx FG buffer num: 2
[2026-05-23 18:41:54.552] I (2812) wifi:Init static rx buffer size: 1600
[2026-05-23 18:41:54.553] I (2812) wifi:Init static rx buffer num: 10
[2026-05-23 18:41:54.554] I (2812) wifi:Init dynamic rx buffer num: 32
[2026-05-23 18:41:54.556] I (2814) wifi_init: rx ba win: 6
[2026-05-23 18:41:54.557] I (2814) wifi_init: accept mbox: 6
[2026-05-23 18:41:54.558] I (2814) wifi_init: tcpip mbox: 32
[2026-05-23 18:41:54.559] I (2814) wifi_init: udp mbox: 6
[2026-05-23 18:41:54.560] I (2814) wifi_init: tcp mbox: 6
[2026-05-23 18:41:54.561] I (2815) wifi_init: tcp tx win: 5760
[2026-05-23 18:41:54.562] I (2815) wifi_init: tcp rx win: 5760
[2026-05-23 18:41:54.562] I (2816) wifi_init: tcp mss: 1440
[2026-05-23 18:41:54.562] I (2816) wifi_init: WiFi IRAM OP enabled
[2026-05-23 18:41:54.563] I (2816) wifi_init: WiFi RX IRAM OP enabled
[2026-05-23 18:41:54.563] I (2817) phy_init: phy_version 1200,2b7123f9,Feb 18 2025,15:22:21
[2026-05-23 18:41:54.588] I (2855) wifi:mode : sta (54:32:04:8c:0b:8c)
[2026-05-23 18:41:54.588] I (2855) wifi:enable tsf
[2026-05-23 18:41:54.591] I (2858) ESPNOW: espnow [version: 2.0] init
[2026-05-23 18:41:54.592] WCAN_TEST_READY role=sensor
# Waiting for phased test start
# UART test start sent: WCAN_TEST_START at 2026-05-23T18:41:54.603050
[2026-05-23 18:42:24.948] WCAN_BATCH id=0xd0 count=150 avg_hz=5.00 avg_points=1.99 min_points=1 max_points=2 avg_interval_ms=200.00 min_interval_ms=199.94 max_interval_ms=200.02 avg_dispatch_ms=1.78 max_dispatch_ms=8.95 dispatched_count=150 avg_queue_wait_ms=0.14 max_queue_wait_ms=0.28
[2026-05-23 18:42:24.951] WCAN_SENSOR_END generated=298 avg_hz=9.97
[2026-05-23 18:42:24.956] WCAN_MEASURES elapsed_ms=29999 heap_start_free=97564 heap_end_free=109216 heap_start_min_free=97564 heap_end_min_free=96792 heap_start_largest=77824 heap_end_largest=77824 airtime_us_total=264454 packets_sent_total=150 sensor_send_failures_total=0
[2026-05-23 18:42:24.957] WCAN_TEST_END role=sensor

# Monitor stopped: 2026-05-23T18:42:24.957239
