# Monitor started: 2026-05-23T15:01:35.239685
# Port: /dev/ttyACM1, Baud: 921600, Timeout: 35.000s after WCAN_TEST_START

# UART boot config: wcan v=1 role=idle transport=BROADCAST test_duration_ms=30000 host_wait_time_ms=5000
[2026-05-23 15:01:35.248] ESP-ROM:esp32c3-api1-20210207
[2026-05-23 15:01:35.253] Build:Feb  7 2021
[2026-05-23 15:01:35.276] rst:0x15 (USB_UART_CHIP_RESET),boot:0xd (SPI_FAST_FLASH_BOOT)
[2026-05-23 15:01:35.285] Saved PC:0x40384eba
[2026-05-23 15:01:35.289] SPIWP:0xee
[2026-05-23 15:01:35.298] mode:DIO, clock div:1
[2026-05-23 15:01:35.305] load:0x3fcd5820,len:0x1574
[2026-05-23 15:01:35.313] load:0x403cc710,len:0xc30
[2026-05-23 15:01:35.314] load:0x403ce710,len:0x2fa0
[2026-05-23 15:01:35.315] entry 0x403cc71a
[2026-05-23 15:01:35.317] I (24) boot: ESP-IDF v5.4.1 2nd stage bootloader
[2026-05-23 15:01:35.321] I (24) boot: compile time May 20 2026 00:05:32
[2026-05-23 15:01:35.332] I (25) boot: chip revision: v0.4
[2026-05-23 15:01:35.334] I (25) boot: efuse block revision: v1.3
[2026-05-23 15:01:35.335] I (25) boot.esp32c3: SPI Speed      : 80MHz
[2026-05-23 15:01:35.336] I (25) boot.esp32c3: SPI Mode       : DIO
[2026-05-23 15:01:35.337] I (26) boot.esp32c3: SPI Flash Size : 2MB
[2026-05-23 15:01:35.338] I (26) boot: Enabling RNG early entropy source...
[2026-05-23 15:01:35.340] I (27) boot: Partition Table:
[2026-05-23 15:01:35.362] I (27) boot: ## Label            Usage          Type ST Offset   Length
[2026-05-23 15:01:35.365] I (28) boot:  0 nvs              WiFi data        01 02 00009000 00006000
[2026-05-23 15:01:35.368] I (29) boot:  1 phy_init         RF data          01 01 0000f000 00001000
[2026-05-23 15:01:35.369] I (29) boot:  2 factory          factory app      00 00 00010000 00100000
[2026-05-23 15:01:35.389] I (30) boot: End of partition table
[2026-05-23 15:01:35.398] I (31) esp_image: segment 0: paddr=00010020 vaddr=3c0a0020 size=1977ch (104316) map
[2026-05-23 15:01:35.402] I (48) esp_image: segment 1: paddr=000297a4 vaddr=3fc95200 size=02da0h ( 11680) load
[2026-05-23 15:01:35.405] I (51) esp_image: segment 2: paddr=0002c54c vaddr=40380000 size=03acch ( 15052) load
[2026-05-23 15:01:35.412] I (54) esp_image: segment 3: paddr=00030020 vaddr=42000020 size=9942ch (627756) map
[2026-05-23 15:01:35.418] I (154) esp_image: segment 4: paddr=000c9454 vaddr=40383acc size=11614h ( 71188) load
[2026-05-23 15:01:35.423] I (168) esp_image: segment 5: paddr=000daa70 vaddr=50000200 size=0001ch (    28) load
[2026-05-23 15:01:35.424] I (175) boot: Loaded app from partition at offset 0x10000
[2026-05-23 15:01:35.426] I (175) boot: Disabling RNG early entropy source...
[2026-05-23 15:01:35.426] I (176) cpu_start: Unicore app
[2026-05-23 15:01:35.427] I (185) cpu_start: Pro cpu start user code
[2026-05-23 15:01:35.428] I (185) cpu_start: cpu freq: 160000000 Hz
[2026-05-23 15:01:35.429] I (185) app_init: Application information:
[2026-05-23 15:01:35.430] I (185) app_init: Project name:     sensor_acquirer
[2026-05-23 15:01:35.432] I (185) app_init: App version:      v1.0-171-gbbe0783
[2026-05-23 15:01:35.433] I (186) app_init: Compile time:     May 23 2026 14:30:31
[2026-05-23 15:01:35.434] I (187) app_init: ELF file SHA256:  493679023...
[2026-05-23 15:01:35.435] I (187) app_init: ESP-IDF:          v5.4.1
[2026-05-23 15:01:35.435] I (188) efuse_init: Min chip rev:     v0.3
[2026-05-23 15:01:35.436] I (188) efuse_init: Max chip rev:     v1.99
[2026-05-23 15:01:35.437] I (189) efuse_init: Chip rev:         v0.4
[2026-05-23 15:01:35.438] I (189) heap_init: Initializing. RAM available for dynamic allocation:
[2026-05-23 15:01:35.439] I (190) heap_init: At 3FC9C340 len 00023CC0 (143 KiB): RAM
[2026-05-23 15:01:35.440] I (190) heap_init: At 3FCC0000 len 0001C710 (113 KiB): Retention RAM
[2026-05-23 15:01:35.442] I (191) heap_init: At 3FCDC710 len 00002950 (10 KiB): Retention RAM
[2026-05-23 15:01:35.443] I (192) heap_init: At 5000021C len 00001DCC (7 KiB): RTCRAM
[2026-05-23 15:01:35.443] I (194) spi_flash: detected chip: generic
[2026-05-23 15:01:35.444] I (194) spi_flash: flash io: dio
[2026-05-23 15:01:35.446] W (194) spi_flash: Detected size(4096k) larger than the size in the binary image header(2048k). Using the size in the binary image header.
[2026-05-23 15:01:35.447] I (196) sleep_gpio: Configure to isolate all GPIO pins in sleep state
[2026-05-23 15:01:35.447] I (196) sleep_gpio: Enable automatic switching of GPIO sleep configuration
[2026-05-23 15:01:35.447] I (197) main_task: Started on CPU0
[2026-05-23 15:01:35.448] I (197) main_task: Calling app_main()
[2026-05-23 15:01:35.448] WCAN_CFG_WAIT v=1
# UART boot config sent: wcan v=1 role=idle transport=BROADCAST test_duration_ms=30000 host_wait_time_ms=5000
[2026-05-23 15:01:35.448] WCAN_CFG_WAIT v=1
[2026-05-23 15:01:37.137] WCAN_CFG_ACK
[2026-05-23 15:01:37.137] WCAN_CFG_ACK
[2026-05-23 15:01:37.138] WCAN_TEST_READY role=idle
# Waiting for phased test start
# UART test start sent: WCAN_TEST_START at 2026-05-23T15:01:37.977401
[2026-05-23 15:01:38.278] WCAN_TEST_END role=idle

# Monitor stopped: 2026-05-23T15:01:38.278437
