# Monitor started: 2026-04-22T17:43:36.795434
# Port: COM11, Baud: 115200, Duration: 30s

[2026-04-22 17:43:36.803] I (101) esp_image: segment 2: paddr=0002aee4 vaddr=40380000 sizeESP-ROM:esp32c3-api1-20210207
[2026-04-22 17:43:36.805] Build:Feb  7 2021
[2026-04-22 17:43:36.812] rst:0x15 (USB_UART_CHIP_RESET),boot:0xd (SPI_FAST_FLASH_BOOT)
[2026-04-22 17:43:36.815] Saved PC:0x40384ec6
[2026-04-22 17:43:36.816] SPIWP:0xee
[2026-04-22 17:43:36.819] mode:DIO, clock div:1
[2026-04-22 17:43:36.823] load:0x3fcd5820,len:0x1574
[2026-04-22 17:43:36.826] load:0x403cc710,len:0xc30
[2026-04-22 17:43:36.830] load:0x403ce710,len:0x2f64
[2026-04-22 17:43:36.832] entry 0x403cc71a
[2026-04-22 17:43:36.837] I (24) boot: ESP-IDF v5.4.1 2nd stage bootloader
[2026-04-22 17:43:36.843] I (24) boot: compile time Apr 22 2026 16:20:48
[2026-04-22 17:43:36.848] I (25) boot: chip revision: v0.4
[2026-04-22 17:43:36.852] I (25) boot: efuse block revision: v1.3
[2026-04-22 17:43:36.857] I (28) boot.esp32c3: SPI Speed      : 80MHz
[2026-04-22 17:43:36.862] I (32) boot.esp32c3: SPI Mode       : DIO
[2026-04-22 17:43:36.867] I (36) boot.esp32c3: SPI Flash Size : 2MB
[2026-04-22 17:43:36.873] I (39) boot: Enabling RNG early entropy source...
[2026-04-22 17:43:36.877] I (44) boot: Partition Table:
[2026-04-22 17:43:36.885] I (46) boot: ## Label            Usage          Type ST Offset   Length
[2026-04-22 17:43:36.889] I (53) boot:  0 nvs              WiFi data        01 02 00009000 00006000
[2026-04-22 17:43:36.898] I (59) boot:  1 phy_init         RF data          01 01 0000f000 00001000
[2026-04-22 17:43:36.907] I (66) boot:  2 factory          factory app      00 00 00010000 00100000
[2026-04-22 17:43:36.910] I (72) boot: End of partition table
[2026-04-22 17:43:36.918] I (76) esp_image: segment 0: paddr=00010020 vaddr=3c090020 size=18114h ( 98580) map
[2026-04-22 17:43:36.928] I (99) esp_image: segment 1: paddr=0002813c vaddr=3fc94000 size=02da0h ( 11680) load
[2026-04-22 17:43:36.940] I (101) esp_image: segment 2: paddr=0002aee4 vaddr=40380000 size=05134h ( 20788) load
[2026-04-22 17:43:36.950] I (106) esp_image: segment 3: paddr=00030020 vaddr=42000020 size=8eaa8h (584360) map
[2026-04-22 17:43:36.960] I (203) esp_image: segment 4: paddr=000bead0 vaddr=40385134 size=0ede8h ( 60904) load
[2026-04-22 17:43:36.971] I (215) esp_image: segment 5: paddr=000cd8c0 vaddr=50000200 size=0001ch (    28) load
[2026-04-22 17:43:36.977] I (221) boot: Loaded app from partition at offset 0x10000
[2026-04-22 17:43:36.984] I (221) boot: Disabling RNG early entropy source...
[2026-04-22 17:43:36.988] I (232) cpu_start: Unicore app
[2026-04-22 17:43:36.993] I (241) cpu_start: Pro cpu start user code
[2026-04-22 17:43:36.997] I (241) cpu_start: cpu freq: 160000000 Hz
[2026-04-22 17:43:37.002] I (241) app_init: Application information:
[2026-04-22 17:43:37.009] I (241) app_init: Project name:     sensor_acquirer
[2026-04-22 17:43:37.014] I (245) app_init: App version:      e468f2b-dirty
[2026-04-22 17:43:37.020] I (250) app_init: Compile time:     Apr 22 2026 16:19:54
[2026-04-22 17:43:37.025] I (255) app_init: ELF file SHA256:  21c97d479...
[2026-04-22 17:43:37.031] I (259) app_init: ESP-IDF:          v5.4.1
[2026-04-22 17:43:37.037] I (263) efuse_init: Min chip rev:     v0.3
[2026-04-22 17:43:37.042] I (267) efuse_init: Max chip rev:     v1.99
[2026-04-22 17:43:37.046] I (271) efuse_init: Chip rev:         v0.4
[2026-04-22 17:43:37.054] I (275) heap_init: Initializing. RAM available for dynamic allocation:
[2026-04-22 17:43:37.062] I (281) heap_init: At 3FC9B1B0 len 00024E50 (147 KiB): RAM
[2026-04-22 17:43:37.069] I (286) heap_init: At 3FCC0000 len 0001C710 (113 KiB): Retention RAM
[2026-04-22 17:43:37.078] I (292) heap_init: At 3FCDC710 len 00002950 (10 KiB): Retention RAM
[2026-04-22 17:43:37.086] I (298) heap_init: At 5000021C len 00001DCC (7 KiB): RTCRAM
[2026-04-22 17:43:37.090] I (304) spi_flash: detected chip: generic
[2026-04-22 17:43:37.093] I (307) spi_flash: flash io: dio
[2026-04-22 17:43:37.109] W (310) spi_flash: Detected size(4096k) larger than the size in the binary image header(2048k). Using the size in the binary image header.
[2026-04-22 17:43:37.118] I (323) sleep_gpio: Configure to isolate all GPIO pins in sleep state
[2026-04-22 17:43:37.134] I (328) sleep_gpio: Enable automatic switching of GPIO sleep configuration
[2026-04-22 17:43:37.141] I (335) main_task: Started on CPU0
[2026-04-22 17:43:37.149] I (335) main_task: Calling app_main()
[2026-04-22 17:43:37.156] I (335) MAIN: MAC: 54:32:04:8c:0b:8c
[2026-04-22 17:43:37.163] I (345) pp: pp rom version: 9387209
[2026-04-22 17:43:37.173] I (345) net80211: net80211 rom version: 9387209
[2026-04-22 17:43:37.186] I (355) wifi:wifi driver task: 3fca4114, prio:23, stack:6656, core=0
[2026-04-22 17:43:37.193] I (355) wifi:wifi firmware version: 79fa3f41ba
[2026-04-22 17:43:37.201] I (355) wifi:wifi certification version: v7.0
[2026-04-22 17:43:37.207] I (365) wifi:config NVS flash: enabled
[2026-04-22 17:43:37.213] I (365) wifi:config nano formatting: disabled
[2026-04-22 17:43:37.219] I (365) wifi:Init data frame dynamic rx buffer num: 32
[2026-04-22 17:43:37.224] I (375) wifi:Init static rx mgmt buffer num: 5
[2026-04-22 17:43:37.231] I (375) wifi:Init management short buffer num: 32
[2026-04-22 17:43:37.236] I (385) wifi:Init dynamic tx buffer num: 32
[2026-04-22 17:43:37.243] I (385) wifi:Init static tx FG buffer num: 2
[2026-04-22 17:43:37.249] I (395) wifi:Init static rx buffer size: 1600
[2026-04-22 17:43:37.254] I (395) wifi:Init static rx buffer num: 10
[2026-04-22 17:43:37.259] I (395) wifi:Init dynamic rx buffer num: 32
[2026-04-22 17:43:37.263] I (405) wifi_init: rx ba win: 6
[2026-04-22 17:43:37.266] I (405) wifi_init: accept mbox: 6
[2026-04-22 17:43:37.270] I (405) wifi_init: tcpip mbox: 32
[2026-04-22 17:43:37.274] I (415) wifi_init: udp mbox: 6
[2026-04-22 17:43:37.276] I (415) wifi_init: tcp mbox: 6
[2026-04-22 17:43:37.281] I (415) wifi_init: tcp tx win: 5760
[2026-04-22 17:43:37.284] I (415) wifi_init: tcp rx win: 5760
[2026-04-22 17:43:37.288] I (425) wifi_init: tcp mss: 1440
[2026-04-22 17:43:37.292] I (425) wifi_init: WiFi IRAM OP enabled
[2026-04-22 17:43:37.296] I (425) wifi_init: WiFi RX IRAM OP enabled
[2026-04-22 17:43:37.302] I (435) phy_init: phy_version 1200,2b7123f9,Feb 18 2025,15:22:21
[2026-04-22 17:43:37.307] I (475) wifi:mode : softAP (54:32:04:8c:0b:8d)
[2026-04-22 17:43:37.314] I (475) wifi:Total power save buffer number: 16
[2026-04-22 17:43:37.317] I (475) wifi:Init max length of beacon: 752/752
[2026-04-22 17:43:37.321] I (475) wifi:Init max length of beacon: 752/752
[2026-04-22 17:43:37.322] I (485) MAIN: WiFi initialized
[2026-04-22 17:43:37.325] I (485) MAIN: RECEIVER mode — accepting all CAN IDs
[2026-04-22 17:43:37.327] I (485) ESPNOW: espnow [version: 2.0] init
[2026-04-22 17:43:37.329] I (495) SEND: Send processing task started
[2026-04-22 17:43:37.330] I (495) RECV: Receive processing task started
[2026-04-22 17:43:37.331] I (505) WCAN: WCAN initialized
[2026-04-22 17:43:37.332] I (505) main_task: Returned from app_main()
[2026-04-22 17:43:37.334] I (905) USER-RECV: Received [5d10] len=4 counter=0
[2026-04-22 17:43:38.003] I (1905) USER-RECV: Received [5d10] len=4 counter=1
[2026-04-22 17:43:39.004] I (2905) USER-RECV: Received [5d10] len=4 counter=2
[2026-04-22 17:43:40.003] I (3905) USER-RECV: Received [5d10] len=4 counter=3
[2026-04-22 17:43:41.004] I (4905) USER-RECV: Received [5d10] len=4 counter=4
[2026-04-22 17:43:42.003] I (5905) USER-RECV: Received [5d10] len=4 counter=5
[2026-04-22 17:43:43.003] I (6905) USER-RECV: Received [5d10] len=4 counter=6
[2026-04-22 17:43:44.003] I (7905) USER-RECV: Received [5d10] len=4 counter=7
[2026-04-22 17:43:45.005] I (8905) USER-RECV: Received [5d10] len=4 counter=8
[2026-04-22 17:43:46.004] I (9905) USER-RECV: Received [5d10] len=4 counter=9
[2026-04-22 17:43:47.004] I (10905) USER-RECV: Received [5d10] len=4 counter=10
[2026-04-22 17:43:48.002] I (11905) USER-RECV: Received [5d10] len=4 counter=11
[2026-04-22 17:43:49.004] I (12905) USER-RECV: Received [5d10] len=4 counter=12
[2026-04-22 17:43:50.004] I (13905) USER-RECV: Received [5d10] len=4 counter=13
[2026-04-22 17:43:51.005] I (14905) USER-RECV: Received [5d10] len=4 counter=14
[2026-04-22 17:43:52.003] I (15905) USER-RECV: Received [5d10] len=4 counter=15
[2026-04-22 17:43:53.004] I (16905) USER-RECV: Received [5d10] len=4 counter=16
[2026-04-22 17:43:54.004] I (17905) USER-RECV: Received [5d10] len=4 counter=17
[2026-04-22 17:43:55.004] I (18905) USER-RECV: Received [5d10] len=4 counter=18
[2026-04-22 17:43:56.003] I (19905) USER-RECV: Received [5d10] len=4 counter=19
[2026-04-22 17:43:57.004] I (20905) USER-RECV: Received [5d10] len=4 counter=20
[2026-04-22 17:43:58.004] I (21905) USER-RECV: Received [5d10] len=4 counter=21
[2026-04-22 17:43:59.006] I (22905) USER-RECV: Received [5d10] len=4 counter=22
[2026-04-22 17:44:00.003] I (23905) USER-RECV: Received [5d10] len=4 counter=23
[2026-04-22 17:44:01.006] I (24905) USER-RECV: Received [5d10] len=4 counter=24
[2026-04-22 17:44:02.004] I (25905) USER-RECV: Received [5d10] len=4 counter=25
[2026-04-22 17:44:03.003] I (26905) USER-RECV: Received [5d10] len=4 counter=26
[2026-04-22 17:44:04.004] I (27905) USER-RECV: Received [5d10] len=4 counter=27
[2026-04-22 17:44:05.004] I (28905) USER-RECV: Received [5d10] len=4 counter=28
[2026-04-22 17:44:06.006] I (29905) USER-RECV: Received [5d10] len=4 counter=29
[2026-04-22 17:44:07.004] I (30905) USER-RECV: Received [5d10] len=4 counter=30

# Monitor stopped: 2026-04-22T17:44:07.004358
