# Monitor started: 2026-05-23T14:43:08.241962
# Port: /dev/ttyACM1, Baud: 921600, Timeout: 35.000s after WCAN_TEST_START

# UART boot config: wcan v=1 role=sensor transport=BROADCAST test_duration_ms=30000 host_wait_time_ms=5000 base=0xe0 count=1 hz=10 linger=100
[2026-05-23 14:43:08.246] ESP-ROM:esp32c3-api1-20210207
[2026-05-23 14:43:08.255] Build:Feb  7 2021
[2026-05-23 14:43:08.273] rst:0x15 (USB_UART_CHIP_RESET),boot:0xd (SPI_FAST_FLASH_BOOT)
[2026-05-23 14:43:08.282] Saved PC:0x40384eba
[2026-05-23 14:43:08.285] SPIWP:0xee
[2026-05-23 14:43:08.295] mode:DIO, clock div:1
[2026-05-23 14:43:08.301] load:0x3fcd5820,len:0x1574
[2026-05-23 14:43:08.318] load:0x403cc710,len:0xc30
[2026-05-23 14:43:08.320] load:0x403ce710,len:0x2fa0
[2026-05-23 14:43:08.321] entry 0x403cc71a
[2026-05-23 14:43:08.324] I (24) boot: ESP-IDF v5.4.1 2nd stage bootloader
[2026-05-23 14:43:08.329] I (24) boot: compile time May 20 2026 00:05:32
[2026-05-23 14:43:08.331] I (25) boot: chip revision: v0.4
[2026-05-23 14:43:08.335] I (25) boot: efuse block revision: v1.3
[2026-05-23 14:43:08.338] I (25) boot.esp32c3: SPI Speed      : 80MHz
[2026-05-23 14:43:08.339] I (25) boot.esp32c3: SPI Mode       : DIO
[2026-05-23 14:43:08.340] I (26) boot.esp32c3: SPI Flash Size : 2MB
[2026-05-23 14:43:08.347] I (26) boot: Enabling RNG early entropy source...
[2026-05-23 14:43:08.348] I (27) boot: Partition Table:
[2026-05-23 14:43:08.351] I (27) boot: ## Label            Usage          Type ST Offset   Length
[2026-05-23 14:43:08.353] I (28) boot:  0 nvs              WiFi data        01 02 00009000 00006000
[2026-05-23 14:43:08.357] I (29) boot:  1 phy_init         RF data          01 01 0000f000 00001000
[2026-05-23 14:43:08.358] I (29) boot:  2 factory          factory app      00 00 00010000 00100000
[2026-05-23 14:43:08.358] I (30) boot: End of partition table
[2026-05-23 14:43:08.360] I (31) esp_image: segment 0: paddr=00010020 vaddr=3c0a0020 size=1977ch (104316) map
[2026-05-23 14:43:08.364] I (48) esp_image: segment 1: paddr=000297a4 vaddr=3fc95200 size=02da0h ( 11680) load
[2026-05-23 14:43:08.366] I (51) esp_image: segment 2: paddr=0002c54c vaddr=40380000 size=03acch ( 15052) load
[2026-05-23 14:43:08.370] I (54) esp_image: segment 3: paddr=00030020 vaddr=42000020 size=9942ch (627756) map
[2026-05-23 14:43:08.384] I (154) esp_image: segment 4: paddr=000c9454 vaddr=40383acc size=11614h ( 71188) load
[2026-05-23 14:43:08.388] I (168) esp_image: segment 5: paddr=000daa70 vaddr=50000200 size=0001ch (    28) load
[2026-05-23 14:43:08.391] I (175) boot: Loaded app from partition at offset 0x10000
[2026-05-23 14:43:08.392] I (175) boot: Disabling RNG early entropy source...
[2026-05-23 14:43:08.395] I (176) cpu_start: Unicore app
[2026-05-23 14:43:08.397] I (185) cpu_start: Pro cpu start user code
[2026-05-23 14:43:08.405] I (185) cpu_start: cpu freq: 160000000 Hz
[2026-05-23 14:43:08.406] I (185) app_init: Application information:
[2026-05-23 14:43:08.408] I (185) app_init: Project name:     sensor_acquirer
[2026-05-23 14:43:08.409] I (185) app_init: App version:      v1.0-171-gbbe0783
[2026-05-23 14:43:08.412] I (186) app_init: Compile time:     May 23 2026 14:30:31
[2026-05-23 14:43:08.416] I (187) app_init: ELF file SHA256:  493679023...
[2026-05-23 14:43:08.419] I (187) app_init: ESP-IDF:          v5.4.1
[2026-05-23 14:43:08.426] I (188) efuse_init: Min chip rev:     v0.3
[2026-05-23 14:43:08.427] I (188) efuse_init: Max chip rev:     v1.99
[2026-05-23 14:43:08.432] I (189) efuse_init: Chip rev:         v0.4
[2026-05-23 14:43:08.433] I (189) heap_init: Initializing. RAM available for dynamic allocation:
[2026-05-23 14:43:08.436] I (190) heap_init: At 3FC9C340 len 00023CC0 (143 KiB): RAM
[2026-05-23 14:43:08.438] I (191) heap_init: At 3FCC0000 len 0001C710 (113 KiB): Retention RAM
[2026-05-23 14:43:08.439] I (191) heap_init: At 3FCDC710 len 00002950 (10 KiB): Retention RAM
[2026-05-23 14:43:08.441] I (192) heap_init: At 5000021C len 00001DCC (7 KiB): RTCRAM
[2026-05-23 14:43:08.441] I (194) spi_flash: detected chip: generic
[2026-05-23 14:43:08.443] I (194) spi_flash: flash io: dio
[2026-05-23 14:43:08.447] W (194) spi_flash: Detected size(4096k) larger than the size in the binary image header(2048k). Using the size in the binary image header.
[2026-05-23 14:43:08.456] I (196) sleep_gpio: Configure to isolate all GPIO pins in sleep state
[2026-05-23 14:43:08.458] I (196) sleep_gpio: Enable automatic switching of GPIO sleep configuration
[2026-05-23 14:43:08.459] I (197) main_task: Started on CPU0
[2026-05-23 14:43:08.460] I (197) main_task: Calling app_main()
[2026-05-23 14:43:08.461] WCAN_CFG_WAIT v=1
# UART boot config sent: wcan v=1 role=sensor transport=BROADCAST test_duration_ms=30000 host_wait_time_ms=5000 base=0xe0 count=1 hz=10 linger=100
[2026-05-23 14:43:08.462] WCAN_CFG_WAIT v=1
[2026-05-23 14:43:10.881] WCAN_CFG_ACK
[2026-05-23 14:43:10.882] WCAN_CFG_ACK
[2026-05-23 14:43:10.886] I (2843) pp: pp rom version: 9387209
[2026-05-23 14:43:10.891] I (2844) net80211: net80211 rom version: 9387209
[2026-05-23 14:43:10.896] I (2845) wifi:wifi driver task: 3fca7720, prio:23, stack:6656, core=0
[2026-05-23 14:43:10.900] I (2849) wifi:wifi firmware version: 79fa3f41ba
[2026-05-23 14:43:10.905] I (2849) wifi:wifi certification version: v7.0
[2026-05-23 14:43:10.909] I (2849) wifi:config NVS flash: enabled
[2026-05-23 14:43:10.913] I (2849) wifi:config nano formatting: disabled
[2026-05-23 14:43:10.918] I (2850) wifi:Init data frame dynamic rx buffer num: 32
[2026-05-23 14:43:10.920] I (2850) wifi:Init static rx mgmt buffer num: 5
[2026-05-23 14:43:10.922] I (2851) wifi:Init management short buffer num: 32
[2026-05-23 14:43:10.924] I (2851) wifi:Init dynamic tx buffer num: 32
[2026-05-23 14:43:10.926] I (2852) wifi:Init static tx FG buffer num: 2
[2026-05-23 14:43:10.928] I (2852) wifi:Init static rx buffer size: 1600
[2026-05-23 14:43:10.929] I (2853) wifi:Init static rx buffer num: 10
[2026-05-23 14:43:10.930] I (2853) wifi:Init dynamic rx buffer num: 32
[2026-05-23 14:43:10.931] I (2854) wifi_init: rx ba win: 6
[2026-05-23 14:43:10.932] I (2855) wifi_init: accept mbox: 6
[2026-05-23 14:43:10.934] I (2855) wifi_init: tcpip mbox: 32
[2026-05-23 14:43:10.935] I (2855) wifi_init: udp mbox: 6
[2026-05-23 14:43:10.936] I (2855) wifi_init: tcp mbox: 6
[2026-05-23 14:43:10.937] I (2856) wifi_init: tcp tx win: 5760
[2026-05-23 14:43:10.938] I (2856) wifi_init: tcp rx win: 5760
[2026-05-23 14:43:10.939] I (2857) wifi_init: tcp mss: 1440
[2026-05-23 14:43:10.940] I (2857) wifi_init: WiFi IRAM OP enabled
[2026-05-23 14:43:10.941] I (2857) wifi_init: WiFi RX IRAM OP enabled
[2026-05-23 14:43:10.942] I (2858) phy_init: phy_version 1200,2b7123f9,Feb 18 2025,15:22:21
[2026-05-23 14:43:10.943] I (2896) wifi:mode : sta (74:4d:bd:e1:d5:b8)
[2026-05-23 14:43:10.944] I (2897) wifi:enable tsf
[2026-05-23 14:43:10.944] I (2899) ESPNOW: espnow [version: 2.0] init
[2026-05-23 14:43:10.944] WCAN_TEST_READY role=sensor
# Waiting for phased test start
# UART test start sent: WCAN_TEST_START at 2026-05-23T14:43:10.958283
[2026-05-23 14:43:17.479] P(FAIL):9240:e0:28:56:57:2
[2026-05-23 14:43:32.022] P(FAIL):23782:e0:101:202:203:2
[2026-05-23 14:43:41.500] P(FAIL):33260:e0:148:296:297:2
[2026-05-23 14:43:42.271] WCAN_BATCH id=0xe0 count=150 avg_hz=5.00 avg_points=1.99 min_points=1 max_points=2 avg_interval_ms=200.00 min_interval_ms=199.97 max_interval_ms=200.03 avg_dispatch_ms=1.20 max_dispatch_ms=3.50 dispatched_count=157 avg_queue_wait_ms=12.49 max_queue_wait_ms=307.73
[2026-05-23 14:43:42.274] WCAN_SENSOR_END generated=298 avg_hz=9.97
[2026-05-23 14:43:42.290] WCAN_MEASURES elapsed_ms=29999 heap_start_free=126780 heap_end_free=141412 heap_start_min_free=126756 heap_end_min_free=126488 heap_start_largest=98304 heap_end_largest=98304 airtime_us_total=187058 packets_sent_total=157 sensor_send_failures_total=0
[2026-05-23 14:43:42.291] WCAN_TEST_END role=sensor

# Monitor stopped: 2026-05-23T14:43:42.291837
