# Monitor started: 2026-05-23T20:14:32.387388
# Port: /dev/ttyACM0, Baud: 921600, Timeout: 35.000s after WCAN_TEST_START

# UART boot config: wcan v=1 role=sensor transport=MULTICAST test_duration_ms=30000 host_wait_time_ms=5000 base=0xd0 count=3 hz=200 linger=100
[2026-05-23 20:14:32.393] ESP-ROM:esp32c3-api1-20210207
[2026-05-23 20:14:32.400] Build:Feb  7 2021
[2026-05-23 20:14:32.428] rst:0x15 (USB_UART_CHIP_RESET),boot:0xd (SPI_FAST_FLASH_BOOT)
[2026-05-23 20:14:32.437] Saved PC:0x40384eba
[2026-05-23 20:14:32.440] SPIWP:0xee
[2026-05-23 20:14:32.449] mode:DIO, clock div:1
[2026-05-23 20:14:32.450] load:0x3fcd5820,len:0x1574
[2026-05-23 20:14:32.451] load:0x403cc710,len:0xc30
[2026-05-23 20:14:32.455] load:0x403ce710,len:0x2fa0
[2026-05-23 20:14:32.457] entry 0x403cc71a
[2026-05-23 20:14:32.458] I (24) boot: ESP-IDF v5.4.1 2nd stage bootloader
[2026-05-23 20:14:32.460] I (24) boot: compile time May 19 2026 23:41:33
[2026-05-23 20:14:32.461] I (24) boot: chip revision: v0.4
[2026-05-23 20:14:32.463] I (25) boot: efuse block revision: v1.3
[2026-05-23 20:14:32.465] I (25) boot.esp32c3: SPI Speed      : 80MHz
[2026-05-23 20:14:32.466] I (25) boot.esp32c3: SPI Mode       : DIO
[2026-05-23 20:14:32.470] I (26) boot.esp32c3: SPI Flash Size : 2MB
[2026-05-23 20:14:32.471] I (26) boot: Enabling RNG early entropy source...
[2026-05-23 20:14:32.476] I (27) boot: Partition Table:
[2026-05-23 20:14:32.496] I (27) boot: ## Label            Usage          Type ST Offset   Length
[2026-05-23 20:14:32.499] I (28) boot:  0 nvs              WiFi data        01 02 00009000 00006000
[2026-05-23 20:14:32.500] I (29) boot:  1 phy_init         RF data          01 01 0000f000 00001000
[2026-05-23 20:14:32.501] I (29) boot:  2 factory          factory app      00 00 00010000 00100000
[2026-05-23 20:14:32.502] I (30) boot: End of partition table
[2026-05-23 20:14:32.505] I (31) esp_image: segment 0: paddr=00010020 vaddr=3c0a0020 size=19850h (104528) map
[2026-05-23 20:14:32.507] I (48) esp_image: segment 1: paddr=00029878 vaddr=3fc95000 size=02da0h ( 11680) load
[2026-05-23 20:14:32.517] I (51) esp_image: segment 2: paddr=0002c620 vaddr=40380000 size=039f8h ( 14840) load
[2026-05-23 20:14:32.527] I (54) esp_image: segment 3: paddr=00030020 vaddr=42000020 size=990b4h (626868) map
[2026-05-23 20:14:32.532] I (154) esp_image: segment 4: paddr=000c90dc vaddr=403839f8 size=114f8h ( 70904) load
[2026-05-23 20:14:32.535] I (168) esp_image: segment 5: paddr=000da5dc vaddr=50000200 size=0001ch (    28) load
[2026-05-23 20:14:32.536] I (175) boot: Loaded app from partition at offset 0x10000
[2026-05-23 20:14:32.539] I (175) boot: Disabling RNG early entropy source...
[2026-05-23 20:14:32.540] I (176) cpu_start: Unicore app
[2026-05-23 20:14:32.541] I (185) cpu_start: Pro cpu start user code
[2026-05-23 20:14:32.544] I (185) cpu_start: cpu freq: 160000000 Hz
[2026-05-23 20:14:32.546] I (185) app_init: Application information:
[2026-05-23 20:14:32.550] I (185) app_init: Project name:     sensor_acquirer
[2026-05-23 20:14:32.552] I (185) app_init: App version:      v1.0-171-gbbe0783
[2026-05-23 20:14:32.554] I (186) app_init: Compile time:     May 23 2026 14:30:40
[2026-05-23 20:14:32.557] I (186) app_init: ELF file SHA256:  0e7d705e7...
[2026-05-23 20:14:32.558] I (187) app_init: ESP-IDF:          v5.4.1
[2026-05-23 20:14:32.560] I (187) efuse_init: Min chip rev:     v0.3
[2026-05-23 20:14:32.562] I (188) efuse_init: Max chip rev:     v1.99
[2026-05-23 20:14:32.564] I (188) efuse_init: Chip rev:         v0.4
[2026-05-23 20:14:32.566] I (189) heap_init: Initializing. RAM available for dynamic allocation:
[2026-05-23 20:14:32.568] I (190) heap_init: At 3FC9C130 len 00023ED0 (143 KiB): RAM
[2026-05-23 20:14:32.569] I (190) heap_init: At 3FCC0000 len 0001C710 (113 KiB): Retention RAM
[2026-05-23 20:14:32.570] I (191) heap_init: At 3FCDC710 len 00002950 (10 KiB): Retention RAM
[2026-05-23 20:14:32.571] I (192) heap_init: At 5000021C len 00001DCC (7 KiB): RTCRAM
[2026-05-23 20:14:32.572] I (193) spi_flash: detected chip: generic
[2026-05-23 20:14:32.573] I (193) spi_flash: flash io: dio
[2026-05-23 20:14:32.575] W (194) spi_flash: Detected size(4096k) larger than the size in the binary image header(2048k). Using the size in the binary image header.
[2026-05-23 20:14:32.576] I (195) sleep_gpio: Configure to isolate all GPIO pins in sleep state
[2026-05-23 20:14:32.577] I (196) sleep_gpio: Enable automatic switching of GPIO sleep configuration
[2026-05-23 20:14:32.578] I (197) main_task: Started on CPU0
[2026-05-23 20:14:32.579] I (197) main_task: Calling app_main()
[2026-05-23 20:14:32.579] WCAN_CFG_WAIT v=1
# UART boot config sent: wcan v=1 role=sensor transport=MULTICAST test_duration_ms=30000 host_wait_time_ms=5000 base=0xd0 count=3 hz=200 linger=100
[2026-05-23 20:14:32.580] WCAN_CFG_WAIT v=1
[2026-05-23 20:14:35.019] WCAN_CFG_ACK
[2026-05-23 20:14:35.020] WCAN_CFG_ACK
[2026-05-23 20:14:35.025] I (2836) pp: pp rom version: 9387209
[2026-05-23 20:14:35.026] I (2837) net80211: net80211 rom version: 9387209
[2026-05-23 20:14:35.029] I (2838) wifi:wifi driver task: 3fca7594, prio:23, stack:6656, core=0
[2026-05-23 20:14:35.035] I (2842) wifi:wifi firmware version: 79fa3f41ba
[2026-05-23 20:14:35.043] I (2842) wifi:wifi certification version: v7.0
[2026-05-23 20:14:35.049] I (2842) wifi:config NVS flash: enabled
[2026-05-23 20:14:35.055] I (2842) wifi:config nano formatting: disabled
[2026-05-23 20:14:35.061] I (2843) wifi:Init data frame dynamic rx buffer num: 32
[2026-05-23 20:14:35.064] I (2843) wifi:Init static rx mgmt buffer num: 5
[2026-05-23 20:14:35.067] I (2844) wifi:Init management short buffer num: 32
[2026-05-23 20:14:35.069] I (2844) wifi:Init dynamic tx buffer num: 32
[2026-05-23 20:14:35.071] I (2845) wifi:Init static tx FG buffer num: 2
[2026-05-23 20:14:35.073] I (2845) wifi:Init static rx buffer size: 1600
[2026-05-23 20:14:35.076] I (2846) wifi:Init static rx buffer num: 10
[2026-05-23 20:14:35.078] I (2846) wifi:Init dynamic rx buffer num: 32
[2026-05-23 20:14:35.079] I (2847) wifi_init: rx ba win: 6
[2026-05-23 20:14:35.080] I (2848) wifi_init: accept mbox: 6
[2026-05-23 20:14:35.081] I (2848) wifi_init: tcpip mbox: 32
[2026-05-23 20:14:35.082] I (2848) wifi_init: udp mbox: 6
[2026-05-23 20:14:35.083] I (2848) wifi_init: tcp mbox: 6
[2026-05-23 20:14:35.085] I (2849) wifi_init: tcp tx win: 5760
[2026-05-23 20:14:35.085] I (2849) wifi_init: tcp rx win: 5760
[2026-05-23 20:14:35.086] I (2850) wifi_init: tcp mss: 1440
[2026-05-23 20:14:35.087] I (2850) wifi_init: WiFi IRAM OP enabled
[2026-05-23 20:14:35.089] I (2850) wifi_init: WiFi RX IRAM OP enabled
[2026-05-23 20:14:35.091] I (2851) phy_init: phy_version 1200,2b7123f9,Feb 18 2025,15:22:21
[2026-05-23 20:14:35.092] I (2886) wifi:mode : sta (54:32:04:8c:0b:8c)
[2026-05-23 20:14:35.093] I (2887) wifi:enable tsf
[2026-05-23 20:14:35.094] I (2890) ESPNOW: espnow [version: 2.0] init
[2026-05-23 20:14:35.095] WCAN_TEST_READY role=sensor
# Waiting for phased test start
# UART test start sent: WCAN_TEST_START at 2026-05-23T20:14:35.108231
[2026-05-23 20:15:05.422] WCAN_BATCH id=0xd0 count=285 avg_hz=9.52 avg_points=21.00 min_points=21 max_points=21 avg_interval_ms=105.00 min_interval_ms=104.80 max_interval_ms=105.22 avg_dispatch_ms=3.24 max_dispatch_ms=16.46 dispatched_count=285 avg_queue_wait_ms=0.13 max_queue_wait_ms=0.35
[2026-05-23 20:15:05.424] WCAN_BATCH id=0xd1 count=285 avg_hz=9.52 avg_points=21.00 min_points=21 max_points=21 avg_interval_ms=105.00 min_interval_ms=104.78 max_interval_ms=105.23 avg_dispatch_ms=3.94 max_dispatch_ms=24.85 dispatched_count=285 avg_queue_wait_ms=3.42 max_queue_wait_ms=16.63
[2026-05-23 20:15:05.427] WCAN_BATCH id=0xd2 count=285 avg_hz=9.52 avg_points=21.00 min_points=21 max_points=21 avg_interval_ms=105.00 min_interval_ms=104.77 max_interval_ms=105.23 avg_dispatch_ms=3.87 max_dispatch_ms=32.29 dispatched_count=285 avg_queue_wait_ms=7.42 max_queue_wait_ms=27.07
[2026-05-23 20:15:05.427] WCAN_SENSOR_END generated=5998 avg_hz=199.97
[2026-05-23 20:15:05.431] WCAN_MEASURES elapsed_ms=29999 heap_start_free=66296 heap_end_free=77924 heap_start_min_free=66296 heap_end_min_free=65944 heap_start_largest=47104 heap_end_largest=47104 airtime_us_total=3137969 packets_sent_total=855 sensor_send_failures_total=0
[2026-05-23 20:15:05.432] WCAN_TEST_END role=sensor

# Monitor stopped: 2026-05-23T20:15:05.432121
