# Monitor started: 2026-05-23T20:14:32.387063
# Port: /dev/ttyACM1, Baud: 921600, Timeout: 35.000s after WCAN_TEST_START

# UART boot config: wcan v=1 role=sensor transport=MULTICAST test_duration_ms=30000 host_wait_time_ms=5000 base=0xe0 count=3 hz=200 linger=100
[2026-05-23 20:14:32.391] ESP-ROM:esp32c3-api1-20210207
[2026-05-23 20:14:32.398] Build:Feb  7 2021
[2026-05-23 20:14:32.411] rst:0x15 (USB_UART_CHIP_RESET),boot:0xd (SPI_FAST_FLASH_BOOT)
[2026-05-23 20:14:32.415] Saved PC:0x40384eba
[2026-05-23 20:14:32.419] SPIWP:0xee
[2026-05-23 20:14:32.427] mode:DIO, clock div:1
[2026-05-23 20:14:32.436] load:0x3fcd5820,len:0x1574
[2026-05-23 20:14:32.442] load:0x403cc710,len:0xc30
[2026-05-23 20:14:32.455] load:0x403ce710,len:0x2fa0
[2026-05-23 20:14:32.460] entry 0x403cc71a
[2026-05-23 20:14:32.466] I (24) boot: ESP-IDF v5.4.1 2nd stage bootloader
[2026-05-23 20:14:32.467] I (24) boot: compile time May 19 2026 23:41:33
[2026-05-23 20:14:32.469] I (25) boot: chip revision: v0.4
[2026-05-23 20:14:32.473] I (25) boot: efuse block revision: v1.3
[2026-05-23 20:14:32.475] I (25) boot.esp32c3: SPI Speed      : 80MHz
[2026-05-23 20:14:32.491] I (25) boot.esp32c3: SPI Mode       : DIO
[2026-05-23 20:14:32.498] I (26) boot.esp32c3: SPI Flash Size : 2MB
[2026-05-23 20:14:32.508] I (26) boot: Enabling RNG early entropy source...
[2026-05-23 20:14:32.508] I (27) boot: Partition Table:
[2026-05-23 20:14:32.511] I (27) boot: ## Label            Usage          Type ST Offset   Length
[2026-05-23 20:14:32.525] I (28) boot:  0 nvs              WiFi data        01 02 00009000 00006000
[2026-05-23 20:14:32.539] I (29) boot:  1 phy_init         RF data          01 01 0000f000 00001000
[2026-05-23 20:14:32.543] I (29) boot:  2 factory          factory app      00 00 00010000 00100000
[2026-05-23 20:14:32.544] I (30) boot: End of partition table
[2026-05-23 20:14:32.547] I (31) esp_image: segment 0: paddr=00010020 vaddr=3c0a0020 size=19850h (104528) map
[2026-05-23 20:14:32.548] I (48) esp_image: segment 1: paddr=00029878 vaddr=3fc95000 size=02da0h ( 11680) load
[2026-05-23 20:14:32.550] I (51) esp_image: segment 2: paddr=0002c620 vaddr=40380000 size=039f8h ( 14840) load
[2026-05-23 20:14:32.556] I (54) esp_image: segment 3: paddr=00030020 vaddr=42000020 size=990b4h (626868) map
[2026-05-23 20:14:32.562] I (154) esp_image: segment 4: paddr=000c90dc vaddr=403839f8 size=114f8h ( 70904) load
[2026-05-23 20:14:32.565] I (168) esp_image: segment 5: paddr=000da5dc vaddr=50000200 size=0001ch (    28) load
[2026-05-23 20:14:32.567] I (174) boot: Loaded app from partition at offset 0x10000
[2026-05-23 20:14:32.568] I (175) boot: Disabling RNG early entropy source...
[2026-05-23 20:14:32.569] I (176) cpu_start: Unicore app
[2026-05-23 20:14:32.570] I (185) cpu_start: Pro cpu start user code
[2026-05-23 20:14:32.570] I (185) cpu_start: cpu freq: 160000000 Hz
[2026-05-23 20:14:32.571] I (185) app_init: Application information:
[2026-05-23 20:14:32.572] I (185) app_init: Project name:     sensor_acquirer
[2026-05-23 20:14:32.573] I (185) app_init: App version:      v1.0-171-gbbe0783
[2026-05-23 20:14:32.574] I (186) app_init: Compile time:     May 23 2026 14:30:40
[2026-05-23 20:14:32.574] I (186) app_init: ELF file SHA256:  0e7d705e7...
[2026-05-23 20:14:32.575] I (187) app_init: ESP-IDF:          v5.4.1
[2026-05-23 20:14:32.576] I (187) efuse_init: Min chip rev:     v0.3
[2026-05-23 20:14:32.577] I (188) efuse_init: Max chip rev:     v1.99
[2026-05-23 20:14:32.577] I (188) efuse_init: Chip rev:         v0.4
[2026-05-23 20:14:32.579] I (189) heap_init: Initializing. RAM available for dynamic allocation:
[2026-05-23 20:14:32.579] I (190) heap_init: At 3FC9C130 len 00023ED0 (143 KiB): RAM
[2026-05-23 20:14:32.580] I (190) heap_init: At 3FCC0000 len 0001C710 (113 KiB): Retention RAM
[2026-05-23 20:14:32.580] I (191) heap_init: At 3FCDC710 len 00002950 (10 KiB): Retention RAM
[2026-05-23 20:14:32.581] I (192) heap_init: At 5000021C len 00001DCC (7 KiB): RTCRAM
[2026-05-23 20:14:32.581] I (193) spi_flash: detected chip: generic
[2026-05-23 20:14:32.581] I (194) spi_flash: flash io: dio
[2026-05-23 20:14:32.582] W (194) spi_flash: Detected size(4096k) larger than the size in the binary image header(2048k). Using the size in the binary image header.
[2026-05-23 20:14:32.582] I (195) sleep_gpio: Configure to isolate all GPIO pins in sleep state
[2026-05-23 20:14:32.582] I (196) sleep_gpio: Enable automatic switching of GPIO sleep configuration
[2026-05-23 20:14:32.583] I (197) main_task: Started on CPU0
[2026-05-23 20:14:32.583] I (197) main_task: Calling app_main()
[2026-05-23 20:14:32.583] WCAN_CFG_WAIT v=1
# UART boot config sent: wcan v=1 role=sensor transport=MULTICAST test_duration_ms=30000 host_wait_time_ms=5000 base=0xe0 count=3 hz=200 linger=100
[2026-05-23 20:14:32.583] WCAN_CFG_WAIT v=1
[2026-05-23 20:14:35.023] WCAN_CFG_ACK
[2026-05-23 20:14:35.024] WCAN_CFG_ACK
[2026-05-23 20:14:35.030] I (2840) pp: pp rom version: 9387209
[2026-05-23 20:14:35.036] I (2840) net80211: net80211 rom version: 9387209
[2026-05-23 20:14:35.045] I (2842) wifi:wifi driver task: 3fca7510, prio:23, stack:6656, core=0
[2026-05-23 20:14:35.052] I (2846) wifi:wifi firmware version: 79fa3f41ba
[2026-05-23 20:14:35.058] I (2846) wifi:wifi certification version: v7.0
[2026-05-23 20:14:35.063] I (2846) wifi:config NVS flash: enabled
[2026-05-23 20:14:35.066] I (2846) wifi:config nano formatting: disabled
[2026-05-23 20:14:35.069] I (2847) wifi:Init data frame dynamic rx buffer num: 32
[2026-05-23 20:14:35.071] I (2847) wifi:Init static rx mgmt buffer num: 5
[2026-05-23 20:14:35.074] I (2848) wifi:Init management short buffer num: 32
[2026-05-23 20:14:35.075] I (2848) wifi:Init dynamic tx buffer num: 32
[2026-05-23 20:14:35.077] I (2849) wifi:Init static tx FG buffer num: 2
[2026-05-23 20:14:35.079] I (2849) wifi:Init static rx buffer size: 1600
[2026-05-23 20:14:35.081] I (2850) wifi:Init static rx buffer num: 10
[2026-05-23 20:14:35.083] I (2850) wifi:Init dynamic rx buffer num: 32
[2026-05-23 20:14:35.084] I (2851) wifi_init: rx ba win: 6
[2026-05-23 20:14:35.085] I (2852) wifi_init: accept mbox: 6
[2026-05-23 20:14:35.086] I (2852) wifi_init: tcpip mbox: 32
[2026-05-23 20:14:35.087] I (2852) wifi_init: udp mbox: 6
[2026-05-23 20:14:35.088] I (2852) wifi_init: tcp mbox: 6
[2026-05-23 20:14:35.089] I (2853) wifi_init: tcp tx win: 5760
[2026-05-23 20:14:35.090] I (2853) wifi_init: tcp rx win: 5760
[2026-05-23 20:14:35.092] I (2854) wifi_init: tcp mss: 1440
[2026-05-23 20:14:35.093] I (2854) wifi_init: WiFi IRAM OP enabled
[2026-05-23 20:14:35.094] I (2854) wifi_init: WiFi RX IRAM OP enabled
[2026-05-23 20:14:35.096] I (2855) phy_init: phy_version 1200,2b7123f9,Feb 18 2025,15:22:21
[2026-05-23 20:14:35.096] I (2889) wifi:mode : sta (74:4d:bd:e1:d5:b8)
[2026-05-23 20:14:35.097] I (2889) wifi:enable tsf
[2026-05-23 20:14:35.097] I (2893) ESPNOW: espnow [version: 2.0] init
[2026-05-23 20:14:35.097] WCAN_TEST_READY role=sensor
# Waiting for phased test start
# UART test start sent: WCAN_TEST_START at 2026-05-23T20:14:35.108750
[2026-05-23 20:15:05.432] WCAN_BATCH id=0xe0 count=285 avg_hz=9.52 avg_points=21.00 min_points=21 max_points=21 avg_interval_ms=105.00 min_interval_ms=104.91 max_interval_ms=105.10 avg_dispatch_ms=3.76 max_dispatch_ms=17.02 dispatched_count=285 avg_queue_wait_ms=0.13 max_queue_wait_ms=0.36
[2026-05-23 20:15:05.434] WCAN_BATCH id=0xe1 count=285 avg_hz=9.52 avg_points=21.00 min_points=21 max_points=21 avg_interval_ms=105.00 min_interval_ms=104.91 max_interval_ms=105.11 avg_dispatch_ms=3.67 max_dispatch_ms=13.79 dispatched_count=285 avg_queue_wait_ms=3.93 max_queue_wait_ms=17.20
[2026-05-23 20:15:05.437] WCAN_BATCH id=0xe2 count=285 avg_hz=9.52 avg_points=21.00 min_points=21 max_points=21 avg_interval_ms=105.00 min_interval_ms=104.91 max_interval_ms=105.11 avg_dispatch_ms=3.49 max_dispatch_ms=12.00 dispatched_count=285 avg_queue_wait_ms=7.67 max_queue_wait_ms=20.44
[2026-05-23 20:15:05.437] WCAN_SENSOR_END generated=5998 avg_hz=199.97
[2026-05-23 20:15:05.440] WCAN_MEASURES elapsed_ms=29999 heap_start_free=66428 heap_end_free=82496 heap_start_min_free=66428 heap_end_min_free=65932 heap_start_largest=47104 heap_end_largest=47104 airtime_us_total=3099823 packets_sent_total=855 sensor_send_failures_total=0
[2026-05-23 20:15:05.440] WCAN_TEST_END role=sensor

# Monitor stopped: 2026-05-23T20:15:05.440655
