# Monitor started: 2026-05-23T19:57:52.336549
# Port: /dev/ttyACM0, Baud: 921600, Timeout: 35.000s after WCAN_TEST_START

# UART boot config: wcan v=1 role=sensor transport=MULTICAST test_duration_ms=30000 host_wait_time_ms=5000 base=0xd0 count=3 hz=100 linger=100
[2026-05-23 19:57:52.346] ESP-ROM:esp32c3-api1-20210207
[2026-05-23 19:57:52.354] Build:Feb  7 2021
[2026-05-23 19:57:52.383] rst:0x15 (USB_UART_CHIP_RESET),boot:0xd (SPI_FAST_FLASH_BOOT)
[2026-05-23 19:57:52.392] Saved PC:0x40384eba
[2026-05-23 19:57:52.397] SPIWP:0xee
[2026-05-23 19:57:52.406] mode:DIO, clock div:1
[2026-05-23 19:57:52.408] load:0x3fcd5820,len:0x1574
[2026-05-23 19:57:52.409] load:0x403cc710,len:0xc30
[2026-05-23 19:57:52.410] load:0x403ce710,len:0x2fa0
[2026-05-23 19:57:52.410] entry 0x403cc71a
[2026-05-23 19:57:52.412] I (24) boot: ESP-IDF v5.4.1 2nd stage bootloader
[2026-05-23 19:57:52.414] I (24) boot: compile time May 19 2026 23:41:33
[2026-05-23 19:57:52.415] I (25) boot: chip revision: v0.4
[2026-05-23 19:57:52.418] I (25) boot: efuse block revision: v1.3
[2026-05-23 19:57:52.419] I (25) boot.esp32c3: SPI Speed      : 80MHz
[2026-05-23 19:57:52.420] I (25) boot.esp32c3: SPI Mode       : DIO
[2026-05-23 19:57:52.423] I (26) boot.esp32c3: SPI Flash Size : 2MB
[2026-05-23 19:57:52.425] I (26) boot: Enabling RNG early entropy source...
[2026-05-23 19:57:52.426] I (27) boot: Partition Table:
[2026-05-23 19:57:52.431] I (27) boot: ## Label            Usage          Type ST Offset   Length
[2026-05-23 19:57:52.439] I (28) boot:  0 nvs              WiFi data        01 02 00009000 00006000
[2026-05-23 19:57:52.441] I (29) boot:  1 phy_init         RF data          01 01 0000f000 00001000
[2026-05-23 19:57:52.446] I (29) boot:  2 factory          factory app      00 00 00010000 00100000
[2026-05-23 19:57:52.452] I (30) boot: End of partition table
[2026-05-23 19:57:52.465] I (31) esp_image: segment 0: paddr=00010020 vaddr=3c0a0020 size=19850h (104528) map
[2026-05-23 19:57:52.471] I (48) esp_image: segment 1: paddr=00029878 vaddr=3fc95000 size=02da0h ( 11680) load
[2026-05-23 19:57:52.476] I (51) esp_image: segment 2: paddr=0002c620 vaddr=40380000 size=039f8h ( 14840) load
[2026-05-23 19:57:52.480] I (54) esp_image: segment 3: paddr=00030020 vaddr=42000020 size=990b4h (626868) map
[2026-05-23 19:57:52.486] I (154) esp_image: segment 4: paddr=000c90dc vaddr=403839f8 size=114f8h ( 70904) load
[2026-05-23 19:57:52.490] I (168) esp_image: segment 5: paddr=000da5dc vaddr=50000200 size=0001ch (    28) load
[2026-05-23 19:57:52.490] I (175) boot: Loaded app from partition at offset 0x10000
[2026-05-23 19:57:52.493] I (175) boot: Disabling RNG early entropy source...
[2026-05-23 19:57:52.495] I (176) cpu_start: Unicore app
[2026-05-23 19:57:52.496] I (185) cpu_start: Pro cpu start user code
[2026-05-23 19:57:52.497] I (185) cpu_start: cpu freq: 160000000 Hz
[2026-05-23 19:57:52.498] I (185) app_init: Application information:
[2026-05-23 19:57:52.500] I (185) app_init: Project name:     sensor_acquirer
[2026-05-23 19:57:52.505] I (185) app_init: App version:      v1.0-171-gbbe0783
[2026-05-23 19:57:52.507] I (186) app_init: Compile time:     May 23 2026 14:30:40
[2026-05-23 19:57:52.510] I (186) app_init: ELF file SHA256:  0e7d705e7...
[2026-05-23 19:57:52.513] I (187) app_init: ESP-IDF:          v5.4.1
[2026-05-23 19:57:52.514] I (187) efuse_init: Min chip rev:     v0.3
[2026-05-23 19:57:52.522] I (188) efuse_init: Max chip rev:     v1.99
[2026-05-23 19:57:52.526] I (188) efuse_init: Chip rev:         v0.4
[2026-05-23 19:57:52.531] I (189) heap_init: Initializing. RAM available for dynamic allocation:
[2026-05-23 19:57:52.531] I (190) heap_init: At 3FC9C130 len 00023ED0 (143 KiB): RAM
[2026-05-23 19:57:52.533] I (190) heap_init: At 3FCC0000 len 0001C710 (113 KiB): Retention RAM
[2026-05-23 19:57:52.534] I (191) heap_init: At 3FCDC710 len 00002950 (10 KiB): Retention RAM
[2026-05-23 19:57:52.535] I (192) heap_init: At 5000021C len 00001DCC (7 KiB): RTCRAM
[2026-05-23 19:57:52.536] I (193) spi_flash: detected chip: generic
[2026-05-23 19:57:52.537] I (193) spi_flash: flash io: dio
[2026-05-23 19:57:52.539] W (194) spi_flash: Detected size(4096k) larger than the size in the binary image header(2048k). Using the size in the binary image header.
[2026-05-23 19:57:52.540] I (195) sleep_gpio: Configure to isolate all GPIO pins in sleep state
[2026-05-23 19:57:52.541] I (196) sleep_gpio: Enable automatic switching of GPIO sleep configuration
[2026-05-23 19:57:52.541] I (197) main_task: Started on CPU0
[2026-05-23 19:57:52.542] I (197) main_task: Calling app_main()
[2026-05-23 19:57:52.542] WCAN_CFG_WAIT v=1
# UART boot config sent: wcan v=1 role=sensor transport=MULTICAST test_duration_ms=30000 host_wait_time_ms=5000 base=0xd0 count=3 hz=100 linger=100
[2026-05-23 19:57:52.545] WCAN_CFG_WAIT v=1
[2026-05-23 19:57:54.996] WCAN_CFG_ACK
[2026-05-23 19:57:54.997] WCAN_CFG_ACK
[2026-05-23 19:57:55.001] I (2862) pp: pp rom version: 9387209
[2026-05-23 19:57:55.006] I (2863) net80211: net80211 rom version: 9387209
[2026-05-23 19:57:55.011] I (2864) wifi:wifi driver task: 3fca7594, prio:23, stack:6656, core=0
[2026-05-23 19:57:55.015] I (2868) wifi:wifi firmware version: 79fa3f41ba
[2026-05-23 19:57:55.019] I (2868) wifi:wifi certification version: v7.0
[2026-05-23 19:57:55.022] I (2868) wifi:config NVS flash: enabled
[2026-05-23 19:57:55.026] I (2868) wifi:config nano formatting: disabled
[2026-05-23 19:57:55.031] I (2869) wifi:Init data frame dynamic rx buffer num: 32
[2026-05-23 19:57:55.034] I (2869) wifi:Init static rx mgmt buffer num: 5
[2026-05-23 19:57:55.037] I (2870) wifi:Init management short buffer num: 32
[2026-05-23 19:57:55.039] I (2870) wifi:Init dynamic tx buffer num: 32
[2026-05-23 19:57:55.041] I (2871) wifi:Init static tx FG buffer num: 2
[2026-05-23 19:57:55.042] I (2871) wifi:Init static rx buffer size: 1600
[2026-05-23 19:57:55.044] I (2872) wifi:Init static rx buffer num: 10
[2026-05-23 19:57:55.045] I (2872) wifi:Init dynamic rx buffer num: 32
[2026-05-23 19:57:55.046] I (2873) wifi_init: rx ba win: 6
[2026-05-23 19:57:55.048] I (2874) wifi_init: accept mbox: 6
[2026-05-23 19:57:55.049] I (2874) wifi_init: tcpip mbox: 32
[2026-05-23 19:57:55.050] I (2874) wifi_init: udp mbox: 6
[2026-05-23 19:57:55.051] I (2874) wifi_init: tcp mbox: 6
[2026-05-23 19:57:55.052] I (2875) wifi_init: tcp tx win: 5760
[2026-05-23 19:57:55.053] I (2875) wifi_init: tcp rx win: 5760
[2026-05-23 19:57:55.053] I (2876) wifi_init: tcp mss: 1440
[2026-05-23 19:57:55.054] I (2876) wifi_init: WiFi IRAM OP enabled
[2026-05-23 19:57:55.055] I (2876) wifi_init: WiFi RX IRAM OP enabled
[2026-05-23 19:57:55.057] I (2877) phy_init: phy_version 1200,2b7123f9,Feb 18 2025,15:22:21
[2026-05-23 19:57:55.058] I (2910) wifi:mode : sta (54:32:04:8c:0b:8c)
[2026-05-23 19:57:55.058] I (2911) wifi:enable tsf
[2026-05-23 19:57:55.059] I (2914) ESPNOW: espnow [version: 2.0] init
[2026-05-23 19:57:55.059] WCAN_TEST_READY role=sensor
# Waiting for phased test start
# UART test start sent: WCAN_TEST_START at 2026-05-23T19:57:55.070813
[2026-05-23 19:58:25.406] WCAN_BATCH id=0xd0 count=272 avg_hz=9.09 avg_points=11.00 min_points=11 max_points=11 avg_interval_ms=110.00 min_interval_ms=109.91 max_interval_ms=110.11 avg_dispatch_ms=2.31 max_dispatch_ms=12.10 dispatched_count=272 avg_queue_wait_ms=0.16 max_queue_wait_ms=0.28
[2026-05-23 19:58:25.422] WCAN_BATCH id=0xd1 count=272 avg_hz=9.09 avg_points=11.00 min_points=11 max_points=11 avg_interval_ms=110.00 min_interval_ms=109.91 max_interval_ms=110.11 avg_dispatch_ms=2.78 max_dispatch_ms=9.54 dispatched_count=272 avg_queue_wait_ms=2.53 max_queue_wait_ms=12.31
[2026-05-23 19:58:25.447] WCAN_BATCH id=0xd2 count=272 avg_hz=9.09 avg_points=11.00 min_points=11 max_points=11 avg_interval_ms=110.00 min_interval_ms=109.91 max_interval_ms=110.11 avg_dispatch_ms=3.04 max_dispatch_ms=11.80 dispatched_count=272 avg_queue_wait_ms=5.38 max_queue_wait_ms=14.95
[2026-05-23 19:58:25.454] WCAN_SENSOR_END generated=2998 avg_hz=99.97
[2026-05-23 19:58:25.460] WCAN_MEASURES elapsed_ms=29999 heap_start_free=66296 heap_end_free=77856 heap_start_min_free=66296 heap_end_min_free=64300 heap_start_largest=47104 heap_end_largest=47104 airtime_us_total=2200116 packets_sent_total=816 sensor_send_failures_total=0
[2026-05-23 19:58:25.460] WCAN_TEST_END role=sensor

# Monitor stopped: 2026-05-23T19:58:25.460444
