# Monitor started: 2026-05-23T18:24:41.445909
# Port: /dev/ttyACM0, Baud: 921600, Timeout: 35.000s after WCAN_TEST_START

# UART boot config: wcan v=1 role=sensor transport=BROADCAST test_duration_ms=30000 host_wait_time_ms=5000 base=0xd0 count=1 hz=1000 linger=100
[2026-05-23 18:24:41.447] ESP-ROM:esp32c3-api1-20210207
[2026-05-23 18:24:41.448] Build:Feb  7 2021
[2026-05-23 18:24:41.452] rst:0x15 (USB_UART_CHIP_RESET),boot:0xd (SPI_FAST_FLASH_BOOT)
[2026-05-23 18:24:41.453] Saved PC:0x40384eba
[2026-05-23 18:24:41.455] SPIWP:0xee
[2026-05-23 18:24:41.456] mode:DIO, clock div:1
[2026-05-23 18:24:41.458] load:0x3fcd5820,len:0x1574
[2026-05-23 18:24:41.465] load:0x403cc710,len:0xc30
[2026-05-23 18:24:41.467] load:0x403ce710,len:0x2fa0
[2026-05-23 18:24:41.468] entry 0x403cc71a
[2026-05-23 18:24:41.470] I (24) boot: ESP-IDF v5.4.1 2nd stage bootloader
[2026-05-23 18:24:41.473] I (24) boot: compile time May 20 2026 00:05:32
[2026-05-23 18:24:41.476] I (25) boot: chip revision: v0.4
[2026-05-23 18:24:41.481] I (25) boot: efuse block revision: v1.3
[2026-05-23 18:24:41.485] I (25) boot.esp32c3: SPI Speed      : 80MHz
[2026-05-23 18:24:41.491] I (25) boot.esp32c3: SPI Mode       : DIO
[2026-05-23 18:24:41.495] I (26) boot.esp32c3: SPI Flash Size : 2MB
[2026-05-23 18:24:41.500] I (26) boot: Enabling RNG early entropy source...
[2026-05-23 18:24:41.503] I (27) boot: Partition Table:
[2026-05-23 18:24:41.506] I (27) boot: ## Label            Usage          Type ST Offset   Length
[2026-05-23 18:24:41.516] I (28) boot:  0 nvs              WiFi data        01 02 00009000 00006000
[2026-05-23 18:24:41.519] I (29) boot:  1 phy_init         RF data          01 01 0000f000 00001000
[2026-05-23 18:24:41.521] I (29) boot:  2 factory          factory app      00 00 00010000 00100000
[2026-05-23 18:24:41.522] I (30) boot: End of partition table
[2026-05-23 18:24:41.526] I (31) esp_image: segment 0: paddr=00010020 vaddr=3c0a0020 size=1977ch (104316) map
[2026-05-23 18:24:41.534] I (48) esp_image: segment 1: paddr=000297a4 vaddr=3fc95200 size=02da0h ( 11680) load
[2026-05-23 18:24:41.538] I (51) esp_image: segment 2: paddr=0002c54c vaddr=40380000 size=03acch ( 15052) load
[2026-05-23 18:24:41.538] I (54) esp_image: segment 3: paddr=00030020 vaddr=42000020 size=9942ch (627756) map
[2026-05-23 18:24:41.545] I (154) esp_image: segment 4: paddr=000c9454 vaddr=40383acc size=11614h ( 71188) load
[2026-05-23 18:24:41.556] I (168) esp_image: segment 5: paddr=000daa70 vaddr=50000200 size=0001ch (    28) load
[2026-05-23 18:24:41.561] I (175) boot: Loaded app from partition at offset 0x10000
[2026-05-23 18:24:41.570] I (175) boot: Disabling RNG early entropy source...
[2026-05-23 18:24:41.571] I (176) cpu_start: Unicore app
[2026-05-23 18:24:41.575] I (185) cpu_start: Pro cpu start user code
[2026-05-23 18:24:41.577] I (185) cpu_start: cpu freq: 160000000 Hz
[2026-05-23 18:24:41.578] I (185) app_init: Application information:
[2026-05-23 18:24:41.581] I (185) app_init: Project name:     sensor_acquirer
[2026-05-23 18:24:41.583] I (185) app_init: App version:      v1.0-171-gbbe0783
[2026-05-23 18:24:41.587] I (186) app_init: Compile time:     May 23 2026 14:30:31
[2026-05-23 18:24:41.590] I (187) app_init: ELF file SHA256:  493679023...
[2026-05-23 18:24:41.593] I (187) app_init: ESP-IDF:          v5.4.1
[2026-05-23 18:24:41.596] I (188) efuse_init: Min chip rev:     v0.3
[2026-05-23 18:24:41.599] I (188) efuse_init: Max chip rev:     v1.99
[2026-05-23 18:24:41.599] I (189) efuse_init: Chip rev:         v0.4
[2026-05-23 18:24:41.603] I (189) heap_init: Initializing. RAM available for dynamic allocation:
[2026-05-23 18:24:41.605] I (190) heap_init: At 3FC9C340 len 00023CC0 (143 KiB): RAM
[2026-05-23 18:24:41.610] I (190) heap_init: At 3FCC0000 len 0001C710 (113 KiB): Retention RAM
[2026-05-23 18:24:41.614] I (191) heap_init: At 3FCDC710 len 00002950 (10 KiB): Retention RAM
[2026-05-23 18:24:41.618] I (192) heap_init: At 5000021C len 00001DCC (7 KiB): RTCRAM
[2026-05-23 18:24:41.621] I (194) spi_flash: detected chip: generic
[2026-05-23 18:24:41.622] I (194) spi_flash: flash io: dio
[2026-05-23 18:24:41.625] W (194) spi_flash: Detected size(4096k) larger than the size in the binary image header(2048k). Using the size in the binary image header.
[2026-05-23 18:24:41.627] I (196) sleep_gpio: Configure to isolate all GPIO pins in sleep state
[2026-05-23 18:24:41.628] I (196) sleep_gpio: Enable automatic switching of GPIO sleep configuration
[2026-05-23 18:24:41.629] I (197) main_task: Started on CPU0
[2026-05-23 18:24:41.629] I (197) main_task: Calling app_main()
[2026-05-23 18:24:41.629] WCAN_CFG_WAIT v=1
# UART boot config sent: wcan v=1 role=sensor transport=BROADCAST test_duration_ms=30000 host_wait_time_ms=5000 base=0xd0 count=1 hz=1000 linger=100
[2026-05-23 18:24:41.630] WCAN_CFG_WAIT v=1
[2026-05-23 18:24:44.089] WCAN_CFG_ACK
[2026-05-23 18:24:44.090] WCAN_CFG_ACK
[2026-05-23 18:24:44.097] I (2847) pp: pp rom version: 9387209
[2026-05-23 18:24:44.100] I (2848) net80211: net80211 rom version: 9387209
[2026-05-23 18:24:44.107] I (2849) wifi:wifi driver task: 3fca77a4, prio:23, stack:6656, core=0
[2026-05-23 18:24:44.111] I (2853) wifi:wifi firmware version: 79fa3f41ba
[2026-05-23 18:24:44.116] I (2853) wifi:wifi certification version: v7.0
[2026-05-23 18:24:44.119] I (2853) wifi:config NVS flash: enabled
[2026-05-23 18:24:44.123] I (2853) wifi:config nano formatting: disabled
[2026-05-23 18:24:44.126] I (2854) wifi:Init data frame dynamic rx buffer num: 32
[2026-05-23 18:24:44.129] I (2854) wifi:Init static rx mgmt buffer num: 5
[2026-05-23 18:24:44.130] I (2855) wifi:Init management short buffer num: 32
[2026-05-23 18:24:44.132] I (2855) wifi:Init dynamic tx buffer num: 32
[2026-05-23 18:24:44.134] I (2856) wifi:Init static tx FG buffer num: 2
[2026-05-23 18:24:44.135] I (2856) wifi:Init static rx buffer size: 1600
[2026-05-23 18:24:44.137] I (2857) wifi:Init static rx buffer num: 10
[2026-05-23 18:24:44.138] I (2857) wifi:Init dynamic rx buffer num: 32
[2026-05-23 18:24:44.140] I (2858) wifi_init: rx ba win: 6
[2026-05-23 18:24:44.141] I (2859) wifi_init: accept mbox: 6
[2026-05-23 18:24:44.142] I (2859) wifi_init: tcpip mbox: 32
[2026-05-23 18:24:44.143] I (2859) wifi_init: udp mbox: 6
[2026-05-23 18:24:44.143] I (2859) wifi_init: tcp mbox: 6
[2026-05-23 18:24:44.144] I (2860) wifi_init: tcp tx win: 5760
[2026-05-23 18:24:44.145] I (2860) wifi_init: tcp rx win: 5760
[2026-05-23 18:24:44.146] I (2861) wifi_init: tcp mss: 1440
[2026-05-23 18:24:44.147] I (2861) wifi_init: WiFi IRAM OP enabled
[2026-05-23 18:24:44.148] I (2861) wifi_init: WiFi RX IRAM OP enabled
[2026-05-23 18:24:44.149] I (2862) phy_init: phy_version 1200,2b7123f9,Feb 18 2025,15:22:21
[2026-05-23 18:24:44.150] I (2896) wifi:mode : sta (54:32:04:8c:0b:8c)
[2026-05-23 18:24:44.150] I (2897) wifi:enable tsf
[2026-05-23 18:24:44.151] I (2900) ESPNOW: espnow [version: 2.0] init
[2026-05-23 18:24:44.151] WCAN_TEST_READY role=sensor
# Waiting for phased test start
# UART test start sent: WCAN_TEST_START at 2026-05-23T18:24:44.164746
[2026-05-23 18:24:45.100] P(FAIL):3657:d0:2:202:302:101
[2026-05-23 18:24:45.472] P(FAIL):4028:d0:4:404:504:101
[2026-05-23 18:24:45.842] P(FAIL):4398:d0:7:707:807:101
[2026-05-23 18:24:46.297] P(FAIL):4853:d0:13:1313:1413:101
[2026-05-23 18:24:46.755] P(FAIL):5312:d0:18:1818:1918:101
[2026-05-23 18:24:47.134] P(FAIL):5691:d0:19:1919:2019:101
[2026-05-23 18:24:47.617] P(FAIL):6173:d0:26:2626:2726:101
[2026-05-23 18:24:48.101] P(FAIL):6658:d0:31:3131:3231:101
[2026-05-23 18:24:48.364] P(FAIL):6921:d0:33:3333:3433:101
[2026-05-23 18:24:48.755] P(FAIL):7312:d0:34:3434:3534:101
[2026-05-23 18:24:49.109] P(FAIL):7665:d0:37:3737:3837:101
[2026-05-23 18:24:49.490] P(FAIL):8046:d0:39:3939:4039:101
[2026-05-23 18:25:14.714] P(FAIL):33270:d0:293:29666:29766:101
[2026-05-23 18:25:15.475] WCAN_BATCH id=0xd0 count=297 avg_hz=9.88 avg_points=100.76 min_points=30 max_points=101 avg_interval_ms=101.25 min_interval_ms=100.93 max_interval_ms=174.05 avg_dispatch_ms=4.66 max_dispatch_ms=11.88 dispatched_count=334 avg_queue_wait_ms=85.07 max_queue_wait_ms=883.78
[2026-05-23 18:25:15.477] WCAN_SENSOR_END generated=29998 avg_hz=1000.00
[2026-05-23 18:25:15.478] S(FAIL):34026:d0:0:4949:5021:73
[2026-05-23 18:25:15.484] WCAN_MEASURES elapsed_ms=29999 heap_start_free=126648 heap_end_free=141436 heap_start_min_free=124496 heap_end_min_free=123820 heap_start_largest=98304 heap_end_largest=98304 airtime_us_total=1551922 packets_sent_total=334 sensor_send_failures_total=73
[2026-05-23 18:25:15.484] WCAN_TEST_END role=sensor

# Monitor stopped: 2026-05-23T18:25:15.484394
