# Monitor started: 2026-05-23T20:04:47.650517
# Port: /dev/ttyACM0, Baud: 921600, Timeout: 35.000s after WCAN_TEST_START

# UART boot config: wcan v=1 role=sensor transport=MULTICAST test_duration_ms=30000 host_wait_time_ms=5000 base=0xd0 count=3 hz=200 linger=100
[2026-05-23 20:04:47.660] ESP-ROM:esp32c3-api1-20210207
[2026-05-23 20:04:47.665] Build:Feb  7 2021
[2026-05-23 20:04:47.688] rst:0x15 (USB_UART_CHIP_RESET),boot:0xd (SPI_FAST_FLASH_BOOT)
[2026-05-23 20:04:47.694] Saved PC:0x40384eba
[2026-05-23 20:04:47.702] SPIWP:0xee
[2026-05-23 20:04:47.711] mode:DIO, clock div:1
[2026-05-23 20:04:47.716] load:0x3fcd5820,len:0x1574
[2026-05-23 20:04:47.719] load:0x403cc710,len:0xc30
[2026-05-23 20:04:47.722] load:0x403ce710,len:0x2fa0
[2026-05-23 20:04:47.723] entry 0x403cc71a
[2026-05-23 20:04:47.738] I (24) boot: ESP-IDF v5.4.1 2nd stage bootloader
[2026-05-23 20:04:47.745] I (24) boot: compile time May 19 2026 23:41:33
[2026-05-23 20:04:47.748] I (25) boot: chip revision: v0.4
[2026-05-23 20:04:47.750] I (25) boot: efuse block revision: v1.3
[2026-05-23 20:04:47.752] I (25) boot.esp32c3: SPI Speed      : 80MHz
[2026-05-23 20:04:47.753] I (25) boot.esp32c3: SPI Mode       : DIO
[2026-05-23 20:04:47.759] I (26) boot.esp32c3: SPI Flash Size : 2MB
[2026-05-23 20:04:47.773] I (26) boot: Enabling RNG early entropy source...
[2026-05-23 20:04:47.777] I (27) boot: Partition Table:
[2026-05-23 20:04:47.792] I (27) boot: ## Label            Usage          Type ST Offset   Length
[2026-05-23 20:04:47.794] I (28) boot:  0 nvs              WiFi data        01 02 00009000 00006000
[2026-05-23 20:04:47.805] I (29) boot:  1 phy_init         RF data          01 01 0000f000 00001000
[2026-05-23 20:04:47.806] I (29) boot:  2 factory          factory app      00 00 00010000 00100000
[2026-05-23 20:04:47.807] I (30) boot: End of partition table
[2026-05-23 20:04:47.814] I (31) esp_image: segment 0: paddr=00010020 vaddr=3c0a0020 size=19850h (104528) map
[2026-05-23 20:04:47.819] I (48) esp_image: segment 1: paddr=00029878 vaddr=3fc95000 size=02da0h ( 11680) load
[2026-05-23 20:04:47.823] I (51) esp_image: segment 2: paddr=0002c620 vaddr=40380000 size=039f8h ( 14840) load
[2026-05-23 20:04:47.828] I (54) esp_image: segment 3: paddr=00030020 vaddr=42000020 size=990b4h (626868) map
[2026-05-23 20:04:47.832] I (154) esp_image: segment 4: paddr=000c90dc vaddr=403839f8 size=114f8h ( 70904) load
[2026-05-23 20:04:47.835] I (168) esp_image: segment 5: paddr=000da5dc vaddr=50000200 size=0001ch (    28) load
[2026-05-23 20:04:47.836] I (175) boot: Loaded app from partition at offset 0x10000
[2026-05-23 20:04:47.837] I (175) boot: Disabling RNG early entropy source...
[2026-05-23 20:04:47.839] I (176) cpu_start: Unicore app
[2026-05-23 20:04:47.840] I (185) cpu_start: Pro cpu start user code
[2026-05-23 20:04:47.843] I (185) cpu_start: cpu freq: 160000000 Hz
[2026-05-23 20:04:47.844] I (185) app_init: Application information:
[2026-05-23 20:04:47.845] I (185) app_init: Project name:     sensor_acquirer
[2026-05-23 20:04:47.846] I (185) app_init: App version:      v1.0-171-gbbe0783
[2026-05-23 20:04:47.848] I (186) app_init: Compile time:     May 23 2026 14:30:40
[2026-05-23 20:04:47.849] I (186) app_init: ELF file SHA256:  0e7d705e7...
[2026-05-23 20:04:47.849] I (187) app_init: ESP-IDF:          v5.4.1
[2026-05-23 20:04:47.850] I (187) efuse_init: Min chip rev:     v0.3
[2026-05-23 20:04:47.851] I (188) efuse_init: Max chip rev:     v1.99
[2026-05-23 20:04:47.853] I (188) efuse_init: Chip rev:         v0.4
[2026-05-23 20:04:47.854] I (189) heap_init: Initializing. RAM available for dynamic allocation:
[2026-05-23 20:04:47.855] I (190) heap_init: At 3FC9C130 len 00023ED0 (143 KiB): RAM
[2026-05-23 20:04:47.856] I (190) heap_init: At 3FCC0000 len 0001C710 (113 KiB): Retention RAM
[2026-05-23 20:04:47.857] I (191) heap_init: At 3FCDC710 len 00002950 (10 KiB): Retention RAM
[2026-05-23 20:04:47.859] I (192) heap_init: At 5000021C len 00001DCC (7 KiB): RTCRAM
[2026-05-23 20:04:47.860] I (193) spi_flash: detected chip: generic
[2026-05-23 20:04:47.863] I (193) spi_flash: flash io: dio
[2026-05-23 20:04:47.868] W (194) spi_flash: Detected size(4096k) larger than the size in the binary image header(2048k). Using the size in the binary image header.
[2026-05-23 20:04:47.869] I (195) sleep_gpio: Configure to isolate all GPIO pins in sleep state
[2026-05-23 20:04:47.871] I (196) sleep_gpio: Enable automatic switching of GPIO sleep configuration
[2026-05-23 20:04:47.871] I (197) main_task: Started on CPU0
[2026-05-23 20:04:47.872] I (197) main_task: Calling app_main()
[2026-05-23 20:04:47.872] WCAN_CFG_WAIT v=1
# UART boot config sent: wcan v=1 role=sensor transport=MULTICAST test_duration_ms=30000 host_wait_time_ms=5000 base=0xd0 count=3 hz=200 linger=100
[2026-05-23 20:04:47.873] WCAN_CFG_WAIT v=1
[2026-05-23 20:04:50.313] WCAN_CFG_ACK
[2026-05-23 20:04:50.313] WCAN_CFG_ACK
[2026-05-23 20:04:50.317] I (2866) pp: pp rom version: 9387209
[2026-05-23 20:04:50.319] I (2867) net80211: net80211 rom version: 9387209
[2026-05-23 20:04:50.320] I (2868) wifi:wifi driver task: 3fca7594, prio:23, stack:6656, core=0
[2026-05-23 20:04:50.323] I (2872) wifi:wifi firmware version: 79fa3f41ba
[2026-05-23 20:04:50.324] I (2872) wifi:wifi certification version: v7.0
[2026-05-23 20:04:50.325] I (2872) wifi:config NVS flash: enabled
[2026-05-23 20:04:50.327] I (2872) wifi:config nano formatting: disabled
[2026-05-23 20:04:50.328] I (2873) wifi:Init data frame dynamic rx buffer num: 32
[2026-05-23 20:04:50.329] I (2873) wifi:Init static rx mgmt buffer num: 5
[2026-05-23 20:04:50.330] I (2874) wifi:Init management short buffer num: 32
[2026-05-23 20:04:50.331] I (2874) wifi:Init dynamic tx buffer num: 32
[2026-05-23 20:04:50.332] I (2875) wifi:Init static tx FG buffer num: 2
[2026-05-23 20:04:50.333] I (2875) wifi:Init static rx buffer size: 1600
[2026-05-23 20:04:50.334] I (2876) wifi:Init static rx buffer num: 10
[2026-05-23 20:04:50.335] I (2876) wifi:Init dynamic rx buffer num: 32
[2026-05-23 20:04:50.336] I (2877) wifi_init: rx ba win: 6
[2026-05-23 20:04:50.337] I (2878) wifi_init: accept mbox: 6
[2026-05-23 20:04:50.338] I (2878) wifi_init: tcpip mbox: 32
[2026-05-23 20:04:50.339] I (2878) wifi_init: udp mbox: 6
[2026-05-23 20:04:50.339] I (2878) wifi_init: tcp mbox: 6
[2026-05-23 20:04:50.340] I (2879) wifi_init: tcp tx win: 5760
[2026-05-23 20:04:50.341] I (2879) wifi_init: tcp rx win: 5760
[2026-05-23 20:04:50.342] I (2880) wifi_init: tcp mss: 1440
[2026-05-23 20:04:50.343] I (2880) wifi_init: WiFi IRAM OP enabled
[2026-05-23 20:04:50.344] I (2880) wifi_init: WiFi RX IRAM OP enabled
[2026-05-23 20:04:50.345] I (2881) phy_init: phy_version 1200,2b7123f9,Feb 18 2025,15:22:21
[2026-05-23 20:04:50.368] I (2916) wifi:mode : sta (54:32:04:8c:0b:8c)
[2026-05-23 20:04:50.368] I (2917) wifi:enable tsf
[2026-05-23 20:04:50.371] I (2920) ESPNOW: espnow [version: 2.0] init
[2026-05-23 20:04:50.372] WCAN_TEST_READY role=sensor
# Waiting for phased test start
# UART test start sent: WCAN_TEST_START at 2026-05-23T20:04:50.385948
[2026-05-23 20:05:20.717] WCAN_BATCH id=0xd0 count=285 avg_hz=9.52 avg_points=21.00 min_points=21 max_points=21 avg_interval_ms=105.00 min_interval_ms=104.88 max_interval_ms=105.13 avg_dispatch_ms=2.37 max_dispatch_ms=6.66 dispatched_count=285 avg_queue_wait_ms=0.14 max_queue_wait_ms=0.28
[2026-05-23 20:05:20.722] WCAN_BATCH id=0xd1 count=285 avg_hz=9.52 avg_points=21.00 min_points=21 max_points=21 avg_interval_ms=105.00 min_interval_ms=104.88 max_interval_ms=105.12 avg_dispatch_ms=1.70 max_dispatch_ms=5.41 dispatched_count=285 avg_queue_wait_ms=2.58 max_queue_wait_ms=6.86
[2026-05-23 20:05:20.731] WCAN_BATCH id=0xd2 count=285 avg_hz=9.52 avg_points=21.00 min_points=21 max_points=21 avg_interval_ms=105.00 min_interval_ms=104.88 max_interval_ms=105.12 avg_dispatch_ms=1.84 max_dispatch_ms=8.81 dispatched_count=285 avg_queue_wait_ms=4.34 max_queue_wait_ms=12.33
[2026-05-23 20:05:20.732] WCAN_SENSOR_END generated=5998 avg_hz=199.97
[2026-05-23 20:05:20.736] WCAN_MEASURES elapsed_ms=29999 heap_start_free=66296 heap_end_free=77888 heap_start_min_free=66280 heap_end_min_free=64940 heap_start_largest=47104 heap_end_largest=47104 airtime_us_total=1673394 packets_sent_total=855 sensor_send_failures_total=0
[2026-05-23 20:05:20.737] WCAN_TEST_END role=sensor

# Monitor stopped: 2026-05-23T20:05:20.737062
