# Monitor started: 2026-05-23T21:16:22.561137
# Port: /dev/ttyACM1, Baud: 921600, Timeout: 35.000s after WCAN_TEST_START

# UART boot config: wcan v=1 role=sensor transport=MULTICAST test_duration_ms=30000 host_wait_time_ms=5000 base=0xe0 count=1 hz=200 linger=0
[2026-05-23 21:16:22.563] ESP-ROM:esp32c3-api1-20210207
[2026-05-23 21:16:22.568] Build:Feb  7 2021
[2026-05-23 21:16:22.585] rst:0x15 (USB_UART_CHIP_RESET),boot:0xd (SPI_FAST_FLASH_BOOT)
[2026-05-23 21:16:22.595] Saved PC:0x40384eba
[2026-05-23 21:16:22.600] SPIWP:0xee
[2026-05-23 21:16:22.606] mode:DIO, clock div:1
[2026-05-23 21:16:22.618] load:0x3fcd5820,len:0x1574
[2026-05-23 21:16:22.620] load:0x403cc710,len:0xc30
[2026-05-23 21:16:22.628] load:0x403ce710,len:0x2fa0
[2026-05-23 21:16:22.629] entry 0x403cc71a
[2026-05-23 21:16:22.631] I (24) boot: ESP-IDF v5.4.1 2nd stage bootloader
[2026-05-23 21:16:22.634] I (24) boot: compile time May 19 2026 23:41:33
[2026-05-23 21:16:22.637] I (25) boot: chip revision: v0.4
[2026-05-23 21:16:22.642] I (25) boot: efuse block revision: v1.3
[2026-05-23 21:16:22.644] I (25) boot.esp32c3: SPI Speed      : 80MHz
[2026-05-23 21:16:22.646] I (25) boot.esp32c3: SPI Mode       : DIO
[2026-05-23 21:16:22.647] I (26) boot.esp32c3: SPI Flash Size : 2MB
[2026-05-23 21:16:22.654] I (26) boot: Enabling RNG early entropy source...
[2026-05-23 21:16:22.656] I (27) boot: Partition Table:
[2026-05-23 21:16:22.658] I (27) boot: ## Label            Usage          Type ST Offset   Length
[2026-05-23 21:16:22.669] I (28) boot:  0 nvs              WiFi data        01 02 00009000 00006000
[2026-05-23 21:16:22.674] I (29) boot:  1 phy_init         RF data          01 01 0000f000 00001000
[2026-05-23 21:16:22.679] I (29) boot:  2 factory          factory app      00 00 00010000 00100000
[2026-05-23 21:16:22.681] I (30) boot: End of partition table
[2026-05-23 21:16:22.688] I (31) esp_image: segment 0: paddr=00010020 vaddr=3c0a0020 size=19850h (104528) map
[2026-05-23 21:16:22.693] I (48) esp_image: segment 1: paddr=00029878 vaddr=3fc95000 size=02da0h ( 11680) load
[2026-05-23 21:16:22.703] I (51) esp_image: segment 2: paddr=0002c620 vaddr=40380000 size=039f8h ( 14840) load
[2026-05-23 21:16:22.713] I (54) esp_image: segment 3: paddr=00030020 vaddr=42000020 size=990b4h (626868) map
[2026-05-23 21:16:22.718] I (154) esp_image: segment 4: paddr=000c90dc vaddr=403839f8 size=114f8h ( 70904) load
[2026-05-23 21:16:22.724] I (168) esp_image: segment 5: paddr=000da5dc vaddr=50000200 size=0001ch (    28) load
[2026-05-23 21:16:22.729] I (174) boot: Loaded app from partition at offset 0x10000
[2026-05-23 21:16:22.734] I (175) boot: Disabling RNG early entropy source...
[2026-05-23 21:16:22.738] I (176) cpu_start: Unicore app
[2026-05-23 21:16:22.740] I (185) cpu_start: Pro cpu start user code
[2026-05-23 21:16:22.742] I (185) cpu_start: cpu freq: 160000000 Hz
[2026-05-23 21:16:22.747] I (185) app_init: Application information:
[2026-05-23 21:16:22.751] I (185) app_init: Project name:     sensor_acquirer
[2026-05-23 21:16:22.754] I (185) app_init: App version:      v1.0-171-gbbe0783
[2026-05-23 21:16:22.757] I (186) app_init: Compile time:     May 23 2026 14:30:40
[2026-05-23 21:16:22.758] I (186) app_init: ELF file SHA256:  0e7d705e7...
[2026-05-23 21:16:22.759] I (187) app_init: ESP-IDF:          v5.4.1
[2026-05-23 21:16:22.760] I (187) efuse_init: Min chip rev:     v0.3
[2026-05-23 21:16:22.762] I (188) efuse_init: Max chip rev:     v1.99
[2026-05-23 21:16:22.766] I (188) efuse_init: Chip rev:         v0.4
[2026-05-23 21:16:22.767] I (189) heap_init: Initializing. RAM available for dynamic allocation:
[2026-05-23 21:16:22.768] I (190) heap_init: At 3FC9C130 len 00023ED0 (143 KiB): RAM
[2026-05-23 21:16:22.769] I (190) heap_init: At 3FCC0000 len 0001C710 (113 KiB): Retention RAM
[2026-05-23 21:16:22.770] I (191) heap_init: At 3FCDC710 len 00002950 (10 KiB): Retention RAM
[2026-05-23 21:16:22.771] I (192) heap_init: At 5000021C len 00001DCC (7 KiB): RTCRAM
[2026-05-23 21:16:22.772] I (193) spi_flash: detected chip: generic
[2026-05-23 21:16:22.773] I (194) spi_flash: flash io: dio
[2026-05-23 21:16:22.775] W (194) spi_flash: Detected size(4096k) larger than the size in the binary image header(2048k). Using the size in the binary image header.
[2026-05-23 21:16:22.776] I (195) sleep_gpio: Configure to isolate all GPIO pins in sleep state
[2026-05-23 21:16:22.777] I (196) sleep_gpio: Enable automatic switching of GPIO sleep configuration
[2026-05-23 21:16:22.778] I (197) main_task: Started on CPU0
[2026-05-23 21:16:22.778] I (197) main_task: Calling app_main()
[2026-05-23 21:16:22.778] WCAN_CFG_WAIT v=1
# UART boot config sent: wcan v=1 role=sensor transport=MULTICAST test_duration_ms=30000 host_wait_time_ms=5000 base=0xe0 count=1 hz=200 linger=0
[2026-05-23 21:16:22.779] WCAN_CFG_WAIT v=1
[2026-05-23 21:16:25.179] WCAN_CFG_ACK
[2026-05-23 21:16:25.179] WCAN_CFG_ACK
[2026-05-23 21:16:25.185] I (2822) pp: pp rom version: 9387209
[2026-05-23 21:16:25.188] I (2823) net80211: net80211 rom version: 9387209
[2026-05-23 21:16:25.194] I (2824) wifi:wifi driver task: 3fca7510, prio:23, stack:6656, core=0
[2026-05-23 21:16:25.198] I (2828) wifi:wifi firmware version: 79fa3f41ba
[2026-05-23 21:16:25.202] I (2828) wifi:wifi certification version: v7.0
[2026-05-23 21:16:25.205] I (2828) wifi:config NVS flash: enabled
[2026-05-23 21:16:25.208] I (2828) wifi:config nano formatting: disabled
[2026-05-23 21:16:25.212] I (2829) wifi:Init data frame dynamic rx buffer num: 32
[2026-05-23 21:16:25.215] I (2829) wifi:Init static rx mgmt buffer num: 5
[2026-05-23 21:16:25.218] I (2830) wifi:Init management short buffer num: 32
[2026-05-23 21:16:25.220] I (2830) wifi:Init dynamic tx buffer num: 32
[2026-05-23 21:16:25.222] I (2831) wifi:Init static tx FG buffer num: 2
[2026-05-23 21:16:25.223] I (2831) wifi:Init static rx buffer size: 1600
[2026-05-23 21:16:25.225] I (2832) wifi:Init static rx buffer num: 10
[2026-05-23 21:16:25.227] I (2832) wifi:Init dynamic rx buffer num: 32
[2026-05-23 21:16:25.228] I (2833) wifi_init: rx ba win: 6
[2026-05-23 21:16:25.229] I (2834) wifi_init: accept mbox: 6
[2026-05-23 21:16:25.230] I (2834) wifi_init: tcpip mbox: 32
[2026-05-23 21:16:25.231] I (2834) wifi_init: udp mbox: 6
[2026-05-23 21:16:25.231] I (2834) wifi_init: tcp mbox: 6
[2026-05-23 21:16:25.232] I (2835) wifi_init: tcp tx win: 5760
[2026-05-23 21:16:25.233] I (2835) wifi_init: tcp rx win: 5760
[2026-05-23 21:16:25.234] I (2836) wifi_init: tcp mss: 1440
[2026-05-23 21:16:25.235] I (2836) wifi_init: WiFi IRAM OP enabled
[2026-05-23 21:16:25.236] I (2836) wifi_init: WiFi RX IRAM OP enabled
[2026-05-23 21:16:25.238] I (2837) phy_init: phy_version 1200,2b7123f9,Feb 18 2025,15:22:21
[2026-05-23 21:16:25.239] I (2874) wifi:mode : sta (74:4d:bd:e1:d5:b8)
[2026-05-23 21:16:25.239] I (2874) wifi:enable tsf
[2026-05-23 21:16:25.240] I (2877) ESPNOW: espnow [version: 2.0] init
[2026-05-23 21:16:25.241] WCAN_TEST_READY role=sensor
# Waiting for phased test start
# UART test start sent: WCAN_TEST_START at 2026-05-23T21:16:25.252169
[2026-05-23 21:16:55.598] WCAN_BATCH id=0xe0 count=5999 avg_hz=200.00 avg_points=1.00 min_points=1 max_points=1 avg_interval_ms=5.00 min_interval_ms=4.85 max_interval_ms=5.15 avg_dispatch_ms=2.62 max_dispatch_ms=18.01 dispatched_count=5999 avg_queue_wait_ms=0.08 max_queue_wait_ms=0.26
[2026-05-23 21:16:55.601] WCAN_SENSOR_END generated=5998 avg_hz=199.97
[2026-05-23 21:16:55.616] WCAN_MEASURES elapsed_ms=29999 heap_start_free=97696 heap_end_free=109268 heap_start_min_free=97696 heap_end_min_free=97372 heap_start_largest=77824 heap_end_largest=77824 airtime_us_total=15621036 packets_sent_total=5999 sensor_send_failures_total=0
[2026-05-23 21:16:55.617] WCAN_TEST_END role=sensor

# Monitor stopped: 2026-05-23T21:16:55.618075
