# Monitor started: 2026-04-22T17:55:16.614699
# Port: COM11, Baud: 115200, Duration: 30s

[2026-04-22 17:55:16.615] I (101) esp_image: segment 2: paddr=0002aee4 vaddr=40380000 sizeESP-ROM:esp32c3-api1-20210207
[2026-04-22 17:55:16.615] Build:Feb  7 2021
[2026-04-22 17:55:16.616] rst:0x15 (USB_UART_CHIP_RESET),boot:0xd (SPI_FAST_FLASH_BOOT)
[2026-04-22 17:55:16.616] Saved PC:0x40384ec6
[2026-04-22 17:55:16.616] SPIWP:0xee
[2026-04-22 17:55:16.616] mode:DIO, clock div:1
[2026-04-22 17:55:16.616] load:0x3fcd5820,len:0x1574
[2026-04-22 17:55:16.617] load:0x403cc710,len:0xc30
[2026-04-22 17:55:16.617] load:0x403ce710,len:0x2f64
[2026-04-22 17:55:16.617] entry 0x403cc71a
[2026-04-22 17:55:16.618] I (24) boot: ESP-IDF v5.4.1 2nd stage bootloader
[2026-04-22 17:55:16.628] I (24) boot: compile time Apr 22 2026 16:20:48
[2026-04-22 17:55:16.632] I (24) boot: chip revision: v0.4
[2026-04-22 17:55:16.639] I (25) boot: efuse block revision: v1.3
[2026-04-22 17:55:16.644] I (28) boot.esp32c3: SPI Speed      : 80MHz
[2026-04-22 17:55:16.650] I (32) boot.esp32c3: SPI Mode       : DIO
[2026-04-22 17:55:16.657] I (36) boot.esp32c3: SPI Flash Size : 2MB
[2026-04-22 17:55:16.664] I (39) boot: Enabling RNG early entropy source...
[2026-04-22 17:55:16.669] I (44) boot: Partition Table:
[2026-04-22 17:55:16.675] I (46) boot: ## Label            Usage          Type ST Offset   Length
[2026-04-22 17:55:16.686] I (53) boot:  0 nvs              WiFi data        01 02 00009000 00006000
[2026-04-22 17:55:16.695] I (59) boot:  1 phy_init         RF data          01 01 0000f000 00001000
[2026-04-22 17:55:16.704] I (66) boot:  2 factory          factory app      00 00 00010000 00100000
[2026-04-22 17:55:16.709] I (72) boot: End of partition table
[2026-04-22 17:55:16.721] I (76) esp_image: segment 0: paddr=00010020 vaddr=3c090020 size=18114h ( 98580) map
[2026-04-22 17:55:16.730] I (99) esp_image: segment 1: paddr=0002813c vaddr=3fc94000 size=02da0h ( 11680) load
[2026-04-22 17:55:16.740] I (101) esp_image: segment 2: paddr=0002aee4 vaddr=40380000 size=05134h ( 20788) load
[2026-04-22 17:55:16.749] I (106) esp_image: segment 3: paddr=00030020 vaddr=42000020 size=8eaa8h (584360) map
[2026-04-22 17:55:16.757] I (203) esp_image: segment 4: paddr=000bead0 vaddr=40385134 size=0ede8h ( 60904) load
[2026-04-22 17:55:16.767] I (215) esp_image: segment 5: paddr=000cd8c0 vaddr=50000200 size=0001ch (    28) load
[2026-04-22 17:55:16.775] I (221) boot: Loaded app from partition at offset 0x10000
[2026-04-22 17:55:16.781] I (221) boot: Disabling RNG early entropy source...
[2026-04-22 17:55:16.784] I (232) cpu_start: Unicore app
[2026-04-22 17:55:16.790] I (241) cpu_start: Pro cpu start user code
[2026-04-22 17:55:16.795] I (241) cpu_start: cpu freq: 160000000 Hz
[2026-04-22 17:55:16.801] I (241) app_init: Application information:
[2026-04-22 17:55:16.808] I (241) app_init: Project name:     sensor_acquirer
[2026-04-22 17:55:16.814] I (245) app_init: App version:      e468f2b-dirty
[2026-04-22 17:55:16.821] I (250) app_init: Compile time:     Apr 22 2026 16:19:54
[2026-04-22 17:55:16.826] I (255) app_init: ELF file SHA256:  21c97d479...
[2026-04-22 17:55:16.831] I (259) app_init: ESP-IDF:          v5.4.1
[2026-04-22 17:55:16.836] I (263) efuse_init: Min chip rev:     v0.3
[2026-04-22 17:55:16.841] I (267) efuse_init: Max chip rev:     v1.99
[2026-04-22 17:55:16.846] I (271) efuse_init: Chip rev:         v0.4
[2026-04-22 17:55:16.854] I (275) heap_init: Initializing. RAM available for dynamic allocation:
[2026-04-22 17:55:16.862] I (281) heap_init: At 3FC9B1B0 len 00024E50 (147 KiB): RAM
[2026-04-22 17:55:16.872] I (286) heap_init: At 3FCC0000 len 0001C710 (113 KiB): Retention RAM
[2026-04-22 17:55:16.880] I (292) heap_init: At 3FCDC710 len 00002950 (10 KiB): Retention RAM
[2026-04-22 17:55:16.887] I (298) heap_init: At 5000021C len 00001DCC (7 KiB): RTCRAM
[2026-04-22 17:55:16.893] I (304) spi_flash: detected chip: generic
[2026-04-22 17:55:16.897] I (307) spi_flash: flash io: dio
[2026-04-22 17:55:16.921] W (310) spi_flash: Detected size(4096k) larger than the size in the binary image header(2048k). Using the size in the binary image header.
[2026-04-22 17:55:16.937] I (323) sleep_gpio: Configure to isolate all GPIO pins in sleep state
[2026-04-22 17:55:16.954] I (328) sleep_gpio: Enable automatic switching of GPIO sleep configuration
[2026-04-22 17:55:16.963] I (335) main_task: Started on CPU0
[2026-04-22 17:55:16.972] I (335) main_task: Calling app_main()
[2026-04-22 17:55:16.979] I (335) MAIN: MAC: 54:32:04:8c:0b:8c
[2026-04-22 17:55:16.988] I (345) pp: pp rom version: 9387209
[2026-04-22 17:55:16.996] I (345) net80211: net80211 rom version: 9387209
[2026-04-22 17:55:17.006] I (355) wifi:wifi driver task: 3fca4114, prio:23, stack:6656, core=0
[2026-04-22 17:55:17.013] I (355) wifi:wifi firmware version: 79fa3f41ba
[2026-04-22 17:55:17.019] I (355) wifi:wifi certification version: v7.0
[2026-04-22 17:55:17.024] I (365) wifi:config NVS flash: enabled
[2026-04-22 17:55:17.031] I (365) wifi:config nano formatting: disabled
[2026-04-22 17:55:17.040] I (365) wifi:Init data frame dynamic rx buffer num: 32
[2026-04-22 17:55:17.046] I (375) wifi:Init static rx mgmt buffer num: 5
[2026-04-22 17:55:17.053] I (375) wifi:Init management short buffer num: 32
[2026-04-22 17:55:17.059] I (385) wifi:Init dynamic tx buffer num: 32
[2026-04-22 17:55:17.065] I (385) wifi:Init static tx FG buffer num: 2
[2026-04-22 17:55:17.070] I (395) wifi:Init static rx buffer size: 1600
[2026-04-22 17:55:17.075] I (395) wifi:Init static rx buffer num: 10
[2026-04-22 17:55:17.081] I (395) wifi:Init dynamic rx buffer num: 32
[2026-04-22 17:55:17.086] I (405) wifi_init: rx ba win: 6
[2026-04-22 17:55:17.090] I (405) wifi_init: accept mbox: 6
[2026-04-22 17:55:17.095] I (405) wifi_init: tcpip mbox: 32
[2026-04-22 17:55:17.099] I (415) wifi_init: udp mbox: 6
[2026-04-22 17:55:17.103] I (415) wifi_init: tcp mbox: 6
[2026-04-22 17:55:17.108] I (415) wifi_init: tcp tx win: 5760
[2026-04-22 17:55:17.113] I (415) wifi_init: tcp rx win: 5760
[2026-04-22 17:55:17.117] I (425) wifi_init: tcp mss: 1440
[2026-04-22 17:55:17.122] I (425) wifi_init: WiFi IRAM OP enabled
[2026-04-22 17:55:17.129] I (425) wifi_init: WiFi RX IRAM OP enabled
[2026-04-22 17:55:17.140] I (435) phy_init: phy_version 1200,2b7123f9,Feb 18 2025,15:22:21
[2026-04-22 17:55:17.146] I (475) wifi:mode : softAP (54:32:04:8c:0b:8d)
[2026-04-22 17:55:17.153] I (475) wifi:Total power save buffer number: 16
[2026-04-22 17:55:17.159] I (475) wifi:Init max length of beacon: 752/752
[2026-04-22 17:55:17.165] I (475) wifi:Init max length of beacon: 752/752
[2026-04-22 17:55:17.169] I (485) MAIN: WiFi initialized
[2026-04-22 17:55:17.175] I (485) MAIN: RECEIVER mode — accepting all CAN IDs
[2026-04-22 17:55:17.181] I (485) ESPNOW: espnow [version: 2.0] init
[2026-04-22 17:55:17.188] I (495) SEND: Send processing task started
[2026-04-22 17:55:17.195] I (495) RECV: Receive processing task started
[2026-04-22 17:55:17.198] I (495) WCAN: WCAN initialized
[2026-04-22 17:55:17.204] I (505) main_task: Returned from app_main()
[2026-04-22 17:55:17.208] I (905) USER-RECV: Received [d6d0] len=4 counter=0
[2026-04-22 17:55:17.214] I (915) USER-RECV: Received [5d10] len=4 counter=0
[2026-04-22 17:55:17.219] I (915) USER-RECV: Received [c978] len=4 counter=0
[2026-04-22 17:55:17.824] I (1905) USER-RECV: Received [c978] len=4 counter=1
[2026-04-22 17:55:17.826] I (1905) USER-RECV: Received [5d10] len=4 counter=1
[2026-04-22 17:55:17.826] I (1905) USER-RECV: Received [d6d0] len=4 counter=1
[2026-04-22 17:55:18.823] I (2905) USER-RECV: Received [c978] len=4 counter=2
[2026-04-22 17:55:18.826] I (2905) USER-RECV: Received [5d10] len=4 counter=2
[2026-04-22 17:55:18.826] I (2905) USER-RECV: Received [d6d0] len=4 counter=2
[2026-04-22 17:55:19.824] I (3895) USER-RECV: Received [c978] len=4 counter=3
[2026-04-22 17:55:19.826] I (3905) USER-RECV: Received [5d10] len=4 counter=3
[2026-04-22 17:55:19.827] I (3905) USER-RECV: Received [d6d0] len=4 counter=3
[2026-04-22 17:55:20.824] I (4895) USER-RECV: Received [c978] len=4 counter=4
[2026-04-22 17:55:20.826] I (4905) USER-RECV: Received [5d10] len=4 counter=4
[2026-04-22 17:55:20.828] I (4905) USER-RECV: Received [d6d0] len=4 counter=4
[2026-04-22 17:55:21.819] I (5905) USER-RECV: Received [c978] len=4 counter=5
[2026-04-22 17:55:21.820] I (5905) USER-RECV: Received [5d10] len=4 counter=5
[2026-04-22 17:55:22.023] I (6105) USER-RECV: Received [d6d0] len=4 counter=5
[2026-04-22 17:55:22.824] I (6895) USER-RECV: Received [c978] len=4 counter=6
[2026-04-22 17:55:22.826] I (6905) USER-RECV: Received [5d10] len=4 counter=6
[2026-04-22 17:55:22.826] I (6905) USER-RECV: Received [d6d0] len=4 counter=6
[2026-04-22 17:55:23.824] I (7895) USER-RECV: Received [c978] len=4 counter=7
[2026-04-22 17:55:23.826] I (7905) USER-RECV: Received [5d10] len=4 counter=7
[2026-04-22 17:55:23.826] I (7905) USER-RECV: Received [d6d0] len=4 counter=7
[2026-04-22 17:55:24.820] I (8895) USER-RECV: Received [c978] len=4 counter=8
[2026-04-22 17:55:24.821] I (8905) USER-RECV: Received [5d10] len=4 counter=8
[2026-04-22 17:55:24.822] I (8905) USER-RECV: Received [d6d0] len=4 counter=8
[2026-04-22 17:55:25.823] I (9905) USER-RECV: Received [c978] len=4 counter=9
[2026-04-22 17:55:25.825] I (9905) USER-RECV: Received [5d10] len=4 counter=9
[2026-04-22 17:55:25.827] I (9905) USER-RECV: Received [d6d0] len=4 counter=9
[2026-04-22 17:55:26.825] I (10905) USER-RECV: Received [c978] len=4 counter=10
[2026-04-22 17:55:26.826] I (10905) USER-RECV: Received [5d10] len=4 counter=10
[2026-04-22 17:55:26.828] I (10905) USER-RECV: Received [d6d0] len=4 counter=10
[2026-04-22 17:55:27.824] I (11895) USER-RECV: Received [c978] len=4 counter=11
[2026-04-22 17:55:27.826] I (11905) USER-RECV: Received [5d10] len=4 counter=11
[2026-04-22 17:55:27.828] I (11905) USER-RECV: Received [d6d0] len=4 counter=11
[2026-04-22 17:55:28.824] I (12905) USER-RECV: Received [c978] len=4 counter=12
[2026-04-22 17:55:28.825] I (12905) USER-RECV: Received [5d10] len=4 counter=12
[2026-04-22 17:55:28.826] I (12905) USER-RECV: Received [d6d0] len=4 counter=12
[2026-04-22 17:55:29.824] I (13905) USER-RECV: Received [c978] len=4 counter=13
[2026-04-22 17:55:29.826] I (13905) USER-RECV: Received [5d10] len=4 counter=13
[2026-04-22 17:55:29.827] I (13905) USER-RECV: Received [d6d0] len=4 counter=13
[2026-04-22 17:55:30.821] I (14905) USER-RECV: Received [c978] len=4 counter=14
[2026-04-22 17:55:30.822] I (14905) USER-RECV: Received [5d10] len=4 counter=14
[2026-04-22 17:55:30.824] I (14905) USER-RECV: Received [d6d0] len=4 counter=14
[2026-04-22 17:55:31.824] I (15905) USER-RECV: Received [c978] len=4 counter=15
[2026-04-22 17:55:31.826] I (15905) USER-RECV: Received [5d10] len=4 counter=15
[2026-04-22 17:55:31.826] I (15905) USER-RECV: Received [d6d0] len=4 counter=15
[2026-04-22 17:55:32.826] I (16895) USER-RECV: Received [c978] len=4 counter=16
[2026-04-22 17:55:32.827] I (16905) USER-RECV: Received [5d10] len=4 counter=16
[2026-04-22 17:55:32.828] I (16905) USER-RECV: Received [d6d0] len=4 counter=16
[2026-04-22 17:55:33.824] I (17905) USER-RECV: Received [c978] len=4 counter=17
[2026-04-22 17:55:33.826] I (17905) USER-RECV: Received [5d10] len=4 counter=17
[2026-04-22 17:55:33.826] I (17905) USER-RECV: Received [d6d0] len=4 counter=17
[2026-04-22 17:55:34.825] I (18905) USER-RECV: Received [5d10] len=4 counter=18
[2026-04-22 17:55:34.827] I (18905) USER-RECV: Received [d6d0] len=4 counter=18
[2026-04-22 17:55:35.024] I (19105) USER-RECV: Received [c978] len=4 counter=18
[2026-04-22 17:55:35.824] I (19905) USER-RECV: Received [c978] len=4 counter=19
[2026-04-22 17:55:35.826] I (19905) USER-RECV: Received [5d10] len=4 counter=19
[2026-04-22 17:55:35.826] I (19905) USER-RECV: Received [d6d0] len=4 counter=19
[2026-04-22 17:55:36.825] I (20905) USER-RECV: Received [c978] len=4 counter=20
[2026-04-22 17:55:36.827] I (20905) USER-RECV: Received [5d10] len=4 counter=20
[2026-04-22 17:55:36.828] I (20905) USER-RECV: Received [d6d0] len=4 counter=20
[2026-04-22 17:55:37.824] I (21905) USER-RECV: Received [5d10] len=4 counter=21
[2026-04-22 17:55:37.825] I (21905) USER-RECV: Received [d6d0] len=4 counter=21
[2026-04-22 17:55:38.022] I (22105) USER-RECV: Received [c978] len=4 counter=21
[2026-04-22 17:55:38.825] I (22905) USER-RECV: Received [c978] len=4 counter=22
[2026-04-22 17:55:38.827] I (22905) USER-RECV: Received [5d10] len=4 counter=22
[2026-04-22 17:55:38.829] I (22905) USER-RECV: Received [d6d0] len=4 counter=22
[2026-04-22 17:55:39.825] I (23905) USER-RECV: Received [c978] len=4 counter=23
[2026-04-22 17:55:39.827] I (23905) USER-RECV: Received [5d10] len=4 counter=23
[2026-04-22 17:55:39.827] I (23905) USER-RECV: Received [d6d0] len=4 counter=23
[2026-04-22 17:55:40.825] I (24905) USER-RECV: Received [c978] len=4 counter=24
[2026-04-22 17:55:40.827] I (24905) USER-RECV: Received [5d10] len=4 counter=24
[2026-04-22 17:55:40.827] I (24905) USER-RECV: Received [d6d0] len=4 counter=24
[2026-04-22 17:55:41.824] I (25905) USER-RECV: Received [c978] len=4 counter=25
[2026-04-22 17:55:41.827] I (25905) USER-RECV: Received [5d10] len=4 counter=25
[2026-04-22 17:55:41.827] I (25905) USER-RECV: Received [d6d0] len=4 counter=25
[2026-04-22 17:55:42.825] I (26905) USER-RECV: Received [c978] len=4 counter=26
[2026-04-22 17:55:42.827] I (26905) USER-RECV: Received [5d10] len=4 counter=26
[2026-04-22 17:55:42.827] I (26905) USER-RECV: Received [d6d0] len=4 counter=26
[2026-04-22 17:55:43.825] I (27905) USER-RECV: Received [c978] len=4 counter=27
[2026-04-22 17:55:43.827] I (27905) USER-RECV: Received [5d10] len=4 counter=27
[2026-04-22 17:55:43.827] I (27905) USER-RECV: Received [d6d0] len=4 counter=27
[2026-04-22 17:55:44.826] I (28905) USER-RECV: Received [c978] len=4 counter=28
[2026-04-22 17:55:44.827] I (28905) USER-RECV: Received [5d10] len=4 counter=28
[2026-04-22 17:55:44.828] I (28905) USER-RECV: Received [d6d0] len=4 counter=28
[2026-04-22 17:55:45.825] I (29905) USER-RECV: Received [c978] len=4 counter=29
[2026-04-22 17:55:45.826] I (29905) USER-RECV: Received [5d10] len=4 counter=29
[2026-04-22 17:55:45.827] I (29905) USER-RECV: Received [d6d0] len=4 counter=29
[2026-04-22 17:55:46.825] I (30905) USER-RECV: Received [c978] len=4 counter=30

# Monitor stopped: 2026-04-22T17:55:46.825526
