# Monitor started: 2026-05-23T15:21:29.512892
# Port: /dev/ttyACM0, Baud: 921600, Timeout: 35.000s after WCAN_TEST_START

# UART boot config: wcan v=1 role=sensor transport=BROADCAST test_duration_ms=30000 host_wait_time_ms=5000 base=0xd0 count=1 hz=750 linger=100
[2026-05-23 15:21:29.526] ESP-ROM:esp32c3-api1-20210207
[2026-05-23 15:21:29.531] Build:Feb  7 2021
[2026-05-23 15:21:29.550] rst:0x15 (USB_UART_CHIP_RESET),boot:0xd (SPI_FAST_FLASH_BOOT)
[2026-05-23 15:21:29.556] Saved PC:0x40384eba
[2026-05-23 15:21:29.560] SPIWP:0xee
[2026-05-23 15:21:29.568] mode:DIO, clock div:1
[2026-05-23 15:21:29.572] load:0x3fcd5820,len:0x1574
[2026-05-23 15:21:29.574] load:0x403cc710,len:0xc30
[2026-05-23 15:21:29.577] load:0x403ce710,len:0x2fa0
[2026-05-23 15:21:29.578] entry 0x403cc71a
[2026-05-23 15:21:29.580] I (24) boot: ESP-IDF v5.4.1 2nd stage bootloader
[2026-05-23 15:21:29.582] I (24) boot: compile time May 20 2026 00:05:32
[2026-05-23 15:21:29.584] I (25) boot: chip revision: v0.4
[2026-05-23 15:21:29.586] I (25) boot: efuse block revision: v1.3
[2026-05-23 15:21:29.589] I (25) boot.esp32c3: SPI Speed      : 80MHz
[2026-05-23 15:21:29.590] I (25) boot.esp32c3: SPI Mode       : DIO
[2026-05-23 15:21:29.592] I (26) boot.esp32c3: SPI Flash Size : 2MB
[2026-05-23 15:21:29.594] I (26) boot: Enabling RNG early entropy source...
[2026-05-23 15:21:29.596] I (27) boot: Partition Table:
[2026-05-23 15:21:29.598] I (27) boot: ## Label            Usage          Type ST Offset   Length
[2026-05-23 15:21:29.601] I (28) boot:  0 nvs              WiFi data        01 02 00009000 00006000
[2026-05-23 15:21:29.609] I (29) boot:  1 phy_init         RF data          01 01 0000f000 00001000
[2026-05-23 15:21:29.613] I (29) boot:  2 factory          factory app      00 00 00010000 00100000
[2026-05-23 15:21:29.618] I (30) boot: End of partition table
[2026-05-23 15:21:29.619] I (31) esp_image: segment 0: paddr=00010020 vaddr=3c0a0020 size=1977ch (104316) map
[2026-05-23 15:21:29.622] I (48) esp_image: segment 1: paddr=000297a4 vaddr=3fc95200 size=02da0h ( 11680) load
[2026-05-23 15:21:29.624] I (51) esp_image: segment 2: paddr=0002c54c vaddr=40380000 size=03acch ( 15052) load
[2026-05-23 15:21:29.625] I (54) esp_image: segment 3: paddr=00030020 vaddr=42000020 size=9942ch (627756) map
[2026-05-23 15:21:29.627] I (154) esp_image: segment 4: paddr=000c9454 vaddr=40383acc size=11614h ( 71188) load
[2026-05-23 15:21:29.631] I (168) esp_image: segment 5: paddr=000daa70 vaddr=50000200 size=0001ch (    28) load
[2026-05-23 15:21:29.645] I (175) boot: Loaded app from partition at offset 0x10000
[2026-05-23 15:21:29.651] I (175) boot: Disabling RNG early entropy source...
[2026-05-23 15:21:29.653] I (176) cpu_start: Unicore app
[2026-05-23 15:21:29.654] I (185) cpu_start: Pro cpu start user code
[2026-05-23 15:21:29.656] I (185) cpu_start: cpu freq: 160000000 Hz
[2026-05-23 15:21:29.657] I (185) app_init: Application information:
[2026-05-23 15:21:29.659] I (185) app_init: Project name:     sensor_acquirer
[2026-05-23 15:21:29.662] I (185) app_init: App version:      v1.0-171-gbbe0783
[2026-05-23 15:21:29.665] I (186) app_init: Compile time:     May 23 2026 14:30:31
[2026-05-23 15:21:29.667] I (187) app_init: ELF file SHA256:  493679023...
[2026-05-23 15:21:29.668] I (187) app_init: ESP-IDF:          v5.4.1
[2026-05-23 15:21:29.672] I (188) efuse_init: Min chip rev:     v0.3
[2026-05-23 15:21:29.673] I (188) efuse_init: Max chip rev:     v1.99
[2026-05-23 15:21:29.674] I (189) efuse_init: Chip rev:         v0.4
[2026-05-23 15:21:29.677] I (189) heap_init: Initializing. RAM available for dynamic allocation:
[2026-05-23 15:21:29.681] I (190) heap_init: At 3FC9C340 len 00023CC0 (143 KiB): RAM
[2026-05-23 15:21:29.682] I (190) heap_init: At 3FCC0000 len 0001C710 (113 KiB): Retention RAM
[2026-05-23 15:21:29.683] I (191) heap_init: At 3FCDC710 len 00002950 (10 KiB): Retention RAM
[2026-05-23 15:21:29.685] I (192) heap_init: At 5000021C len 00001DCC (7 KiB): RTCRAM
[2026-05-23 15:21:29.686] I (194) spi_flash: detected chip: generic
[2026-05-23 15:21:29.687] I (194) spi_flash: flash io: dio
[2026-05-23 15:21:29.690] W (194) spi_flash: Detected size(4096k) larger than the size in the binary image header(2048k). Using the size in the binary image header.
[2026-05-23 15:21:29.692] I (196) sleep_gpio: Configure to isolate all GPIO pins in sleep state
[2026-05-23 15:21:29.700] I (196) sleep_gpio: Enable automatic switching of GPIO sleep configuration
[2026-05-23 15:21:29.702] I (197) main_task: Started on CPU0
[2026-05-23 15:21:29.706] I (197) main_task: Calling app_main()
[2026-05-23 15:21:29.707] WCAN_CFG_WAIT v=1
# UART boot config sent: wcan v=1 role=sensor transport=BROADCAST test_duration_ms=30000 host_wait_time_ms=5000 base=0xd0 count=1 hz=750 linger=100
[2026-05-23 15:21:29.710] WCAN_CFG_WAIT v=1
[2026-05-23 15:21:32.147] WCAN_CFG_ACK
[2026-05-23 15:21:32.147] WCAN_CFG_ACK
[2026-05-23 15:21:32.152] I (2838) pp: pp rom version: 9387209
[2026-05-23 15:21:32.153] I (2839) net80211: net80211 rom version: 9387209
[2026-05-23 15:21:32.154] I (2840) wifi:wifi driver task: 3fca77a4, prio:23, stack:6656, core=0
[2026-05-23 15:21:32.158] I (2844) wifi:wifi firmware version: 79fa3f41ba
[2026-05-23 15:21:32.159] I (2844) wifi:wifi certification version: v7.0
[2026-05-23 15:21:32.160] I (2844) wifi:config NVS flash: enabled
[2026-05-23 15:21:32.161] I (2844) wifi:config nano formatting: disabled
[2026-05-23 15:21:32.162] I (2845) wifi:Init data frame dynamic rx buffer num: 32
[2026-05-23 15:21:32.163] I (2845) wifi:Init static rx mgmt buffer num: 5
[2026-05-23 15:21:32.164] I (2846) wifi:Init management short buffer num: 32
[2026-05-23 15:21:32.165] I (2846) wifi:Init dynamic tx buffer num: 32
[2026-05-23 15:21:32.166] I (2847) wifi:Init static tx FG buffer num: 2
[2026-05-23 15:21:32.167] I (2847) wifi:Init static rx buffer size: 1600
[2026-05-23 15:21:32.168] I (2848) wifi:Init static rx buffer num: 10
[2026-05-23 15:21:32.169] I (2848) wifi:Init dynamic rx buffer num: 32
[2026-05-23 15:21:32.169] I (2849) wifi_init: rx ba win: 6
[2026-05-23 15:21:32.170] I (2850) wifi_init: accept mbox: 6
[2026-05-23 15:21:32.171] I (2850) wifi_init: tcpip mbox: 32
[2026-05-23 15:21:32.174] I (2850) wifi_init: udp mbox: 6
[2026-05-23 15:21:32.175] I (2850) wifi_init: tcp mbox: 6
[2026-05-23 15:21:32.176] I (2851) wifi_init: tcp tx win: 5760
[2026-05-23 15:21:32.179] I (2851) wifi_init: tcp rx win: 5760
[2026-05-23 15:21:32.183] I (2852) wifi_init: tcp mss: 1440
[2026-05-23 15:21:32.187] I (2852) wifi_init: WiFi IRAM OP enabled
[2026-05-23 15:21:32.190] I (2852) wifi_init: WiFi RX IRAM OP enabled
[2026-05-23 15:21:32.193] I (2853) phy_init: phy_version 1200,2b7123f9,Feb 18 2025,15:22:21
[2026-05-23 15:21:32.202] I (2887) wifi:mode : sta (54:32:04:8c:0b:8c)
[2026-05-23 15:21:32.202] I (2887) wifi:enable tsf
[2026-05-23 15:21:32.205] I (2890) ESPNOW: espnow [version: 2.0] init
[2026-05-23 15:21:32.206] WCAN_TEST_READY role=sensor
# Waiting for phased test start
# UART test start sent: WCAN_TEST_START at 2026-05-23T15:21:32.242604
[2026-05-23 15:21:35.172] P(FAIL):5661:d0:21:1596:1671:76
[2026-05-23 15:21:35.726] P(FAIL):6216:d0:27:2052:2127:76
[2026-05-23 15:21:36.137] P(FAIL):6626:d0:31:2356:2431:76
[2026-05-23 15:21:37.129] P(FAIL):7619:d0:40:3040:3115:76
[2026-05-23 15:21:38.915] P(FAIL):9405:d0:58:4408:4483:76
[2026-05-23 15:21:39.655] P(FAIL):10145:d0:66:5016:5091:76
[2026-05-23 15:21:41.995] P(FAIL):12484:d0:89:6764:6839:76
[2026-05-23 15:21:43.635] P(FAIL):14124:d0:105:7980:8055:76
[2026-05-23 15:21:44.055] P(FAIL):14544:d0:109:8284:8359:76
[2026-05-23 15:21:46.973] P(FAIL):17462:d0:138:10488:10563:76
[2026-05-23 15:21:48.451] P(FAIL):18941:d0:152:11552:11627:76
[2026-05-23 15:21:48.843] P(FAIL):19332:d0:153:11628:11703:76
[2026-05-23 15:21:49.137] P(FAIL):19626:d0:154:11704:11779:76
[2026-05-23 15:21:49.532] P(FAIL):20021:d0:160:12160:12235:76
[2026-05-23 15:21:54.766] P(FAIL):25256:d0:215:16340:16415:76
[2026-05-23 15:21:59.640] P(FAIL):30129:d0:263:19988:20063:76
[2026-05-23 15:22:00.266] P(FAIL):30755:d0:269:20444:20519:76
[2026-05-23 15:22:01.211] P(FAIL):31700:d0:278:21128:21203:76
[2026-05-23 15:22:01.566] P(FAIL):32055:d0:281:21356:21431:76
[2026-05-23 15:22:02.789] P(FAIL):33278:d0:293:22268:22343:76
[2026-05-23 15:22:03.546] WCAN_BATCH id=0xd0 count=297 avg_hz=9.87 avg_points=75.77 min_points=9 max_points=76 avg_interval_ms=101.31 min_interval_ms=101.19 max_interval_ms=101.44 avg_dispatch_ms=3.93 max_dispatch_ms=10.78 dispatched_count=354 avg_queue_wait_ms=81.45 max_queue_wait_ms=818.01
[2026-05-23 15:22:03.546] WCAN_SENSOR_END generated=22504 avg_hz=750.19
[2026-05-23 15:22:03.548] WCAN_MEASURES elapsed_ms=29999 heap_start_free=126648 heap_end_free=141436 heap_start_min_free=126324 heap_end_min_free=125760 heap_start_largest=98304 heap_end_largest=98304 airtime_us_total=1386506 packets_sent_total=354 sensor_send_failures_total=0
[2026-05-23 15:22:03.549] WCAN_TEST_END role=sensor

# Monitor stopped: 2026-05-23T15:22:03.549178
