# Monitor started: 2026-05-23T15:21:29.513441
# Port: /dev/ttyACM1, Baud: 921600, Timeout: 35.000s after WCAN_TEST_START

# UART boot config: wcan v=1 role=sensor transport=BROADCAST test_duration_ms=30000 host_wait_time_ms=5000 base=0xe0 count=1 hz=750 linger=100
[2026-05-23 15:21:29.525] ESP-ROM:esp32c3-api1-20210207
[2026-05-23 15:21:29.537] Build:Feb  7 2021
[2026-05-23 15:21:29.559] rst:0x15 (USB_UART_CHIP_RESET),boot:0xd (SPI_FAST_FLASH_BOOT)
[2026-05-23 15:21:29.566] Saved PC:0x40384eba
[2026-05-23 15:21:29.568] SPIWP:0xee
[2026-05-23 15:21:29.571] mode:DIO, clock div:1
[2026-05-23 15:21:29.574] load:0x3fcd5820,len:0x1574
[2026-05-23 15:21:29.576] load:0x403cc710,len:0xc30
[2026-05-23 15:21:29.578] load:0x403ce710,len:0x2fa0
[2026-05-23 15:21:29.579] entry 0x403cc71a
[2026-05-23 15:21:29.582] I (24) boot: ESP-IDF v5.4.1 2nd stage bootloader
[2026-05-23 15:21:29.583] I (24) boot: compile time May 20 2026 00:05:32
[2026-05-23 15:21:29.585] I (25) boot: chip revision: v0.4
[2026-05-23 15:21:29.587] I (25) boot: efuse block revision: v1.3
[2026-05-23 15:21:29.588] I (25) boot.esp32c3: SPI Speed      : 80MHz
[2026-05-23 15:21:29.590] I (25) boot.esp32c3: SPI Mode       : DIO
[2026-05-23 15:21:29.592] I (26) boot.esp32c3: SPI Flash Size : 2MB
[2026-05-23 15:21:29.594] I (26) boot: Enabling RNG early entropy source...
[2026-05-23 15:21:29.597] I (27) boot: Partition Table:
[2026-05-23 15:21:29.600] I (27) boot: ## Label            Usage          Type ST Offset   Length
[2026-05-23 15:21:29.610] I (28) boot:  0 nvs              WiFi data        01 02 00009000 00006000
[2026-05-23 15:21:29.615] I (29) boot:  1 phy_init         RF data          01 01 0000f000 00001000
[2026-05-23 15:21:29.616] I (29) boot:  2 factory          factory app      00 00 00010000 00100000
[2026-05-23 15:21:29.617] I (30) boot: End of partition table
[2026-05-23 15:21:29.619] I (31) esp_image: segment 0: paddr=00010020 vaddr=3c0a0020 size=1977ch (104316) map
[2026-05-23 15:21:29.622] I (48) esp_image: segment 1: paddr=000297a4 vaddr=3fc95200 size=02da0h ( 11680) load
[2026-05-23 15:21:29.626] I (51) esp_image: segment 2: paddr=0002c54c vaddr=40380000 size=03acch ( 15052) load
[2026-05-23 15:21:29.631] I (54) esp_image: segment 3: paddr=00030020 vaddr=42000020 size=9942ch (627756) map
[2026-05-23 15:21:29.638] I (154) esp_image: segment 4: paddr=000c9454 vaddr=40383acc size=11614h ( 71188) load
[2026-05-23 15:21:29.652] I (168) esp_image: segment 5: paddr=000daa70 vaddr=50000200 size=0001ch (    28) load
[2026-05-23 15:21:29.662] I (175) boot: Loaded app from partition at offset 0x10000
[2026-05-23 15:21:29.664] I (175) boot: Disabling RNG early entropy source...
[2026-05-23 15:21:29.666] I (176) cpu_start: Unicore app
[2026-05-23 15:21:29.669] I (185) cpu_start: Pro cpu start user code
[2026-05-23 15:21:29.671] I (185) cpu_start: cpu freq: 160000000 Hz
[2026-05-23 15:21:29.675] I (185) app_init: Application information:
[2026-05-23 15:21:29.677] I (185) app_init: Project name:     sensor_acquirer
[2026-05-23 15:21:29.678] I (185) app_init: App version:      v1.0-171-gbbe0783
[2026-05-23 15:21:29.680] I (186) app_init: Compile time:     May 23 2026 14:30:31
[2026-05-23 15:21:29.681] I (187) app_init: ELF file SHA256:  493679023...
[2026-05-23 15:21:29.686] I (187) app_init: ESP-IDF:          v5.4.1
[2026-05-23 15:21:29.688] I (188) efuse_init: Min chip rev:     v0.3
[2026-05-23 15:21:29.690] I (188) efuse_init: Max chip rev:     v1.99
[2026-05-23 15:21:29.694] I (189) efuse_init: Chip rev:         v0.4
[2026-05-23 15:21:29.697] I (189) heap_init: Initializing. RAM available for dynamic allocation:
[2026-05-23 15:21:29.698] I (190) heap_init: At 3FC9C340 len 00023CC0 (143 KiB): RAM
[2026-05-23 15:21:29.700] I (191) heap_init: At 3FCC0000 len 0001C710 (113 KiB): Retention RAM
[2026-05-23 15:21:29.701] I (191) heap_init: At 3FCDC710 len 00002950 (10 KiB): Retention RAM
[2026-05-23 15:21:29.704] I (192) heap_init: At 5000021C len 00001DCC (7 KiB): RTCRAM
[2026-05-23 15:21:29.707] I (194) spi_flash: detected chip: generic
[2026-05-23 15:21:29.708] I (194) spi_flash: flash io: dio
[2026-05-23 15:21:29.718] W (194) spi_flash: Detected size(4096k) larger than the size in the binary image header(2048k). Using the size in the binary image header.
[2026-05-23 15:21:29.721] I (196) sleep_gpio: Configure to isolate all GPIO pins in sleep state
[2026-05-23 15:21:29.723] I (196) sleep_gpio: Enable automatic switching of GPIO sleep configuration
[2026-05-23 15:21:29.723] I (197) main_task: Started on CPU0
[2026-05-23 15:21:29.724] I (197) main_task: Calling app_main()
[2026-05-23 15:21:29.724] WCAN_CFG_WAIT v=1
# UART boot config sent: wcan v=1 role=sensor transport=BROADCAST test_duration_ms=30000 host_wait_time_ms=5000 base=0xe0 count=1 hz=750 linger=100
[2026-05-23 15:21:29.725] WCAN_CFG_WAIT v=1
[2026-05-23 15:21:32.172] WCAN_CFG_ACK
[2026-05-23 15:21:32.173] WCAN_CFG_ACK
[2026-05-23 15:21:32.178] I (2862) pp: pp rom version: 9387209
[2026-05-23 15:21:32.183] I (2863) net80211: net80211 rom version: 9387209
[2026-05-23 15:21:32.189] I (2864) wifi:wifi driver task: 3fca7720, prio:23, stack:6656, core=0
[2026-05-23 15:21:32.193] I (2868) wifi:wifi firmware version: 79fa3f41ba
[2026-05-23 15:21:32.194] I (2868) wifi:wifi certification version: v7.0
[2026-05-23 15:21:32.194] I (2868) wifi:config NVS flash: enabled
[2026-05-23 15:21:32.195] I (2868) wifi:config nano formatting: disabled
[2026-05-23 15:21:32.195] I (2869) wifi:Init data frame dynamic rx buffer num: 32
[2026-05-23 15:21:32.196] I (2869) wifi:Init static rx mgmt buffer num: 5
[2026-05-23 15:21:32.196] I (2870) wifi:Init management short buffer num: 32
[2026-05-23 15:21:32.197] I (2870) wifi:Init dynamic tx buffer num: 32
[2026-05-23 15:21:32.197] I (2871) wifi:Init static tx FG buffer num: 2
[2026-05-23 15:21:32.198] I (2871) wifi:Init static rx buffer size: 1600
[2026-05-23 15:21:32.198] I (2872) wifi:Init static rx buffer num: 10
[2026-05-23 15:21:32.199] I (2872) wifi:Init dynamic rx buffer num: 32
[2026-05-23 15:21:32.199] I (2873) wifi_init: rx ba win: 6
[2026-05-23 15:21:32.199] I (2874) wifi_init: accept mbox: 6
[2026-05-23 15:21:32.200] I (2874) wifi_init: tcpip mbox: 32
[2026-05-23 15:21:32.201] I (2874) wifi_init: udp mbox: 6
[2026-05-23 15:21:32.202] I (2874) wifi_init: tcp mbox: 6
[2026-05-23 15:21:32.203] I (2875) wifi_init: tcp tx win: 5760
[2026-05-23 15:21:32.204] I (2875) wifi_init: tcp rx win: 5760
[2026-05-23 15:21:32.205] I (2876) wifi_init: tcp mss: 1440
[2026-05-23 15:21:32.207] I (2876) wifi_init: WiFi IRAM OP enabled
[2026-05-23 15:21:32.207] I (2876) wifi_init: WiFi RX IRAM OP enabled
[2026-05-23 15:21:32.208] I (2877) phy_init: phy_version 1200,2b7123f9,Feb 18 2025,15:22:21
[2026-05-23 15:21:32.226] I (2912) wifi:mode : sta (74:4d:bd:e1:d5:b8)
[2026-05-23 15:21:32.226] I (2913) wifi:enable tsf
[2026-05-23 15:21:32.230] I (2916) ESPNOW: espnow [version: 2.0] init
[2026-05-23 15:21:32.231] WCAN_TEST_READY role=sensor
# Waiting for phased test start
# UART test start sent: WCAN_TEST_START at 2026-05-23T15:21:32.242654
[2026-05-23 15:21:33.051] P(FAIL):3541:e0:0:0:75:76
[2026-05-23 15:21:33.370] P(FAIL):3860:e0:1:76:151:76
[2026-05-23 15:21:33.834] P(FAIL):4323:e0:8:608:683:76
[2026-05-23 15:21:34.269] P(FAIL):4759:e0:12:912:987:76
[2026-05-23 15:21:35.363] P(FAIL):5853:e0:23:1748:1823:76
[2026-05-23 15:21:35.777] P(FAIL):6266:e0:27:2052:2127:76
[2026-05-23 15:21:36.215] P(FAIL):6704:e0:30:2280:2355:76
[2026-05-23 15:21:36.647] P(FAIL):7136:e0:36:2736:2811:76
[2026-05-23 15:21:37.177] P(FAIL):7667:e0:41:3116:3191:76
[2026-05-23 15:21:37.587] P(FAIL):8076:e0:45:3420:3495:76
[2026-05-23 15:21:38.164] P(FAIL):8653:e0:51:3876:3951:76
[2026-05-23 15:21:38.555] P(FAIL):9044:e0:55:4180:4255:76
[2026-05-23 15:21:38.971] P(FAIL):9460:e0:59:4484:4559:76
[2026-05-23 15:21:39.590] P(FAIL):10079:e0:65:4940:5015:76
[2026-05-23 15:21:39.988] P(FAIL):10478:e0:69:5244:5319:76
[2026-05-23 15:21:40.398] P(FAIL):10888:e0:73:5548:5623:76
[2026-05-23 15:21:40.805] P(FAIL):11294:e0:77:5852:5927:76
[2026-05-23 15:21:41.226] P(FAIL):11715:e0:81:6156:6231:76
[2026-05-23 15:21:41.659] P(FAIL):12148:e0:85:6460:6535:76
[2026-05-23 15:21:42.025] P(FAIL):12514:e0:87:6612:6687:76
[2026-05-23 15:21:42.884] P(FAIL):13371:e0:97:7372:7447:76
[2026-05-23 15:21:43.280] P(FAIL):13769:e0:99:7524:7599:76
[2026-05-23 15:21:43.666] P(FAIL):14155:e0:101:7676:7751:76
[2026-05-23 15:21:44.116] P(FAIL):14605:e0:106:8056:8131:76
[2026-05-23 15:21:44.541] P(FAIL):15031:e0:114:8664:8739:76
[2026-05-23 15:21:44.970] P(FAIL):15459:e0:118:8968:9043:76
[2026-05-23 15:21:45.379] P(FAIL):15869:e0:122:9272:9347:76
[2026-05-23 15:21:45.699] P(FAIL):16189:e0:126:9576:9651:76
[2026-05-23 15:21:46.179] P(FAIL):16668:e0:130:9880:9955:76
[2026-05-23 15:21:46.617] P(FAIL):17106:e0:134:10184:10259:76
[2026-05-23 15:21:47.100] P(FAIL):17589:e0:140:10640:10715:76
[2026-05-23 15:21:47.576] P(FAIL):18065:e0:144:10944:11019:76
[2026-05-23 15:21:48.037] P(FAIL):18526:e0:148:11248:11323:76
[2026-05-23 15:21:48.445] P(FAIL):18935:e0:151:11476:11551:76
[2026-05-23 15:21:48.801] P(FAIL):19290:e0:154:11704:11779:76
[2026-05-23 15:21:49.061] P(FAIL):19550:e0:155:11780:11855:76
[2026-05-23 15:21:49.482] P(FAIL):19971:e0:163:12388:12463:76
[2026-05-23 15:21:49.917] P(FAIL):20407:e0:167:12692:12767:76
[2026-05-23 15:21:50.287] P(FAIL):20776:e0:171:12996:13071:76
[2026-05-23 15:21:50.690] P(FAIL):21179:e0:175:13300:13375:76
[2026-05-23 15:21:51.217] P(FAIL):21706:e0:180:13680:13755:76
[2026-05-23 15:21:51.630] P(FAIL):22119:e0:184:13984:14059:76
[2026-05-23 15:21:52.045] P(FAIL):22534:e0:188:14288:14363:76
[2026-05-23 15:21:52.451] P(FAIL):22941:e0:192:14592:14667:76
[2026-05-23 15:21:52.840] P(FAIL):23330:e0:196:14896:14971:76
[2026-05-23 15:21:53.485] P(FAIL):23974:e0:202:15352:15427:76
[2026-05-23 15:21:53.825] P(FAIL):24315:e0:206:15656:15731:76
[2026-05-23 15:21:54.173] P(FAIL):24662:e0:207:15732:15807:76
[2026-05-23 15:21:54.809] P(FAIL):25298:e0:215:16340:16415:76
[2026-05-23 15:21:55.161] P(FAIL):25650:e0:219:16644:16719:76
[2026-05-23 15:21:55.913] P(FAIL):26402:e0:226:17176:17251:76
[2026-05-23 15:21:56.526] P(FAIL):27015:e0:232:17632:17707:76
[2026-05-23 15:21:56.930] P(FAIL):27419:e0:236:17936:18011:76
[2026-05-23 15:21:57.406] P(FAIL):27896:e0:240:18240:18315:76
[2026-05-23 15:21:57.893] P(FAIL):28383:e0:245:18620:18695:76
[2026-05-23 15:21:58.303] P(FAIL):28792:e0:250:19000:19075:76
[2026-05-23 15:21:58.756] P(FAIL):29245:e0:254:19304:19379:76
[2026-05-23 15:21:59.150] P(FAIL):29639:e0:258:19608:19683:76
[2026-05-23 15:21:59.543] P(FAIL):30033:e0:262:19912:19987:76
[2026-05-23 15:21:59.895] P(FAIL):30384:e0:266:20216:20291:76
[2026-05-23 15:22:00.338] P(FAIL):30827:e0:269:20444:20519:76
[2026-05-23 15:22:00.773] P(FAIL):31263:e0:274:20824:20899:76
[2026-05-23 15:22:01.532] P(FAIL):32021:e0:281:21356:21431:76
[2026-05-23 15:22:02.175] P(FAIL):32664:e0:288:21888:21963:76
[2026-05-23 15:22:02.628] P(FAIL):33117:e0:292:22192:22267:76
[2026-05-23 15:22:03.428] P(FAIL):33917:e0:293:22268:22343:76
[2026-05-23 15:22:03.553] WCAN_BATCH id=0xe0 count=297 avg_hz=9.87 avg_points=75.77 min_points=9 max_points=76 avg_interval_ms=101.31 min_interval_ms=101.14 max_interval_ms=101.47 avg_dispatch_ms=4.00 max_dispatch_ms=11.69 dispatched_count=494 avg_queue_wait_ms=169.80 max_queue_wait_ms=718.33
[2026-05-23 15:22:03.554] WCAN_SENSOR_END generated=22504 avg_hz=750.19
[2026-05-23 15:22:03.556] WCAN_MEASURES elapsed_ms=29999 heap_start_free=126780 heap_end_free=141412 heap_start_min_free=126456 heap_end_min_free=125892 heap_start_largest=98304 heap_end_largest=98304 airtime_us_total=1972277 packets_sent_total=494 sensor_send_failures_total=0
[2026-05-23 15:22:03.556] WCAN_TEST_END role=sensor

# Monitor stopped: 2026-05-23T15:22:03.557009
