# Monitor started: 2026-05-23T22:12:50.832203
# Port: /dev/ttyACM1, Baud: 921600, Timeout: 35.000s after WCAN_TEST_START

# UART boot config: wcan v=1 role=idle transport=MULTICAST test_duration_ms=30000 host_wait_time_ms=5000
[2026-05-23 22:12:50.846] ESP-ROM:esp32c3-api1-20210207
[2026-05-23 22:12:50.853] Build:Feb  7 2021
[2026-05-23 22:12:50.870] rst:0x15 (USB_UART_CHIP_RESET),boot:0xd (SPI_FAST_FLASH_BOOT)
[2026-05-23 22:12:50.872] Saved PC:0x40384eba
[2026-05-23 22:12:50.873] SPIWP:0xee
[2026-05-23 22:12:50.875] mode:DIO, clock div:1
[2026-05-23 22:12:50.879] load:0x3fcd5820,len:0x1574
[2026-05-23 22:12:50.881] load:0x403cc710,len:0xc30
[2026-05-23 22:12:50.882] load:0x403ce710,len:0x2fa0
[2026-05-23 22:12:50.883] entry 0x403cc71a
[2026-05-23 22:12:50.885] I (24) boot: ESP-IDF v5.4.1 2nd stage bootloader
[2026-05-23 22:12:50.887] I (24) boot: compile time May 19 2026 23:41:33
[2026-05-23 22:12:50.888] I (25) boot: chip revision: v0.4
[2026-05-23 22:12:50.901] I (25) boot: efuse block revision: v1.3
[2026-05-23 22:12:50.904] I (25) boot.esp32c3: SPI Speed      : 80MHz
[2026-05-23 22:12:50.910] I (25) boot.esp32c3: SPI Mode       : DIO
[2026-05-23 22:12:50.916] I (26) boot.esp32c3: SPI Flash Size : 2MB
[2026-05-23 22:12:50.920] I (26) boot: Enabling RNG early entropy source...
[2026-05-23 22:12:50.922] I (27) boot: Partition Table:
[2026-05-23 22:12:50.924] I (27) boot: ## Label            Usage          Type ST Offset   Length
[2026-05-23 22:12:50.926] I (28) boot:  0 nvs              WiFi data        01 02 00009000 00006000
[2026-05-23 22:12:50.933] I (29) boot:  1 phy_init         RF data          01 01 0000f000 00001000
[2026-05-23 22:12:50.940] I (29) boot:  2 factory          factory app      00 00 00010000 00100000
[2026-05-23 22:12:50.942] I (30) boot: End of partition table
[2026-05-23 22:12:50.945] I (31) esp_image: segment 0: paddr=00010020 vaddr=3c0a0020 size=19850h (104528) map
[2026-05-23 22:12:50.951] I (48) esp_image: segment 1: paddr=00029878 vaddr=3fc95000 size=02da0h ( 11680) load
[2026-05-23 22:12:50.955] I (51) esp_image: segment 2: paddr=0002c620 vaddr=40380000 size=039f8h ( 14840) load
[2026-05-23 22:12:50.958] I (54) esp_image: segment 3: paddr=00030020 vaddr=42000020 size=990b4h (626868) map
[2026-05-23 22:12:50.961] I (154) esp_image: segment 4: paddr=000c90dc vaddr=403839f8 size=114f8h ( 70904) load
[2026-05-23 22:12:50.963] I (168) esp_image: segment 5: paddr=000da5dc vaddr=50000200 size=0001ch (    28) load
[2026-05-23 22:12:50.965] I (174) boot: Loaded app from partition at offset 0x10000
[2026-05-23 22:12:50.967] I (175) boot: Disabling RNG early entropy source...
[2026-05-23 22:12:50.972] I (176) cpu_start: Unicore app
[2026-05-23 22:12:50.974] I (185) cpu_start: Pro cpu start user code
[2026-05-23 22:12:50.975] I (185) cpu_start: cpu freq: 160000000 Hz
[2026-05-23 22:12:50.978] I (185) app_init: Application information:
[2026-05-23 22:12:50.979] I (185) app_init: Project name:     sensor_acquirer
[2026-05-23 22:12:50.990] I (185) app_init: App version:      v1.0-171-gbbe0783
[2026-05-23 22:12:50.996] I (186) app_init: Compile time:     May 23 2026 14:30:40
[2026-05-23 22:12:51.002] I (186) app_init: ELF file SHA256:  0e7d705e7...
[2026-05-23 22:12:51.009] I (187) app_init: ESP-IDF:          v5.4.1
[2026-05-23 22:12:51.011] I (187) efuse_init: Min chip rev:     v0.3
[2026-05-23 22:12:51.011] I (188) efuse_init: Max chip rev:     v1.99
[2026-05-23 22:12:51.012] I (188) efuse_init: Chip rev:         v0.4
[2026-05-23 22:12:51.013] I (189) heap_init: Initializing. RAM available for dynamic allocation:
[2026-05-23 22:12:51.014] I (190) heap_init: At 3FC9C130 len 00023ED0 (143 KiB): RAM
[2026-05-23 22:12:51.016] I (190) heap_init: At 3FCC0000 len 0001C710 (113 KiB): Retention RAM
[2026-05-23 22:12:51.017] I (191) heap_init: At 3FCDC710 len 00002950 (10 KiB): Retention RAM
[2026-05-23 22:12:51.018] I (192) heap_init: At 5000021C len 00001DCC (7 KiB): RTCRAM
[2026-05-23 22:12:51.018] I (193) spi_flash: detected chip: generic
[2026-05-23 22:12:51.019] I (194) spi_flash: flash io: dio
[2026-05-23 22:12:51.021] W (194) spi_flash: Detected size(4096k) larger than the size in the binary image header(2048k). Using the size in the binary image header.
[2026-05-23 22:12:51.022] I (195) sleep_gpio: Configure to isolate all GPIO pins in sleep state
[2026-05-23 22:12:51.024] I (196) sleep_gpio: Enable automatic switching of GPIO sleep configuration
[2026-05-23 22:12:51.024] I (197) main_task: Started on CPU0
[2026-05-23 22:12:51.025] I (197) main_task: Calling app_main()
[2026-05-23 22:12:51.026] WCAN_CFG_WAIT v=1
# UART boot config sent: wcan v=1 role=idle transport=MULTICAST test_duration_ms=30000 host_wait_time_ms=5000
[2026-05-23 22:12:51.026] WCAN_CFG_WAIT v=1
[2026-05-23 22:12:52.706] WCAN_CFG_ACK
[2026-05-23 22:12:52.707] WCAN_CFG_ACK
[2026-05-23 22:12:52.708] WCAN_TEST_READY role=idle
# Waiting for phased test start
# UART test start sent: WCAN_TEST_START at 2026-05-23T22:12:53.547776
[2026-05-23 22:12:53.866] WCAN_TEST_END role=idle

# Monitor stopped: 2026-05-23T22:12:53.867026
