# Monitor started: 2026-05-23T15:56:16.081902
# Port: /dev/ttyACM0, Baud: 921600, Timeout: 35.000s after WCAN_TEST_START

# UART boot config: wcan v=1 role=sensor transport=BROADCAST test_duration_ms=30000 host_wait_time_ms=5000 base=0xd0 count=3 hz=100 linger=100
[2026-05-23 15:56:16.096] ESP-ROM:esp32c3-api1-20210207
[2026-05-23 15:56:16.098] Build:Feb  7 2021
[2026-05-23 15:56:16.116] rst:0x15 (USB_UART_CHIP_RESET),boot:0xd (SPI_FAST_FLASH_BOOT)
[2026-05-23 15:56:16.125] Saved PC:0x40384eba
[2026-05-23 15:56:16.131] SPIWP:0xee
[2026-05-23 15:56:16.135] mode:DIO, clock div:1
[2026-05-23 15:56:16.141] load:0x3fcd5820,len:0x1574
[2026-05-23 15:56:16.145] load:0x403cc710,len:0xc30
[2026-05-23 15:56:16.148] load:0x403ce710,len:0x2fa0
[2026-05-23 15:56:16.149] entry 0x403cc71a
[2026-05-23 15:56:16.158] I (24) boot: ESP-IDF v5.4.1 2nd stage bootloader
[2026-05-23 15:56:16.164] I (24) boot: compile time May 20 2026 00:05:32
[2026-05-23 15:56:16.169] I (25) boot: chip revision: v0.4
[2026-05-23 15:56:16.170] I (25) boot: efuse block revision: v1.3
[2026-05-23 15:56:16.173] I (25) boot.esp32c3: SPI Speed      : 80MHz
[2026-05-23 15:56:16.176] I (25) boot.esp32c3: SPI Mode       : DIO
[2026-05-23 15:56:16.183] I (26) boot.esp32c3: SPI Flash Size : 2MB
[2026-05-23 15:56:16.191] I (26) boot: Enabling RNG early entropy source...
[2026-05-23 15:56:16.193] I (27) boot: Partition Table:
[2026-05-23 15:56:16.194] I (27) boot: ## Label            Usage          Type ST Offset   Length
[2026-05-23 15:56:16.194] I (28) boot:  0 nvs              WiFi data        01 02 00009000 00006000
[2026-05-23 15:56:16.195] I (29) boot:  1 phy_init         RF data          01 01 0000f000 00001000
[2026-05-23 15:56:16.195] I (29) boot:  2 factory          factory app      00 00 00010000 00100000
[2026-05-23 15:56:16.195] I (30) boot: End of partition table
[2026-05-23 15:56:16.196] I (31) esp_image: segment 0: paddr=00010020 vaddr=3c0a0020 size=1977ch (104316) map
[2026-05-23 15:56:16.206] I (48) esp_image: segment 1: paddr=000297a4 vaddr=3fc95200 size=02da0h ( 11680) load
[2026-05-23 15:56:16.208] I (51) esp_image: segment 2: paddr=0002c54c vaddr=40380000 size=03acch ( 15052) load
[2026-05-23 15:56:16.210] I (54) esp_image: segment 3: paddr=00030020 vaddr=42000020 size=9942ch (627756) map
[2026-05-23 15:56:16.213] I (154) esp_image: segment 4: paddr=000c9454 vaddr=40383acc size=11614h ( 71188) load
[2026-05-23 15:56:16.216] I (168) esp_image: segment 5: paddr=000daa70 vaddr=50000200 size=0001ch (    28) load
[2026-05-23 15:56:16.221] I (175) boot: Loaded app from partition at offset 0x10000
[2026-05-23 15:56:16.222] I (175) boot: Disabling RNG early entropy source...
[2026-05-23 15:56:16.224] I (176) cpu_start: Unicore app
[2026-05-23 15:56:16.230] I (185) cpu_start: Pro cpu start user code
[2026-05-23 15:56:16.232] I (185) cpu_start: cpu freq: 160000000 Hz
[2026-05-23 15:56:16.234] I (185) app_init: Application information:
[2026-05-23 15:56:16.238] I (185) app_init: Project name:     sensor_acquirer
[2026-05-23 15:56:16.241] I (185) app_init: App version:      v1.0-171-gbbe0783
[2026-05-23 15:56:16.243] I (186) app_init: Compile time:     May 23 2026 14:30:31
[2026-05-23 15:56:16.246] I (186) app_init: ELF file SHA256:  493679023...
[2026-05-23 15:56:16.247] I (187) app_init: ESP-IDF:          v5.4.1
[2026-05-23 15:56:16.248] I (187) efuse_init: Min chip rev:     v0.3
[2026-05-23 15:56:16.250] I (188) efuse_init: Max chip rev:     v1.99
[2026-05-23 15:56:16.252] I (188) efuse_init: Chip rev:         v0.4
[2026-05-23 15:56:16.255] I (189) heap_init: Initializing. RAM available for dynamic allocation:
[2026-05-23 15:56:16.256] I (190) heap_init: At 3FC9C340 len 00023CC0 (143 KiB): RAM
[2026-05-23 15:56:16.257] I (190) heap_init: At 3FCC0000 len 0001C710 (113 KiB): Retention RAM
[2026-05-23 15:56:16.260] I (191) heap_init: At 3FCDC710 len 00002950 (10 KiB): Retention RAM
[2026-05-23 15:56:16.263] I (192) heap_init: At 5000021C len 00001DCC (7 KiB): RTCRAM
[2026-05-23 15:56:16.264] I (193) spi_flash: detected chip: generic
[2026-05-23 15:56:16.265] I (193) spi_flash: flash io: dio
[2026-05-23 15:56:16.269] W (194) spi_flash: Detected size(4096k) larger than the size in the binary image header(2048k). Using the size in the binary image header.
[2026-05-23 15:56:16.272] I (195) sleep_gpio: Configure to isolate all GPIO pins in sleep state
[2026-05-23 15:56:16.276] I (196) sleep_gpio: Enable automatic switching of GPIO sleep configuration
[2026-05-23 15:56:16.278] I (197) main_task: Started on CPU0
[2026-05-23 15:56:16.280] I (197) main_task: Calling app_main()
[2026-05-23 15:56:16.280] WCAN_CFG_WAIT v=1
# UART boot config sent: wcan v=1 role=sensor transport=BROADCAST test_duration_ms=30000 host_wait_time_ms=5000 base=0xd0 count=3 hz=100 linger=100
[2026-05-23 15:56:16.283] WCAN_CFG_WAIT v=1
[2026-05-23 15:56:18.739] WCAN_CFG_ACK
[2026-05-23 15:56:18.739] WCAN_CFG_ACK
[2026-05-23 15:56:18.744] I (2862) pp: pp rom version: 9387209
[2026-05-23 15:56:18.745] I (2863) net80211: net80211 rom version: 9387209
[2026-05-23 15:56:18.753] I (2864) wifi:wifi driver task: 3fca77a4, prio:23, stack:6656, core=0
[2026-05-23 15:56:18.758] I (2868) wifi:wifi firmware version: 79fa3f41ba
[2026-05-23 15:56:18.765] I (2868) wifi:wifi certification version: v7.0
[2026-05-23 15:56:18.770] I (2868) wifi:config NVS flash: enabled
[2026-05-23 15:56:18.774] I (2868) wifi:config nano formatting: disabled
[2026-05-23 15:56:18.777] I (2869) wifi:Init data frame dynamic rx buffer num: 32
[2026-05-23 15:56:18.780] I (2869) wifi:Init static rx mgmt buffer num: 5
[2026-05-23 15:56:18.783] I (2870) wifi:Init management short buffer num: 32
[2026-05-23 15:56:18.785] I (2870) wifi:Init dynamic tx buffer num: 32
[2026-05-23 15:56:18.786] I (2871) wifi:Init static tx FG buffer num: 2
[2026-05-23 15:56:18.788] I (2871) wifi:Init static rx buffer size: 1600
[2026-05-23 15:56:18.789] I (2872) wifi:Init static rx buffer num: 10
[2026-05-23 15:56:18.791] I (2872) wifi:Init dynamic rx buffer num: 32
[2026-05-23 15:56:18.792] I (2873) wifi_init: rx ba win: 6
[2026-05-23 15:56:18.793] I (2874) wifi_init: accept mbox: 6
[2026-05-23 15:56:18.794] I (2874) wifi_init: tcpip mbox: 32
[2026-05-23 15:56:18.795] I (2874) wifi_init: udp mbox: 6
[2026-05-23 15:56:18.796] I (2874) wifi_init: tcp mbox: 6
[2026-05-23 15:56:18.797] I (2875) wifi_init: tcp tx win: 5760
[2026-05-23 15:56:18.798] I (2875) wifi_init: tcp rx win: 5760
[2026-05-23 15:56:18.799] I (2876) wifi_init: tcp mss: 1440
[2026-05-23 15:56:18.800] I (2876) wifi_init: WiFi IRAM OP enabled
[2026-05-23 15:56:18.801] I (2876) wifi_init: WiFi RX IRAM OP enabled
[2026-05-23 15:56:18.803] I (2877) phy_init: phy_version 1200,2b7123f9,Feb 18 2025,15:22:21
[2026-05-23 15:56:18.805] I (2914) wifi:mode : sta (54:32:04:8c:0b:8c)
[2026-05-23 15:56:18.805] I (2915) wifi:enable tsf
[2026-05-23 15:56:18.807] I (2918) ESPNOW: espnow [version: 2.0] init
[2026-05-23 15:56:18.808] WCAN_TEST_READY role=sensor
# Waiting for phased test start
# UART test start sent: WCAN_TEST_START at 2026-05-23T15:56:18.821319
[2026-05-23 15:56:19.626] P(FAIL):3548:d1:1:0:10:11
[2026-05-23 15:56:19.626] P(FAIL):3549:d2:2:0:10:11
[2026-05-23 15:56:19.938] P(FAIL):3860:d2:5:11:21:11
[2026-05-23 15:56:19.951] P(FAIL):3873:d1:7:22:32:11
[2026-05-23 15:56:20.312] P(FAIL):4234:d2:14:44:54:11
[2026-05-23 15:56:20.474] P(FAIL):4396:d1:25:88:98:11
[2026-05-23 15:56:20.686] P(FAIL):4608:d2:32:110:120:11
[2026-05-23 15:56:20.944] P(FAIL):4866:d1:37:132:142:11
[2026-05-23 15:56:21.182] P(FAIL):5104:d2:44:154:164:11
[2026-05-23 15:56:21.356] P(FAIL):5279:d1:43:154:164:11
[2026-05-23 15:56:21.698] P(FAIL):5620:d2:59:209:219:11
[2026-05-23 15:56:21.743] P(FAIL):5665:d1:58:209:219:11
[2026-05-23 15:56:22.131] P(FAIL):6053:d1:70:253:263:11
[2026-05-23 15:56:22.133] P(FAIL):6055:d2:71:253:263:11
[2026-05-23 15:56:22.546] P(FAIL):6469:d1:76:275:285:11
[2026-05-23 15:56:22.549] P(FAIL):6471:d2:77:275:285:11
[2026-05-23 15:56:22.948] P(FAIL):6871:d1:82:297:307:11
[2026-05-23 15:56:23.029] P(FAIL):6952:d2:89:319:329:11
[2026-05-23 15:56:23.305] P(FAIL):7227:d2:98:352:362:11
[2026-05-23 15:56:23.351] P(FAIL):7272:d1:85:308:318:11
[2026-05-23 15:56:23.462] S(FAIL):7384:d1:0:418:421:4
[2026-05-23 15:56:23.561] P(FAIL):7483:d0:108:396:406:11
[2026-05-23 15:56:23.594] P(FAIL):7516:d1:88:319:329:11
[2026-05-23 15:56:23.670] P(FAIL):7592:d2:104:374:384:11
[2026-05-23 15:56:23.994] P(FAIL):7916:d2:107:385:395:11
[2026-05-23 15:56:24.070] P(FAIL):7991:d0:119:440:450:11
[2026-05-23 15:56:24.371] P(FAIL):8293:d2:110:396:406:11
[2026-05-23 15:56:24.437] P(FAIL):8360:d0:122:451:461:11
[2026-05-23 15:56:24.753] P(FAIL):8675:d2:135:495:505:11
[2026-05-23 15:56:25.159] P(FAIL):9081:d2:150:557:567:11
[2026-05-23 15:56:25.494] P(FAIL):9416:d2:156:579:589:11
[2026-05-23 15:56:25.937] P(FAIL):9859:d2:159:590:600:11
[2026-05-23 15:56:26.155] P(FAIL):10077:d0:178:660:670:11
[2026-05-23 15:56:26.242] S(FAIL):10164:d2:0:506:523:18
[2026-05-23 15:56:26.281] P(FAIL):10203:d2:162:601:611:11
[2026-05-23 15:56:26.502] S(FAIL):10424:d2:0:711:714:4
[2026-05-23 15:56:26.511] P(FAIL):10433:d0:184:682:692:11
[2026-05-23 15:56:26.627] P(FAIL):10549:d2:168:623:633:11
[2026-05-23 15:56:28.223] P(FAIL):12145:d1:232:865:875:11
[2026-05-23 15:56:28.615] P(FAIL):12537:d1:244:909:919:11
[2026-05-23 15:56:28.951] P(FAIL):12873:d1:250:931:941:11
[2026-05-23 15:56:29.281] P(FAIL):13203:d1:256:953:963:11
[2026-05-23 15:56:29.597] P(FAIL):13519:d1:259:964:974:11
[2026-05-23 15:56:29.966] P(FAIL):13888:d1:268:997:1007:11
[2026-05-23 15:56:30.295] P(FAIL):14217:d1:271:1008:1018:11
[2026-05-23 15:56:30.737] P(FAIL):14659:d1:292:1085:1095:11
[2026-05-23 15:56:30.982] P(FAIL):14904:d1:295:1096:1106:11
[2026-05-23 15:56:31.379] P(FAIL):15301:d1:313:1162:1172:11
[2026-05-23 15:56:31.642] P(FAIL):15564:d0:326:1210:1220:11
[2026-05-23 15:56:31.950] P(FAIL):15872:d2:333:1234:1244:11
[2026-05-23 15:56:32.331] P(FAIL):16253:d2:339:1256:1266:11
[2026-05-23 15:56:32.369] P(FAIL):16291:d1:343:1272:1282:11
[2026-05-23 15:56:33.550] P(FAIL):17472:d0:377:1397:1407:11
[2026-05-23 15:56:33.840] P(FAIL):17762:d2:387:1432:1442:11
[2026-05-23 15:56:33.962] P(FAIL):17884:d0:383:1419:1429:11
[2026-05-23 15:56:34.277] P(FAIL):18199:d0:392:1452:1462:11
[2026-05-23 15:56:34.339] P(FAIL):18261:d1:397:1470:1480:11
[2026-05-23 15:56:34.693] P(FAIL):18615:d1:403:1492:1502:11
[2026-05-23 15:56:35.029] P(FAIL):18951:d1:418:1547:1557:11
[2026-05-23 15:56:36.527] P(FAIL):20449:d2:459:1696:1706:11
[2026-05-23 15:56:36.886] P(FAIL):20808:d2:468:1729:1739:11
[2026-05-23 15:56:37.882] P(FAIL):21804:d1:496:1833:1843:11
[2026-05-23 15:56:39.269] P(FAIL):23191:d0:533:1969:1979:11
[2026-05-23 15:56:39.591] P(FAIL):23513:d0:542:2002:2012:11
[2026-05-23 15:56:39.653] P(FAIL):23575:d2:543:2004:2014:11
[2026-05-23 15:56:39.985] P(FAIL):23907:d2:546:2015:2025:11
[2026-05-23 15:56:40.147] P(FAIL):24069:d0:557:2057:2067:11
[2026-05-23 15:56:40.289] P(FAIL):24211:d2:549:2026:2036:11
[2026-05-23 15:56:41.443] P(FAIL):25365:d0:593:2189:2199:11
[2026-05-23 15:56:41.767] P(FAIL):25689:d0:599:2211:2221:11
[2026-05-23 15:56:42.179] P(FAIL):26101:d0:608:2244:2254:11
[2026-05-23 15:56:44.726] P(FAIL):28648:d0:683:2519:2529:11
[2026-05-23 15:56:45.201] P(FAIL):29123:d0:695:2563:2573:11
[2026-05-23 15:56:45.534] P(FAIL):29456:d2:705:2598:2608:11
[2026-05-23 15:56:45.876] P(FAIL):29798:d2:708:2609:2619:11
[2026-05-23 15:56:46.217] P(FAIL):30139:d2:711:2620:2630:11
[2026-05-23 15:56:47.028] P(FAIL):30950:d1:745:2746:2756:11
[2026-05-23 15:56:49.163] P(FAIL):33085:d0:803:2959:2969:11
[2026-05-23 15:56:49.197] P(FAIL):33119:d2:804:2961:2971:11
[2026-05-23 15:56:49.334] P(FAIL):33254:d1:805:2966:2976:11
[2026-05-23 15:56:49.963] P(FAIL):33885:d0:806:2970:2980:11
[2026-05-23 15:56:49.996] P(FAIL):33919:d2:807:2972:2982:11
[2026-05-23 15:56:50.124] WCAN_BATCH id=0xd0 count=273 avg_hz=9.09 avg_points=10.99 min_points=7 max_points=11 avg_interval_ms=110.00 min_interval_ms=109.83 max_interval_ms=110.18 avg_dispatch_ms=1.54 max_dispatch_ms=10.24 dispatched_count=324 avg_queue_wait_ms=68.37 max_queue_wait_ms=614.74
[2026-05-23 15:56:50.129] WCAN_BATCH id=0xd1 count=271 avg_hz=9.04 avg_points=11.00 min_points=11 max_points=11 avg_interval_ms=110.67 min_interval_ms=109.82 max_interval_ms=250.01 avg_dispatch_ms=1.55 max_dispatch_ms=6.08 dispatched_count=355 avg_queue_wait_ms=165.28 max_queue_wait_ms=1111.73
[2026-05-23 15:56:50.136] WCAN_BATCH id=0xd2 count=270 avg_hz=8.98 avg_points=10.98 min_points=5 max_points=11 avg_interval_ms=111.30 min_interval_ms=109.81 max_interval_ms=290.06 avg_dispatch_ms=1.54 max_dispatch_ms=4.24 dispatched_count=362 avg_queue_wait_ms=201.43 max_queue_wait_ms=1110.72
[2026-05-23 15:56:50.138] WCAN_SENSOR_END generated=2998 avg_hz=99.97
[2026-05-23 15:56:50.139] S(FAIL):34052:d1:0:433:446:14
[2026-05-23 15:56:50.140] S(FAIL):34053:d2:0:737:749:13
[2026-05-23 15:56:50.147] WCAN_MEASURES elapsed_ms=29999 heap_start_free=87940 heap_end_free=109648 heap_start_min_free=87880 heap_end_min_free=87520 heap_start_largest=65536 heap_end_largest=77824 airtime_us_total=1598361 packets_sent_total=1041 sensor_send_failures_total=53
[2026-05-23 15:56:50.148] WCAN_TEST_END role=sensor

# Monitor stopped: 2026-05-23T15:56:50.148490
