# Monitor started: 2026-05-23T15:56:16.079806
# Port: /dev/ttyACM1, Baud: 921600, Timeout: 35.000s after WCAN_TEST_START

# UART boot config: wcan v=1 role=sensor transport=BROADCAST test_duration_ms=30000 host_wait_time_ms=5000 base=0xe0 count=3 hz=100 linger=100
[2026-05-23 15:56:16.086] ESP-ROM:esp32c3-api1-20210207
[2026-05-23 15:56:16.093] Build:Feb  7 2021
[2026-05-23 15:56:16.119] rst:0x15 (USB_UART_CHIP_RESET),boot:0xd (SPI_FAST_FLASH_BOOT)
[2026-05-23 15:56:16.123] Saved PC:0x40384eba
[2026-05-23 15:56:16.129] SPIWP:0xee
[2026-05-23 15:56:16.135] mode:DIO, clock div:1
[2026-05-23 15:56:16.139] load:0x3fcd5820,len:0x1574
[2026-05-23 15:56:16.147] load:0x403cc710,len:0xc30
[2026-05-23 15:56:16.153] load:0x403ce710,len:0x2fa0
[2026-05-23 15:56:16.155] entry 0x403cc71a
[2026-05-23 15:56:16.164] I (24) boot: ESP-IDF v5.4.1 2nd stage bootloader
[2026-05-23 15:56:16.168] I (24) boot: compile time May 20 2026 00:05:32
[2026-05-23 15:56:16.173] I (25) boot: chip revision: v0.4
[2026-05-23 15:56:16.175] I (25) boot: efuse block revision: v1.3
[2026-05-23 15:56:16.177] I (25) boot.esp32c3: SPI Speed      : 80MHz
[2026-05-23 15:56:16.183] I (25) boot.esp32c3: SPI Mode       : DIO
[2026-05-23 15:56:16.196] I (26) boot.esp32c3: SPI Flash Size : 2MB
[2026-05-23 15:56:16.199] I (26) boot: Enabling RNG early entropy source...
[2026-05-23 15:56:16.200] I (27) boot: Partition Table:
[2026-05-23 15:56:16.206] I (27) boot: ## Label            Usage          Type ST Offset   Length
[2026-05-23 15:56:16.210] I (28) boot:  0 nvs              WiFi data        01 02 00009000 00006000
[2026-05-23 15:56:16.216] I (29) boot:  1 phy_init         RF data          01 01 0000f000 00001000
[2026-05-23 15:56:16.220] I (29) boot:  2 factory          factory app      00 00 00010000 00100000
[2026-05-23 15:56:16.223] I (30) boot: End of partition table
[2026-05-23 15:56:16.226] I (31) esp_image: segment 0: paddr=00010020 vaddr=3c0a0020 size=1977ch (104316) map
[2026-05-23 15:56:16.227] I (48) esp_image: segment 1: paddr=000297a4 vaddr=3fc95200 size=02da0h ( 11680) load
[2026-05-23 15:56:16.230] I (51) esp_image: segment 2: paddr=0002c54c vaddr=40380000 size=03acch ( 15052) load
[2026-05-23 15:56:16.236] I (54) esp_image: segment 3: paddr=00030020 vaddr=42000020 size=9942ch (627756) map
[2026-05-23 15:56:16.238] I (154) esp_image: segment 4: paddr=000c9454 vaddr=40383acc size=11614h ( 71188) load
[2026-05-23 15:56:16.243] I (168) esp_image: segment 5: paddr=000daa70 vaddr=50000200 size=0001ch (    28) load
[2026-05-23 15:56:16.246] I (175) boot: Loaded app from partition at offset 0x10000
[2026-05-23 15:56:16.255] I (175) boot: Disabling RNG early entropy source...
[2026-05-23 15:56:16.257] I (176) cpu_start: Unicore app
[2026-05-23 15:56:16.258] I (185) cpu_start: Pro cpu start user code
[2026-05-23 15:56:16.259] I (185) cpu_start: cpu freq: 160000000 Hz
[2026-05-23 15:56:16.260] I (185) app_init: Application information:
[2026-05-23 15:56:16.261] I (185) app_init: Project name:     sensor_acquirer
[2026-05-23 15:56:16.263] I (185) app_init: App version:      v1.0-171-gbbe0783
[2026-05-23 15:56:16.265] I (186) app_init: Compile time:     May 23 2026 14:30:31
[2026-05-23 15:56:16.266] I (187) app_init: ELF file SHA256:  493679023...
[2026-05-23 15:56:16.271] I (187) app_init: ESP-IDF:          v5.4.1
[2026-05-23 15:56:16.274] I (188) efuse_init: Min chip rev:     v0.3
[2026-05-23 15:56:16.277] I (188) efuse_init: Max chip rev:     v1.99
[2026-05-23 15:56:16.278] I (189) efuse_init: Chip rev:         v0.4
[2026-05-23 15:56:16.281] I (189) heap_init: Initializing. RAM available for dynamic allocation:
[2026-05-23 15:56:16.283] I (190) heap_init: At 3FC9C340 len 00023CC0 (143 KiB): RAM
[2026-05-23 15:56:16.284] I (191) heap_init: At 3FCC0000 len 0001C710 (113 KiB): Retention RAM
[2026-05-23 15:56:16.287] I (191) heap_init: At 3FCDC710 len 00002950 (10 KiB): Retention RAM
[2026-05-23 15:56:16.289] I (192) heap_init: At 5000021C len 00001DCC (7 KiB): RTCRAM
[2026-05-23 15:56:16.291] I (194) spi_flash: detected chip: generic
[2026-05-23 15:56:16.294] I (194) spi_flash: flash io: dio
[2026-05-23 15:56:16.299] W (194) spi_flash: Detected size(4096k) larger than the size in the binary image header(2048k). Using the size in the binary image header.
[2026-05-23 15:56:16.301] I (196) sleep_gpio: Configure to isolate all GPIO pins in sleep state
[2026-05-23 15:56:16.302] I (196) sleep_gpio: Enable automatic switching of GPIO sleep configuration
[2026-05-23 15:56:16.303] I (197) main_task: Started on CPU0
[2026-05-23 15:56:16.304] I (197) main_task: Calling app_main()
[2026-05-23 15:56:16.304] WCAN_CFG_WAIT v=1
# UART boot config sent: wcan v=1 role=sensor transport=BROADCAST test_duration_ms=30000 host_wait_time_ms=5000 base=0xe0 count=3 hz=100 linger=100
[2026-05-23 15:56:16.305] WCAN_CFG_WAIT v=1
[2026-05-23 15:56:18.747] WCAN_CFG_ACK
[2026-05-23 15:56:18.749] WCAN_CFG_ACK
[2026-05-23 15:56:18.754] I (2869) pp: pp rom version: 9387209
[2026-05-23 15:56:18.760] I (2870) net80211: net80211 rom version: 9387209
[2026-05-23 15:56:18.769] I (2871) wifi:wifi driver task: 3fca7720, prio:23, stack:6656, core=0
[2026-05-23 15:56:18.773] I (2875) wifi:wifi firmware version: 79fa3f41ba
[2026-05-23 15:56:18.776] I (2875) wifi:wifi certification version: v7.0
[2026-05-23 15:56:18.779] I (2875) wifi:config NVS flash: enabled
[2026-05-23 15:56:18.781] I (2875) wifi:config nano formatting: disabled
[2026-05-23 15:56:18.784] I (2876) wifi:Init data frame dynamic rx buffer num: 32
[2026-05-23 15:56:18.786] I (2876) wifi:Init static rx mgmt buffer num: 5
[2026-05-23 15:56:18.787] I (2877) wifi:Init management short buffer num: 32
[2026-05-23 15:56:18.790] I (2877) wifi:Init dynamic tx buffer num: 32
[2026-05-23 15:56:18.791] I (2878) wifi:Init static tx FG buffer num: 2
[2026-05-23 15:56:18.793] I (2878) wifi:Init static rx buffer size: 1600
[2026-05-23 15:56:18.794] I (2879) wifi:Init static rx buffer num: 10
[2026-05-23 15:56:18.796] I (2879) wifi:Init dynamic rx buffer num: 32
[2026-05-23 15:56:18.797] I (2880) wifi_init: rx ba win: 6
[2026-05-23 15:56:18.798] I (2881) wifi_init: accept mbox: 6
[2026-05-23 15:56:18.799] I (2881) wifi_init: tcpip mbox: 32
[2026-05-23 15:56:18.800] I (2881) wifi_init: udp mbox: 6
[2026-05-23 15:56:18.801] I (2881) wifi_init: tcp mbox: 6
[2026-05-23 15:56:18.802] I (2882) wifi_init: tcp tx win: 5760
[2026-05-23 15:56:18.803] I (2882) wifi_init: tcp rx win: 5760
[2026-05-23 15:56:18.804] I (2883) wifi_init: tcp mss: 1440
[2026-05-23 15:56:18.805] I (2883) wifi_init: WiFi IRAM OP enabled
[2026-05-23 15:56:18.807] I (2883) wifi_init: WiFi RX IRAM OP enabled
[2026-05-23 15:56:18.808] I (2884) phy_init: phy_version 1200,2b7123f9,Feb 18 2025,15:22:21
[2026-05-23 15:56:18.809] I (2919) wifi:mode : sta (74:4d:bd:e1:d5:b8)
[2026-05-23 15:56:18.809] I (2919) wifi:enable tsf
[2026-05-23 15:56:18.809] I (2923) ESPNOW: espnow [version: 2.0] init
[2026-05-23 15:56:18.810] WCAN_TEST_READY role=sensor
# Waiting for phased test start
# UART test start sent: WCAN_TEST_START at 2026-05-23T15:56:18.821267
[2026-05-23 15:56:19.629] P(FAIL):3551:e0:0:0:10:11
[2026-05-23 15:56:19.630] P(FAIL):3553:e1:1:0:10:11
[2026-05-23 15:56:19.632] P(FAIL):3554:e2:2:0:10:11
[2026-05-23 15:56:19.941] P(FAIL):3864:e0:3:11:21:11
[2026-05-23 15:56:19.942] P(FAIL):3865:e1:4:11:21:11
[2026-05-23 15:56:19.943] P(FAIL):3866:e2:5:11:21:11
[2026-05-23 15:56:20.243] P(FAIL):4166:e0:6:22:32:11
[2026-05-23 15:56:20.245] P(FAIL):4168:e1:7:22:32:11
[2026-05-23 15:56:20.250] P(FAIL):4172:e2:8:22:32:11
[2026-05-23 15:56:20.599] P(FAIL):4521:e0:12:44:54:11
[2026-05-23 15:56:20.602] P(FAIL):4525:e1:13:44:54:11
[2026-05-23 15:56:20.623] P(FAIL):4546:e2:11:33:43:11
[2026-05-23 15:56:20.942] P(FAIL):4864:e1:16:55:65:11
[2026-05-23 15:56:20.960] P(FAIL):4882:e0:21:77:87:11
[2026-05-23 15:56:21.166] S(FAIL):5088:e1:0:165:180:16
[2026-05-23 15:56:21.303] P(FAIL):5226:e1:22:77:87:11
[2026-05-23 15:56:21.367] P(FAIL):5290:e2:46:171:181:11
[2026-05-23 15:56:21.526] S(FAIL):5448:e1:0:203:216:14
[2026-05-23 15:56:21.606] P(FAIL):5528:e0:53:198:208:11
[2026-05-23 15:56:21.719] P(FAIL):5641:e2:49:182:192:11
[2026-05-23 15:56:21.728] P(FAIL):5651:e1:28:99:109:11
[2026-05-23 15:56:21.956] S(FAIL):5878:e1:0:239:259:21
[2026-05-23 15:56:22.064] P(FAIL):5986:e2:62:237:247:11
[2026-05-23 15:56:22.086] P(FAIL):6009:e1:34:121:131:11
[2026-05-23 15:56:22.135] P(FAIL):6057:e0:65:253:263:11
[2026-05-23 15:56:22.426] S(FAIL):6348:e1:0:282:295:14
[2026-05-23 15:56:22.482] P(FAIL):6405:e1:43:154:164:11
[2026-05-23 15:56:22.541] P(FAIL):6464:e0:68:264:274:11
[2026-05-23 15:56:22.706] S(FAIL):6628:e1:0:329:334:6
[2026-05-23 15:56:22.923] P(FAIL):6846:e1:51:192:202:11
[2026-05-23 15:56:22.944] P(FAIL):6867:e0:76:297:307:11
[2026-05-23 15:56:23.146] S(FAIL):7068:e1:0:357:378:22
[2026-05-23 15:56:23.284] P(FAIL):7206:e0:84:330:340:11
[2026-05-23 15:56:23.346] P(FAIL):7268:e1:60:228:238:11
[2026-05-23 15:56:23.631] P(FAIL):7554:e0:102:407:417:11
[2026-05-23 15:56:23.686] S(FAIL):7608:e1:0:401:421:21
[2026-05-23 15:56:23.742] P(FAIL):7664:e1:75:296:306:11
[2026-05-23 15:56:24.000] P(FAIL):7922:e0:107:429:439:11
[2026-05-23 15:56:24.761] P(FAIL):8683:e1:130:516:526:11
[2026-05-23 15:56:25.161] P(FAIL):9084:e1:133:527:537:11
[2026-05-23 15:56:25.479] P(FAIL):9401:e1:139:549:559:11
[2026-05-23 15:56:25.629] P(FAIL):9551:e0:155:605:615:11
[2026-05-23 15:56:25.841] P(FAIL):9763:e1:160:626:636:11
[2026-05-23 15:56:26.565] P(FAIL):10487:e1:178:692:702:11
[2026-05-23 15:56:26.690] P(FAIL):10612:e0:182:704:714:11
[2026-05-23 15:56:27.875] P(FAIL):11797:e2:216:831:841:11
[2026-05-23 15:56:28.321] P(FAIL):12243:e2:222:853:863:11
[2026-05-23 15:56:28.618] P(FAIL):12540:e2:228:875:885:11
[2026-05-23 15:56:28.949] P(FAIL):12871:e2:234:897:907:11
[2026-05-23 15:56:29.280] P(FAIL):13203:e2:240:919:929:11
[2026-05-23 15:56:29.646] S(FAIL):13568:e2:0:143:148:6
[2026-05-23 15:56:29.664] P(FAIL):13587:e2:246:941:951:11
[2026-05-23 15:56:29.976] P(FAIL):13899:e2:261:996:1006:11
[2026-05-23 15:56:30.277] P(FAIL):14199:e0:281:1067:1077:11
[2026-05-23 15:56:31.788] P(FAIL):15710:e2:321:1218:1228:11
[2026-05-23 15:56:32.787] P(FAIL):16710:e2:348:1317:1327:11
[2026-05-23 15:56:33.123] P(FAIL):17045:e2:357:1350:1360:11
[2026-05-23 15:56:33.244] P(FAIL):17166:e0:362:1364:1374:11
[2026-05-23 15:56:33.515] P(FAIL):17438:e2:363:1372:1382:11
[2026-05-23 15:56:33.855] P(FAIL):17777:e1:379:1429:1439:11
[2026-05-23 15:56:33.925] P(FAIL):17848:e2:378:1427:1437:11
[2026-05-23 15:56:34.381] P(FAIL):18303:e1:391:1473:1483:11
[2026-05-23 15:56:34.706] P(FAIL):18628:e2:402:1515:1525:11
[2026-05-23 15:56:34.786] P(FAIL):18708:e1:400:1506:1516:11
[2026-05-23 15:56:35.126] P(FAIL):19048:e2:408:1537:1547:11
[2026-05-23 15:56:36.192] P(FAIL):20114:e2:441:1658:1668:11
[2026-05-23 15:56:36.263] P(FAIL):20185:e0:443:1661:1671:11
[2026-05-23 15:56:36.491] P(FAIL):20413:e2:447:1680:1690:11
[2026-05-23 15:56:36.833] P(FAIL):20755:e2:456:1713:1723:11
[2026-05-23 15:56:36.843] P(FAIL):20765:e1:460:1726:1736:11
[2026-05-23 15:56:37.150] P(FAIL):21072:e2:459:1724:1734:11
[2026-05-23 15:56:37.447] P(FAIL):21369:e2:468:1757:1767:11
[2026-05-23 15:56:39.086] P(FAIL):23008:e0:524:1958:1968:11
[2026-05-23 15:56:41.162] P(FAIL):25084:e1:577:2155:2165:11
[2026-05-23 15:56:41.291] P(FAIL):25213:e0:581:2167:2177:11
[2026-05-23 15:56:42.527] P(FAIL):26449:e2:615:2296:2306:11
[2026-05-23 15:56:43.947] P(FAIL):27869:e2:654:2439:2449:11
[2026-05-23 15:56:44.790] P(FAIL):28712:e0:677:2519:2529:11
[2026-05-23 15:56:44.861] P(FAIL):28783:e2:678:2527:2537:11
[2026-05-23 15:56:45.145] P(FAIL):29068:e0:689:2563:2573:11
[2026-05-23 15:56:45.218] P(FAIL):29141:e2:684:2549:2559:11
[2026-05-23 15:56:45.531] P(FAIL):29453:e2:687:2560:2570:11
[2026-05-23 15:56:45.875] P(FAIL):29797:e2:696:2593:2603:11
[2026-05-23 15:56:46.211] P(FAIL):30133:e2:717:2670:2680:11
[2026-05-23 15:56:46.600] P(FAIL):30522:e2:723:2692:2702:11
[2026-05-23 15:56:47.373] P(FAIL):31295:e2:747:2780:2790:11
[2026-05-23 15:56:48.995] P(FAIL):32917:e0:791:2937:2947:11
[2026-05-23 15:56:49.157] P(FAIL):33079:e1:796:2958:2968:11
[2026-05-23 15:56:49.207] P(FAIL):33129:e2:798:2967:2977:11
[2026-05-23 15:56:49.558] P(FAIL):33480:e0:794:2948:2958:11
[2026-05-23 15:56:49.957] P(FAIL):33879:e1:799:2969:2979:11
[2026-05-23 15:56:50.006] P(FAIL):33929:e2:801:2978:2988:11
[2026-05-23 15:56:50.131] WCAN_BATCH id=0xe0 count=273 avg_hz=9.09 avg_points=10.99 min_points=7 max_points=11 avg_interval_ms=110.00 min_interval_ms=109.79 max_interval_ms=110.40 avg_dispatch_ms=1.54 max_dispatch_ms=10.13 dispatched_count=336 avg_queue_wait_ms=121.55 max_queue_wait_ms=900.76
[2026-05-23 15:56:50.139] WCAN_BATCH id=0xe1 count=262 avg_hz=8.73 avg_points=10.99 min_points=8 max_points=11 avg_interval_ms=114.60 min_interval_ms=109.81 max_interval_ms=330.04 avg_dispatch_ms=1.52 max_dispatch_ms=5.27 dispatched_count=328 avg_queue_wait_ms=258.12 max_queue_wait_ms=1714.75
[2026-05-23 15:56:50.147] WCAN_BATCH id=0xe2 count=272 avg_hz=9.07 avg_points=11.00 min_points=10 max_points=11 avg_interval_ms=110.29 min_interval_ms=109.56 max_interval_ms=170.01 avg_dispatch_ms=1.50 max_dispatch_ms=4.06 dispatched_count=379 avg_queue_wait_ms=196.03 max_queue_wait_ms=963.75
[2026-05-23 15:56:50.148] WCAN_SENSOR_END generated=2998 avg_hz=99.97
[2026-05-23 15:56:50.148] S(FAIL):34056:e1:0:455:460:6
[2026-05-23 15:56:50.149] S(FAIL):34057:e2:0:1051:1052:2
[2026-05-23 15:56:50.150] WCAN_MEASURES elapsed_ms=29999 heap_start_free=88072 heap_end_free=109932 heap_start_min_free=88012 heap_end_min_free=87532 heap_start_largest=65536 heap_end_largest=77824 airtime_us_total=1574051 packets_sent_total=1043 sensor_send_failures_total=128
[2026-05-23 15:56:50.151] WCAN_TEST_END role=sensor

# Monitor stopped: 2026-05-23T15:56:50.151057
