# Monitor started: 2026-04-22T17:57:59.245697
# Port: COM10, Baud: 115200, Duration: 30s

[2026-04-22 17:57:59.246] I (101) esp_image: segment 2: paddr=0002af24 vaddr=40380000 sizeESP-ROM:esp32c3-api1-20210207
[2026-04-22 17:57:59.247] Build:Feb  7 2021
[2026-04-22 17:57:59.247] rst:0x15 (USB_UART_CHIP_RESET),boot:0xd (SPI_FAST_FLASH_BOOT)
[2026-04-22 17:57:59.247] Saved PC:0x40384ec6
[2026-04-22 17:57:59.247] SPIWP:0xee
[2026-04-22 17:57:59.247] mode:DIO, clock div:1
[2026-04-22 17:57:59.247] load:0x3fcd5820,len:0x1574
[2026-04-22 17:57:59.247] load:0x403cc710,len:0xc30
[2026-04-22 17:57:59.248] load:0x403ce710,len:0x2f64
[2026-04-22 17:57:59.248] entry 0x403cc71a
[2026-04-22 17:57:59.248] I (24) boot: ESP-IDF v5.4.1 2nd stage bootloader
[2026-04-22 17:57:59.249] I (24) boot: compile time Apr 22 2026 16:23:48
[2026-04-22 17:57:59.249] I (24) boot: chip revision: v0.4
[2026-04-22 17:57:59.255] I (25) boot: efuse block revision: v1.3
[2026-04-22 17:57:59.256] I (28) boot.esp32c3: SPI Speed      : 80MHz
[2026-04-22 17:57:59.256] I (32) boot.esp32c3: SPI Mode       : DIO
[2026-04-22 17:57:59.257] I (36) boot.esp32c3: SPI Flash Size : 2MB
[2026-04-22 17:57:59.258] I (39) boot: Enabling RNG early entropy source...
[2026-04-22 17:57:59.259] I (44) boot: Partition Table:
[2026-04-22 17:57:59.260] I (46) boot: ## Label            Usage          Type ST Offset   Length
[2026-04-22 17:57:59.261] I (53) boot:  0 nvs              WiFi data        01 02 00009000 00006000
[2026-04-22 17:57:59.269] I (59) boot:  1 phy_init         RF data          01 01 0000f000 00001000
[2026-04-22 17:57:59.281] I (66) boot:  2 factory          factory app      00 00 00010000 00100000
[2026-04-22 17:57:59.286] I (72) boot: End of partition table
[2026-04-22 17:57:59.296] I (76) esp_image: segment 0: paddr=00010020 vaddr=3c090020 size=18154h ( 98644) map
[2026-04-22 17:57:59.305] I (99) esp_image: segment 1: paddr=0002817c vaddr=3fc94000 size=02da0h ( 11680) load
[2026-04-22 17:57:59.315] I (101) esp_image: segment 2: paddr=0002af24 vaddr=40380000 size=050f4h ( 20724) load
[2026-04-22 17:57:59.326] I (106) esp_image: segment 3: paddr=00030020 vaddr=42000020 size=8eb9ch (584604) map
[2026-04-22 17:57:59.337] I (203) esp_image: segment 4: paddr=000bebc4 vaddr=403850f4 size=0ee28h ( 60968) load
[2026-04-22 17:57:59.349] I (215) esp_image: segment 5: paddr=000cd9f4 vaddr=50000200 size=0001ch (    28) load
[2026-04-22 17:57:59.357] I (221) boot: Loaded app from partition at offset 0x10000
[2026-04-22 17:57:59.362] I (221) boot: Disabling RNG early entropy source...
[2026-04-22 17:57:59.366] I (232) cpu_start: Unicore app
[2026-04-22 17:57:59.372] I (241) cpu_start: Pro cpu start user code
[2026-04-22 17:57:59.378] I (241) cpu_start: cpu freq: 160000000 Hz
[2026-04-22 17:57:59.384] I (241) app_init: Application information:
[2026-04-22 17:57:59.391] I (241) app_init: Project name:     sensor_acquirer
[2026-04-22 17:57:59.398] I (245) app_init: App version:      e468f2b-dirty
[2026-04-22 17:57:59.405] I (250) app_init: Compile time:     Apr 22 2026 16:22:46
[2026-04-22 17:57:59.411] I (255) app_init: ELF file SHA256:  2e4e02f66...
[2026-04-22 17:57:59.417] I (259) app_init: ESP-IDF:          v5.4.1
[2026-04-22 17:57:59.423] I (263) efuse_init: Min chip rev:     v0.3
[2026-04-22 17:57:59.428] I (267) efuse_init: Max chip rev:     v1.99
[2026-04-22 17:57:59.434] I (271) efuse_init: Chip rev:         v0.4
[2026-04-22 17:57:59.443] I (275) heap_init: Initializing. RAM available for dynamic allocation:
[2026-04-22 17:57:59.449] I (281) heap_init: At 3FC9B1B0 len 00024E50 (147 KiB): RAM
[2026-04-22 17:57:59.459] I (286) heap_init: At 3FCC0000 len 0001C710 (113 KiB): Retention RAM
[2026-04-22 17:57:59.466] I (292) heap_init: At 3FCDC710 len 00002950 (10 KiB): Retention RAM
[2026-04-22 17:57:59.474] I (298) heap_init: At 5000021C len 00001DCC (7 KiB): RTCRAM
[2026-04-22 17:57:59.480] I (304) spi_flash: detected chip: generic
[2026-04-22 17:57:59.484] I (307) spi_flash: flash io: dio
[2026-04-22 17:57:59.501] W (310) spi_flash: Detected size(4096k) larger than the size in the binary image header(2048k). Using the size in the binary image header.
[2026-04-22 17:57:59.513] I (323) sleep_gpio: Configure to isolate all GPIO pins in sleep state
[2026-04-22 17:57:59.522] I (329) sleep_gpio: Enable automatic switching of GPIO sleep configuration
[2026-04-22 17:57:59.527] I (335) main_task: Started on CPU0
[2026-04-22 17:57:59.532] I (335) main_task: Calling app_main()
[2026-04-22 17:57:59.536] I (335) MAIN: MAC: 74:4d:bd:e1:d5:b8
[2026-04-22 17:57:59.540] I (345) pp: pp rom version: 9387209
[2026-04-22 17:57:59.545] I (345) net80211: net80211 rom version: 9387209
[2026-04-22 17:57:59.553] I (355) wifi:wifi driver task: 3fca4114, prio:23, stack:6656, core=0
[2026-04-22 17:57:59.558] I (355) wifi:wifi firmware version: 79fa3f41ba
[2026-04-22 17:57:59.565] I (355) wifi:wifi certification version: v7.0
[2026-04-22 17:57:59.570] I (365) wifi:config NVS flash: enabled
[2026-04-22 17:57:59.577] I (365) wifi:config nano formatting: disabled
[2026-04-22 17:57:59.582] I (365) wifi:Init data frame dynamic rx buffer num: 32
[2026-04-22 17:57:59.587] I (375) wifi:Init static rx mgmt buffer num: 5
[2026-04-22 17:57:59.594] I (375) wifi:Init management short buffer num: 32
[2026-04-22 17:57:59.600] I (385) wifi:Init dynamic tx buffer num: 32
[2026-04-22 17:57:59.604] I (385) wifi:Init static tx FG buffer num: 2
[2026-04-22 17:57:59.610] I (395) wifi:Init static rx buffer size: 1600
[2026-04-22 17:57:59.615] I (395) wifi:Init static rx buffer num: 10
[2026-04-22 17:57:59.621] I (395) wifi:Init dynamic rx buffer num: 32
[2026-04-22 17:57:59.627] I (405) wifi_init: rx ba win: 6
[2026-04-22 17:57:59.633] I (405) wifi_init: accept mbox: 6
[2026-04-22 17:57:59.636] I (405) wifi_init: tcpip mbox: 32
[2026-04-22 17:57:59.641] I (415) wifi_init: udp mbox: 6
[2026-04-22 17:57:59.644] I (415) wifi_init: tcp mbox: 6
[2026-04-22 17:57:59.648] I (415) wifi_init: tcp tx win: 5760
[2026-04-22 17:57:59.653] I (415) wifi_init: tcp rx win: 5760
[2026-04-22 17:57:59.657] I (425) wifi_init: tcp mss: 1440
[2026-04-22 17:57:59.662] I (425) wifi_init: WiFi IRAM OP enabled
[2026-04-22 17:57:59.668] I (425) wifi_init: WiFi RX IRAM OP enabled
[2026-04-22 17:57:59.678] I (435) phy_init: phy_version 1200,2b7123f9,Feb 18 2025,15:22:21
[2026-04-22 17:57:59.686] I (475) wifi:mode : softAP (74:4d:bd:e1:d5:b9)
[2026-04-22 17:57:59.692] I (475) wifi:Total power save buffer number: 16
[2026-04-22 17:57:59.700] I (475) wifi:Init max length of beacon: 752/752
[2026-04-22 17:57:59.710] I (475) wifi:Init max length of beacon: 752/752
[2026-04-22 17:57:59.716] I (475) MAIN: WiFi initialized
[2026-04-22 17:57:59.724] I (485) MAIN: SENSOR mode — CAN ID: 0xd5b8
[2026-04-22 17:57:59.731] I (485) ESPNOW: espnow [version: 2.0] init
[2026-04-22 17:57:59.736] I (485) SEND: Send processing task started
[2026-04-22 17:57:59.743] I (495) RECV: Receive processing task started
[2026-04-22 17:57:59.748] I (495) WCAN: WCAN initialized
[2026-04-22 17:57:59.757] I (495) ReadDataTask: ReadDataTask started with CAN ID 0xd5b8
[2026-04-22 17:57:59.762] I (505) ReadDataTask: Sent counter=0
[2026-04-22 17:57:59.767] I (505) main_task: Returned from app_main()
[2026-04-22 17:58:00.051] I (1505) ReadDataTask: Sent counter=1
[2026-04-22 17:58:01.051] I (2505) ReadDataTask: Sent counter=2
[2026-04-22 17:58:02.051] I (3505) ReadDataTask: Sent counter=3
[2026-04-22 17:58:03.051] I (4505) ReadDataTask: Sent counter=4
[2026-04-22 17:58:04.051] I (5505) ReadDataTask: Sent counter=5
[2026-04-22 17:58:05.052] I (6505) ReadDataTask: Sent counter=6
[2026-04-22 17:58:06.052] I (7505) ReadDataTask: Sent counter=7
[2026-04-22 17:58:07.052] I (8505) ReadDataTask: Sent counter=8
[2026-04-22 17:58:08.051] I (9505) ReadDataTask: Sent counter=9
[2026-04-22 17:58:09.052] I (10505) ReadDataTask: Sent counter=10
[2026-04-22 17:58:10.052] I (11505) ReadDataTask: Sent counter=11
[2026-04-22 17:58:11.052] I (12505) ReadDataTask: Sent counter=12
[2026-04-22 17:58:12.052] I (13505) ReadDataTask: Sent counter=13
[2026-04-22 17:58:13.052] I (14505) ReadDataTask: Sent counter=14
[2026-04-22 17:58:14.051] I (15505) ReadDataTask: Sent counter=15
[2026-04-22 17:58:15.052] I (16505) ReadDataTask: Sent counter=16
[2026-04-22 17:58:16.052] I (17505) ReadDataTask: Sent counter=17
[2026-04-22 17:58:17.052] I (18505) ReadDataTask: Sent counter=18
[2026-04-22 17:58:18.052] I (19505) ReadDataTask: Sent counter=19
[2026-04-22 17:58:19.052] I (20505) ReadDataTask: Sent counter=20
[2026-04-22 17:58:20.052] I (21505) ReadDataTask: Sent counter=21
[2026-04-22 17:58:21.052] I (22505) ReadDataTask: Sent counter=22
[2026-04-22 17:58:22.053] I (23505) ReadDataTask: Sent counter=23
[2026-04-22 17:58:23.052] I (24505) ReadDataTask: Sent counter=24
[2026-04-22 17:58:24.052] I (25505) ReadDataTask: Sent counter=25
[2026-04-22 17:58:25.053] I (26505) ReadDataTask: Sent counter=26
[2026-04-22 17:58:26.052] I (27505) ReadDataTask: Sent counter=27
[2026-04-22 17:58:27.052] I (28505) ReadDataTask: Sent counter=28
[2026-04-22 17:58:28.053] I (29505) ReadDataTask: Sent counter=29
[2026-04-22 17:58:29.053] I (30505) ReadDataTask: Sent counter=30

# Monitor stopped: 2026-04-22T17:58:29.557264
