# Monitor started: 2026-05-23T19:43:38.543086
# Port: /dev/ttyACM0, Baud: 921600, Timeout: 35.000s after WCAN_TEST_START

# UART boot config: wcan v=1 role=sensor transport=MULTICAST test_duration_ms=30000 host_wait_time_ms=5000 base=0xd0 count=3 hz=10 linger=100
[2026-05-23 19:43:38.550] ESP-ROM:esp32c3-api1-20210207
[2026-05-23 19:43:38.556] Build:Feb  7 2021
[2026-05-23 19:43:38.572] rst:0x15 (USB_UART_CHIP_RESET),boot:0xd (SPI_FAST_FLASH_BOOT)
[2026-05-23 19:43:38.579] Saved PC:0x40384eba
[2026-05-23 19:43:38.584] SPIWP:0xee
[2026-05-23 19:43:38.594] mode:DIO, clock div:1
[2026-05-23 19:43:38.600] load:0x3fcd5820,len:0x1574
[2026-05-23 19:43:38.602] load:0x403cc710,len:0xc30
[2026-05-23 19:43:38.604] load:0x403ce710,len:0x2fa0
[2026-05-23 19:43:38.604] entry 0x403cc71a
[2026-05-23 19:43:38.607] I (24) boot: ESP-IDF v5.4.1 2nd stage bootloader
[2026-05-23 19:43:38.610] I (24) boot: compile time May 19 2026 23:41:33
[2026-05-23 19:43:38.614] I (25) boot: chip revision: v0.4
[2026-05-23 19:43:38.615] I (25) boot: efuse block revision: v1.3
[2026-05-23 19:43:38.617] I (25) boot.esp32c3: SPI Speed      : 80MHz
[2026-05-23 19:43:38.627] I (25) boot.esp32c3: SPI Mode       : DIO
[2026-05-23 19:43:38.647] I (26) boot.esp32c3: SPI Flash Size : 2MB
[2026-05-23 19:43:38.648] I (26) boot: Enabling RNG early entropy source...
[2026-05-23 19:43:38.650] I (27) boot: Partition Table:
[2026-05-23 19:43:38.660] I (27) boot: ## Label            Usage          Type ST Offset   Length
[2026-05-23 19:43:38.664] I (28) boot:  0 nvs              WiFi data        01 02 00009000 00006000
[2026-05-23 19:43:38.667] I (29) boot:  1 phy_init         RF data          01 01 0000f000 00001000
[2026-05-23 19:43:38.671] I (29) boot:  2 factory          factory app      00 00 00010000 00100000
[2026-05-23 19:43:38.671] I (30) boot: End of partition table
[2026-05-23 19:43:38.673] I (31) esp_image: segment 0: paddr=00010020 vaddr=3c0a0020 size=19850h (104528) map
[2026-05-23 19:43:38.675] I (48) esp_image: segment 1: paddr=00029878 vaddr=3fc95000 size=02da0h ( 11680) load
[2026-05-23 19:43:38.676] I (51) esp_image: segment 2: paddr=0002c620 vaddr=40380000 size=039f8h ( 14840) load
[2026-05-23 19:43:38.679] I (54) esp_image: segment 3: paddr=00030020 vaddr=42000020 size=990b4h (626868) map
[2026-05-23 19:43:38.681] I (154) esp_image: segment 4: paddr=000c90dc vaddr=403839f8 size=114f8h ( 70904) load
[2026-05-23 19:43:38.683] I (168) esp_image: segment 5: paddr=000da5dc vaddr=50000200 size=0001ch (    28) load
[2026-05-23 19:43:38.687] I (175) boot: Loaded app from partition at offset 0x10000
[2026-05-23 19:43:38.690] I (175) boot: Disabling RNG early entropy source...
[2026-05-23 19:43:38.690] I (176) cpu_start: Unicore app
[2026-05-23 19:43:38.691] I (185) cpu_start: Pro cpu start user code
[2026-05-23 19:43:38.692] I (185) cpu_start: cpu freq: 160000000 Hz
[2026-05-23 19:43:38.694] I (185) app_init: Application information:
[2026-05-23 19:43:38.695] I (185) app_init: Project name:     sensor_acquirer
[2026-05-23 19:43:38.696] I (185) app_init: App version:      v1.0-171-gbbe0783
[2026-05-23 19:43:38.698] I (186) app_init: Compile time:     May 23 2026 14:30:40
[2026-05-23 19:43:38.699] I (186) app_init: ELF file SHA256:  0e7d705e7...
[2026-05-23 19:43:38.699] I (187) app_init: ESP-IDF:          v5.4.1
[2026-05-23 19:43:38.700] I (187) efuse_init: Min chip rev:     v0.3
[2026-05-23 19:43:38.706] I (188) efuse_init: Max chip rev:     v1.99
[2026-05-23 19:43:38.709] I (188) efuse_init: Chip rev:         v0.4
[2026-05-23 19:43:38.712] I (189) heap_init: Initializing. RAM available for dynamic allocation:
[2026-05-23 19:43:38.713] I (190) heap_init: At 3FC9C130 len 00023ED0 (143 KiB): RAM
[2026-05-23 19:43:38.717] I (190) heap_init: At 3FCC0000 len 0001C710 (113 KiB): Retention RAM
[2026-05-23 19:43:38.719] I (191) heap_init: At 3FCDC710 len 00002950 (10 KiB): Retention RAM
[2026-05-23 19:43:38.721] I (192) heap_init: At 5000021C len 00001DCC (7 KiB): RTCRAM
[2026-05-23 19:43:38.721] I (193) spi_flash: detected chip: generic
[2026-05-23 19:43:38.723] I (193) spi_flash: flash io: dio
[2026-05-23 19:43:38.727] W (194) spi_flash: Detected size(4096k) larger than the size in the binary image header(2048k). Using the size in the binary image header.
[2026-05-23 19:43:38.728] I (195) sleep_gpio: Configure to isolate all GPIO pins in sleep state
[2026-05-23 19:43:38.730] I (196) sleep_gpio: Enable automatic switching of GPIO sleep configuration
[2026-05-23 19:43:38.731] I (197) main_task: Started on CPU0
[2026-05-23 19:43:38.732] I (197) main_task: Calling app_main()
[2026-05-23 19:43:38.733] WCAN_CFG_WAIT v=1
# UART boot config sent: wcan v=1 role=sensor transport=MULTICAST test_duration_ms=30000 host_wait_time_ms=5000 base=0xd0 count=3 hz=10 linger=100
[2026-05-23 19:43:38.734] WCAN_CFG_WAIT v=1
[2026-05-23 19:43:41.153] WCAN_CFG_ACK
[2026-05-23 19:43:41.153] WCAN_CFG_ACK
[2026-05-23 19:43:41.163] I (2814) pp: pp rom version: 9387209
[2026-05-23 19:43:41.165] I (2815) net80211: net80211 rom version: 9387209
[2026-05-23 19:43:41.166] I (2816) wifi:wifi driver task: 3fca7594, prio:23, stack:6656, core=0
[2026-05-23 19:43:41.167] I (2820) wifi:wifi firmware version: 79fa3f41ba
[2026-05-23 19:43:41.168] I (2820) wifi:wifi certification version: v7.0
[2026-05-23 19:43:41.169] I (2820) wifi:config NVS flash: enabled
[2026-05-23 19:43:41.170] I (2820) wifi:config nano formatting: disabled
[2026-05-23 19:43:41.171] I (2821) wifi:Init data frame dynamic rx buffer num: 32
[2026-05-23 19:43:41.172] I (2821) wifi:Init static rx mgmt buffer num: 5
[2026-05-23 19:43:41.173] I (2822) wifi:Init management short buffer num: 32
[2026-05-23 19:43:41.174] I (2822) wifi:Init dynamic tx buffer num: 32
[2026-05-23 19:43:41.175] I (2823) wifi:Init static tx FG buffer num: 2
[2026-05-23 19:43:41.176] I (2823) wifi:Init static rx buffer size: 1600
[2026-05-23 19:43:41.177] I (2824) wifi:Init static rx buffer num: 10
[2026-05-23 19:43:41.178] I (2824) wifi:Init dynamic rx buffer num: 32
[2026-05-23 19:43:41.179] I (2825) wifi_init: rx ba win: 6
[2026-05-23 19:43:41.180] I (2826) wifi_init: accept mbox: 6
[2026-05-23 19:43:41.180] I (2826) wifi_init: tcpip mbox: 32
[2026-05-23 19:43:41.181] I (2826) wifi_init: udp mbox: 6
[2026-05-23 19:43:41.182] I (2826) wifi_init: tcp mbox: 6
[2026-05-23 19:43:41.182] I (2827) wifi_init: tcp tx win: 5760
[2026-05-23 19:43:41.183] I (2827) wifi_init: tcp rx win: 5760
[2026-05-23 19:43:41.184] I (2828) wifi_init: tcp mss: 1440
[2026-05-23 19:43:41.185] I (2828) wifi_init: WiFi IRAM OP enabled
[2026-05-23 19:43:41.186] I (2828) wifi_init: WiFi RX IRAM OP enabled
[2026-05-23 19:43:41.187] I (2829) phy_init: phy_version 1200,2b7123f9,Feb 18 2025,15:22:21
[2026-05-23 19:43:41.253] I (2909) wifi:mode : sta (54:32:04:8c:0b:8c)
[2026-05-23 19:43:41.254] I (2909) wifi:enable tsf
[2026-05-23 19:43:41.257] I (2912) ESPNOW: espnow [version: 2.0] init
[2026-05-23 19:43:41.257] WCAN_TEST_READY role=sensor
# Waiting for phased test start
# UART test start sent: WCAN_TEST_START at 2026-05-23T19:43:41.270005
[2026-05-23 19:44:11.600] WCAN_BATCH id=0xd0 count=150 avg_hz=5.00 avg_points=1.99 min_points=1 max_points=2 avg_interval_ms=200.00 min_interval_ms=199.95 max_interval_ms=200.03 avg_dispatch_ms=1.73 max_dispatch_ms=5.91 dispatched_count=150 avg_queue_wait_ms=0.15 max_queue_wait_ms=0.28
[2026-05-23 19:44:11.603] WCAN_BATCH id=0xd1 count=150 avg_hz=5.00 avg_points=1.99 min_points=1 max_points=2 avg_interval_ms=200.00 min_interval_ms=199.92 max_interval_ms=200.07 avg_dispatch_ms=1.09 max_dispatch_ms=3.92 dispatched_count=150 avg_queue_wait_ms=1.93 max_queue_wait_ms=6.07
[2026-05-23 19:44:11.606] WCAN_BATCH id=0xd2 count=150 avg_hz=5.00 avg_points=1.99 min_points=1 max_points=2 avg_interval_ms=200.00 min_interval_ms=199.92 max_interval_ms=200.07 avg_dispatch_ms=1.16 max_dispatch_ms=4.02 dispatched_count=150 avg_queue_wait_ms=3.07 max_queue_wait_ms=7.10
[2026-05-23 19:44:11.606] WCAN_SENSOR_END generated=298 avg_hz=9.97
[2026-05-23 19:44:11.609] WCAN_MEASURES elapsed_ms=29999 heap_start_free=66296 heap_end_free=82328 heap_start_min_free=66296 heap_end_min_free=65372 heap_start_largest=47104 heap_end_largest=47104 airtime_us_total=591807 packets_sent_total=450 sensor_send_failures_total=0
[2026-05-23 19:44:11.609] WCAN_TEST_END role=sensor

# Monitor stopped: 2026-05-23T19:44:11.609625
