# Monitor started: 2026-05-23T18:30:23.313706
# Port: /dev/ttyACM0, Baud: 921600, Timeout: 35.000s after WCAN_TEST_START

# UART boot config: wcan v=1 role=sensor transport=BROADCAST test_duration_ms=30000 host_wait_time_ms=5000 base=0xd0 count=1 hz=750 linger=100
[2026-05-23 18:30:23.315] ESP-ROM:esp32c3-api1-20210207
[2026-05-23 18:30:23.316] Build:Feb  7 2021
[2026-05-23 18:30:23.321] rst:0x15 (USB_UART_CHIP_RESET),boot:0xd (SPI_FAST_FLASH_BOOT)
[2026-05-23 18:30:23.323] Saved PC:0x40384eba
[2026-05-23 18:30:23.324] SPIWP:0xee
[2026-05-23 18:30:23.325] mode:DIO, clock div:1
[2026-05-23 18:30:23.326] load:0x3fcd5820,len:0x1574
[2026-05-23 18:30:23.329] load:0x403cc710,len:0xc30
[2026-05-23 18:30:23.331] load:0x403ce710,len:0x2fa0
[2026-05-23 18:30:23.332] entry 0x403cc71a
[2026-05-23 18:30:23.335] I (24) boot: ESP-IDF v5.4.1 2nd stage bootloader
[2026-05-23 18:30:23.337] I (24) boot: compile time May 20 2026 00:05:32
[2026-05-23 18:30:23.339] I (25) boot: chip revision: v0.4
[2026-05-23 18:30:23.341] I (25) boot: efuse block revision: v1.3
[2026-05-23 18:30:23.343] I (25) boot.esp32c3: SPI Speed      : 80MHz
[2026-05-23 18:30:23.346] I (25) boot.esp32c3: SPI Mode       : DIO
[2026-05-23 18:30:23.348] I (26) boot.esp32c3: SPI Flash Size : 2MB
[2026-05-23 18:30:23.350] I (26) boot: Enabling RNG early entropy source...
[2026-05-23 18:30:23.355] I (27) boot: Partition Table:
[2026-05-23 18:30:23.357] I (27) boot: ## Label            Usage          Type ST Offset   Length
[2026-05-23 18:30:23.361] I (28) boot:  0 nvs              WiFi data        01 02 00009000 00006000
[2026-05-23 18:30:23.367] I (29) boot:  1 phy_init         RF data          01 01 0000f000 00001000
[2026-05-23 18:30:23.371] I (29) boot:  2 factory          factory app      00 00 00010000 00100000
[2026-05-23 18:30:23.375] I (30) boot: End of partition table
[2026-05-23 18:30:23.380] I (31) esp_image: segment 0: paddr=00010020 vaddr=3c0a0020 size=1977ch (104316) map
[2026-05-23 18:30:23.382] I (48) esp_image: segment 1: paddr=000297a4 vaddr=3fc95200 size=02da0h ( 11680) load
[2026-05-23 18:30:23.387] I (51) esp_image: segment 2: paddr=0002c54c vaddr=40380000 size=03acch ( 15052) load
[2026-05-23 18:30:23.392] I (54) esp_image: segment 3: paddr=00030020 vaddr=42000020 size=9942ch (627756) map
[2026-05-23 18:30:23.400] I (154) esp_image: segment 4: paddr=000c9454 vaddr=40383acc size=11614h ( 71188) load
[2026-05-23 18:30:23.403] I (168) esp_image: segment 5: paddr=000daa70 vaddr=50000200 size=0001ch (    28) load
[2026-05-23 18:30:23.406] I (175) boot: Loaded app from partition at offset 0x10000
[2026-05-23 18:30:23.407] I (175) boot: Disabling RNG early entropy source...
[2026-05-23 18:30:23.411] I (176) cpu_start: Unicore app
[2026-05-23 18:30:23.414] I (185) cpu_start: Pro cpu start user code
[2026-05-23 18:30:23.419] I (185) cpu_start: cpu freq: 160000000 Hz
[2026-05-23 18:30:23.420] I (185) app_init: Application information:
[2026-05-23 18:30:23.427] I (185) app_init: Project name:     sensor_acquirer
[2026-05-23 18:30:23.434] I (185) app_init: App version:      v1.0-171-gbbe0783
[2026-05-23 18:30:23.438] I (186) app_init: Compile time:     May 23 2026 14:30:31
[2026-05-23 18:30:23.441] I (186) app_init: ELF file SHA256:  493679023...
[2026-05-23 18:30:23.449] I (187) app_init: ESP-IDF:          v5.4.1
[2026-05-23 18:30:23.452] I (188) efuse_init: Min chip rev:     v0.3
[2026-05-23 18:30:23.456] I (188) efuse_init: Max chip rev:     v1.99
[2026-05-23 18:30:23.460] I (188) efuse_init: Chip rev:         v0.4
[2026-05-23 18:30:23.466] I (189) heap_init: Initializing. RAM available for dynamic allocation:
[2026-05-23 18:30:23.469] I (190) heap_init: At 3FC9C340 len 00023CC0 (143 KiB): RAM
[2026-05-23 18:30:23.471] I (190) heap_init: At 3FCC0000 len 0001C710 (113 KiB): Retention RAM
[2026-05-23 18:30:23.472] I (191) heap_init: At 3FCDC710 len 00002950 (10 KiB): Retention RAM
[2026-05-23 18:30:23.474] I (192) heap_init: At 5000021C len 00001DCC (7 KiB): RTCRAM
[2026-05-23 18:30:23.475] I (193) spi_flash: detected chip: generic
[2026-05-23 18:30:23.476] I (194) spi_flash: flash io: dio
[2026-05-23 18:30:23.480] W (194) spi_flash: Detected size(4096k) larger than the size in the binary image header(2048k). Using the size in the binary image header.
[2026-05-23 18:30:23.481] I (195) sleep_gpio: Configure to isolate all GPIO pins in sleep state
[2026-05-23 18:30:23.481] I (196) sleep_gpio: Enable automatic switching of GPIO sleep configuration
[2026-05-23 18:30:23.482] I (197) main_task: Started on CPU0
[2026-05-23 18:30:23.482] I (197) main_task: Calling app_main()
[2026-05-23 18:30:23.482] WCAN_CFG_WAIT v=1
# UART boot config sent: wcan v=1 role=sensor transport=BROADCAST test_duration_ms=30000 host_wait_time_ms=5000 base=0xd0 count=1 hz=750 linger=100
[2026-05-23 18:30:23.483] WCAN_CFG_WAIT v=1
[2026-05-23 18:30:25.932] WCAN_CFG_ACK
[2026-05-23 18:30:25.932] WCAN_CFG_ACK
[2026-05-23 18:30:25.936] I (2822) pp: pp rom version: 9387209
[2026-05-23 18:30:25.937] I (2823) net80211: net80211 rom version: 9387209
[2026-05-23 18:30:25.938] I (2824) wifi:wifi driver task: 3fca77a4, prio:23, stack:6656, core=0
[2026-05-23 18:30:25.942] I (2828) wifi:wifi firmware version: 79fa3f41ba
[2026-05-23 18:30:25.942] I (2828) wifi:wifi certification version: v7.0
[2026-05-23 18:30:25.943] I (2828) wifi:config NVS flash: enabled
[2026-05-23 18:30:25.943] I (2828) wifi:config nano formatting: disabled
[2026-05-23 18:30:25.943] I (2829) wifi:Init data frame dynamic rx buffer num: 32
[2026-05-23 18:30:25.944] I (2829) wifi:Init static rx mgmt buffer num: 5
[2026-05-23 18:30:25.944] I (2830) wifi:Init management short buffer num: 32
[2026-05-23 18:30:25.945] I (2830) wifi:Init dynamic tx buffer num: 32
[2026-05-23 18:30:25.945] I (2831) wifi:Init static tx FG buffer num: 2
[2026-05-23 18:30:25.946] I (2831) wifi:Init static rx buffer size: 1600
[2026-05-23 18:30:25.946] I (2832) wifi:Init static rx buffer num: 10
[2026-05-23 18:30:25.947] I (2832) wifi:Init dynamic rx buffer num: 32
[2026-05-23 18:30:25.948] I (2833) wifi_init: rx ba win: 6
[2026-05-23 18:30:25.948] I (2834) wifi_init: accept mbox: 6
[2026-05-23 18:30:25.948] I (2834) wifi_init: tcpip mbox: 32
[2026-05-23 18:30:25.948] I (2834) wifi_init: udp mbox: 6
[2026-05-23 18:30:25.949] I (2834) wifi_init: tcp mbox: 6
[2026-05-23 18:30:25.949] I (2835) wifi_init: tcp tx win: 5760
[2026-05-23 18:30:25.950] I (2835) wifi_init: tcp rx win: 5760
[2026-05-23 18:30:25.950] I (2836) wifi_init: tcp mss: 1440
[2026-05-23 18:30:25.950] I (2836) wifi_init: WiFi IRAM OP enabled
[2026-05-23 18:30:25.951] I (2836) wifi_init: WiFi RX IRAM OP enabled
[2026-05-23 18:30:25.952] I (2837) phy_init: phy_version 1200,2b7123f9,Feb 18 2025,15:22:21
[2026-05-23 18:30:25.985] I (2870) wifi:mode : sta (54:32:04:8c:0b:8c)
[2026-05-23 18:30:25.985] I (2871) wifi:enable tsf
[2026-05-23 18:30:25.988] I (2873) ESPNOW: espnow [version: 2.0] init
[2026-05-23 18:30:25.989] WCAN_TEST_READY role=sensor
# Waiting for phased test start
# UART test start sent: WCAN_TEST_START at 2026-05-23T18:30:26.000838
[2026-05-23 18:30:26.810] P(FAIL):3499:d0:0:0:75:76
[2026-05-23 18:30:27.132] P(FAIL):3821:d0:1:76:151:76
[2026-05-23 18:30:27.674] P(FAIL):4363:d0:9:684:759:76
[2026-05-23 18:30:28.666] P(FAIL):5355:d0:18:1368:1443:76
[2026-05-23 18:30:39.907] P(FAIL):16596:d0:130:9880:9955:76
[2026-05-23 18:30:41.801] P(FAIL):18490:d0:148:11248:11323:76
[2026-05-23 18:30:45.621] P(FAIL):22310:d0:186:14136:14211:76
[2026-05-23 18:30:47.705] P(FAIL):24394:d0:207:15732:15807:76
[2026-05-23 18:30:49.489] P(FAIL):26177:d0:224:17024:17099:76
[2026-05-23 18:30:53.274] P(FAIL):29962:d0:262:19912:19987:76
[2026-05-23 18:30:53.567] P(FAIL):30255:d0:263:19988:20063:76
[2026-05-23 18:30:53.900] P(FAIL):30588:d0:266:20216:20291:76
[2026-05-23 18:30:56.355] P(FAIL):33043:d0:292:22192:22267:76
[2026-05-23 18:30:57.154] P(FAIL):33843:d0:293:22268:22343:76
[2026-05-23 18:30:57.314] WCAN_BATCH id=0xd0 count=297 avg_hz=9.87 avg_points=75.77 min_points=9 max_points=76 avg_interval_ms=101.31 min_interval_ms=101.16 max_interval_ms=101.34 avg_dispatch_ms=3.68 max_dispatch_ms=7.53 dispatched_count=332 avg_queue_wait_ms=52.91 max_queue_wait_ms=561.16
[2026-05-23 18:30:57.315] WCAN_SENSOR_END generated=22504 avg_hz=750.19
[2026-05-23 18:30:57.319] WCAN_MEASURES elapsed_ms=29999 heap_start_free=126648 heap_end_free=141436 heap_start_min_free=124496 heap_end_min_free=123932 heap_start_largest=98304 heap_end_largest=98304 airtime_us_total=1219527 packets_sent_total=332 sensor_send_failures_total=0
[2026-05-23 18:30:57.320] WCAN_TEST_END role=sensor

# Monitor stopped: 2026-05-23T18:30:57.320277
