# Monitor started: 2026-05-23T15:09:25.558848
# Port: /dev/ttyACM1, Baud: 921600, Timeout: 35.000s after WCAN_TEST_START

# UART boot config: wcan v=1 role=idle transport=BROADCAST test_duration_ms=30000 host_wait_time_ms=5000
[2026-05-23 15:09:25.559] ESP-ROM:esp32c3-api1-20210207
[2026-05-23 15:09:25.560] Build:Feb  7 2021
[2026-05-23 15:09:25.563] rst:0x15 (USB_UART_CHIP_RESET),boot:0xd (SPI_FAST_FLASH_BOOT)
[2026-05-23 15:09:25.563] Saved PC:0x40384eba
[2026-05-23 15:09:25.564] SPIWP:0xee
[2026-05-23 15:09:25.565] mode:DIO, clock div:1
[2026-05-23 15:09:25.566] load:0x3fcd5820,len:0x1574
[2026-05-23 15:09:25.569] load:0x403cc710,len:0xc30
[2026-05-23 15:09:25.571] load:0x403ce710,len:0x2fa0
[2026-05-23 15:09:25.573] entry 0x403cc71a
[2026-05-23 15:09:25.576] I (24) boot: ESP-IDF v5.4.1 2nd stage bootloader
[2026-05-23 15:09:25.581] I (24) boot: compile time May 20 2026 00:05:32
[2026-05-23 15:09:25.584] I (24) boot: chip revision: v0.4
[2026-05-23 15:09:25.584] I (25) boot: efuse block revision: v1.3
[2026-05-23 15:09:25.588] I (25) boot.esp32c3: SPI Speed      : 80MHz
[2026-05-23 15:09:25.593] I (25) boot.esp32c3: SPI Mode       : DIO
[2026-05-23 15:09:25.595] I (26) boot.esp32c3: SPI Flash Size : 2MB
[2026-05-23 15:09:25.598] I (26) boot: Enabling RNG early entropy source...
[2026-05-23 15:09:25.600] I (27) boot: Partition Table:
[2026-05-23 15:09:25.604] I (27) boot: ## Label            Usage          Type ST Offset   Length
[2026-05-23 15:09:25.609] I (28) boot:  0 nvs              WiFi data        01 02 00009000 00006000
[2026-05-23 15:09:25.615] I (29) boot:  1 phy_init         RF data          01 01 0000f000 00001000
[2026-05-23 15:09:25.623] I (29) boot:  2 factory          factory app      00 00 00010000 00100000
[2026-05-23 15:09:25.625] I (30) boot: End of partition table
[2026-05-23 15:09:25.630] I (31) esp_image: segment 0: paddr=00010020 vaddr=3c0a0020 size=1977ch (104316) map
[2026-05-23 15:09:25.639] I (48) esp_image: segment 1: paddr=000297a4 vaddr=3fc95200 size=02da0h ( 11680) load
[2026-05-23 15:09:25.645] I (51) esp_image: segment 2: paddr=0002c54c vaddr=40380000 size=03acch ( 15052) load
[2026-05-23 15:09:25.651] I (54) esp_image: segment 3: paddr=00030020 vaddr=42000020 size=9942ch (627756) map
[2026-05-23 15:09:25.655] I (154) esp_image: segment 4: paddr=000c9454 vaddr=40383acc size=11614h ( 71188) load
[2026-05-23 15:09:25.659] I (168) esp_image: segment 5: paddr=000daa70 vaddr=50000200 size=0001ch (    28) load
[2026-05-23 15:09:25.666] I (175) boot: Loaded app from partition at offset 0x10000
[2026-05-23 15:09:25.671] I (175) boot: Disabling RNG early entropy source...
[2026-05-23 15:09:25.673] I (176) cpu_start: Unicore app
[2026-05-23 15:09:25.676] I (185) cpu_start: Pro cpu start user code
[2026-05-23 15:09:25.679] I (185) cpu_start: cpu freq: 160000000 Hz
[2026-05-23 15:09:25.682] I (185) app_init: Application information:
[2026-05-23 15:09:25.688] I (185) app_init: Project name:     sensor_acquirer
[2026-05-23 15:09:25.695] I (185) app_init: App version:      v1.0-171-gbbe0783
[2026-05-23 15:09:25.701] I (186) app_init: Compile time:     May 23 2026 14:30:31
[2026-05-23 15:09:25.706] I (187) app_init: ELF file SHA256:  493679023...
[2026-05-23 15:09:25.709] I (187) app_init: ESP-IDF:          v5.4.1
[2026-05-23 15:09:25.711] I (188) efuse_init: Min chip rev:     v0.3
[2026-05-23 15:09:25.712] I (188) efuse_init: Max chip rev:     v1.99
[2026-05-23 15:09:25.713] I (189) efuse_init: Chip rev:         v0.4
[2026-05-23 15:09:25.714] I (189) heap_init: Initializing. RAM available for dynamic allocation:
[2026-05-23 15:09:25.715] I (190) heap_init: At 3FC9C340 len 00023CC0 (143 KiB): RAM
[2026-05-23 15:09:25.716] I (191) heap_init: At 3FCC0000 len 0001C710 (113 KiB): Retention RAM
[2026-05-23 15:09:25.717] I (191) heap_init: At 3FCDC710 len 00002950 (10 KiB): Retention RAM
[2026-05-23 15:09:25.718] I (192) heap_init: At 5000021C len 00001DCC (7 KiB): RTCRAM
[2026-05-23 15:09:25.719] I (194) spi_flash: detected chip: generic
[2026-05-23 15:09:25.720] I (194) spi_flash: flash io: dio
[2026-05-23 15:09:25.723] W (194) spi_flash: Detected size(4096k) larger than the size in the binary image header(2048k). Using the size in the binary image header.
[2026-05-23 15:09:25.724] I (196) sleep_gpio: Configure to isolate all GPIO pins in sleep state
[2026-05-23 15:09:25.725] I (196) sleep_gpio: Enable automatic switching of GPIO sleep configuration
[2026-05-23 15:09:25.725] I (197) main_task: Started on CPU0
[2026-05-23 15:09:25.725] I (197) main_task: Calling app_main()
[2026-05-23 15:09:25.725] WCAN_CFG_WAIT v=1
# UART boot config sent: wcan v=1 role=idle transport=BROADCAST test_duration_ms=30000 host_wait_time_ms=5000
[2026-05-23 15:09:25.726] WCAN_CFG_WAIT v=1
[2026-05-23 15:09:27.417] WCAN_CFG_ACK
[2026-05-23 15:09:27.418] WCAN_CFG_ACK
[2026-05-23 15:09:27.418] WCAN_TEST_READY role=idle
# Waiting for phased test start
# UART test start sent: WCAN_TEST_START at 2026-05-23T15:09:27.439445
[2026-05-23 15:09:27.739] WCAN_TEST_END role=idle

# Monitor stopped: 2026-05-23T15:09:27.739687
