# Monitor started: 2026-05-23T18:13:13.032151
# Port: /dev/ttyACM1, Baud: 921600, Timeout: 35.000s after WCAN_TEST_START

# UART boot config: wcan v=1 role=sensor transport=BROADCAST test_duration_ms=30000 host_wait_time_ms=5000 base=0xe0 count=1 hz=750 linger=100
[2026-05-23 18:13:13.039] ESP-ROM:esp32c3-api1-20210207
[2026-05-23 18:13:13.043] Build:Feb  7 2021
[2026-05-23 18:13:13.063] rst:0x15 (USB_UART_CHIP_RESET),boot:0xd (SPI_FAST_FLASH_BOOT)
[2026-05-23 18:13:13.068] Saved PC:0x40384eba
[2026-05-23 18:13:13.071] SPIWP:0xee
[2026-05-23 18:13:13.073] mode:DIO, clock div:1
[2026-05-23 18:13:13.085] load:0x3fcd5820,len:0x1574
[2026-05-23 18:13:13.092] load:0x403cc710,len:0xc30
[2026-05-23 18:13:13.102] load:0x403ce710,len:0x2fa0
[2026-05-23 18:13:13.105] entry 0x403cc71a
[2026-05-23 18:13:13.107] I (24) boot: ESP-IDF v5.4.1 2nd stage bootloader
[2026-05-23 18:13:13.109] I (24) boot: compile time May 20 2026 00:05:32
[2026-05-23 18:13:13.110] I (25) boot: chip revision: v0.4
[2026-05-23 18:13:13.112] I (25) boot: efuse block revision: v1.3
[2026-05-23 18:13:13.113] I (25) boot.esp32c3: SPI Speed      : 80MHz
[2026-05-23 18:13:13.114] I (25) boot.esp32c3: SPI Mode       : DIO
[2026-05-23 18:13:13.116] I (26) boot.esp32c3: SPI Flash Size : 2MB
[2026-05-23 18:13:13.118] I (26) boot: Enabling RNG early entropy source...
[2026-05-23 18:13:13.120] I (27) boot: Partition Table:
[2026-05-23 18:13:13.123] I (27) boot: ## Label            Usage          Type ST Offset   Length
[2026-05-23 18:13:13.132] I (28) boot:  0 nvs              WiFi data        01 02 00009000 00006000
[2026-05-23 18:13:13.134] I (29) boot:  1 phy_init         RF data          01 01 0000f000 00001000
[2026-05-23 18:13:13.141] I (29) boot:  2 factory          factory app      00 00 00010000 00100000
[2026-05-23 18:13:13.145] I (30) boot: End of partition table
[2026-05-23 18:13:13.151] I (31) esp_image: segment 0: paddr=00010020 vaddr=3c0a0020 size=1977ch (104316) map
[2026-05-23 18:13:13.155] I (48) esp_image: segment 1: paddr=000297a4 vaddr=3fc95200 size=02da0h ( 11680) load
[2026-05-23 18:13:13.160] I (51) esp_image: segment 2: paddr=0002c54c vaddr=40380000 size=03acch ( 15052) load
[2026-05-23 18:13:13.168] I (54) esp_image: segment 3: paddr=00030020 vaddr=42000020 size=9942ch (627756) map
[2026-05-23 18:13:13.176] I (154) esp_image: segment 4: paddr=000c9454 vaddr=40383acc size=11614h ( 71188) load
[2026-05-23 18:13:13.181] I (168) esp_image: segment 5: paddr=000daa70 vaddr=50000200 size=0001ch (    28) load
[2026-05-23 18:13:13.185] I (175) boot: Loaded app from partition at offset 0x10000
[2026-05-23 18:13:13.188] I (175) boot: Disabling RNG early entropy source...
[2026-05-23 18:13:13.189] I (176) cpu_start: Unicore app
[2026-05-23 18:13:13.198] I (185) cpu_start: Pro cpu start user code
[2026-05-23 18:13:13.202] I (185) cpu_start: cpu freq: 160000000 Hz
[2026-05-23 18:13:13.205] I (185) app_init: Application information:
[2026-05-23 18:13:13.207] I (185) app_init: Project name:     sensor_acquirer
[2026-05-23 18:13:13.209] I (185) app_init: App version:      v1.0-171-gbbe0783
[2026-05-23 18:13:13.210] I (186) app_init: Compile time:     May 23 2026 14:30:31
[2026-05-23 18:13:13.212] I (187) app_init: ELF file SHA256:  493679023...
[2026-05-23 18:13:13.213] I (187) app_init: ESP-IDF:          v5.4.1
[2026-05-23 18:13:13.214] I (188) efuse_init: Min chip rev:     v0.3
[2026-05-23 18:13:13.216] I (188) efuse_init: Max chip rev:     v1.99
[2026-05-23 18:13:13.217] I (189) efuse_init: Chip rev:         v0.4
[2026-05-23 18:13:13.219] I (189) heap_init: Initializing. RAM available for dynamic allocation:
[2026-05-23 18:13:13.220] I (190) heap_init: At 3FC9C340 len 00023CC0 (143 KiB): RAM
[2026-05-23 18:13:13.222] I (191) heap_init: At 3FCC0000 len 0001C710 (113 KiB): Retention RAM
[2026-05-23 18:13:13.224] I (191) heap_init: At 3FCDC710 len 00002950 (10 KiB): Retention RAM
[2026-05-23 18:13:13.226] I (192) heap_init: At 5000021C len 00001DCC (7 KiB): RTCRAM
[2026-05-23 18:13:13.227] I (194) spi_flash: detected chip: generic
[2026-05-23 18:13:13.228] I (194) spi_flash: flash io: dio
[2026-05-23 18:13:13.232] W (194) spi_flash: Detected size(4096k) larger than the size in the binary image header(2048k). Using the size in the binary image header.
[2026-05-23 18:13:13.233] I (196) sleep_gpio: Configure to isolate all GPIO pins in sleep state
[2026-05-23 18:13:13.236] I (196) sleep_gpio: Enable automatic switching of GPIO sleep configuration
[2026-05-23 18:13:13.237] I (197) main_task: Started on CPU0
[2026-05-23 18:13:13.238] I (197) main_task: Calling app_main()
[2026-05-23 18:13:13.238] WCAN_CFG_WAIT v=1
# UART boot config sent: wcan v=1 role=sensor transport=BROADCAST test_duration_ms=30000 host_wait_time_ms=5000 base=0xe0 count=1 hz=750 linger=100
[2026-05-23 18:13:13.238] WCAN_CFG_WAIT v=1
[2026-05-23 18:13:15.690] WCAN_CFG_ACK
[2026-05-23 18:13:15.690] WCAN_CFG_ACK
[2026-05-23 18:13:15.695] I (2862) pp: pp rom version: 9387209
[2026-05-23 18:13:15.695] I (2863) net80211: net80211 rom version: 9387209
[2026-05-23 18:13:15.697] I (2864) wifi:wifi driver task: 3fca7720, prio:23, stack:6656, core=0
[2026-05-23 18:13:15.701] I (2868) wifi:wifi firmware version: 79fa3f41ba
[2026-05-23 18:13:15.701] I (2868) wifi:wifi certification version: v7.0
[2026-05-23 18:13:15.701] I (2868) wifi:config NVS flash: enabled
[2026-05-23 18:13:15.702] I (2868) wifi:config nano formatting: disabled
[2026-05-23 18:13:15.702] I (2869) wifi:Init data frame dynamic rx buffer num: 32
[2026-05-23 18:13:15.702] I (2869) wifi:Init static rx mgmt buffer num: 5
[2026-05-23 18:13:15.703] I (2870) wifi:Init management short buffer num: 32
[2026-05-23 18:13:15.703] I (2870) wifi:Init dynamic tx buffer num: 32
[2026-05-23 18:13:15.704] I (2871) wifi:Init static tx FG buffer num: 2
[2026-05-23 18:13:15.704] I (2871) wifi:Init static rx buffer size: 1600
[2026-05-23 18:13:15.705] I (2872) wifi:Init static rx buffer num: 10
[2026-05-23 18:13:15.705] I (2872) wifi:Init dynamic rx buffer num: 32
[2026-05-23 18:13:15.706] I (2873) wifi_init: rx ba win: 6
[2026-05-23 18:13:15.706] I (2874) wifi_init: accept mbox: 6
[2026-05-23 18:13:15.706] I (2874) wifi_init: tcpip mbox: 32
[2026-05-23 18:13:15.707] I (2874) wifi_init: udp mbox: 6
[2026-05-23 18:13:15.707] I (2874) wifi_init: tcp mbox: 6
[2026-05-23 18:13:15.708] I (2875) wifi_init: tcp tx win: 5760
[2026-05-23 18:13:15.708] I (2875) wifi_init: tcp rx win: 5760
[2026-05-23 18:13:15.708] I (2876) wifi_init: tcp mss: 1440
[2026-05-23 18:13:15.709] I (2876) wifi_init: WiFi IRAM OP enabled
[2026-05-23 18:13:15.709] I (2876) wifi_init: WiFi RX IRAM OP enabled
[2026-05-23 18:13:15.710] I (2877) phy_init: phy_version 1200,2b7123f9,Feb 18 2025,15:22:21
[2026-05-23 18:13:15.745] I (2912) wifi:mode : sta (74:4d:bd:e1:d5:b8)
[2026-05-23 18:13:15.745] I (2913) wifi:enable tsf
[2026-05-23 18:13:15.748] I (2915) ESPNOW: espnow [version: 2.0] init
[2026-05-23 18:13:15.749] WCAN_TEST_READY role=sensor
# Waiting for phased test start
# UART test start sent: WCAN_TEST_START at 2026-05-23T18:13:15.761188
[2026-05-23 18:13:16.575] P(FAIL):3545:e0:0:0:75:76
[2026-05-23 18:13:16.897] P(FAIL):3867:e0:1:76:151:76
[2026-05-23 18:13:17.350] P(FAIL):4321:e0:8:608:683:76
[2026-05-23 18:13:17.855] P(FAIL):4825:e0:13:988:1063:76
[2026-05-23 18:13:18.265] P(FAIL):5235:e0:17:1292:1367:76
[2026-05-23 18:13:18.671] P(FAIL):5641:e0:21:1596:1671:76
[2026-05-23 18:13:19.151] P(FAIL):6121:e0:25:1900:1975:76
[2026-05-23 18:13:19.615] P(FAIL):6585:e0:30:2280:2355:76
[2026-05-23 18:13:20.024] P(FAIL):6994:e0:31:2356:2431:76
[2026-05-23 18:13:20.479] P(FAIL):7449:e0:39:2964:3039:76
[2026-05-23 18:13:20.911] P(FAIL):7882:e0:43:3268:3343:76
[2026-05-23 18:13:21.234] P(FAIL):8204:e0:47:3572:3647:76
[2026-05-23 18:13:21.764] P(FAIL):8734:e0:52:3952:4027:76
[2026-05-23 18:13:22.188] P(FAIL):9159:e0:56:4256:4331:76
[2026-05-23 18:13:22.698] P(FAIL):9669:e0:60:4560:4635:76
[2026-05-23 18:13:23.107] P(FAIL):10077:e0:65:4940:5015:76
[2026-05-23 18:13:23.464] P(FAIL):10434:e0:69:5244:5319:76
[2026-05-23 18:13:23.855] P(FAIL):10825:e0:70:5320:5395:76
[2026-05-23 18:13:24.238] P(FAIL):11208:e0:74:5624:5699:76
[2026-05-23 18:13:24.643] P(FAIL):11613:e0:80:6080:6155:76
[2026-05-23 18:13:24.993] P(FAIL):11963:e0:84:6384:6459:76
[2026-05-23 18:13:25.643] P(FAIL):12613:e0:90:6840:6915:76
[2026-05-23 18:13:26.091] P(FAIL):13061:e0:94:7144:7219:76
[2026-05-23 18:13:26.447] P(FAIL):13417:e0:96:7296:7371:76
[2026-05-23 18:13:26.907] P(FAIL):13878:e0:102:7752:7827:76
[2026-05-23 18:13:27.314] P(FAIL):14284:e0:103:7828:7903:76
[2026-05-23 18:13:27.724] P(FAIL):14694:e0:104:7904:7979:76
[2026-05-23 18:13:31.401] P(FAIL):18370:e0:146:11174:11249:76
[2026-05-23 18:13:33.005] P(FAIL):19975:e0:161:12314:12389:76
[2026-05-23 18:13:33.607] P(FAIL):20576:e0:167:12770:12845:76
[2026-05-23 18:13:34.582] P(FAIL):21552:e0:177:13530:13605:76
[2026-05-23 18:13:34.993] P(FAIL):21963:e0:182:13910:13985:76
[2026-05-23 18:13:36.029] P(FAIL):22998:e0:192:14670:14745:76
[2026-05-23 18:13:37.167] P(FAIL):24137:e0:203:15506:15581:76
[2026-05-23 18:13:39.604] P(FAIL):26574:e0:227:17330:17405:76
[2026-05-23 18:13:42.121] P(FAIL):29091:e0:251:19154:19229:76
[2026-05-23 18:13:42.501] P(FAIL):29471:e0:256:19534:19609:76
[2026-05-23 18:13:42.794] P(FAIL):29764:e0:258:19686:19761:76
[2026-05-23 18:13:43.530] P(FAIL):30500:e0:266:20294:20369:76
[2026-05-23 18:13:45.528] P(FAIL):32498:e0:285:21738:21813:76
[2026-05-23 18:13:46.055] P(FAIL):33025:e0:291:22194:22269:76
[2026-05-23 18:13:46.741] P(FAIL):33711:e0:292:22270:22345:76
[2026-05-23 18:13:47.075] WCAN_BATCH id=0xe0 count=296 avg_hz=9.84 avg_points=75.77 min_points=7 max_points=76 avg_interval_ms=101.66 min_interval_ms=101.24 max_interval_ms=205.34 avg_dispatch_ms=4.00 max_dispatch_ms=11.62 dispatched_count=421 avg_queue_wait_ms=141.43 max_queue_wait_ms=915.59
[2026-05-23 18:13:47.076] WCAN_SENSOR_END generated=22504 avg_hz=750.19
[2026-05-23 18:13:47.077] S(FAIL):34042:e0:0:8664:8741:78
[2026-05-23 18:13:47.081] WCAN_MEASURES elapsed_ms=29999 heap_start_free=126780 heap_end_free=141568 heap_start_min_free=126456 heap_end_min_free=125892 heap_start_largest=98304 heap_end_largest=98304 airtime_us_total=1678699 packets_sent_total=421 sensor_send_failures_total=78
[2026-05-23 18:13:47.082] WCAN_TEST_END role=sensor

# Monitor stopped: 2026-05-23T18:13:47.082646
