# Monitor started: 2026-05-23T18:21:50.258733
# Port: /dev/ttyACM0, Baud: 921600, Timeout: 35.000s after WCAN_TEST_START

# UART boot config: wcan v=1 role=sensor transport=BROADCAST test_duration_ms=30000 host_wait_time_ms=5000 base=0xd0 count=1 hz=1000 linger=100
[2026-05-23 18:21:50.268] ESP-ROM:esp32c3-api1-20210207
[2026-05-23 18:21:50.276] Build:Feb  7 2021
[2026-05-23 18:21:50.304] rst:0x15 (USB_UART_CHIP_RESET),boot:0xd (SPI_FAST_FLASH_BOOT)
[2026-05-23 18:21:50.313] Saved PC:0x40384eba
[2026-05-23 18:21:50.316] SPIWP:0xee
[2026-05-23 18:21:50.318] mode:DIO, clock div:1
[2026-05-23 18:21:50.326] load:0x3fcd5820,len:0x1574
[2026-05-23 18:21:50.328] load:0x403cc710,len:0xc30
[2026-05-23 18:21:50.334] load:0x403ce710,len:0x2fa0
[2026-05-23 18:21:50.335] entry 0x403cc71a
[2026-05-23 18:21:50.347] I (24) boot: ESP-IDF v5.4.1 2nd stage bootloader
[2026-05-23 18:21:50.357] I (24) boot: compile time May 20 2026 00:05:32
[2026-05-23 18:21:50.357] I (25) boot: chip revision: v0.4
[2026-05-23 18:21:50.357] I (25) boot: efuse block revision: v1.3
[2026-05-23 18:21:50.358] I (25) boot.esp32c3: SPI Speed      : 80MHz
[2026-05-23 18:21:50.358] I (25) boot.esp32c3: SPI Mode       : DIO
[2026-05-23 18:21:50.358] I (26) boot.esp32c3: SPI Flash Size : 2MB
[2026-05-23 18:21:50.359] I (26) boot: Enabling RNG early entropy source...
[2026-05-23 18:21:50.359] I (27) boot: Partition Table:
[2026-05-23 18:21:50.359] I (27) boot: ## Label            Usage          Type ST Offset   Length
[2026-05-23 18:21:50.374] I (28) boot:  0 nvs              WiFi data        01 02 00009000 00006000
[2026-05-23 18:21:50.378] I (29) boot:  1 phy_init         RF data          01 01 0000f000 00001000
[2026-05-23 18:21:50.384] I (29) boot:  2 factory          factory app      00 00 00010000 00100000
[2026-05-23 18:21:50.389] I (30) boot: End of partition table
[2026-05-23 18:21:50.390] I (31) esp_image: segment 0: paddr=00010020 vaddr=3c0a0020 size=1977ch (104316) map
[2026-05-23 18:21:50.394] I (48) esp_image: segment 1: paddr=000297a4 vaddr=3fc95200 size=02da0h ( 11680) load
[2026-05-23 18:21:50.398] I (51) esp_image: segment 2: paddr=0002c54c vaddr=40380000 size=03acch ( 15052) load
[2026-05-23 18:21:50.404] I (54) esp_image: segment 3: paddr=00030020 vaddr=42000020 size=9942ch (627756) map
[2026-05-23 18:21:50.411] I (154) esp_image: segment 4: paddr=000c9454 vaddr=40383acc size=11614h ( 71188) load
[2026-05-23 18:21:50.414] I (168) esp_image: segment 5: paddr=000daa70 vaddr=50000200 size=0001ch (    28) load
[2026-05-23 18:21:50.417] I (175) boot: Loaded app from partition at offset 0x10000
[2026-05-23 18:21:50.419] I (175) boot: Disabling RNG early entropy source...
[2026-05-23 18:21:50.420] I (176) cpu_start: Unicore app
[2026-05-23 18:21:50.425] I (185) cpu_start: Pro cpu start user code
[2026-05-23 18:21:50.428] I (185) cpu_start: cpu freq: 160000000 Hz
[2026-05-23 18:21:50.429] I (185) app_init: Application information:
[2026-05-23 18:21:50.430] I (185) app_init: Project name:     sensor_acquirer
[2026-05-23 18:21:50.431] I (185) app_init: App version:      v1.0-171-gbbe0783
[2026-05-23 18:21:50.437] I (186) app_init: Compile time:     May 23 2026 14:30:31
[2026-05-23 18:21:50.440] I (186) app_init: ELF file SHA256:  493679023...
[2026-05-23 18:21:50.443] I (187) app_init: ESP-IDF:          v5.4.1
[2026-05-23 18:21:50.446] I (187) efuse_init: Min chip rev:     v0.3
[2026-05-23 18:21:50.449] I (188) efuse_init: Max chip rev:     v1.99
[2026-05-23 18:21:50.453] I (188) efuse_init: Chip rev:         v0.4
[2026-05-23 18:21:50.456] I (189) heap_init: Initializing. RAM available for dynamic allocation:
[2026-05-23 18:21:50.460] I (190) heap_init: At 3FC9C340 len 00023CC0 (143 KiB): RAM
[2026-05-23 18:21:50.465] I (190) heap_init: At 3FCC0000 len 0001C710 (113 KiB): Retention RAM
[2026-05-23 18:21:50.468] I (191) heap_init: At 3FCDC710 len 00002950 (10 KiB): Retention RAM
[2026-05-23 18:21:50.469] I (192) heap_init: At 5000021C len 00001DCC (7 KiB): RTCRAM
[2026-05-23 18:21:50.469] I (193) spi_flash: detected chip: generic
[2026-05-23 18:21:50.470] I (193) spi_flash: flash io: dio
[2026-05-23 18:21:50.472] W (194) spi_flash: Detected size(4096k) larger than the size in the binary image header(2048k). Using the size in the binary image header.
[2026-05-23 18:21:50.474] I (195) sleep_gpio: Configure to isolate all GPIO pins in sleep state
[2026-05-23 18:21:50.475] I (196) sleep_gpio: Enable automatic switching of GPIO sleep configuration
[2026-05-23 18:21:50.476] I (197) main_task: Started on CPU0
[2026-05-23 18:21:50.476] I (197) main_task: Calling app_main()
[2026-05-23 18:21:50.477] WCAN_CFG_WAIT v=1
# UART boot config sent: wcan v=1 role=sensor transport=BROADCAST test_duration_ms=30000 host_wait_time_ms=5000 base=0xd0 count=1 hz=1000 linger=100
[2026-05-23 18:21:50.478] WCAN_CFG_WAIT v=1
[2026-05-23 18:21:52.937] WCAN_CFG_ACK
[2026-05-23 18:21:52.937] WCAN_CFG_ACK
[2026-05-23 18:21:52.942] I (2883) pp: pp rom version: 9387209
[2026-05-23 18:21:52.943] I (2884) net80211: net80211 rom version: 9387209
[2026-05-23 18:21:52.944] I (2885) wifi:wifi driver task: 3fca77a4, prio:23, stack:6656, core=0
[2026-05-23 18:21:52.948] I (2889) wifi:wifi firmware version: 79fa3f41ba
[2026-05-23 18:21:52.948] I (2889) wifi:wifi certification version: v7.0
[2026-05-23 18:21:52.949] I (2889) wifi:config NVS flash: enabled
[2026-05-23 18:21:52.950] I (2889) wifi:config nano formatting: disabled
[2026-05-23 18:21:52.951] I (2890) wifi:Init data frame dynamic rx buffer num: 32
[2026-05-23 18:21:52.952] I (2890) wifi:Init static rx mgmt buffer num: 5
[2026-05-23 18:21:52.953] I (2891) wifi:Init management short buffer num: 32
[2026-05-23 18:21:52.955] I (2891) wifi:Init dynamic tx buffer num: 32
[2026-05-23 18:21:52.956] I (2892) wifi:Init static tx FG buffer num: 2
[2026-05-23 18:21:52.956] I (2892) wifi:Init static rx buffer size: 1600
[2026-05-23 18:21:52.958] I (2893) wifi:Init static rx buffer num: 10
[2026-05-23 18:21:52.959] I (2893) wifi:Init dynamic rx buffer num: 32
[2026-05-23 18:21:52.959] I (2894) wifi_init: rx ba win: 6
[2026-05-23 18:21:52.960] I (2895) wifi_init: accept mbox: 6
[2026-05-23 18:21:52.961] I (2895) wifi_init: tcpip mbox: 32
[2026-05-23 18:21:52.961] I (2895) wifi_init: udp mbox: 6
[2026-05-23 18:21:52.962] I (2895) wifi_init: tcp mbox: 6
[2026-05-23 18:21:52.963] I (2896) wifi_init: tcp tx win: 5760
[2026-05-23 18:21:52.964] I (2896) wifi_init: tcp rx win: 5760
[2026-05-23 18:21:52.965] I (2897) wifi_init: tcp mss: 1440
[2026-05-23 18:21:52.966] I (2897) wifi_init: WiFi IRAM OP enabled
[2026-05-23 18:21:52.967] I (2897) wifi_init: WiFi RX IRAM OP enabled
[2026-05-23 18:21:52.969] I (2898) phy_init: phy_version 1200,2b7123f9,Feb 18 2025,15:22:21
[2026-05-23 18:21:52.992] I (2933) wifi:mode : sta (54:32:04:8c:0b:8c)
[2026-05-23 18:21:52.992] I (2933) wifi:enable tsf
[2026-05-23 18:21:52.995] I (2936) ESPNOW: espnow [version: 2.0] init
[2026-05-23 18:21:52.996] WCAN_TEST_READY role=sensor
# Waiting for phased test start
# UART test start sent: WCAN_TEST_START at 2026-05-23T18:21:53.009339
[2026-05-23 18:21:53.826] P(FAIL):3570:d0:0:0:100:101
[2026-05-23 18:21:54.149] P(FAIL):3893:d0:1:101:201:101
[2026-05-23 18:21:54.604] P(FAIL):4348:d0:8:808:908:101
[2026-05-23 18:21:55.042] P(FAIL):4786:d0:12:1212:1312:101
[2026-05-23 18:21:55.513] P(FAIL):5257:d0:17:1717:1817:101
[2026-05-23 18:21:55.919] P(FAIL):5663:d0:21:2121:2221:101
[2026-05-23 18:21:56.397] P(FAIL):6141:d0:25:2525:2625:101
[2026-05-23 18:21:56.861] P(FAIL):6605:d0:30:3030:3130:101
[2026-05-23 18:21:57.210] P(FAIL):6954:d0:35:3535:3635:101
[2026-05-23 18:21:57.633] P(FAIL):7377:d0:38:3838:3938:101
[2026-05-23 18:21:58.134] P(FAIL):7878:d0:43:4343:4443:101
[2026-05-23 18:21:58.643] P(FAIL):8387:d0:48:4848:4948:101
[2026-05-23 18:21:58.992] P(FAIL):8736:d0:52:5252:5352:101
[2026-05-23 18:21:59.934] P(FAIL):9678:d0:60:6060:6160:101
[2026-05-23 18:22:00.343] P(FAIL):10087:d0:65:6565:6665:101
[2026-05-23 18:22:01.313] P(FAIL):11057:d0:75:7575:7675:101
[2026-05-23 18:22:01.727] P(FAIL):11471:d0:79:7979:8079:101
[2026-05-23 18:22:02.175] P(FAIL):11919:d0:83:8383:8483:101
[2026-05-23 18:22:02.979] P(FAIL):12723:d0:91:9191:9291:101
[2026-05-23 18:22:03.427] P(FAIL):13171:d0:96:9696:9796:101
[2026-05-23 18:22:03.915] P(FAIL):13659:d0:100:10100:10200:101
[2026-05-23 18:22:04.306] P(FAIL):14050:d0:102:10302:10402:101
[2026-05-23 18:22:04.740] P(FAIL):14484:d0:106:10706:10806:101
[2026-05-23 18:22:05.246] P(FAIL):14990:d0:113:11413:11513:101
[2026-05-23 18:22:05.672] P(FAIL):15416:d0:118:11918:12018:101
[2026-05-23 18:22:06.129] P(FAIL):15873:d0:122:12322:12422:101
[2026-05-23 18:22:06.499] P(FAIL):16242:d0:126:12726:12826:101
[2026-05-23 18:22:06.904] P(FAIL):16648:d0:130:13130:13230:101
[2026-05-23 18:22:07.367] P(FAIL):17111:d0:134:13534:13634:101
[2026-05-23 18:22:08.170] P(FAIL):17914:d0:143:14443:14543:101
[2026-05-23 18:22:08.763] P(FAIL):18508:d0:148:14948:15048:101
[2026-05-23 18:22:09.383] P(FAIL):19127:d0:154:15554:15654:101
[2026-05-23 18:22:09.838] P(FAIL):19582:d0:159:16059:16159:101
[2026-05-23 18:22:10.261] P(FAIL):20005:d0:163:16463:16563:101
[2026-05-23 18:22:11.073] P(FAIL):20817:d0:171:17271:17371:101
[2026-05-23 18:22:11.462] P(FAIL):21206:d0:175:17675:17775:101
[2026-05-23 18:22:11.863] P(FAIL):21607:d0:179:18079:18179:101
[2026-05-23 18:22:12.226] P(FAIL):21970:d0:183:18483:18583:101
[2026-05-23 18:22:12.645] P(FAIL):22390:d0:187:18887:18987:101
[2026-05-23 18:22:13.079] P(FAIL):22823:d0:191:19291:19391:101
[2026-05-23 18:22:13.473] P(FAIL):23217:d0:195:19695:19795:101
[2026-05-23 18:22:13.929] P(FAIL):23673:d0:199:20099:20199:101
[2026-05-23 18:22:14.426] P(FAIL):24170:d0:204:20604:20704:101
[2026-05-23 18:22:14.717] P(FAIL):24461:d0:205:20705:20805:101
[2026-05-23 18:22:15.111] P(FAIL):24855:d0:208:21008:21108:101
[2026-05-23 18:22:15.457] P(FAIL):25201:d0:213:21513:21613:101
[2026-05-23 18:22:16.230] P(FAIL):25974:d0:223:22523:22623:101
[2026-05-23 18:22:23.349] P(FAIL):33093:d0:293:29593:29693:101
[2026-05-23 18:22:24.149] P(FAIL):33893:d0:294:29694:29794:101
[2026-05-23 18:22:24.325] WCAN_BATCH id=0xd0 count=298 avg_hz=9.90 avg_points=100.67 min_points=2 max_points=101 avg_interval_ms=101.00 min_interval_ms=100.88 max_interval_ms=101.11 avg_dispatch_ms=5.18 max_dispatch_ms=12.81 dispatched_count=443 avg_queue_wait_ms=141.79 max_queue_wait_ms=598.79
[2026-05-23 18:22:24.326] WCAN_SENSOR_END generated=29998 avg_hz=1000.00
[2026-05-23 18:22:24.333] WCAN_MEASURES elapsed_ms=29999 heap_start_free=126648 heap_end_free=141280 heap_start_min_free=124496 heap_end_min_free=123820 heap_start_largest=98304 heap_end_largest=98304 airtime_us_total=2288396 packets_sent_total=443 sensor_send_failures_total=0
[2026-05-23 18:22:24.334] WCAN_TEST_END role=sensor

# Monitor stopped: 2026-05-23T18:22:24.334641
