# Monitor started: 2026-05-23T18:21:50.258226
# Port: /dev/ttyACM1, Baud: 921600, Timeout: 35.000s after WCAN_TEST_START

# UART boot config: wcan v=1 role=sensor transport=BROADCAST test_duration_ms=30000 host_wait_time_ms=5000 base=0xe0 count=1 hz=1000 linger=100
[2026-05-23 18:21:50.270] ESP-ROM:esp32c3-api1-20210207
[2026-05-23 18:21:50.275] Build:Feb  7 2021
[2026-05-23 18:21:50.290] rst:0x15 (USB_UART_CHIP_RESET),boot:0xd (SPI_FAST_FLASH_BOOT)
[2026-05-23 18:21:50.296] Saved PC:0x40384eba
[2026-05-23 18:21:50.301] SPIWP:0xee
[2026-05-23 18:21:50.306] mode:DIO, clock div:1
[2026-05-23 18:21:50.315] load:0x3fcd5820,len:0x1574
[2026-05-23 18:21:50.319] load:0x403cc710,len:0xc30
[2026-05-23 18:21:50.321] load:0x403ce710,len:0x2fa0
[2026-05-23 18:21:50.326] entry 0x403cc71a
[2026-05-23 18:21:50.329] I (24) boot: ESP-IDF v5.4.1 2nd stage bootloader
[2026-05-23 18:21:50.333] I (24) boot: compile time May 20 2026 00:05:32
[2026-05-23 18:21:50.336] I (25) boot: chip revision: v0.4
[2026-05-23 18:21:50.339] I (25) boot: efuse block revision: v1.3
[2026-05-23 18:21:50.347] I (25) boot.esp32c3: SPI Speed      : 80MHz
[2026-05-23 18:21:50.364] I (25) boot.esp32c3: SPI Mode       : DIO
[2026-05-23 18:21:50.365] I (26) boot.esp32c3: SPI Flash Size : 2MB
[2026-05-23 18:21:50.374] I (26) boot: Enabling RNG early entropy source...
[2026-05-23 18:21:50.375] I (27) boot: Partition Table:
[2026-05-23 18:21:50.381] I (27) boot: ## Label            Usage          Type ST Offset   Length
[2026-05-23 18:21:50.387] I (28) boot:  0 nvs              WiFi data        01 02 00009000 00006000
[2026-05-23 18:21:50.391] I (29) boot:  1 phy_init         RF data          01 01 0000f000 00001000
[2026-05-23 18:21:50.401] I (29) boot:  2 factory          factory app      00 00 00010000 00100000
[2026-05-23 18:21:50.402] I (30) boot: End of partition table
[2026-05-23 18:21:50.405] I (31) esp_image: segment 0: paddr=00010020 vaddr=3c0a0020 size=1977ch (104316) map
[2026-05-23 18:21:50.408] I (48) esp_image: segment 1: paddr=000297a4 vaddr=3fc95200 size=02da0h ( 11680) load
[2026-05-23 18:21:50.410] I (51) esp_image: segment 2: paddr=0002c54c vaddr=40380000 size=03acch ( 15052) load
[2026-05-23 18:21:50.421] I (54) esp_image: segment 3: paddr=00030020 vaddr=42000020 size=9942ch (627756) map
[2026-05-23 18:21:50.423] I (154) esp_image: segment 4: paddr=000c9454 vaddr=40383acc size=11614h ( 71188) load
[2026-05-23 18:21:50.433] I (168) esp_image: segment 5: paddr=000daa70 vaddr=50000200 size=0001ch (    28) load
[2026-05-23 18:21:50.435] I (175) boot: Loaded app from partition at offset 0x10000
[2026-05-23 18:21:50.436] I (175) boot: Disabling RNG early entropy source...
[2026-05-23 18:21:50.440] I (176) cpu_start: Unicore app
[2026-05-23 18:21:50.443] I (185) cpu_start: Pro cpu start user code
[2026-05-23 18:21:50.446] I (185) cpu_start: cpu freq: 160000000 Hz
[2026-05-23 18:21:50.450] I (185) app_init: Application information:
[2026-05-23 18:21:50.454] I (185) app_init: Project name:     sensor_acquirer
[2026-05-23 18:21:50.455] I (185) app_init: App version:      v1.0-171-gbbe0783
[2026-05-23 18:21:50.457] I (186) app_init: Compile time:     May 23 2026 14:30:31
[2026-05-23 18:21:50.459] I (187) app_init: ELF file SHA256:  493679023...
[2026-05-23 18:21:50.460] I (187) app_init: ESP-IDF:          v5.4.1
[2026-05-23 18:21:50.461] I (188) efuse_init: Min chip rev:     v0.3
[2026-05-23 18:21:50.462] I (188) efuse_init: Max chip rev:     v1.99
[2026-05-23 18:21:50.463] I (189) efuse_init: Chip rev:         v0.4
[2026-05-23 18:21:50.464] I (189) heap_init: Initializing. RAM available for dynamic allocation:
[2026-05-23 18:21:50.466] I (190) heap_init: At 3FC9C340 len 00023CC0 (143 KiB): RAM
[2026-05-23 18:21:50.468] I (190) heap_init: At 3FCC0000 len 0001C710 (113 KiB): Retention RAM
[2026-05-23 18:21:50.469] I (191) heap_init: At 3FCDC710 len 00002950 (10 KiB): Retention RAM
[2026-05-23 18:21:50.470] I (192) heap_init: At 5000021C len 00001DCC (7 KiB): RTCRAM
[2026-05-23 18:21:50.471] I (194) spi_flash: detected chip: generic
[2026-05-23 18:21:50.472] I (194) spi_flash: flash io: dio
[2026-05-23 18:21:50.474] W (194) spi_flash: Detected size(4096k) larger than the size in the binary image header(2048k). Using the size in the binary image header.
[2026-05-23 18:21:50.475] I (196) sleep_gpio: Configure to isolate all GPIO pins in sleep state
[2026-05-23 18:21:50.477] I (196) sleep_gpio: Enable automatic switching of GPIO sleep configuration
[2026-05-23 18:21:50.477] I (197) main_task: Started on CPU0
[2026-05-23 18:21:50.478] I (197) main_task: Calling app_main()
[2026-05-23 18:21:50.478] WCAN_CFG_WAIT v=1
# UART boot config sent: wcan v=1 role=sensor transport=BROADCAST test_duration_ms=30000 host_wait_time_ms=5000 base=0xe0 count=1 hz=1000 linger=100
[2026-05-23 18:21:50.478] WCAN_CFG_WAIT v=1
[2026-05-23 18:21:52.938] WCAN_CFG_ACK
[2026-05-23 18:21:52.938] WCAN_CFG_ACK
[2026-05-23 18:21:52.943] I (2884) pp: pp rom version: 9387209
[2026-05-23 18:21:52.944] I (2885) net80211: net80211 rom version: 9387209
[2026-05-23 18:21:52.945] I (2886) wifi:wifi driver task: 3fca7720, prio:23, stack:6656, core=0
[2026-05-23 18:21:52.949] I (2890) wifi:wifi firmware version: 79fa3f41ba
[2026-05-23 18:21:52.950] I (2890) wifi:wifi certification version: v7.0
[2026-05-23 18:21:52.951] I (2890) wifi:config NVS flash: enabled
[2026-05-23 18:21:52.951] I (2890) wifi:config nano formatting: disabled
[2026-05-23 18:21:52.953] I (2891) wifi:Init data frame dynamic rx buffer num: 32
[2026-05-23 18:21:52.954] I (2891) wifi:Init static rx mgmt buffer num: 5
[2026-05-23 18:21:52.955] I (2892) wifi:Init management short buffer num: 32
[2026-05-23 18:21:52.956] I (2892) wifi:Init dynamic tx buffer num: 32
[2026-05-23 18:21:52.957] I (2893) wifi:Init static tx FG buffer num: 2
[2026-05-23 18:21:52.958] I (2893) wifi:Init static rx buffer size: 1600
[2026-05-23 18:21:52.958] I (2894) wifi:Init static rx buffer num: 10
[2026-05-23 18:21:52.959] I (2894) wifi:Init dynamic rx buffer num: 32
[2026-05-23 18:21:52.960] I (2895) wifi_init: rx ba win: 6
[2026-05-23 18:21:52.961] I (2896) wifi_init: accept mbox: 6
[2026-05-23 18:21:52.962] I (2896) wifi_init: tcpip mbox: 32
[2026-05-23 18:21:52.962] I (2896) wifi_init: udp mbox: 6
[2026-05-23 18:21:52.963] I (2896) wifi_init: tcp mbox: 6
[2026-05-23 18:21:52.964] I (2897) wifi_init: tcp tx win: 5760
[2026-05-23 18:21:52.965] I (2897) wifi_init: tcp rx win: 5760
[2026-05-23 18:21:52.966] I (2898) wifi_init: tcp mss: 1440
[2026-05-23 18:21:52.967] I (2898) wifi_init: WiFi IRAM OP enabled
[2026-05-23 18:21:52.968] I (2898) wifi_init: WiFi RX IRAM OP enabled
[2026-05-23 18:21:52.969] I (2899) phy_init: phy_version 1200,2b7123f9,Feb 18 2025,15:22:21
[2026-05-23 18:21:52.992] I (2933) wifi:mode : sta (74:4d:bd:e1:d5:b8)
[2026-05-23 18:21:52.993] I (2934) wifi:enable tsf
[2026-05-23 18:21:52.995] I (2937) ESPNOW: espnow [version: 2.0] init
[2026-05-23 18:21:52.997] WCAN_TEST_READY role=sensor
# Waiting for phased test start
# UART test start sent: WCAN_TEST_START at 2026-05-23T18:21:53.009299
[2026-05-23 18:21:59.458] P(FAIL):9202:e0:56:5656:5756:101
[2026-05-23 18:21:59.870] P(FAIL):9614:e0:60:6060:6160:101
[2026-05-23 18:22:02.594] P(FAIL):12338:e0:87:8787:8887:101
[2026-05-23 18:22:03.070] P(FAIL):12814:e0:91:9191:9291:101
[2026-05-23 18:22:04.717] P(FAIL):14461:e0:108:10908:11008:101
[2026-05-23 18:22:06.476] P(FAIL):16220:e0:126:12726:12826:101
[2026-05-23 18:22:07.812] P(FAIL):17555:e0:139:14039:14139:101
[2026-05-23 18:22:10.602] P(FAIL):20346:e0:167:16867:16967:101
[2026-05-23 18:22:15.138] P(FAIL):24882:e0:211:21311:21411:101
[2026-05-23 18:22:15.484] P(FAIL):25228:e0:212:21412:21512:101
[2026-05-23 18:22:15.908] P(FAIL):25652:e0:213:21513:21613:101
[2026-05-23 18:22:23.583] P(FAIL):33328:e0:293:29661:29761:101
[2026-05-23 18:22:24.325] WCAN_BATCH id=0xe0 count=297 avg_hz=9.88 avg_points=100.78 min_points=35 max_points=101 avg_interval_ms=101.23 min_interval_ms=100.94 max_interval_ms=169.04 avg_dispatch_ms=4.77 max_dispatch_ms=12.65 dispatched_count=331 avg_queue_wait_ms=58.96 max_queue_wait_ms=881.78
[2026-05-23 18:22:24.327] WCAN_SENSOR_END generated=29998 avg_hz=1000.00
[2026-05-23 18:22:24.328] S(FAIL):34063:e0:0:22523:22590:68
[2026-05-23 18:22:24.335] WCAN_MEASURES elapsed_ms=29999 heap_start_free=126780 heap_end_free=141412 heap_start_min_free=124628 heap_end_min_free=123952 heap_start_largest=98304 heap_end_largest=98304 airtime_us_total=1574580 packets_sent_total=331 sensor_send_failures_total=68
[2026-05-23 18:22:24.335] WCAN_TEST_END role=sensor

# Monitor stopped: 2026-05-23T18:22:24.335445
