# Monitor started: 2026-05-23T20:20:49.626457
# Port: /dev/ttyACM0, Baud: 921600, Timeout: 35.000s after WCAN_TEST_START

# UART boot config: wcan v=1 role=sensor transport=MULTICAST test_duration_ms=30000 host_wait_time_ms=5000 base=0xd0 count=3 hz=750 linger=100
[2026-05-23 20:20:49.637] ESP-ROM:esp32c3-api1-20210207
[2026-05-23 20:20:49.643] Build:Feb  7 2021
[2026-05-23 20:20:49.661] rst:0x15 (USB_UART_CHIP_RESET),boot:0xd (SPI_FAST_FLASH_BOOT)
[2026-05-23 20:20:49.669] Saved PC:0x40384eba
[2026-05-23 20:20:49.675] SPIWP:0xee
[2026-05-23 20:20:49.687] mode:DIO, clock div:1
[2026-05-23 20:20:49.698] load:0x3fcd5820,len:0x1574
[2026-05-23 20:20:49.704] load:0x403cc710,len:0xc30
[2026-05-23 20:20:49.710] load:0x403ce710,len:0x2fa0
[2026-05-23 20:20:49.715] entry 0x403cc71a
[2026-05-23 20:20:49.720] I (24) boot: ESP-IDF v5.4.1 2nd stage bootloader
[2026-05-23 20:20:49.730] I (24) boot: compile time May 19 2026 23:41:33
[2026-05-23 20:20:49.739] I (25) boot: chip revision: v0.4
[2026-05-23 20:20:49.747] I (25) boot: efuse block revision: v1.3
[2026-05-23 20:20:49.757] I (25) boot.esp32c3: SPI Speed      : 80MHz
[2026-05-23 20:20:49.763] I (25) boot.esp32c3: SPI Mode       : DIO
[2026-05-23 20:20:49.767] I (26) boot.esp32c3: SPI Flash Size : 2MB
[2026-05-23 20:20:49.769] I (26) boot: Enabling RNG early entropy source...
[2026-05-23 20:20:49.770] I (27) boot: Partition Table:
[2026-05-23 20:20:49.773] I (27) boot: ## Label            Usage          Type ST Offset   Length
[2026-05-23 20:20:49.775] I (28) boot:  0 nvs              WiFi data        01 02 00009000 00006000
[2026-05-23 20:20:49.777] I (29) boot:  1 phy_init         RF data          01 01 0000f000 00001000
[2026-05-23 20:20:49.779] I (29) boot:  2 factory          factory app      00 00 00010000 00100000
[2026-05-23 20:20:49.780] I (30) boot: End of partition table
[2026-05-23 20:20:49.782] I (31) esp_image: segment 0: paddr=00010020 vaddr=3c0a0020 size=19850h (104528) map
[2026-05-23 20:20:49.784] I (48) esp_image: segment 1: paddr=00029878 vaddr=3fc95000 size=02da0h ( 11680) load
[2026-05-23 20:20:49.786] I (51) esp_image: segment 2: paddr=0002c620 vaddr=40380000 size=039f8h ( 14840) load
[2026-05-23 20:20:49.787] I (54) esp_image: segment 3: paddr=00030020 vaddr=42000020 size=990b4h (626868) map
[2026-05-23 20:20:49.788] I (154) esp_image: segment 4: paddr=000c90dc vaddr=403839f8 size=114f8h ( 70904) load
[2026-05-23 20:20:49.792] I (168) esp_image: segment 5: paddr=000da5dc vaddr=50000200 size=0001ch (    28) load
[2026-05-23 20:20:49.796] I (174) boot: Loaded app from partition at offset 0x10000
[2026-05-23 20:20:49.798] I (175) boot: Disabling RNG early entropy source...
[2026-05-23 20:20:49.801] I (176) cpu_start: Unicore app
[2026-05-23 20:20:49.804] I (185) cpu_start: Pro cpu start user code
[2026-05-23 20:20:49.806] I (185) cpu_start: cpu freq: 160000000 Hz
[2026-05-23 20:20:49.806] I (185) app_init: Application information:
[2026-05-23 20:20:49.809] I (185) app_init: Project name:     sensor_acquirer
[2026-05-23 20:20:49.812] I (185) app_init: App version:      v1.0-171-gbbe0783
[2026-05-23 20:20:49.813] I (186) app_init: Compile time:     May 23 2026 14:30:40
[2026-05-23 20:20:49.814] I (186) app_init: ELF file SHA256:  0e7d705e7...
[2026-05-23 20:20:49.816] I (187) app_init: ESP-IDF:          v5.4.1
[2026-05-23 20:20:49.821] I (187) efuse_init: Min chip rev:     v0.3
[2026-05-23 20:20:49.822] I (188) efuse_init: Max chip rev:     v1.99
[2026-05-23 20:20:49.823] I (188) efuse_init: Chip rev:         v0.4
[2026-05-23 20:20:49.829] I (189) heap_init: Initializing. RAM available for dynamic allocation:
[2026-05-23 20:20:49.832] I (190) heap_init: At 3FC9C130 len 00023ED0 (143 KiB): RAM
[2026-05-23 20:20:49.833] I (190) heap_init: At 3FCC0000 len 0001C710 (113 KiB): Retention RAM
[2026-05-23 20:20:49.834] I (191) heap_init: At 3FCDC710 len 00002950 (10 KiB): Retention RAM
[2026-05-23 20:20:49.836] I (192) heap_init: At 5000021C len 00001DCC (7 KiB): RTCRAM
[2026-05-23 20:20:49.837] I (193) spi_flash: detected chip: generic
[2026-05-23 20:20:49.837] I (193) spi_flash: flash io: dio
[2026-05-23 20:20:49.839] W (194) spi_flash: Detected size(4096k) larger than the size in the binary image header(2048k). Using the size in the binary image header.
[2026-05-23 20:20:49.840] I (195) sleep_gpio: Configure to isolate all GPIO pins in sleep state
[2026-05-23 20:20:49.844] I (196) sleep_gpio: Enable automatic switching of GPIO sleep configuration
[2026-05-23 20:20:49.847] I (197) main_task: Started on CPU0
[2026-05-23 20:20:49.848] I (197) main_task: Calling app_main()
[2026-05-23 20:20:49.849] WCAN_CFG_WAIT v=1
# UART boot config sent: wcan v=1 role=sensor transport=MULTICAST test_duration_ms=30000 host_wait_time_ms=5000 base=0xd0 count=3 hz=750 linger=100
[2026-05-23 20:20:49.849] WCAN_CFG_WAIT v=1
[2026-05-23 20:20:52.289] WCAN_CFG_ACK
[2026-05-23 20:20:52.289] WCAN_CFG_ACK
[2026-05-23 20:20:52.298] I (2867) pp: pp rom version: 9387209
[2026-05-23 20:20:52.305] I (2868) net80211: net80211 rom version: 9387209
[2026-05-23 20:20:52.314] I (2869) wifi:wifi driver task: 3fca7594, prio:23, stack:6656, core=0
[2026-05-23 20:20:52.320] I (2873) wifi:wifi firmware version: 79fa3f41ba
[2026-05-23 20:20:52.323] I (2873) wifi:wifi certification version: v7.0
[2026-05-23 20:20:52.326] I (2873) wifi:config NVS flash: enabled
[2026-05-23 20:20:52.327] I (2874) wifi:config nano formatting: disabled
[2026-05-23 20:20:52.329] I (2874) wifi:Init data frame dynamic rx buffer num: 32
[2026-05-23 20:20:52.332] I (2875) wifi:Init static rx mgmt buffer num: 5
[2026-05-23 20:20:52.334] I (2875) wifi:Init management short buffer num: 32
[2026-05-23 20:20:52.336] I (2876) wifi:Init dynamic tx buffer num: 32
[2026-05-23 20:20:52.338] I (2876) wifi:Init static tx FG buffer num: 2
[2026-05-23 20:20:52.339] I (2877) wifi:Init static rx buffer size: 1600
[2026-05-23 20:20:52.341] I (2877) wifi:Init static rx buffer num: 10
[2026-05-23 20:20:52.342] I (2878) wifi:Init dynamic rx buffer num: 32
[2026-05-23 20:20:52.344] I (2879) wifi_init: rx ba win: 6
[2026-05-23 20:20:52.345] I (2879) wifi_init: accept mbox: 6
[2026-05-23 20:20:52.346] I (2879) wifi_init: tcpip mbox: 32
[2026-05-23 20:20:52.346] I (2879) wifi_init: udp mbox: 6
[2026-05-23 20:20:52.347] I (2880) wifi_init: tcp mbox: 6
[2026-05-23 20:20:52.348] I (2880) wifi_init: tcp tx win: 5760
[2026-05-23 20:20:52.348] I (2880) wifi_init: tcp rx win: 5760
[2026-05-23 20:20:52.349] I (2881) wifi_init: tcp mss: 1440
[2026-05-23 20:20:52.350] I (2881) wifi_init: WiFi IRAM OP enabled
[2026-05-23 20:20:52.351] I (2882) wifi_init: WiFi RX IRAM OP enabled
[2026-05-23 20:20:52.352] I (2882) phy_init: phy_version 1200,2b7123f9,Feb 18 2025,15:22:21
[2026-05-23 20:20:52.353] I (2916) wifi:mode : sta (54:32:04:8c:0b:8c)
[2026-05-23 20:20:52.353] I (2917) wifi:enable tsf
[2026-05-23 20:20:52.354] I (2920) ESPNOW: espnow [version: 2.0] init
[2026-05-23 20:20:52.355] WCAN_TEST_READY role=sensor
# Waiting for phased test start
# UART test start sent: WCAN_TEST_START at 2026-05-23T20:20:52.366754
[2026-05-23 20:21:22.704] WCAN_BATCH id=0xd0 count=296 avg_hz=9.87 avg_points=76.00 min_points=76 max_points=76 avg_interval_ms=101.31 min_interval_ms=101.25 max_interval_ms=101.37 avg_dispatch_ms=4.56 max_dispatch_ms=25.67 dispatched_count=296 avg_queue_wait_ms=0.15 max_queue_wait_ms=0.28
[2026-05-23 20:21:22.720] WCAN_BATCH id=0xd1 count=296 avg_hz=9.87 avg_points=76.00 min_points=76 max_points=76 avg_interval_ms=101.31 min_interval_ms=101.26 max_interval_ms=101.38 avg_dispatch_ms=8.45 max_dispatch_ms=33.07 dispatched_count=296 avg_queue_wait_ms=4.77 max_queue_wait_ms=25.87
[2026-05-23 20:21:22.733] WCAN_BATCH id=0xd2 count=296 avg_hz=9.87 avg_points=76.00 min_points=76 max_points=76 avg_interval_ms=101.31 min_interval_ms=101.26 max_interval_ms=101.38 avg_dispatch_ms=7.77 max_dispatch_ms=24.07 dispatched_count=296 avg_queue_wait_ms=13.30 max_queue_wait_ms=37.32
[2026-05-23 20:21:22.735] WCAN_SENSOR_END generated=22504 avg_hz=750.19
[2026-05-23 20:21:22.743] WCAN_MEASURES elapsed_ms=29999 heap_start_free=66296 heap_end_free=78044 heap_start_min_free=66296 heap_end_min_free=63676 heap_start_largest=47104 heap_end_largest=47104 airtime_us_total=6139481 packets_sent_total=888 sensor_send_failures_total=0
[2026-05-23 20:21:22.744] WCAN_TEST_END role=sensor

# Monitor stopped: 2026-05-23T20:21:22.744477
